08-13 16:19:49.464  5736  5771 D VRI[InstrumentationActivityInvoker$EmptyActivity]@2b9c58c: Received frameDrawingCallback syncResult=0 frameNum=1.
08-13 16:19:49.464  2127  2334 I VRI[test]@922f836: performConfigurationChange setNightDimText nightDimLevel=0
08-13 16:19:49.465  5736  5771 I VRI[InstrumentationActivityInvoker$EmptyActivity]@2b9c58c: mWNT: t=0xb4000076090d7a90 mBlastBufferQueue=0xb4000075190b3f30 fn= 1 HdrRenderState mRenderHdrSdrRatio=1.0 caller= android.view.ViewRootImpl$11.onFrameDraw:15016 android.view.ThreadedRenderer$1.onFrameDraw:761 <bottom of call stack>
08-13 16:19:49.465  5736  5771 I VRI[InstrumentationActivityInvoker$EmptyActivity]@2b9c58c: Setting up sync and frameCommitCallback
08-13 16:19:49.465  2127  2334 D VRI[test]@922f836: mThreadedRenderer.initialize() mSurface={isValid=true 0xb4000075e953b290} hwInitialized=true
08-13 16:19:49.467  2127  2334 D VRI[test]@922f836: reportNextDraw android.view.ViewRootImpl.performTraversals:5193 android.view.ViewRootImpl.doTraversal:3708 android.view.ViewRootImpl$TraversalRunnable.run:12542 android.view.Choreographer$CallbackRecord.run:1751 android.view.Choreographer$CallbackRecord.run:1760
08-13 16:19:49.467  2127  2334 D VRI[test]@922f836: Setup new sync=wmsSync-VRI[test]@922f836#86
08-13 16:19:49.467  2127  2334 I VRI[test]@922f836: Creating new active sync group VRI[test]@922f836#87
08-13 16:19:49.469  5736  5756 I BLASTBufferQueue: [VRI[InstrumentationActivityInvoker$EmptyActivity]@2b9c58c#3](f:0,a:0,s:0) onFrameAvailable the first frame is available
08-13 16:19:49.470  5736  5756 I VRI[InstrumentationActivityInvoker$EmptyActivity]@2b9c58c: Received frameCommittedCallback lastAttemptedDrawFrameNum=1 didProduceBuffer=true
08-13 16:19:49.471  1111  1162 I SurfaceFlinger: [com.example.cupcake.test/androidx.test.core.app.InstrumentationActivityInvoker$EmptyActivity$_5736#233637] setTransactionState with the first frame. bufferData(ID: 24635932409868, frameNumber: 1)
08-13 16:19:49.473  2127  2127 I {OngoingActivityController}: onTaskFocusChanged focused:true, baseActivity:ComponentInfo{com.example.cupcake.test/androidx.test.core.app.InstrumentationActivityInvoker$EmptyActivity}
08-13 16:19:49.475  5736  5756 D HWUI    : CFMS:: SetUp Pid : 5736    Tid : 5756
08-13 16:19:49.476  5736  5736 D VRI[InstrumentationActivityInvoker$EmptyActivity]@2b9c58c: reportDrawFinished seqId=0
08-13 16:19:49.476  2127  2334 D VRI[test]@922f836: registerCallbacksForSync syncBuffer=false
08-13 16:19:49.477  2127  2127 I {OngoingActivityDataHelper}: setBaseActivityComponentName:ComponentInfo{com.example.cupcake.test/androidx.test.core.app.InstrumentationActivityInvoker$EmptyActivity}
08-13 16:19:49.478  2127  2127 D NavigationBar: onSystemBarAttributesChanged() -  displayId:0, appearance:16, packageName: com.example.cupcake.test (APPEARANCE_LIGHT_NAVIGATION_BARS ), navbarColorManagedByIme:false
08-13 16:19:49.479  1062  6020 I HYPER-HAL: [RequestManager.cpp]releaseLocked(): Released ID : 9607551
08-13 16:19:49.483  2127  2937 D VRI[test]@922f836: Received frameDrawingCallback syncResult=0 frameNum=1.
08-13 16:19:49.483  2127  2937 I VRI[test]@922f836: mWNT: t=0xb4000076091bea90 mBlastBufferQueue=0xb4000075190dc930 fn= 1 HdrRenderState mRenderHdrSdrRatio=1.0 caller= android.view.ViewRootImpl$11.onFrameDraw:15016 android.view.ThreadedRenderer$1.onFrameDraw:761 <bottom of call stack>
08-13 16:19:49.483  2127  2937 I VRI[test]@922f836: Setting up sync and frameCommitCallback
08-13 16:19:49.488  2127  2390 I BLASTBufferQueue: [VRI[test]@922f836#13524](f:0,a:0,s:0) onFrameAvailable the first frame is available
08-13 16:19:49.489  1282  4402 I SemDvfsHyPerManager: acquire hyper - AMS_APP_HOME/1282@27, type = -999
08-13 16:19:49.490  1111  1223 I SurfaceFlinger: [Splash Screen com.example.cupcake.test$_2127#233640] setTransactionState with the first frame. bufferData(ID: 9135395538173, frameNumber: 1)
08-13 16:19:49.491  2127  2390 I VRI[test]@922f836: Received frameCommittedCallback lastAttemptedDrawFrameNum=1 didProduceBuffer=true
08-13 16:19:49.491  2127  2390 D HWUI    : CFMS:: SetUp Pid : 2127    Tid : 2390
08-13 16:19:49.492  1062  1149 I HYPER-HAL: [RequestManager.cpp]acquire(): Acquired ID : 857422  [1282 / 27]    HINT : AMS_APP_HOME    list :
08-13 16:19:49.492  1282  4402 D InputDispatcher: Focused application(0): ActivityRecord{b3168b5 u0 com.sec.android.app.launcher/.activities.LauncherActivity t6}
08-13 16:19:49.493  2127  2334 D VRI[test]@922f836: reportDrawFinished seqId=0
08-13 16:19:49.493  2742  2742 I VRI[LauncherActivity]@3489192: handleAppVisibility mAppVisible = false visible = true
08-13 16:19:49.493  1111  1730 I SurfaceFlinger: id=233641 createSurf, flag=24000, Surface(name=8a94d40 NavigationBar0)/@0x65d636d - animation-leash of insets_animation#233641
08-13 16:19:49.495  1111  1223 I SurfaceFlinger: id=233642 createSurf, flag=24000, Surface(name=e0324bb StatusBar)/@0x8487ff0 - animation-leash of insets_animation#233642
08-13 16:19:49.499  4917  4917 I InputMethodService: removeImeSurface
08-13 16:19:49.499  4917  4917 I InputMethodService: cancelImeSurfaceRemoval: removeCallbacks
08-13 16:19:49.500  1282  1967 D AS.MultiSoundManager: mForegroundUid = 10132
08-13 16:19:49.500  1111  1111 I SurfaceFlinger: [Surface(name=8a94d40 NavigationBar0)/@0x65d636d - animation-leash of insets_animation#233641] attach to parent LayerHierarchy{RequestedLayerState{WindowToken{4aa5472 type=2019 android.os.BinderProxy@bd187d4}#87 parentId=31} 3 children}
08-13 16:19:49.500  1111  1111 I SurfaceFlinger: [Surface(name=e0324bb StatusBar)/@0x8487ff0 - animation-leash of insets_animation#233642] attach to parent LayerHierarchy{RequestedLayerState{WindowToken{b8fcd4a type=2000 android.os.BinderProxy@ecaaeec}#94 parentId=19} 3 children}
08-13 16:19:49.502  2127  2127 D NavigationBar: onSystemBarAttributesChanged() -  displayId:0, appearance:528, packageName: com.example.cupcake (APPEARANCE_LIGHT_NAVIGATION_BARS ), navbarColorManagedByIme:false
08-13 16:19:49.504  4368  4368 I SemDvfsHyPerManager: acquire hyper - APP_START_HOME/4368@15, type = -999
08-13 16:19:49.504  2742  2742 I VRI[LauncherActivity]@3489192: stopped(false) old = true
08-13 16:19:49.505  1062  1149 I HYPER-HAL: [RequestManager.cpp]acquire(): Acquired ID : 9607551  [4368 / 15]    HINT : APP_START    list : [KERNEL_APP_START_NOTIFY / 0] [TIMEOUT / 1500]
08-13 16:19:49.505  2742  2742 I HoneySpace.Launcher: !@Boot_EBS_D: Launcher.onStart()
08-13 16:19:49.509  5596  5596 I InsetsSourceConsumer: applyRequestedVisibilityToControl: visible=true, type=navigationBars, host=com.example.cupcake/androidx.activity.ComponentActivity
08-13 16:19:49.509  1111  1111 I SurfaceFlinger: [LayerHierarchy{RequestedLayerState{8a94d40 NavigationBar0#88 parentId=233641} 1 children}] reparent to LayerHierarchy{RequestedLayerState{Surface(name=8a94d40 NavigationBar0)/@0x65d636d - animation-leash of insets_animation#233641 parentId=87} 1 children}
08-13 16:19:49.509  1111  1111 I SurfaceFlinger: [LayerHierarchy{RequestedLayerState{e0324bb StatusBar#95 parentId=233642} 1 children}] reparent to LayerHierarchy{RequestedLayerState{Surface(name=e0324bb StatusBar)/@0x8487ff0 - animation-leash of insets_animation#233642 parentId=94} 1 children}
08-13 16:19:49.509  1111  1111 I SurfaceFlinger: [LayerHierarchy{RequestedLayerState{Surface(name=e0324bb StatusBar)/@0x8487ff0 - animation-leash of insets_animation#233628} no children}] reparent to OffscreenRoot
08-13 16:19:49.509  1111  1111 I SurfaceFlinger: [LayerHierarchy{RequestedLayerState{Surface(name=e0324bb StatusBar)/@0x8487ff0 - animation-leash of insets_animation#233628} no children}] RelativeParent to null
08-13 16:19:49.509  1111  1111 I SurfaceFlinger: [LayerHierarchy{RequestedLayerState{Surface(name=8a94d40 NavigationBar0)/@0x65d636d - animation-leash of insets_animation#233627} no children}] reparent to OffscreenRoot
08-13 16:19:49.509  1111  1111 I SurfaceFlinger: [LayerHierarchy{RequestedLayerState{Surface(name=8a94d40 NavigationBar0)/@0x65d636d - animation-leash of insets_animation#233627} no children}] RelativeParent to null
08-13 16:19:49.509  1111  1111 I SurfaceFlinger: [LayerHierarchy{RequestedLayerState{Surface(name=8a94d40 NavigationBar0)/@0x65d636d - animation-leash of insets_animation#233638} no children}] reparent to OffscreenRoot
08-13 16:19:49.509  1111  1111 I SurfaceFlinger: [LayerHierarchy{RequestedLayerState{Surface(name=8a94d40 NavigationBar0)/@0x65d636d - animation-leash of insets_animation#233638} no children}] RelativeParent to null
08-13 16:19:49.509  1111  1111 I SurfaceFlinger: [LayerHierarchy{RequestedLayerState{Surface(name=e0324bb StatusBar)/@0x8487ff0 - animation-leash of insets_animation#233639} no children}] reparent to OffscreenRoot
08-13 16:19:49.509  1111  1111 I SurfaceFlinger: [LayerHierarchy{RequestedLayerState{Surface(name=e0324bb StatusBar)/@0x8487ff0 - animation-leash of insets_animation#233639} no children}] RelativeParent to null
08-13 16:19:49.510  2742  2742 I HoneySpace.Launcher: !@Boot_EBS_D: Launcher.onResume()
08-13 16:19:49.510  5596  5596 I InsetsSourceConsumer: applyRequestedVisibilityToControl: visible=true, type=statusBars, host=com.example.cupcake/androidx.activity.ComponentActivity
08-13 16:19:49.511  1111  1111 I SurfaceFlinger: id=233639 Removed Surface(name=e0324bb StatusBar)/@0x8487ff0 - animation-leash of insets_animation#233639 (172)
08-13 16:19:49.511  1111  1111 I SurfaceFlinger: id=233638 Removed Surface(name=8a94d40 NavigationBar0)/@0x65d636d - animation-leash of insets_animation#233638 (172)
08-13 16:19:49.511  1111  1111 I SurfaceFlinger: id=233627 Removed Surface(name=8a94d40 NavigationBar0)/@0x65d636d - animation-leash of insets_animation#233627 (172)
08-13 16:19:49.511  1111  1730 I SurfaceFlinger: id=233628 Removed Surface(name=e0324bb StatusBar)/@0x8487ff0 - animation-leash of insets_animation#233628 (172)
08-13 16:19:49.512  2742  2742 I HoneySpace.Launcher: updateLauncherShowing false -> true
08-13 16:19:49.512  2742  2742 I HoneySpace.ShellTransitionManager: myHomeResumed
08-13 16:19:49.512  2742  2742 I HoneySpace.CapturedBlurManager: capturedBlurView: resume(25347631)
08-13 16:19:49.513  2742  2742 I HoneySpace.ResumeTimer: last resume updated : 308420098
08-13 16:19:49.513  2742  1824 I HoneySpace.PredictionDataSourceImpl: requestPredictionUpdate 0 true
08-13 16:19:49.513  2742  2101 I HoneySpace.Memory-Monitor: cancelTrimIfNeeded
08-13 16:19:49.513  2742  1824 I HoneySpace.PredictionDataSourceImpl: requestPredictionUpdate 1 true
08-13 16:19:49.514  2742  2742 I HoneySpace.StackedWidgetFastRecyclerView: playShowAndHideIndicatorAnimation
08-13 16:19:49.514  2742  4826 I HoneySpace.HoneyAppWidgetHost: called startListening, host: @fcf5abe
08-13 16:19:49.514  2742  2742 I HoneySpace.StackedWidgetFastRecyclerView: playShowAndHideIndicatorAnimation
08-13 16:19:49.514  2742  2742 I SearchHoneyPot: onViewCreated: onResume
08-13 16:19:49.514  2742  4826 I AppWidgetHost: semStartListening()
08-13 16:19:49.519  1111  1111 I SurfaceFlinger: destroyed Surface(name=e0324bb StatusBar)/@0x8487ff0 - animation-leash of insets_animation#233628
08-13 16:19:49.519  1111  1111 I SurfaceFlinger: destroyed Surface(name=8a94d40 NavigationBar0)/@0x65d636d - animation-leash of insets_animation#233627
08-13 16:19:49.519  1111  1111 I SurfaceFlinger: destroyed Surface(name=8a94d40 NavigationBar0)/@0x65d636d - animation-leash of insets_animation#233638
08-13 16:19:49.519  1111  1111 I SurfaceFlinger: destroyed Surface(name=e0324bb StatusBar)/@0x8487ff0 - animation-leash of insets_animation#233639
08-13 16:19:49.519  1111  1209 D SurfaceFlinger: [input] setFocusedWindow: 82f3c0b com.example.cupcake.test/androidx.test.core.app.InstrumentationActivityInvoker$EmptyActivity
08-13 16:19:49.519  1111  1209 D SurfaceFlinger: [input] setFocusedWindow: <null>
08-13 16:19:49.519  1282  4402 I AppWidgetServiceImpl: startListening callbacks : com.android.internal.appwidget.IAppWidgetHost$Stub$Proxy@6f7e33a intervalEnsure:760483641 intervalHostLock:760483641 LhostId:HostId{user:0, app:10132, hostId:1024, pkg:com.sec.android.app.launcher}
08-13 16:19:49.519  2742  4826 I HoneySpace.HoneyAppWidgetHost: success hidden_semStartListening - result: true, host: @fcf5abe
08-13 16:19:49.519  1111  1111 I Layer   : id=233638 Destroyed Surface(name=8a94d40 NavigationBar0)/@0x65d636d - animation-leash of insets_animation#233638
08-13 16:19:49.519  1111  1111 I Layer   : id=233639 Destroyed Surface(name=e0324bb StatusBar)/@0x8487ff0 - animation-leash of insets_animation#233639
08-13 16:19:49.519  1111  1111 I Layer   : id=233627 Destroyed Surface(name=8a94d40 NavigationBar0)/@0x65d636d - animation-leash of insets_animation#233627
08-13 16:19:49.519  1111  1111 I Layer   : id=233628 Destroyed Surface(name=e0324bb StatusBar)/@0x8487ff0 - animation-leash of insets_animation#233628
08-13 16:19:49.520  1282  3084 V WindowManager: Relayout Window{c2c214a u0 com.sec.android.app.launcher/com.sec.android.app.launcher.activities.LauncherActivity}: viewVisibility=0 req=1080x2340 ty=1 d0
08-13 16:19:49.520  1111  1163 I SurfaceFlinger: id=233643 createSurf, flag=44004, com.sec.android.app.launcher/com.sec.android.app.launcher.activities.LauncherActivity$_2742#233643
08-13 16:19:49.521  1282  4478 D InputDispatcher: Once focus requested (0): 82f3c0b com.example.cupcake.test/androidx.test.core.app.InstrumentationActivityInvoker$EmptyActivity
08-13 16:19:49.521  1282  4478 D InputDispatcher: Focus request (0): 82f3c0b com.example.cupcake.test/androidx.test.core.app.InstrumentationActivityInvoker$EmptyActivity but waiting because NO_WINDOW
08-13 16:19:49.521  1282  1615 D InputDispatcher: Once focus requested (0): <null>
08-13 16:19:49.522  2742  4789 I HoneySpace.SPayHandler: updateSpayHandler, show = true, defaultPage = true
08-13 16:19:49.523 22781 22781 I bmex    : onStart
08-13 16:19:49.523 22781 22781 I bmex    : onResume
08-13 16:19:49.524  1111  1163 I SurfaceFlinger: id=233644 createSurf, flag=24000, Surface(name=8a94d40 NavigationBar0)/@0x65d636d - animation-leash of insets_animation#233644
08-13 16:19:49.525  1111  1111 I SurfaceFlinger: [com.sec.android.app.launcher/com.sec.android.app.launcher.activities.LauncherActivity$_2742#233643] attach to parent LayerHierarchy{RequestedLayerState{c2c214a com.sec.android.app.launcher/com.sec.android.app.launcher.activities.LauncherActivity#124 parentId=123} 1 children}
08-13 16:19:49.526  1111  1111 I SurfaceFlinger: [Surface(name=8a94d40 NavigationBar0)/@0x65d636d - animation-leash of insets_animation#233644] attach to parent LayerHierarchy{RequestedLayerState{WindowToken{4aa5472 type=2019 android.os.BinderProxy@bd187d4}#87 parentId=31} 2 children}
08-13 16:19:49.527  1111  1732 I SurfaceFlinger: id=233645 createSurf, flag=24000, Surface(name=e0324bb StatusBar)/@0x8487ff0 - animation-leash of insets_animation#233645
08-13 16:19:49.532  1282  3084 I SystemKeyManager: requested systemKeyInfo size=2 focusedWindow=com.sec.android.app.launcher/com.sec.android.app.launcher.activities.LauncherActivity
08-13 16:19:49.533  1282  3084 V WindowManager: Relayout hash=c2c214a, pid=2742, syncId=-1: mAttrs={(0,0)(fillxfill) sim={adjust=nothing forwardNavigation} layoutInDisplayCutoutMode=always ty=BASE_APPLICATION fmt=TRANSPARENT wanim=0x1030301
08-13 16:19:49.533  1282  3084 V WindowManager:   fl=81910100
08-13 16:19:49.533  1282  3084 V WindowManager:   pfl=10008840
08-13 16:19:49.533  1282  3084 V WindowManager:   bhv=2
08-13 16:19:49.533  1282  3084 V WindowManager:   fitSides=0
08-13 16:19:49.533  1282  3084 V WindowManager:   frameRateBoostOnTouch=true
08-13 16:19:49.533  1282  3084 V WindowManager:   dvrrWindowFrameRateHint=true screenDimDuration=200000 naviIconColor=0}
08-13 16:19:49.534  2127  2127 D InterruptionStateProvider:  no Heads up : edgelighting enabled app. 0|com.samsung.android.app.smartcapture|1332|null|10190
08-13 16:19:49.535  1111  1111 I SurfaceFlinger: [Surface(name=e0324bb StatusBar)/@0x8487ff0 - animation-leash of insets_animation#233645] attach to parent LayerHierarchy{RequestedLayerState{WindowToken{b8fcd4a type=2000 android.os.BinderProxy@ecaaeec}#94 parentId=19} 2 children}
08-13 16:19:49.535  2127  2127 D SubscreenNotificationListCoordinator: onAfterRenderList() isSubScreen = false, pluginLockMode = 0, doNotShowOnCover = false
08-13 16:19:49.537  2742  2742 I BLASTBufferQueue_Java: new BLASTBufferQueue, mName= VRI[LauncherActivity]@3489192 mNativeObject= 0xb4000075190eebd0 sc.mNativeObject= 0xb4000076190f0a10 caller= android.view.ViewRootImpl.updateBlastSurfaceIfNeeded:3397 android.view.ViewRootImpl.relayoutWindow:11361 android.view.ViewRootImpl.performTraversals:4544 android.view.ViewRootImpl.doTraversal:3708 android.view.ViewRootImpl$TraversalRunnable.run:12542 android.view.Choreographer$CallbackRecord.run:1751 android.view.Choreographer$CallbackRecord.run:1760 android.view.Choreographer.doCallbacks:1216 android.view.Choreographer.doFrame:1142 android.view.Choreographer$FrameDisplayEventReceiver.run:1707
08-13 16:19:49.537  2742  2742 I BLASTBufferQueue_Java: update, w= 1080 h= 2340 mName = VRI[LauncherActivity]@3489192 mNativeObject= 0xb4000075190eebd0 sc.mNativeObject= 0xb4000076190f0a10 format= -2 caller= android.graphics.BLASTBufferQueue.<init>:88 android.view.ViewRootImpl.updateBlastSurfaceIfNeeded:3397 android.view.ViewRootImpl.relayoutWindow:11361 android.view.ViewRootImpl.performTraversals:4544 android.view.ViewRootImpl.doTraversal:3708 android.view.ViewRootImpl$TraversalRunnable.run:12542
08-13 16:19:49.539  2742  2742 I VRI[LauncherActivity]@3489192: Relayout returned: old=(0,0,1080,2340) new=(0,0,1080,2340) relayoutAsync=false req=(1080,2340)0 dur=16 res=0x3 s={true 0xb4000075e90b94b0} ch=true seqId=0
08-13 16:19:49.542  2742  2742 I VRI[LauncherActivity]@3489192: Creating new active sync group VRI[LauncherActivity]@3489192#67
08-13 16:19:49.543  1282  1444 D PkgPredictorService-SecIpmManagerServiceImpl: onForegroundActivitiesChanged pid:2742 uid:10132
08-13 16:19:49.544  2127  2127 I LockscreenNotificationIconsOnlyController: onNotificationInfoUpdated 0
08-13 16:19:49.544  2127  2127 I AODNotificationManager: updateNotification()
08-13 16:19:49.546  1282  2840 V PkgPredictorService-SecIpmManagerServiceImpl: discard foreground app:com.sec.android.app.launcher 1|true
08-13 16:19:49.548 21624 21938 I Rubin   : [92] U9.g.x(Unknown Source) : Notify com.samsung.android.rubin.inferenceengine.contextanalytics.engine.loggers.AppUsageLogger's database is updated.
08-13 16:19:49.550  1282  1444 D NetworkPolicy: already checked 10132
08-13 16:19:49.551  1111  1111 I SurfaceFlinger: [LayerHierarchy{RequestedLayerState{8a94d40 NavigationBar0#88 parentId=233644} 1 children}] reparent to LayerHierarchy{RequestedLayerState{Surface(name=8a94d40 NavigationBar0)/@0x65d636d - animation-leash of insets_animation#233644 parentId=87} 1 children}
08-13 16:19:49.551  1111  1111 I SurfaceFlinger: [LayerHierarchy{RequestedLayerState{e0324bb StatusBar#95 parentId=233645} 1 children}] reparent to LayerHierarchy{RequestedLayerState{Surface(name=e0324bb StatusBar)/@0x8487ff0 - animation-leash of insets_animation#233645 parentId=94} 1 children}
08-13 16:19:49.551  1111  1111 I SurfaceFlinger: [LayerHierarchy{RequestedLayerState{Surface(name=e0324bb StatusBar)/@0x8487ff0 - animation-leash of insets_animation#233642} no children}] reparent to OffscreenRoot
08-13 16:19:49.551  1111  1111 I SurfaceFlinger: [LayerHierarchy{RequestedLayerState{Surface(name=e0324bb StatusBar)/@0x8487ff0 - animation-leash of insets_animation#233642} no children}] RelativeParent to null
08-13 16:19:49.551  1111  1111 I SurfaceFlinger: [LayerHierarchy{RequestedLayerState{Surface(name=8a94d40 NavigationBar0)/@0x65d636d - animation-leash of insets_animation#233641} no children}] reparent to OffscreenRoot
08-13 16:19:49.551  1111  1111 I SurfaceFlinger: [LayerHierarchy{RequestedLayerState{Surface(name=8a94d40 NavigationBar0)/@0x65d636d - animation-leash of insets_animation#233641} no children}] RelativeParent to null
08-13 16:19:49.551  1244  6944 I CameraService: onUidStateChanged: uid=10222, procState is changed. (5 -> 3)
08-13 16:19:49.552  1244  6944 I CameraService: onUidStateChanged: uid=10219, procState is changed. (5 -> 3)
08-13 16:19:49.555  2127  2127 D NavigationBar: onSystemBarAttributesChanged() -  displayId:0, appearance:16, packageName: com.sec.android.app.launcher (APPEARANCE_LIGHT_NAVIGATION_BARS ), navbarColorManagedByIme:false
08-13 16:19:49.555  2127  2127 D SysUiState: SysUiState changed: old=0x10020000 new=0x10000000
08-13 16:19:49.561  1111  1732 I SurfaceFlinger: id=233641 Removed Surface(name=8a94d40 NavigationBar0)/@0x65d636d - animation-leash of insets_animation#233641 (171)
08-13 16:19:49.561  1111  1162 I SurfaceFlinger: id=233642 Removed Surface(name=e0324bb StatusBar)/@0x8487ff0 - animation-leash of insets_animation#233642 (171)
08-13 16:19:49.563  2127  2369 I WallpaperService: dispatchAppVisibility: system, visible=true , mLidState = -1
08-13 16:19:49.564  2127  2436 I WallpaperService: updateSurface system forceRelayout=false forceReport=false redrawNeeded=false myWidth=-1 myHeight=-1 fixedSize=false x = 0 y = 0 mWidth=-1 mHeight=-1
08-13 16:19:49.564  2127  2436 I WallpaperService: reportVisibility: visibility changed. visible=true
08-13 16:19:49.564  2127  2436 I ImageWallpaper_5[Image]:  onVisibilityChanged: visible=true , displayId=0
08-13 16:19:49.565  2742  2108 I HoneySpace.SystemUiRepository: systemUiFlags: awake
08-13 16:19:49.566  1282  3084 D SyntheticPasswordManager.SDP: Inside fromBytes() - result.pinLength : -1
08-13 16:19:49.566  1282  3084 D SyntheticPasswordManager.SDP: 2. result.secureMode : 0
08-13 16:19:49.566  1111  1111 I SurfaceFlinger: destroyed Surface(name=e0324bb StatusBar)/@0x8487ff0 - animation-leash of insets_animation#233642
08-13 16:19:49.566  1111  1111 I SurfaceFlinger: destroyed Surface(name=8a94d40 NavigationBar0)/@0x65d636d - animation-leash of insets_animation#233641
08-13 16:19:49.567  1111  1111 I Layer   : id=233641 Destroyed Surface(name=8a94d40 NavigationBar0)/@0x65d636d - animation-leash of insets_animation#233641
08-13 16:19:49.567  1111  1111 I Layer   : id=233642 Destroyed Surface(name=e0324bb StatusBar)/@0x8487ff0 - animation-leash of insets_animation#233642
08-13 16:19:49.570  1111  1209 D SurfaceFlinger: [input] setFocusedWindow: c2c214a com.sec.android.app.launcher/com.sec.android.app.launcher.activities.LauncherActivity
08-13 16:19:49.571  2742  2108 I HoneySpace.RecentTasks: onRecentTasksChanged
08-13 16:19:49.573  1282  3084 D InputDispatcher: Once focus requested (0): c2c214a com.sec.android.app.launcher/com.sec.android.app.launcher.activities.LauncherActivity
08-13 16:19:49.573  1282  3084 D InputDispatcher: Focus request (0): c2c214a com.sec.android.app.launcher/com.sec.android.app.launcher.activities.LauncherActivity but waiting because NOT_VISIBLE
08-13 16:19:49.578  2742  4754 I VRI[LauncherActivity]@3489192: mWNT: t=0xb4000076093a0210 mBlastBufferQueue=0xb4000075190eebd0 fn= 1 HdrRenderState mRenderHdrSdrRatio=1.0 caller= android.view.ViewRootImpl$11.onFrameDraw:15016 android.view.ThreadedRenderer$1.onFrameDraw:761 <bottom of call stack>
08-13 16:19:49.578  2742  4754 I VRI[LauncherActivity]@3489192: Setting up sync and frameCommitCallback
08-13 16:19:49.582  2742  4573 I BLASTBufferQueue: [VRI[LauncherActivity]@3489192#6990](f:0,a:0,s:0) onFrameAvailable the first frame is available
08-13 16:19:49.582  2742  2108 I HoneySpace.HistoryViewModel@160600677@OneUI: Illegal access. Unknown type. skip load history items
08-13 16:19:49.582  2742  4573 I VRI[LauncherActivity]@3489192: Received frameCommittedCallback lastAttemptedDrawFrameNum=1 didProduceBuffer=true
08-13 16:19:49.582  1111  1162 I SurfaceFlinger: [com.sec.android.app.launcher/com.sec.android.app.launcher.activities.LauncherActivity$_2742#233643] setTransactionState with the first frame. bufferData(ID: 11776800376920, frameNumber: 1)
08-13 16:19:49.583  2742  2742 I InsetsSourceConsumer: applyRequestedVisibilityToControl: visible=true, type=navigationBars, host=com.sec.android.app.launcher/com.sec.android.app.launcher.activities.LauncherActivity
08-13 16:19:49.584  2742  2742 I InsetsSourceConsumer: applyRequestedVisibilityToControl: visible=true, type=statusBars, host=com.sec.android.app.launcher/com.sec.android.app.launcher.activities.LauncherActivity
08-13 16:19:49.584  2127  2127 E {OngoingActivityController}: getTaskInfo find task 2224 fail. taskInfoList.size:2
08-13 16:19:49.585  2127  2127 I {OngoingActivityController}: onTaskFocusChanged focused:false, baseActivity:null
08-13 16:19:49.585 21624 21938 I Rubin   : [92] com.samsung.android.rubin.inferenceengine.contextanalytics.engine.monitors.moment.exercise.ExercisingWithCmhMonitor.isSatisfiedByCmh(Unknown Source) : isSatisfiedByCmh is false
08-13 16:19:49.586  2742  2887 I HoneySpace.TopTaskSource: onTaskMovedToFront : taskId = 6, displayId = 0
08-13 16:19:49.586  2742  2887 I HoneySpace.TopTaskSource: onTaskFocusChanged(): taskId = 6
08-13 16:19:49.586  2742  2887 I HoneySpace.TopTaskSource: onTaskMovedToFront : taskId = 6, displayId = 0
08-13 16:19:49.586  2742  6184 I HoneySpace.NotificationListener: onNotificationPosted com.samsung.android.app.smartcapture: 0|com.samsung.android.app.smartcapture|1332|null|10190: 0
08-13 16:19:49.587  2742  6184 I HoneySpace.BadgeDataSourceImpl: Get notification count. PK(p='com.samsung.android.app.smartcapture', u=UserHandle{0}) - forceBadgeCount: false, notification listener: 1, badge provider: 0
08-13 16:19:49.587  2742  2889 I HoneySpace.TopTaskUseCase: topTaskId 6, DisplayId : 0
08-13 16:19:49.587  2742  2885 I HoneySpace.TaskbarEventTracker: invokeEvent() called with: event = SystemUiStateChanged(stateFlags=268435456)
08-13 16:19:49.588  2127  2127 I {OngoingActivityController}: onTaskFocusChanged focused:true, baseActivity:ComponentInfo{com.sec.android.app.launcher/com.sec.android.app.launcher.Launcher}
08-13 16:19:49.590  1111  1162 I SurfaceFlinger: id=233646 createSurf, flag=84004, Transition Root: Task=1#233646
08-13 16:19:49.594  1282  1447 I SurfaceControlRegistry: show, t=StartTransaction_SyncId<20532> sc=ActivityRecord{b3168b5 u0 com.sec.android.app.launcher/.activities.LauncherActivity t6}, caller=android.view.SurfaceControl$Transaction.show:3232 com.android.server.wm.Transition.onTransactionReady:2273 com.android.server.wm.BLASTSyncEngine$SyncGroup.finishNow:195 com.android.server.wm.BLASTSyncEngine.onSurfacePlacement:269 com.android.server.wm.RootWindowContainer.performSurfacePlacementNoTrace:459 com.android.server.wm.RootWindowContainer.performSurfacePlacement:9
08-13 16:19:49.595  1282  1447 I SurfaceControlRegistry: show, t=StartTransaction_SyncId<20532> sc=Task=6, caller=android.view.SurfaceControl$Transaction.show:3232 com.android.server.wm.Transition.onTransactionReady:2300 com.android.server.wm.BLASTSyncEngine$SyncGroup.finishNow:195 com.android.server.wm.BLASTSyncEngine.onSurfacePlacement:269 com.android.server.wm.RootWindowContainer.performSurfacePlacementNoTrace:459 com.android.server.wm.RootWindowContainer.performSurfacePlacement:9
08-13 16:19:49.599  1282  1447 D ScreenCapture: [Capture_TEST] : setIsScreenShotBySystem false
08-13 16:19:49.600  2127  2303 I SurfaceControlRegistry: show, t=StartTransaction_SyncId<20532> sc=WallpaperWindowToken{b638ffb token=android.os.Binder@64ddd8a}, caller=android.view.SurfaceControl$Transaction.show:3232 com.android.wm.shell.transition.Transitions.dispatchReady:798 com.android.wm.shell.transition.Transitions.onTransitionReady:244 com.android.wm.shell.transition.Transitions$TransitionPlayerImpl$$ExternalSyntheticLambda0.run:13 android.os.Handler.handleCallback:959 android.os.Handler.dispatchMessage:100
08-13 16:19:49.600  2127  2303 I SurfaceControlRegistry: hide, t=FinishTransaction_SyncId<20532> sc=Task=2223, caller=android.view.SurfaceControl$Transaction.hide:3258 com.android.wm.shell.transition.Transitions.dispatchReady:929 com.android.wm.shell.transition.Transitions.onTransitionReady:244 com.android.wm.shell.transition.Transitions$TransitionPlayerImpl$$ExternalSyntheticLambda0.run:13 android.os.Handler.handleCallback:959 android.os.Handler.dispatchMessage:100
08-13 16:19:49.600  2127  2303 I SurfaceControlRegistry: show, t=StartTransaction_SyncId<20532> sc=Task=1, caller=android.view.SurfaceControl$Transaction.show:3232 com.android.wm.shell.transition.Transitions.dispatchReady:934 com.android.wm.shell.transition.Transitions.onTransitionReady:244 com.android.wm.shell.transition.Transitions$TransitionPlayerImpl$$ExternalSyntheticLambda0.run:13 android.os.Handler.handleCallback:959 android.os.Handler.dispatchMessage:100
08-13 16:19:49.601  2127  2303 I SurfaceControlRegistry: show, t=FinishTransaction_SyncId<20532> sc=Task=1, caller=android.view.SurfaceControl$Transaction.show:3232 com.android.wm.shell.transition.Transitions.dispatchReady:988 com.android.wm.shell.transition.Transitions.onTransitionReady:244 com.android.wm.shell.transition.Transitions$TransitionPlayerImpl$$ExternalSyntheticLambda0.run:13 android.os.Handler.handleCallback:959 android.os.Handler.dispatchMessage:100
08-13 16:19:49.601  2127  2303 I SurfaceControlRegistry: show, t=StartTransaction_SyncId<20532> sc=Transition Root: Task=1, caller=android.view.SurfaceControl$Transaction.show:3232 com.android.wm.shell.transition.Transitions.playTransition:81 com.android.wm.shell.transition.Transitions.processReadyQueue:250 com.android.wm.shell.transition.Transitions.dispatchReady:1007 com.android.wm.shell.transition.Transitions.onTransitionReady:244 com.android.wm.shell.transition.Transitions$TransitionPlayerImpl$$ExternalSyntheticLambda0.run:13
08-13 16:19:49.602  1111  1111 I SurfaceFlinger: [StatusBar$_2127#106] setDefaultFrameRateCompatibility: NoVote
08-13 16:19:49.603  1111  1732 I SurfaceFlinger: id=233647 createSurf, flag=84000, Surface(name=Task=1)/@0x55706d8_transition-leash#233647
08-13 16:19:49.603  2742  5546 I SurfaceControlRegistry: show, t=StartTransaction_SyncId<20532> sc=Task=1, caller=android.view.SurfaceControl$Transaction.show:3232 P.g.a:125 P.g.o:0 P.g.n:0 com.android.systemui.animation.RemoteAnimationTargetCompat.wrap:48 com.android.systemui.animation.RemoteAnimationTargetCompat.wrapApps:10
08-13 16:19:49.604  1111  1730 I SurfaceFlinger: id=233648 createSurf, flag=84000, Surface(name=Task=2223)/@0x35bd516_transition-leash#233648
08-13 16:19:49.604  2742  5546 I SurfaceControlRegistry: show, t=StartTransaction_SyncId<20532> sc=Task=2223, caller=android.view.SurfaceControl$Transaction.show:3232 P.g.a:125 P.g.o:0 P.g.n:0 com.android.systemui.animation.RemoteAnimationTargetCompat.wrap:48 com.android.systemui.animation.RemoteAnimationTargetCompat.wrapApps:10
08-13 16:19:49.605  2742  5546 I SurfaceControlRegistry: apply, t=StartTransaction_SyncId<20532>, caller=android.view.SurfaceControl$Transaction.apply:3135 android.view.SurfaceControl$Transaction.apply:3122 android.view.SurfaceControl$Transaction.apply:3078 com.android.systemui.animation.RemoteAnimationRunnerCompat$1.startAnimation:634 android.window.IRemoteTransition$Stub.onTransact:158 android.os.Binder.execTransactInternal:1541
08-13 16:19:49.605  2742  5546 I HoneySpace.ShellAnimationRunner: [onAnimationStart] appTarget(0) : taskId-1, mode-0
08-13 16:19:49.605  2742  5546 I HoneySpace.ShellAnimationRunner: cookie: -2147483648
08-13 16:19:49.605  2742  5546 I HoneySpace.ShellAnimationRunner: [onAnimationStart] appTarget(1) : taskId-2223, mode-1
08-13 16:19:49.605  2742  2742 I HoneySpace.ShellAnimationRunner: this , com.honeyspace.transition.ShellAnimationRunner@f416450
08-13 16:19:49.605  2742  2742 I HoneySpace.ShellAnimationRunner: finishExistingAnimation, null
08-13 16:19:49.605  2742  2742 I HoneySpace.AppCloseAnimationDelegate: onAnimationStart
08-13 16:19:49.606  2742  2742 I HoneySpace.AppCloseAnimationDelegate: findTargetView() called with: targets = com.honeyspace.transition.remote.RemoteAnimationTargets@32bf86d, centerMostInfo = null
08-13 16:19:49.606  2742  2742 I HoneySpace.AppCloseAnimationDelegate: findTargetValue [cookie--2147483648, pkgName-com.example.cupcake]
08-13 16:19:49.606  2742  2742 I HoneySpace.AppCloseAnimationDelegate: findTargetView found:null, null
08-13 16:19:49.606  2742  2742 I HoneySpace.AppCloseAnimationDelegate: getCloseAnimator : isGestureClosing-true, target-null
08-13 16:19:49.606  2742  2742 I HoneySpace.FloatingAnimator: playerCount : 1
08-13 16:19:49.606  2742  2742 I HoneySpace.FloatingAnimator: [Player:A(49.606)] create
08-13 16:19:49.606  2742  2742 I HoneySpace.AppCloseAnimationDelegate: playFloatingIconAnim, appPlayer: A(49.606)
08-13 16:19:49.606  2742  2742 I HoneySpace.TransitionUtils: [getRotationChange] home-0, app-0
08-13 16:19:49.606  2742  2742 I HoneySpace.TransitionUtils: getWindowTargetBounds: Rect(0, 0 - 1080, 2340)
08-13 16:19:49.606  2742  2742 I HoneySpace.FloatingAnimator: setup no target anim
08-13 16:19:49.606  2742  2742 I HoneySpace.SpringAnimPlayer: [Player:A(49.606)] spring onAnimationStart
08-13 16:19:49.607  2742  2742 I HoneySpace.ContentsAnimator: from : 0.0
08-13 16:19:49.607  2742  2742 I HoneySpace.HoneyScreenManagerImpl: Close floating task bar
08-13 16:19:49.607  2742  2742 I HoneySpace.WorkspaceViewModel: StartContentAnimation, type: AppClose, inProgress: true
08-13 16:19:49.607  2742  2742 I HoneySpace.ContentsAnimator: ContentsAnimator start [59102728]
08-13 16:19:49.607  2742  2742 I HoneySpace.AnimationResult: setAnimation, animation: false
08-13 16:19:49.607  2742 10793 I HoneySpace.WallpaperAnimator: createWallpaperSurface
08-13 16:19:49.607  2742  2742 I HoneySpace.AppTransitionAnimationAwait: proceed 0
08-13 16:19:49.607  2742  2742 I HoneySpace.AppTransitionAnimationAwait: prepare refCnt:1 timeout:800
08-13 16:19:49.607  1111  1111 E SurfaceFlinger: alpha changed 1.000 -> 0.000 - Surface(name=Task=1)/@0x55706d8_transition-leash#233647
08-13 16:19:49.607  1111  1111 I SurfaceFlinger: Layer [Task=1#52] hidden!! flag(0)
08-13 16:19:49.607  1111  1111 I SurfaceFlinger: Layer [f658007 Splash Screen com.example.cupcake.test#233635] hidden!! flag(0)
08-13 16:19:49.607  1111  1111 I SurfaceFlinger: Layer [WallpaperWindowToken{b638ffb token=android.os.Binder@64ddd8a}#74] hidden!! flag(0)
08-13 16:19:49.607  1111  1111 I SurfaceFlinger: Layer [82f3c0b com.example.cupcake.test/and[...]ActivityInvoker$EmptyActivity#233636] hidden!! flag(0)
08-13 16:19:49.607  1111  1111 I SurfaceFlinger: Layer [Task=6#122] hidden!! flag(0)
08-13 16:19:49.607  1111  1111 I SurfaceFlinger: Layer [Transition Root: Task=1#233646] hidden!! flag(0)
08-13 16:19:49.607  1111  1111 I SurfaceFlinger: Layer [ActivityRecord{b3168b5 u0 com.sec.an[...].activities.LauncherActivity t6}#123] hidden!! flag(0)
08-13 16:19:49.607  1111  1111 I SurfaceFlinger: Layer [com.sec.android.app.launcher/com.sec[...]vities.LauncherActivity$_2742#233643] hidden!! flag(0)
08-13 16:19:49.607  1111  1111 I SurfaceFlinger: Layer [com.android.systemui.wallpapers.ImageWallpaper$_2127#81] hidden!! flag(0)
08-13 16:19:49.608  1111  1111 I SurfaceFlinger: [LayerHierarchy{RequestedLayerState{Task=1#52 parentId=233647} 2 children}] reparent to LayerHierarchy{RequestedLayerState{Surface(name=Task=1)/@0x55706d8_transition-leash#233647 parentId=233646 z=4} 1 children}
08-13 16:19:49.608  1111  1111 I SurfaceFlinger: [LayerHierarchy{RequestedLayerState{Task=2223#233618 parentId=233648} 1 children}] reparent to LayerHierarchy{RequestedLayerState{Surface(name=Task=2223)/@0x35bd516_transition-leash#233648 parentId=233646 z=5} 1 children}
08-13 16:19:49.608  1111  1111 I SurfaceFlinger: [Transition Root: Task=1#233646] attach to parent LayerHierarchy{RequestedLayerState{DefaultTaskDisplayArea_d0#11 parentId=10} 8 children}
08-13 16:19:49.608  1111  1111 I SurfaceFlinger: [Surface(name=Task=1)/@0x55706d8_transition-leash#233647] attach to parent LayerHierarchy{RequestedLayerState{Transition Root: Task=1#233646 parentId=11} 1 children}
08-13 16:19:49.608  1111  1111 I SurfaceFlinger: [Surface(name=Task=2223)/@0x35bd516_transition-leash#233648] attach to parent LayerHierarchy{RequestedLayerState{Transition Root: Task=1#233646 parentId=11} 2 children}
08-13 16:19:49.608  2742  2742 I HoneySpace.RectFAnimation: animateToFinalPosition RectF(0.0, 0.0, 1080.0, 2340.0)
08-13 16:19:49.608  2742  2742 I HoneySpace.RectFAnimation: animateToFinalPosition RectF(0.0, 0.0, 1080.0, 2340.0)
08-13 16:19:49.608  2742  2742 I HoneySpace.RectFAnimation: animateToFinalPosition RectF(0.0, 0.0, 1080.0, 2340.0)
08-13 16:19:49.609  2742  4755 I VRI[LauncherActivity]@3489192: mWNT: t=0xb400007609375090 mBlastBufferQueue=0xb4000075190eebd0 fn= 2 HdrRenderState mRenderHdrSdrRatio=1.0 caller= com.android.systemui.shared.launcher.ViewRootImplCompat.mergeWithNextTransaction:4 com.honeyspace.transition.utils.SurfaceTransactionApplier.scheduleApply$lambda$1:26 com.honeyspace.transition.utils.SurfaceTransactionApplier.b:0
08-13 16:19:49.616  1111  1111 E SurfaceFlinger: alpha changed 0.000 -> 1.000 - Surface(name=Task=1)/@0x55706d8_transition-leash#233647
08-13 16:19:49.616  2742  2742 I HoneySpace.RectFAnimation: animateToFinalPosition RectF(0.0, 0.0, 1080.0, 2340.0)
08-13 16:19:49.616  2742  2742 I HoneySpace.RectFAnimation: animateToFinalPosition RectF(0.0, 3.7610474, 1080.0, 2343.761)
08-13 16:19:49.616  2742  2742 I HoneySpace.RectFAnimation: animateToFinalPosition RectF(3.555481, 11.483948, 1076.4446, 2332.9204)
08-13 16:19:49.617  2742  2742 I HoneySpace.RectFAnimation: animateToFinalPosition RectF(3.555481, 11.483948, 1076.4446, 2332.9204)
08-13 16:19:49.618  1111  1730 I SurfaceFlinger: id=233649 createSurf, flag=24000, Surface(name=RemoteWallpaperAnim:1:1)/@0xcc52fc5 - animation-leash of remote_wallpaper#233649
08-13 16:19:49.619  2742  4754 I VRI[LauncherActivity]@3489192: mWNT: t=0xb400007609321950 mBlastBufferQueue=0xb4000075190eebd0 fn= 3 HdrRenderState mRenderHdrSdrRatio=1.0 caller= com.android.systemui.shared.launcher.ViewRootImplCompat.mergeWithNextTransaction:4 com.honeyspace.transition.utils.SurfaceTransactionApplier.scheduleApply$lambda$1:26 com.honeyspace.transition.utils.SurfaceTransactionApplier.b:0
08-13 16:19:49.619  2742 28910 I HoneySpace.RecentTasks: onRecentTasksChanged
08-13 16:19:49.622  1111  1162 I SurfaceFlinger: id=233650 createSurf, flag=24000, Surface(name=82f3c0b com.example.cupcake.test/androidx.test.core.app.InstrumentationActivityInvoker$EmptyActivity)/@0x34b92d8 - animation-leash of starting_reveal#233650
08-13 16:19:49.624  2742  2742 I HoneySpace.RectFAnimation: animateToFinalPosition RectF(3.555481, 23.759033, 1076.4446, 2345.1956)
08-13 16:19:49.624  2742  2742 I HoneySpace.RectFAnimation: animateToFinalPosition RectF(14.666016, 47.817688, 1065.334, 2311.4243)
08-13 16:19:49.625  1111  1111 D SurfaceFlinger: Display 4633128672291735932 HWC layers:
08-13 16:19:49.625  1111  1111 D SurfaceFlinger:        DEVICE |   0xb4000079e28c6110 | 0000 | RGBA_8888    |    0.0    0.0 1080.0 2340.0 |    0    0 1080 2340 | Wallpaper BBQ wrapper 5_system#82 (19)
08-13 16:19:49.625  1111  1111 D SurfaceFlinger:        DEVICE |   0xb4000079e28e30d0 | 0001 | RGBA_8888    |    0.0    0.0 1080.0 2340.0 |    0    0 1080 2340 | com.sec.android.app.launcher/com.sec[...]vities.LauncherActivity$_2742#233643 (2)
08-13 16:19:49.625  1111  1111 D SurfaceFlinger:        CLIENT |   0xb4000079e28e6a90 | 0001 | RGBA_8888    |    0.0    0.0 1080.0 2340.0 |    0    0 1080 2340 | com.example.cupcake/androidx.activity.ComponentActivity$_5596#233626 (28)
08-13 16:19:49.625  1111  1111 D SurfaceFlinger:        DEVICE |   0xb4000079e28ca710 | 0001 | RGBA_8888    |    0.0    0.0 1080.0   80.0 |    0    0 1080   80 | StatusBar$_2127#106 (79414)
08-13 16:19:49.625  1111  1111 D SurfaceFlinger:        DEVICE |   0xb4000079e29075d0 | 0001 | RGBA_8888    |    0.0    0.0 1080.0  135.0 |    0 2205 1080 2340 | NavigationBar0$_2127#101 (129794)
08-13 16:19:49.625  1111  1111 D SurfaceFlinger:        DEVICE |   0xb4000079e289e790 | 0001 | RGBA_8888    |    0.0  249.0 1034.0  827.0 |   46    0 1080  578 | $_4855#233489 (384)
08-13 16:19:49.625  1111  1111 D SurfaceFlinger:
08-13 16:19:49.625  2742  2742 I HoneySpace.RectFAnimation: animateToFinalPosition RectF(14.666016, 47.817688, 1065.334, 2311.4243)
08-13 16:19:49.626  1111  1111 I SurfaceFlinger: [Surface(name=RemoteWallpaperAnim:1:1)/@0xcc52fc5 - animation-leash of remote_wallpaper#233649] attach to parent LayerHierarchy{RequestedLayerState{OneHanded:0:14#4 parentId=3} 5 children}
08-13 16:19:49.626  1111  1111 I SurfaceFlinger: [Surface(name=82f3c0b com.example.cupcake.test/androidx.test.core.app.InstrumentationActivityInvoker$EmptyActivity)/@0x34b92d8 - animation-leash of starting_reveal#233650] attach to parent LayerHierarchy{RequestedLayerState{ActivityRecord{a9de0f u0 com.example.cupcake.test/androidx.test.core.app.InstrumentationActivityInvoker$EmptyActivity t2224}#233634 parentId=233633} 3 children}
08-13 16:19:49.626  1282  4376 D InputDispatcher: Focus entered window (0): c2c214a com.sec.android.app.launcher/com.sec.android.app.launcher.activities.LauncherActivity
08-13 16:19:49.628  2742  4755 I VRI[LauncherActivity]@3489192: mWNT: t=0xb4000076092c8550 mBlastBufferQueue=0xb4000075190eebd0 fn= 4 HdrRenderState mRenderHdrSdrRatio=1.0 caller= com.android.systemui.shared.launcher.ViewRootImplCompat.mergeWithNextTransaction:4 com.honeyspace.transition.utils.SurfaceTransactionApplier.scheduleApply$lambda$1:26 com.honeyspace.transition.utils.SurfaceTransactionApplier.b:0
08-13 16:19:49.630  2742  2742 I InputMethodManager: startInputInner - IInputMethodManagerGlobalInvoker.startInputOrWindowGainedFocus
08-13 16:19:49.632  2127  2127 I {OngoingActivityDataHelper}: setBaseActivityComponentName:ComponentInfo{com.sec.android.app.launcher/com.sec.android.app.launcher.Launcher}
08-13 16:19:49.633  2127  2127 D NavigationBar: onSystemBarAttributesChanged() -  displayId:0, appearance:0, packageName: com.sec.android.app.launcher, navbarColorManagedByIme:false
08-13 16:19:49.633  1282  1696 I ImeTracker: com.sec.android.app.launcher:8e5fe9a4: onRequestHide at ORIGIN_SERVER reason HIDE_UNSPECIFIED_WINDOW fromUser false
08-13 16:19:49.634  2742  2742 I HoneySpace.RectFAnimation: animateToFinalPosition RectF(14.666016, 67.16821, 1065.334, 2330.775)
08-13 16:19:49.634  2742  2742 I HoneySpace.RectFAnimation: animateToFinalPosition RectF(31.337524, 103.131714, 1048.6625, 2280.293)
08-13 16:19:49.634  1282  1696 I ImeTracker: com.sec.android.app.launcher:8e5fe9a4: onCancelled at PHASE_SERVER_SHOULD_HIDE
08-13 16:19:49.638  1282  1696 D InputTransport: Input channel constructed: 'ClientS', fd=1025
08-13 16:19:49.639  1282  1696 D InputTransport: Input channel destroyed: 'ClientS', fd=1025
08-13 16:19:49.639  1282  3084 I AccessibilityManagerService: semIsAccessibilityServiceEnabled()
08-13 16:19:49.640  1282  4371 I AccessibilityManagerService: semIsAccessibilityServiceEnabled()
08-13 16:19:49.640  5596  5596 D InputTransport: Input channel destroyed: 'ClientS', fd=146
08-13 16:19:49.640  1282  3179 I AccessibilityManagerService: semIsAccessibilityServiceEnabled()
08-13 16:19:49.641  2127  2303 D ShellTaskOrganizer: removeStartingWindow, removalInfo=StartingWindowRemovalInfo{taskId=2224 frame=Rect(0, 0 - 1080, 2340) playRevealAnimation=true roundedCornerRadius=0.0 deferRemoveMode=0 windowlessSurface=false removeImmediately=false}
08-13 16:19:49.642  4917  4917 I HBD     : HoneyBoardService onFinishInput
08-13 16:19:49.643  2742  2742 I HoneySpace.RectFAnimation: animateToFinalPosition RectF(31.337524, 128.22272, 1048.6625, 2305.384)
08-13 16:19:49.643  2742  2742 I HoneySpace.RectFAnimation: animateToFinalPosition RectF(51.911835, 172.42877, 1028.0881, 2243.332)
08-13 16:19:49.643  4917  4917 I HBD     : a IC have been unbinding,  RemoteInputConnection{idHash=#9764b0}
08-13 16:19:49.643  4917  4917 I HBD     : HoneyBoardService [PF_CL][onFinishInput]  1 ms
08-13 16:19:49.644  4917  4917 I HBD     : HoneyBoardService [IMI] onStartInput - caller pid : 2742 , caller uid : 10132
08-13 16:19:49.644  4917  4917 I HBD     : t updateConfigs
08-13 16:19:49.644  4917  4917 I HBD     : t isEnabledNightMode : true
08-13 16:19:49.644  4917  4917 I HBD     : a IC have been binding, RemoteInputConnection{idHash=#143af29}
08-13 16:19:49.644  4917  4917 I HBD     : g [EditorInputType]setPrivateImeOptionsToTable privateImeOptions ( null )
08-13 16:19:49.644  4917  4917 I HBD     : b incognitoMode : false
08-13 16:19:49.644  2742  4754 I VRI[LauncherActivity]@3489192: mWNT: t=0xb4000076092c1fd0 mBlastBufferQueue=0xb4000075190eebd0 fn= 5 HdrRenderState mRenderHdrSdrRatio=1.0 caller= com.android.systemui.shared.launcher.ViewRootImplCompat.mergeWithNextTransaction:4 com.honeyspace.transition.utils.SurfaceTransactionApplier.scheduleApply$lambda$1:26 com.honeyspace.transition.utils.SurfaceTransactionApplier.b:0
08-13 16:19:49.644  4917  4917 I HBD     : b needOff = true , isForceOff = false, isNullInputClass : true
08-13 16:19:49.644  4917  4917 I HBD     : g getDefaultInputRange : UNKNOWN
08-13 16:19:49.644  4917  4917 I HBD     : g getDefaultInputRange : UNKNOWN
08-13 16:19:49.644  4917  4917 I HBD     : g getDefaultInputRange : UNKNOWN
08-13 16:19:49.645  4917  4917 I HBD     : b needOff = true , isForceOff = false, isNullInputClass : true
08-13 16:19:49.645  4917  4917 I HBD     : b update cached prediction status : false
08-13 16:19:49.645  4917  4917 I HBD     : g getDefaultInputRange : UNKNOWN
08-13 16:19:49.645  4917  4917 I HBD     : a currentState : 0
08-13 16:19:49.646  4917  4917 I HBD     : a [UpdatePolicy] [post] a: 0 cl: 4325376 kit: [0/26] vt: 0 ir: 1
08-13 16:19:49.647  2742 28910 I HoneySpace.HistoryViewModel@160600677@OneUI: Illegal access. Unknown type. skip load history items
08-13 16:19:49.648  1111  1162 I SurfaceFlinger: id=233651 createSurf, flag=24004, Surface(name=39a4c69 InputMethod)/@0x97414dd - animation-leash of insets_animation#233651
08-13 16:19:49.655  2127  2938 I VRI[test]@922f836: mWNT: t=0xb40000760924d810 mBlastBufferQueue=0xb4000075190dc930 fn= 2 HdrRenderState mRenderHdrSdrRatio=1.0 caller= android.view.SyncRtSurfaceTransactionApplier.applyTransaction:96 android.view.SyncRtSurfaceTransactionApplier.lambda$scheduleApply$0:69 android.view.SyncRtSurfaceTransactionApplier.$r8$lambda$afI4fXg3U3-nBZQEDQMiNy-B06s:0
08-13 16:19:49.655  2127  2938 I VRI[test]@922f836: mWNT: t=0xb40000760924bf90 mBlastBufferQueue=0xb4000075190dc930 fn= 2 HdrRenderState mRenderHdrSdrRatio=1.0 caller= android.view.SyncRtSurfaceTransactionApplier.applyTransaction:96 android.view.SyncRtSurfaceTransactionApplier.lambda$scheduleApply$0:69 android.view.SyncRtSurfaceTransactionApplier.$r8$lambda$afI4fXg3U3-nBZQEDQMiNy-B06s:0
08-13 16:19:49.656  2742  2742 I HoneySpace.RectFAnimation: animateToFinalPosition RectF(51.911835, 216.44476, 1028.0881, 2287.3481)
08-13 16:19:49.656  2742  2742 I HoneySpace.RectFAnimation: animateToFinalPosition RectF(85.89465, 288.9878, 994.10535, 2185.5195)
08-13 16:19:49.656  4917  4917 I HBD     : a [NRIC] resetNoResponseState
08-13 16:19:49.656  4917  4917 I HBD     : b needOff = true , isForceOff = false, isNullInputClass : true
08-13 16:19:49.656  4917  4917 I HBD     : b update cached prediction status : false
08-13 16:19:49.656  4917  4917 I HBD     : c [AiWriter] setContact : com.sec.android.app.launcher
08-13 16:19:49.656  4917  4917 I HBD     : a [AiWriter] setContact : com.sec.android.app.launcher
08-13 16:19:49.656  4917  4917 I HBD     : b needOff = true , isForceOff = false, isNullInputClass : true
08-13 16:19:49.656  4917  4917 I HBD     : b getTBC , flag: 1 , start: 0 , end: 0 , length: 0 , composingLength: 0 , isKCC: false
08-13 16:19:49.657  2742  4755 I VRI[LauncherActivity]@3489192: mWNT: t=0xb4000076092b7ed0 mBlastBufferQueue=0xb4000075190eebd0 fn= 6 HdrRenderState mRenderHdrSdrRatio=1.0 caller= com.android.systemui.shared.launcher.ViewRootImplCompat.mergeWithNextTransaction:4 com.honeyspace.transition.utils.SurfaceTransactionApplier.scheduleApply$lambda$1:26 com.honeyspace.transition.utils.SurfaceTransactionApplier.b:0
08-13 16:19:49.659  1282  1447 I SurfaceControl: apply, lowDebugName=startRemoteWallpaperAnimation_120380859 CreateStartingRevealAnim, caller=android.view.SurfaceControl$Transaction.apply:3122 android.view.SurfaceControl$Transaction.apply:3078 com.android.server.wm.WindowAnimator.animate:380 com.android.server.wm.WindowAnimator$$ExternalSyntheticLambda1.doFrame:14 android.view.Choreographer$CallbackRecord.run:1749 android.view.Choreographer$CallbackRecord.run:1760
08-13 16:19:49.659  2127  2937 I VRI[test]@922f836: mWNT: t=0xb400007609215f10 mBlastBufferQueue=0xb4000075190dc930 fn= 3 HdrRenderState mRenderHdrSdrRatio=1.0 caller= android.view.SyncRtSurfaceTransactionApplier.applyTransaction:96 android.view.SyncRtSurfaceTransactionApplier.lambda$scheduleApply$0:69 android.view.SyncRtSurfaceTransactionApplier.$r8$lambda$afI4fXg3U3-nBZQEDQMiNy-B06s:0
08-13 16:19:49.660  1111  1111 I SurfaceFlinger: Layer [com.example.cupcake.test/androidx.te[...]tyInvoker$EmptyActivity$_5736#233637] hidden!! flag(0)
08-13 16:19:49.660  1111  1111 I SurfaceFlinger: Layer [Task=2224#233633] hidden!! flag(0)
08-13 16:19:49.660  1111  1111 I SurfaceFlinger: [LayerHierarchy{RequestedLayerState{RemoteWallpaperAnim:1:1#7 parentId=233649 z=1} 1 children}] reparent to LayerHierarchy{RequestedLayerState{Surface(name=RemoteWallpaperAnim:1:1)/@0xcc52fc5 - animation-leash of remote_wallpaper#233649 parentId=4} 1 children}
08-13 16:19:49.660  1111  1111 I SurfaceFlinger: [LayerHierarchy{RequestedLayerState{ImeContainer#16 parentId=123 relativeParentId=124 z=1} 1 children}] reparent to LayerHierarchy{RequestedLayerState{ActivityRecord{b3168b5 u0 com.sec.android.app.launcher/.activities.LauncherActivity t6}#123 parentId=122} 3 children}
