08-13 16:19:46.130  4917  4917 I HBD     : g updateSelectedLanguageCache is succeeded. Turkish
08-13 16:19:46.131  4917  5980 I HBD     : h writeToFile complete
08-13 16:19:46.132  2742  4754 I VRI[LauncherActivity]@3489192: mWNT: t=0xb400007609274a90 mBlastBufferQueue=0xb4000075191a0790 fn= 20 HdrRenderState mRenderHdrSdrRatio=1.0 caller= com.android.systemui.shared.launcher.ViewRootImplCompat.mergeWithNextTransaction:4 com.honeyspace.transition.utils.SurfaceTransactionApplier.scheduleApply$lambda$1:26 com.honeyspace.transition.utils.SurfaceTransactionApplier.b:0
08-13 16:19:46.133  4917  4917 I HBD     : h writeToFile path : /data/user/0/com.samsung.android.honeyboard/files/selected.json
08-13 16:19:46.133  4917  4917 I HBD     : h writeToFile json : {"version":"4.1","currentLanguageOrder":0,"selected":[{"activeOptionList":["auto_replace","auto_spacing"],"bilingualId":-1,"engName":"Turkish","id":4325376,"inputType":"turkish_qwerty","isUsed":true,"isUsedBilingual":false}]}
08-13 16:19:46.133  4917  5982 I HBD     : h Write selected lang for DE
08-13 16:19:46.133  4917  5982 I HBD     : h writeToFile path : /data/user_de/0/com.samsung.android.honeyboard/files/selected.json
08-13 16:19:46.133  4917  5982 I HBD     : h writeToFile json : {"version":"4.1","currentLanguageOrder":0,"selected":[{"activeOptionList":["auto_replace","auto_spacing"],"bilingualId":-1,"engName":"Turkish","id":4325376,"inputType":"turkish_qwerty","isUsed":true,"isUsedBilingual":false}]}
08-13 16:19:46.137  4917  4917 I HBD     : h writeToFile complete
08-13 16:19:46.139  4917  5983 I HBD     : h Write selected lang for DE
08-13 16:19:46.139  4917  4917 I HBD     : a [UpdatePolicy] [post] a: 31 cl: 4325376 kit: [0/26] vt: 0 ir: 1
08-13 16:19:46.139  4917  5983 I HBD     : h writeToFile path : /data/user_de/0/com.samsung.android.honeyboard/files/selected.json
08-13 16:19:46.139  4917  5983 I HBD     : h writeToFile json : {"version":"4.1","currentLanguageOrder":0,"selected":[{"activeOptionList":["auto_replace","auto_spacing"],"bilingualId":-1,"engName":"Turkish","id":4325376,"inputType":"turkish_qwerty","isUsed":true,"isUsedBilingual":false}]}
08-13 16:19:46.139  4917  4917 I HBD     : HoneyBoardService [PF_OP][onStartInput]  126 ms
08-13 16:19:46.139  4917  4917 I InputMethodService: scheduleImeSurfaceRemoval: removeImeSurface is posted.
08-13 16:19:46.140  1282  4402 D SecContentProvider: query(), uri = 17 selection = isSettingsChangesAllowed
08-13 16:19:46.142  2742  2742 I HoneySpace.RectFAnimation: animateToFinalPosition RectF(423.01834, 1640.3292, 656.9817, 1918.2189)
08-13 16:19:46.142  2742  2742 I HoneySpace.RectFAnimation: animateToFinalPosition RectF(430.27625, 1652.1229, 649.72375, 1901.6642)
08-13 16:19:46.143  1282  4376 D SecContentProvider: query(), uri = 17 selection = isSettingsChangesAllowed
08-13 16:19:46.144  2742  4755 I VRI[LauncherActivity]@3489192: mWNT: t=0xb4000076091cf9d0 mBlastBufferQueue=0xb4000075191a0790 fn= 21 HdrRenderState mRenderHdrSdrRatio=1.0 caller= com.android.systemui.shared.launcher.ViewRootImplCompat.mergeWithNextTransaction:4 com.honeyspace.transition.utils.SurfaceTransactionApplier.scheduleApply$lambda$1:26 com.honeyspace.transition.utils.SurfaceTransactionApplier.b:0
08-13 16:19:46.144  4917 27871 I HBD     : h [SKE_SPECIFIC] specific model[com.sec.android.app.launcher] loaded, 3466500 ns
08-13 16:19:46.145  2782  3390 I EPDG -- SIM0 [SMARTWIFI]: isProfiling, hash=209119329, started=false
08-13 16:19:46.148  1282  4402 D SecContentProvider: query(), uri = 17 selection = isSettingsChangesAllowed
08-13 16:19:46.148  1282  4376 D SecContentProvider: query(), uri = 17 selection = isSettingsChangesAllowed
08-13 16:19:46.149  4917 31142 I HBD     : p updated Sub Types. Turkish
08-13 16:19:46.149  4917 25832 I HBD     : p updated Sub Types. Turkish
08-13 16:19:46.149  4917  5982 I HBD     : h writeToFile complete
08-13 16:19:46.150  4917  5981 I HBD     : h writeToFile complete
08-13 16:19:46.152  4917  5986 I HBD     : a InputMethodSubtype is set as local:tr
08-13 16:19:46.152  4917  5985 I HBD     : a InputMethodSubtype is set as local:tr
08-13 16:19:46.154  2742  4754 I VRI[LauncherActivity]@3489192: mWNT: t=0xb40000760915f650 mBlastBufferQueue=0xb4000075191a0790 fn= 22 HdrRenderState mRenderHdrSdrRatio=1.0 caller= com.android.systemui.shared.launcher.ViewRootImplCompat.mergeWithNextTransaction:4 com.honeyspace.transition.utils.SurfaceTransactionApplier.scheduleApply$lambda$1:26 com.honeyspace.transition.utils.SurfaceTransactionApplier.b:0
08-13 16:19:46.155  2742  2742 I HoneySpace.RectFAnimation: animateToFinalPosition RectF(430.27625, 1673.2432, 649.72375, 1922.7844)
08-13 16:19:46.155  2742  2742 I HoneySpace.RectFAnimation: animateToFinalPosition RectF(436.8075, 1683.2064, 643.1925, 1908.799)
08-13 16:19:46.158  4917  5983 E AtomicFile: Failed to rename /data/user_de/0/com.samsung.android.honeyboard/files/selected.json.new to /data/user_de/0/com.samsung.android.honeyboard/files/selected.json
08-13 16:19:46.158  4917  5983 I HBD     : h writeToFile complete
08-13 16:19:46.165  2742  4755 I VRI[LauncherActivity]@3489192: mWNT: t=0xb400007609197d50 mBlastBufferQueue=0xb4000075191a0790 fn= 23 HdrRenderState mRenderHdrSdrRatio=1.0 caller= com.android.systemui.shared.launcher.ViewRootImplCompat.mergeWithNextTransaction:4 com.honeyspace.transition.utils.SurfaceTransactionApplier.scheduleApply$lambda$1:26 com.honeyspace.transition.utils.SurfaceTransactionApplier.b:0
08-13 16:19:46.165  2742  2742 I HoneySpace.RectFAnimation: animateToFinalPosition RectF(436.8075, 1695.1547, 643.1925, 1920.7472)
08-13 16:19:46.165  2742  2742 I HoneySpace.RectFAnimation: animateToFinalPosition RectF(440.39447, 1700.5298, 639.6055, 1913.2021)
08-13 16:19:46.176  2742  4754 I VRI[LauncherActivity]@3489192: mWNT: t=0xb400007609150850 mBlastBufferQueue=0xb4000075191a0790 fn= 24 HdrRenderState mRenderHdrSdrRatio=1.0 caller= com.android.systemui.shared.launcher.ViewRootImplCompat.mergeWithNextTransaction:4 com.honeyspace.transition.utils.SurfaceTransactionApplier.scheduleApply$lambda$1:26 com.honeyspace.transition.utils.SurfaceTransactionApplier.b:0
08-13 16:19:46.177  2742  2742 I HoneySpace.RectFAnimation: animateToFinalPosition RectF(440.39447, 1714.6343, 639.6055, 1927.3066)
08-13 16:19:46.177  2742  2742 I HoneySpace.RectFAnimation: animateToFinalPosition RectF(444.53027, 1720.5067, 635.4697, 1919.0636)
08-13 16:19:46.187  2742  4755 I VRI[LauncherActivity]@3489192: mWNT: t=0xb4000076090f5d90 mBlastBufferQueue=0xb4000075191a0790 fn= 25 HdrRenderState mRenderHdrSdrRatio=1.0 caller= com.android.systemui.shared.launcher.ViewRootImplCompat.mergeWithNextTransaction:4 com.honeyspace.transition.utils.SurfaceTransactionApplier.scheduleApply$lambda$1:26 com.honeyspace.transition.utils.SurfaceTransactionApplier.b:0
08-13 16:19:46.187  2742  2742 I HoneySpace.RectFAnimation: animateToFinalPosition RectF(444.53027, 1730.7866, 635.4697, 1929.3435)
08-13 16:19:46.187  2742  2742 I HoneySpace.RectFAnimation: animateToFinalPosition RectF(447.4799, 1734.6635, 632.52014, 1923.9015)
08-13 16:19:46.197  2742  4754 I VRI[LauncherActivity]@3489192: mWNT: t=0xb400007609227c50 mBlastBufferQueue=0xb4000075191a0790 fn= 26 HdrRenderState mRenderHdrSdrRatio=1.0 caller= com.android.systemui.shared.launcher.ViewRootImplCompat.mergeWithNextTransaction:4 com.honeyspace.transition.utils.SurfaceTransactionApplier.scheduleApply$lambda$1:26 com.honeyspace.transition.utils.SurfaceTransactionApplier.b:0
08-13 16:19:46.197  2742  2742 I HoneySpace.RectFAnimation: animateToFinalPosition RectF(447.4799, 1743.7151, 632.52014, 1932.9531)
08-13 16:19:46.197  2742  2742 I HoneySpace.RectFAnimation: animateToFinalPosition RectF(450.03506, 1747.0735, 629.96497, 1928.239)
08-13 16:19:46.206  2742  4755 I VRI[LauncherActivity]@3489192: mWNT: t=0xb4000076092224d0 mBlastBufferQueue=0xb4000075191a0790 fn= 27 HdrRenderState mRenderHdrSdrRatio=1.0 caller= com.android.systemui.shared.launcher.ViewRootImplCompat.mergeWithNextTransaction:4 com.honeyspace.transition.utils.SurfaceTransactionApplier.scheduleApply$lambda$1:26 com.honeyspace.transition.utils.SurfaceTransactionApplier.b:0
08-13 16:19:46.206  2742  2742 I HoneySpace.RectFAnimation: animateToFinalPosition RectF(450.03506, 1754.9983, 629.96497, 1936.1638)
08-13 16:19:46.206  2742  2742 I HoneySpace.RectFAnimation: animateToFinalPosition RectF(452.24384, 1757.8636, 627.75616, 1932.1417)
08-13 16:19:46.217  2742  4754 I VRI[LauncherActivity]@3489192: mWNT: t=0xb40000760921b150 mBlastBufferQueue=0xb4000075191a0790 fn= 28 HdrRenderState mRenderHdrSdrRatio=1.0 caller= com.android.systemui.shared.launcher.ViewRootImplCompat.mergeWithNextTransaction:4 com.honeyspace.transition.utils.SurfaceTransactionApplier.scheduleApply$lambda$1:26 com.honeyspace.transition.utils.SurfaceTransactionApplier.b:0
08-13 16:19:46.219  2742  2742 I HoneySpace.RectFAnimation: animateToFinalPosition RectF(452.24384, 1766.0239, 627.75616, 1940.302)
08-13 16:19:46.219  2742  2742 I HoneySpace.RectFAnimation: animateToFinalPosition RectF(454.49722, 1768.3252, 625.5028, 1937.0718)
08-13 16:19:46.228  2742  4755 I VRI[LauncherActivity]@3489192: mWNT: t=0xb4000076091d0b50 mBlastBufferQueue=0xb4000075191a0790 fn= 29 HdrRenderState mRenderHdrSdrRatio=1.0 caller= com.android.systemui.shared.launcher.ViewRootImplCompat.mergeWithNextTransaction:4 com.honeyspace.transition.utils.SurfaceTransactionApplier.scheduleApply$lambda$1:26 com.honeyspace.transition.utils.SurfaceTransactionApplier.b:0
08-13 16:19:46.228  2742  2742 I HoneySpace.RectFAnimation: animateToFinalPosition RectF(454.49722, 1774.1102, 625.5028, 1942.8568)
08-13 16:19:46.228  2742  2742 I HoneySpace.RectFAnimation: animateToFinalPosition RectF(456.08847, 1775.7352, 623.9115, 1940.5758)
08-13 16:19:46.238  2742  4754 I VRI[LauncherActivity]@3489192: mWNT: t=0xb400007609218750 mBlastBufferQueue=0xb4000075191a0790 fn= 30 HdrRenderState mRenderHdrSdrRatio=1.0 caller= com.android.systemui.shared.launcher.ViewRootImplCompat.mergeWithNextTransaction:4 com.honeyspace.transition.utils.SurfaceTransactionApplier.scheduleApply$lambda$1:26 com.honeyspace.transition.utils.SurfaceTransactionApplier.b:0
08-13 16:19:46.239  2742  2742 I HoneySpace.RectFAnimation: animateToFinalPosition RectF(456.08847, 1780.6918, 623.9115, 1945.5323)
08-13 16:19:46.239  2742  2742 I HoneySpace.RectFAnimation: animateToFinalPosition RectF(457.45493, 1782.0872, 622.54504, 1943.5735)
08-13 16:19:46.259  2742  4755 I VRI[LauncherActivity]@3489192: mWNT: t=0xb40000760925e3d0 mBlastBufferQueue=0xb4000075191a0790 fn= 31 HdrRenderState mRenderHdrSdrRatio=1.0 caller= com.android.systemui.shared.launcher.ViewRootImplCompat.mergeWithNextTransaction:4 com.honeyspace.transition.utils.SurfaceTransactionApplier.scheduleApply$lambda$1:26 com.honeyspace.transition.utils.SurfaceTransactionApplier.b:0
08-13 16:19:46.259  2742  2742 I HoneySpace.WorkspaceViewModel: StartContentAnimation, type: AppClose, inProgress: false
08-13 16:19:46.259  2742  2742 I HoneySpace.HomescreenPot: playContentAnimator end, skip alpha: false, paramType = AppClose, state = com.honeyspace.sdk.HomeScreen$Normal@5a264ca -> com.honeyspace.sdk.HomeScreen$Normal@5a264ca
08-13 16:19:46.259  2742  2742 I StickerOperator: restoreOverlapStickers, 0, 171236902
08-13 16:19:46.260  2742  2742 I HoneySpace.HoneyScreenManagerImpl: transitionAnimator is ended, onCancel: false
08-13 16:19:46.260  2742  2742 I HoneySpace.ContentsAnimator: ContentsAnimator end [56289498]
08-13 16:19:46.260  2742  2742 I HoneySpace.RectFAnimation: animateToFinalPosition RectF(457.45493, 1790.1624, 622.54504, 1951.6487)
08-13 16:19:46.260  2742  2742 I HoneySpace.RectFAnimation: animateToFinalPosition RectF(459.719, 1792.3969, 620.281, 1948.5123)
08-13 16:19:46.261  2742  4789 I HoneySpace.SPayHandler: updateSpayHandler, show = true, defaultPage = true
08-13 16:19:46.271  2742  4754 I VRI[LauncherActivity]@3489192: mWNT: t=0xb400007609339350 mBlastBufferQueue=0xb4000075191a0790 fn= 32 HdrRenderState mRenderHdrSdrRatio=1.0 caller= com.android.systemui.shared.launcher.ViewRootImplCompat.mergeWithNextTransaction:4 com.honeyspace.transition.utils.SurfaceTransactionApplier.scheduleApply$lambda$1:26 com.honeyspace.transition.utils.SurfaceTransactionApplier.b:0
08-13 16:19:46.271  2742  2742 I HoneySpace.RectFAnimation: animateToFinalPosition RectF(459.719, 1795.5496, 620.281, 1951.665)
08-13 16:19:46.271  2742  2742 I HoneySpace.RectFAnimation: animateToFinalPosition RectF(460.63705, 1795.9918, 619.3629, 1951.0441)
08-13 16:19:46.281  2742  4755 I VRI[LauncherActivity]@3489192: mWNT: t=0xb4000076092e8990 mBlastBufferQueue=0xb4000075191a0790 fn= 33 HdrRenderState mRenderHdrSdrRatio=1.0 caller= com.android.systemui.shared.launcher.ViewRootImplCompat.mergeWithNextTransaction:4 com.honeyspace.transition.utils.SurfaceTransactionApplier.scheduleApply$lambda$1:26 com.honeyspace.transition.utils.SurfaceTransactionApplier.b:0
08-13 16:19:46.281  2742  2742 I HoneySpace.RectFAnimation: animateToFinalPosition RectF(460.63705, 1798.522, 619.3629, 1953.5742)
08-13 16:19:46.281  2742  2742 I HoneySpace.RectFAnimation: animateToFinalPosition RectF(461.4062, 1798.8926, 618.5938, 1953.0542)
08-13 16:19:46.295  2742  2742 I HoneySpace.RectFAnimation: animateToFinalPosition RectF(461.4062, 1801.1904, 618.5938, 1955.352)
08-13 16:19:46.295  2742  2742 I HoneySpace.RectFAnimation: animateToFinalPosition RectF(462.15372, 1801.5505, 617.8463, 1954.8464)
08-13 16:19:46.295  2742  4754 I VRI[LauncherActivity]@3489192: mWNT: t=0xb4000076092cc610 mBlastBufferQueue=0xb4000075191a0790 fn= 34 HdrRenderState mRenderHdrSdrRatio=1.0 caller= com.android.systemui.shared.launcher.ViewRootImplCompat.mergeWithNextTransaction:4 com.honeyspace.transition.utils.SurfaceTransactionApplier.scheduleApply$lambda$1:26 com.honeyspace.transition.utils.SurfaceTransactionApplier.b:0
08-13 16:19:46.307  2742  2742 I HoneySpace.RectFAnimation: animateToFinalPosition RectF(462.15372, 1803.1047, 617.8463, 1956.4006)
08-13 16:19:46.307  2742  2742 I HoneySpace.RectFAnimation: animateToFinalPosition RectF(462.71432, 1803.3748, 617.28564, 1956.0215)
08-13 16:19:46.309  2742  4755 I VRI[LauncherActivity]@3489192: mWNT: t=0xb400007609325f50 mBlastBufferQueue=0xb4000075191a0790 fn= 35 HdrRenderState mRenderHdrSdrRatio=1.0 caller= com.android.systemui.shared.launcher.ViewRootImplCompat.mergeWithNextTransaction:4 com.honeyspace.transition.utils.SurfaceTransactionApplier.scheduleApply$lambda$1:26 com.honeyspace.transition.utils.SurfaceTransactionApplier.b:0
08-13 16:19:46.311  4855  4855 I [SC_ScreenRecorder]_FloatingButtonView: 00:00:13
08-13 16:19:46.318  2742  2742 I HoneySpace.RectFAnimation: animateToFinalPosition RectF(462.71432, 1804.396, 617.28564, 1957.0427)
08-13 16:19:46.318  2742  2742 I HoneySpace.RectFAnimation: animateToFinalPosition RectF(463.13754, 1804.5999, 616.8624, 1956.7566)
08-13 16:19:46.320  2742  4754 I VRI[LauncherActivity]@3489192: mWNT: t=0xb4000076092b8410 mBlastBufferQueue=0xb4000075191a0790 fn= 36 HdrRenderState mRenderHdrSdrRatio=1.0 caller= com.android.systemui.shared.launcher.ViewRootImplCompat.mergeWithNextTransaction:4 com.honeyspace.transition.utils.SurfaceTransactionApplier.scheduleApply$lambda$1:26 com.honeyspace.transition.utils.SurfaceTransactionApplier.b:0
08-13 16:19:46.325  2742  4755 I VRI[LauncherActivity]@3489192: mWNT: t=0xb400007609331710 mBlastBufferQueue=0xb4000075191a0790 fn= 37 HdrRenderState mRenderHdrSdrRatio=1.0 caller= com.android.systemui.shared.launcher.ViewRootImplCompat.mergeWithNextTransaction:4 com.honeyspace.transition.utils.SurfaceTransactionApplier.scheduleApply$lambda$1:26 com.honeyspace.transition.utils.SurfaceTransactionApplier.b:0
08-13 16:19:46.326  2742  2742 I HoneySpace.RectFAnimation: animateToFinalPosition RectF(463.13754, 1805.1349, 616.8624, 1957.2916)
08-13 16:19:46.326  2742  2742 I HoneySpace.RectFAnimation: animateToFinalPosition RectF(463.39902, 1805.2609, 616.60095, 1957.1149)
08-13 16:19:46.331  2742  4754 I VRI[LauncherActivity]@3489192: mWNT: t=0xb400007609333850 mBlastBufferQueue=0xb4000075191a0790 fn= 38 HdrRenderState mRenderHdrSdrRatio=1.0 caller= com.android.systemui.shared.launcher.ViewRootImplCompat.mergeWithNextTransaction:4 com.honeyspace.transition.utils.SurfaceTransactionApplier.scheduleApply$lambda$1:26 com.honeyspace.transition.utils.SurfaceTransactionApplier.b:0
08-13 16:19:46.334  2742  2742 I HoneySpace.RectFAnimation: animateToFinalPosition RectF(463.39902, 1805.6823, 616.60095, 1957.5363)
08-13 16:19:46.335  2742  2742 I HoneySpace.RectFAnimation: animateToFinalPosition RectF(463.653, 1805.8047, 616.347, 1957.3645)
08-13 16:19:46.343  2742  4755 I VRI[LauncherActivity]@3489192: mWNT: t=0xb4000076093a5450 mBlastBufferQueue=0xb4000075191a0790 fn= 39 HdrRenderState mRenderHdrSdrRatio=1.0 caller= com.android.systemui.shared.launcher.ViewRootImplCompat.mergeWithNextTransaction:4 com.honeyspace.transition.utils.SurfaceTransactionApplier.scheduleApply$lambda$1:26 com.honeyspace.transition.utils.SurfaceTransactionApplier.b:0
08-13 16:19:46.343  2742  2742 I HoneySpace.RectFAnimation: animateToFinalPosition RectF(463.653, 1806.0393, 616.347, 1957.5991)
08-13 16:19:46.343  2742  2742 I HoneySpace.RectFAnimation: animateToFinalPosition RectF(463.8475, 1806.133, 616.15247, 1957.4675)
08-13 16:19:46.351  2742  2742 I HoneySpace.RectFAnimation: animateToFinalPosition RectF(463.8475, 1806.2535, 616.15247, 1957.588)
08-13 16:19:46.351  2742  2742 I HoneySpace.RectFAnimation: animateToFinalPosition RectF(464.0163, 1806.3347, 615.9837, 1957.4739)
08-13 16:19:46.351  2742  4754 I VRI[LauncherActivity]@3489192: mWNT: t=0xb4000076092ef450 mBlastBufferQueue=0xb4000075191a0790 fn= 40 HdrRenderState mRenderHdrSdrRatio=1.0 caller= com.android.systemui.shared.launcher.ViewRootImplCompat.mergeWithNextTransaction:4 com.honeyspace.transition.utils.SurfaceTransactionApplier.scheduleApply$lambda$1:26 com.honeyspace.transition.utils.SurfaceTransactionApplier.b:0
08-13 16:19:46.362  2742  4755 I VRI[LauncherActivity]@3489192: mWNT: t=0xb4000076092f7e90 mBlastBufferQueue=0xb4000075191a0790 fn= 41 HdrRenderState mRenderHdrSdrRatio=1.0 caller= com.android.systemui.shared.launcher.ViewRootImplCompat.mergeWithNextTransaction:4 com.honeyspace.transition.utils.SurfaceTransactionApplier.scheduleApply$lambda$1:26 com.honeyspace.transition.utils.SurfaceTransactionApplier.b:0
08-13 16:19:46.363  2742  2742 I HoneySpace.RectFAnimation: animateToFinalPosition RectF(464.0163, 1806.335, 615.9837, 1957.4741)
08-13 16:19:46.363  2742  2742 I HoneySpace.RectFAnimation: animateToFinalPosition RectF(464.2281, 1806.4371, 615.7719, 1957.3309)
08-13 16:19:46.370  2742  4754 I VRI[LauncherActivity]@3489192: mWNT: t=0xb40000760930a9d0 mBlastBufferQueue=0xb4000075191a0790 fn= 42 HdrRenderState mRenderHdrSdrRatio=1.0 caller= com.android.systemui.shared.launcher.ViewRootImplCompat.mergeWithNextTransaction:4 com.honeyspace.transition.utils.SurfaceTransactionApplier.scheduleApply$lambda$1:26 com.honeyspace.transition.utils.SurfaceTransactionApplier.b:0
08-13 16:19:46.370  2742  2742 I HoneySpace.RectFAnimation: animateToFinalPosition RectF(464.2281, 1806.3533, 615.7719, 1957.2471)
08-13 16:19:46.370  2742  2742 I HoneySpace.RectFAnimation: animateToFinalPosition RectF(464.33188, 1806.4032, 615.6681, 1957.1769)
08-13 16:19:46.383  2742  4755 I VRI[LauncherActivity]@3489192: mWNT: t=0xb4000076092af650 mBlastBufferQueue=0xb4000075191a0790 fn= 43 HdrRenderState mRenderHdrSdrRatio=1.0 caller= com.android.systemui.shared.launcher.ViewRootImplCompat.mergeWithNextTransaction:4 com.honeyspace.transition.utils.SurfaceTransactionApplier.scheduleApply$lambda$1:26 com.honeyspace.transition.utils.SurfaceTransactionApplier.b:0
08-13 16:19:46.383  2742  2742 I HoneySpace.RectFAnimation: animateToFinalPosition RectF(464.33188, 1806.1158, 615.6681, 1956.8895)
08-13 16:19:46.383  2742  2742 I HoneySpace.RectFAnimation: animateToFinalPosition RectF(464.4923, 1806.1931, 615.5077, 1956.781)
08-13 16:19:46.390  2742  4754 I VRI[LauncherActivity]@3489192: mWNT: t=0xb40000760934cc90 mBlastBufferQueue=0xb4000075191a0790 fn= 44 HdrRenderState mRenderHdrSdrRatio=1.0 caller= com.android.systemui.shared.launcher.ViewRootImplCompat.mergeWithNextTransaction:4 com.honeyspace.transition.utils.SurfaceTransactionApplier.scheduleApply$lambda$1:26 com.honeyspace.transition.utils.SurfaceTransactionApplier.b:0
08-13 16:19:46.392  2742  2742 I HoneySpace.RectFAnimation: animateToFinalPosition RectF(464.4923, 1805.914, 615.5077, 1956.5018)
08-13 16:19:46.392  2742  2742 I HoneySpace.RectFAnimation: animateToFinalPosition RectF(464.58255, 1805.9574, 615.4175, 1956.4408)
08-13 16:19:46.401  2742  4755 I VRI[LauncherActivity]@3489192: mWNT: t=0xb400007609317150 mBlastBufferQueue=0xb4000075191a0790 fn= 45 HdrRenderState mRenderHdrSdrRatio=1.0 caller= com.android.systemui.shared.launcher.ViewRootImplCompat.mergeWithNextTransaction:4 com.honeyspace.transition.utils.SurfaceTransactionApplier.scheduleApply$lambda$1:26 com.honeyspace.transition.utils.SurfaceTransactionApplier.b:0
08-13 16:19:46.402  2742  2742 I HoneySpace.RectFAnimation: animateToFinalPosition RectF(464.58255, 1805.5885, 615.4175, 1956.0719)
08-13 16:19:46.402  2742  2742 I HoneySpace.RectFAnimation: animateToFinalPosition RectF(464.6661, 1805.6288, 615.33386, 1956.0155)
08-13 16:19:46.411  2742  4754 I VRI[LauncherActivity]@3489192: mWNT: t=0xb400007609389990 mBlastBufferQueue=0xb4000075191a0790 fn= 46 HdrRenderState mRenderHdrSdrRatio=1.0 caller= com.android.systemui.shared.launcher.ViewRootImplCompat.mergeWithNextTransaction:4 com.honeyspace.transition.utils.SurfaceTransactionApplier.scheduleApply$lambda$1:26 com.honeyspace.transition.utils.SurfaceTransactionApplier.b:0
08-13 16:19:46.412  2742  2742 I HoneySpace.RectFAnimation: animateToFinalPosition RectF(464.6661, 1805.2133, 615.33386, 1955.6)
08-13 16:19:46.412  2742  2742 I HoneySpace.RectFAnimation: animateToFinalPosition RectF(464.73486, 1805.2463, 615.26514, 1955.5535)
08-13 16:19:46.421  2742  4755 I VRI[LauncherActivity]@3489192: mWNT: t=0xb40000760939e7d0 mBlastBufferQueue=0xb4000075191a0790 fn= 47 HdrRenderState mRenderHdrSdrRatio=1.0 caller= com.android.systemui.shared.launcher.ViewRootImplCompat.mergeWithNextTransaction:4 com.honeyspace.transition.utils.SurfaceTransactionApplier.scheduleApply$lambda$1:26 com.honeyspace.transition.utils.SurfaceTransactionApplier.b:0
08-13 16:19:46.421  2742  2742 I HoneySpace.RectFAnimation: animateToFinalPosition RectF(464.73486, 1804.8436, 615.26514, 1955.1508)
08-13 16:19:46.421  2742  2742 I HoneySpace.RectFAnimation: animateToFinalPosition RectF(464.7861, 1804.8684, 615.21387, 1955.116)
08-13 16:19:46.425  5736  5740 I le.cupcake.test: Compiler allocated 7416KB to compile void android.view.ViewRootImpl.performTraversals()
08-13 16:19:46.431  2742  2742 I HoneySpace.RectFAnimation: animateToFinalPosition RectF(464.7861, 1804.3998, 615.21387, 1954.6473)
08-13 16:19:46.431  2742  2742 I HoneySpace.RectFAnimation: animateToFinalPosition RectF(464.8331, 1804.4224, 615.1669, 1954.6157)
08-13 16:19:46.431  2742  4754 I VRI[LauncherActivity]@3489192: mWNT: t=0xb4000076092e0650 mBlastBufferQueue=0xb4000075191a0790 fn= 48 HdrRenderState mRenderHdrSdrRatio=1.0 caller= com.android.systemui.shared.launcher.ViewRootImplCompat.mergeWithNextTransaction:4 com.honeyspace.transition.utils.SurfaceTransactionApplier.scheduleApply$lambda$1:26 com.honeyspace.transition.utils.SurfaceTransactionApplier.b:0
08-13 16:19:46.440  2742  2742 I HoneySpace.RectFAnimation: animateToFinalPosition RectF(464.8331, 1803.9895, 615.1669, 1954.1829)
08-13 16:19:46.440  2742  2742 I HoneySpace.RectFAnimation: animateToFinalPosition RectF(465.0, 1804.07, 615.0, 1954.07)
08-13 16:19:46.440  2742  4755 I VRI[LauncherActivity]@3489192: mWNT: t=0xb40000760934d710 mBlastBufferQueue=0xb4000075191a0790 fn= 49 HdrRenderState mRenderHdrSdrRatio=1.0 caller= com.android.systemui.shared.launcher.ViewRootImplCompat.mergeWithNextTransaction:4 com.honeyspace.transition.utils.SurfaceTransactionApplier.scheduleApply$lambda$1:26 com.honeyspace.transition.utils.SurfaceTransactionApplier.b:0
08-13 16:19:46.448  2742  2742 I HoneySpace.RectFAnimation: animateToFinalPosition RectF(465.0, 1803.6815, 615.0, 1953.6815)
08-13 16:19:46.448  2742  4754 I VRI[LauncherActivity]@3489192: mWNT: t=0xb40000760933af50 mBlastBufferQueue=0xb4000075191a0790 fn= 50 HdrRenderState mRenderHdrSdrRatio=1.0 caller= com.android.systemui.shared.launcher.ViewRootImplCompat.mergeWithNextTransaction:4 com.honeyspace.transition.utils.SurfaceTransactionApplier.scheduleApply$lambda$1:26 com.honeyspace.transition.utils.SurfaceTransactionApplier.b:0
08-13 16:19:46.459  2742  4755 I VRI[LauncherActivity]@3489192: mWNT: t=0xb4000076092f5810 mBlastBufferQueue=0xb4000075191a0790 fn= 51 HdrRenderState mRenderHdrSdrRatio=1.0 caller= com.android.systemui.shared.launcher.ViewRootImplCompat.mergeWithNextTransaction:4 com.honeyspace.transition.utils.SurfaceTransactionApplier.scheduleApply$lambda$1:26 com.honeyspace.transition.utils.SurfaceTransactionApplier.b:0
08-13 16:19:46.459  2742  2742 I HoneySpace.RectFAnimation: animateToFinalPosition RectF(465.0, 1803.1007, 615.0, 1953.1007)
08-13 16:19:46.471  2742  4754 I VRI[LauncherActivity]@3489192: mWNT: t=0xb400007609308510 mBlastBufferQueue=0xb4000075191a0790 fn= 52 HdrRenderState mRenderHdrSdrRatio=1.0 caller= com.android.systemui.shared.launcher.ViewRootImplCompat.mergeWithNextTransaction:4 com.honeyspace.transition.utils.SurfaceTransactionApplier.scheduleApply$lambda$1:26 com.honeyspace.transition.utils.SurfaceTransactionApplier.b:0
08-13 16:19:46.471  2742  2742 I HoneySpace.RectFAnimation: animateToFinalPosition RectF(465.0, 1802.5779, 615.0, 1952.5779)
08-13 16:19:46.476  1111  1111 E SurfaceFlinger: alpha changed 0.000 -> 0.000 - Surface(name=Task=2219)/@0x846b4b8_transition-leash#233575
08-13 16:19:46.479  2742  2742 I HoneySpace.RectFAnimation: animateToFinalPosition RectF(465.0, 1802.1614, 615.0, 1952.1614)
08-13 16:19:46.479  2742  4755 I VRI[LauncherActivity]@3489192: mWNT: t=0xb40000760933e910 mBlastBufferQueue=0xb4000075191a0790 fn= 53 HdrRenderState mRenderHdrSdrRatio=1.0 caller= com.android.systemui.shared.launcher.ViewRootImplCompat.mergeWithNextTransaction:4 com.honeyspace.transition.utils.SurfaceTransactionApplier.scheduleApply$lambda$1:26 com.honeyspace.transition.utils.SurfaceTransactionApplier.b:0
08-13 16:19:46.483  1111  1111 D SurfaceFlinger: Display 4633128672291735932 HWC layers:
08-13 16:19:46.483  1111  1111 D SurfaceFlinger:        DEVICE |   0xb4000079e28c6110 | 0000 | RGBA_8888    |    3.0    5.0 1077.0 2335.0 |    0    0 1080 2340 | Wallpaper BBQ wrapper 5_system#82 (19)
08-13 16:19:46.483  1111  1111 D SurfaceFlinger:        DEVICE |   0xb4000079e294c290 | 0001 | RGBA_8888    |    0.0    0.0 1080.0 2340.0 |    0    0 1080 2340 | com.sec.android.app.launcher/com.sec[...]vities.LauncherActivity$_2742#233570 (50)
08-13 16:19:46.483  1111  1111 D SurfaceFlinger:        DEVICE |   0xb4000079e28c9c90 | 0001 | RGBA_8888    |    0.0    0.0 1080.0   80.0 |    0    0 1080   80 | StatusBar$_2127#106 (79363)
08-13 16:19:46.483  1111  1111 D SurfaceFlinger:        DEVICE |   0xb4000079e29075d0 | 0001 | RGBA_8888    |    0.0    0.0 1080.0  135.0 |    0 2205 1080 2340 | NavigationBar0$_2127#101 (129742)
08-13 16:19:46.483  1111  1111 D SurfaceFlinger:        DEVICE |   0xb4000079e28ad3d0 | 0001 | RGBA_8888    |    0.0  249.0 1034.0  827.0 |   46    0 1080  578 | $_4855#233489 (381)
08-13 16:19:46.483  1111  1111 D SurfaceFlinger:
08-13 16:19:46.489  2742  4754 I VRI[LauncherActivity]@3489192: mWNT: t=0xb4000076092dc3d0 mBlastBufferQueue=0xb4000075191a0790 fn= 54 HdrRenderState mRenderHdrSdrRatio=1.0 caller= com.android.systemui.shared.launcher.ViewRootImplCompat.mergeWithNextTransaction:4 com.honeyspace.transition.utils.SurfaceTransactionApplier.scheduleApply$lambda$1:26 com.honeyspace.transition.utils.SurfaceTransactionApplier.b:0
08-13 16:19:46.489  2742  2742 I HoneySpace.RectFAnimation: animateToFinalPosition RectF(465.0, 1801.758, 615.0, 1951.758)
08-13 16:19:46.496  2742  4755 I VRI[LauncherActivity]@3489192: mWNT: t=0xb400007609354710 mBlastBufferQueue=0xb4000075191a0790 fn= 55 HdrRenderState mRenderHdrSdrRatio=1.0 caller= com.android.systemui.shared.launcher.ViewRootImplCompat.mergeWithNextTransaction:4 com.honeyspace.transition.utils.SurfaceTransactionApplier.scheduleApply$lambda$1:26 com.honeyspace.transition.utils.SurfaceTransactionApplier.b:0
08-13 16:19:46.496  2742  2742 I HoneySpace.RectFAnimation: animateToFinalPosition RectF(465.0, 1801.4547, 615.0, 1951.4547)
08-13 16:19:46.505  2742  4754 I VRI[LauncherActivity]@3489192: mWNT: t=0xb4000076092b8b10 mBlastBufferQueue=0xb4000075191a0790 fn= 56 HdrRenderState mRenderHdrSdrRatio=1.0 caller= com.android.systemui.shared.launcher.ViewRootImplCompat.mergeWithNextTransaction:4 com.honeyspace.transition.utils.SurfaceTransactionApplier.scheduleApply$lambda$1:26 com.honeyspace.transition.utils.SurfaceTransactionApplier.b:0
08-13 16:19:46.505  2742  2742 I HoneySpace.RectFAnimation: animateToFinalPosition RectF(465.0, 1801.0388, 615.0, 1951.0388)
08-13 16:19:46.513  2742  4755 I VRI[LauncherActivity]@3489192: mWNT: t=0xb400007609353ad0 mBlastBufferQueue=0xb4000075191a0790 fn= 57 HdrRenderState mRenderHdrSdrRatio=1.0 caller= com.android.systemui.shared.launcher.ViewRootImplCompat.mergeWithNextTransaction:4 com.honeyspace.transition.utils.SurfaceTransactionApplier.scheduleApply$lambda$1:26 com.honeyspace.transition.utils.SurfaceTransactionApplier.b:0
08-13 16:19:46.513  2742  2742 I HoneySpace.RectFAnimation: animateToFinalPosition RectF(465.0, 1800.7219, 615.0, 1950.7219)
08-13 16:19:46.521  1282  5989 D SemInputDeviceManager: setProperty: (0) CMD,GRIP_DATA,1,45,7,24,702
08-13 16:19:46.522  1282  1692 D SemInputDevice:TSP: SetPropertyTask: CMD,set_grip_data,1,45,7,24,702 [08-13 16:19:46.521]
08-13 16:19:46.523  2742  2742 I HoneySpace.RectFAnimation: animateToFinalPosition RectF(465.0, 1800.3829, 615.0, 1950.3829)
08-13 16:19:46.523  2742  4754 I VRI[LauncherActivity]@3489192: mWNT: t=0xb40000760931d350 mBlastBufferQueue=0xb4000075191a0790 fn= 58 HdrRenderState mRenderHdrSdrRatio=1.0 caller= com.android.systemui.shared.launcher.ViewRootImplCompat.mergeWithNextTransaction:4 com.honeyspace.transition.utils.SurfaceTransactionApplier.scheduleApply$lambda$1:26 com.honeyspace.transition.utils.SurfaceTransactionApplier.b:0
08-13 16:19:46.528  1072  1072 I sysinput:Touch: writeInformation:249, OK
08-13 16:19:46.529  1282  1692 D SysinputHAL_V1_3(V1_2): runTspCmdNoRead(TSP(1)): set_grip_data,1,45,7,24,702 ret=0
08-13 16:19:46.534  2127  2127 D InterruptionStateProvider:  no Heads up : edgelighting enabled app. 0|com.samsung.android.app.smartcapture|1332|null|10190
08-13 16:19:46.541  2742  4755 I VRI[LauncherActivity]@3489192: mWNT: t=0xb400007609379a10 mBlastBufferQueue=0xb4000075191a0790 fn= 59 HdrRenderState mRenderHdrSdrRatio=1.0 caller= com.android.systemui.shared.launcher.ViewRootImplCompat.mergeWithNextTransaction:4 com.honeyspace.transition.utils.SurfaceTransactionApplier.scheduleApply$lambda$1:26 com.honeyspace.transition.utils.SurfaceTransactionApplier.b:0
08-13 16:19:46.541  2742  2742 I HoneySpace.RectFAnimation: animateToFinalPosition RectF(465.0, 1799.7628, 615.0, 1949.7628)
08-13 16:19:46.543  2127  2127 D SubscreenNotificationListCoordinator: onAfterRenderList() isSubScreen = false, pluginLockMode = 0, doNotShowOnCover = false
08-13 16:19:46.544  2127  2127 I LockscreenNotificationIconsOnlyController: onNotificationInfoUpdated 0
08-13 16:19:46.544  2127  2127 I AODNotificationManager: updateNotification()
08-13 16:19:46.549  2742  4754 I VRI[LauncherActivity]@3489192: mWNT: t=0xb4000076092ed690 mBlastBufferQueue=0xb4000075191a0790 fn= 60 HdrRenderState mRenderHdrSdrRatio=1.0 caller= com.android.systemui.shared.launcher.ViewRootImplCompat.mergeWithNextTransaction:4 com.honeyspace.transition.utils.SurfaceTransactionApplier.scheduleApply$lambda$1:26 com.honeyspace.transition.utils.SurfaceTransactionApplier.b:0
08-13 16:19:46.551  2742  2742 I HoneySpace.RectFAnimation: animateToFinalPosition RectF(465.0, 1799.4518, 615.0, 1949.4518)
08-13 16:19:46.551  2742  6184 I HoneySpace.NotificationListener: onNotificationPosted com.samsung.android.app.smartcapture: 0|com.samsung.android.app.smartcapture|1332|null|10190: 0
08-13 16:19:46.551  2742  6184 I HoneySpace.BadgeDataSourceImpl: Get notification count. PK(p='com.samsung.android.app.smartcapture', u=UserHandle{0}) - forceBadgeCount: false, notification listener: 1, badge provider: 0
08-13 16:19:46.554  2742  4755 I VRI[LauncherActivity]@3489192: mWNT: t=0xb4000076092f3c10 mBlastBufferQueue=0xb4000075191a0790 fn= 61 HdrRenderState mRenderHdrSdrRatio=1.0 caller= com.android.systemui.shared.launcher.ViewRootImplCompat.mergeWithNextTransaction:4 com.honeyspace.transition.utils.SurfaceTransactionApplier.scheduleApply$lambda$1:26 com.honeyspace.transition.utils.SurfaceTransactionApplier.b:0
08-13 16:19:46.559  2742  2742 I HoneySpace.RectFAnimation: animateToFinalPosition RectF(465.0, 1799.2201, 615.0, 1949.2201)
08-13 16:19:46.562  2742  4754 I VRI[LauncherActivity]@3489192: mWNT: t=0xb400007609382990 mBlastBufferQueue=0xb4000075191a0790 fn= 62 HdrRenderState mRenderHdrSdrRatio=1.0 caller= com.android.systemui.shared.launcher.ViewRootImplCompat.mergeWithNextTransaction:4 com.honeyspace.transition.utils.SurfaceTransactionApplier.scheduleApply$lambda$1:26 com.honeyspace.transition.utils.SurfaceTransactionApplier.b:0
08-13 16:19:46.567  2742  2742 I HoneySpace.RectFAnimation: animateToFinalPosition RectF(465.0, 1799.0033, 615.0, 1949.0033)
08-13 16:19:46.570  2742  4755 I VRI[LauncherActivity]@3489192: mWNT: t=0xb4000076092dcad0 mBlastBufferQueue=0xb4000075191a0790 fn= 63 HdrRenderState mRenderHdrSdrRatio=1.0 caller= com.android.systemui.shared.launcher.ViewRootImplCompat.mergeWithNextTransaction:4 com.honeyspace.transition.utils.SurfaceTransactionApplier.scheduleApply$lambda$1:26 com.honeyspace.transition.utils.SurfaceTransactionApplier.b:0
08-13 16:19:46.575  2742  2742 I HoneySpace.RectFAnimation: animateToFinalPosition RectF(465.0, 1798.7767, 615.0, 1948.7767)
08-13 16:19:46.577  1062  5973 I HYPER-HAL: [RequestManager.cpp]releaseLocked(): Released ID : 857422
08-13 16:19:46.580  2742  4754 I VRI[LauncherActivity]@3489192: mWNT: t=0xb4000076093691d0 mBlastBufferQueue=0xb4000075191a0790 fn= 64 HdrRenderState mRenderHdrSdrRatio=1.0 caller= com.android.systemui.shared.launcher.ViewRootImplCompat.mergeWithNextTransaction:4 com.honeyspace.transition.utils.SurfaceTransactionApplier.scheduleApply$lambda$1:26 com.honeyspace.transition.utils.SurfaceTransactionApplier.b:0
08-13 16:19:46.584  2742  2742 I HoneySpace.RectFAnimation: animateToFinalPosition RectF(465.0, 1798.5903, 615.0, 1948.5903)
08-13 16:19:46.589  2742  4755 I VRI[LauncherActivity]@3489192: mWNT: t=0xb4000076092e3590 mBlastBufferQueue=0xb4000075191a0790 fn= 65 HdrRenderState mRenderHdrSdrRatio=1.0 caller= com.android.systemui.shared.launcher.ViewRootImplCompat.mergeWithNextTransaction:4 com.honeyspace.transition.utils.SurfaceTransactionApplier.scheduleApply$lambda$1:26 com.honeyspace.transition.utils.SurfaceTransactionApplier.b:0
08-13 16:19:46.592  2742  2742 I HoneySpace.FloatingAnimator: [Player:A(45.888)] spring set end called
08-13 16:19:46.592  2742  2742 I HoneySpace.FloatingAnimator: [Player:A(45.888)] reset
08-13 16:19:46.592  2742  2742 I HoneySpace.FloatingAnimator: playerCount : 0
08-13 16:19:46.592  2742  2742 I HoneySpace.FloatingFinishHelper: finishInProgress: true
08-13 16:19:46.593  2742  2742 I HoneySpace.AppCloseAnimationDelegate: animatorSet end
08-13 16:19:46.593  2742  2742 I HoneySpace.DeJankUtils: postAfterTraversal is called com.honeyspace.common.performance.JankWrapper$addCujInstrumentation$1$4$1@dfab898, immediate : true detail : app transition end
08-13 16:19:46.593  2742  2742 I HoneySpace.AnimationResult: finish, false
08-13 16:19:46.593  2742  2742 I HoneySpace.RunnableList: executeAllAndClear() called, size: 1
08-13 16:19:46.593  2742  2742 I HoneySpace.FloatingFinishHelper: isAppShow reset, immediate
08-13 16:19:46.594  2742  2742 I HoneySpace.RectFAnimation: animateToFinalPosition RectF(465.0, 1798.3765, 615.0, 1948.3765)
08-13 16:19:46.596  2742 10793 I HoneySpace.AnimationResult: asyncFinishRunnable run
08-13 16:19:46.597  2742  2742 I HoneySpace.AnimationResult: completeCallback run
08-13 16:19:46.597  2127  2303 I SurfaceControlRegistry: apply, t=FinishTransaction_SyncId<20527>, caller=android.view.SurfaceControl$Transaction.apply:3135 android.view.SurfaceControl$Transaction.apply:3122 android.view.SurfaceControl$Transaction.apply:3078 com.android.wm.shell.transition.Transitions.onFinish:308 com.android.wm.shell.transition.Transitions$$ExternalSyntheticLambda8.onTransitionFinished:10 com.android.wm.shell.transition.RemoteTransitionHandler$1$$ExternalSyntheticLambda0.run:78
08-13 16:19:46.599  2742  2742 I HoneySpace.DeJankUtils: traversals callback's received
08-13 16:19:46.599  2742  2742 I HoneySpace.DeJankUtils: doActionRunnable is called com.honeyspace.common.performance.JankWrapper$addCujInstrumentation$1$4$1@dfab898, immediate = true, detail : app transition end
08-13 16:19:46.600  2742  2742 I HoneySpace.WallpaperAnimator: destroyWallpaperSurface Surface(name=Surface(name=RemoteWallpaperAnim:1:1)/@0xcc52fc5 - animation-leash of remote_wallpaper)/@0x45c4263
08-13 16:19:46.600  2742  2742 I HoneySpace.WallpaperAnimator: wallpaper animation end [226478058]
08-13 16:19:46.600  2742  2742 I HoneySpace.RectFAnimation: animateToFinalPosition RectF(465.0, 1798.2579, 615.0, 1948.2579)
08-13 16:19:46.600  2742  2742 I HoneySpace.AppTransitionAnimationAwait: proceed 1
08-13 16:19:46.601  1111  1732 I SurfaceFlinger: id=233564 Removed Splash Screen com.example.cupcake.test$_2127#233564 (165)
08-13 16:19:46.602  1111  1111 I SurfaceFlinger: Layer [Task=2219#233546] hidden!! flag(1)
08-13 16:19:46.602  1111  1111 I SurfaceFlinger: destroyed Splash Screen com.example.cupcake.test$_2127#233564
08-13 16:19:46.602  1111  1111 I SurfaceFlinger: [LayerHierarchy{RequestedLayerState{Task=1#52 parentId=11} 2 children}] reparent to LayerHierarchy{RequestedLayerState{DefaultTaskDisplayArea_d0#11 parentId=10} 9 children}
08-13 16:19:46.602  1111  1111 I SurfaceFlinger: [LayerHierarchy{RequestedLayerState{WallpaperWindowToken{b638ffb token=android.os.Binder@64ddd8a}#74 parentId=9 z=1} 1 children}] reparent to LayerHierarchy{RequestedLayerState{Leaf:1:1#9 parentId=8} 2 children}
08-13 16:19:46.602  1111  1111 I SurfaceFlinger: [LayerHierarchy{RequestedLayerState{Transition Root: Task=1#233573} 2 children}] reparent to OffscreenRoot
08-13 16:19:46.602  1111  1111 I SurfaceFlinger: [LayerHierarchy{RequestedLayerState{Transition Root: Task=1#233573} 2 children}] RelativeParent to null
08-13 16:19:46.602  1111  1111 I SurfaceFlinger: [LayerHierarchy{RequestedLayerState{Task=2219#233546 parentId=11 z=3} 1 children}] reparent to LayerHierarchy{RequestedLayerState{DefaultTaskDisplayArea_d0#11 parentId=10} 9 children}
08-13 16:19:46.603  2742  2742 I HoneySpace.FloatingFinishHelper: finishInProgress: false
08-13 16:19:46.603  2742  2742 I HoneySpace.Launcher: onEnterAnimationComplete
08-13 16:19:46.604  5596  5596 I VRI[ComponentActivity]@5f46a2c: handleAppVisibility mAppVisible = true visible = false
08-13 16:19:46.604  1111  1111 I Layer   : id=233564 Destroyed Splash Screen com.example.cupcake.test$_2127#233564
08-13 16:19:46.604  5596  5596 D VRI[ComponentActivity]@5f46a2c: visibilityChanged oldVisibility=true newVisibility=false
08-13 16:19:46.604  1111  1111 I SurfaceFlinger: id=233562 Removed e8fd88f Splash Screen com.example.cupcake.test#233562 (164)
08-13 16:19:46.604  1111  1111 I SurfaceFlinger: id=233573 Removed Transition Root: Task=1#233573 (164)
08-13 16:19:46.606  2742  5546 I HoneySpace.WallpaperAnimator: onAnimationCancelled
08-13 16:19:46.607  5736  5736 I VRI[InstrumentationActivityInvoker$EmptyActivity]@d16d0e8: stopped(true) old = false
08-13 16:19:46.607  5736  5736 D VRI[InstrumentationActivityInvoker$EmptyActivity]@d16d0e8: WindowStopped on com.example.cupcake.test/androidx.test.core.app.InstrumentationActivityInvoker$EmptyActivity set to true
08-13 16:19:46.608  2742  2742 I HoneySpace.RectFAnimation: animateToFinalPosition RectF(465.0, 1798.1108, 615.0, 1948.1108)
08-13 16:19:46.609  5736  5756 D HWUI    : CacheManager::trimMemory(20)
08-13 16:19:46.609  1282  1444 D PkgPredictorService-SecIpmManagerServiceImpl: bg information pid:5596 uid:10418 pkgName:com.example.cupcake
08-13 16:19:46.610  1282  1444 D PkgPredictorService-SecIpmManagerServiceImpl: bg information pid:5736 uid:10419 pkgName:com.example.cupcake.test
08-13 16:19:46.612  2127  2127 D SystemUIService: SYSUI_RAM_OPTIMIZATION onTrimMemory=20
08-13 16:19:46.612  2127  2127 D CentralSurfaces: SYSUI_RAM_OPTIMIZATION onTrimMemory=20
08-13 16:19:46.613  2127  2390 D HWUI    : CacheManager::trimMemory(20)
08-13 16:19:46.616  5596  5687 D HWUI    : CacheManager::trimMemory(20)
08-13 16:19:46.616  1111  1111 I SurfaceFlinger: destroyed Transition Root: Task=1#233573
08-13 16:19:46.616  1111  1111 I SurfaceFlinger: destroyed e8fd88f Splash Screen com.example.cupcake.test#233562
08-13 16:19:46.618  1111  1111 I Layer   : id=233573 Destroyed Transition Root: Task=1#233573
08-13 16:19:46.618  1111  1111 I Layer   : id=233562 Destroyed e8fd88f Splash Screen com.example.cupcake.test#233562
08-13 16:19:46.619  2742  2742 I HoneySpace.RectFAnimation: animateToFinalPosition RectF(465.0, 1797.9279, 615.0, 1947.9279)
08-13 16:19:46.621  1282  4902 V WindowManager: Relayout Window{ad78991 u0 com.example.cupcake/androidx.activity.ComponentActivity}: viewVisibility=8 req=1080x2340 ty=1 d0
08-13 16:19:46.625  5736  5736 W WindowOnBackDispatcher: sendCancelIfRunning: isInProgress=false callback=android.view.ViewRootImpl$$ExternalSyntheticLambda15@bfc1394
08-13 16:19:46.630  1282  4902 V WindowManager: Relayout hash=ad78991, pid=5596, syncId=-1: mAttrs={(0,0)(fillxfill) sim={adjust=pan forwardNavigation} layoutInDisplayCutoutMode=always ty=BASE_APPLICATION wanim=0x1030312
08-13 16:19:46.630  1282  4902 V WindowManager:   fl=81810100
08-13 16:19:46.630  1282  4902 V WindowManager:   pfl=100088c0
08-13 16:19:46.630  1282  4902 V WindowManager:   apr=210
08-13 16:19:46.630  1282  4902 V WindowManager:   bhv=1
08-13 16:19:46.630  1282  4902 V WindowManager:   fitSides=0
08-13 16:19:46.630  1282  4902 V WindowManager:   frameRateBoostOnTouch=true
08-13 16:19:46.630  1282  4902 V WindowManager:   dvrrWindowFrameRateHint=true naviIconColor=0}
08-13 16:19:46.632  1111  1111 I SurfaceFlinger: Layer [com.example.cupcake/androidx.activity.ComponentActivity$_5596#233551] hidden!! flag(1)
08-13 16:19:46.632  1111  1111 I SurfaceFlinger: Layer [com.example.cupcake.test/androidx.te[...]tyInvoker$EmptyActivity$_5736#233565] hidden!! flag(1)
08-13 16:19:46.632  1111  1111 I SurfaceFlinger: Layer [ActivityRecord{80bb2e9 u0 com.exampl[...]vity.ComponentActivity t2219}#233547] hidden!! flag(1)
08-13 16:19:46.632  1111  1111 I SurfaceFlinger: [LayerHierarchy{RequestedLayerState{RemoteWallpaperAnim:1:1#7 parentId=4 z=1} 1 children}] reparent to LayerHierarchy{RequestedLayerState{OneHanded:0:14#4 parentId=3} 5 children}
08-13 16:19:46.632  1111  1111 I SurfaceFlinger: [LayerHierarchy{RequestedLayerState{Surface(name=RemoteWallpaperAnim:1:1)/@0xcc52fc5 - animation-leash of remote_wallpaper#233577} no children}] reparent to OffscreenRoot
08-13 16:19:46.632  1111  1111 I SurfaceFlinger: [LayerHierarchy{RequestedLayerState{Surface(name=RemoteWallpaperAnim:1:1)/@0xcc52fc5 - animation-leash of remote_wallpaper#233577} no children}] RelativeParent to null
08-13 16:19:46.634  2742  2742 I HoneySpace.RectFAnimation: animateToFinalPosition RectF(465.0, 1797.0, 615.0, 1947.0)
08-13 16:19:46.634  2742  2742 I HoneySpace.SpringAnimPlayer: [Player:A(45.888)] spring onAnimationEnd
08-13 16:19:46.634  1111  1111 I SurfaceFlinger: id=233577 Removed Surface(name=RemoteWallpaperAnim:1:1)/@0xcc52fc5 - animation-leash of remote_wallpaper#233577 (162)
08-13 16:19:46.634  1111  1162 I SurfaceFlinger: id=233575 Removed Surface(name=Task=2219)/@0x846b4b8_transition-leash#233575 (162)
08-13 16:19:46.634  1111  1162 I SurfaceFlinger: id=233574 Removed Surface(name=Task=1)/@0x4efe12a_transition-leash#233574 (162)
08-13 16:19:46.634  2742  1823 I HoneySpace.RecentTasks: onRecentTasksChanged
08-13 16:19:46.641  4917  4917 I InputMethodService: removeImeSurface
08-13 16:19:46.641  4917  4917 I InputMethodService: cancelImeSurfaceRemoval: removeCallbacks
08-13 16:19:46.642  5596  5596 I VRI[ComponentActivity]@5f46a2c: Relayout returned: old=(0,0,1080,2340) new=(0,0,1080,2340) relayoutAsync=false req=(1080,2340)8 dur=19 res=0x2 s={false 0x0} ch=true seqId=0
08-13 16:19:46.642  5596  5596 D VRI[ComponentActivity]@5f46a2c: Not drawing due to not visible. Reason=!mAppVisible && !mForceDecorViewVisibility
08-13 16:19:46.642  2742  1823 I HoneySpace.HistoryViewModel@160600677@OneUI: Illegal access. Unknown type. skip load history items
08-13 16:19:46.644  1111  1111 I SurfaceFlinger: destroyed Surface(name=Task=2219)/@0x846b4b8_transition-leash#233575
08-13 16:19:46.644  1111  1111 I SurfaceFlinger: destroyed Surface(name=Task=1)/@0x4efe12a_transition-leash#233574
08-13 16:19:46.644  1111  1111 I SurfaceFlinger: destroyed Surface(name=RemoteWallpaperAnim:1:1)/@0xcc52fc5 - animation-leash of remote_wallpaper#233577
08-13 16:19:46.645  1111  1111 I Layer   : id=233577 Destroyed Surface(name=RemoteWallpaperAnim:1:1)/@0xcc52fc5 - animation-leash of remote_wallpaper#233577
08-13 16:19:46.645  1111  1111 I Layer   : id=233575 Destroyed Surface(name=Task=2219)/@0x846b4b8_transition-leash#233575
08-13 16:19:46.646  1111  1111 I Layer   : id=233574 Destroyed Surface(name=Task=1)/@0x4efe12a_transition-leash#233574
08-13 16:19:46.648  5736  5756 D HWUI    : CacheManager::trimMemory(20)
08-13 16:19:46.649  5596  5596 I VRI[ComponentActivity]@5f46a2c: stopped(true) old = false
08-13 16:19:46.649  5596  5596 D VRI[ComponentActivity]@5f46a2c: WindowStopped on com.example.cupcake/androidx.activity.ComponentActivity set to true
08-13 16:19:46.649  5736  5736 I VRI[InstrumentationActivityInvoker$EmptyActivity]@d16d0e8: dispatchDetachedFromWindow
08-13 16:19:46.649  5596  5687 D HWUI    : CacheManager::trimMemory(20)
08-13 16:19:46.650  1282  4478 D InputTransport: Input channel destroyed: 'dec2438', fd=1026
08-13 16:19:46.650  1282  4478 W InputManager-JNI: Input channel object 'dec2438 com.example.cupcake.test/androidx.test.core.app.InstrumentationActivityInvoker$EmptyActivity (client)' was disposed without first being removed with the input manager!
08-13 16:19:46.650  1282  4478 D InputTransport: Input channel destroyed: 'dec2438', fd=1032
08-13 16:19:46.655  5736  5736 D InputTransport: Input channel destroyed: 'dec2438', fd=125
08-13 16:19:46.662  1111  1162 I SurfaceFlinger: id=233579 createSurf, flag=24004, Task=2220#233579
08-13 16:19:46.664  5596  5596 D LifecycleMonitor: Lifecycle status change: androidx.activity.ComponentActivity@2a25801 in: STOPPED
08-13 16:19:46.664  5596  5596 V ActivityScenario: Update currentActivityStage to STOPPED, currentActivity=androidx.activity.ComponentActivity@2a25801
08-13 16:19:46.666  1111  1111 I SurfaceFlinger: [LayerHierarchy{RequestedLayerState{dec2438 com.example.cupcake.test/androidx.test.core.app.InstrumentationActivityInvoker$EmptyActivity#233563} 1 children}] reparent to OffscreenRoot
08-13 16:19:46.666  1111  1111 I SurfaceFlinger: [LayerHierarchy{RequestedLayerState{dec2438 com.example.cupcake.test/androidx.test.core.app.InstrumentationActivityInvoker$EmptyActivity#233563} 1 children}] RelativeParent to null
08-13 16:19:46.666  1111  1111 I SurfaceFlinger: [LayerHierarchy{RequestedLayerState{com.example.cupcake.test/androidx.test.core.app.InstrumentationActivityInvoker$EmptyActivity$_5736#233565} no children}] reparent to OffscreenRoot
08-13 16:19:46.666  1111  1111 I SurfaceFlinger: [LayerHierarchy{RequestedLayerState{com.example.cupcake.test/androidx.test.core.app.InstrumentationActivityInvoker$EmptyActivity$_5736#233565} no children}] RelativeParent to null
08-13 16:19:46.666  1111  1111 I SurfaceFlinger: [Task=2220#233579] attach to parent Root
08-13 16:19:46.666  2742  2742 I HoneySpace.RectFAnimation: animation ended
08-13 16:19:46.666  2742  2742 I HoneySpace.SpringAnimPlayer: [Player:A(45.888)] floating spring animator end
08-13 16:19:46.667  1111  1111 I SurfaceFlinger: id=233563 Removed dec2438 com.example.cupcake.test/androidx.test.core.app.InstrumentationActivityInvoker$EmptyActivity#233563 (160)
08-13 16:19:46.667  1111  1111 I SurfaceFlinger: id=233565 Removed com.example.cupcake.test/androidx.test.core.app.InstrumentationActivityInvoker$EmptyActivity$_5736#233565 (160)
08-13 16:19:46.668  5736  5756 D HWUI    : CacheManager::trimMemory(40)
08-13 16:19:46.670  2742  1824 I HoneySpace.RecentTasks: onRecentTasksChanged
08-13 16:19:46.670  2742  2742 I HoneySpace.TaskListViewModel: onTaskRemoved : 2220
08-13 16:19:46.670  2742  2742 I HoneySpace.TaskListViewModel: onTaskRemoved : 2220
08-13 16:19:46.671  2742  2742 I HoneySpace.TaskListPot: taskRemoveId, taskId = 2220
08-13 16:19:46.671  2742  2742 I HoneySpace.StackRecentsView: INVALID_TASK_POSITION 2220
08-13 16:19:46.671  2742  2742 I HoneySpace.TaskListViewModel: onTaskRemoved : 2220
08-13 16:19:46.671  2742  2742 I HoneySpace.TaskListViewModel: onTaskRemoved : 2220
08-13 16:19:46.671  2742  2742 I HoneySpace.TaskListPot: taskRemoveId, taskId = 2220
08-13 16:19:46.671  2742  2742 I HoneySpace.StackRecentsView: INVALID_TASK_POSITION 2220
08-13 16:19:46.674  2742  2887 I HoneySpace.TopTaskSource: onTaskRemoved: 2220
