08-13 16:19:55.264  2742  4755 I VRI[LauncherActivity]@3489192: mWNT: t=0xb400007609101e10 mBlastBufferQueue=0xb4000075191609b0 fn= 35 HdrRenderState mRenderHdrSdrRatio=1.0 caller= com.android.systemui.shared.launcher.ViewRootImplCompat.mergeWithNextTransaction:4 com.honeyspace.transition.utils.SurfaceTransactionApplier.scheduleApply$lambda$1:26 com.honeyspace.transition.utils.SurfaceTransactionApplier.b:0
08-13 16:19:55.268  2742  2742 I HoneySpace.RectFAnimation: animateToFinalPosition RectF(461.46948, 1802.3116, 618.5305, 1956.4)
08-13 16:19:55.268  1111  1223 I SurfaceFlinger: id=233785 createSurf, flag=24004, Task=2230#233785
08-13 16:19:55.268  2742  2742 I HoneySpace.RectFAnimation: animateToFinalPosition RectF(462.5398, 1802.8274, 617.4602, 1955.6763)
08-13 16:19:55.269  5596  5596 D VRI[ComponentActivity]@4a63735: mThreadedRenderer.initializeIfNeeded()#2 mSurface={isValid=true 0xb4000075e9176c40}
08-13 16:19:55.269  1111  1732 I SurfaceFlinger: id=233757 Removed c8d064f ActivityRecordInputSink com.example.cupcake.test/androidx.test.core.app.InstrumentationActivityInvoker$EmptyActivity#233757 (193)
08-13 16:19:55.269  5596  5596 D InputMethodManagerUtils: startInputInner - Id : 0
08-13 16:19:55.269  5596  5596 I InputMethodManager: startInputInner - IInputMethodManagerGlobalInvoker.startInputOrWindowGainedFocus
08-13 16:19:55.271  1111  1111 I SurfaceFlinger: [LayerHierarchy{RequestedLayerState{com.example.cupcake.test/androidx.test.core.app.InstrumentationActivityInvoker$EmptyActivity$_5736#233758} no children}] reparent to OffscreenRoot
08-13 16:19:55.271  1111  1111 I SurfaceFlinger: [LayerHierarchy{RequestedLayerState{com.example.cupcake.test/androidx.test.core.app.InstrumentationActivityInvoker$EmptyActivity$_5736#233758} no children}] RelativeParent to null
08-13 16:19:55.271  1111  1111 I SurfaceFlinger: [LayerHierarchy{RequestedLayerState{4243179 com.example.cupcake.test/androidx.test.core.app.InstrumentationActivityInvoker$EmptyActivity#233750} no children}] reparent to OffscreenRoot
08-13 16:19:55.271  1111  1111 I SurfaceFlinger: [LayerHierarchy{RequestedLayerState{4243179 com.example.cupcake.test/androidx.test.core.app.InstrumentationActivityInvoker$EmptyActivity#233750} no children}] RelativeParent to null
08-13 16:19:55.271  1111  1111 I SurfaceFlinger: [Task=2230#233785] attach to parent Root
08-13 16:19:55.273  1111  1111 I SurfaceFlinger: id=233750 Removed 4243179 com.example.cupcake.test/androidx.test.core.app.InstrumentationActivityInvoker$EmptyActivity#233750 (193)
08-13 16:19:55.273  1111  1111 I SurfaceFlinger: id=233758 Removed com.example.cupcake.test/androidx.test.core.app.InstrumentationActivityInvoker$EmptyActivity$_5736#233758 (193)
08-13 16:19:55.281  2742 31133 I HoneySpace.RecentTasks: onRecentTasksChanged
08-13 16:19:55.285  1282  4402 V WindowManager: Relayout Window{370ec1c u0 Splash Screen com.example.cupcake}: viewVisibility=8 req=1080x2340 ty=3 d0
08-13 16:19:55.286  1282  1696 I ImeTracker: com.example.cupcake:2775452e: onRequestHide at ORIGIN_SERVER reason HIDE_UNSPECIFIED_WINDOW fromUser false
08-13 16:19:55.286  1282  1696 I ImeTracker: com.example.cupcake:2775452e: onCancelled at PHASE_SERVER_SHOULD_HIDE
08-13 16:19:55.288  1282  4402 V WindowManager: Relayout hash=370ec1c, pid=2127, syncId=-1: mAttrs={(0,0)(fillxfill) sim={adjust=pan} layoutInDisplayCutoutMode=always ty=APPLICATION_STARTING fmt=TRANSLUCENT wanim=0x1030312
08-13 16:19:55.288  1282  4402 V WindowManager:   fl=81030118
08-13 16:19:55.288  1282  4402 V WindowManager:   pfl=10000810
08-13 16:19:55.288  1282  4402 V WindowManager:   apr=18
08-13 16:19:55.288  1282  4402 V WindowManager:   bhv=1
08-13 16:19:55.288  1282  4402 V WindowManager:   fitSides=0
08-13 16:19:55.288  1282  4402 V WindowManager:   frameRateBoostOnTouch=true
08-13 16:19:55.288  1282  4402 V WindowManager:   dvrrWindowFrameRateHint=true naviIconColor=0}
08-13 16:19:55.289  2127  2334 I VRI[cupcake]@3156a0d: Relayout returned: old=(0,0,1080,2340) new=(0,0,1080,2340) relayoutAsync=false req=(1080,2340)8 dur=14 res=0x2 s={false 0x0} ch=true seqId=0
08-13 16:19:55.289  2127  2334 D VRI[cupcake]@3156a0d: Not drawing due to not visible. Reason=View.GONE
08-13 16:19:55.289  2127  2334 W WindowOnBackDispatcher: sendCancelIfRunning: isInProgress=false callback=android.view.ViewRootImpl$$ExternalSyntheticLambda15@32bac3c
08-13 16:19:55.290  1111  1111 I SurfaceFlinger: destroyed com.example.cupcake.test/androidx.test.core.app.InstrumentationActivityInvoker$EmptyActivity$_5736#233758
08-13 16:19:55.290  1111  1111 I SurfaceFlinger: destroyed 4243179 com.example.cupcake.test/androidx.test.core.app.InstrumentationActivityInvoker$EmptyActivity#233750
08-13 16:19:55.290  1111  1111 I SurfaceFlinger: [LayerHierarchy{RequestedLayerState{Task=2230#233785 z=4} no children}] reparent to OffscreenRoot
08-13 16:19:55.290  1111  1111 I SurfaceFlinger: [LayerHierarchy{RequestedLayerState{Task=2230#233785 z=4} no children}] RelativeParent to null
08-13 16:19:55.290  1111  1111 I SurfaceFlinger: [LayerHierarchy{RequestedLayerState{Task=2230#233746 z=4} 1 children}] reparent to OffscreenRoot
08-13 16:19:55.290  1111  1111 I SurfaceFlinger: [LayerHierarchy{RequestedLayerState{Task=2230#233746 z=4} 1 children}] RelativeParent to null
08-13 16:19:55.290  1111  1111 I SurfaceFlinger: [LayerHierarchy{RequestedLayerState{ActivityRecord{b7d32e5 u0 com.example.cupcake.test/androidx.test.core.app.InstrumentationActivityInvoker$EmptyActivity t2230}#233747} 1 children}] reparent to OffscreenRoot
08-13 16:19:55.290  1111  1111 I SurfaceFlinger: [LayerHierarchy{RequestedLayerState{ActivityRecord{b7d32e5 u0 com.example.cupcake.test/androidx.test.core.app.InstrumentationActivityInvoker$EmptyActivity t2230}#233747} 1 children}] RelativeParent to null
08-13 16:19:55.290  2127  2334 I VRI[cupcake]@3156a0d: dispatchDetachedFromWindow
08-13 16:19:55.291  1244  6944 I CameraService: onUidStateChanged: uid=10043, procState is changed. (1 -> 0)
08-13 16:19:55.291  2127  2127 D SystemUIService: SYSUI_RAM_OPTIMIZATION onTrimMemory=20
08-13 16:19:55.291  2127  2127 D CentralSurfaces: SYSUI_RAM_OPTIMIZATION onTrimMemory=20
08-13 16:19:55.291  1111  1111 I Layer   : id=233750 Destroyed 4243179 com.example.cupcake.test/androidx.test.core.app.InstrumentationActivityInvoker$EmptyActivity#233750
08-13 16:19:55.291  1111  1111 I Layer   : id=233758 Destroyed com.example.cupcake.test/androidx.test.core.app.InstrumentationActivityInvoker$EmptyActivity$_5736#233758
08-13 16:19:55.291  1111  1111 I SurfaceFlinger: id=233785 Removed Task=2230#233785 (191)
08-13 16:19:55.291  1111  1111 I SurfaceFlinger: id=233747 Removed ActivityRecord{b7d32e5 u0 com.example.cupcake.test/androidx.test.core.app.InstrumentationActivityInvoker$EmptyActivity t2230}#233747 (191)
08-13 16:19:55.295  2127  2390 D HWUI    : CacheManager::trimMemory(20)
08-13 16:19:55.298  1282  1696 D InputTransport: Input channel constructed: 'ClientS', fd=1020
08-13 16:19:55.298  4917  4917 I HBD     : HoneyBoardService onFinishInput
08-13 16:19:55.299  1282  3179 D InputTransport: Input channel destroyed: '370ec1c', fd=981
08-13 16:19:55.299  1282  3179 W InputManager-JNI: Input channel object '370ec1c Splash Screen com.example.cupcake (client)' was disposed without first being removed with the input manager!
08-13 16:19:55.299  1282  3179 D InputTransport: Input channel destroyed: '370ec1c', fd=1007
08-13 16:19:55.299  1282  1696 D InputTransport: Input channel destroyed: 'ClientS', fd=1020
08-13 16:19:55.299  5596  5991 D InputTransport: Input channel constructed: 'ClientS', fd=144
08-13 16:19:55.299  4917  4917 I HBD     : a IC have been unbinding,  RemoteInputConnection{idHash=#71c7027}
08-13 16:19:55.301  4917  4917 I HBD     : HoneyBoardService [PF_CL][onFinishInput]  2 ms
08-13 16:19:55.301  4917  4917 I HBD     : HoneyBoardService [IMI] onStartInput - caller pid : 5596 , caller uid : 10418
08-13 16:19:55.301  4917  4917 I HBD     : t updateConfigs
08-13 16:19:55.301  4917  4917 I HBD     : t isEnabledNightMode : true
08-13 16:19:55.301  4917  4917 I HBD     : a IC have been binding, RemoteInputConnection{idHash=#d39df58}
08-13 16:19:55.301  4917  4917 I HBD     : g [EditorInputType]setPrivateImeOptionsToTable privateImeOptions ( null )
08-13 16:19:55.301  4917  4917 I HBD     : b incognitoMode : false
08-13 16:19:55.301  4917  4917 I HBD     : b needOff = true , isForceOff = false, isNullInputClass : true
08-13 16:19:55.302  4917  4917 I HBD     : g getDefaultInputRange : UNKNOWN
08-13 16:19:55.302  4917  4917 I HBD     : g getDefaultInputRange : UNKNOWN
08-13 16:19:55.302  4917  4917 I HBD     : g getDefaultInputRange : UNKNOWN
08-13 16:19:55.304  4917  4917 I HBD     : b needOff = true , isForceOff = false, isNullInputClass : true
08-13 16:19:55.304  4917  4917 I HBD     : b update cached prediction status : false
08-13 16:19:55.304  4917  4917 I HBD     : g getDefaultInputRange : UNKNOWN
08-13 16:19:55.304  4917  4917 I HBD     : a currentState : 0
08-13 16:19:55.305  4917  4917 I HBD     : a [UpdatePolicy] [post] a: 0 cl: 4325376 kit: [0/26] vt: 0 ir: 1
08-13 16:19:55.305  2742  4754 I VRI[LauncherActivity]@3489192: mWNT: t=0xb40000760911b410 mBlastBufferQueue=0xb4000075191609b0 fn= 36 HdrRenderState mRenderHdrSdrRatio=1.0 caller= com.android.systemui.shared.launcher.ViewRootImplCompat.mergeWithNextTransaction:4 com.honeyspace.transition.utils.SurfaceTransactionApplier.scheduleApply$lambda$1:26 com.honeyspace.transition.utils.SurfaceTransactionApplier.b:0
08-13 16:19:55.306  2742  2742 I HoneySpace.RectFAnimation: animateToFinalPosition RectF(462.5398, 1805.543, 617.4602, 1958.3918)
08-13 16:19:55.306  2742  2742 I HoneySpace.RectFAnimation: animateToFinalPosition RectF(463.892, 1806.1943, 616.10803, 1957.4775)
08-13 16:19:55.307  4917  4917 I HBD     : a [NRIC] resetNoResponseState
08-13 16:19:55.307  4917  4917 I HBD     : b needOff = true , isForceOff = false, isNullInputClass : true
08-13 16:19:55.307  4917  4917 I HBD     : b update cached prediction status : false
08-13 16:19:55.307  4917  4917 I HBD     : c [AiWriter] setContact : com.example.cupcake
08-13 16:19:55.307  4917  4917 I HBD     : a [AiWriter] setContact : com.example.cupcake
08-13 16:19:55.308  4917  4917 I HBD     : b needOff = true , isForceOff = false, isNullInputClass : true
08-13 16:19:55.308  4917  4917 I HBD     : b getTBC , flag: 1 , start: 0 , end: 0 , length: 0 , composingLength: 0 , isKCC: false
08-13 16:19:55.310  2127  2334 D InputTransport: Input channel destroyed: '370ec1c', fd=480
08-13 16:19:55.308  2742 31133 I HoneySpace.HistoryViewModel@160600677@OneUI: Illegal access. Unknown type. skip load history items
08-13 16:19:55.310  2742  4755 I VRI[LauncherActivity]@3489192: mWNT: t=0xb4000076090c9e10 mBlastBufferQueue=0xb4000075191609b0 fn= 37 HdrRenderState mRenderHdrSdrRatio=1.0 caller= com.android.systemui.shared.launcher.ViewRootImplCompat.mergeWithNextTransaction:4 com.honeyspace.transition.utils.SurfaceTransactionApplier.scheduleApply$lambda$1:26 com.honeyspace.transition.utils.SurfaceTransactionApplier.b:0
08-13 16:19:55.310  4917  4917 I HBD     : E EBD si S 0
08-13 16:19:55.311  4917  4917 I HBD     : m updateContactDBLanguage : 0
08-13 16:19:55.311  4855  4855 I [SC_ScreenRecorder]_FloatingButtonView: 00:00:22
08-13 16:19:55.312  4917  4917 I HBD     : a [UpdatePolicy] [post] a: 31 cl: 4325376 kit: [0/26] vt: 0 ir: 1
08-13 16:19:55.312  1111  1111 I SurfaceFlinger: Layer [Splash Screen com.example.cupcake$_2127#233777] hidden!! flag(1)
08-13 16:19:55.312  1111  1111 I SurfaceFlinger: destroyed c8d064f ActivityRecordInputSink com.example.cupcake.test/androidx.test.core.app.InstrumentationActivityInvoker$EmptyActivity#233757
08-13 16:19:55.312  1111  1111 I SurfaceFlinger: destroyed Task=2230#233785
08-13 16:19:55.312  1111  1111 I SurfaceFlinger: destroyed ActivityRecord{b7d32e5 u0 com.example.cupcake.test/androidx.test.core.app.InstrumentationActivityInvoker$EmptyActivity t2230}#233747
08-13 16:19:55.314  4917  4917 I HBD     : HoneyBoardService [PF_OP][onStartInput]  12 ms
08-13 16:19:55.315  1111  1111 I Layer   : id=233757 Destroyed c8d064f ActivityRecordInputSink com.example.cupcake.test/androidx.test.core.app.InstrumentationActivityInvoker$EmptyActivity#233757
08-13 16:19:55.315  1111  1111 I Layer   : id=233747 Destroyed ActivityRecord{b7d32e5 u0 com.example.cupcake.test/androidx.test.core.app.InstrumentationActivityInvoker$EmptyActivity t2230}#233747
08-13 16:19:55.315  1111  1111 I Layer   : id=233785 Destroyed Task=2230#233785
08-13 16:19:55.319  2742  2742 I HoneySpace.RectFAnimation: animateToFinalPosition RectF(463.892, 1806.2987, 616.10803, 1957.5819)
08-13 16:19:55.319  2742  2742 I HoneySpace.RectFAnimation: animateToFinalPosition RectF(464.1454, 1806.4209, 615.8546, 1957.4104)
08-13 16:19:55.319  2127  2127 D SamsungLightBarControlHelper: updateStatusBar (WHITE icon) numStacks:1, StatusBarMode:MODE_TRANSPARENT, lightBarBounds:[], StatusBarState:SHADE, packageName:, isWhiteKeyguardStatusBar:false
08-13 16:19:55.320  2127  2127 D SamsungLightBarControlHelper: onStatusBarAppearanceChanged() -  sbModeChanged:false, statusBarMode:0, barState:MODE_TRANSPARENT, isKeyguardShowing:false, navbarColorManagedByIme:false, (AppearanceRegion{ bounds=[0,0][1080,2340]}, )
08-13 16:19:55.322  2742  4754 I VRI[LauncherActivity]@3489192: mWNT: t=0xb4000076090f5a10 mBlastBufferQueue=0xb4000075191609b0 fn= 38 HdrRenderState mRenderHdrSdrRatio=1.0 caller= com.android.systemui.shared.launcher.ViewRootImplCompat.mergeWithNextTransaction:4 com.honeyspace.transition.utils.SurfaceTransactionApplier.scheduleApply$lambda$1:26 com.honeyspace.transition.utils.SurfaceTransactionApplier.b:0
08-13 16:19:55.322  2742  2742 I HoneySpace.TaskListViewModel: onTaskRemoved : 2230
08-13 16:19:55.322  2742  2742 I HoneySpace.TaskListViewModel: onTaskRemoved : 2230
08-13 16:19:55.322  2742  2742 I HoneySpace.TaskListPot: taskRemoveId, taskId = 2230
08-13 16:19:55.322  2742  2742 I HoneySpace.StackRecentsView: INVALID_TASK_POSITION 2230
08-13 16:19:55.323  2742  2742 I HoneySpace.TaskListViewModel: onTaskRemoved : 2230
08-13 16:19:55.323  2742  2742 I HoneySpace.TaskListViewModel: onTaskRemoved : 2230
08-13 16:19:55.323  2742  2742 I HoneySpace.TaskListPot: taskRemoveId, taskId = 2230
08-13 16:19:55.323  2742  2742 I HoneySpace.StackRecentsView: INVALID_TASK_POSITION 2230
08-13 16:19:55.323  2742  2887 I HoneySpace.TopTaskSource: onTaskRemoved: 2230
08-13 16:19:55.325  2742  2742 I HoneySpace.RectFAnimation: animateToFinalPosition RectF(464.1454, 1806.3885, 615.8546, 1957.378)
08-13 16:19:55.325  2742  2742 I HoneySpace.RectFAnimation: animateToFinalPosition RectF(464.24374, 1806.4359, 615.7562, 1957.3116)
08-13 16:19:55.331  1111  1111 D SurfaceFlinger: Display 4633128672291735932 HWC layers:
08-13 16:19:55.331  1111  1111 D SurfaceFlinger:        DEVICE |   0xb4000079e28c6110 | 0000 | RGBA_8888    |    0.0    0.0 1080.0 2340.0 |    0    0 1080 2340 | Wallpaper BBQ wrapper 5_system#82 (19)
08-13 16:19:55.331  1111  1111 D SurfaceFlinger:        DEVICE |   0xb4000079e2923410 | 0001 | RGBA_8888    |    0.0    0.0 1080.0 2340.0 |    0    0 1080 2340 | com.sec.android.app.launcher/com.sec[...]vities.LauncherActivity$_2742#233763 (35)
08-13 16:19:55.331  1111  1111 D SurfaceFlinger:        CLIENT |   0xb4000079e2907250 | 0001 | RGBA_8888    |    0.0    0.0 1080.0 2338.0 |    3    9 1077 2333 | com.example.cupcake/androidx.activity.ComponentActivity$_5596#233779 (1)
08-13 16:19:55.331  1111  1111 D SurfaceFlinger:        DEVICE |   0xb4000079e28c9c90 | 0001 | RGBA_8888    |    0.0    0.0 1080.0   80.0 |    0    0 1080   80 | StatusBar$_2127#106 (79519)
08-13 16:19:55.331  1111  1111 D SurfaceFlinger:        DEVICE |   0xb4000079e28eb950 | 0001 | RGBA_8888    |    0.0    0.0 1080.0  135.0 |    0 2205 1080 2340 | NavigationBar0$_2127#101 (129899)
08-13 16:19:55.331  1111  1111 D SurfaceFlinger:        DEVICE |   0xb4000079e28ad3d0 | 0001 | RGBA_8888    |    0.0  249.0 1034.0  827.0 |   46    0 1080  578 | $_4855#233489 (389)
08-13 16:19:55.331  1111  1111 D SurfaceFlinger:
08-13 16:19:55.332  4917 27871 I HBD     : h [SKE_SPECIFIC] specific model[com.example.cupcake] loaded, 16149923 ns
08-13 16:19:55.340  1282  1447 I SurfaceControl: apply, lowDebugName=RemoveStartingRevealAnim, caller=android.view.SurfaceControl$Transaction.apply:3122 android.view.SurfaceControl$Transaction.apply:3078 com.android.server.wm.WindowAnimator.animate:380 com.android.server.wm.WindowAnimator$$ExternalSyntheticLambda1.doFrame:14 android.view.Choreographer$CallbackRecord.run:1749 android.view.Choreographer$CallbackRecord.run:1760
08-13 16:19:55.340  2742  2742 I HoneySpace.RectFAnimation: animateToFinalPosition RectF(464.24374, 1806.1777, 615.7562, 1957.0535)
08-13 16:19:55.340  2742  2742 I HoneySpace.RectFAnimation: animateToFinalPosition RectF(464.44702, 1806.2756, 615.553, 1956.916)
08-13 16:19:55.341  2742  4755 I VRI[LauncherActivity]@3489192: mWNT: t=0xb4000076093a5290 mBlastBufferQueue=0xb4000075191609b0 fn= 39 HdrRenderState mRenderHdrSdrRatio=1.0 caller= com.android.systemui.shared.launcher.ViewRootImplCompat.mergeWithNextTransaction:4 com.honeyspace.transition.utils.SurfaceTransactionApplier.scheduleApply$lambda$1:26 com.honeyspace.transition.utils.SurfaceTransactionApplier.b:0
08-13 16:19:55.346  1111  1111 I SurfaceFlinger: [LayerHierarchy{RequestedLayerState{370ec1c Splash Screen com.example.cupcake#233776 z=2147483647} 1 children}] reparent to OffscreenRoot
08-13 16:19:55.346  1111  1111 I SurfaceFlinger: [LayerHierarchy{RequestedLayerState{370ec1c Splash Screen com.example.cupcake#233776 z=2147483647} 1 children}] RelativeParent to null
08-13 16:19:55.346  1111  1111 I SurfaceFlinger: [LayerHierarchy{RequestedLayerState{b8e167 com.example.cupcake/androidx.activity.ComponentActivity#233778 parentId=233775} 1 children}] reparent to LayerHierarchy{RequestedLayerState{ActivityRecord{cba1084 u0 com.example.cupcake/androidx.activity.ComponentActivity t2231}#233775 parentId=233774} 3 children}
08-13 16:19:55.346  1111  1111 I SurfaceFlinger: [LayerHierarchy{RequestedLayerState{Splash Screen com.example.cupcake$_2127#233777} no children}] reparent to OffscreenRoot
08-13 16:19:55.346  1111  1111 I SurfaceFlinger: [LayerHierarchy{RequestedLayerState{Splash Screen com.example.cupcake$_2127#233777} no children}] RelativeParent to null
08-13 16:19:55.346  1111  1111 I SurfaceFlinger: [LayerHierarchy{RequestedLayerState{Surface(name=b8e167 com.example.cupcake/androidx.activity.ComponentActivity)/@0x3e82a86 - animation-leash of starting_reveal#233784} no children}] reparent to OffscreenRoot
08-13 16:19:55.346  1111  1111 I SurfaceFlinger: [LayerHierarchy{RequestedLayerState{Surface(name=b8e167 com.example.cupcake/androidx.activity.ComponentActivity)/@0x3e82a86 - animation-leash of starting_reveal#233784} no children}] RelativeParent to null
08-13 16:19:55.353  1111  1730 I SurfaceFlinger: id=233786 createSurf, flag=24004, Surface(name=39a4c69 InputMethod)/@0x97414dd - animation-leash of insets_animation#233786
08-13 16:19:55.356  2742  2742 I HoneySpace.RectFAnimation: animateToFinalPosition RectF(464.44702, 1805.787, 615.553, 1956.4274)
08-13 16:19:55.356  2742  2742 I HoneySpace.RectFAnimation: animateToFinalPosition RectF(464.6093, 1805.8652, 615.3907, 1956.3176)
08-13 16:19:55.356  2742  4754 I VRI[LauncherActivity]@3489192: mWNT: t=0xb40000760932a710 mBlastBufferQueue=0xb4000075191609b0 fn= 40 HdrRenderState mRenderHdrSdrRatio=1.0 caller= com.android.systemui.shared.launcher.ViewRootImplCompat.mergeWithNextTransaction:4 com.honeyspace.transition.utils.SurfaceTransactionApplier.scheduleApply$lambda$1:26 com.honeyspace.transition.utils.SurfaceTransactionApplier.b:0
08-13 16:19:55.362  5596  5596 I InsetsSourceConsumer: applyRequestedVisibilityToControl: visible=false, type=ime, host=com.example.cupcake/androidx.activity.ComponentActivity
08-13 16:19:55.362  1111  1111 I SurfaceFlinger: [LayerHierarchy{RequestedLayerState{ImeContainer#16 parentId=233775 relativeParentId=233778 z=1} 1 children}] reparent to LayerHierarchy{RequestedLayerState{ActivityRecord{cba1084 u0 com.example.cupcake/androidx.activity.ComponentActivity t2231}#233775 parentId=233774} 3 children}
08-13 16:19:55.362  1111  1111 I SurfaceFlinger: [LayerHierarchy{RequestedLayerState{ImeContainer#16 parentId=233775 relativeParentId=233778 z=1} 1 children}] RelativeParent to LayerHierarchy{RequestedLayerState{b8e167 com.example.cupcake/androidx.activity.ComponentActivity#233778 parentId=233775} 2 children}
08-13 16:19:55.362  1111  1111 I SurfaceFlinger: [LayerHierarchy{RequestedLayerState{39a4c69 InputMethod#135 parentId=233786} no children}] reparent to LayerHierarchy{RequestedLayerState{Surface(name=39a4c69 InputMethod)/@0x97414dd - animation-leash of insets_animation#233786 parentId=121} 1 children}
08-13 16:19:55.362  1111  1111 I SurfaceFlinger: [LayerHierarchy{RequestedLayerState{Surface(name=39a4c69 InputMethod)/@0x97414dd - animation-leash of insets_animation#233773} no children}] reparent to OffscreenRoot
08-13 16:19:55.362  1111  1111 I SurfaceFlinger: [LayerHierarchy{RequestedLayerState{Surface(name=39a4c69 InputMethod)/@0x97414dd - animation-leash of insets_animation#233773} no children}] RelativeParent to null
08-13 16:19:55.362  1111  1111 I SurfaceFlinger: [Surface(name=39a4c69 InputMethod)/@0x97414dd - animation-leash of insets_animation#233786] attach to parent LayerHierarchy{RequestedLayerState{WindowToken{72c0868 type=2011 android.os.Binder@fb66f8b}#121 parentId=16} 1 children}
08-13 16:19:55.365  2127  2303 I SurfaceControlRegistry: apply, t=FinishTransaction_SyncId<20542>, caller=android.view.SurfaceControl$Transaction.apply:3135 android.view.SurfaceControl$Transaction.apply:3122 android.view.SurfaceControl$Transaction.apply:3078 com.android.wm.shell.transition.Transitions.onFinish:308 com.android.wm.shell.transition.Transitions$$ExternalSyntheticLambda8.onTransitionFinished:10 com.android.wm.shell.transition.DefaultTransitionHandler$$ExternalSyntheticLambda6.run:36
08-13 16:19:55.367  1111  1732 I SurfaceFlinger: id=233777 Removed Splash Screen com.example.cupcake$_2127#233777 (189)
08-13 16:19:55.369  4917  4917 I InputMethodService: scheduleImeSurfaceRemoval: canceled, mShowInputRequested=false, mWindowVisible=false, IsmWindowNull=false, IsmImeSurfaceRemoverRunnableNotNull=true
08-13 16:19:55.369  2742  2742 I HoneySpace.RectFAnimation: animateToFinalPosition RectF(464.6093, 1805.3566, 615.3907, 1955.809)
08-13 16:19:55.369  2742  2742 I HoneySpace.RectFAnimation: animateToFinalPosition RectF(464.70898, 1805.4045, 615.291, 1955.7417)
08-13 16:19:55.369  2742  2887 I HoneySpace.TopTaskSource: onTaskRemoved: 2230
08-13 16:19:55.370  2742  4755 I VRI[LauncherActivity]@3489192: mWNT: t=0xb400007609162750 mBlastBufferQueue=0xb4000075191609b0 fn= 41 HdrRenderState mRenderHdrSdrRatio=1.0 caller= com.android.systemui.shared.launcher.ViewRootImplCompat.mergeWithNextTransaction:4 com.honeyspace.transition.utils.SurfaceTransactionApplier.scheduleApply$lambda$1:26 com.honeyspace.transition.utils.SurfaceTransactionApplier.b:0
08-13 16:19:55.372  2127  4202 I WallpaperService: dispatchAppVisibility: system, visible=false , mLidState = -1
08-13 16:19:55.374  2127  2436 I WallpaperService: reportVisibility: visibility changed. visible=false
08-13 16:19:55.375  2127  2436 I ImageWallpaper_5[Image]:  onVisibilityChanged: visible=false , displayId=0
08-13 16:19:55.376  1111  1111 E SurfaceFlinger: alpha changed 1.000 -> 0.000 - Surface(name=39a4c69 InputMethod)/@0x97414dd - animation-leash of insets_animation#233786
08-13 16:19:55.376  1111  1111 I SurfaceFlinger: Layer [Task=1#52] hidden!! flag(1)
08-13 16:19:55.376  1111  1111 I SurfaceFlinger: Layer [com.sec.android.app.launcher/com.sec[...]vities.LauncherActivity$_2742#233763] hidden!! flag(1)
08-13 16:19:55.376  1111  1111 I SurfaceFlinger: Layer [ActivityRecord{b3168b5 u0 com.sec.an[...].activities.LauncherActivity t6}#123] hidden!! flag(1)
08-13 16:19:55.376  1111  1111 I SurfaceFlinger: Layer [com.android.systemui.wallpapers.ImageWallpaper$_2127#81] hidden!! flag(1)
08-13 16:19:55.376  1111  1111 I SurfaceFlinger: Layer [WallpaperWindowToken{b638ffb token=android.os.Binder@64ddd8a}#74] hidden!! flag(1)
08-13 16:19:55.376  1111  1111 I SurfaceFlinger: Layer [Task=6#122] hidden!! flag(1)
08-13 16:19:55.376  1111  1111 I SurfaceFlinger: destroyed Splash Screen com.example.cupcake$_2127#233777
08-13 16:19:55.376  1111  1111 I SurfaceFlinger: [LayerHierarchy{RequestedLayerState{Task=1#52 parentId=11} 2 children}] reparent to LayerHierarchy{RequestedLayerState{DefaultTaskDisplayArea_d0#11 parentId=10} 8 children}
08-13 16:19:55.376  1111  1111 I SurfaceFlinger: [LayerHierarchy{RequestedLayerState{WallpaperWindowToken{b638ffb token=android.os.Binder@64ddd8a}#74 parentId=9 z=1} 1 children}] reparent to LayerHierarchy{RequestedLayerState{Leaf:1:1#9 parentId=8} 2 children}
08-13 16:19:55.376  1111  1111 I SurfaceFlinger: [LayerHierarchy{RequestedLayerState{Transition Root: Task=2231#233782 z=3} 1 children}] reparent to OffscreenRoot
08-13 16:19:55.376  1111  1111 I SurfaceFlinger: [LayerHierarchy{RequestedLayerState{Transition Root: Task=2231#233782 z=3} 1 children}] RelativeParent to null
08-13 16:19:55.376  1111  1111 I SurfaceFlinger: [LayerHierarchy{RequestedLayerState{Task=2231#233774 parentId=11 z=3} 1 children}] reparent to LayerHierarchy{RequestedLayerState{DefaultTaskDisplayArea_d0#11 parentId=10} 8 children}
08-13 16:19:55.378  1111  1111 I Layer   : id=233777 Destroyed Splash Screen com.example.cupcake$_2127#233777
08-13 16:19:55.379  1111  1111 I SurfaceFlinger: id=233782 Removed Transition Root: Task=2231#233782 (188)
08-13 16:19:55.379  1111  1111 I SurfaceFlinger: id=233776 Removed 370ec1c Splash Screen com.example.cupcake#233776 (188)
08-13 16:19:55.379  1282  1615 D SyntheticPasswordManager.SDP: Inside fromBytes() - result.pinLength : -1
08-13 16:19:55.379  1282  1615 D SyntheticPasswordManager.SDP: 2. result.secureMode : 0
08-13 16:19:55.380  2127  2127 D NavigationBar: setImeWindowStatus displayId=0 vis=0 backDisposition=0 showImeSwitcher=false imeShown=false
08-13 16:19:55.383  2742  1821 I HoneySpace.RecentTasks: onRecentTasksChanged
08-13 16:19:55.392  2127  2127 D SystemUIService: SYSUI_RAM_OPTIMIZATION onTrimMemory=20
08-13 16:19:55.392  2127  2127 D CentralSurfaces: SYSUI_RAM_OPTIMIZATION onTrimMemory=20
08-13 16:19:55.392  1244  6944 I CameraService: onUidStateChanged: uid=10222, procState is changed. (3 -> 5)
08-13 16:19:55.393  1111  1111 D SurfaceFlinger: Display 4633128672291735932 HWC layers:
08-13 16:19:55.393  1111  1111 D SurfaceFlinger:        DEVICE |   0xb4000079e2907250 | 0001 | RGBA_8888    |    0.0    0.0 1080.0 2340.0 |    0    0 1080 2340 | com.example.cupcake/androidx.activity.ComponentActivity$_5596#233779 (1)
08-13 16:19:55.393  1111  1111 D SurfaceFlinger:        DEVICE |   0xb4000079e28be850 | 0001 | RGBA_8888    |    0.0    0.0 1080.0   80.0 |    0    0 1080   80 | StatusBar$_2127#106 (79521)
08-13 16:19:55.393  1111  1111 D SurfaceFlinger:        DEVICE |   0xb4000079e28eb950 | 0001 | RGBA_8888    |    0.0    0.0 1080.0  135.0 |    0 2205 1080 2340 | NavigationBar0$_2127#101 (129899)
08-13 16:19:55.393  1111  1111 D SurfaceFlinger:        DEVICE |   0xb4000079e2910550 | 0001 | RGBA_8888    |    0.0  249.0 1034.0  827.0 |   46    0 1080  578 | $_4855#233489 (390)
08-13 16:19:55.393  1111  1111 D SurfaceFlinger:
08-13 16:19:55.394  2742  1821 I HoneySpace.HistoryViewModel@160600677@OneUI: Illegal access. Unknown type. skip load history items
08-13 16:19:55.394  1111  1111 I SurfaceFlinger: destroyed 370ec1c Splash Screen com.example.cupcake#233776
08-13 16:19:55.394  1111  1111 I SurfaceFlinger: destroyed Transition Root: Task=2231#233782
08-13 16:19:55.394  1244  6944 I CameraService: onUidStateChanged: uid=10219, procState is changed. (3 -> 5)
08-13 16:19:55.395  1111  1111 I Layer   : id=233782 Destroyed Transition Root: Task=2231#233782
08-13 16:19:55.395  1111  1111 I Layer   : id=233776 Destroyed 370ec1c Splash Screen com.example.cupcake#233776
08-13 16:19:55.397  2127  2390 D HWUI    : CacheManager::trimMemory(20)
08-13 16:19:55.401  4917  4917 I InputMethodService: removeImeSurface
08-13 16:19:55.401  4917  4917 I InputMethodService: cancelImeSurfaceRemoval: removeCallbacks
08-13 16:19:55.401  2742  4754 I VRI[LauncherActivity]@3489192: mWNT: t=0xb40000760912e9d0 mBlastBufferQueue=0xb4000075191609b0 fn= 42 HdrRenderState mRenderHdrSdrRatio=1.0 caller= com.android.systemui.shared.launcher.ViewRootImplCompat.mergeWithNextTransaction:4 com.honeyspace.transition.utils.SurfaceTransactionApplier.scheduleApply$lambda$1:26 com.honeyspace.transition.utils.SurfaceTransactionApplier.b:0
08-13 16:19:55.403  2742  2742 I VRI[LauncherActivity]@3489192: handleAppVisibility mAppVisible = true visible = false
08-13 16:19:55.403  2742  2742 I HoneySpace.RectFAnimation: animateToFinalPosition RectF(464.70898, 1803.8325, 615.291, 1954.1697)
08-13 16:19:55.403  2742  2742 I HoneySpace.RectFAnimation: animateToFinalPosition RectF(465.0, 1803.9728, 615.0, 1953.9728)
08-13 16:19:55.405  1111  1223 I SurfaceFlinger: id=233773 Removed Surface(name=39a4c69 InputMethod)/@0x97414dd - animation-leash of insets_animation#233773 (186)
08-13 16:19:55.413  1062  6157 I HYPER-HAL: [RequestManager.cpp]releaseLocked(): Released ID : 857422
08-13 16:19:55.414  1111  1111 I SurfaceFlinger: destroyed Surface(name=39a4c69 InputMethod)/@0x97414dd - animation-leash of insets_animation#233773
08-13 16:19:55.415  1111  1111 I Layer   : id=233773 Destroyed Surface(name=39a4c69 InputMethod)/@0x97414dd - animation-leash of insets_animation#233773
08-13 16:19:55.421  1282  3179 V WindowManager: Relayout Window{c2c214a u0 com.sec.android.app.launcher/com.sec.android.app.launcher.activities.LauncherActivity}: viewVisibility=8 req=1080x2340 ty=1 d0
08-13 16:19:55.423  1282  3179 V WindowManager: Relayout hash=c2c214a, pid=2742, syncId=-1: mAttrs={(0,0)(fillxfill) sim={adjust=nothing forwardNavigation} layoutInDisplayCutoutMode=always ty=BASE_APPLICATION fmt=TRANSPARENT wanim=0x1030301
08-13 16:19:55.423  1282  3179 V WindowManager:   fl=81910100
08-13 16:19:55.423  1282  3179 V WindowManager:   pfl=10008840
08-13 16:19:55.423  1282  3179 V WindowManager:   bhv=2
08-13 16:19:55.423  1282  3179 V WindowManager:   fitSides=0
08-13 16:19:55.423  1282  3179 V WindowManager:   frameRateBoostOnTouch=true
08-13 16:19:55.423  1282  3179 V WindowManager:   dvrrWindowFrameRateHint=true screenDimDuration=200000 naviIconColor=0}
08-13 16:19:55.432  2742  2742 I VRI[LauncherActivity]@3489192: Relayout returned: old=(0,0,1080,2340) new=(0,0,1080,2340) relayoutAsync=false req=(1080,2340)8 dur=5 res=0x2 s={false 0x0} ch=true seqId=0
08-13 16:19:55.433  2742  2742 I SearchHoneyPot: onViewCreated: onStop
08-13 16:19:55.434  2742  4826 I HoneySpace.HoneyAppWidgetHost: stopListening, host: @fcf5abe
08-13 16:19:55.434  2742  2742 I HoneySpace.WallpaperAnimator: destroyWallpaperSurface Surface(name=Surface(name=RemoteWallpaperAnim:1:1)/@0xcc52fc5 - animation-leash of remote_wallpaper)/@0x7cddf1
08-13 16:19:55.434  2742  2742 I HoneySpace.WallpaperAnimator: wallpaper animation end [170925526]
08-13 16:19:55.434  2742  2742 I HoneySpace.ContentsAnimator: end call
08-13 16:19:55.435  2742  2742 I VRI[LauncherActivity]@3489192: stopped(true) old = false
08-13 16:19:55.436  1282  1745 I AppWidgetServiceImpl: stopListening callbacks : null
08-13 16:19:55.437  2742  3854 I HoneySpace.WallpaperAnimator: onAnimationCancelled
08-13 16:19:55.437  2742  2742 I HoneySpace.Launcher: !@Boot_EBS_D: Launcher.onStop()
08-13 16:19:55.438  2742  4782 I HoneySpace.Memory-Monitor: scheduleTrim
08-13 16:19:55.440  2742  2742 I HoneySpace.OneUiSpace: onSaveInstanceState honeyScreen=s3.Z@5e3b71f
08-13 16:19:55.443  2742  2742 I HoneySpace.RectFAnimation: animateToFinalPosition RectF(465.0, 1802.0704, 615.0, 1952.0704)
08-13 16:19:55.446 22781 22781 I bmex    : onStop
08-13 16:19:55.451  2742  2742 I HoneySpace.RectFAnimation: animateToFinalPosition RectF(465.0, 1801.714, 615.0, 1951.714)
08-13 16:19:55.452  1111  1111 I SurfaceFlinger: [LayerHierarchy{RequestedLayerState{RemoteWallpaperAnim:1:1#7 parentId=4 z=1} 1 children}] reparent to LayerHierarchy{RequestedLayerState{OneHanded:0:14#4 parentId=3} 5 children}
08-13 16:19:55.452  1111  1111 I SurfaceFlinger: [LayerHierarchy{RequestedLayerState{Surface(name=RemoteWallpaperAnim:1:1)/@0xcc52fc5 - animation-leash of remote_wallpaper#233770 z=1} no children}] reparent to OffscreenRoot
08-13 16:19:55.452  1111  1111 I SurfaceFlinger: [LayerHierarchy{RequestedLayerState{Surface(name=RemoteWallpaperAnim:1:1)/@0xcc52fc5 - animation-leash of remote_wallpaper#233770 z=1} no children}] RelativeParent to null
08-13 16:19:55.452  1111  1111 I SurfaceFlinger: [LayerHierarchy{RequestedLayerState{com.sec.android.app.launcher/com.sec.android.app.launcher.activities.LauncherActivity$_2742#233763} no children}] reparent to OffscreenRoot
08-13 16:19:55.452  1111  1111 I SurfaceFlinger: [LayerHierarchy{RequestedLayerState{com.sec.android.app.launcher/com.sec.android.app.launcher.activities.LauncherActivity$_2742#233763} no children}] RelativeParent to null
08-13 16:19:55.452  1282  1444 D PkgPredictorService-SecIpmManagerServiceImpl: bg information pid:2742 uid:10132 pkgName:com.sec.android.app.launcher
08-13 16:19:55.453  1111  1111 I SurfaceFlinger: id=233763 Removed com.sec.android.app.launcher/com.sec.android.app.launcher.activities.LauncherActivity$_2742#233763 (185)
08-13 16:19:55.453  1111  1111 I SurfaceFlinger: id=233770 Removed Surface(name=RemoteWallpaperAnim:1:1)/@0xcc52fc5 - animation-leash of remote_wallpaper#233770 (185)
08-13 16:19:55.459  2742  2742 I HoneySpace.RectFAnimation: animateToFinalPosition RectF(465.0, 1801.3698, 615.0, 1951.3698)
08-13 16:19:55.459  1111  1111 I SurfaceFlinger: destroyed Surface(name=RemoteWallpaperAnim:1:1)/@0xcc52fc5 - animation-leash of remote_wallpaper#233770
08-13 16:19:55.459  1111  1111 I SurfaceFlinger: destroyed com.sec.android.app.launcher/com.sec.android.app.launcher.activities.LauncherActivity$_2742#233763
08-13 16:19:55.460  1111  1111 I Layer   : id=233763 Destroyed com.sec.android.app.launcher/com.sec.android.app.launcher.activities.LauncherActivity$_2742#233763
08-13 16:19:55.460  1111  1111 I Layer   : id=233770 Destroyed Surface(name=RemoteWallpaperAnim:1:1)/@0xcc52fc5 - animation-leash of remote_wallpaper#233770
08-13 16:19:55.466  2742  2742 I HoneySpace.RectFAnimation: animateToFinalPosition RectF(465.0, 1801.0793, 615.0, 1951.0793)
08-13 16:19:55.475  2742  2742 I HoneySpace.RectFAnimation: animateToFinalPosition RectF(465.0, 1800.7218, 615.0, 1950.7218)
08-13 16:19:55.475  1062  6176 I HYPER-HAL: [RequestManager.cpp]releaseLocked(): Released ID : 850882
08-13 16:19:55.482  2742  2742 I HoneySpace.RectFAnimation: animateToFinalPosition RectF(465.0, 1800.4196, 615.0, 1950.4196)
08-13 16:19:55.491  2742  2742 I HoneySpace.RectFAnimation: animateToFinalPosition RectF(465.0, 1800.1324, 615.0, 1950.1324)
08-13 16:19:55.499  2742  2742 I HoneySpace.RectFAnimation: animateToFinalPosition RectF(465.0, 1799.8606, 615.0, 1949.8606)
08-13 16:19:55.507  2742  2742 I HoneySpace.RectFAnimation: animateToFinalPosition RectF(465.0, 1799.5731, 615.0, 1949.5731)
08-13 16:19:55.516  2742  2742 I HoneySpace.RectFAnimation: animateToFinalPosition RectF(465.0, 1799.3339, 615.0, 1949.3339)
08-13 16:19:55.524  2742  2742 I HoneySpace.RectFAnimation: animateToFinalPosition RectF(465.0, 1799.1096, 615.0, 1949.1096)
08-13 16:19:55.533  2742  2742 I HoneySpace.RectFAnimation: animateToFinalPosition RectF(465.0, 1798.875, 615.0, 1948.875)
08-13 16:19:55.544  2742  2742 I HoneySpace.RectFAnimation: animateToFinalPosition RectF(465.0, 1798.6128, 615.0, 1948.6128)
08-13 16:19:55.546 23813 23813 I NotifySyncService_23813_23813: onNotificationPosted Id:1332 key:0|com.samsung.android.app.smartcapture|1332|null|10190 PackageName:com.samsung.android.app.smartcapture IsOngoing:true PostTime:1755091195325 currentDeviceModel.connected: false
08-13 16:19:55.546 23813 23813 I NotifySyncService_23813_23813: onNotificationPosted Id:1332 , appName : Samsung yakalama
08-13 16:19:55.547 23813 23813 I NotifySyncService_23813_23813:  isOngoing = true isIncomingCall = false
08-13 16:19:55.550  2742  2742 I HoneySpace.RectFAnimation: animateToFinalPosition RectF(465.0, 1798.4595, 615.0, 1948.4595)
08-13 16:19:55.550  2742  6184 I HoneySpace.NotificationListener: onNotificationPosted com.samsung.android.app.smartcapture: 0|com.samsung.android.app.smartcapture|1332|null|10190: 0
08-13 16:19:55.550  2742  6184 I HoneySpace.BadgeDataSourceImpl: Get notification count. PK(p='com.samsung.android.app.smartcapture', u=UserHandle{0}) - forceBadgeCount: false, notification listener: 1, badge provider: 0
08-13 16:19:55.550 23813 21995 I NotifyLogUtils_23813_21995: isIgnoringBatteryOptimizations true
08-13 16:19:55.551  2742  2742 I HoneySpace.FloatingAnimator: [Player:A(54.844)] spring set end called
08-13 16:19:55.551  2742  2742 I HoneySpace.FloatingAnimator: [Player:A(54.844)] reset
08-13 16:19:55.551  2742  2742 I HoneySpace.FloatingAnimator: playerCount : 0
08-13 16:19:55.551  2742  2742 I HoneySpace.FloatingFinishHelper: finishInProgress: true
08-13 16:19:55.551  2742  2742 I HoneySpace.AppCloseAnimationDelegate: animatorSet end
08-13 16:19:55.551  2742  2742 I HoneySpace.DeJankUtils: postAfterTraversal is called com.honeyspace.common.performance.JankWrapper$addCujInstrumentation$1$4$1@8a37064, immediate : true detail : app transition end
08-13 16:19:55.551  2742  2742 I HoneySpace.AnimationResult: finish, true
08-13 16:19:55.551  2742  2742 I HoneySpace.RunnableList: executeAllAndClear() called, size: 1
08-13 16:19:55.551  2742  2742 I HoneySpace.FloatingFinishHelper: isAppShow reset, immediate
08-13 16:19:55.551 23813 21991 I AccountManagerService_23813_21991: log: getAccounts: accountType com.xiaomi, caller's uid 10349, pid 23813
08-13 16:19:55.552 23813 21991 I SecureDatabase_23813_21991: log: query: accounts, columns=[_id,type,name], selection=null, selectionArgs=null, groupBy=null, having=null, orderBy=null, limit=null
08-13 16:19:55.552 23813 21991 I SecureDatabase_23813_21991: log: query: cursor count=1
08-13 16:19:55.552  2127  2127 D InterruptionStateProvider:  no Heads up : edgelighting enabled app. 0|com.samsung.android.app.smartcapture|1332|null|10190
08-13 16:19:55.552 23813 21991 I SecureDatabase_23813_21991: log: query: row=[1,com.xiaomi,6521150625]
08-13 16:19:55.552 23813 21991 I AccountManagerService_23813_21991: log: validateAccountsAndPopulateCache>>>accountId=1 accountType=com.xiaomi accountName=6521150625
08-13 16:19:55.553 23813 21991 I AccountManagerService_23813_21991: log: getAccounts: accountType com.xiaomi, caller's uid 10349, pid 23813
08-13 16:19:55.554 23813 21991 I SecureDatabase_23813_21991: log: query: accounts, columns=[_id,type,name], selection=null, selectionArgs=null, groupBy=null, having=null, orderBy=null, limit=null
08-13 16:19:55.555 23813 21991 I SecureDatabase_23813_21991: log: query: cursor count=1
08-13 16:19:55.555 23813 21991 I SecureDatabase_23813_21991: log: query: row=[1,com.xiaomi,6521150625]
08-13 16:19:55.556 23813 21991 I AccountManagerService_23813_21991: log: validateAccountsAndPopulateCache>>>accountId=1 accountType=com.xiaomi accountName=6521150625
08-13 16:19:55.558  2742  2742 I HoneySpace.RectFAnimation: animateToFinalPosition RectF(465.0, 1798.3163, 615.0, 1948.3163)
08-13 16:19:55.558  2742  2742 I HoneySpace.DeJankUtils: traversals callback's received
08-13 16:19:55.558  2742  2742 I HoneySpace.DeJankUtils: doActionRunnable is called com.honeyspace.common.performance.JankWrapper$addCujInstrumentation$1$4$1@8a37064, immediate = true, detail : app transition end
08-13 16:19:55.559  2742  2742 I HoneySpace.AppTransitionAnimationAwait: proceed 1
08-13 16:19:55.559 23813 30394 W FA      : Failed to retrieve Firebase Instance Id
08-13 16:19:55.560  2127  2127 D SubscreenNotificationListCoordinator: onAfterRenderList() isSubScreen = false, pluginLockMode = 0, doNotShowOnCover = false
08-13 16:19:55.561  2742  2742 I HoneySpace.FloatingFinishHelper: finishInProgress: false
08-13 16:19:55.563  2127  2127 I LockscreenNotificationIconsOnlyController: onNotificationInfoUpdated 0
08-13 16:19:55.563  2127  2127 I AODNotificationManager: updateNotification()
08-13 16:19:55.566  2742  2742 I HoneySpace.RectFAnimation: animateToFinalPosition RectF(465.0, 1798.1646, 615.0, 1948.1646)
08-13 16:19:55.568  6207 30474 D AdvertisingIdClient: AdvertisingIdClient already created.
08-13 16:19:55.569  6207 30474 W AdvertisingIdSettings: Package com.xiaomi.wearable failed Ad Id permission check. Apps that target Android SDK 33 or higher should declare com.google.android.gms.permission.AD_ID in the app manifest to access Ad Id.
08-13 16:19:55.570  6207 30474 I AdvertisingIdClient: shouldSendLog 760216926
08-13 16:19:55.570  6207 30474 I AdvertisingIdClient: GetInfoInternal elapse 2ms
08-13 16:19:55.572 23813 30394 W FA      : Failed to retrieve Firebase Instance Id
08-13 16:19:55.576  2742  2742 I HoneySpace.RectFAnimation: animateToFinalPosition RectF(465.0, 1797.9918, 615.0, 1947.9918)
08-13 16:19:55.577  6207  6207 D BoundBrokerSvc: onUnbind: Intent { act=com.google.android.gms.safetynet.service.START pkg=com.google.android.gms }
08-13 16:19:55.584  2742  2742 I HoneySpace.RectFAnimation: animateToFinalPosition RectF(465.0, 1797.8666, 615.0, 1947.8666)
08-13 16:19:55.590 23813 30394 W FA      : Failed to retrieve Firebase Instance Id
08-13 16:19:55.591  2742  2742 I HoneySpace.RectFAnimation: animateToFinalPosition RectF(465.0, 1797.7659, 615.0, 1947.7659)
08-13 16:19:55.600  2742  2742 I HoneySpace.RectFAnimation: animateToFinalPosition RectF(465.0, 1797.0, 615.0, 1947.0)
08-13 16:19:55.600  2742  2742 I HoneySpace.SpringAnimPlayer: [Player:A(54.844)] spring onAnimationEnd
08-13 16:19:55.605 23813 30394 W FA      : Failed to retrieve Firebase Instance Id
08-13 16:19:55.628 23813 30394 W FA      : Failed to retrieve Firebase Instance Id
08-13 16:19:55.633  2742  2742 I HoneySpace.RectFAnimation: animation ended
08-13 16:19:55.633  2742  2742 I HoneySpace.SpringAnimPlayer: [Player:A(54.844)] floating spring animator end
08-13 16:19:55.637 23813 30394 W FA      : Failed to retrieve Firebase Instance Id
08-13 16:19:55.643  6225  5259 I NetworkScheduler: (REDACTED) Error inserting %s
08-13 16:19:55.648  5596  5596 W WindowOnBackDispatcher: OnBackInvokedCallback is not enabled for the application.
08-13 16:19:55.648  5596  5596 W WindowOnBackDispatcher: Set 'android:enableOnBackInvokedCallback="true"' in the application manifest.
08-13 16:19:55.649  1066  4972 I ExynosC2H264EncComponent: [onUpdateC2Work] got SYNC FRAME
08-13 16:19:55.651 23813 30394 W FA      : Failed to retrieve Firebase Instance Id
08-13 16:19:55.665 23813 30394 W FA      : Failed to retrieve Firebase Instance Id
08-13 16:19:55.691  6225  4501 I NetworkScheduler: (REDACTED) Error inserting %s
08-13 16:19:55.737  3974  4027 E d       : (Berry)(1.16)handleAudioPathTask() : can't get dual play mode - Attempt to invoke virtual method 'boolean android.bluetooth.BluetoothA2dp.semIsDualPlayMode()' on a null object reference
08-13 16:19:55.752  2127  2127 D Bubbles : onEntryUpdated : shouldBubbleUp=false ,key=0|com.samsung.android.app.smartcapture|1332|null|10190
08-13 16:19:55.753  2127  2127 D InterruptionStateProvider:  no Heads up : edgelighting enabled app. 0|com.samsung.android.app.smartcapture|1332|null|10190
08-13 16:19:55.759  2127  2127 D SubscreenNotificationListCoordinator: onAfterRenderList() isSubScreen = false, pluginLockMode = 0, doNotShowOnCover = false
08-13 16:19:55.760  2127  2127 D SecKeyguardClockPositionAlgorithm: getTopMargin scale = 1.2690217, clockContainerHeight = 389, scaleMarginY = -41
08-13 16:19:55.765  2127  2127 I LockscreenNotificationIconsOnlyController: onNotificationInfoUpdated 0
08-13 16:19:55.765  2127  2127 I AODNotificationManager: updateNotification()
08-13 16:19:55.771  2127  2816 D LocalImageResolver: Couldn't use ImageDecoder for drawable, falling back to non-resized load.
08-13 16:19:55.773  2127  2816 D LocalImageResolver: Couldn't use ImageDecoder for drawable, falling back to non-resized load.
08-13 16:19:55.775  2127  2127 I AppIconSolution: return adaptive icon for com.samsung.android.app.smartcapture, isNight = true
08-13 16:19:55.784  2127  2127 D SecKeyguardClockPositionAlgorithm: getTopMargin scale = 1.2690217, clockContainerHeight = 389, scaleMarginY = -41
08-13 16:19:55.790  2127  2127 D S.S.N.  : entryViewBound parent :0|com.samsung.android.app.smartcapture|1332|null|10190
08-13 16:19:55.791  2127  2127 I AppIconSolution: return adaptive icon for com.samsung.android.app.smartcapture, isNight = true
08-13 16:19:55.797  2127  2127 D SubscreenNotificationListCoordinator: onAfterRenderList() isSubScreen = false, pluginLockMode = 0, doNotShowOnCover = false
08-13 16:19:55.801  2127  2127 D SecKeyguardClockPositionAlgorithm: getTopMargin scale = 1.2690217, clockContainerHeight = 389, scaleMarginY = -41
08-13 16:19:55.802  2127  2127 I LockscreenNotificationIconsOnlyController: onNotificationInfoUpdated 0
08-13 16:19:55.802  2127  2127 I AODNotificationManager: updateNotification()
08-13 16:19:56.104  1282  3019 I NSLocationMonitor: getGPSUsingApps() called
08-13 16:19:56.105  2952 32690 I NSLocationManager_FLP: getGPSUsingApps, No change
08-13 16:19:56.115  1062  6130 I HYPER-HAL: [RequestManager.cpp]releaseLocked(): Released ID : 9607551
08-13 16:19:56.255  1282  4478 V GrammaticalInflectionUtils: AttributionSource: AttributionSource { uid = 10419, packageName = null, attributionTag = null, token = android.os.Binder@88f1d92, deviceId = 0, next = null } does not have READ_SYSTEM_GRAMMATICAL_GENDER permission.
08-13 16:19:56.256  1282  2936 I SemDvfsHyPerManager: acquire hyper - AMS_APP_SWITCH/1282@26, type = -999
08-13 16:19:56.256  1062  1149 I HYPER-HAL: [RequestManager.cpp]acquire(): Acquired ID : 856112  [1282 / 26]    HINT : AMS_APP_SWITCH    list :
08-13 16:19:56.257  1111  1163 I SurfaceFlinger: id=233787 createSurf, flag=24004, Task=2232#233787
08-13 16:19:56.257  4368  4368 I SemDvfsHyPerManager: acquire hyper - APP_START_SHORT/4368@14, type = -999
08-13 16:19:56.257  1111  1111 I SurfaceFlinger: [Task=2232#233787] attach to parent LayerHierarchy{RequestedLayerState{DefaultTaskDisplayArea_d0#11 parentId=10} 9 children}
08-13 16:19:56.258  1062  1149 I HYPER-HAL: [RequestManager.cpp]acquire(): Acquired ID : 9603167  [4368 / 14]    HINT : APP_START    list : [TIMEOUT / 1500]
08-13 16:19:56.258  1111  1163 I SurfaceFlinger: id=233788 createSurf, flag=84004, ActivityRecord{acbb6da u0 com.example.cupcake.test/androidx.test.core.app.InstrumentationActivityInvoker$EmptyActivity t2232}#233788
08-13 16:19:56.266  1111  1111 I SurfaceFlinger: [ActivityRecord{acbb6da u0 com.example.cupcake.test/androidx.test.core.app.InstrumentationActivityInvoker$EmptyActivity t2232}#233788] attach to parent LayerHierarchy{RequestedLayerState{Task=2232#233787 parentId=11} 1 children}
08-13 16:19:56.267  1282  4478 I SemDvfsHyPerManager: acquire hyper - AMS_APP_LAUNCH/1282@21, type = -999
08-13 16:19:56.267  1062  1149 I HYPER-HAL: [RequestManager.cpp]acquire(): Acquired ID : 849577  [1282 / 21]    HINT : AMS_APP_LAUNCH    list :
08-13 16:19:56.268  2127  2334 I ViewRootImpl: dVRR is disabled
08-13 16:19:56.269  2127  2390 D NativeCustomFrequencyManager: [NativeCFMS] BpCustomFrequencyManager::BpCustomFrequencyManager()
08-13 16:19:56.270  5596  5596 D LifecycleMonitor: Lifecycle status change: androidx.activity.ComponentActivity@89577e6 in: PAUSED
08-13 16:19:56.270  5596  5596 V ActivityScenario: Update currentActivityStage to PAUSED, currentActivity=androidx.activity.ComponentActivity@89577e6
08-13 16:19:56.270  3157  3157 E pageboostd: Received HALT command code 2
08-13 16:19:56.270  1244  6944 I CameraService: onUidStateChanged: uid=10043, procState is changed. (0 -> 1)
08-13 16:19:56.271  4368  4368 I SemDvfsHyPerManager: acquire hyper - APP_START/4368@16, type = -999
08-13 16:19:56.271  1062  1149 I HYPER-HAL: [RequestManager.cpp]acquire(): Acquired ID : 9611936  [4368 / 16]    HINT : APP_START    list :
08-13 16:19:56.273  1282  4478 D InputDispatcher: Focused application(0): ActivityRecord{acbb6da u0 com.example.cupcake.test/androidx.test.core.app.InstrumentationActivityInvoker$EmptyActivity t2232}
08-13 16:19:56.276  1282  1615 D GraphicsStatsService: requestRenderEngineFor(com.example.cupcake.test)
08-13 16:19:56.278  1282  4402 D InputTransport: Input channel constructed: '5da4732', fd=981
08-13 16:19:56.278  1282  4402 D InputTransport: Input channel constructed: '5da4732', fd=1007
08-13 16:19:56.279  1282  4402 D InputTransport: Input channel constructed: '5da4732', fd=1020
08-13 16:19:56.279  1111  1730 I SurfaceFlinger: id=233789 createSurf, flag=84004, 5da4732 Splash Screen com.example.cupcake.test#233789
08-13 16:19:56.282  1282  4402 D InputTransport: Input channel destroyed: '5da4732', fd=1020
08-13 16:19:56.284  1282  1967 D AS.MultiSoundManager: mForegroundUid = 10419
08-13 16:19:56.285  1111  1111 I SurfaceFlinger: [LayerHierarchy{RequestedLayerState{ImeContainer#16 parentId=233775 relativeParentId=233775 z=1} 1 children}] RelativeParent to null
08-13 16:19:56.285  1111  1111 I SurfaceFlinger: [5da4732 Splash Screen com.example.cupcake.test#233789] attach to parent LayerHierarchy{RequestedLayerState{ActivityRecord{acbb6da u0 com.example.cupcake.test/androidx.test.core.app.InstrumentationActivityInvoker$EmptyActivity t2232}#233788 parentId=233787} 1 children}
08-13 16:19:56.287  2127  2334 D InputTransport: Input channel constructed: '5da4732', fd=457
