08-13 16:19:52.067  2127  2127 D CentralSurfaces: SYSUI_RAM_OPTIMIZATION onTrimMemory=20
08-13 16:19:52.068  2127  2390 D HWUI    : CacheManager::trimMemory(20)
08-13 16:19:52.071  4917  4917 I InputMethodService: removeImeSurface
08-13 16:19:52.071  4917  4917 I InputMethodService: cancelImeSurfaceRemoval: removeCallbacks
08-13 16:19:52.071  1282  4376 V WindowManager: Relayout Window{7d362d4 u0 Splash Screen com.example.cupcake}: viewVisibility=8 req=1080x2340 ty=3 d0
08-13 16:19:52.072  2742  2742 I HoneySpace.RectFAnimation: animateToFinalPosition RectF(465.0, 1798.5239, 615.0, 1948.5239)
08-13 16:19:52.074  2742  2742 I HoneySpace.WallpaperAnimator: destroyWallpaperSurface Surface(name=Surface(name=RemoteWallpaperAnim:1:1)/@0xcc52fc5 - animation-leash of remote_wallpaper)/@0xbec1554
08-13 16:19:52.074  2742  2742 I HoneySpace.WallpaperAnimator: wallpaper animation end [194513311]
08-13 16:19:52.078  1282  4376 V WindowManager: Relayout hash=7d362d4, pid=2127, syncId=-1: mAttrs={(0,0)(fillxfill) sim={adjust=pan} layoutInDisplayCutoutMode=always ty=APPLICATION_STARTING fmt=TRANSLUCENT wanim=0x1030312
08-13 16:19:52.078  1282  4376 V WindowManager:   fl=81030118
08-13 16:19:52.078  1282  4376 V WindowManager:   pfl=10000810
08-13 16:19:52.078  1282  4376 V WindowManager:   apr=18
08-13 16:19:52.078  1282  4376 V WindowManager:   bhv=1
08-13 16:19:52.078  1282  4376 V WindowManager:   fitSides=0
08-13 16:19:52.078  1282  4376 V WindowManager:   frameRateBoostOnTouch=true
08-13 16:19:52.078  1282  4376 V WindowManager:   dvrrWindowFrameRateHint=true naviIconColor=0}
08-13 16:19:52.078  2742  4754 I VRI[LauncherActivity]@3489192: mWNT: t=0xb400007609311110 mBlastBufferQueue=0xb4000075190eebd0 fn= 51 HdrRenderState mRenderHdrSdrRatio=1.0 caller= com.android.systemui.shared.launcher.ViewRootImplCompat.mergeWithNextTransaction:4 com.honeyspace.transition.utils.SurfaceTransactionApplier.scheduleApply$lambda$1:26 com.honeyspace.transition.utils.SurfaceTransactionApplier.b:0
08-13 16:19:52.080  2127  2334 I VRI[cupcake]@1da36f4: Relayout returned: old=(0,0,1080,2340) new=(0,0,1080,2340) relayoutAsync=false req=(1080,2340)8 dur=8 res=0x2 s={false 0x0} ch=true seqId=0
08-13 16:19:52.080  2127  2334 D VRI[cupcake]@1da36f4: Not drawing due to not visible. Reason=View.GONE
08-13 16:19:52.081  2127  2334 W WindowOnBackDispatcher: sendCancelIfRunning: isInProgress=false callback=android.view.ViewRootImpl$$ExternalSyntheticLambda15@44591bf
08-13 16:19:52.085  2127  2334 I VRI[cupcake]@1da36f4: dispatchDetachedFromWindow
08-13 16:19:52.088  1282  1908 D InputTransport: Input channel destroyed: '7d362d4', fd=932
08-13 16:19:52.088  1282  1908 W InputManager-JNI: Input channel object '7d362d4 Splash Screen com.example.cupcake (client)' was disposed without first being removed with the input manager!
08-13 16:19:52.088  1282  1908 D InputTransport: Input channel destroyed: '7d362d4', fd=1007
08-13 16:19:52.089  2742  4755 I VRI[LauncherActivity]@3489192: mWNT: t=0xb400007609359090 mBlastBufferQueue=0xb4000075190eebd0 fn= 52 HdrRenderState mRenderHdrSdrRatio=1.0 caller= com.android.systemui.shared.launcher.ViewRootImplCompat.mergeWithNextTransaction:4 com.honeyspace.transition.utils.SurfaceTransactionApplier.scheduleApply$lambda$1:26 com.honeyspace.transition.utils.SurfaceTransactionApplier.b:0
08-13 16:19:52.089  2742  2742 I HoneySpace.RectFAnimation: animateToFinalPosition RectF(465.0, 1798.1827, 615.0, 1948.1827)
08-13 16:19:52.090  2742  2742 I HoneySpace.FloatingAnimator: [Player:A(51.368)] spring set end called
08-13 16:19:52.090  2742  2742 I HoneySpace.FloatingAnimator: [Player:A(51.368)] reset
08-13 16:19:52.090  2742  2742 I HoneySpace.FloatingAnimator: playerCount : 0
08-13 16:19:52.090  2742  2742 I HoneySpace.FloatingFinishHelper: finishInProgress: true
08-13 16:19:52.090  2742  2742 I HoneySpace.AppCloseAnimationDelegate: animatorSet end
08-13 16:19:52.090  2742  2742 I HoneySpace.DeJankUtils: postAfterTraversal is called com.honeyspace.common.performance.JankWrapper$addCujInstrumentation$1$4$1@d12dfdc, immediate : true detail : app transition end
08-13 16:19:52.090  2742  2742 I HoneySpace.AnimationResult: finish, true
08-13 16:19:52.090  2742  2742 I HoneySpace.RunnableList: executeAllAndClear() called, size: 1
08-13 16:19:52.092  2742  2742 I HoneySpace.FloatingFinishHelper: isAppShow reset, immediate
08-13 16:19:52.093  2127  2334 D InputTransport: Input channel destroyed: '7d362d4', fd=526
08-13 16:19:52.097  1111  1111 I SurfaceFlinger: Layer [Splash Screen com.example.cupcake$_2127#233697] hidden!! flag(1)
08-13 16:19:52.099  2127  2127 D SamsungLightBarControlHelper: updateStatusBar (WHITE icon) numStacks:1, StatusBarMode:MODE_TRANSPARENT, lightBarBounds:[], StatusBarState:SHADE, packageName:, isWhiteKeyguardStatusBar:false
08-13 16:19:52.100  2127  2127 D SamsungLightBarControlHelper: onStatusBarAppearanceChanged() -  sbModeChanged:false, statusBarMode:0, barState:MODE_TRANSPARENT, isKeyguardShowing:false, navbarColorManagedByIme:false, (AppearanceRegion{ bounds=[0,0][1080,2340]}, )
08-13 16:19:52.103  2742  2742 I HoneySpace.RectFAnimation: animateToFinalPosition RectF(465.0, 1797.9435, 615.0, 1947.9435)
08-13 16:19:52.103  2742  2742 I HoneySpace.DeJankUtils: traversals callback's received
08-13 16:19:52.103  2742  2742 I HoneySpace.DeJankUtils: doActionRunnable is called com.honeyspace.common.performance.JankWrapper$addCujInstrumentation$1$4$1@d12dfdc, immediate = true, detail : app transition end
08-13 16:19:52.103  2742  2742 I HoneySpace.AppTransitionAnimationAwait: proceed 1
08-13 16:19:52.103  2742  2742 I HoneySpace.FloatingFinishHelper: finishInProgress: false
08-13 16:19:52.104  2742  4754 I VRI[LauncherActivity]@3489192: mWNT: t=0xb4000076092f4d90 mBlastBufferQueue=0xb4000075190eebd0 fn= 53 HdrRenderState mRenderHdrSdrRatio=1.0 caller= com.android.systemui.shared.launcher.ViewRootImplCompat.mergeWithNextTransaction:4 com.honeyspace.transition.utils.SurfaceTransactionApplier.scheduleApply$lambda$1:26 com.honeyspace.transition.utils.SurfaceTransactionApplier.b:0
08-13 16:19:52.105  1282  1447 I SurfaceControl: apply, lowDebugName=RemoveStartingRevealAnim, caller=android.view.SurfaceControl$Transaction.apply:3122 android.view.SurfaceControl$Transaction.apply:3078 com.android.server.wm.WindowAnimator.animate:380 com.android.server.wm.WindowAnimator$$ExternalSyntheticLambda1.doFrame:14 android.view.Choreographer$CallbackRecord.run:1749 android.view.Choreographer$CallbackRecord.run:1760
08-13 16:19:52.108  2742  3178 I HoneySpace.WallpaperAnimator: onAnimationCancelled
08-13 16:19:52.109  2742  2742 I HoneySpace.RectFAnimation: animateToFinalPosition RectF(465.0, 1797.8517, 615.0, 1947.8517)
08-13 16:19:52.115  1111  1111 D SurfaceFlinger: Display 4633128672291735932 HWC layers:
08-13 16:19:52.115  1111  1111 D SurfaceFlinger:        DEVICE |   0xb4000079e28c6110 | 0000 | RGBA_8888    |    0.0    0.0 1080.0 2340.0 |    0    0 1080 2340 | Wallpaper BBQ wrapper 5_system#82 (19)
08-13 16:19:52.115  1111  1111 D SurfaceFlinger:        DEVICE |   0xb4000079e28e1d90 | 0001 | RGBA_8888    |    0.0    0.0 1080.0 2340.0 |    0    0 1080 2340 | com.sec.android.app.launcher/com.sec[...]vities.LauncherActivity$_2742#233683 (50)
08-13 16:19:52.115  1111  1111 D SurfaceFlinger:        CLIENT |   0xb4000079e28c0990 | 0001 | RGBA_8888    |    0.0    0.0 1080.0 2284.0 |    3   63 1077 2333 | com.example.cupcake/androidx.activity.ComponentActivity$_5596#233698 (1)
08-13 16:19:52.115  1111  1111 D SurfaceFlinger:        DEVICE |   0xb4000079e28be850 | 0001 | RGBA_8888    |    0.0    0.0 1080.0   80.0 |    0    0 1080   80 | StatusBar$_2127#106 (79461)
08-13 16:19:52.115  1111  1111 D SurfaceFlinger:        DEVICE |   0xb4000079e2935310 | 0001 | RGBA_8888    |    0.0    0.0 1080.0  135.0 |    0 2205 1080 2340 | NavigationBar0$_2127#101 (129844)
08-13 16:19:52.115  1111  1111 D SurfaceFlinger:        DEVICE |   0xb4000079e2910550 | 0001 | RGBA_8888    |    0.0  249.0 1034.0  827.0 |   46    0 1080  578 | $_4855#233489 (386)
08-13 16:19:52.115  1111  1111 D SurfaceFlinger:
08-13 16:19:52.117  1111  1111 I SurfaceFlinger: [LayerHierarchy{RequestedLayerState{RemoteWallpaperAnim:1:1#7 parentId=4 z=1} 1 children}] reparent to LayerHierarchy{RequestedLayerState{OneHanded:0:14#4 parentId=3} 5 children}
08-13 16:19:52.117  1111  1111 I SurfaceFlinger: [LayerHierarchy{RequestedLayerState{ImeContainer#16 parentId=233694 relativeParentId=233696 z=1} 1 children}] RelativeParent to LayerHierarchy{RequestedLayerState{1ae5d6e com.example.cupcake/androidx.activity.ComponentActivity#233696 parentId=233694} 2 children}
08-13 16:19:52.117  1111  1111 I SurfaceFlinger: [LayerHierarchy{RequestedLayerState{Surface(name=RemoteWallpaperAnim:1:1)/@0xcc52fc5 - animation-leash of remote_wallpaper#233690 z=1} no children}] reparent to OffscreenRoot
08-13 16:19:52.117  1111  1111 I SurfaceFlinger: [LayerHierarchy{RequestedLayerState{Surface(name=RemoteWallpaperAnim:1:1)/@0xcc52fc5 - animation-leash of remote_wallpaper#233690 z=1} no children}] RelativeParent to null
08-13 16:19:52.117  1111  1111 I SurfaceFlinger: [LayerHierarchy{RequestedLayerState{Surface(name=1ae5d6e com.example.cupcake/androidx.activity.ComponentActivity)/@0x4ee9e78 - animation-leash of starting_reveal#233703} 1 children}] reparent to OffscreenRoot
08-13 16:19:52.117  1111  1111 I SurfaceFlinger: [LayerHierarchy{RequestedLayerState{Surface(name=1ae5d6e com.example.cupcake/androidx.activity.ComponentActivity)/@0x4ee9e78 - animation-leash of starting_reveal#233703} 1 children}] RelativeParent to null
08-13 16:19:52.117  1111  1111 I SurfaceFlinger: [LayerHierarchy{RequestedLayerState{Splash Screen com.example.cupcake$_2127#233697} no children}] reparent to OffscreenRoot
08-13 16:19:52.117  1111  1111 I SurfaceFlinger: [LayerHierarchy{RequestedLayerState{Splash Screen com.example.cupcake$_2127#233697} no children}] RelativeParent to null
08-13 16:19:52.117  1111  1111 I SurfaceFlinger: [LayerHierarchy{RequestedLayerState{1ae5d6e com.example.cupcake/androidx.activity.ComponentActivity#233696 parentId=233694} 2 children}] reparent to LayerHierarchy{RequestedLayerState{ActivityRecord{f1dc00e u0 com.example.cupcake/androidx.activity.ComponentActivity t2227}#233694 parentId=233693} 4 children}
08-13 16:19:52.117  1111  1111 I SurfaceFlinger: [LayerHierarchy{RequestedLayerState{7d362d4 Splash Screen com.example.cupcake#233695 z=2147483647} no children}] reparent to OffscreenRoot
08-13 16:19:52.117  1111  1111 I SurfaceFlinger: [LayerHierarchy{RequestedLayerState{7d362d4 Splash Screen com.example.cupcake#233695 z=2147483647} no children}] RelativeParent to null
08-13 16:19:52.117  2742  2742 I HoneySpace.RectFAnimation: animateToFinalPosition RectF(465.0, 1797.0, 615.0, 1947.0)
08-13 16:19:52.117  2742  2742 I HoneySpace.SpringAnimPlayer: [Player:A(51.368)] spring onAnimationEnd
08-13 16:19:52.129  1111  1747 D NativeSemDvfsManager: acquire:: timeout = 2000 mIsAcquired = 1  mTagName : SurfaceFlinger
08-13 16:19:52.132  1062  1149 I HYPER-HAL: [RequestManager.cpp]acquire(): Acquired ID : 2230216  [1111 / 1000]    HINT : SF_GPU_MINLOCK    list : [TIMEOUT / 2000]
08-13 16:19:52.132  1111  1747 E NativeCustomFrequencyManager: [NativeCFMS] BpCustomFrequencyManager::acquire()
08-13 16:19:52.138  2127  2303 I SurfaceControlRegistry: apply, t=FinishTransaction_SyncId<20536>, caller=android.view.SurfaceControl$Transaction.apply:3135 android.view.SurfaceControl$Transaction.apply:3122 android.view.SurfaceControl$Transaction.apply:3078 com.android.wm.shell.transition.Transitions.onFinish:308 com.android.wm.shell.transition.Transitions$$ExternalSyntheticLambda8.onTransitionFinished:10 com.android.wm.shell.transition.DefaultTransitionHandler$$ExternalSyntheticLambda6.run:36
08-13 16:19:52.139  1062  6110 I HYPER-HAL: [RequestManager.cpp]releaseLocked(): Released ID : 850882
08-13 16:19:52.141  1111  1162 I SurfaceFlinger: id=233690 Removed Surface(name=RemoteWallpaperAnim:1:1)/@0xcc52fc5 - animation-leash of remote_wallpaper#233690 (178)
08-13 16:19:52.141  1111  1162 I SurfaceFlinger: id=233697 Removed Splash Screen com.example.cupcake$_2127#233697 (178)
08-13 16:19:52.143  2742  2742 I VRI[LauncherActivity]@3489192: handleAppVisibility mAppVisible = true visible = false
08-13 16:19:52.143  1111  1111 I SurfaceFlinger: Layer [Task=1#52] hidden!! flag(1)
08-13 16:19:52.144  1111  1111 I SurfaceFlinger: destroyed Surface(name=RemoteWallpaperAnim:1:1)/@0xcc52fc5 - animation-leash of remote_wallpaper#233690
08-13 16:19:52.144  1111  1111 I SurfaceFlinger: destroyed Splash Screen com.example.cupcake$_2127#233697
08-13 16:19:52.144  1111  1111 I SurfaceFlinger: [LayerHierarchy{RequestedLayerState{Task=1#52 parentId=11} 2 children}] reparent to LayerHierarchy{RequestedLayerState{DefaultTaskDisplayArea_d0#11 parentId=10} 8 children}
08-13 16:19:52.144  1111  1111 I SurfaceFlinger: [LayerHierarchy{RequestedLayerState{WallpaperWindowToken{b638ffb token=android.os.Binder@64ddd8a}#74 parentId=9 z=1} 1 children}] reparent to LayerHierarchy{RequestedLayerState{Leaf:1:1#9 parentId=8} 2 children}
08-13 16:19:52.144  1111  1111 I SurfaceFlinger: [LayerHierarchy{RequestedLayerState{Transition Root: Task=2227#233701 z=3} 1 children}] reparent to OffscreenRoot
08-13 16:19:52.144  1111  1111 I SurfaceFlinger: [LayerHierarchy{RequestedLayerState{Transition Root: Task=2227#233701 z=3} 1 children}] RelativeParent to null
08-13 16:19:52.144  1111  1111 I SurfaceFlinger: [LayerHierarchy{RequestedLayerState{Task=2227#233693 parentId=11 z=3} 1 children}] reparent to LayerHierarchy{RequestedLayerState{DefaultTaskDisplayArea_d0#11 parentId=10} 8 children}
08-13 16:19:52.144  2127  2151 I WallpaperService: dispatchAppVisibility: system, visible=false , mLidState = -1
08-13 16:19:52.144  2127  2436 I WallpaperService: reportVisibility: visibility changed. visible=false
08-13 16:19:52.145  2127  2436 I ImageWallpaper_5[Image]:  onVisibilityChanged: visible=false , displayId=0
08-13 16:19:52.145  1111  1111 I Layer   : id=233690 Destroyed Surface(name=RemoteWallpaperAnim:1:1)/@0xcc52fc5 - animation-leash of remote_wallpaper#233690
08-13 16:19:52.146  1111  1111 I Layer   : id=233697 Destroyed Splash Screen com.example.cupcake$_2127#233697
08-13 16:19:52.146  1111  1111 I SurfaceFlinger: id=233701 Removed Transition Root: Task=2227#233701 (176)
08-13 16:19:52.146  1111  1111 I SurfaceFlinger: id=233695 Removed 7d362d4 Splash Screen com.example.cupcake#233695 (176)
08-13 16:19:52.151  2742  2742 I HoneySpace.RectFAnimation: animation ended
08-13 16:19:52.151  2742  2742 I HoneySpace.SpringAnimPlayer: [Player:A(51.368)] floating spring animator end
08-13 16:19:52.154  1282  2477 D SyntheticPasswordManager.SDP: Inside fromBytes() - result.pinLength : -1
08-13 16:19:52.154  1282  2477 D SyntheticPasswordManager.SDP: 2. result.secureMode : 0
08-13 16:19:52.156  2782  3390 I EPDG -- SIM0 [SMARTWIFI]: isProfiling, hash=209119329, started=false
08-13 16:19:52.157  1111  1111 D SurfaceFlinger: Display 4633128672291735932 HWC layers:
08-13 16:19:52.157  1111  1111 D SurfaceFlinger:        DEVICE |   0xb4000079e28c0990 | 0001 | RGBA_8888    |    0.0    0.0 1080.0 2340.0 |    0    0 1080 2340 | com.example.cupcake/androidx.activity.ComponentActivity$_5596#233698 (1)
08-13 16:19:52.157  1111  1111 D SurfaceFlinger:        DEVICE |   0xb4000079e28bb590 | 0001 | RGBA_8888    |    0.0    0.0 1080.0   80.0 |    0    0 1080   80 | StatusBar$_2127#106 (79464)
08-13 16:19:52.157  1111  1111 D SurfaceFlinger:        DEVICE |   0xb4000079e2935310 | 0001 | RGBA_8888    |    0.0    0.0 1080.0  135.0 |    0 2205 1080 2340 | NavigationBar0$_2127#101 (129844)
08-13 16:19:52.157  1111  1111 D SurfaceFlinger:        DEVICE |   0xb4000079e2910550 | 0001 | RGBA_8888    |    0.0  249.0 1034.0  827.0 |   46    0 1080  578 | $_4855#233489 (386)
08-13 16:19:52.157  1111  1111 D SurfaceFlinger:
08-13 16:19:52.158  1244  6944 I CameraService: onUidStateChanged: uid=10222, procState is changed. (3 -> 5)
08-13 16:19:52.158  1111  1111 I SurfaceFlinger: Layer [ActivityRecord{b3168b5 u0 com.sec.an[...].activities.LauncherActivity t6}#123] hidden!! flag(1)
08-13 16:19:52.158  1111  1111 I SurfaceFlinger: Layer [com.android.systemui.wallpapers.ImageWallpaper$_2127#81] hidden!! flag(1)
08-13 16:19:52.158  1111  1111 I SurfaceFlinger: Layer [com.sec.android.app.launcher/com.sec[...]vities.LauncherActivity$_2742#233683] hidden!! flag(1)
08-13 16:19:52.158  1111  1111 I SurfaceFlinger: Layer [WallpaperWindowToken{b638ffb token=android.os.Binder@64ddd8a}#74] hidden!! flag(1)
08-13 16:19:52.158  1111  1111 I SurfaceFlinger: Layer [Task=6#122] hidden!! flag(1)
08-13 16:19:52.158  1111  1111 I SurfaceFlinger: destroyed 7d362d4 Splash Screen com.example.cupcake#233695
08-13 16:19:52.158  1111  1111 I SurfaceFlinger: destroyed Transition Root: Task=2227#233701
08-13 16:19:52.159  1111  1111 I Layer   : id=233701 Destroyed Transition Root: Task=2227#233701
08-13 16:19:52.159  1111  1111 I Layer   : id=233695 Destroyed 7d362d4 Splash Screen com.example.cupcake#233695
08-13 16:19:52.160  1244  6944 I CameraService: onUidStateChanged: uid=10219, procState is changed. (3 -> 5)
08-13 16:19:52.162  1111  1162 I SurfaceFlinger: id=233688 Removed Surface(name=Task=2226)/@0x7825dad_transition-leash#233688 (174)
08-13 16:19:52.162  1111  1162 I SurfaceFlinger: id=233687 Removed Surface(name=Task=1)/@0xb34b1d7_transition-leash#233687 (174)
08-13 16:19:52.164  2127  2127 D SystemUIService: SYSUI_RAM_OPTIMIZATION onTrimMemory=20
08-13 16:19:52.164  2127  2127 D CentralSurfaces: SYSUI_RAM_OPTIMIZATION onTrimMemory=20
08-13 16:19:52.168  1282  2477 V WindowManager: Relayout Window{c2c214a u0 com.sec.android.app.launcher/com.sec.android.app.launcher.activities.LauncherActivity}: viewVisibility=8 req=1080x2340 ty=1 d0
08-13 16:19:52.169  2742  2755 W id.app.launcher: ApkAssets: Deleting an ApkAssets object '<empty> and /data/app/~~j5QWeu14ay258fAvz9PoVQ==/com.google.android.apps.docs-3iM6ezkvSW1Cc1j4Lci51w==/base.apk' with 1 weak references
08-13 16:19:52.169  2742  2755 W id.app.launcher: ApkAssets: Deleting an ApkAssets object '<empty> and /data/app/~~j5QWeu14ay258fAvz9PoVQ==/com.google.android.apps.docs-3iM6ezkvSW1Cc1j4Lci51w==/split_config.arm64_v8a.apk' with 1 weak references
08-13 16:19:52.169  2742  2755 W id.app.launcher: ApkAssets: Deleting an ApkAssets object '<empty> and /data/app/~~j5QWeu14ay258fAvz9PoVQ==/com.google.android.apps.docs-3iM6ezkvSW1Cc1j4Lci51w==/split_config.tr.apk' with 1 weak references
08-13 16:19:52.169  2742  2755 W id.app.launcher: ApkAssets: Deleting an ApkAssets object '<empty> and /data/app/~~j5QWeu14ay258fAvz9PoVQ==/com.google.android.apps.docs-3iM6ezkvSW1Cc1j4Lci51w==/split_config.xxhdpi.apk' with 1 weak references
08-13 16:19:52.169  1282  2477 V WindowManager: Relayout hash=c2c214a, pid=2742, syncId=-1: mAttrs={(0,0)(fillxfill) sim={adjust=nothing forwardNavigation} layoutInDisplayCutoutMode=always ty=BASE_APPLICATION fmt=TRANSPARENT wanim=0x1030301
08-13 16:19:52.169  1282  2477 V WindowManager:   fl=81910100
08-13 16:19:52.169  1282  2477 V WindowManager:   pfl=10008840
08-13 16:19:52.169  1282  2477 V WindowManager:   bhv=2
08-13 16:19:52.169  1282  2477 V WindowManager:   fitSides=0
08-13 16:19:52.169  1282  2477 V WindowManager:   frameRateBoostOnTouch=true
08-13 16:19:52.169  1282  2477 V WindowManager:   dvrrWindowFrameRateHint=true screenDimDuration=200000 naviIconColor=0}
08-13 16:19:52.170  2742  1823 I HoneySpace.RecentTasks: onRecentTasksChanged
08-13 16:19:52.172  2742  2755 W id.app.launcher: ApkAssets: Deleting an ApkAssets object '<empty> and /data/app/~~m1JSQQtjc4xhtyXH77YPwg==/com.example.cupcake-oYjAFB_ECYMqpUOldPIpug==/base.apk' with 2 weak references
08-13 16:19:52.175  2127  2390 D HWUI    : CacheManager::trimMemory(20)
08-13 16:19:52.175  1111  1111 I SurfaceFlinger: destroyed Surface(name=Task=1)/@0xb34b1d7_transition-leash#233687
08-13 16:19:52.175  1111  1111 I SurfaceFlinger: destroyed Surface(name=Task=2226)/@0x7825dad_transition-leash#233688
08-13 16:19:52.176  1111  1111 I Layer   : id=233688 Destroyed Surface(name=Task=2226)/@0x7825dad_transition-leash#233688
08-13 16:19:52.176  1111  1111 I Layer   : id=233687 Destroyed Surface(name=Task=1)/@0xb34b1d7_transition-leash#233687
08-13 16:19:52.179  2742  1823 I HoneySpace.HistoryViewModel@160600677@OneUI: Illegal access. Unknown type. skip load history items
08-13 16:19:52.186  2742  2742 I VRI[LauncherActivity]@3489192: Relayout returned: old=(0,0,1080,2340) new=(0,0,1080,2340) relayoutAsync=false req=(1080,2340)8 dur=12 res=0x2 s={false 0x0} ch=true seqId=0
08-13 16:19:52.190  2742  2742 I SearchHoneyPot: onViewCreated: onStop
08-13 16:19:52.191  2742  2742 I HoneySpace.ContentsAnimator: end call
08-13 16:19:52.191  2742  2742 I VRI[LauncherActivity]@3489192: stopped(true) old = false
08-13 16:19:52.191  2742  4826 I HoneySpace.HoneyAppWidgetHost: stopListening, host: @fcf5abe
08-13 16:19:52.191  1282  4376 I AppWidgetServiceImpl: stopListening callbacks : null
08-13 16:19:52.192  2742  2742 I HoneySpace.Launcher: !@Boot_EBS_D: Launcher.onStop()
08-13 16:19:52.193  2742  2742 I HoneySpace.OneUiSpace: onSaveInstanceState honeyScreen=s3.Z@5e3b71f
08-13 16:19:52.193  2742  4782 I HoneySpace.Memory-Monitor: scheduleTrim
08-13 16:19:52.194 22781 22781 I bmex    : onStop
08-13 16:19:52.204  1282  1444 D PkgPredictorService-SecIpmManagerServiceImpl: bg information pid:2742 uid:10132 pkgName:com.sec.android.app.launcher
08-13 16:19:52.207  1111  1111 I SurfaceFlinger: [LayerHierarchy{RequestedLayerState{com.sec.android.app.launcher/com.sec.android.app.launcher.activities.LauncherActivity$_2742#233683} no children}] reparent to OffscreenRoot
08-13 16:19:52.208  1111  1111 I SurfaceFlinger: [LayerHierarchy{RequestedLayerState{com.sec.android.app.launcher/com.sec.android.app.launcher.activities.LauncherActivity$_2742#233683} no children}] RelativeParent to null
08-13 16:19:52.209  1111  1111 I SurfaceFlinger: id=233683 Removed com.sec.android.app.launcher/com.sec.android.app.launcher.activities.LauncherActivity$_2742#233683 (172)
08-13 16:19:52.216  1111  1111 I SurfaceFlinger: destroyed com.sec.android.app.launcher/com.sec.android.app.launcher.activities.LauncherActivity$_2742#233683
08-13 16:19:52.216  1111  1111 I Layer   : id=233683 Destroyed com.sec.android.app.launcher/com.sec.android.app.launcher.activities.LauncherActivity$_2742#233683
08-13 16:19:52.246  5919  5928 V ClearcutMetricXmitter: Transmission is done.
08-13 16:19:52.310  4855  4855 I [SC_ScreenRecorder]_FloatingButtonView: 00:00:19
08-13 16:19:52.333  1066  4972 I ExynosC2H264EncComponent: [onUpdateC2Work] got SYNC FRAME
08-13 16:19:52.386  5596  5596 W WindowOnBackDispatcher: OnBackInvokedCallback is not enabled for the application.
08-13 16:19:52.386  5596  5596 W WindowOnBackDispatcher: Set 'android:enableOnBackInvokedCallback="true"' in the application manifest.
08-13 16:19:52.504  1282  6118 D SemInputDeviceManager: setProperty: (0) CMD,GRIP_DATA,1,45,7,15,702
08-13 16:19:52.505  1282  1692 D SemInputDevice:TSP: SetPropertyTask: CMD,set_grip_data,1,45,7,15,702 [08-13 16:19:52.505]
08-13 16:19:52.513  1072  1072 I sysinput:Touch: writeInformation:249, OK
08-13 16:19:52.514  1282  1692 D SysinputHAL_V1_3(V1_2): runTspCmdNoRead(TSP(1)): set_grip_data,1,45,7,15,702 ret=0
08-13 16:19:52.528  2742  6184 I HoneySpace.NotificationListener: onNotificationPosted com.samsung.android.app.smartcapture: 0|com.samsung.android.app.smartcapture|1332|null|10190: 0
08-13 16:19:52.528  2742  6184 I HoneySpace.BadgeDataSourceImpl: Get notification count. PK(p='com.samsung.android.app.smartcapture', u=UserHandle{0}) - forceBadgeCount: false, notification listener: 1, badge provider: 0
08-13 16:19:52.529 23813 23813 I NotifySyncService_23813_23813: onNotificationPosted Id:1332 key:0|com.samsung.android.app.smartcapture|1332|null|10190 PackageName:com.samsung.android.app.smartcapture IsOngoing:true PostTime:1755091192314 currentDeviceModel.connected: false
08-13 16:19:52.529 23813 23813 I NotifySyncService_23813_23813: onNotificationPosted Id:1332 , appName : Samsung yakalama
08-13 16:19:52.529 23813 23813 I NotifySyncService_23813_23813:  isOngoing = true isIncomingCall = false
08-13 16:19:52.530 23813 21991 I NotifyLogUtils_23813_21991: isIgnoringBatteryOptimizations true
08-13 16:19:52.531 23813 21991 I AccountManagerService_23813_21991: log: getAccounts: accountType com.xiaomi, caller's uid 10349, pid 23813
08-13 16:19:52.531 23813 21991 I SecureDatabase_23813_21991: log: query: accounts, columns=[_id,type,name], selection=null, selectionArgs=null, groupBy=null, having=null, orderBy=null, limit=null
08-13 16:19:52.531 23813 21991 I SecureDatabase_23813_21991: log: query: cursor count=1
08-13 16:19:52.531 23813 21991 I SecureDatabase_23813_21991: log: query: row=[1,com.xiaomi,6521150625]
08-13 16:19:52.531 23813 21991 I AccountManagerService_23813_21991: log: validateAccountsAndPopulateCache>>>accountId=1 accountType=com.xiaomi accountName=6521150625
08-13 16:19:52.532 23813 21991 I AccountManagerService_23813_21991: log: getAccounts: accountType com.xiaomi, caller's uid 10349, pid 23813
08-13 16:19:52.532 23813 21991 I SecureDatabase_23813_21991: log: query: accounts, columns=[_id,type,name], selection=null, selectionArgs=null, groupBy=null, having=null, orderBy=null, limit=null
08-13 16:19:52.532 23813 21991 I SecureDatabase_23813_21991: log: query: cursor count=1
08-13 16:19:52.532 23813 21991 I SecureDatabase_23813_21991: log: query: row=[1,com.xiaomi,6521150625]
08-13 16:19:52.532 23813 21991 I AccountManagerService_23813_21991: log: validateAccountsAndPopulateCache>>>accountId=1 accountType=com.xiaomi accountName=6521150625
08-13 16:19:52.533  2127  2127 D InterruptionStateProvider:  no Heads up : edgelighting enabled app. 0|com.samsung.android.app.smartcapture|1332|null|10190
08-13 16:19:52.546 23813 30394 W FA      : Failed to retrieve Firebase Instance Id
08-13 16:19:52.552  2127  2127 D SubscreenNotificationListCoordinator: onAfterRenderList() isSubScreen = false, pluginLockMode = 0, doNotShowOnCover = false
08-13 16:19:52.557  2127  2127 I LockscreenNotificationIconsOnlyController: onNotificationInfoUpdated 0
08-13 16:19:52.557  2127  2127 I AODNotificationManager: updateNotification()
08-13 16:19:52.569 23813 30394 W FA      : Failed to retrieve Firebase Instance Id
08-13 16:19:52.586 23813 30394 W FA      : Failed to retrieve Firebase Instance Id
08-13 16:19:52.595 23813 30394 W FA      : Failed to retrieve Firebase Instance Id
08-13 16:19:52.602 23813 30394 W FA      : Failed to retrieve Firebase Instance Id
08-13 16:19:52.607  6225  4427 I NetworkScheduler: (REDACTED) Error inserting %s
08-13 16:19:52.608  5596  5596 I Choreographer: Skipped 30 frames!  The application may be doing too much work on its main thread.
08-13 16:19:52.609 23813 30394 W FA      : Failed to retrieve Firebase Instance Id
08-13 16:19:52.617 23813 30394 W FA      : Failed to retrieve Firebase Instance Id
08-13 16:19:52.622 23813 30394 W FA      : Failed to retrieve Firebase Instance Id
08-13 16:19:52.632  6225  4821 I NetworkScheduler: (REDACTED) Error inserting %s
08-13 16:19:52.701  1062  6093 I HYPER-HAL: [RequestManager.cpp]releaseLocked(): Released ID : 9607551
08-13 16:19:52.729  2127  2127 D Bubbles : onEntryUpdated : shouldBubbleUp=false ,key=0|com.samsung.android.app.smartcapture|1332|null|10190
08-13 16:19:52.729  2127  2127 D InterruptionStateProvider:  no Heads up : edgelighting enabled app. 0|com.samsung.android.app.smartcapture|1332|null|10190
08-13 16:19:52.729  3974  4027 E d       : (Berry)(1.16)handleAudioPathTask() : can't get dual play mode - Attempt to invoke virtual method 'boolean android.bluetooth.BluetoothA2dp.semIsDualPlayMode()' on a null object reference
08-13 16:19:52.733  2127  2127 D SubscreenNotificationListCoordinator: onAfterRenderList() isSubScreen = false, pluginLockMode = 0, doNotShowOnCover = false
08-13 16:19:52.734  2127  2127 D SecKeyguardClockPositionAlgorithm: getTopMargin scale = 1.2690217, clockContainerHeight = 389, scaleMarginY = -41
08-13 16:19:52.739  2127  2127 I LockscreenNotificationIconsOnlyController: onNotificationInfoUpdated 0
08-13 16:19:52.739  2127  2127 I AODNotificationManager: updateNotification()
08-13 16:19:52.740  2127  2816 D LocalImageResolver: Couldn't use ImageDecoder for drawable, falling back to non-resized load.
08-13 16:19:52.742  2127  2816 D LocalImageResolver: Couldn't use ImageDecoder for drawable, falling back to non-resized load.
08-13 16:19:52.745  2127  2127 I AppIconSolution: return adaptive icon for com.samsung.android.app.smartcapture, isNight = true
08-13 16:19:52.753  2127  2127 D SecKeyguardClockPositionAlgorithm: getTopMargin scale = 1.2690217, clockContainerHeight = 389, scaleMarginY = -41
08-13 16:19:52.757  2127  2127 D S.S.N.  : entryViewBound parent :0|com.samsung.android.app.smartcapture|1332|null|10190
08-13 16:19:52.759  2127  2127 I AppIconSolution: return adaptive icon for com.samsung.android.app.smartcapture, isNight = true
08-13 16:19:52.764  2127  2127 D SubscreenNotificationListCoordinator: onAfterRenderList() isSubScreen = false, pluginLockMode = 0, doNotShowOnCover = false
08-13 16:19:52.766  2127  2127 D SecKeyguardClockPositionAlgorithm: getTopMargin scale = 1.2690217, clockContainerHeight = 389, scaleMarginY = -41
08-13 16:19:52.768  2127  2127 I LockscreenNotificationIconsOnlyController: onNotificationInfoUpdated 0
08-13 16:19:52.768  2127  2127 I AODNotificationManager: updateNotification()
08-13 16:19:52.882  1282  2014 D SemCellularStateManager: onSignalStrengthsChanged: mCellularSignalLevel=4
08-13 16:19:52.951  1062  5968 I HYPER-HAL: [RequestManager.cpp]releaseLocked(): Released ID : 849577
08-13 16:19:52.963  1282  4371 V GrammaticalInflectionUtils: AttributionSource: AttributionSource { uid = 10419, packageName = null, attributionTag = null, token = android.os.Binder@88f1d92, deviceId = 0, next = null } does not have READ_SYSTEM_GRAMMATICAL_GENDER permission.
08-13 16:19:52.965  1282  2936 I SemDvfsHyPerManager: acquire hyper - AMS_APP_SWITCH/1282@26, type = -999
08-13 16:19:52.965  1111  1163 I SurfaceFlinger: id=233706 createSurf, flag=24004, Task=2228#233706
08-13 16:19:52.965  1062  1149 I HYPER-HAL: [RequestManager.cpp]acquire(): Acquired ID : 856112  [1282 / 26]    HINT : AMS_APP_SWITCH    list :
08-13 16:19:52.965  1111  1111 I SurfaceFlinger: [Task=2228#233706] attach to parent LayerHierarchy{RequestedLayerState{DefaultTaskDisplayArea_d0#11 parentId=10} 9 children}
08-13 16:19:52.967  1111  1163 I SurfaceFlinger: id=233707 createSurf, flag=84004, ActivityRecord{bf9ce7f u0 com.example.cupcake.test/androidx.test.core.app.InstrumentationActivityInvoker$EmptyActivity t2228}#233707
08-13 16:19:52.968  4368  4368 I SemDvfsHyPerManager: acquire hyper - APP_START_SHORT/4368@14, type = -999
08-13 16:19:52.970  1062  1149 I HYPER-HAL: [RequestManager.cpp]acquire(): Acquired ID : 9603167  [4368 / 14]    HINT : APP_START    list : [TIMEOUT / 1500]
08-13 16:19:52.974  1111  1111 I SurfaceFlinger: [ActivityRecord{bf9ce7f u0 com.example.cupcake.test/androidx.test.core.app.InstrumentationActivityInvoker$EmptyActivity t2228}#233707] attach to parent LayerHierarchy{RequestedLayerState{Task=2228#233706 parentId=11} 1 children}
08-13 16:19:52.978  1282  4371 I SemDvfsHyPerManager: acquire hyper - AMS_APP_LAUNCH/1282@21, type = -999
08-13 16:19:52.978  1062  1149 I HYPER-HAL: [RequestManager.cpp]acquire(): Acquired ID : 849577  [1282 / 21]    HINT : AMS_APP_LAUNCH    list :
08-13 16:19:52.979  2127  2334 I ViewRootImpl: dVRR is disabled
08-13 16:19:52.980  2127  2390 D NativeCustomFrequencyManager: [NativeCFMS] BpCustomFrequencyManager::BpCustomFrequencyManager()
08-13 16:19:52.981  1244  6944 I CameraService: onUidStateChanged: uid=10043, procState is changed. (0 -> 1)
08-13 16:19:52.982  3157  3157 E pageboostd: Received HALT command code 2
08-13 16:19:52.982  4368  4368 I SemDvfsHyPerManager: acquire hyper - APP_START/4368@16, type = -999
08-13 16:19:52.982  1062  1149 I HYPER-HAL: [RequestManager.cpp]acquire(): Acquired ID : 9611936  [4368 / 16]    HINT : APP_START    list :
08-13 16:19:52.985  5596  5596 D LifecycleMonitor: Lifecycle status change: androidx.activity.ComponentActivity@8526d21 in: PAUSED
08-13 16:19:52.985  5596  5596 V ActivityScenario: Update currentActivityStage to PAUSED, currentActivity=androidx.activity.ComponentActivity@8526d21
08-13 16:19:52.986  1282  4371 D InputTransport: Input channel constructed: '7d50e77', fd=932
08-13 16:19:52.986  1282  4371 D InputTransport: Input channel constructed: '7d50e77', fd=981
08-13 16:19:52.986  1282  4371 D InputTransport: Input channel constructed: '7d50e77', fd=1007
08-13 16:19:52.986  1111  1162 I SurfaceFlinger: id=233708 createSurf, flag=84004, 7d50e77 Splash Screen com.example.cupcake.test#233708
08-13 16:19:52.988  1282  4371 D InputTransport: Input channel destroyed: '7d50e77', fd=1007
08-13 16:19:52.991  2127  2334 D InputTransport: Input channel constructed: '7d50e77', fd=447
08-13 16:19:52.991  1282  4902 D InputDispatcher: Focused application(0): ActivityRecord{bf9ce7f u0 com.example.cupcake.test/androidx.test.core.app.InstrumentationActivityInvoker$EmptyActivity t2228}
08-13 16:19:52.991  2127  2334 I InsetsController: onStateChanged: host=Splash Screen com.example.cupcake.test, from=android.view.ViewRootImpl.setView:1999, state=InsetsState: {mDisplayFrame=Rect(0, 0 - 1080, 2340), mDisplayCutout=DisplayCutout{insets=Rect(0, 80 - 0, 0) waterfall=Insets{left=0, top=0, right=0, bottom=0} boundingRect={Bounds=[Rect(0, 0 - 0, 0), Rect(511, 0 - 569, 80), Rect(0, 0 - 0, 0), Rect(0, 0 - 0, 0)]} cutoutPathParserInfo={CutoutPathParserInfo{displayWidth=1080 displayHeight=2340 physicalDisplayWidth=1080 physicalDisplayHeight=2340 density={2.8125} cutoutSpec={M 0,0 M 0,7.822222222222222‬‬ a 10.31111111111111‬,10.31111111111111‬ 0 1,0 0,20.62222222222222‬ a 10.31111111111111‬,10.31111111111111‬ 0 1,0 0,-20.62222222222222‬ Z @dp} rotation={0} scale={1.0} physicalPixelDisplaySizeRatio={1.0}}} sideOverrides={}}, mRoundedCorners=RoundedCorners{[RoundedCorner{position=TopLeft, radius=113, center=Point(113, 113)}, RoundedCorner{position=TopRight, radius=113, center=Point(967, 113)}, RoundedCorner{position=BottomRight, radius=113, center=Point(967, 2227)}, RoundedCorner{position=BottomLeft, radius=113, center=Point(113, 2227)}]}  mRoundedCornerFrame=Rect(0, 0 - 1080, 2340), mPrivacyIndicatorBounds=PrivacyIndicatorBounds {static bounds=Rect(956, 0 - 1080, 80) rotation=0}, mDisplayShape=DisplayShape{ spec=-311912193 displayWidth=1080 displayHeight=2340 physicalPixelDisplaySizeRatio=1.0 rotation=0 offsetX=0 offsetY=0 scale=1.0}, mSources= { InsetsSource: {b9640000 mType=statusBars mFrame=[0,0][1080,80] mVisible=true mFlags= mSideHint=TOP mBoundingRects=null}, InsetsSource: {b9640005 mType=mandatorySystemGestures mFrame=[0,0][1080,114] mVisible=true mFlags= mSideHint=TOP mBoundingRects=null}, InsetsSource: {b9640006 mType=tappableElement mFrame=[0,0][1080,80] mVisible=true mFlags= mSideHint=TOP mBoundingRects=null}, InsetsSource: {d8440001 mType=navigationBars mFrame=[0,2298][1080,2340] mVisible=true mFlags=SUPPRESS_SCRIM mSideHint=BOTTOM mBoundingRects=null}, InsetsSource: {d8440004 mType=systemGestures mFrame=[0,0][63,2340] mVisible=true mFlags= mSideHint=LEFT mBoundingRects=null}, InsetsSource: {d8440005 mType=mandatorySystemGestures mFrame=[0,2250][1080,2340] mVisible=true mFlags= mSideHint=BOTTOM mBoundingRects=null}, InsetsSource: {d8440006 mType=tappableElement mFrame=[0,0][0,0] mVisible=true mFlags= mSideHint=NONE mBoundingRects=null}, InsetsSource: {d8440024 mType=systemGestures mFrame=[1017,0][1080,2340] mVisible=true mFlags= mSideHint=RIGHT mBoundingRects=null}, InsetsSource: {27 mType=displayCutout mFrame=[0,0][1080,80] mVisible=true mFlags= mSideHint=TOP mBoundingRects=null} }
08-13 16:19:52.991  2127  2334 I VRI[test]@8f10f70: synced displayState. AttachInfo displayState=2
08-13 16:19:52.994  1282  2477 D GraphicsStatsService: requestRenderEngineFor(com.example.cupcake.test)
08-13 16:19:52.997  2742  2887 I HoneySpace.TopTaskSource: onTaskMovedToFront : taskId = 2228, displayId = 0
08-13 16:19:52.998  1111  1111 I SurfaceFlinger: [7d50e77 Splash Screen com.example.cupcake.test#233708] attach to parent LayerHierarchy{RequestedLayerState{ActivityRecord{bf9ce7f u0 com.example.cupcake.test/androidx.test.core.app.InstrumentationActivityInvoker$EmptyActivity t2228}#233707 parentId=233706} 1 children}
08-13 16:19:52.998  2742  2889 I HoneySpace.TopTaskUseCase: topTaskId 2228, DisplayId : 0
08-13 16:19:53.003  1282  1967 D AS.MultiSoundManager: mForegroundUid = 10419
08-13 16:19:53.006  1111  1111 I SurfaceFlinger: [LayerHierarchy{RequestedLayerState{ImeContainer#16 parentId=233694 relativeParentId=233694 z=1} 1 children}] RelativeParent to null
08-13 16:19:53.007  1111  1111 I BpBinder: onLastStrongRef automatically unlinking death recipients:
08-13 16:19:53.012  2127  2334 I VRI[test]@8f10f70: setView = android.widget.FrameLayout@516307a IsHRR=false TM=true
08-13 16:19:53.013  2127  2390 D HWUI    : HWUI - treat SMPTE_170M as sRGB
08-13 16:19:53.013  2742  1823 I HoneySpace.RecentTasks: onRecentTasksChanged
08-13 16:19:53.013  2742  2108 I HoneySpace.RecentTasks: onRecentTasksChanged
08-13 16:19:53.015  5736  5736 I DecorView: setWindowBackground: isPopOver=false color=ffffffff d=android.graphics.drawable.ColorDrawable@b4a326d
08-13 16:19:53.016  1111  1209 D SurfaceFlinger: [input] setFocusedWindow: <null>
08-13 16:19:53.016  1282  1908 D InputDispatcher: Focus left window (0): 1ae5d6e com.example.cupcake/androidx.activity.ComponentActivity
08-13 16:19:53.017  1282  2477 D InputDispatcher: Once focus requested (0): <null>
08-13 16:19:53.017  5596  5596 I ImeFocusController: onPreWindowFocus: skipped hasWindowFocus=false mHasImeFocus=true
08-13 16:19:53.017  5596  5596 I ImeFocusController: onPostWindowFocus: skipped hasWindowFocus=false mHasImeFocus=true
08-13 16:19:53.019  1282  1908 V WindowManager: Relayout Window{7d50e77 u0 Splash Screen com.example.cupcake.test}: viewVisibility=0 req=1080x2340 ty=3 d0
08-13 16:19:53.020  1282  1444 D PkgPredictorService-SecIpmManagerServiceImpl: onForegroundActivitiesChanged pid:5736 uid:10419
08-13 16:19:53.021  1111  1732 I SurfaceFlinger: id=233709 createSurf, flag=44004, Splash Screen com.example.cupcake.test$_2127#233709
08-13 16:19:53.022  1282  2840 V PkgPredictorService-SecIpmManagerServiceImpl: discard foreground app:com.example.cupcake.test 1|true
08-13 16:19:53.022 21624 21938 I Rubin   : [92] U9.g.x(Unknown Source) : Notify com.samsung.android.rubin.inferenceengine.contextanalytics.engine.loggers.AppUsageLogger's database is updated.
08-13 16:19:53.024  1111  1111 I SurfaceFlinger: [Splash Screen com.example.cupcake.test$_2127#233709] attach to parent LayerHierarchy{RequestedLayerState{7d50e77 Splash Screen com.example.cupcake.test#233708 parentId=233707 z=2147483647} 1 children}
08-13 16:19:53.026  1282  1908 V WindowManager: Relayout hash=7d50e77, pid=2127, syncId=-1: mAttrs={(0,0)(fillxfill) sim={adjust=pan} layoutInDisplayCutoutMode=always ty=APPLICATION_STARTING fmt=TRANSLUCENT
08-13 16:19:53.026  1282  1908 V WindowManager:   fl=81030118
08-13 16:19:53.026  1282  1908 V WindowManager:   pfl=10000810
08-13 16:19:53.026  1282  1908 V WindowManager:   apr=18
08-13 16:19:53.026  1282  1908 V WindowManager:   bhv=1
08-13 16:19:53.026  1282  1908 V WindowManager:   fitSides=0
08-13 16:19:53.026  1282  1908 V WindowManager:   frameRateBoostOnTouch=true
08-13 16:19:53.026  1282  1908 V WindowManager:   dvrrWindowFrameRateHint=true naviIconColor=0}
08-13 16:19:53.026  5736  5736 I ViewRootImpl: dVRR is disabled
08-13 16:19:53.027  5736  5756 D NativeCustomFrequencyManager: [NativeCFMS] BpCustomFrequencyManager::BpCustomFrequencyManager()
08-13 16:19:53.031  2127  2334 I InsetsController: onStateChanged: host=Splash Screen com.example.cupcake.test, from=android.view.ViewRootImpl.relayoutWindow:11304, state=InsetsState: {mDisplayFrame=Rect(0, 0 - 1080, 2340), mDisplayCutout=DisplayCutout{insets=Rect(0, 80 - 0, 0) waterfall=Insets{left=0, top=0, right=0, bottom=0} boundingRect={Bounds=[Rect(0, 0 - 0, 0), Rect(511, 0 - 569, 80), Rect(0, 0 - 0, 0), Rect(0, 0 - 0, 0)]} cutoutPathParserInfo={CutoutPathParserInfo{displayWidth=1080 displayHeight=2340 physicalDisplayWidth=1080 physicalDisplayHeight=2340 density={2.8125} cutoutSpec={M 0,0 M 0,7.822222222222222‬‬ a 10.31111111111111‬,10.31111111111111‬ 0 1,0 0,20.62222222222222‬ a 10.31111111111111‬,10.31111111111111‬ 0 1,0 0,-20.62222222222222‬ Z @dp} rotation={0} scale={1.0} physicalPixelDisplaySizeRatio={1.0}}} sideOverrides={}}, mRoundedCorners=RoundedCorners{[RoundedCorner{position=TopLeft, radius=113, center=Point(113, 113)}, RoundedCorner{position=TopRight, radius=113, center=Point(967, 113)}, RoundedCorner{position=BottomRight, radius=113, center=Point(967, 2227)}, RoundedCorner{position=BottomLeft, radius=113, center=Point(113, 2227)}]}  mRoundedCornerFrame=Rect(0, 0 - 1080, 2340), mPrivacyIndicatorBounds=PrivacyIndicatorBounds {static bounds=Rect(956, 0 - 1080, 80) rotation=0}, mDisplayShape=DisplayShape{ spec=-311912193 displayWidth=1080 displayHeight=2340 physicalPixelDisplaySizeRatio=1.0 rotation=0 offsetX=0 offsetY=0 scale=1.0}, mSources= { InsetsSource: {b9640000 mType=statusBars mFrame=[0,0][1080,80] mVisible=true mFlags= mSideHint=TOP mBoundingRects=null}, InsetsSource: {b9640005 mType=mandatorySystemGestures mFrame=[0,0][1080,114] mVisible=true mFlags= mSideHint=TOP mBoundingRects=null}, InsetsSource: {b9640006 mType=tappableElement mFrame=[0,0][1080,80] mVisible=true mFlags= mSideHint=TOP mBoundingRects=null}, InsetsSource: {d8440001 mType=navigationBars mFrame=[0,2298][1080,2340] mVisible=true mFlags=SUPPRESS_SCRIM mSideHint=BOTTOM mBoundingRects=null}, InsetsSource: {d8440004 mType=systemGestures mFrame=[0,0][63,2340] mVisible=true mFlags= mSideHint=LEFT mBoundingRects=null}, InsetsSource: {d8440005 mType=mandatorySystemGestures mFrame=[0,2250][1080,2340] mVisible=true mFlags= mSideHint=BOTTOM mBoundingRects=null}, InsetsSource: {d8440006 mType=tappableElement mFrame=[0,0][0,0] mVisible=true mFlags= mSideHint=NONE mBoundingRects=null}, InsetsSource: {d8440024 mType=systemGestures mFrame=[1017,0][1080,2340] mVisible=true mFlags= mSideHint=RIGHT mBoundingRects=null}, InsetsSource: {3 mType=ime mFrame=[0,0][0,0] mVisible=false mFlags= mSideHint=NONE mBoundingRects=null}, InsetsSource: {27 mType=displayCutout mFrame=[0,0][1080,80] mVisible=true mFlags= mSideHint=TOP mBoundingRects=null} }
08-13 16:19:53.033  1282  1444 D NetworkPolicy: already checked 10419
08-13 16:19:53.035  1282  4376 D InputTransport: Input channel constructed: '3bf1bd ', fd=1026
08-13 16:19:53.035  1282  4376 D InputTransport: Input channel constructed: '3bf1bd ', fd=1027
08-13 16:19:53.035  1282  4376 D InputTransport: Input channel constructed: '3bf1bd ', fd=1032
08-13 16:19:53.036  2742  2100 I HoneySpace.HistoryViewModel@160600677@OneUI: Illegal access. Unknown type. skip load history items
08-13 16:19:53.036  1111  1732 I SurfaceFlinger: id=233710 createSurf, flag=84004, 3bf1bd com.example.cupcake.test/androidx.test.core.app.InstrumentationActivityInvoker$EmptyActivity#233710
08-13 16:19:53.036  2127  2334 I BLASTBufferQueue_Java: new BLASTBufferQueue, mName= VRI[test]@8f10f70 mNativeObject= 0xb4000075191a0ab0 sc.mNativeObject= 0xb4000076191024d0 caller= android.view.ViewRootImpl.updateBlastSurfaceIfNeeded:3397 android.view.ViewRootImpl.relayoutWindow:11361 android.view.ViewRootImpl.performTraversals:4544 android.view.ViewRootImpl.doTraversal:3708 android.view.ViewRootImpl$TraversalRunnable.run:12542 android.view.Choreographer$CallbackRecord.run:1751 android.view.Choreographer$CallbackRecord.run:1760 android.view.Choreographer.doCallbacks:1216 android.view.Choreographer.doFrame:1142 android.view.Choreographer$FrameDisplayEventReceiver.run:1707
08-13 16:19:53.038  2127  2334 I BLASTBufferQueue_Java: update, w= 1080 h= 2340 mName = VRI[test]@8f10f70 mNativeObject= 0xb4000075191a0ab0 sc.mNativeObject= 0xb4000076191024d0 format= -3 caller= android.graphics.BLASTBufferQueue.<init>:88 android.view.ViewRootImpl.updateBlastSurfaceIfNeeded:3397 android.view.ViewRootImpl.relayoutWindow:11361 android.view.ViewRootImpl.performTraversals:4544 android.view.ViewRootImpl.doTraversal:3708 android.view.ViewRootImpl$TraversalRunnable.run:12542
08-13 16:19:53.038  2127  2334 I VRI[test]@8f10f70: Relayout returned: old=(0,0,1080,2340) new=(0,0,1080,2340) relayoutAsync=false req=(1080,2340)0 dur=14 res=0x3 s={true 0xb4000075e969eb00} ch=true seqId=0
08-13 16:19:53.039  1282  4376 D InputTransport: Input channel destroyed: '3bf1bd ', fd=1032
08-13 16:19:53.039  2127  2334 I VRI[test]@8f10f70: performConfigurationChange setNightDimText nightDimLevel=0
08-13 16:19:53.039  5736  5736 D InputTransport: Input channel constructed: '3bf1bd ', fd=125
08-13 16:19:53.040  2127  2334 D VRI[test]@8f10f70: mThreadedRenderer.initialize() mSurface={isValid=true 0xb4000075e969eb00} hwInitialized=true
08-13 16:19:53.041  5736  5736 I InsetsController: onStateChanged: host=com.example.cupcake.test/androidx.test.core.app.InstrumentationActivityInvoker$EmptyActivity, from=android.view.ViewRootImpl.setView:1999, state=InsetsState: {mDisplayFrame=Rect(0, 0 - 1080, 2340), mDisplayCutout=DisplayCutout{insets=Rect(0, 80 - 0, 0) waterfall=Insets{left=0, top=0, right=0, bottom=0} boundingRect={Bounds=[Rect(0, 0 - 0, 0), Rect(511, 0 - 569, 80), Rect(0, 0 - 0, 0), Rect(0, 0 - 0, 0)]} cutoutPathParserInfo={CutoutPathParserInfo{displayWidth=1080 displayHeight=2340 physicalDisplayWidth=1080 physicalDisplayHeight=2340 density={2.8125} cutoutSpec={M 0,0 M 0,7.822222222222222‬‬ a 10.31111111111111‬,10.31111111111111‬ 0 1,0 0,20.62222222222222‬ a 10.31111111111111‬,10.31111111111111‬ 0 1,0 0,-20.62222222222222‬ Z @dp} rotation={0} scale={1.0} physicalPixelDisplaySizeRatio={1.0}}} sideOverrides={}}, mRoundedCorners=RoundedCorners{[RoundedCorner{position=TopLeft, radius=113, center=Point(113, 113)}, RoundedCorner{position=TopRight, radius=113, center=Point(967, 113)}, RoundedCorner{position=BottomRight, radius=113, center=Point(967, 2227)}, RoundedCorner{position=BottomLeft, radius=113, center=Point(113, 2227)}]}  mRoundedCornerFrame=Rect(0, 0 - 1080, 2340), mPrivacyIndicatorBounds=PrivacyIndicatorBounds {static bounds=Rect(956, 0 - 1080, 80) rotation=0}, mDisplayShape=DisplayShape{ spec=-311912193 displayWidth=1080 displayHeight=2340 physicalPixelDisplaySizeRatio=1.0 rotation=0 offsetX=0 offsetY=0 scale=1.0}, mSources= { InsetsSource: {b9640000 mType=statusBars mFrame=[0,0][1080,80] mVisible=true mFlags= mSideHint=TOP mBoundingRects=null}, InsetsSource: {b9640005 mType=mandatorySystemGestures mFrame=[0,0][1080,114] mVisible=true mFlags= mSideHint=TOP mBoundingRects=null}, InsetsSource: {b9640006 mType=tappableElement mFrame=[0,0][1080,80] mVisible=true mFlags= mSideHint=TOP mBoundingRects=null}, InsetsSource: {d8440001 mType=navigationBars mFrame=[0,2298][1080,2340] mVisible=true mFlags=SUPPRESS_SCRIM mSideHint=BOTTOM mBoundingRects=null}, InsetsSource: {d8440004 mType=systemGestures mFrame=[0,0][63,2340] mVisible=true mFlags= mSideHint=LEFT mBoundingRects=null}, InsetsSource: {d8440005 mType=mandatorySystemGestures mFrame=[0,2250][1080,2340] mVisible=true mFlags= mSideHint=BOTTOM mBoundingRects=null}, InsetsSource: {d8440006 mType=tappableElement mFrame=[0,0][0,0] mVisible=true mFlags= mSideHint=NONE mBoundingRects=null}, InsetsSource: {d8440024 mType=systemGestures mFrame=[1017,0][1080,2340] mVisible=true mFlags= mSideHint=RIGHT mBoundingRects=null}, InsetsSource: {3 mType=ime mFrame=[0,0][0,0] mVisible=false mFlags= mSideHint=NONE mBoundingRects=null}, InsetsSource: {27 mType=displayCutout mFrame=[0,0][1080,80] mVisible=true mFlags= mSideHint=TOP mBoundingRects=null} }
08-13 16:19:53.041  1111  1111 I SurfaceFlinger: [3bf1bd com.example.cupcake.test/androidx.test.core.app.InstrumentationActivityInvoker$EmptyActivity#233710] attach to parent LayerHierarchy{RequestedLayerState{ActivityRecord{bf9ce7f u0 com.example.cupcake.test/androidx.test.core.app.InstrumentationActivityInvoker$EmptyActivity t2228}#233707 parentId=233706} 2 children}
08-13 16:19:53.042  5736  5736 I VRI[InstrumentationActivityInvoker$EmptyActivity]@ebadaf0: synced displayState. AttachInfo displayState=2
08-13 16:19:53.044  2742  2108 I HoneySpace.HistoryViewModel@160600677@OneUI: Illegal access. Unknown type. skip load history items
08-13 16:19:53.046  2127  2334 D VRI[test]@8f10f70: reportNextDraw android.view.ViewRootImpl.performTraversals:5193 android.view.ViewRootImpl.doTraversal:3708 android.view.ViewRootImpl$TraversalRunnable.run:12542 android.view.Choreographer$CallbackRecord.run:1751 android.view.Choreographer$CallbackRecord.run:1760
08-13 16:19:53.047  2127  2334 D VRI[test]@8f10f70: Setup new sync=wmsSync-VRI[test]@8f10f70#94
08-13 16:19:53.047  2127  2334 I VRI[test]@8f10f70: Creating new active sync group VRI[test]@8f10f70#95
08-13 16:19:53.048  2127  2334 D VRI[test]@8f10f70: registerCallbacksForSync syncBuffer=false
08-13 16:19:53.048  2127  2937 D VRI[test]@8f10f70: Received frameDrawingCallback syncResult=0 frameNum=1.
08-13 16:19:53.048  2127  2937 I VRI[test]@8f10f70: mWNT: t=0xb4000076092278d0 mBlastBufferQueue=0xb4000075191a0ab0 fn= 1 HdrRenderState mRenderHdrSdrRatio=1.0 caller= android.view.ViewRootImpl$11.onFrameDraw:15016 android.view.ThreadedRenderer$1.onFrameDraw:761 <bottom of call stack>
08-13 16:19:53.048  2127  2937 I VRI[test]@8f10f70: Setting up sync and frameCommitCallback
08-13 16:19:53.052  2127  2390 I BLASTBufferQueue: [VRI[test]@8f10f70#13529](f:0,a:0,s:0) onFrameAvailable the first frame is available
