08-13 16:19:56.644  2742  2742 I HoneySpace.RectFAnimation: animateToFinalPosition RectF(314.1678, 1191.8306, 765.8322, 1955.6184)
08-13 16:19:56.644  2742  2742 I HoneySpace.RectFAnimation: animateToFinalPosition RectF(336.31674, 1235.417, 743.6832, 1894.436)
08-13 16:19:56.647  4917  6197 I HBD     : h writeToFile complete
08-13 16:19:56.648  2127  2334 W FrameTracker: Missed App frame:UNKNOWN: 264, 100412124, 26094054, CUJ=J<SPLASHSCREEN_EXIT_ANIM>
08-13 16:19:56.648  2127  2334 W FrameTracker: Missed App frame:UNKNOWN: 76, 100412139, 0, CUJ=J<SPLASHSCREEN_EXIT_ANIM>
08-13 16:19:56.648  2127  2334 W FrameTracker: Missed SF frame:UNKNOWN: 76, 100412139, 0, CUJ=J<SPLASHSCREEN_EXIT_ANIM>
08-13 16:19:56.648  2127  2334 W FrameTracker: Missing HWUI jank callback for vsyncId: 100412139, CUJ=J<SPLASHSCREEN_EXIT_ANIM>
08-13 16:19:56.648  4917  4917 I HBD     : h writeToFile complete
08-13 16:19:56.649  4917  6199 I HBD     : h Write selected lang for DE
08-13 16:19:56.649  4917  6199 I HBD     : h writeToFile path : /data/user_de/0/com.samsung.android.honeyboard/files/selected.json
08-13 16:19:56.649  4917  6199 I HBD     : h writeToFile json : {"version":"4.1","currentLanguageOrder":0,"selected":[{"activeOptionList":["auto_replace","auto_spacing"],"bilingualId":-1,"engName":"Turkish","id":4325376,"inputType":"turkish_qwerty","isUsed":true,"isUsedBilingual":false}]}
08-13 16:19:56.650  4917  4917 I HBD     : g isCoverDisplay : false, cached selected json info : SelectedLanguageInfo(languageVersion=4.1, currentLanguageOrder=0, selectedLanguageList=[SelectedLanguage(id=4325376, isUsed=true, engName=Turkish, inputType=turkish_qwerty, activeOptionList=[auto_replace, auto_spacing], bilingualId=-1, isUsedBilingual=false)])
08-13 16:19:56.650  4917  4917 I HBD     : g updateSelectedLanguageCache is succeeded. Turkish
08-13 16:19:56.651  1282  3084 D SecContentProvider: query(), uri = 17 selection = isSettingsChangesAllowed
08-13 16:19:56.651  4917  4917 I HBD     : h writeToFile path : /data/user/0/com.samsung.android.honeyboard/files/selected.json
08-13 16:19:56.651  4917  4917 I HBD     : h writeToFile json : {"version":"4.1","currentLanguageOrder":0,"selected":[{"activeOptionList":["auto_replace","auto_spacing"],"bilingualId":-1,"engName":"Turkish","id":4325376,"inputType":"turkish_qwerty","isUsed":true,"isUsedBilingual":false}]}
08-13 16:19:56.652  1282  3084 D SecContentProvider: query(), uri = 17 selection = isSettingsChangesAllowed
08-13 16:19:56.652  4917 27939 I HBD     : p updated Sub Types. Turkish
08-13 16:19:56.654  4917  6200 I HBD     : a InputMethodSubtype is set as local:tr
08-13 16:19:56.654  2742  4755 I VRI[LauncherActivity]@3489192: mWNT: t=0xb40000760929e010 mBlastBufferQueue=0xb4000075191609b0 fn= 15 HdrRenderState mRenderHdrSdrRatio=1.0 caller= com.android.systemui.shared.launcher.ViewRootImplCompat.mergeWithNextTransaction:4 com.honeyspace.transition.utils.SurfaceTransactionApplier.scheduleApply$lambda$1:26 com.honeyspace.transition.utils.SurfaceTransactionApplier.b:0
08-13 16:19:56.654  2742  2742 I HoneySpace.StackedWidgetFastRecyclerView: playHideIndicatorAnimation
08-13 16:19:56.654  2742  2742 I HoneySpace.StackedWidgetFastRecyclerView: playHideIndicatorAnimation
08-13 16:19:56.655  2742  2742 I HoneySpace.RectFAnimation: animateToFinalPosition RectF(336.31674, 1273.4515, 743.6832, 1932.4706)
08-13 16:19:56.655  2742  2742 I HoneySpace.RectFAnimation: animateToFinalPosition RectF(352.9414, 1305.15, 727.0586, 1887.9755)
08-13 16:19:56.661  1111  1747 D NativeSemDvfsManager: acquire:: timeout = 2000 mIsAcquired = 1  mTagName : SurfaceFlinger
08-13 16:19:56.663  1111  1747 E NativeCustomFrequencyManager: [NativeCFMS] BpCustomFrequencyManager::acquire()
08-13 16:19:56.665  1062  1149 I HYPER-HAL: [RequestManager.cpp]acquire(): Acquired ID : 2230216  [1111 / 1000]    HINT : SF_GPU_MINLOCK    list : [TIMEOUT / 2000]
08-13 16:19:56.665  4917  6198 I HBD     : h writeToFile complete
08-13 16:19:56.665  4917  4917 I HBD     : h writeToFile complete
08-13 16:19:56.667  4917  6201 I HBD     : h Write selected lang for DE
08-13 16:19:56.667  4917  6201 I HBD     : h writeToFile path : /data/user_de/0/com.samsung.android.honeyboard/files/selected.json
08-13 16:19:56.667  4917  6201 I HBD     : h writeToFile json : {"version":"4.1","currentLanguageOrder":0,"selected":[{"activeOptionList":["auto_replace","auto_spacing"],"bilingualId":-1,"engName":"Turkish","id":4325376,"inputType":"turkish_qwerty","isUsed":true,"isUsedBilingual":false}]}
08-13 16:19:56.667  4917  4917 I HBD     : a [UpdatePolicy] [post] a: 31 cl: 4325376 kit: [0/26] vt: 0 ir: 1
08-13 16:19:56.668  4917  4917 I HBD     : HoneyBoardService [PF_OP][onStartInput]  128 ms
08-13 16:19:56.668  4917  4917 I InputMethodService: scheduleImeSurfaceRemoval: removeImeSurface is posted.
08-13 16:19:56.670  2742  2742 I HoneySpace.RectFAnimation: animateToFinalPosition RectF(352.9414, 1352.8766, 727.0586, 1935.702)
08-13 16:19:56.670  2742  2742 I HoneySpace.RectFAnimation: animateToFinalPosition RectF(372.70648, 1390.546, 707.2935, 1882.8254)
08-13 16:19:56.670  1282  1745 D SecContentProvider: query(), uri = 17 selection = isSettingsChangesAllowed
08-13 16:19:56.671  2742  4754 I VRI[LauncherActivity]@3489192: mWNT: t=0xb400007609395f50 mBlastBufferQueue=0xb4000075191609b0 fn= 16 HdrRenderState mRenderHdrSdrRatio=1.0 caller= com.android.systemui.shared.launcher.ViewRootImplCompat.mergeWithNextTransaction:4 com.honeyspace.transition.utils.SurfaceTransactionApplier.scheduleApply$lambda$1:26 com.honeyspace.transition.utils.SurfaceTransactionApplier.b:0
08-13 16:19:56.673  1282  1745 D SecContentProvider: query(), uri = 17 selection = isSettingsChangesAllowed
08-13 16:19:56.675  4917 27871 I HBD     : p updated Sub Types. Turkish
08-13 16:19:56.676  4917 27939 I HBD     : h [SKE_SPECIFIC] specific model[com.sec.android.app.launcher] loaded, 7159346 ns
08-13 16:19:56.679  4917  6203 I HBD     : a InputMethodSubtype is set as local:tr
08-13 16:19:56.681  2742  4755 I VRI[LauncherActivity]@3489192: mWNT: t=0xb4000076092b4510 mBlastBufferQueue=0xb4000075191609b0 fn= 17 HdrRenderState mRenderHdrSdrRatio=1.0 caller= com.android.systemui.shared.launcher.ViewRootImplCompat.mergeWithNextTransaction:4 com.honeyspace.transition.utils.SurfaceTransactionApplier.scheduleApply$lambda$1:26 com.honeyspace.transition.utils.SurfaceTransactionApplier.b:0
08-13 16:19:56.681  2742  2742 I HoneySpace.RectFAnimation: animateToFinalPosition RectF(372.70648, 1422.459, 707.2935, 1914.7384)
08-13 16:19:56.681  2742  2742 I HoneySpace.RectFAnimation: animateToFinalPosition RectF(385.24622, 1445.5645, 694.7538, 1882.3053)
08-13 16:19:56.682  4917  6201 I HBD     : h writeToFile complete
08-13 16:19:56.684  4917  6199 E AtomicFile: Failed to rename /data/user_de/0/com.samsung.android.honeyboard/files/selected.json.new to /data/user_de/0/com.samsung.android.honeyboard/files/selected.json
08-13 16:19:56.684  4917  6199 I HBD     : h writeToFile complete
08-13 16:19:56.693  2742  2742 I HoneySpace.RectFAnimation: animateToFinalPosition RectF(385.24622, 1479.9342, 694.7538, 1916.675)
08-13 16:19:56.693  2742  2742 I HoneySpace.RectFAnimation: animateToFinalPosition RectF(398.14508, 1503.215, 681.8549, 1883.9961)
08-13 16:19:56.694  2742  4754 I VRI[LauncherActivity]@3489192: mWNT: t=0xb400007609264410 mBlastBufferQueue=0xb4000075191609b0 fn= 18 HdrRenderState mRenderHdrSdrRatio=1.0 caller= com.android.systemui.shared.launcher.ViewRootImplCompat.mergeWithNextTransaction:4 com.honeyspace.transition.utils.SurfaceTransactionApplier.scheduleApply$lambda$1:26 com.honeyspace.transition.utils.SurfaceTransactionApplier.b:0
08-13 16:19:56.705  2742  4755 I VRI[LauncherActivity]@3489192: mWNT: t=0xb40000760930af10 mBlastBufferQueue=0xb4000075191609b0 fn= 19 HdrRenderState mRenderHdrSdrRatio=1.0 caller= com.android.systemui.shared.launcher.ViewRootImplCompat.mergeWithNextTransaction:4 com.honeyspace.transition.utils.SurfaceTransactionApplier.scheduleApply$lambda$1:26 com.honeyspace.transition.utils.SurfaceTransactionApplier.b:0
08-13 16:19:56.705  2742  2742 I HoneySpace.RectFAnimation: animateToFinalPosition RectF(398.14508, 1531.7999, 681.8549, 1912.581)
08-13 16:19:56.705  2742  2742 I HoneySpace.RectFAnimation: animateToFinalPosition RectF(408.392, 1549.8633, 671.60803, 1887.2255)
08-13 16:19:56.706  2742  2742 I HoneySpace.StackedWidgetFastRecyclerView: playHideIndicatorAnimation onAnimationEnd isTouchDownInStackedWidget : false
08-13 16:19:56.706  2742  2742 I HoneySpace.StackedWidgetAdapter: updateLabelVisibility true true
08-13 16:19:56.707  2742  2742 I HoneySpace.StackedWidgetFastRecyclerView: playHideIndicatorAnimation onAnimationEnd isTouchDownInStackedWidget : false
08-13 16:19:56.707  2742  2742 I HoneySpace.StackedWidgetAdapter: updateLabelVisibility true true
08-13 16:19:56.716  2742  4754 I VRI[LauncherActivity]@3489192: mWNT: t=0xb4000076092e2090 mBlastBufferQueue=0xb4000075191609b0 fn= 20 HdrRenderState mRenderHdrSdrRatio=1.0 caller= com.android.systemui.shared.launcher.ViewRootImplCompat.mergeWithNextTransaction:4 com.honeyspace.transition.utils.SurfaceTransactionApplier.scheduleApply$lambda$1:26 com.honeyspace.transition.utils.SurfaceTransactionApplier.b:0
08-13 16:19:56.716  2742  2742 I HoneySpace.RectFAnimation: animateToFinalPosition RectF(408.392, 1573.515, 671.60803, 1910.8772)
08-13 16:19:56.716  2742  2742 I HoneySpace.RectFAnimation: animateToFinalPosition RectF(416.53793, 1587.5024, 663.46204, 1891.2432)
08-13 16:19:56.726  2742  4755 I VRI[LauncherActivity]@3489192: mWNT: t=0xb4000076093166d0 mBlastBufferQueue=0xb4000075191609b0 fn= 21 HdrRenderState mRenderHdrSdrRatio=1.0 caller= com.android.systemui.shared.launcher.ViewRootImplCompat.mergeWithNextTransaction:4 com.honeyspace.transition.utils.SurfaceTransactionApplier.scheduleApply$lambda$1:26 com.honeyspace.transition.utils.SurfaceTransactionApplier.b:0
08-13 16:19:56.726  2742  2742 I HoneySpace.RectFAnimation: animateToFinalPosition RectF(416.53793, 1606.9797, 663.46204, 1910.7205)
08-13 16:19:56.726  2742  2742 I HoneySpace.RectFAnimation: animateToFinalPosition RectF(423.0183, 1617.7343, 656.9817, 1895.6243)
08-13 16:19:56.737  2742  4754 I VRI[LauncherActivity]@3489192: mWNT: t=0xb4000076092e3210 mBlastBufferQueue=0xb4000075191609b0 fn= 22 HdrRenderState mRenderHdrSdrRatio=1.0 caller= com.android.systemui.shared.launcher.ViewRootImplCompat.mergeWithNextTransaction:4 com.honeyspace.transition.utils.SurfaceTransactionApplier.scheduleApply$lambda$1:26 com.honeyspace.transition.utils.SurfaceTransactionApplier.b:0
08-13 16:19:56.737  2742  2742 I HoneySpace.RectFAnimation: animateToFinalPosition RectF(423.0183, 1635.3784, 656.9817, 1913.2683)
08-13 16:19:56.737  2742  2742 I HoneySpace.RectFAnimation: animateToFinalPosition RectF(428.70996, 1644.6271, 651.29004, 1900.286)
08-13 16:19:56.741  3974  4027 E d       : (Berry)(1.16)handleAudioPathTask() : can't get dual play mode - Attempt to invoke virtual method 'boolean android.bluetooth.BluetoothA2dp.semIsDualPlayMode()' on a null object reference
08-13 16:19:56.749  2742  4755 I VRI[LauncherActivity]@3489192: mWNT: t=0xb400007609390ed0 mBlastBufferQueue=0xb4000075191609b0 fn= 23 HdrRenderState mRenderHdrSdrRatio=1.0 caller= com.android.systemui.shared.launcher.ViewRootImplCompat.mergeWithNextTransaction:4 com.honeyspace.transition.utils.SurfaceTransactionApplier.scheduleApply$lambda$1:26 com.honeyspace.transition.utils.SurfaceTransactionApplier.b:0
08-13 16:19:56.749  2742  2742 I HoneySpace.RectFAnimation: animateToFinalPosition RectF(428.70996, 1664.9874, 651.29004, 1920.6464)
08-13 16:19:56.749  2742  2742 I HoneySpace.RectFAnimation: animateToFinalPosition RectF(435.06567, 1674.8856, 644.9343, 1906.7523)
08-13 16:19:56.761  2742  4754 I VRI[LauncherActivity]@3489192: mWNT: t=0xb400007609277110 mBlastBufferQueue=0xb4000075191609b0 fn= 24 HdrRenderState mRenderHdrSdrRatio=1.0 caller= com.android.systemui.shared.launcher.ViewRootImplCompat.mergeWithNextTransaction:4 com.honeyspace.transition.utils.SurfaceTransactionApplier.scheduleApply$lambda$1:26 com.honeyspace.transition.utils.SurfaceTransactionApplier.b:0
08-13 16:19:56.762  2742  2742 I HoneySpace.RectFAnimation: animateToFinalPosition RectF(435.06567, 1691.2765, 644.9343, 1923.1432)
08-13 16:19:56.762  2742  2742 I HoneySpace.RectFAnimation: animateToFinalPosition RectF(440.01752, 1698.697, 639.9825, 1912.727)
08-13 16:19:56.770  2127  2127 D Bubbles : onEntryUpdated : shouldBubbleUp=false ,key=0|com.samsung.android.app.smartcapture|1332|null|10190
08-13 16:19:56.770  2127  2127 D InterruptionStateProvider:  no Heads up : edgelighting enabled app. 0|com.samsung.android.app.smartcapture|1332|null|10190
08-13 16:19:56.770  2742  4755 I VRI[LauncherActivity]@3489192: mWNT: t=0xb4000076091b2310 mBlastBufferQueue=0xb4000075191609b0 fn= 25 HdrRenderState mRenderHdrSdrRatio=1.0 caller= com.android.systemui.shared.launcher.ViewRootImplCompat.mergeWithNextTransaction:4 com.honeyspace.transition.utils.SurfaceTransactionApplier.scheduleApply$lambda$1:26 com.honeyspace.transition.utils.SurfaceTransactionApplier.b:0
08-13 16:19:56.771  2742  2742 I HoneySpace.RectFAnimation: animateToFinalPosition RectF(440.01752, 1709.59, 639.9825, 1923.62)
08-13 16:19:56.771  2742  2742 I HoneySpace.RectFAnimation: animateToFinalPosition RectF(443.22818, 1714.3158, 636.77185, 1916.9865)
08-13 16:19:56.773  2127  2127 D SubscreenNotificationListCoordinator: onAfterRenderList() isSubScreen = false, pluginLockMode = 0, doNotShowOnCover = false
08-13 16:19:56.781  2127  2127 D SecKeyguardClockPositionAlgorithm: getTopMargin scale = 1.2690217, clockContainerHeight = 389, scaleMarginY = -41
08-13 16:19:56.782  2742  4754 I VRI[LauncherActivity]@3489192: mWNT: t=0xb4000076091da010 mBlastBufferQueue=0xb4000075191609b0 fn= 26 HdrRenderState mRenderHdrSdrRatio=1.0 caller= com.android.systemui.shared.launcher.ViewRootImplCompat.mergeWithNextTransaction:4 com.honeyspace.transition.utils.SurfaceTransactionApplier.scheduleApply$lambda$1:26 com.honeyspace.transition.utils.SurfaceTransactionApplier.b:0
08-13 16:19:56.783  2742  2742 I HoneySpace.RectFAnimation: animateToFinalPosition RectF(443.22818, 1727.1205, 636.77185, 1929.7911)
08-13 16:19:56.783  2742  2742 I HoneySpace.RectFAnimation: animateToFinalPosition RectF(446.9231, 1731.9769, 633.0769, 1922.974)
08-13 16:19:56.793  2127  2127 I LockscreenNotificationIconsOnlyController: onNotificationInfoUpdated 0
08-13 16:19:56.793  2127  2127 I AODNotificationManager: updateNotification()
08-13 16:19:56.794  2742  2742 I HoneySpace.RectFAnimation: animateToFinalPosition RectF(446.9231, 1742.1301, 633.0769, 1933.1272)
08-13 16:19:56.794  2742  2742 I HoneySpace.RectFAnimation: animateToFinalPosition RectF(449.79584, 1745.9059, 630.20416, 1927.8273)
08-13 16:19:56.795  2742  4755 I VRI[LauncherActivity]@3489192: mWNT: t=0xb4000076091ac810 mBlastBufferQueue=0xb4000075191609b0 fn= 27 HdrRenderState mRenderHdrSdrRatio=1.0 caller= com.android.systemui.shared.launcher.ViewRootImplCompat.mergeWithNextTransaction:4 com.honeyspace.transition.utils.SurfaceTransactionApplier.scheduleApply$lambda$1:26 com.honeyspace.transition.utils.SurfaceTransactionApplier.b:0
08-13 16:19:56.799  2127  2816 D LocalImageResolver: Couldn't use ImageDecoder for drawable, falling back to non-resized load.
08-13 16:19:56.801  2127  2816 D LocalImageResolver: Couldn't use ImageDecoder for drawable, falling back to non-resized load.
08-13 16:19:56.804  2742  4754 I VRI[LauncherActivity]@3489192: mWNT: t=0xb400007609215f10 mBlastBufferQueue=0xb4000075191609b0 fn= 28 HdrRenderState mRenderHdrSdrRatio=1.0 caller= com.android.systemui.shared.launcher.ViewRootImplCompat.mergeWithNextTransaction:4 com.honeyspace.transition.utils.SurfaceTransactionApplier.scheduleApply$lambda$1:26 com.honeyspace.transition.utils.SurfaceTransactionApplier.b:0
08-13 16:19:56.804  2742  2742 I HoneySpace.RectFAnimation: animateToFinalPosition RectF(449.79584, 1753.939, 630.20416, 1935.8604)
08-13 16:19:56.804  2742  2742 I HoneySpace.RectFAnimation: animateToFinalPosition RectF(452.0372, 1756.885, 627.96277, 1931.7251)
08-13 16:19:56.809  2127  2127 I AppIconSolution: return adaptive icon for com.samsung.android.app.smartcapture, isNight = true
08-13 16:19:56.817  2742  2742 I HoneySpace.RectFAnimation: animateToFinalPosition RectF(452.0372, 1765.7899, 627.96277, 1940.63)
08-13 16:19:56.817  2742  2742 I HoneySpace.RectFAnimation: animateToFinalPosition RectF(454.49713, 1768.3248, 625.50287, 1937.0717)
08-13 16:19:56.818  2742  4755 I VRI[LauncherActivity]@3489192: mWNT: t=0xb40000760921bf50 mBlastBufferQueue=0xb4000075191609b0 fn= 29 HdrRenderState mRenderHdrSdrRatio=1.0 caller= com.android.systemui.shared.launcher.ViewRootImplCompat.mergeWithNextTransaction:4 com.honeyspace.transition.utils.SurfaceTransactionApplier.scheduleApply$lambda$1:26 com.honeyspace.transition.utils.SurfaceTransactionApplier.b:0
08-13 16:19:56.818  2127  2127 D S.S.N.  : entryViewBound parent :0|com.samsung.android.app.smartcapture|1332|null|10190
08-13 16:19:56.822  2127  2127 I AppIconSolution: return adaptive icon for com.samsung.android.app.smartcapture, isNight = true
08-13 16:19:56.826  2742  4754 I VRI[LauncherActivity]@3489192: mWNT: t=0xb400007609253d90 mBlastBufferQueue=0xb4000075191609b0 fn= 30 HdrRenderState mRenderHdrSdrRatio=1.0 caller= com.android.systemui.shared.launcher.ViewRootImplCompat.mergeWithNextTransaction:4 com.honeyspace.transition.utils.SurfaceTransactionApplier.scheduleApply$lambda$1:26 com.honeyspace.transition.utils.SurfaceTransactionApplier.b:0
08-13 16:19:56.826  2742  2742 I HoneySpace.RectFAnimation: animateToFinalPosition RectF(454.49713, 1774.1099, 625.50287, 1942.8567)
08-13 16:19:56.826  2742  2742 I HoneySpace.RectFAnimation: animateToFinalPosition RectF(456.0884, 1775.7349, 623.9116, 1940.5757)
08-13 16:19:56.828  2127  2127 D SubscreenNotificationListCoordinator: onAfterRenderList() isSubScreen = false, pluginLockMode = 0, doNotShowOnCover = false
08-13 16:19:56.833  2127  2127 D SecKeyguardClockPositionAlgorithm: getTopMargin scale = 1.2690217, clockContainerHeight = 389, scaleMarginY = -41
08-13 16:19:56.837  2127  2127 I LockscreenNotificationIconsOnlyController: onNotificationInfoUpdated 0
08-13 16:19:56.837  2127  2127 I AODNotificationManager: updateNotification()
08-13 16:19:56.840  2742  2742 I HoneySpace.RectFAnimation: animateToFinalPosition RectF(456.0884, 1782.0293, 623.9116, 1946.8701)
08-13 16:19:56.840  2742  2742 I HoneySpace.RectFAnimation: animateToFinalPosition RectF(457.8254, 1783.8032, 622.17456, 1944.3801)
08-13 16:19:56.842  2742  4755 I VRI[LauncherActivity]@3489192: mWNT: t=0xb4000076090ce090 mBlastBufferQueue=0xb4000075191609b0 fn= 31 HdrRenderState mRenderHdrSdrRatio=1.0 caller= com.android.systemui.shared.launcher.ViewRootImplCompat.mergeWithNextTransaction:4 com.honeyspace.transition.utils.SurfaceTransactionApplier.scheduleApply$lambda$1:26 com.honeyspace.transition.utils.SurfaceTransactionApplier.b:0
08-13 16:19:56.848  2742  2742 I HoneySpace.RectFAnimation: animateToFinalPosition RectF(457.8254, 1787.436, 622.17456, 1948.013)
08-13 16:19:56.848  2742  4754 I VRI[LauncherActivity]@3489192: mWNT: t=0xb40000760912c350 mBlastBufferQueue=0xb4000075191609b0 fn= 32 HdrRenderState mRenderHdrSdrRatio=1.0 caller= com.android.systemui.shared.launcher.ViewRootImplCompat.mergeWithNextTransaction:4 com.honeyspace.transition.utils.SurfaceTransactionApplier.scheduleApply$lambda$1:26 com.honeyspace.transition.utils.SurfaceTransactionApplier.b:0
08-13 16:19:56.848  2742  2742 I HoneySpace.RectFAnimation: animateToFinalPosition RectF(458.83887, 1788.471, 621.16113, 1946.56)
08-13 16:19:56.849  2742  2742 I HoneySpace.WorkspaceViewModel: StartContentAnimation, type: AppClose, inProgress: false
08-13 16:19:56.849  2742  2742 I HoneySpace.HomescreenPot: playContentAnimator end, skip alpha: false, paramType = AppClose, state = com.honeyspace.sdk.HomeScreen$Normal@5a264ca -> com.honeyspace.sdk.HomeScreen$Normal@5a264ca
08-13 16:19:56.849  2742  2742 I StickerOperator: restoreOverlapStickers, 0, 171236902
08-13 16:19:56.849  2742  2742 I HoneySpace.HoneyScreenManagerImpl: transitionAnimator is ended, onCancel: false
08-13 16:19:56.849  2742  2742 I HoneySpace.ContentsAnimator: ContentsAnimator end [148089201]
08-13 16:19:56.851  2742  4789 I HoneySpace.SPayHandler: updateSpayHandler, show = true, defaultPage = true
08-13 16:19:56.865  2742  2742 I HoneySpace.RectFAnimation: animateToFinalPosition RectF(458.83887, 1793.6582, 621.16113, 1951.7473)
08-13 16:19:56.865  2742  2742 I HoneySpace.RectFAnimation: animateToFinalPosition RectF(460.3217, 1794.7698, 619.67834, 1950.1873)
08-13 16:19:56.867  2742  4755 I VRI[LauncherActivity]@3489192: mWNT: t=0xb4000076091cb050 mBlastBufferQueue=0xb4000075191609b0 fn= 33 HdrRenderState mRenderHdrSdrRatio=1.0 caller= com.android.systemui.shared.launcher.ViewRootImplCompat.mergeWithNextTransaction:4 com.honeyspace.transition.utils.SurfaceTransactionApplier.scheduleApply$lambda$1:26 com.honeyspace.transition.utils.SurfaceTransactionApplier.b:0
08-13 16:19:56.876  2742  4754 I VRI[LauncherActivity]@3489192: mWNT: t=0xb4000076092f7790 mBlastBufferQueue=0xb4000075191609b0 fn= 34 HdrRenderState mRenderHdrSdrRatio=1.0 caller= com.android.systemui.shared.launcher.ViewRootImplCompat.mergeWithNextTransaction:4 com.honeyspace.transition.utils.SurfaceTransactionApplier.scheduleApply$lambda$1:26 com.honeyspace.transition.utils.SurfaceTransactionApplier.b:0
08-13 16:19:56.879  2742  2742 I HoneySpace.RectFAnimation: animateToFinalPosition RectF(460.3217, 1798.1633, 619.67834, 1953.5808)
08-13 16:19:56.879  2742  2742 I HoneySpace.RectFAnimation: animateToFinalPosition RectF(461.34174, 1798.6547, 618.65826, 1952.891)
08-13 16:19:56.890  2742  4755 I VRI[LauncherActivity]@3489192: mWNT: t=0xb40000760922fdd0 mBlastBufferQueue=0xb4000075191609b0 fn= 35 HdrRenderState mRenderHdrSdrRatio=1.0 caller= com.android.systemui.shared.launcher.ViewRootImplCompat.mergeWithNextTransaction:4 com.honeyspace.transition.utils.SurfaceTransactionApplier.scheduleApply$lambda$1:26 com.honeyspace.transition.utils.SurfaceTransactionApplier.b:0
08-13 16:19:56.890  2742  2742 I HoneySpace.RectFAnimation: animateToFinalPosition RectF(461.34174, 1800.6893, 618.65826, 1954.9257)
08-13 16:19:56.891  2742  2742 I HoneySpace.RectFAnimation: animateToFinalPosition RectF(461.9951, 1801.004, 618.0049, 1954.4838)
08-13 16:19:56.899  2742  4754 I VRI[LauncherActivity]@3489192: mWNT: t=0xb4000076091af750 mBlastBufferQueue=0xb4000075191609b0 fn= 36 HdrRenderState mRenderHdrSdrRatio=1.0 caller= com.android.systemui.shared.launcher.ViewRootImplCompat.mergeWithNextTransaction:4 com.honeyspace.transition.utils.SurfaceTransactionApplier.scheduleApply$lambda$1:26 com.honeyspace.transition.utils.SurfaceTransactionApplier.b:0
08-13 16:19:56.900  2742  2742 I HoneySpace.RectFAnimation: animateToFinalPosition RectF(461.9951, 1802.4404, 618.0049, 1955.9202)
08-13 16:19:56.900  2742  2742 I HoneySpace.RectFAnimation: animateToFinalPosition RectF(462.4943, 1802.681, 617.50574, 1955.5826)
08-13 16:19:56.909  2742  2742 I HoneySpace.RectFAnimation: animateToFinalPosition RectF(462.4943, 1803.681, 617.50574, 1956.5826)
08-13 16:19:56.909  2742  2742 I HoneySpace.RectFAnimation: animateToFinalPosition RectF(462.8774, 1803.8656, 617.12256, 1956.3236)
08-13 16:19:56.910  2742  4755 I VRI[LauncherActivity]@3489192: mWNT: t=0xb4000076091d0d10 mBlastBufferQueue=0xb4000075191609b0 fn= 37 HdrRenderState mRenderHdrSdrRatio=1.0 caller= com.android.systemui.shared.launcher.ViewRootImplCompat.mergeWithNextTransaction:4 com.honeyspace.transition.utils.SurfaceTransactionApplier.scheduleApply$lambda$1:26 com.honeyspace.transition.utils.SurfaceTransactionApplier.b:0
08-13 16:19:56.919  2742  2742 I HoneySpace.RectFAnimation: animateToFinalPosition RectF(462.8774, 1804.694, 617.12256, 1957.152)
08-13 16:19:56.919  2742  2742 I HoneySpace.RectFAnimation: animateToFinalPosition RectF(463.23984, 1804.8685, 616.76013, 1956.9069)
08-13 16:19:56.920  2742  4754 I VRI[LauncherActivity]@3489192: mWNT: t=0xb40000760922b290 mBlastBufferQueue=0xb4000075191609b0 fn= 38 HdrRenderState mRenderHdrSdrRatio=1.0 caller= com.android.systemui.shared.launcher.ViewRootImplCompat.mergeWithNextTransaction:4 com.honeyspace.transition.utils.SurfaceTransactionApplier.scheduleApply$lambda$1:26 com.honeyspace.transition.utils.SurfaceTransactionApplier.b:0
08-13 16:19:56.930  2742  2742 I HoneySpace.RectFAnimation: animateToFinalPosition RectF(463.23984, 1805.4845, 616.76013, 1957.5228)
08-13 16:19:56.930  2742  2742 I HoneySpace.RectFAnimation: animateToFinalPosition RectF(463.57272, 1805.6449, 616.42725, 1957.2977)
08-13 16:19:56.930  2742  4755 I VRI[LauncherActivity]@3489192: mWNT: t=0xb400007609258c50 mBlastBufferQueue=0xb4000075191609b0 fn= 39 HdrRenderState mRenderHdrSdrRatio=1.0 caller= com.android.systemui.shared.launcher.ViewRootImplCompat.mergeWithNextTransaction:4 com.honeyspace.transition.utils.SurfaceTransactionApplier.scheduleApply$lambda$1:26 com.honeyspace.transition.utils.SurfaceTransactionApplier.b:0
08-13 16:19:56.934  4978  5051 V ClearcutMetricXmitter: Transmission is done.
08-13 16:19:56.937  4978  5051 V ClearcutMetricXmitter: Transmission is done.
08-13 16:19:56.941  2742  2742 I HoneySpace.RectFAnimation: animateToFinalPosition RectF(463.57272, 1806.0004, 616.42725, 1957.6532)
08-13 16:19:56.941  2742  4754 I VRI[LauncherActivity]@3489192: mWNT: t=0xb400007609203210 mBlastBufferQueue=0xb4000075191609b0 fn= 40 HdrRenderState mRenderHdrSdrRatio=1.0 caller= com.android.systemui.shared.launcher.ViewRootImplCompat.mergeWithNextTransaction:4 com.honeyspace.transition.utils.SurfaceTransactionApplier.scheduleApply$lambda$1:26 com.honeyspace.transition.utils.SurfaceTransactionApplier.b:0
08-13 16:19:56.941  2742  2742 I HoneySpace.RectFAnimation: animateToFinalPosition RectF(463.8475, 1806.1328, 616.15247, 1957.4673)
08-13 16:19:56.947  2742  4755 I VRI[LauncherActivity]@3489192: mWNT: t=0xb4000076091ad0d0 mBlastBufferQueue=0xb4000075191609b0 fn= 41 HdrRenderState mRenderHdrSdrRatio=1.0 caller= com.android.systemui.shared.launcher.ViewRootImplCompat.mergeWithNextTransaction:4 com.honeyspace.transition.utils.SurfaceTransactionApplier.scheduleApply$lambda$1:26 com.honeyspace.transition.utils.SurfaceTransactionApplier.b:0
08-13 16:19:56.950  2742  2742 I HoneySpace.RectFAnimation: animateToFinalPosition RectF(463.8475, 1806.2612, 616.15247, 1957.5957)
08-13 16:19:56.950  2742  2742 I HoneySpace.RectFAnimation: animateToFinalPosition RectF(464.03577, 1806.3518, 615.96423, 1957.4685)
08-13 16:19:56.955  2742  4754 I VRI[LauncherActivity]@3489192: mWNT: t=0xb400007609262650 mBlastBufferQueue=0xb4000075191609b0 fn= 42 HdrRenderState mRenderHdrSdrRatio=1.0 caller= com.android.systemui.shared.launcher.ViewRootImplCompat.mergeWithNextTransaction:4 com.honeyspace.transition.utils.SurfaceTransactionApplier.scheduleApply$lambda$1:26 com.honeyspace.transition.utils.SurfaceTransactionApplier.b:0
08-13 16:19:56.958  2742  2742 I HoneySpace.RectFAnimation: animateToFinalPosition RectF(464.03577, 1806.3623, 615.96423, 1957.479)
08-13 16:19:56.958  2742  2742 I HoneySpace.RectFAnimation: animateToFinalPosition RectF(464.17938, 1806.4315, 615.8206, 1957.3817)
08-13 16:19:56.964  2742  4755 I VRI[LauncherActivity]@3489192: mWNT: t=0xb4000076091b4d10 mBlastBufferQueue=0xb4000075191609b0 fn= 43 HdrRenderState mRenderHdrSdrRatio=1.0 caller= com.android.systemui.shared.launcher.ViewRootImplCompat.mergeWithNextTransaction:4 com.honeyspace.transition.utils.SurfaceTransactionApplier.scheduleApply$lambda$1:26 com.honeyspace.transition.utils.SurfaceTransactionApplier.b:0
08-13 16:19:56.967  2742  2742 I HoneySpace.RectFAnimation: animateToFinalPosition RectF(464.17938, 1806.3448, 615.8206, 1957.295)
08-13 16:19:56.967  2742  2742 I HoneySpace.RectFAnimation: animateToFinalPosition RectF(464.31784, 1806.4115, 615.6821, 1957.2015)
08-13 16:19:56.973  2742  4754 I VRI[LauncherActivity]@3489192: mWNT: t=0xb4000076091c7f50 mBlastBufferQueue=0xb4000075191609b0 fn= 44 HdrRenderState mRenderHdrSdrRatio=1.0 caller= com.android.systemui.shared.launcher.ViewRootImplCompat.mergeWithNextTransaction:4 com.honeyspace.transition.utils.SurfaceTransactionApplier.scheduleApply$lambda$1:26 com.honeyspace.transition.utils.SurfaceTransactionApplier.b:0
08-13 16:19:56.975  2742  2742 I HoneySpace.RectFAnimation: animateToFinalPosition RectF(464.31784, 1806.2606, 615.6821, 1957.0507)
08-13 16:19:56.975  2742  2742 I HoneySpace.RectFAnimation: animateToFinalPosition RectF(464.4231, 1806.3114, 615.5769, 1956.9794)
08-13 16:19:56.983  2742  2742 I HoneySpace.RectFAnimation: animateToFinalPosition RectF(464.4231, 1806.1027, 615.5769, 1956.7706)
08-13 16:19:56.983  2742  4755 I VRI[LauncherActivity]@3489192: mWNT: t=0xb4000076092867d0 mBlastBufferQueue=0xb4000075191609b0 fn= 45 HdrRenderState mRenderHdrSdrRatio=1.0 caller= com.android.systemui.shared.launcher.ViewRootImplCompat.mergeWithNextTransaction:4 com.honeyspace.transition.utils.SurfaceTransactionApplier.scheduleApply$lambda$1:26 com.honeyspace.transition.utils.SurfaceTransactionApplier.b:0
08-13 16:19:56.983  2742  2742 I HoneySpace.RectFAnimation: animateToFinalPosition RectF(464.51373, 1806.1462, 615.48627, 1956.7095)
08-13 16:19:56.992  2742  2742 I HoneySpace.RectFAnimation: animateToFinalPosition RectF(464.51373, 1805.8547, 615.48627, 1956.418)
08-13 16:19:56.992  2742  4754 I VRI[LauncherActivity]@3489192: mWNT: t=0xb4000076091b0fd0 mBlastBufferQueue=0xb4000075191609b0 fn= 46 HdrRenderState mRenderHdrSdrRatio=1.0 caller= com.android.systemui.shared.launcher.ViewRootImplCompat.mergeWithNextTransaction:4 com.honeyspace.transition.utils.SurfaceTransactionApplier.scheduleApply$lambda$1:26 com.honeyspace.transition.utils.SurfaceTransactionApplier.b:0
08-13 16:19:56.992  2742  2742 I HoneySpace.RectFAnimation: animateToFinalPosition RectF(464.60056, 1805.8966, 615.3994, 1956.3593)
08-13 16:19:57.001  2742  2742 I HoneySpace.RectFAnimation: animateToFinalPosition RectF(464.60056, 1805.5574, 615.3994, 1956.02)
08-13 16:19:57.001  2742  2742 I HoneySpace.RectFAnimation: animateToFinalPosition RectF(464.6736, 1805.5927, 615.3264, 1955.9706)
08-13 16:19:57.001  2742  4755 I VRI[LauncherActivity]@3489192: mWNT: t=0xb400007609290e10 mBlastBufferQueue=0xb4000075191609b0 fn= 47 HdrRenderState mRenderHdrSdrRatio=1.0 caller= com.android.systemui.shared.launcher.ViewRootImplCompat.mergeWithNextTransaction:4 com.honeyspace.transition.utils.SurfaceTransactionApplier.scheduleApply$lambda$1:26 com.honeyspace.transition.utils.SurfaceTransactionApplier.b:0
08-13 16:19:57.008  2742  2742 I HoneySpace.RectFAnimation: animateToFinalPosition RectF(464.6736, 1805.303, 615.3264, 1955.6809)
08-13 16:19:57.008  2742  4754 I VRI[LauncherActivity]@3489192: mWNT: t=0xb400007609131e50 mBlastBufferQueue=0xb4000075191609b0 fn= 48 HdrRenderState mRenderHdrSdrRatio=1.0 caller= com.android.systemui.shared.launcher.ViewRootImplCompat.mergeWithNextTransaction:4 com.honeyspace.transition.utils.SurfaceTransactionApplier.scheduleApply$lambda$1:26 com.honeyspace.transition.utils.SurfaceTransactionApplier.b:0
08-13 16:19:57.008  2742  2742 I HoneySpace.RectFAnimation: animateToFinalPosition RectF(464.7222, 1805.3264, 615.27783, 1955.648)
08-13 16:19:57.020  2742  2742 I HoneySpace.RectFAnimation: animateToFinalPosition RectF(464.7222, 1804.7915, 615.27783, 1955.113)
08-13 16:19:57.020  2742  4755 I VRI[LauncherActivity]@3489192: mWNT: t=0xb40000760917c610 mBlastBufferQueue=0xb4000075191609b0 fn= 49 HdrRenderState mRenderHdrSdrRatio=1.0 caller= com.android.systemui.shared.launcher.ViewRootImplCompat.mergeWithNextTransaction:4 com.honeyspace.transition.utils.SurfaceTransactionApplier.scheduleApply$lambda$1:26 com.honeyspace.transition.utils.SurfaceTransactionApplier.b:0
08-13 16:19:57.020  2742  2742 I HoneySpace.RectFAnimation: animateToFinalPosition RectF(464.79126, 1804.8247, 615.20874, 1955.0664)
08-13 16:19:57.027  2742  2742 I HoneySpace.RectFAnimation: animateToFinalPosition RectF(464.79126, 1804.4497, 615.20874, 1954.6914)
08-13 16:19:57.027  2742  4754 I VRI[LauncherActivity]@3489192: mWNT: t=0xb4000076090f00d0 mBlastBufferQueue=0xb4000075191609b0 fn= 50 HdrRenderState mRenderHdrSdrRatio=1.0 caller= com.android.systemui.shared.launcher.ViewRootImplCompat.mergeWithNextTransaction:4 com.honeyspace.transition.utils.SurfaceTransactionApplier.scheduleApply$lambda$1:26 com.honeyspace.transition.utils.SurfaceTransactionApplier.b:0
08-13 16:19:57.028  2742  2742 I HoneySpace.RectFAnimation: animateToFinalPosition RectF(464.82883, 1804.4678, 615.17114, 1954.666)
08-13 16:19:57.038  2742  2742 I HoneySpace.RectFAnimation: animateToFinalPosition RectF(464.82883, 1803.9873, 615.17114, 1954.1855)
08-13 16:19:57.038  2742  4755 I VRI[LauncherActivity]@3489192: mWNT: t=0xb400007609114090 mBlastBufferQueue=0xb4000075191609b0 fn= 51 HdrRenderState mRenderHdrSdrRatio=1.0 caller= com.android.systemui.shared.launcher.ViewRootImplCompat.mergeWithNextTransaction:4 com.honeyspace.transition.utils.SurfaceTransactionApplier.scheduleApply$lambda$1:26 com.honeyspace.transition.utils.SurfaceTransactionApplier.b:0
08-13 16:19:57.038  2742  2742 I HoneySpace.RectFAnimation: animateToFinalPosition RectF(465.0, 1804.0698, 615.0, 1954.0698)
08-13 16:19:57.045  2742  4754 I VRI[LauncherActivity]@3489192: mWNT: t=0xb400007609132390 mBlastBufferQueue=0xb4000075191609b0 fn= 52 HdrRenderState mRenderHdrSdrRatio=1.0 caller= com.android.systemui.shared.launcher.ViewRootImplCompat.mergeWithNextTransaction:4 com.honeyspace.transition.utils.SurfaceTransactionApplier.scheduleApply$lambda$1:26 com.honeyspace.transition.utils.SurfaceTransactionApplier.b:0
08-13 16:19:57.045  2742  2742 I HoneySpace.RectFAnimation: animateToFinalPosition RectF(465.0, 1803.6814, 615.0, 1953.6814)
08-13 16:19:57.047  1282  6206 D SemInputDeviceManager: setProperty: (0) CMD,GRIP_DATA,1,45,7,24,702
08-13 16:19:57.048  1282  1692 D SemInputDevice:TSP: SetPropertyTask: CMD,set_grip_data,1,45,7,24,702 [08-13 16:19:57.047]
08-13 16:19:57.052  1072  1072 I sysinput:Touch: writeInformation:249, OK
08-13 16:19:57.053  1282  1692 D SysinputHAL_V1_3(V1_2): runTspCmdNoRead(TSP(1)): set_grip_data,1,45,7,24,702 ret=0
08-13 16:19:57.056  2742  2742 I HoneySpace.RectFAnimation: animateToFinalPosition RectF(465.0, 1803.1969, 615.0, 1953.1969)
08-13 16:19:57.056  2742  4755 I VRI[LauncherActivity]@3489192: mWNT: t=0xb4000076091527d0 mBlastBufferQueue=0xb4000075191609b0 fn= 53 HdrRenderState mRenderHdrSdrRatio=1.0 caller= com.android.systemui.shared.launcher.ViewRootImplCompat.mergeWithNextTransaction:4 com.honeyspace.transition.utils.SurfaceTransactionApplier.scheduleApply$lambda$1:26 com.honeyspace.transition.utils.SurfaceTransactionApplier.b:0
08-13 16:19:57.064  2742  2742 I HoneySpace.RectFAnimation: animateToFinalPosition RectF(465.0, 1802.8138, 615.0, 1952.8138)
08-13 16:19:57.064  2742  4754 I VRI[LauncherActivity]@3489192: mWNT: t=0xb4000076091750d0 mBlastBufferQueue=0xb4000075191609b0 fn= 54 HdrRenderState mRenderHdrSdrRatio=1.0 caller= com.android.systemui.shared.launcher.ViewRootImplCompat.mergeWithNextTransaction:4 com.honeyspace.transition.utils.SurfaceTransactionApplier.scheduleApply$lambda$1:26 com.honeyspace.transition.utils.SurfaceTransactionApplier.b:0
08-13 16:19:57.068  1111  1111 E SurfaceFlinger: alpha changed 0.000 -> 0.000 - Surface(name=Task=2231)/@0x2a41ee7_transition-leash#233802
08-13 16:19:57.073  2742  2742 I HoneySpace.RectFAnimation: animateToFinalPosition RectF(465.0, 1802.3912, 615.0, 1952.3912)
08-13 16:19:57.073  2742  4755 I VRI[LauncherActivity]@3489192: mWNT: t=0xb40000760916fb10 mBlastBufferQueue=0xb4000075191609b0 fn= 55 HdrRenderState mRenderHdrSdrRatio=1.0 caller= com.android.systemui.shared.launcher.ViewRootImplCompat.mergeWithNextTransaction:4 com.honeyspace.transition.utils.SurfaceTransactionApplier.scheduleApply$lambda$1:26 com.honeyspace.transition.utils.SurfaceTransactionApplier.b:0
08-13 16:19:57.077  1111  1111 D SurfaceFlinger: Display 4633128672291735932 HWC layers:
08-13 16:19:57.077  1111  1111 D SurfaceFlinger:        DEVICE |   0xb4000079e28c6110 | 0000 | RGBA_8888    |    3.0    6.0 1077.0 2334.0 |    0    0 1080 2340 | Wallpaper BBQ wrapper 5_system#82 (19)
08-13 16:19:57.077  1111  1111 D SurfaceFlinger:        DEVICE |   0xb4000079e28c2e50 | 0001 | RGBA_8888    |    0.0    0.0 1080.0 2340.0 |    0    0 1080 2340 | com.sec.android.app.launcher/com.sec[...]vities.LauncherActivity$_2742#233797 (52)
08-13 16:19:57.077  1111  1111 D SurfaceFlinger:        DEVICE |   0xb4000079e28ca710 | 0001 | RGBA_8888    |    0.0    0.0 1080.0   80.0 |    0    0 1080   80 | StatusBar$_2127#106 (79534)
08-13 16:19:57.077  1111  1111 D SurfaceFlinger:        DEVICE |   0xb4000079e29075d0 | 0001 | RGBA_8888    |    0.0    0.0 1080.0  135.0 |    0 2205 1080 2340 | NavigationBar0$_2127#101 (129942)
08-13 16:19:57.077  1111  1111 D SurfaceFlinger:        DEVICE |   0xb4000079e28c8410 | 0001 | RGBA_8888    |    0.0  249.0 1034.0  827.0 |   46    0 1080  578 | $_4855#233489 (391)
08-13 16:19:57.077  1111  1111 D SurfaceFlinger:
08-13 16:19:57.090  2742  2742 I HoneySpace.RectFAnimation: animateToFinalPosition RectF(465.0, 1801.6268, 615.0, 1951.6268)
08-13 16:19:57.090  2742  4754 I VRI[LauncherActivity]@3489192: mWNT: t=0xb400007609140c50 mBlastBufferQueue=0xb4000075191609b0 fn= 56 HdrRenderState mRenderHdrSdrRatio=1.0 caller= com.android.systemui.shared.launcher.ViewRootImplCompat.mergeWithNextTransaction:4 com.honeyspace.transition.utils.SurfaceTransactionApplier.scheduleApply$lambda$1:26 com.honeyspace.transition.utils.SurfaceTransactionApplier.b:0
08-13 16:19:57.098  2742  2742 I HoneySpace.RectFAnimation: animateToFinalPosition RectF(465.0, 1801.2441, 615.0, 1951.2441)
08-13 16:19:57.098  2742  4755 I VRI[LauncherActivity]@3489192: mWNT: t=0xb40000760911aed0 mBlastBufferQueue=0xb4000075191609b0 fn= 57 HdrRenderState mRenderHdrSdrRatio=1.0 caller= com.android.systemui.shared.launcher.ViewRootImplCompat.mergeWithNextTransaction:4 com.honeyspace.transition.utils.SurfaceTransactionApplier.scheduleApply$lambda$1:26 com.honeyspace.transition.utils.SurfaceTransactionApplier.b:0
08-13 16:19:57.106  2742  2742 I HoneySpace.RectFAnimation: animateToFinalPosition RectF(465.0, 1800.9583, 615.0, 1950.9583)
08-13 16:19:57.106  2742  4754 I VRI[LauncherActivity]@3489192: mWNT: t=0xb400007609146750 mBlastBufferQueue=0xb4000075191609b0 fn= 58 HdrRenderState mRenderHdrSdrRatio=1.0 caller= com.android.systemui.shared.launcher.ViewRootImplCompat.mergeWithNextTransaction:4 com.honeyspace.transition.utils.SurfaceTransactionApplier.scheduleApply$lambda$1:26 com.honeyspace.transition.utils.SurfaceTransactionApplier.b:0
08-13 16:19:57.111  1066  4972 I ExynosC2H264EncComponent: [onUpdateC2Work] got SYNC FRAME
08-13 16:19:57.113  2742  4755 I VRI[LauncherActivity]@3489192: mWNT: t=0xb40000760912ca50 mBlastBufferQueue=0xb4000075191609b0 fn= 59 HdrRenderState mRenderHdrSdrRatio=1.0 caller= com.android.systemui.shared.launcher.ViewRootImplCompat.mergeWithNextTransaction:4 com.honeyspace.transition.utils.SurfaceTransactionApplier.scheduleApply$lambda$1:26 com.honeyspace.transition.utils.SurfaceTransactionApplier.b:0
08-13 16:19:57.113  2742  2742 I HoneySpace.RectFAnimation: animateToFinalPosition RectF(465.0, 1800.6833, 615.0, 1950.6833)
08-13 16:19:57.119  2742  2742 I HoneySpace.RectFAnimation: animateToFinalPosition RectF(465.0, 1800.4567, 615.0, 1950.4567)
08-13 16:19:57.119  2742  4754 I VRI[LauncherActivity]@3489192: mWNT: t=0xb40000760923f110 mBlastBufferQueue=0xb4000075191609b0 fn= 60 HdrRenderState mRenderHdrSdrRatio=1.0 caller= com.android.systemui.shared.launcher.ViewRootImplCompat.mergeWithNextTransaction:4 com.honeyspace.transition.utils.SurfaceTransactionApplier.scheduleApply$lambda$1:26 com.honeyspace.transition.utils.SurfaceTransactionApplier.b:0
08-13 16:19:57.123  2742  4755 I VRI[LauncherActivity]@3489192: mWNT: t=0xb40000760924a710 mBlastBufferQueue=0xb4000075191609b0 fn= 61 HdrRenderState mRenderHdrSdrRatio=1.0 caller= com.android.systemui.shared.launcher.ViewRootImplCompat.mergeWithNextTransaction:4 com.honeyspace.transition.utils.SurfaceTransactionApplier.scheduleApply$lambda$1:26 com.honeyspace.transition.utils.SurfaceTransactionApplier.b:0
08-13 16:19:57.125  2742  2742 I HoneySpace.RectFAnimation: animateToFinalPosition RectF(465.0, 1800.2385, 615.0, 1950.2385)
08-13 16:19:57.131  2742  4754 I VRI[LauncherActivity]@3489192: mWNT: t=0xb4000076091a6990 mBlastBufferQueue=0xb4000075191609b0 fn= 62 HdrRenderState mRenderHdrSdrRatio=1.0 caller= com.android.systemui.shared.launcher.ViewRootImplCompat.mergeWithNextTransaction:4 com.honeyspace.transition.utils.SurfaceTransactionApplier.scheduleApply$lambda$1:26 com.honeyspace.transition.utils.SurfaceTransactionApplier.b:0
08-13 16:19:57.133  2742  2742 I HoneySpace.RectFAnimation: animateToFinalPosition RectF(465.0, 1799.9609, 615.0, 1949.9609)
08-13 16:19:57.140  2742  4755 I VRI[LauncherActivity]@3489192: mWNT: t=0xb4000076092198d0 mBlastBufferQueue=0xb4000075191609b0 fn= 63 HdrRenderState mRenderHdrSdrRatio=1.0 caller= com.android.systemui.shared.launcher.ViewRootImplCompat.mergeWithNextTransaction:4 com.honeyspace.transition.utils.SurfaceTransactionApplier.scheduleApply$lambda$1:26 com.honeyspace.transition.utils.SurfaceTransactionApplier.b:0
08-13 16:19:57.141  2742  2742 I HoneySpace.RectFAnimation: animateToFinalPosition RectF(465.0, 1799.6987, 615.0, 1949.6987)
08-13 16:19:57.148  2742  4754 I VRI[LauncherActivity]@3489192: mWNT: t=0xb400007609294d10 mBlastBufferQueue=0xb4000075191609b0 fn= 64 HdrRenderState mRenderHdrSdrRatio=1.0 caller= com.android.systemui.shared.launcher.ViewRootImplCompat.mergeWithNextTransaction:4 com.honeyspace.transition.utils.SurfaceTransactionApplier.scheduleApply$lambda$1:26 com.honeyspace.transition.utils.SurfaceTransactionApplier.b:0
08-13 16:19:57.150  2742  2742 I HoneySpace.RectFAnimation: animateToFinalPosition RectF(465.0, 1799.422, 615.0, 1949.422)
08-13 16:19:57.157  2742  4755 I VRI[LauncherActivity]@3489192: mWNT: t=0xb4000076091bee10 mBlastBufferQueue=0xb4000075191609b0 fn= 65 HdrRenderState mRenderHdrSdrRatio=1.0 caller= com.android.systemui.shared.launcher.ViewRootImplCompat.mergeWithNextTransaction:4 com.honeyspace.transition.utils.SurfaceTransactionApplier.scheduleApply$lambda$1:26 com.honeyspace.transition.utils.SurfaceTransactionApplier.b:0
08-13 16:19:57.158  2742  2742 I HoneySpace.RectFAnimation: animateToFinalPosition RectF(465.0, 1799.1921, 615.0, 1949.1921)
08-13 16:19:57.166  2742  4754 I VRI[LauncherActivity]@3489192: mWNT: t=0xb400007609226590 mBlastBufferQueue=0xb4000075191609b0 fn= 66 HdrRenderState mRenderHdrSdrRatio=1.0 caller= com.android.systemui.shared.launcher.ViewRootImplCompat.mergeWithNextTransaction:4 com.honeyspace.transition.utils.SurfaceTransactionApplier.scheduleApply$lambda$1:26 com.honeyspace.transition.utils.SurfaceTransactionApplier.b:0
08-13 16:19:57.166  2742  2742 I HoneySpace.RectFAnimation: animateToFinalPosition RectF(465.0, 1798.9772, 615.0, 1948.9772)
08-13 16:19:57.169  4917  4917 I InputMethodService: removeImeSurface
08-13 16:19:57.169  4917  4917 I InputMethodService: cancelImeSurfaceRemoval: removeCallbacks
08-13 16:19:57.174  2742  4755 I VRI[LauncherActivity]@3489192: mWNT: t=0xb40000760924ca10 mBlastBufferQueue=0xb4000075191609b0 fn= 67 HdrRenderState mRenderHdrSdrRatio=1.0 caller= com.android.systemui.shared.launcher.ViewRootImplCompat.mergeWithNextTransaction:4 com.honeyspace.transition.utils.SurfaceTransactionApplier.scheduleApply$lambda$1:26 com.honeyspace.transition.utils.SurfaceTransactionApplier.b:0
08-13 16:19:57.174  2742  2742 I HoneySpace.RectFAnimation: animateToFinalPosition RectF(465.0, 1798.7527, 615.0, 1948.7527)
08-13 16:19:57.182  2742  4754 I VRI[LauncherActivity]@3489192: mWNT: t=0xb400007609284310 mBlastBufferQueue=0xb4000075191609b0 fn= 68 HdrRenderState mRenderHdrSdrRatio=1.0 caller= com.android.systemui.shared.launcher.ViewRootImplCompat.mergeWithNextTransaction:4 com.honeyspace.transition.utils.SurfaceTransactionApplier.scheduleApply$lambda$1:26 com.honeyspace.transition.utils.SurfaceTransactionApplier.b:0
08-13 16:19:57.183  2742  2742 I HoneySpace.RectFAnimation: animateToFinalPosition RectF(465.0, 1798.568, 615.0, 1948.568)
08-13 16:19:57.188  1062  6191 I HYPER-HAL: [RequestManager.cpp]releaseLocked(): Released ID : 857422
08-13 16:19:57.191  2742  4755 I VRI[LauncherActivity]@3489192: mWNT: t=0xb4000076091b16d0 mBlastBufferQueue=0xb4000075191609b0 fn= 69 HdrRenderState mRenderHdrSdrRatio=1.0 caller= com.android.systemui.shared.launcher.ViewRootImplCompat.mergeWithNextTransaction:4 com.honeyspace.transition.utils.SurfaceTransactionApplier.scheduleApply$lambda$1:26 com.honeyspace.transition.utils.SurfaceTransactionApplier.b:0
08-13 16:19:57.191  2742  2742 I HoneySpace.RectFAnimation: animateToFinalPosition RectF(465.0, 1798.3969, 615.0, 1948.3969)
08-13 16:19:57.191  2742  2742 I HoneySpace.FloatingAnimator: [Player:A(56.485)] spring set end called
08-13 16:19:57.191  2742  2742 I HoneySpace.FloatingAnimator: [Player:A(56.485)] reset
08-13 16:19:57.192  2742  2742 I HoneySpace.FloatingAnimator: playerCount : 0
08-13 16:19:57.192  2742  2742 I HoneySpace.FloatingFinishHelper: finishInProgress: true
08-13 16:19:57.192  2742  2742 I HoneySpace.AppCloseAnimationDelegate: animatorSet end
08-13 16:19:57.192  2742  2742 I HoneySpace.DeJankUtils: postAfterTraversal is called com.honeyspace.common.performance.JankWrapper$addCujInstrumentation$1$4$1@c0dbe0c, immediate : true detail : app transition end
08-13 16:19:57.192  2742  2742 I HoneySpace.AnimationResult: finish, false
08-13 16:19:57.192  2742  2742 I HoneySpace.RunnableList: executeAllAndClear() called, size: 1
08-13 16:19:57.192  2742  2742 I HoneySpace.FloatingFinishHelper: isAppShow reset, immediate
08-13 16:19:57.193  2742  2742 I HoneySpace.WallpaperAnimator: destroyWallpaperSurface Surface(name=Surface(name=RemoteWallpaperAnim:1:1)/@0xcc52fc5 - animation-leash of remote_wallpaper)/@0x8896b9a
08-13 16:19:57.193  2742  2742 I HoneySpace.WallpaperAnimator: wallpaper animation end [101132867]
08-13 16:19:57.194  2742 10793 I HoneySpace.AnimationResult: asyncFinishRunnable run
08-13 16:19:57.196  2127  2303 I SurfaceControlRegistry: apply, t=FinishTransaction_SyncId<20543>, caller=android.view.SurfaceControl$Transaction.apply:3135 android.view.SurfaceControl$Transaction.apply:3122 android.view.SurfaceControl$Transaction.apply:3078 com.android.wm.shell.transition.Transitions.onFinish:308 com.android.wm.shell.transition.Transitions$$ExternalSyntheticLambda8.onTransitionFinished:10 com.android.wm.shell.transition.RemoteTransitionHandler$1$$ExternalSyntheticLambda0.run:78
08-13 16:19:57.196  1111  1111 I SurfaceFlinger: Layer [Task=2231#233774] hidden!! flag(1)
08-13 16:19:57.196  1111  1111 I SurfaceFlinger: [LayerHierarchy{RequestedLayerState{Task=1#52 parentId=11} 2 children}] reparent to LayerHierarchy{RequestedLayerState{DefaultTaskDisplayArea_d0#11 parentId=10} 9 children}
08-13 16:19:57.196  1111  1111 I SurfaceFlinger: [LayerHierarchy{RequestedLayerState{WallpaperWindowToken{b638ffb token=android.os.Binder@64ddd8a}#74 parentId=9 z=1} 1 children}] reparent to LayerHierarchy{RequestedLayerState{Leaf:1:1#9 parentId=8} 2 children}
08-13 16:19:57.196  1111  1111 I SurfaceFlinger: [LayerHierarchy{RequestedLayerState{Task=2231#233774 parentId=11 z=3} 1 children}] reparent to LayerHierarchy{RequestedLayerState{DefaultTaskDisplayArea_d0#11 parentId=10} 10 children}
08-13 16:19:57.196  1111  1111 I SurfaceFlinger: [LayerHierarchy{RequestedLayerState{Transition Root: Task=1#233800} 2 children}] reparent to OffscreenRoot
08-13 16:19:57.196  1111  1111 I SurfaceFlinger: [LayerHierarchy{RequestedLayerState{Transition Root: Task=1#233800} 2 children}] RelativeParent to null
08-13 16:19:57.199  2742  3854 I HoneySpace.WallpaperAnimator: onAnimationCancelled
08-13 16:19:57.199  1111  1732 I SurfaceFlinger: id=233790 Removed Splash Screen com.example.cupcake.test$_2127#233790 (193)
08-13 16:19:57.199  1111  1732 I SurfaceFlinger: id=233789 Removed 5da4732 Splash Screen com.example.cupcake.test#233789 (193)
08-13 16:19:57.204  2742  2742 I HoneySpace.AnimationResult: completeCallback run
08-13 16:19:57.204  2742  4754 I VRI[LauncherActivity]@3489192: mWNT: t=0xb400007609273590 mBlastBufferQueue=0xb4000075191609b0 fn= 70 HdrRenderState mRenderHdrSdrRatio=1.0 caller= com.android.systemui.shared.launcher.ViewRootImplCompat.mergeWithNextTransaction:4 com.honeyspace.transition.utils.SurfaceTransactionApplier.scheduleApply$lambda$1:26 com.honeyspace.transition.utils.SurfaceTransactionApplier.b:0
08-13 16:19:57.205  2742  2742 I HoneySpace.RectFAnimation: animateToFinalPosition RectF(465.0, 1798.1284, 615.0, 1948.1284)
08-13 16:19:57.205  2742  2742 I HoneySpace.DeJankUtils: traversals callback's received
08-13 16:19:57.205  2742  2742 I HoneySpace.DeJankUtils: doActionRunnable is called com.honeyspace.common.performance.JankWrapper$addCujInstrumentation$1$4$1@c0dbe0c, immediate = true, detail : app transition end
08-13 16:19:57.205  2742  2742 I HoneySpace.AppTransitionAnimationAwait: proceed 1
08-13 16:19:57.205  2742  2742 I HoneySpace.Launcher: onEnterAnimationComplete
08-13 16:19:57.205  2742  2742 I HoneySpace.FloatingFinishHelper: finishInProgress: false
08-13 16:19:57.207  5596  5596 I VRI[ComponentActivity]@4a63735: handleAppVisibility mAppVisible = true visible = false
08-13 16:19:57.207  5596  5596 D VRI[ComponentActivity]@4a63735: visibilityChanged oldVisibility=true newVisibility=false
08-13 16:19:57.207  5736  5736 I VRI[InstrumentationActivityInvoker$EmptyActivity]@1672ac: stopped(true) old = false
