08-13 16:19:53.532  5596  5677 I TestRunner: started: cupcakeNavHost_verifyStartDestination(com.example.cupcake.test.CupcakeScreenNavigationTest)
08-13 16:19:53.533  1111  1111 I SurfaceFlinger: destroyed 1ae5d6e com.example.cupcake/androidx.activity.ComponentActivity#233696
08-13 16:19:53.533  1111  1111 I SurfaceFlinger: destroyed com.example.cupcake/androidx.activity.ComponentActivity$_5596#233698
08-13 16:19:53.535  4917  6138 I HBD     : h writeToFile complete
08-13 16:19:53.535  1111  1111 I Layer   : id=233698 Destroyed com.example.cupcake/androidx.activity.ComponentActivity$_5596#233698
08-13 16:19:53.536  4917  6136 E AtomicFile: Failed to rename /data/user_de/0/com.samsung.android.honeyboard/files/selected.json.new to /data/user_de/0/com.samsung.android.honeyboard/files/selected.json
08-13 16:19:53.536  4917  6136 I HBD     : h writeToFile complete
08-13 16:19:53.536  1111  1111 I Layer   : id=233696 Destroyed 1ae5d6e com.example.cupcake/androidx.activity.ComponentActivity#233696
08-13 16:19:53.539  1282  3179 V WindowManager: Relayout hash=7d50e77, pid=2127, syncId=-1: mAttrs={(0,0)(fillxfill) sim={adjust=pan} layoutInDisplayCutoutMode=always ty=APPLICATION_STARTING fmt=TRANSLUCENT
08-13 16:19:53.539  1282  3179 V WindowManager:   fl=81030118
08-13 16:19:53.539  1282  3179 V WindowManager:   pfl=10000810
08-13 16:19:53.539  1282  3179 V WindowManager:   apr=18
08-13 16:19:53.539  1282  3179 V WindowManager:   bhv=1
08-13 16:19:53.539  1282  3179 V WindowManager:   fitSides=0
08-13 16:19:53.539  1282  3179 V WindowManager:   frameRateBoostOnTouch=true
08-13 16:19:53.539  1282  3179 V WindowManager:   dvrrWindowFrameRateHint=true naviIconColor=0}
08-13 16:19:53.539  2742  4754 I VRI[LauncherActivity]@3489192: mWNT: t=0xb4000076091703d0 mBlastBufferQueue=0xb4000075190eebd0 fn= 20 HdrRenderState mRenderHdrSdrRatio=1.0 caller= com.android.systemui.shared.launcher.ViewRootImplCompat.mergeWithNextTransaction:4 com.honeyspace.transition.utils.SurfaceTransactionApplier.scheduleApply$lambda$1:26 com.honeyspace.transition.utils.SurfaceTransactionApplier.b:0
08-13 16:19:53.539  2742  2742 I HoneySpace.RectFAnimation: animateToFinalPosition RectF(347.11298, 1332.6108, 732.887, 1942.1372)
08-13 16:19:53.539  2742  2742 I HoneySpace.RectFAnimation: animateToFinalPosition RectF(369.00815, 1374.3401, 710.9918, 1883.562)
08-13 16:19:53.540  2742  2100 I HoneySpace.RecentTasks: onRecentTasksChanged
08-13 16:19:53.548  5596  5677 D IdlingRegistry: Registering idling resources: [androidx.compose.ui.test.EspressoLink@6c1bc14]
08-13 16:19:53.548  2127  2334 I VRI[test]@8f10f70: Relayout returned: old=(0,0,1080,2340) new=(0,0,1080,2340) relayoutAsync=false req=(1080,2340)8 dur=53 res=0x2 s={false 0x0} ch=true seqId=0
08-13 16:19:53.548  2127  2334 D VRI[test]@8f10f70: Not drawing due to not visible. Reason=View.GONE
08-13 16:19:53.549  2127  2334 W WindowOnBackDispatcher: sendCancelIfRunning: isInProgress=false callback=android.view.ViewRootImpl$$ExternalSyntheticLambda15@594002b
08-13 16:19:53.551 23813 23813 I NotifySyncService_23813_23813: onNotificationPosted Id:1332 key:0|com.samsung.android.app.smartcapture|1332|null|10190 PackageName:com.samsung.android.app.smartcapture IsOngoing:true PostTime:1755091193315 currentDeviceModel.connected: false
08-13 16:19:53.552  1111  1111 I SurfaceFlinger: Layer [Splash Screen com.example.cupcake.test$_2127#233709] hidden!! flag(1)
08-13 16:19:53.552  1111  1111 I SurfaceFlinger: [LayerHierarchy{RequestedLayerState{Task=2227#233732 z=3} no children}] reparent to OffscreenRoot
08-13 16:19:53.552  1111  1111 I SurfaceFlinger: [LayerHierarchy{RequestedLayerState{Task=2227#233732 z=3} no children}] RelativeParent to null
08-13 16:19:53.552  1111  1111 I SurfaceFlinger: [LayerHierarchy{RequestedLayerState{Task=2227#233693 z=3} 1 children}] reparent to OffscreenRoot
08-13 16:19:53.552  1111  1111 I SurfaceFlinger: [LayerHierarchy{RequestedLayerState{Task=2227#233693 z=3} 1 children}] RelativeParent to null
08-13 16:19:53.552  1111  1111 I SurfaceFlinger: [LayerHierarchy{RequestedLayerState{ActivityRecord{f1dc00e u0 com.example.cupcake/androidx.activity.ComponentActivity t2227}#233694} 1 children}] reparent to OffscreenRoot
08-13 16:19:53.552  1111  1111 I SurfaceFlinger: [LayerHierarchy{RequestedLayerState{ActivityRecord{f1dc00e u0 com.example.cupcake/androidx.activity.ComponentActivity t2227}#233694} 1 children}] RelativeParent to null
08-13 16:19:53.552  2127  2334 I VRI[test]@8f10f70: dispatchDetachedFromWindow
08-13 16:19:53.553 23813 23813 I NotifySyncService_23813_23813: onNotificationPosted Id:1332 , appName : Samsung yakalama
08-13 16:19:53.553 23813 23813 I NotifySyncService_23813_23813:  isOngoing = true isIncomingCall = false
08-13 16:19:53.553 23813 21993 I AccountManagerService_23813_21993: log: getAccounts: accountType com.xiaomi, caller's uid 10349, pid 23813
08-13 16:19:53.553  1282  4376 D InputTransport: Input channel destroyed: '7d50e77', fd=932
08-13 16:19:53.553 23813 21993 I SecureDatabase_23813_21993: log: query: accounts, columns=[_id,type,name], selection=null, selectionArgs=null, groupBy=null, having=null, orderBy=null, limit=null
08-13 16:19:53.553  1111  1111 I SurfaceFlinger: id=233732 Removed Task=2227#233732 (184)
08-13 16:19:53.553  1282  4376 W InputManager-JNI: Input channel object '7d50e77 Splash Screen com.example.cupcake.test (client)' was disposed without first being removed with the input manager!
08-13 16:19:53.553  1111  1111 I SurfaceFlinger: id=233694 Removed ActivityRecord{f1dc00e u0 com.example.cupcake/androidx.activity.ComponentActivity t2227}#233694 (184)
08-13 16:19:53.553  1282  4376 D InputTransport: Input channel destroyed: '7d50e77', fd=981
08-13 16:19:53.554 23813 21993 I SecureDatabase_23813_21993: log: query: cursor count=1
08-13 16:19:53.554 23813 21993 I SecureDatabase_23813_21993: log: query: row=[1,com.xiaomi,6521150625]
08-13 16:19:53.554 23813 21993 I AccountManagerService_23813_21993: log: validateAccountsAndPopulateCache>>>accountId=1 accountType=com.xiaomi accountName=6521150625
08-13 16:19:53.554 23813 21993 I AccountManagerService_23813_21993: log: getAccounts: accountType com.xiaomi, caller's uid 10349, pid 23813
08-13 16:19:53.554 23813 21993 I SecureDatabase_23813_21993: log: query: accounts, columns=[_id,type,name], selection=null, selectionArgs=null, groupBy=null, having=null, orderBy=null, limit=null
08-13 16:19:53.554 23813 21993 I SecureDatabase_23813_21993: log: query: cursor count=1
08-13 16:19:53.554  5596  5677 W Settings: Setting always_finish_activities has moved from android.provider.Settings.System to android.provider.Settings.Global, returning read-only value.
08-13 16:19:53.554 23813 21993 I SecureDatabase_23813_21993: log: query: row=[1,com.xiaomi,6521150625]
08-13 16:19:53.554 23813 21993 I AccountManagerService_23813_21993: log: validateAccountsAndPopulateCache>>>accountId=1 accountType=com.xiaomi accountName=6521150625
08-13 16:19:53.556 23813 21991 I NotifyLogUtils_23813_21991: isIgnoringBatteryOptimizations true
08-13 16:19:53.558  2742  2100 I HoneySpace.HistoryViewModel@160600677@OneUI: Illegal access. Unknown type. skip load history items
08-13 16:19:53.564  2127  2334 D InputTransport: Input channel destroyed: '7d50e77', fd=447
08-13 16:19:53.568  2742  2742 I HoneySpace.RectFAnimation: animateToFinalPosition RectF(369.00815, 1452.2762, 710.9918, 1961.4982)
08-13 16:19:53.568  2742  4755 I VRI[LauncherActivity]@3489192: mWNT: t=0xb400007609122cd0 mBlastBufferQueue=0xb4000075190eebd0 fn= 21 HdrRenderState mRenderHdrSdrRatio=1.0 caller= com.android.systemui.shared.launcher.ViewRootImplCompat.mergeWithNextTransaction:4 com.honeyspace.transition.utils.SurfaceTransactionApplier.scheduleApply$lambda$1:26 com.honeyspace.transition.utils.SurfaceTransactionApplier.b:0
08-13 16:19:53.568  2742  2742 I HoneySpace.RectFAnimation: animateToFinalPosition RectF(399.05722, 1507.3411, 680.94275, 1884.2036)
08-13 16:19:53.570  1111  1111 D SurfaceFlinger: Display 4633128672291735932 HWC layers:
08-13 16:19:53.570  1111  1111 D SurfaceFlinger:        DEVICE |   0xb4000079e28c6110 | 0000 | RGBA_8888    |   52.0  113.0 1028.0 2227.0 |    0    0 1080 2340 | Wallpaper BBQ wrapper 5_system#82 (19)
08-13 16:19:53.570  1111  1111 D SurfaceFlinger:        DEVICE |   0xb4000079e292f2d0 | 0001 | RGBA_8888    |    0.0    0.0 1080.0 2340.0 |    0    0 1080 2340 | com.sec.android.app.launcher/com.sec[...]vities.LauncherActivity$_2742#233723 (18)
08-13 16:19:53.570  1111  1111 D SurfaceFlinger:        CLIENT |   0xb4000079e2913b90 | 0001 | RGBA_8888    |    0.0   49.0 1080.0 2172.0 |  189  664  891 2046 | com.example.cupcake.test/androidx.te[...]tyInvoker$EmptyActivity$_5736#233711 (1)
08-13 16:19:53.570  1111  1111 D SurfaceFlinger:        DEVICE |   0xb4000079e28bb590 | 0001 | RGBA_8888    |    0.0    0.0 1080.0   80.0 |    0    0 1080   80 | StatusBar$_2127#106 (79488)
08-13 16:19:53.570  1111  1111 D SurfaceFlinger:        DEVICE |   0xb4000079e28eb950 | 0001 | RGBA_8888    |    0.0    0.0 1080.0  135.0 |    0 2205 1080 2340 | NavigationBar0$_2127#101 (129867)
08-13 16:19:53.570  1111  1111 D SurfaceFlinger:        DEVICE |   0xb4000079e289e790 | 0001 | RGBA_8888    |    0.0  249.0 1034.0  827.0 |   46    0 1080  578 | $_4855#233489 (388)
08-13 16:19:53.570  1111  1111 D SurfaceFlinger:
08-13 16:19:53.571  1111  1111 I SurfaceFlinger: destroyed Task=2227#233732
08-13 16:19:53.571  1111  1111 I SurfaceFlinger: destroyed ActivityRecord{f1dc00e u0 com.example.cupcake/androidx.activity.ComponentActivity t2227}#233694
08-13 16:19:53.571  1111  1111 I SurfaceFlinger: destroyed b198b10 ActivityRecordInputSink com.example.cupcake/androidx.activity.ComponentActivity#233702
08-13 16:19:53.571  1111  1111 I SurfaceFlinger: [LayerHierarchy{RequestedLayerState{Surface(name=3bf1bd com.example.cupcake.test/androidx.test.core.app.InstrumentationActivityInvoker$EmptyActivity)/@0xa4d2a91 - animation-leash of starting_reveal#233730} 1 children}] reparent to OffscreenRoot
08-13 16:19:53.571  1111  1111 I SurfaceFlinger: [LayerHierarchy{RequestedLayerState{Surface(name=3bf1bd com.example.cupcake.test/androidx.test.core.app.InstrumentationActivityInvoker$EmptyActivity)/@0xa4d2a91 - animation-leash of starting_reveal#233730} 1 children}] RelativeParent to null
08-13 16:19:53.571  1111  1111 I SurfaceFlinger: [LayerHierarchy{RequestedLayerState{7d50e77 Splash Screen com.example.cupcake.test#233708 z=2147483647} 1 children}] reparent to OffscreenRoot
08-13 16:19:53.571  1111  1111 I SurfaceFlinger: [LayerHierarchy{RequestedLayerState{7d50e77 Splash Screen com.example.cupcake.test#233708 z=2147483647} 1 children}] RelativeParent to null
08-13 16:19:53.571  1111  1111 I SurfaceFlinger: [LayerHierarchy{RequestedLayerState{Splash Screen com.example.cupcake.test$_2127#233709} no children}] reparent to OffscreenRoot
08-13 16:19:53.571  1111  1111 I SurfaceFlinger: [LayerHierarchy{RequestedLayerState{Splash Screen com.example.cupcake.test$_2127#233709} no children}] RelativeParent to null
08-13 16:19:53.571  1111  1111 I SurfaceFlinger: [LayerHierarchy{RequestedLayerState{3bf1bd com.example.cupcake.test/androidx.test.core.app.InstrumentationActivityInvoker$EmptyActivity#233710 parentId=233707} 1 children}] reparent to LayerHierarchy{RequestedLayerState{ActivityRecord{bf9ce7f u0 com.example.cupcake.test/androidx.test.core.app.InstrumentationActivityInvoker$EmptyActivity t2228}#233707 parentId=233706} 2 children}
08-13 16:19:53.572  1111  1111 I Layer   : id=233702 Destroyed b198b10 ActivityRecordInputSink com.example.cupcake/androidx.activity.ComponentActivity#233702
08-13 16:19:53.572  1111  1111 I Layer   : id=233694 Destroyed ActivityRecord{f1dc00e u0 com.example.cupcake/androidx.activity.ComponentActivity t2227}#233694
08-13 16:19:53.573  1111  1111 I Layer   : id=233732 Destroyed Task=2227#233732
08-13 16:19:53.573  1282  1447 I SurfaceControl: apply, lowDebugName=RemoveStartingRevealAnim, caller=android.view.SurfaceControl$Transaction.apply:3122 android.view.SurfaceControl$Transaction.apply:3078 com.android.server.wm.WindowAnimator.animate:380 com.android.server.wm.WindowAnimator$$ExternalSyntheticLambda1.doFrame:14 android.view.Choreographer$CallbackRecord.run:1749 android.view.Choreographer$CallbackRecord.run:1760
08-13 16:19:53.573  1111  1223 I SurfaceFlinger: id=233709 Removed Splash Screen com.example.cupcake.test$_2127#233709 (181)
08-13 16:19:53.576  1282  2477 V GrammaticalInflectionUtils: AttributionSource: AttributionSource { uid = 10418, packageName = null, attributionTag = null, token = android.os.Binder@88f1d92, deviceId = 0, next = null } does not have READ_SYSTEM_GRAMMATICAL_GENDER permission.
08-13 16:19:53.580 23813 30394 W FA      : Failed to retrieve Firebase Instance Id
08-13 16:19:53.581  2742  4754 I VRI[LauncherActivity]@3489192: mWNT: t=0xb400007609107210 mBlastBufferQueue=0xb4000075190eebd0 fn= 22 HdrRenderState mRenderHdrSdrRatio=1.0 caller= com.android.systemui.shared.launcher.ViewRootImplCompat.mergeWithNextTransaction:4 com.honeyspace.transition.utils.SurfaceTransactionApplier.scheduleApply$lambda$1:26 com.honeyspace.transition.utils.SurfaceTransactionApplier.b:0
08-13 16:19:53.581  2742  2742 I HoneySpace.TaskListViewModel: onTaskRemoved : 2227
08-13 16:19:53.581  2742  2742 I HoneySpace.TaskListViewModel: onTaskRemoved : 2227
08-13 16:19:53.581  2742  2742 I HoneySpace.TaskListPot: taskRemoveId, taskId = 2227
08-13 16:19:53.581  2742  2742 I HoneySpace.StackRecentsView: INVALID_TASK_POSITION 2227
08-13 16:19:53.581  2742  2742 I HoneySpace.TaskListViewModel: onTaskRemoved : 2227
08-13 16:19:53.581  2742  2742 I HoneySpace.TaskListViewModel: onTaskRemoved : 2227
08-13 16:19:53.581  2742  2742 I HoneySpace.TaskListPot: taskRemoveId, taskId = 2227
08-13 16:19:53.581  2742  2742 I HoneySpace.StackRecentsView: INVALID_TASK_POSITION 2227
08-13 16:19:53.581  2742  2887 I HoneySpace.TopTaskSource: onTaskRemoved: 2227
08-13 16:19:53.581  2127  2127 D InterruptionStateProvider:  no Heads up : edgelighting enabled app. 0|com.samsung.android.app.smartcapture|1332|null|10190
08-13 16:19:53.582  2742  6184 I HoneySpace.NotificationListener: onNotificationPosted com.samsung.android.app.smartcapture: 0|com.samsung.android.app.smartcapture|1332|null|10190: 0
08-13 16:19:53.582  2742  6184 I HoneySpace.BadgeDataSourceImpl: Get notification count. PK(p='com.samsung.android.app.smartcapture', u=UserHandle{0}) - forceBadgeCount: false, notification listener: 1, badge provider: 0
08-13 16:19:53.583  2742  2742 I HoneySpace.RectFAnimation: animateToFinalPosition RectF(399.05722, 1542.3076, 680.94275, 1919.1702)
08-13 16:19:53.583  2742  2742 I HoneySpace.RectFAnimation: animateToFinalPosition RectF(411.4849, 1564.0515, 668.51514, 1888.6482)
08-13 16:19:53.584  1282  2936 I SemDvfsHyPerManager: acquire hyper - AMS_APP_SWITCH/1282@26, type = -999
08-13 16:19:53.585  1111  1223 I SurfaceFlinger: id=233733 createSurf, flag=24004, Task=2229#233733
08-13 16:19:53.585  1062  1149 I HYPER-HAL: [RequestManager.cpp]acquire(): Acquired ID : 856112  [1282 / 26]    HINT : AMS_APP_SWITCH    list :
08-13 16:19:53.586  1111  1111 I SurfaceFlinger: destroyed Splash Screen com.example.cupcake.test$_2127#233709
08-13 16:19:53.586  1111  1111 I SurfaceFlinger: [Task=2229#233733] attach to parent LayerHierarchy{RequestedLayerState{DefaultTaskDisplayArea_d0#11 parentId=10} 8 children}
08-13 16:19:53.588  1111  1111 I Layer   : id=233709 Destroyed Splash Screen com.example.cupcake.test$_2127#233709
08-13 16:19:53.590  1111  1223 I SurfaceFlinger: id=233734 createSurf, flag=84004, ActivityRecord{d80f800 u0 com.example.cupcake/androidx.activity.ComponentActivity t2229}#233734
08-13 16:19:53.593  2127  2127 D SubscreenNotificationListCoordinator: onAfterRenderList() isSubScreen = false, pluginLockMode = 0, doNotShowOnCover = false
08-13 16:19:53.594  4368  4368 I SemDvfsHyPerManager: acquire hyper - APP_START_SHORT/4368@14, type = -999
08-13 16:19:53.596  1062  1149 I HYPER-HAL: [RequestManager.cpp]acquire(): Acquired ID : 9603167  [4368 / 14]    HINT : APP_START    list : [TIMEOUT / 1500]
08-13 16:19:53.598  2742  4755 I VRI[LauncherActivity]@3489192: mWNT: t=0xb400007609135b90 mBlastBufferQueue=0xb4000075190eebd0 fn= 23 HdrRenderState mRenderHdrSdrRatio=1.0 caller= com.android.systemui.shared.launcher.ViewRootImplCompat.mergeWithNextTransaction:4 com.honeyspace.transition.utils.SurfaceTransactionApplier.scheduleApply$lambda$1:26 com.honeyspace.transition.utils.SurfaceTransactionApplier.b:0
08-13 16:19:53.598  2742  2742 I HoneySpace.RectFAnimation: animateToFinalPosition RectF(411.4849, 1596.4396, 668.51514, 1921.0363)
08-13 16:19:53.599  2742  2742 I HoneySpace.RectFAnimation: animateToFinalPosition RectF(422.4072, 1614.8777, 657.5928, 1895.1545)
08-13 16:19:53.601  1111  1111 I SurfaceFlinger: [ActivityRecord{d80f800 u0 com.example.cupcake/androidx.activity.ComponentActivity t2229}#233734] attach to parent LayerHierarchy{RequestedLayerState{Task=2229#233733 parentId=11} 1 children}
08-13 16:19:53.603  1066  4995 D BufferPoolAccessor2.0: bufferpool2 0xb400006fd4d55218 : 7(26537392 size) total buffers - 4(15164224 size) used buffers - 937/944 (recycle/alloc) - 14/939 (fetch/transfer)
08-13 16:19:53.608 23813 30394 W FA      : Failed to retrieve Firebase Instance Id
08-13 16:19:53.613  1282  2477 I SemDvfsHyPerManager: acquire hyper - AMS_APP_LAUNCH/1282@21, type = -999
08-13 16:19:53.614  1062  1149 I HYPER-HAL: [RequestManager.cpp]acquire(): Acquired ID : 849577  [1282 / 21]    HINT : AMS_APP_LAUNCH    list :
08-13 16:19:53.615  3157  3157 E pageboostd: Received HALT command code 2
08-13 16:19:53.616  2127  2334 I ViewRootImpl: dVRR is disabled
08-13 16:19:53.616  4368  4368 I SemDvfsHyPerManager: acquire hyper - APP_START/4368@16, type = -999
08-13 16:19:53.618  1062  1149 I HYPER-HAL: [RequestManager.cpp]acquire(): Acquired ID : 9611936  [4368 / 16]    HINT : APP_START    list :
08-13 16:19:53.621  2742  4754 I VRI[LauncherActivity]@3489192: mWNT: t=0xb400007609171c50 mBlastBufferQueue=0xb4000075190eebd0 fn= 24 HdrRenderState mRenderHdrSdrRatio=1.0 caller= com.android.systemui.shared.launcher.ViewRootImplCompat.mergeWithNextTransaction:4 com.honeyspace.transition.utils.SurfaceTransactionApplier.scheduleApply$lambda$1:26 com.honeyspace.transition.utils.SurfaceTransactionApplier.b:0
08-13 16:19:53.621  2127  2127 I LockscreenNotificationIconsOnlyController: onNotificationInfoUpdated 0
08-13 16:19:53.621  2742  2742 I HoneySpace.RectFAnimation: animateToFinalPosition RectF(422.4072, 1653.2786, 657.5928, 1933.5554)
08-13 16:19:53.622  2742  2742 I HoneySpace.RectFAnimation: animateToFinalPosition RectF(434.61526, 1672.7437, 645.38477, 1906.2324)
08-13 16:19:53.622  2127  2127 I AODNotificationManager: updateNotification()
08-13 16:19:53.624  2742  4755 I VRI[LauncherActivity]@3489192: mWNT: t=0xb40000760919a210 mBlastBufferQueue=0xb4000075190eebd0 fn= 25 HdrRenderState mRenderHdrSdrRatio=1.0 caller= com.android.systemui.shared.launcher.ViewRootImplCompat.mergeWithNextTransaction:4 com.honeyspace.transition.utils.SurfaceTransactionApplier.scheduleApply$lambda$1:26 com.honeyspace.transition.utils.SurfaceTransactionApplier.b:0
08-13 16:19:53.625  2127  2390 D NativeCustomFrequencyManager: [NativeCFMS] BpCustomFrequencyManager::BpCustomFrequencyManager()
08-13 16:19:53.626 23813 30394 W FA      : Failed to retrieve Firebase Instance Id
08-13 16:19:53.628  1244  6944 I CameraService: onUidStateChanged: uid=10043, procState is changed. (0 -> 1)
08-13 16:19:53.634  1282  4371 D InputTransport: Input channel constructed: '9c78bd7', fd=981
08-13 16:19:53.634  1282  4371 D InputTransport: Input channel constructed: '9c78bd7', fd=1007
08-13 16:19:53.634  1282  4371 D InputTransport: Input channel constructed: '9c78bd7', fd=932
08-13 16:19:53.634  1111  1163 I SurfaceFlinger: id=233735 createSurf, flag=84004, 9c78bd7 Splash Screen com.example.cupcake#233735
08-13 16:19:53.639  1282  4371 D InputTransport: Input channel destroyed: '9c78bd7', fd=932
08-13 16:19:53.642  2742  2742 I HoneySpace.CapturedBlurManager: capturedBlurView: pause(25347631)
08-13 16:19:53.642  2742  2742 I HoneySpace.Launcher: !@Boot_EBS_D: Launcher.onPause()
08-13 16:19:53.642  2742  2100 I HoneySpace.SPayHandler: updateSpayHandler launcher activity is paused false
08-13 16:19:53.643  1111  1111 I SurfaceFlinger: [9c78bd7 Splash Screen com.example.cupcake#233735] attach to parent LayerHierarchy{RequestedLayerState{ActivityRecord{d80f800 u0 com.example.cupcake/androidx.activity.ComponentActivity t2229}#233734 parentId=233733} 1 children}
08-13 16:19:53.644  2742  2742 I HoneySpace.Launcher: updateLauncherShowing true -> false
08-13 16:19:53.644  2127  2334 D InputTransport: Input channel constructed: '9c78bd7', fd=526
08-13 16:19:53.645  2127  2334 I InsetsController: onStateChanged: host=Splash Screen com.example.cupcake, from=android.view.ViewRootImpl.setView:1999, state=InsetsState: {mDisplayFrame=Rect(0, 0 - 1080, 2340), mDisplayCutout=DisplayCutout{insets=Rect(0, 80 - 0, 0) waterfall=Insets{left=0, top=0, right=0, bottom=0} boundingRect={Bounds=[Rect(0, 0 - 0, 0), Rect(511, 0 - 569, 80), Rect(0, 0 - 0, 0), Rect(0, 0 - 0, 0)]} cutoutPathParserInfo={CutoutPathParserInfo{displayWidth=1080 displayHeight=2340 physicalDisplayWidth=1080 physicalDisplayHeight=2340 density={2.8125} cutoutSpec={M 0,0 M 0,7.822222222222222‬‬ a 10.31111111111111‬,10.31111111111111‬ 0 1,0 0,20.62222222222222‬ a 10.31111111111111‬,10.31111111111111‬ 0 1,0 0,-20.62222222222222‬ Z @dp} rotation={0} scale={1.0} physicalPixelDisplaySizeRatio={1.0}}} sideOverrides={}}, mRoundedCorners=RoundedCorners{[RoundedCorner{position=TopLeft, radius=113, center=Point(113, 113)}, RoundedCorner{position=TopRight, radius=113, center=Point(967, 113)}, RoundedCorner{position=BottomRight, radius=113, center=Point(967, 2227)}, RoundedCorner{position=BottomLeft, radius=113, center=Point(113, 2227)}]}  mRoundedCornerFrame=Rect(0, 0 - 1080, 2340), mPrivacyIndicatorBounds=PrivacyIndicatorBounds {static bounds=Rect(956, 0 - 1080, 80) rotation=0}, mDisplayShape=DisplayShape{ spec=-311912193 displayWidth=1080 displayHeight=2340 physicalPixelDisplaySizeRatio=1.0 rotation=0 offsetX=0 offsetY=0 scale=1.0}, mSources= { InsetsSource: {b9640000 mType=statusBars mFrame=[0,0][1080,80] mVisible=true mFlags= mSideHint=TOP mBoundingRects=null}, InsetsSource: {b9640005 mType=mandatorySystemGestures mFrame=[0,0][1080,114] mVisible=true mFlags= mSideHint=TOP mBoundingRects=null}, InsetsSource: {b9640006 mType=tappableElement mFrame=[0,0][1080,80] mVisible=true mFlags= mSideHint=TOP mBoundingRects=null}, InsetsSource: {d8440001 mType=navigationBars mFrame=[0,2298][1080,2340] mVisible=true mFlags=SUPPRESS_SCRIM mSideHint=BOTTOM mBoundingRects=null}, InsetsSource: {d8440004 mType=systemGestures mFrame=[0,0][63,2340] mVisible=true mFlags= mSideHint=LEFT mBoundingRects=null}, InsetsSource: {d8440005 mType=mandatorySystemGestures mFrame=[0,2250][1080,2340] mVisible=true mFlags= mSideHint=BOTTOM mBoundingRects=null}, InsetsSource: {d8440006 mType=tappableElement mFrame=[0,0][0,0] mVisible=true mFlags= mSideHint=NONE mBoundingRects=null}, InsetsSource: {d8440024 mType=systemGestures mFrame=[1017,0][1080,2340] mVisible=true mFlags= mSideHint=RIGHT mBoundingRects=null}, InsetsSource: {27 mType=displayCutout mFrame=[0,0][1080,80] mVisible=true mFlags= mSideHint=TOP mBoundingRects=null} }
08-13 16:19:53.645  2127  2334 I VRI[cupcake]@4202868: synced displayState. AttachInfo displayState=2
08-13 16:19:53.645  1111  1111 I BpBinder: onLastStrongRef automatically unlinking death recipients:
08-13 16:19:53.653  1111  1747 D NativeSemDvfsManager: acquire:: timeout = 2000 mIsAcquired = 1  mTagName : SurfaceFlinger
08-13 16:19:53.654  1111  1747 E NativeCustomFrequencyManager: [NativeCFMS] BpCustomFrequencyManager::acquire()
08-13 16:19:53.654  1062  1149 I HYPER-HAL: [RequestManager.cpp]acquire(): Acquired ID : 2230216  [1111 / 1000]    HINT : SF_GPU_MINLOCK    list : [TIMEOUT / 2000]
08-13 16:19:53.657  1282  4402 D InputDispatcher: Focused application(0): ActivityRecord{d80f800 u0 com.example.cupcake/androidx.activity.ComponentActivity t2229}
08-13 16:19:53.659  1282  2477 D GraphicsStatsService: requestRenderEngineFor(com.example.cupcake)
08-13 16:19:53.664  2742  2742 I HoneySpace.RectFAnimation: animateToFinalPosition RectF(434.61526, 1721.8257, 645.38477, 1955.3145)
08-13 16:19:53.664  2742  2742 I HoneySpace.RectFAnimation: animateToFinalPosition RectF(449.05713, 1742.3081, 630.9429, 1926.5632)
08-13 16:19:53.665  2127  2334 I VRI[cupcake]@4202868: setView = android.widget.FrameLayout@a351967 IsHRR=false TM=true
08-13 16:19:53.666  1282  1967 D AS.MultiSoundManager: mForegroundUid = 10418
08-13 16:19:53.667  2742  4754 I VRI[LauncherActivity]@3489192: mWNT: t=0xb400007609129cd0 mBlastBufferQueue=0xb4000075190eebd0 fn= 26 HdrRenderState mRenderHdrSdrRatio=1.0 caller= com.android.systemui.shared.launcher.ViewRootImplCompat.mergeWithNextTransaction:4 com.honeyspace.transition.utils.SurfaceTransactionApplier.scheduleApply$lambda$1:26 com.honeyspace.transition.utils.SurfaceTransactionApplier.b:0
08-13 16:19:53.669  5596  5596 D LifecycleMonitor: Lifecycle status change: androidx.activity.ComponentActivity@3a07e7b in: PRE_ON_CREATE
08-13 16:19:53.669  5596  5596 V ActivityScenario: Activity lifecycle changed event received but ignored because the reported transition was not ON_CREATE while the last known transition was PRE_ON_CREATE
08-13 16:19:53.671  2742  2742 I HoneySpace.RectFAnimation: animateToFinalPosition RectF(449.05713, 1748.2792, 630.9429, 1932.5343)
08-13 16:19:53.672  2742  2742 I HoneySpace.RectFAnimation: animateToFinalPosition RectF(450.73203, 1750.4806, 629.26794, 1929.4442)
08-13 16:19:53.673 23813 30394 W FA      : Failed to retrieve Firebase Instance Id
08-13 16:19:53.676  2742  2887 I HoneySpace.TopTaskSource: onTaskRemoved: 2227
08-13 16:19:53.679  5596  5596 I DecorView: setWindowBackground: isPopOver=false color=fffafafa d=android.graphics.drawable.ColorDrawable@2d65244
08-13 16:19:53.680  2742  4755 I VRI[LauncherActivity]@3489192: mWNT: t=0xb400007609180f90 mBlastBufferQueue=0xb4000075190eebd0 fn= 27 HdrRenderState mRenderHdrSdrRatio=1.0 caller= com.android.systemui.shared.launcher.ViewRootImplCompat.mergeWithNextTransaction:4 com.honeyspace.transition.utils.SurfaceTransactionApplier.scheduleApply$lambda$1:26 com.honeyspace.transition.utils.SurfaceTransactionApplier.b:0
08-13 16:19:53.681  5596  5596 D LifecycleMonitor: Lifecycle status change: androidx.activity.ComponentActivity@3a07e7b in: CREATED
08-13 16:19:53.681  2742  1824 I HoneySpace.RecentTasks: onRecentTasksChanged
08-13 16:19:53.682  5596  5596 V ActivityScenario: Update currentActivityStage to CREATED, currentActivity=androidx.activity.ComponentActivity@3a07e7b
08-13 16:19:53.682  5596  5596 D LifecycleMonitor: Lifecycle status change: androidx.activity.ComponentActivity@3a07e7b in: STARTED
08-13 16:19:53.683  5596  5596 V ActivityScenario: Update currentActivityStage to STARTED, currentActivity=androidx.activity.ComponentActivity@3a07e7b
08-13 16:19:53.683  2742  2887 I HoneySpace.TopTaskSource: onTaskMovedToFront : taskId = 2229, displayId = 0
08-13 16:19:53.684  1111  1111 I SurfaceFlinger: [LayerHierarchy{RequestedLayerState{ImeContainer#16 parentId=123 relativeParentId=123 z=1} 1 children}] RelativeParent to null
08-13 16:19:53.685  5596  5596 D LifecycleMonitor: Lifecycle status change: androidx.activity.ComponentActivity@3a07e7b in: RESUMED
08-13 16:19:53.685  5596  5596 V ActivityScenario: Update currentActivityStage to RESUMED, currentActivity=androidx.activity.ComponentActivity@3a07e7b
08-13 16:19:53.685  2742 28910 I HoneySpace.RecentTasks: onRecentTasksChanged
08-13 16:19:53.687  5596  5596 I ViewRootImpl: dVRR is disabled
08-13 16:19:53.688  2742  2889 I HoneySpace.TopTaskUseCase: topTaskId 2229, DisplayId : 0
08-13 16:19:53.688 21624 21938 I Rubin   : [92] U9.g.x(Unknown Source) : Notify com.samsung.android.rubin.inferenceengine.contextanalytics.engine.loggers.AppUsageLogger's database is updated.
08-13 16:19:53.688  5596  5687 D NativeCustomFrequencyManager: [NativeCFMS] BpCustomFrequencyManager::BpCustomFrequencyManager()
08-13 16:19:53.688  2742  1823 I HoneySpace.HistoryViewModel@160600677@OneUI: Illegal access. Unknown type. skip load history items
08-13 16:19:53.689  2742  2742 I HoneySpace.RectFAnimation: animateToFinalPosition RectF(450.73203, 1763.447, 629.26794, 1942.4106)
08-13 16:19:53.689  2742  2742 I HoneySpace.RectFAnimation: animateToFinalPosition RectF(454.32446, 1767.5212, 625.67554, 1936.6919)
08-13 16:19:53.689  2127  2390 D HWUI    : HWUI - treat SMPTE_170M as sRGB
08-13 16:19:53.692  2742  2742 I HoneySpace.RectFAnimation: animateToFinalPosition RectF(454.32446, 1769.9763, 625.67554, 1939.147)
08-13 16:19:53.693  2742  2742 I HoneySpace.RectFAnimation: animateToFinalPosition RectF(455.0001, 1770.6663, 624.9999, 1938.1785)
08-13 16:19:53.693  1282  1908 D InputTransport: Input channel constructed: 'a98d2db', fd=1018
08-13 16:19:53.693  1282  1908 D InputTransport: Input channel constructed: 'a98d2db', fd=1020
08-13 16:19:53.693  1282  1908 D InputTransport: Input channel constructed: 'a98d2db', fd=932
08-13 16:19:53.695  1111  1209 D SurfaceFlinger: [input] setFocusedWindow: <null>
08-13 16:19:53.696  1282  3179 D InputDispatcher: Once focus requested (0): <null>
08-13 16:19:53.696  1282  3179 D InputDispatcher: Focus request (0): <null> but waiting because NO_WINDOW
08-13 16:19:53.696  1282  3179 D InputDispatcher: Focus left window (0): c2c214a com.sec.android.app.launcher/com.sec.android.app.launcher.activities.LauncherActivity
08-13 16:19:53.697  1111  1162 I SurfaceFlinger: id=233736 createSurf, flag=84004, a98d2db com.example.cupcake/androidx.activity.ComponentActivity#233736
08-13 16:19:53.698  2742  4754 I VRI[LauncherActivity]@3489192: mWNT: t=0xb400007609196310 mBlastBufferQueue=0xb4000075190eebd0 fn= 28 HdrRenderState mRenderHdrSdrRatio=1.0 caller= com.android.systemui.shared.launcher.ViewRootImplCompat.mergeWithNextTransaction:4 com.honeyspace.transition.utils.SurfaceTransactionApplier.scheduleApply$lambda$1:26 com.honeyspace.transition.utils.SurfaceTransactionApplier.b:0
08-13 16:19:53.700  1282  1908 D InputTransport: Input channel destroyed: 'a98d2db', fd=932
08-13 16:19:53.700  2742  2887 I HoneySpace.TopTaskSource: onTaskFocusChanged(): taskId = 2229
08-13 16:19:53.700  2742  2887 I HoneySpace.TopTaskSource: onTaskMovedToFront : taskId = 2229, displayId = 0
08-13 16:19:53.701  5596  5596 D InputTransport: Input channel constructed: 'a98d2db', fd=132
08-13 16:19:53.701  2742  4755 I VRI[LauncherActivity]@3489192: mWNT: t=0xb4000076090cc810 mBlastBufferQueue=0xb4000075190eebd0 fn= 29 HdrRenderState mRenderHdrSdrRatio=1.0 caller= com.android.systemui.shared.launcher.ViewRootImplCompat.mergeWithNextTransaction:4 com.honeyspace.transition.utils.SurfaceTransactionApplier.scheduleApply$lambda$1:26 com.honeyspace.transition.utils.SurfaceTransactionApplier.b:0
08-13 16:19:53.701  2742  2742 I HoneySpace.RectFAnimation: animateToFinalPosition RectF(455.0001, 1775.1552, 624.9999, 1942.6674)
08-13 16:19:53.701  2742  2742 I HoneySpace.RectFAnimation: animateToFinalPosition RectF(456.23474, 1776.4159, 623.76526, 1940.8976)
08-13 16:19:53.701  5596  5596 I InsetsController: onStateChanged: host=com.example.cupcake/androidx.activity.ComponentActivity, from=android.view.ViewRootImpl.setView:1999, state=InsetsState: {mDisplayFrame=Rect(0, 0 - 1080, 2340), mDisplayCutout=DisplayCutout{insets=Rect(0, 80 - 0, 0) waterfall=Insets{left=0, top=0, right=0, bottom=0} boundingRect={Bounds=[Rect(0, 0 - 0, 0), Rect(511, 0 - 569, 80), Rect(0, 0 - 0, 0), Rect(0, 0 - 0, 0)]} cutoutPathParserInfo={CutoutPathParserInfo{displayWidth=1080 displayHeight=2340 physicalDisplayWidth=1080 physicalDisplayHeight=2340 density={2.8125} cutoutSpec={M 0,0 M 0,7.822222222222222‬‬ a 10.31111111111111‬,10.31111111111111‬ 0 1,0 0,20.62222222222222‬ a 10.31111111111111‬,10.31111111111111‬ 0 1,0 0,-20.62222222222222‬ Z @dp} rotation={0} scale={1.0} physicalPixelDisplaySizeRatio={1.0}}} sideOverrides={}}, mRoundedCorners=RoundedCorners{[RoundedCorner{position=TopLeft, radius=113, center=Point(113, 113)}, RoundedCorner{position=TopRight, radius=113, center=Point(967, 113)}, RoundedCorner{position=BottomRight, radius=113, center=Point(967, 2227)}, RoundedCorner{position=BottomLeft, radius=113, center=Point(113, 2227)}]}  mRoundedCornerFrame=Rect(0, 0 - 1080, 2340), mPrivacyIndicatorBounds=PrivacyIndicatorBounds {static bounds=Rect(956, 0 - 1080, 80) rotation=0}, mDisplayShape=DisplayShape{ spec=-311912193 displayWidth=1080 displayHeight=2340 physicalPixelDisplaySizeRatio=1.0 rotation=0 offsetX=0 offsetY=0 scale=1.0}, mSources= { InsetsSource: {b9640000 mType=statusBars mFrame=[0,0][1080,80] mVisible=true mFlags= mSideHint=TOP mBoundingRects=null}, InsetsSource: {b9640005 mType=mandatorySystemGestures mFrame=[0,0][1080,114] mVisible=true mFlags= mSideHint=TOP mBoundingRects=null}, InsetsSource: {b9640006 mType=tappableElement mFrame=[0,0][1080,80] mVisible=true mFlags= mSideHint=TOP mBoundingRects=null}, InsetsSource: {d8440001 mType=navigationBars mFrame=[0,2298][1080,2340] mVisible=true mFlags=SUPPRESS_SCRIM mSideHint=BOTTOM mBoundingRects=null}, InsetsSource: {d8440004 mType=systemGestures mFrame=[0,0][63,2340] mVisible=true mFlags= mSideHint=LEFT mBoundingRects=null}, InsetsSource: {d8440005 mType=mandatorySystemGestures mFrame=[0,2250][1080,2340] mVisible=true mFlags= mSideHint=BOTTOM mBoundingRects=null}, InsetsSource: {d8440006 mType=tappableElement mFrame=[0,0][0,0] mVisible=true mFlags= mSideHint=NONE mBoundingRects=null}, InsetsSource: {d8440024 mType=systemGestures mFrame=[1017,0][1080,2340] mVisible=true mFlags= mSideHint=RIGHT mBoundingRects=null}, InsetsSource: {3 mType=ime mFrame=[0,0][0,0] mVisible=false mFlags= mSideHint=NONE mBoundingRects=null}, InsetsSource: {27 mType=displayCutout mFrame=[0,0][1080,80] mVisible=true mFlags= mSideHint=TOP mBoundingRects=null} }
08-13 16:19:53.702  5596  5596 I VRI[ComponentActivity]@8fa3cae: synced displayState. AttachInfo displayState=2
08-13 16:19:53.706 21624 21938 I Rubin   : [92] com.samsung.android.rubin.inferenceengine.contextanalytics.engine.monitors.moment.exercise.ExercisingWithCmhMonitor.isSatisfiedByCmh(Unknown Source) : isSatisfiedByCmh is false
08-13 16:19:53.706  1282  4376 V WindowManager: Relayout Window{9c78bd7 u0 Splash Screen com.example.cupcake}: viewVisibility=0 req=1080x2340 ty=3 d0
08-13 16:19:53.706  5596  5596 I VRI[ComponentActivity]@8fa3cae: setView = com.android.internal.policy.DecorView@576d6e5 IsHRR=false TM=true
08-13 16:19:53.706  1111  1163 I SurfaceFlinger: id=233737 createSurf, flag=44004, Splash Screen com.example.cupcake$_2127#233737
08-13 16:19:53.706  2742  2742 I ImeFocusController: onPreWindowFocus: skipped hasWindowFocus=false mHasImeFocus=true
08-13 16:19:53.708  2742  1824 I HoneySpace.HistoryViewModel@160600677@OneUI: Illegal access. Unknown type. skip load history items
08-13 16:19:53.708  2742  4754 I VRI[LauncherActivity]@3489192: mWNT: t=0xb40000760919da10 mBlastBufferQueue=0xb4000075190eebd0 fn= 30 HdrRenderState mRenderHdrSdrRatio=1.0 caller= com.android.systemui.shared.launcher.ViewRootImplCompat.mergeWithNextTransaction:4 com.honeyspace.transition.utils.SurfaceTransactionApplier.scheduleApply$lambda$1:26 com.honeyspace.transition.utils.SurfaceTransactionApplier.b:0
08-13 16:19:53.709  5596  5687 D HWUI    : HWUI - treat SMPTE_170M as sRGB
08-13 16:19:53.713  2742  2742 I ImeFocusController: onPostWindowFocus: skipped hasWindowFocus=false mHasImeFocus=true
08-13 16:19:53.714  2742  2742 I HoneySpace.WorkspaceViewModel: StartContentAnimation, type: AppClose, inProgress: false
08-13 16:19:53.714  2742  2742 I HoneySpace.HomescreenPot: playContentAnimator end, skip alpha: false, paramType = AppClose, state = com.honeyspace.sdk.HomeScreen$Normal@5a264ca -> com.honeyspace.sdk.HomeScreen$Normal@5a264ca
08-13 16:19:53.714  1111  1111 I SurfaceFlinger: [a98d2db com.example.cupcake/androidx.activity.ComponentActivity#233736] attach to parent LayerHierarchy{RequestedLayerState{ActivityRecord{d80f800 u0 com.example.cupcake/androidx.activity.ComponentActivity t2229}#233734 parentId=233733} 2 children}
08-13 16:19:53.714  1111  1111 I SurfaceFlinger: [Splash Screen com.example.cupcake$_2127#233737] attach to parent LayerHierarchy{RequestedLayerState{9c78bd7 Splash Screen com.example.cupcake#233735 parentId=233734 z=2147483647} 1 children}
08-13 16:19:53.714  2742  2742 I StickerOperator: restoreOverlapStickers, 0, 171236902
08-13 16:19:53.714  2742  2742 I HoneySpace.SPayHandler: updateSpayHandler launcher activity is paused false
08-13 16:19:53.714  2742  2742 I HoneySpace.HoneyScreenManagerImpl: transitionAnimator is ended, onCancel: false
08-13 16:19:53.714  2742  2742 I HoneySpace.ContentsAnimator: ContentsAnimator end [81937447]
08-13 16:19:53.715  1282  4376 V WindowManager: Relayout hash=9c78bd7, pid=2127, syncId=-1: mAttrs={(0,0)(fillxfill) sim={adjust=pan} layoutInDisplayCutoutMode=always ty=APPLICATION_STARTING fmt=TRANSLUCENT wanim=0x1030312
08-13 16:19:53.715  1282  4376 V WindowManager:   fl=81030118
08-13 16:19:53.715  1282  4376 V WindowManager:   pfl=10000810
08-13 16:19:53.715  1282  4376 V WindowManager:   apr=18
08-13 16:19:53.715  1282  4376 V WindowManager:   bhv=1
08-13 16:19:53.715  1282  4376 V WindowManager:   fitSides=0
08-13 16:19:53.715  1282  4376 V WindowManager:   frameRateBoostOnTouch=true
08-13 16:19:53.715  1282  4376 V WindowManager:   dvrrWindowFrameRateHint=true naviIconColor=0}
08-13 16:19:53.715  2742  2742 I HoneySpace.RectFAnimation: animateToFinalPosition RectF(456.23474, 1783.0345, 623.76526, 1947.5162)
08-13 16:19:53.715  2742  2742 I HoneySpace.RectFAnimation: animateToFinalPosition RectF(458.06314, 1784.9017, 621.9369, 1944.8951)
08-13 16:19:53.719  2127  2334 I InsetsController: onStateChanged: host=Splash Screen com.example.cupcake, from=android.view.ViewRootImpl.relayoutWindow:11304, state=InsetsState: {mDisplayFrame=Rect(0, 0 - 1080, 2340), mDisplayCutout=DisplayCutout{insets=Rect(0, 80 - 0, 0) waterfall=Insets{left=0, top=0, right=0, bottom=0} boundingRect={Bounds=[Rect(0, 0 - 0, 0), Rect(511, 0 - 569, 80), Rect(0, 0 - 0, 0), Rect(0, 0 - 0, 0)]} cutoutPathParserInfo={CutoutPathParserInfo{displayWidth=1080 displayHeight=2340 physicalDisplayWidth=1080 physicalDisplayHeight=2340 density={2.8125} cutoutSpec={M 0,0 M 0,7.822222222222222‬‬ a 10.31111111111111‬,10.31111111111111‬ 0 1,0 0,20.62222222222222‬ a 10.31111111111111‬,10.31111111111111‬ 0 1,0 0,-20.62222222222222‬ Z @dp} rotation={0} scale={1.0} physicalPixelDisplaySizeRatio={1.0}}} sideOverrides={}}, mRoundedCorners=RoundedCorners{[RoundedCorner{position=TopLeft, radius=113, center=Point(113, 113)}, RoundedCorner{position=TopRight, radius=113, center=Point(967, 113)}, RoundedCorner{position=BottomRight, radius=113, center=Point(967, 2227)}, RoundedCorner{position=BottomLeft, radius=113, center=Point(113, 2227)}]}  mRoundedCornerFrame=Rect(0, 0 - 1080, 2340), mPrivacyIndicatorBounds=PrivacyIndicatorBounds {static bounds=Rect(956, 0 - 1080, 80) rotation=0}, mDisplayShape=DisplayShape{ spec=-311912193 displayWidth=1080 displayHeight=2340 physicalPixelDisplaySizeRatio=1.0 rotation=0 offsetX=0 offsetY=0 scale=1.0}, mSources= { InsetsSource: {b9640000 mType=statusBars mFrame=[0,0][1080,80] mVisible=true mFlags= mSideHint=TOP mBoundingRects=null}, InsetsSource: {b9640005 mType=mandatorySystemGestures mFrame=[0,0][1080,114] mVisible=true mFlags= mSideHint=TOP mBoundingRects=null}, InsetsSource: {b9640006 mType=tappableElement mFrame=[0,0][1080,80] mVisible=true mFlags= mSideHint=TOP mBoundingRects=null}, InsetsSource: {d8440001 mType=navigationBars mFrame=[0,2298][1080,2340] mVisible=true mFlags=SUPPRESS_SCRIM mSideHint=BOTTOM mBoundingRects=null}, InsetsSource: {d8440004 mType=systemGestures mFrame=[0,0][63,2340] mVisible=true mFlags= mSideHint=LEFT mBoundingRects=null}, InsetsSource: {d8440005 mType=mandatorySystemGestures mFrame=[0,2250][1080,2340] mVisible=true mFlags= mSideHint=BOTTOM mBoundingRects=null}, InsetsSource: {d8440006 mType=tappableElement mFrame=[0,0][0,0] mVisible=true mFlags= mSideHint=NONE mBoundingRects=null}, InsetsSource: {d8440024 mType=systemGestures mFrame=[1017,0][1080,2340] mVisible=true mFlags= mSideHint=RIGHT mBoundingRects=null}, InsetsSource: {3 mType=ime mFrame=[0,0][0,0] mVisible=false mFlags= mSideHint=NONE mBoundingRects=null}, InsetsSource: {27 mType=displayCutout mFrame=[0,0][1080,80] mVisible=true mFlags= mSideHint=TOP mBoundingRects=null} }
08-13 16:19:53.720  2127  2127 I {OngoingActivityController}: onTaskFocusChanged focused:false, baseActivity:ComponentInfo{com.sec.android.app.launcher/com.sec.android.app.launcher.Launcher}
08-13 16:19:53.723  2742  2742 I HoneySpace.RectFAnimation: animateToFinalPosition RectF(458.06314, 1788.4125, 621.9369, 1948.4059)
08-13 16:19:53.723  2742  2742 I HoneySpace.RectFAnimation: animateToFinalPosition RectF(459.04547, 1789.4158, 620.9545, 1946.9978)
08-13 16:19:53.725  2742  4755 I VRI[LauncherActivity]@3489192: mWNT: t=0xb4000076090f4dd0 mBlastBufferQueue=0xb4000075190eebd0 fn= 31 HdrRenderState mRenderHdrSdrRatio=1.0 caller= com.android.systemui.shared.launcher.ViewRootImplCompat.mergeWithNextTransaction:4 com.honeyspace.transition.utils.SurfaceTransactionApplier.scheduleApply$lambda$1:26 com.honeyspace.transition.utils.SurfaceTransactionApplier.b:0
08-13 16:19:53.725  1282  1908 V WindowManager: Relayout Window{a98d2db u0 com.example.cupcake/androidx.activity.ComponentActivity}: viewVisibility=0 req=1080x2340 ty=1 d0
08-13 16:19:53.726  1111  1732 I SurfaceFlinger: id=233738 createSurf, flag=44004, com.example.cupcake/androidx.activity.ComponentActivity$_5596#233738
08-13 16:19:53.726  6225  4427 I NetworkScheduler: (REDACTED) Error inserting %s
08-13 16:19:53.728  1111  1111 I SurfaceFlinger: [com.example.cupcake/androidx.activity.ComponentActivity$_5596#233738] attach to parent LayerHierarchy{RequestedLayerState{a98d2db com.example.cupcake/androidx.activity.ComponentActivity#233736 parentId=233734} 1 children}
08-13 16:19:53.730  2127  2127 I {OngoingActivityController}: onTaskFocusChanged focused:true, baseActivity:ComponentInfo{com.example.cupcake/androidx.activity.ComponentActivity}
08-13 16:19:53.731  1111  1732 I SurfaceFlinger: id=233739 createSurf, flag=24000, Surface(name=8a94d40 NavigationBar0)/@0x65d636d - animation-leash of insets_animation#233739
08-13 16:19:53.732  3974  4027 E d       : (Berry)(1.16)handleAudioPathTask() : can't get dual play mode - Attempt to invoke virtual method 'boolean android.bluetooth.BluetoothA2dp.semIsDualPlayMode()' on a null object reference
08-13 16:19:53.735  1111  1162 I SurfaceFlinger: id=233740 createSurf, flag=24000, Surface(name=e0324bb StatusBar)/@0x8487ff0 - animation-leash of insets_animation#233740
08-13 16:19:53.736  2127  2334 I BLASTBufferQueue_Java: new BLASTBufferQueue, mName= VRI[cupcake]@4202868 mNativeObject= 0xb4000075190ce510 sc.mNativeObject= 0xb400007619153110 caller= android.view.ViewRootImpl.updateBlastSurfaceIfNeeded:3397 android.view.ViewRootImpl.relayoutWindow:11361 android.view.ViewRootImpl.performTraversals:4544 android.view.ViewRootImpl.doTraversal:3708 android.view.ViewRootImpl$TraversalRunnable.run:12542 android.view.Choreographer$CallbackRecord.run:1751 android.view.Choreographer$CallbackRecord.run:1760 android.view.Choreographer.doCallbacks:1216 android.view.Choreographer.doFrame:1142 android.view.Choreographer$FrameDisplayEventReceiver.run:1707
08-13 16:19:53.736  2127  2334 I BLASTBufferQueue_Java: update, w= 1080 h= 2340 mName = VRI[cupcake]@4202868 mNativeObject= 0xb4000075190ce510 sc.mNativeObject= 0xb400007619153110 format= -3 caller= android.graphics.BLASTBufferQueue.<init>:88 android.view.ViewRootImpl.updateBlastSurfaceIfNeeded:3397 android.view.ViewRootImpl.relayoutWindow:11361 android.view.ViewRootImpl.performTraversals:4544 android.view.ViewRootImpl.doTraversal:3708 android.view.ViewRootImpl$TraversalRunnable.run:12542
08-13 16:19:53.736  2742  2742 I HoneySpace.RectFAnimation: animateToFinalPosition RectF(459.04547, 1793.3022, 620.9545, 1950.8843)
08-13 16:19:53.736  2742  2742 I HoneySpace.RectFAnimation: animateToFinalPosition RectF(460.15637, 1794.123, 619.8436, 1949.7319)
08-13 16:19:53.737  2127  2334 I VRI[cupcake]@4202868: Relayout returned: old=(0,0,1080,2340) new=(0,0,1080,2340) relayoutAsync=false req=(1080,2340)0 dur=39 res=0x3 s={true 0xb4000075e95e5790} ch=true seqId=0
08-13 16:19:53.737  2742  4754 I VRI[LauncherActivity]@3489192: mWNT: t=0xb4000076092a3410 mBlastBufferQueue=0xb4000075190eebd0 fn= 32 HdrRenderState mRenderHdrSdrRatio=1.0 caller= com.android.systemui.shared.launcher.ViewRootImplCompat.mergeWithNextTransaction:4 com.honeyspace.transition.utils.SurfaceTransactionApplier.scheduleApply$lambda$1:26 com.honeyspace.transition.utils.SurfaceTransactionApplier.b:0
08-13 16:19:53.738  1111  1111 I SurfaceFlinger: [Surface(name=8a94d40 NavigationBar0)/@0x65d636d - animation-leash of insets_animation#233739] attach to parent LayerHierarchy{RequestedLayerState{WindowToken{4aa5472 type=2019 android.os.BinderProxy@bd187d4}#87 parentId=31} 2 children}
08-13 16:19:53.738  1111  1111 I SurfaceFlinger: [Surface(name=e0324bb StatusBar)/@0x8487ff0 - animation-leash of insets_animation#233740] attach to parent LayerHierarchy{RequestedLayerState{WindowToken{b8fcd4a type=2000 android.os.BinderProxy@ecaaeec}#94 parentId=19} 2 children}
08-13 16:19:53.737  2127  2334 I VRI[cupcake]@4202868: performConfigurationChange setNightDimText nightDimLevel=0
08-13 16:19:53.739  2127  2334 D VRI[cupcake]@4202868: mThreadedRenderer.initialize() mSurface={isValid=true 0xb4000075e95e5790} hwInitialized=true
08-13 16:19:53.740  1282  1908 I SystemKeyManager: requested systemKeyInfo size=2 focusedWindow=com.example.cupcake/androidx.activity.ComponentActivity
08-13 16:19:53.740  1282  1908 V WindowManager: Relayout hash=a98d2db, pid=5596, syncId=-1: mAttrs={(0,0)(fillxfill) sim={adjust=pan forwardNavigation} layoutInDisplayCutoutMode=always ty=BASE_APPLICATION wanim=0x1030312
08-13 16:19:53.740  1282  1908 V WindowManager:   fl=81810100
08-13 16:19:53.740  1282  1908 V WindowManager:   pfl=100088c0
08-13 16:19:53.740  1282  1908 V WindowManager:   apr=210
08-13 16:19:53.740  1282  1908 V WindowManager:   bhv=1
08-13 16:19:53.740  1282  1908 V WindowManager:   fitSides=0
08-13 16:19:53.740  1282  1908 V WindowManager:   frameRateBoostOnTouch=true
08-13 16:19:53.740  1282  1908 V WindowManager:   dvrrWindowFrameRateHint=true naviIconColor=0}
08-13 16:19:53.742  2127  2334 D VRI[cupcake]@4202868: reportNextDraw android.view.ViewRootImpl.performTraversals:5193 android.view.ViewRootImpl.doTraversal:3708 android.view.ViewRootImpl$TraversalRunnable.run:12542 android.view.Choreographer$CallbackRecord.run:1751 android.view.Choreographer$CallbackRecord.run:1760
08-13 16:19:53.742  2127  2334 D VRI[cupcake]@4202868: Setup new sync=wmsSync-VRI[cupcake]@4202868#96
08-13 16:19:53.742  2127  2334 I VRI[cupcake]@4202868: Creating new active sync group VRI[cupcake]@4202868#97
08-13 16:19:53.743  2127  2334 D VRI[cupcake]@4202868: registerCallbacksForSync syncBuffer=false
08-13 16:19:53.744  1282  1444 D PkgPredictorService-SecIpmManagerServiceImpl: onForegroundActivitiesChanged pid:5596 uid:10418
08-13 16:19:53.744  2127  2937 D VRI[cupcake]@4202868: Received frameDrawingCallback syncResult=0 frameNum=1.
08-13 16:19:53.745  2127  2937 I VRI[cupcake]@4202868: mWNT: t=0xb4000076091bb610 mBlastBufferQueue=0xb4000075190ce510 fn= 1 HdrRenderState mRenderHdrSdrRatio=1.0 caller= android.view.ViewRootImpl$11.onFrameDraw:15016 android.view.ThreadedRenderer$1.onFrameDraw:761 <bottom of call stack>
08-13 16:19:53.745  2127  2937 I VRI[cupcake]@4202868: Setting up sync and frameCommitCallback
08-13 16:19:53.745  5596  5596 I BLASTBufferQueue_Java: new BLASTBufferQueue, mName= VRI[ComponentActivity]@8fa3cae mNativeObject= 0xb4000075190cacd0 sc.mNativeObject= 0xb4000076190b8c10 caller= android.view.ViewRootImpl.updateBlastSurfaceIfNeeded:3397 android.view.ViewRootImpl.relayoutWindow:11361 android.view.ViewRootImpl.performTraversals:4544 android.view.ViewRootImpl.doTraversal:3708 android.view.ViewRootImpl$TraversalRunnable.run:12542 android.view.Choreographer$CallbackRecord.run:1751 android.view.Choreographer$CallbackRecord.run:1760 android.view.Choreographer.doCallbacks:1216 android.view.Choreographer.doFrame:1142 android.view.Choreographer$FrameDisplayEventReceiver.run:1707
08-13 16:19:53.745  5596  5596 I BLASTBufferQueue_Java: update, w= 1080 h= 2340 mName = VRI[ComponentActivity]@8fa3cae mNativeObject= 0xb4000075190cacd0 sc.mNativeObject= 0xb4000076190b8c10 format= -1 caller= android.graphics.BLASTBufferQueue.<init>:88 android.view.ViewRootImpl.updateBlastSurfaceIfNeeded:3397 android.view.ViewRootImpl.relayoutWindow:11361 android.view.ViewRootImpl.performTraversals:4544 android.view.ViewRootImpl.doTraversal:3708 android.view.ViewRootImpl$TraversalRunnable.run:12542
08-13 16:19:53.745  5596  5596 I VRI[ComponentActivity]@8fa3cae: Relayout returned: old=(0,0,1080,2340) new=(0,0,1080,2340) relayoutAsync=false req=(1080,2340)0 dur=18 res=0x3 s={true 0xb4000075e9165bc0} ch=true seqId=0
08-13 16:19:53.746  5596  5596 I VRI[ComponentActivity]@8fa3cae: performConfigurationChange setNightDimText nightDimLevel=0
08-13 16:19:53.746  5596  5596 D VRI[ComponentActivity]@8fa3cae: mThreadedRenderer.initialize() mSurface={isValid=true 0xb4000075e9165bc0} hwInitialized=true
08-13 16:19:53.747  1282  1444 D NetworkPolicy: already checked 10418
