08-13 16:19:53.747  5596  5596 D VRI[ComponentActivity]@8fa3cae: reportNextDraw android.view.ViewRootImpl.performTraversals:5193 android.view.ViewRootImpl.doTraversal:3708 android.view.ViewRootImpl$TraversalRunnable.run:12542 android.view.Choreographer$CallbackRecord.run:1751 android.view.Choreographer$CallbackRecord.run:1760
08-13 16:19:53.748  5596  5596 D VRI[ComponentActivity]@8fa3cae: Setup new sync=wmsSync-VRI[ComponentActivity]@8fa3cae#12
08-13 16:19:53.748  5596  5596 I VRI[ComponentActivity]@8fa3cae: Creating new active sync group VRI[ComponentActivity]@8fa3cae#13
08-13 16:19:53.749  5596  5596 D VRI[ComponentActivity]@8fa3cae: registerCallbacksForSync syncBuffer=false
08-13 16:19:53.749 22781 22781 I bmex    : onPause
08-13 16:19:53.751  1111  1111 I SurfaceFlinger: [LayerHierarchy{RequestedLayerState{8a94d40 NavigationBar0#88 parentId=233739} 1 children}] reparent to LayerHierarchy{RequestedLayerState{Surface(name=8a94d40 NavigationBar0)/@0x65d636d - animation-leash of insets_animation#233739 parentId=87} 1 children}
08-13 16:19:53.751  1111  1111 I SurfaceFlinger: [LayerHierarchy{RequestedLayerState{e0324bb StatusBar#95 parentId=233740} 1 children}] reparent to LayerHierarchy{RequestedLayerState{Surface(name=e0324bb StatusBar)/@0x8487ff0 - animation-leash of insets_animation#233740 parentId=94} 1 children}
08-13 16:19:53.751  1111  1111 I SurfaceFlinger: [LayerHierarchy{RequestedLayerState{Surface(name=8a94d40 NavigationBar0)/@0x65d636d - animation-leash of insets_animation#233724} no children}] reparent to OffscreenRoot
08-13 16:19:53.751  1111  1111 I SurfaceFlinger: [LayerHierarchy{RequestedLayerState{Surface(name=8a94d40 NavigationBar0)/@0x65d636d - animation-leash of insets_animation#233724} no children}] RelativeParent to null
08-13 16:19:53.751  1111  1111 I SurfaceFlinger: [LayerHierarchy{RequestedLayerState{Surface(name=e0324bb StatusBar)/@0x8487ff0 - animation-leash of insets_animation#233725} no children}] reparent to OffscreenRoot
08-13 16:19:53.751  1111  1111 I SurfaceFlinger: [LayerHierarchy{RequestedLayerState{Surface(name=e0324bb StatusBar)/@0x8487ff0 - animation-leash of insets_animation#233725} no children}] RelativeParent to null
08-13 16:19:53.752  2127  2390 I BLASTBufferQueue: [VRI[cupcake]@4202868#13531](f:0,a:0,s:0) onFrameAvailable the first frame is available
08-13 16:19:53.753  1111  1732 I SurfaceFlinger: [Splash Screen com.example.cupcake$_2127#233737] setTransactionState with the first frame. bufferData(ID: 9135395538221, frameNumber: 1)
08-13 16:19:53.753  2127  2390 I VRI[cupcake]@4202868: Received frameCommittedCallback lastAttemptedDrawFrameNum=1 didProduceBuffer=true
08-13 16:19:53.753  2127  2127 I {OngoingActivityDataHelper}: setBaseActivityComponentName:ComponentInfo{com.example.cupcake/androidx.activity.ComponentActivity}
08-13 16:19:53.755  5596  5712 D VRI[ComponentActivity]@8fa3cae: Received frameDrawingCallback syncResult=0 frameNum=1.
08-13 16:19:53.755  2127  2390 D HWUI    : CFMS:: SetUp Pid : 2127    Tid : 2390
08-13 16:19:53.755  5596  5712 I VRI[ComponentActivity]@8fa3cae: mWNT: t=0xb4000076090fa010 mBlastBufferQueue=0xb4000075190cacd0 fn= 1 HdrRenderState mRenderHdrSdrRatio=1.0 caller= android.view.ViewRootImpl$11.onFrameDraw:15016 android.view.ThreadedRenderer$1.onFrameDraw:761 <bottom of call stack>
08-13 16:19:53.755  5596  5712 I VRI[ComponentActivity]@8fa3cae: Setting up sync and frameCommitCallback
08-13 16:19:53.757  2127  2127 D NavigationBar: onSystemBarAttributesChanged() -  displayId:0, appearance:512, packageName: com.example.cupcake (), navbarColorManagedByIme:false
08-13 16:19:53.758  2127  2127 D SysUiState: SysUiState changed: old=0x10000000 new=0x10020000
08-13 16:19:53.758  2127  2334 D VRI[cupcake]@4202868: reportDrawFinished seqId=0
08-13 16:19:53.759  5596  5687 I BLASTBufferQueue: [VRI[ComponentActivity]@8fa3cae#6](f:0,a:0,s:0) onFrameAvailable the first frame is available
08-13 16:19:53.759  2742  2742 I HoneySpace.RectFAnimation: animateToFinalPosition RectF(460.15637, 1799.4371, 619.8436, 1955.046)
08-13 16:19:53.759  2742  2742 I HoneySpace.RectFAnimation: animateToFinalPosition RectF(461.77115, 1800.2151, 618.2289, 1953.9541)
08-13 16:19:53.759  5596  5687 I VRI[ComponentActivity]@8fa3cae: Received frameCommittedCallback lastAttemptedDrawFrameNum=1 didProduceBuffer=true
08-13 16:19:53.760  1111  1732 I SurfaceFlinger: [com.example.cupcake/androidx.activity.ComponentActivity$_5596#233738] setTransactionState with the first frame. bufferData(ID: 24034636988440, frameNumber: 1)
08-13 16:19:53.760  2742  4755 I VRI[LauncherActivity]@3489192: mWNT: t=0xb4000076092ab750 mBlastBufferQueue=0xb4000075190eebd0 fn= 33 HdrRenderState mRenderHdrSdrRatio=1.0 caller= com.android.systemui.shared.launcher.ViewRootImplCompat.mergeWithNextTransaction:4 com.honeyspace.transition.utils.SurfaceTransactionApplier.scheduleApply$lambda$1:26 com.honeyspace.transition.utils.SurfaceTransactionApplier.b:0
08-13 16:19:53.761  2742  2100 I HoneySpace.SystemUiRepository: systemUiFlags: allow_gesture|awake
08-13 16:19:53.763  5596  5687 D HWUI    : CFMS:: SetUp Pid : 5596    Tid : 5687
08-13 16:19:53.764  5596  5596 D VRI[ComponentActivity]@8fa3cae: reportDrawFinished seqId=0
08-13 16:19:53.764  5596  5596 I InsetsSourceConsumer: applyRequestedVisibilityToControl: visible=true, type=navigationBars, host=com.example.cupcake/androidx.activity.ComponentActivity
08-13 16:19:53.765  5596  5596 I InsetsSourceConsumer: applyRequestedVisibilityToControl: visible=true, type=statusBars, host=com.example.cupcake/androidx.activity.ComponentActivity
08-13 16:19:53.766  2742  2100 I HoneySpace.RecentTasks: onRecentTasksChanged
08-13 16:19:53.768  1282  1447 I SemDvfsHyPerManager: acquire hyper - AMS_RESUME_TAIL/1282@22, type = -999
08-13 16:19:53.768  1282  1447 I SemDvfsHyPerManager: acquire hyper - AMS_ACT_LAZY/1282@23, type = -999
08-13 16:19:53.768  1062  1149 I HYPER-HAL: [RequestManager.cpp]acquire(): Acquired ID : 850882  [1282 / 22]    HINT : AMS_RESUME_TAIL    list :
08-13 16:19:53.769  1062  1149 I HYPER-HAL: [RequestManager.cpp]releaseLocked(): Released ID : 856112
08-13 16:19:53.770  1111  1162 I SurfaceFlinger: id=233741 createSurf, flag=84004, Transition Root: Task=2229#233741
08-13 16:19:53.776  2742  4754 I VRI[LauncherActivity]@3489192: mWNT: t=0xb400007609144290 mBlastBufferQueue=0xb4000075190eebd0 fn= 34 HdrRenderState mRenderHdrSdrRatio=1.0 caller= com.android.systemui.shared.launcher.ViewRootImplCompat.mergeWithNextTransaction:4 com.honeyspace.transition.utils.SurfaceTransactionApplier.scheduleApply$lambda$1:26 com.honeyspace.transition.utils.SurfaceTransactionApplier.b:0
08-13 16:19:53.776  1111  1162 I SurfaceFlinger: id=233724 Removed Surface(name=8a94d40 NavigationBar0)/@0x65d636d - animation-leash of insets_animation#233724 (189)
08-13 16:19:53.777  1282  1447 I SurfaceControlRegistry: show, t=StartTransaction_SyncId<20539> sc=ActivityRecord{d80f800 u0 com.example.cupcake/androidx.activity.ComponentActivity t2229}, caller=android.view.SurfaceControl$Transaction.show:3232 com.android.server.wm.Transition.onTransactionReady:2273 com.android.server.wm.BLASTSyncEngine$SyncGroup.finishNow:195 com.android.server.wm.BLASTSyncEngine.onSurfacePlacement:269 com.android.server.wm.RootWindowContainer.performSurfacePlacementNoTrace:459 com.android.server.wm.RootWindowContainer.performSurfacePlacement:9
08-13 16:19:53.777  1111  1209 D SurfaceFlinger: [input] setFocusedWindow: a98d2db com.example.cupcake/androidx.activity.ComponentActivity
08-13 16:19:53.777  1111  1162 I SurfaceFlinger: id=233725 Removed Surface(name=e0324bb StatusBar)/@0x8487ff0 - animation-leash of insets_animation#233725 (189)
08-13 16:19:53.778  1111  1111 I SurfaceFlinger: destroyed Surface(name=8a94d40 NavigationBar0)/@0x65d636d - animation-leash of insets_animation#233724
08-13 16:19:53.778  1111  1111 I SurfaceFlinger: destroyed Surface(name=e0324bb StatusBar)/@0x8487ff0 - animation-leash of insets_animation#233725
08-13 16:19:53.778  1111  1111 I SurfaceFlinger: [Transition Root: Task=2229#233741] attach to parent LayerHierarchy{RequestedLayerState{DefaultTaskDisplayArea_d0#11 parentId=10} 9 children}
08-13 16:19:53.780  2742  2742 I HoneySpace.RectFAnimation: animateToFinalPosition RectF(461.77115, 1803.1326, 618.2289, 1956.8716)
08-13 16:19:53.780  2742  2742 I HoneySpace.RectFAnimation: animateToFinalPosition RectF(462.7973, 1803.6268, 617.2027, 1956.1776)
08-13 16:19:53.781  1111  1111 I Layer   : id=233724 Destroyed Surface(name=8a94d40 NavigationBar0)/@0x65d636d - animation-leash of insets_animation#233724
08-13 16:19:53.781  1111  1111 I Layer   : id=233725 Destroyed Surface(name=e0324bb StatusBar)/@0x8487ff0 - animation-leash of insets_animation#233725
08-13 16:19:53.783  2742  2885 I HoneySpace.TaskbarEventTracker: invokeEvent() called with: event = SystemUiStateChanged(stateFlags=268566528)
08-13 16:19:53.783  1282  4902 D InputDispatcher: Once focus requested (0): a98d2db com.example.cupcake/androidx.activity.ComponentActivity
08-13 16:19:53.783  1282  4902 D InputDispatcher: Focus request (0): a98d2db com.example.cupcake/androidx.activity.ComponentActivity but waiting because NOT_VISIBLE
08-13 16:19:53.788  2742  2742 I HoneySpace.RectFAnimation: animateToFinalPosition RectF(462.7973, 1804.357, 617.2027, 1956.9078)
08-13 16:19:53.788  2742  2742 I HoneySpace.RectFAnimation: animateToFinalPosition RectF(463.1023, 1804.504, 616.8977, 1956.7015)
08-13 16:19:53.788  2742  4755 I VRI[LauncherActivity]@3489192: mWNT: t=0xb4000076091367d0 mBlastBufferQueue=0xb4000075190eebd0 fn= 35 HdrRenderState mRenderHdrSdrRatio=1.0 caller= com.android.systemui.shared.launcher.ViewRootImplCompat.mergeWithNextTransaction:4 com.honeyspace.transition.utils.SurfaceTransactionApplier.scheduleApply$lambda$1:26 com.honeyspace.transition.utils.SurfaceTransactionApplier.b:0
08-13 16:19:53.797  2742  4754 I VRI[LauncherActivity]@3489192: mWNT: t=0xb400007609155710 mBlastBufferQueue=0xb4000075190eebd0 fn= 36 HdrRenderState mRenderHdrSdrRatio=1.0 caller= com.android.systemui.shared.launcher.ViewRootImplCompat.mergeWithNextTransaction:4 com.honeyspace.transition.utils.SurfaceTransactionApplier.scheduleApply$lambda$1:26 com.honeyspace.transition.utils.SurfaceTransactionApplier.b:0
08-13 16:19:53.798  2742  2742 I HoneySpace.RectFAnimation: animateToFinalPosition RectF(463.1023, 1805.1735, 616.8977, 1957.371)
08-13 16:19:53.798  2742  2742 I HoneySpace.RectFAnimation: animateToFinalPosition RectF(463.4293, 1805.331, 616.5707, 1957.1499)
08-13 16:19:53.805  2742  4755 I VRI[LauncherActivity]@3489192: mWNT: t=0xb40000760910db10 mBlastBufferQueue=0xb4000075190eebd0 fn= 37 HdrRenderState mRenderHdrSdrRatio=1.0 caller= com.android.systemui.shared.launcher.ViewRootImplCompat.mergeWithNextTransaction:4 com.honeyspace.transition.utils.SurfaceTransactionApplier.scheduleApply$lambda$1:26 com.honeyspace.transition.utils.SurfaceTransactionApplier.b:0
08-13 16:19:53.805  2742  2742 I HoneySpace.RectFAnimation: animateToFinalPosition RectF(463.4293, 1805.6584, 616.5707, 1957.4773)
08-13 16:19:53.805  2742  2742 I HoneySpace.RectFAnimation: animateToFinalPosition RectF(463.62674, 1805.7535, 616.3733, 1957.3439)
08-13 16:19:53.810  2742  4754 I VRI[LauncherActivity]@3489192: mWNT: t=0xb400007609175d10 mBlastBufferQueue=0xb4000075190eebd0 fn= 38 HdrRenderState mRenderHdrSdrRatio=1.0 caller= com.android.systemui.shared.launcher.ViewRootImplCompat.mergeWithNextTransaction:4 com.honeyspace.transition.utils.SurfaceTransactionApplier.scheduleApply$lambda$1:26 com.honeyspace.transition.utils.SurfaceTransactionApplier.b:0
08-13 16:19:53.811  1282  1443 I PkgPredictorService-SecIpmManagerServiceImpl: reportToNAP uid:10418 com.example.cupcake/androidx.activity.ComponentActivity thisTime:191
08-13 16:19:53.811  1282  1443 D PkgPredictorService-SecIpmManagerServiceImpl: reportToNAP: mHeavyLaunchCounter is false
08-13 16:19:53.813  2742  2742 I HoneySpace.RectFAnimation: animateToFinalPosition RectF(463.62674, 1806.0035, 616.3733, 1957.5939)
08-13 16:19:53.813  2742  2742 I HoneySpace.RectFAnimation: animateToFinalPosition RectF(463.8247, 1806.0989, 616.1753, 1957.46)
08-13 16:19:53.814  1282  1443 I ActivityTaskManager: Displayed com.example.cupcake/androidx.activity.ComponentActivity for user 0: +191ms
08-13 16:19:53.814  3157  3157 E pageboostd: Received HALT command code 2
08-13 16:19:53.819  2127  2127 D Bubbles : onEntryUpdated : shouldBubbleUp=false ,key=0|com.samsung.android.app.smartcapture|1332|null|10190
08-13 16:19:53.819  2127  2127 D InterruptionStateProvider:  no Heads up : edgelighting enabled app. 0|com.samsung.android.app.smartcapture|1332|null|10190
08-13 16:19:53.821  2127  2127 D SamsungLightBarControlHelper: updateStatusBar (BLACK icon) numStacks:1, StatusBarMode:MODE_TRANSPARENT, lightBarBounds:[Rect(0, 0 - 1080, 2340)], StatusBarState:SHADE, packageName:, isWhiteKeyguardStatusBar:false
08-13 16:19:53.822  2127  2127 D SamsungLightBarControlHelper: onStatusBarAppearanceChanged() -  sbModeChanged:false, statusBarMode:0, barState:MODE_TRANSPARENT, isKeyguardShowing:false, navbarColorManagedByIme:false, (AppearanceRegion{LIGHT_STATUS_BARS bounds=[0,0][1080,2340]}, )
08-13 16:19:53.822  2127  2127 D NavigationBar: onSystemBarAttributesChanged() -  displayId:0, appearance:528, packageName: com.example.cupcake (APPEARANCE_LIGHT_NAVIGATION_BARS ), navbarColorManagedByIme:false
08-13 16:19:53.822  1111  1730 I SurfaceFlinger: id=233742 createSurf, flag=84000, edbd132 ActivityRecordInputSink com.example.cupcake/androidx.activity.ComponentActivity#233742
08-13 16:19:53.828  2127  2303 I SurfaceControlRegistry: hide, t=FinishTransaction_SyncId<20539> sc=Task=1, caller=android.view.SurfaceControl$Transaction.hide:3258 com.android.wm.shell.transition.Transitions.dispatchReady:929 com.android.wm.shell.transition.Transitions.onTransitionReady:244 com.android.wm.shell.transition.Transitions$TransitionPlayerImpl$$ExternalSyntheticLambda0.run:13 android.os.Handler.handleCallback:959 android.os.Handler.dispatchMessage:100
08-13 16:19:53.828  2127  2303 I SurfaceControlRegistry: show, t=StartTransaction_SyncId<20539> sc=Task=2229, caller=android.view.SurfaceControl$Transaction.show:3232 com.android.wm.shell.transition.Transitions.dispatchReady:934 com.android.wm.shell.transition.Transitions.onTransitionReady:244 com.android.wm.shell.transition.Transitions$TransitionPlayerImpl$$ExternalSyntheticLambda0.run:13 android.os.Handler.handleCallback:959 android.os.Handler.dispatchMessage:100
08-13 16:19:53.828  2127  2303 I SurfaceControlRegistry: show, t=FinishTransaction_SyncId<20539> sc=Task=2229, caller=android.view.SurfaceControl$Transaction.show:3232 com.android.wm.shell.transition.Transitions.dispatchReady:988 com.android.wm.shell.transition.Transitions.onTransitionReady:244 com.android.wm.shell.transition.Transitions$TransitionPlayerImpl$$ExternalSyntheticLambda0.run:13 android.os.Handler.handleCallback:959 android.os.Handler.dispatchMessage:100
08-13 16:19:53.829  2742  2742 I HoneySpace.RectFAnimation: animateToFinalPosition RectF(463.8247, 1806.2662, 616.1753, 1957.6273)
08-13 16:19:53.829  2742  4755 I VRI[LauncherActivity]@3489192: mWNT: t=0xb40000760914b450 mBlastBufferQueue=0xb4000075190eebd0 fn= 39 HdrRenderState mRenderHdrSdrRatio=1.0 caller= com.android.systemui.shared.launcher.ViewRootImplCompat.mergeWithNextTransaction:4 com.honeyspace.transition.utils.SurfaceTransactionApplier.scheduleApply$lambda$1:26 com.honeyspace.transition.utils.SurfaceTransactionApplier.b:0
08-13 16:19:53.829  2742  2742 I HoneySpace.RectFAnimation: animateToFinalPosition RectF(464.1454, 1806.4208, 615.8546, 1957.4103)
08-13 16:19:53.831  1111  1111 I SurfaceFlinger: [edbd132 ActivityRecordInputSink com.example.cupcake/androidx.activity.ComponentActivity#233742] attach to parent LayerHierarchy{RequestedLayerState{ActivityRecord{d80f800 u0 com.example.cupcake/androidx.activity.ComponentActivity t2229}#233734 parentId=233733} 3 children}
08-13 16:19:53.834 23813 30394 W FA      : Failed to retrieve Firebase Instance Id
08-13 16:19:53.835  2742 26202 I HoneySpace.ShellAnimationRunner: onAnimationCancelled
08-13 16:19:53.835  2742  2100 I HoneySpace.HistoryViewModel@160600677@OneUI: Illegal access. Unknown type. skip load history items
08-13 16:19:53.836  2127  2127 D SubscreenNotificationListCoordinator: onAfterRenderList() isSubScreen = false, pluginLockMode = 0, doNotShowOnCover = false
08-13 16:19:53.837  2742  4754 I VRI[LauncherActivity]@3489192: mWNT: t=0xb4000076090d7a90 mBlastBufferQueue=0xb4000075190eebd0 fn= 40 HdrRenderState mRenderHdrSdrRatio=1.0 caller= com.android.systemui.shared.launcher.ViewRootImplCompat.mergeWithNextTransaction:4 com.honeyspace.transition.utils.SurfaceTransactionApplier.scheduleApply$lambda$1:26 com.honeyspace.transition.utils.SurfaceTransactionApplier.b:0
08-13 16:19:53.837  2127  2303 I SurfaceControlRegistry: apply, t=FinishTransaction_SyncId<20538>, caller=android.view.SurfaceControl$Transaction.apply:3135 android.view.SurfaceControl$Transaction.apply:3122 android.view.SurfaceControl$Transaction.apply:3078 com.android.wm.shell.transition.Transitions.onFinish:308 com.android.wm.shell.transition.Transitions$$ExternalSyntheticLambda8.onTransitionFinished:10 com.android.wm.shell.transition.RemoteTransitionHandler$1$$ExternalSyntheticLambda0.run:78
08-13 16:19:53.838  2742  2742 I HoneySpace.RectFAnimation: animateToFinalPosition RectF(464.1454, 1806.3427, 615.8546, 1957.3322)
08-13 16:19:53.838  2742  2742 I HoneySpace.RectFAnimation: animateToFinalPosition RectF(464.3036, 1806.4188, 615.6964, 1957.2252)
08-13 16:19:53.843  1111  1111 I SurfaceFlinger: Layer [Task=2228#233706] hidden!! flag(1)
08-13 16:19:53.843  1111  1111 I SurfaceFlinger: [LayerHierarchy{RequestedLayerState{Task=1#52 parentId=11} 2 children}] reparent to LayerHierarchy{RequestedLayerState{DefaultTaskDisplayArea_d0#11 parentId=10} 10 children}
08-13 16:19:53.843  1111  1111 I SurfaceFlinger: [LayerHierarchy{RequestedLayerState{WallpaperWindowToken{b638ffb token=android.os.Binder@64ddd8a}#74 parentId=9 z=1} 1 children}] reparent to LayerHierarchy{RequestedLayerState{Leaf:1:1#9 parentId=8} 2 children}
08-13 16:19:53.843  1111  1111 I SurfaceFlinger: [LayerHierarchy{RequestedLayerState{Task=2228#233706 parentId=11 z=4} 1 children}] reparent to LayerHierarchy{RequestedLayerState{DefaultTaskDisplayArea_d0#11 parentId=10} 11 children}
08-13 16:19:53.843  1111  1111 I SurfaceFlinger: [LayerHierarchy{RequestedLayerState{Transition Root: Task=1#233726} 2 children}] reparent to OffscreenRoot
08-13 16:19:53.843  1111  1111 I SurfaceFlinger: [LayerHierarchy{RequestedLayerState{Transition Root: Task=1#233726} 2 children}] RelativeParent to null
08-13 16:19:53.844  2127  2127 D SecKeyguardClockPositionAlgorithm: getTopMargin scale = 1.2690217, clockContainerHeight = 389, scaleMarginY = -41
08-13 16:19:53.844  1111  1111 I SurfaceFlinger: id=233726 Removed Transition Root: Task=1#233726 (188)
08-13 16:19:53.844  1111  1111 I SurfaceFlinger: id=233708 Removed 7d50e77 Splash Screen com.example.cupcake.test#233708 (188)
08-13 16:19:53.844  5736  5736 I VRI[InstrumentationActivityInvoker$EmptyActivity]@ebadaf0: handleAppVisibility mAppVisible = true visible = false
08-13 16:19:53.844  5736  5736 D VRI[InstrumentationActivityInvoker$EmptyActivity]@ebadaf0: visibilityChanged oldVisibility=true newVisibility=false
08-13 16:19:53.846  2742  2742 I HoneySpace.ShellAnimationRunner: finishExistingAnimation, com.honeyspace.transition.anim.AnimationResult@eda7cc1
08-13 16:19:53.846  2742  2742 I HoneySpace.AnimationResult: finish, false
08-13 16:19:53.846  2742  2742 I HoneySpace.AppCloseAnimationDelegate: onAnimationCancelled
08-13 16:19:53.847  2742  2742 I HoneySpace.RectFAnimation: animateToFinalPosition RectF(464.3036, 1806.2759, 615.6964, 1957.0823)
08-13 16:19:53.847  2742  2742 I HoneySpace.RectFAnimation: animateToFinalPosition RectF(464.4108, 1806.3275, 615.58923, 1957.0099)
08-13 16:19:53.849  2742  4755 I VRI[LauncherActivity]@3489192: mWNT: t=0xb400007609110f90 mBlastBufferQueue=0xb4000075190eebd0 fn= 41 HdrRenderState mRenderHdrSdrRatio=1.0 caller= com.android.systemui.shared.launcher.ViewRootImplCompat.mergeWithNextTransaction:4 com.honeyspace.transition.utils.SurfaceTransactionApplier.scheduleApply$lambda$1:26 com.honeyspace.transition.utils.SurfaceTransactionApplier.b:0
08-13 16:19:53.851  1111  1111 D SurfaceFlinger: Display 4633128672291735932 HWC layers:
08-13 16:19:53.851  1111  1111 D SurfaceFlinger:        DEVICE |   0xb4000079e28c6110 | 0000 | RGBA_8888    |    6.0   13.0 1074.0 2327.0 |    0    0 1080 2340 | Wallpaper BBQ wrapper 5_system#82 (19)
08-13 16:19:53.851  1111  1111 D SurfaceFlinger:        DEVICE |   0xb4000079e292f2d0 | 0001 | RGBA_8888    |    0.0    0.0 1080.0 2340.0 |    0    0 1080 2340 | com.sec.android.app.launcher/com.sec[...]vities.LauncherActivity$_2742#233723 (38)
08-13 16:19:53.851  1111  1111 D SurfaceFlinger:        DEVICE |   0xb4000079e28ca710 | 0001 | RGBA_8888    |    0.0    0.0 1080.0   80.0 |    0    0 1080   80 | StatusBar$_2127#106 (79490)
08-13 16:19:53.851  1111  1111 D SurfaceFlinger:        DEVICE |   0xb4000079e2935310 | 0001 | RGBA_8888    |    0.0    0.0 1080.0  135.0 |    0 2205 1080 2340 | NavigationBar0$_2127#101 (129880)
08-13 16:19:53.851  1111  1111 D SurfaceFlinger:        DEVICE |   0xb4000079e289e790 | 0001 | RGBA_8888    |    0.0  249.0 1034.0  827.0 |   46    0 1080  578 | $_4855#233489 (388)
08-13 16:19:53.851  1111  1111 D SurfaceFlinger:
08-13 16:19:53.851  2742 10793 I HoneySpace.AnimationResult: asyncFinishRunnable run
08-13 16:19:53.852  1111  1111 I SurfaceFlinger: Layer [Transition Root: Task=2229#233741] hidden!! flag(0)
08-13 16:19:53.852  1111  1111 I SurfaceFlinger: Layer [ActivityRecord{d80f800 u0 com.exampl[...]vity.ComponentActivity t2229}#233734] hidden!! flag(0)
08-13 16:19:53.852  1111  1111 I SurfaceFlinger: Layer [9c78bd7 Splash Screen com.example.cupcake#233735] hidden!! flag(0)
08-13 16:19:53.852  1111  1111 I SurfaceFlinger: Layer [com.example.cupcake/androidx.activity.ComponentActivity$_5596#233738] hidden!! flag(0)
08-13 16:19:53.852  1111  1111 I SurfaceFlinger: Layer [Task=2229#233733] hidden!! flag(0)
08-13 16:19:53.852  1111  1111 E SurfaceFlinger: alpha changed 1.000 -> 0.000 - Task=2229#233733
08-13 16:19:53.852  1111  1111 I SurfaceFlinger: Layer [a98d2db com.example.cupcake/androidx.activity.ComponentActivity#233736] hidden!! flag(0)
08-13 16:19:53.852  1111  1111 I SurfaceFlinger: Layer [Splash Screen com.example.cupcake$_2127#233737] hidden!! flag(0)
08-13 16:19:53.852  1111  1111 E SurfaceFlinger: alpha changed 0.000 -> 0.000 - Task=2229#233733
08-13 16:19:53.852  1111  1111 I SurfaceFlinger: destroyed 7d50e77 Splash Screen com.example.cupcake.test#233708
08-13 16:19:53.852  1111  1111 I SurfaceFlinger: destroyed Transition Root: Task=1#233726
08-13 16:19:53.852 23813 30394 W FA      : Failed to retrieve Firebase Instance Id
08-13 16:19:53.852  1111  1111 I SurfaceFlinger: [LayerHierarchy{RequestedLayerState{Task=1#52 parentId=233741 z=3} 2 children}] reparent to LayerHierarchy{RequestedLayerState{Transition Root: Task=2229#233741 parentId=11 z=3} 1 children}
08-13 16:19:53.852  1111  1111 I SurfaceFlinger: [LayerHierarchy{RequestedLayerState{WallpaperWindowToken{b638ffb token=android.os.Binder@64ddd8a}#74 parentId=233741 z=1} 1 children}] reparent to LayerHierarchy{RequestedLayerState{Transition Root: Task=2229#233741 parentId=11 z=3} 2 children}
08-13 16:19:53.852  1111  1111 I SurfaceFlinger: [LayerHierarchy{RequestedLayerState{Task=2229#233733 parentId=233741 z=7} 1 children}] reparent to LayerHierarchy{RequestedLayerState{Transition Root: Task=2229#233741 parentId=11 z=3} 3 children}
08-13 16:19:53.855  1111  1111 I Layer   : id=233708 Destroyed 7d50e77 Splash Screen com.example.cupcake.test#233708
08-13 16:19:53.855  1111  1111 I Layer   : id=233726 Destroyed Transition Root: Task=1#233726
08-13 16:19:53.856  2127  2127 I LockscreenNotificationIconsOnlyController: onNotificationInfoUpdated 0
08-13 16:19:53.856  1111  1223 I SurfaceFlinger: id=233743 createSurf, flag=24000, Surface(name=a98d2db com.example.cupcake/androidx.activity.ComponentActivity)/@0xb35b14c - animation-leash of starting_reveal#233743
08-13 16:19:53.856  2127  2127 I AODNotificationManager: updateNotification()
08-13 16:19:53.861  5736  5756 D HWUI    : CacheManager::trimMemory(20)
08-13 16:19:53.865  2742  2742 I HoneySpace.Launcher: onEnterAnimationComplete
08-13 16:19:53.866  2742  2742 I HoneySpace.RectFAnimation: animateToFinalPosition RectF(464.4108, 1805.7695, 615.58923, 1956.4519)
08-13 16:19:53.866  2742  2742 I HoneySpace.RectFAnimation: animateToFinalPosition RectF(464.6093, 1805.8652, 615.3907, 1956.3176)
08-13 16:19:53.868  1111  1111 E SurfaceFlinger: alpha changed 0.000 -> 0.180 - Task=2229#233733
08-13 16:19:53.868  1111  1111 I SurfaceFlinger: [Surface(name=a98d2db com.example.cupcake/androidx.activity.ComponentActivity)/@0xb35b14c - animation-leash of starting_reveal#233743] attach to parent LayerHierarchy{RequestedLayerState{ActivityRecord{d80f800 u0 com.example.cupcake/androidx.activity.ComponentActivity t2229}#233734 parentId=233733} 4 children}
08-13 16:19:53.872  2742  4754 I VRI[LauncherActivity]@3489192: mWNT: t=0xb400007609139710 mBlastBufferQueue=0xb4000075190eebd0 fn= 42 HdrRenderState mRenderHdrSdrRatio=1.0 caller= com.android.systemui.shared.launcher.ViewRootImplCompat.mergeWithNextTransaction:4 com.honeyspace.transition.utils.SurfaceTransactionApplier.scheduleApply$lambda$1:26 com.honeyspace.transition.utils.SurfaceTransactionApplier.b:0
08-13 16:19:53.879  1111  1111 D SurfaceFlinger: Display 4633128672291735932 HWC layers:
08-13 16:19:53.879  1111  1111 D SurfaceFlinger:        DEVICE |   0xb4000079e28c6110 | 0000 | RGBA_8888    |    0.0    0.0 1080.0 2340.0 |    0    0 1080 2340 | Wallpaper BBQ wrapper 5_system#82 (19)
08-13 16:19:53.879  1111  1111 D SurfaceFlinger:        DEVICE |   0xb4000079e28e6390 | 0001 | RGBA_8888    |    0.0    0.0 1080.0 2340.0 |    0    0 1080 2340 | com.sec.android.app.launcher/com.sec[...]vities.LauncherActivity$_2742#233723 (40)
08-13 16:19:53.879  1111  1111 D SurfaceFlinger:        CLIENT |   0xb4000079e2918510 | 0001 | RGBA_8888    |    0.0    0.0 1080.0 2340.0 |   75  162 1005 2178 | com.example.cupcake/androidx.activity.ComponentActivity$_5596#233738 (1)
08-13 16:19:53.879  1111  1111 D SurfaceFlinger:        CLIENT |   0xb4000079e2949f90 | 0001 | RGBA_8888    |    0.0    0.0 1080.0 2340.0 |   75  162 1005 2178 | Splash Screen com.example.cupcake$_2127#233737 (1)
08-13 16:19:53.879  1111  1111 D SurfaceFlinger:        DEVICE |   0xb4000079e28c9c90 | 0001 | RGBA_8888    |    0.0    0.0 1080.0   80.0 |    0    0 1080   80 | StatusBar$_2127#106 (79491)
08-13 16:19:53.879  1111  1111 D SurfaceFlinger:        DEVICE |   0xb4000079e2935310 | 0001 | RGBA_8888    |    0.0    0.0 1080.0  135.0 |    0 2205 1080 2340 | NavigationBar0$_2127#101 (12988
08-13 16:19:53.879  1111  1111 D SurfaceFlinger: 0)
08-13 16:19:53.879  1111  1111 D SurfaceFlinger:        DEVICE |   0xb4000079e289e790 | 0001 | RGBA_8888    |    0.0  249.0 1034.0  827.0 |   46    0 1080  578 | $_4855#233489 (388)
08-13 16:19:53.879  1111  1111 D SurfaceFlinger:
08-13 16:19:53.880  2742  4755 I VRI[LauncherActivity]@3489192: mWNT: t=0xb4000076091711d0 mBlastBufferQueue=0xb4000075190eebd0 fn= 43 HdrRenderState mRenderHdrSdrRatio=1.0 caller= com.android.systemui.shared.launcher.ViewRootImplCompat.mergeWithNextTransaction:4 com.honeyspace.transition.utils.SurfaceTransactionApplier.scheduleApply$lambda$1:26 com.honeyspace.transition.utils.SurfaceTransactionApplier.b:0
08-13 16:19:53.882  2127  2303 D ShellTaskOrganizer: removeStartingWindow, removalInfo=StartingWindowRemovalInfo{taskId=2229 frame=Rect(0, 0 - 1080, 2340) playRevealAnimation=true roundedCornerRadius=0.0 deferRemoveMode=0 windowlessSurface=false removeImmediately=false}
08-13 16:19:53.882  2742  2742 I HoneySpace.AnimationResult: completeCallback run
08-13 16:19:53.882  2742  2742 I HoneySpace.RectFAnimation: animateToFinalPosition RectF(464.6093, 1805.1857, 615.3907, 1955.6381)
08-13 16:19:53.883  2742  2742 I HoneySpace.RectFAnimation: animateToFinalPosition RectF(464.73486, 1805.2461, 615.26514, 1955.5532)
08-13 16:19:53.883  2127  2816 D LocalImageResolver: Couldn't use ImageDecoder for drawable, falling back to non-resized load.
08-13 16:19:53.889  1282  1908 V WindowManager: Relayout Window{3bf1bd u0 com.example.cupcake.test/androidx.test.core.app.InstrumentationActivityInvoker$EmptyActivity}: viewVisibility=8 req=1080x2340 ty=1 d0
08-13 16:19:53.889  2127  2816 D LocalImageResolver: Couldn't use ImageDecoder for drawable, falling back to non-resized load.
08-13 16:19:53.889  1282  4371 D InputDispatcher: Focus entered window (0): a98d2db com.example.cupcake/androidx.activity.ComponentActivity
08-13 16:19:53.891  5596  5596 D VRI[ComponentActivity]@8fa3cae: mThreadedRenderer.initializeIfNeeded()#2 mSurface={isValid=true 0xb4000075e9165bc0}
08-13 16:19:53.891  5596  5596 D InputMethodManagerUtils: startInputInner - Id : 0
08-13 16:19:53.891  5596  5596 I InputMethodManager: startInputInner - IInputMethodManagerGlobalInvoker.startInputOrWindowGainedFocus
08-13 16:19:53.895  1066  4972 I ExynosC2H264EncComponent: [onUpdateC2Work] got SYNC FRAME
08-13 16:19:53.898 23813 30394 W FA      : Failed to retrieve Firebase Instance Id
08-13 16:19:53.898  1282  1908 V WindowManager: Relayout hash=3bf1bd, pid=5736, syncId=-1: mAttrs={(0,0)(fillxfill) sim={adjust=pan forwardNavigation} layoutInDisplayCutoutMode=always ty=BASE_APPLICATION
08-13 16:19:53.898  1282  1908 V WindowManager:   fl=81810100
08-13 16:19:53.898  1282  1908 V WindowManager:   pfl=100088c0
08-13 16:19:53.898  1282  1908 V WindowManager:   bhv=1
08-13 16:19:53.898  1282  1908 V WindowManager:   fitSides=0
08-13 16:19:53.898  1282  1908 V WindowManager:   frameRateBoostOnTouch=true
08-13 16:19:53.898  1282  1908 V WindowManager:   dvrrWindowFrameRateHint=true naviIconColor=0}
08-13 16:19:53.901  1282  1447 I SurfaceControl: apply, lowDebugName=CreateStartingRevealAnim, caller=android.view.SurfaceControl$Transaction.apply:3122 android.view.SurfaceControl$Transaction.apply:3078 com.android.server.wm.WindowAnimator.animate:380 com.android.server.wm.WindowAnimator$$ExternalSyntheticLambda1.doFrame:14 android.view.Choreographer$CallbackRecord.run:1749 android.view.Choreographer$CallbackRecord.run:1760
08-13 16:19:53.903  2742  1821 I HoneySpace.RecentTasks: onRecentTasksChanged
08-13 16:19:53.905  5736  5736 I VRI[InstrumentationActivityInvoker$EmptyActivity]@ebadaf0: Relayout returned: old=(0,0,1080,2340) new=(0,0,1080,2340) relayoutAsync=false req=(1080,2340)8 dur=38 res=0x2 s={false 0x0} ch=true seqId=0
08-13 16:19:53.905  5736  5736 D VRI[InstrumentationActivityInvoker$EmptyActivity]@ebadaf0: Not drawing due to not visible. Reason=!mAppVisible && !mForceDecorViewVisibility
08-13 16:19:53.906  5736  5736 I VRI[InstrumentationActivityInvoker$EmptyActivity]@ebadaf0: stopped(true) old = false
08-13 16:19:53.906  5736  5736 D VRI[InstrumentationActivityInvoker$EmptyActivity]@ebadaf0: WindowStopped on com.example.cupcake.test/androidx.test.core.app.InstrumentationActivityInvoker$EmptyActivity set to true
08-13 16:19:53.907  2742  1821 I HoneySpace.HistoryViewModel@160600677@OneUI: Illegal access. Unknown type. skip load history items
08-13 16:19:53.907  5736  5756 D HWUI    : CacheManager::trimMemory(20)
08-13 16:19:53.909  1282  1444 D PkgPredictorService-SecIpmManagerServiceImpl: bg information pid:5736 uid:10419 pkgName:com.example.cupcake.test
08-13 16:19:53.910  1282  1696 I ImeTracker: com.example.cupcake:97d26494: onRequestHide at ORIGIN_SERVER reason HIDE_UNSPECIFIED_WINDOW fromUser false
08-13 16:19:53.910  1537  1576 D SemNativeCarrierFeature_vendor: getInstance
08-13 16:19:53.910  1282  1696 I ImeTracker: com.example.cupcake:97d26494: onCancelled at PHASE_SERVER_SHOULD_HIDE
08-13 16:19:53.911  1282  1696 D InputTransport: Input channel constructed: 'ClientS', fd=932
08-13 16:19:53.911  1282  1696 D InputTransport: Input channel destroyed: 'ClientS', fd=932
08-13 16:19:53.912  2742  2742 I HoneySpace.RectFAnimation: animateToFinalPosition RectF(464.73486, 1803.8936, 615.26514, 1954.2007)
08-13 16:19:53.912  2742  4754 I VRI[LauncherActivity]@3489192: mWNT: t=0xb4000076090f2910 mBlastBufferQueue=0xb4000075190eebd0 fn= 44 HdrRenderState mRenderHdrSdrRatio=1.0 caller= com.android.systemui.shared.launcher.ViewRootImplCompat.mergeWithNextTransaction:4 com.honeyspace.transition.utils.SurfaceTransactionApplier.scheduleApply$lambda$1:26 com.honeyspace.transition.utils.SurfaceTransactionApplier.b:0
08-13 16:19:53.912  2742  2742 I HoneySpace.RectFAnimation: animateToFinalPosition RectF(465.0, 1804.0214, 615.0, 1954.0214)
08-13 16:19:53.913  2494  3181 D Am      : Sardevice : isEnabled: false, deviceId: 65539, slot: 0, extId: 0
08-13 16:19:53.915  2127  2127 I AppIconSolution: return adaptive icon for com.samsung.android.app.smartcapture, isNight = true
08-13 16:19:53.917  4917  4917 I HBD     : HoneyBoardService onFinishInput
08-13 16:19:53.917 23813 30394 W FA      : Failed to retrieve Firebase Instance Id
08-13 16:19:53.918  4917  4917 I HBD     : a IC have been unbinding,  RemoteInputConnection{idHash=#fa0060d}
08-13 16:19:53.918  4917  4917 I HBD     : HoneyBoardService [PF_CL][onFinishInput]  1 ms
08-13 16:19:53.919  4917  4917 I HBD     : HoneyBoardService [IMI] onStartInput - caller pid : 5596 , caller uid : 10418
08-13 16:19:53.919  4917  4917 I HBD     : t updateConfigs
08-13 16:19:53.919  4917  4917 I HBD     : t isEnabledNightMode : true
08-13 16:19:53.919  4917  4917 I HBD     : a IC have been binding, RemoteInputConnection{idHash=#3d2b2e6}
08-13 16:19:53.919  4917  4917 I HBD     : g [EditorInputType]setPrivateImeOptionsToTable privateImeOptions ( null )
08-13 16:19:53.919  4917  4917 I HBD     : b incognitoMode : false
08-13 16:19:53.919  4917  4917 I HBD     : b needOff = true , isForceOff = false, isNullInputClass : true
08-13 16:19:53.919  4917  4917 I HBD     : g getDefaultInputRange : UNKNOWN
08-13 16:19:53.919  4917  4917 I HBD     : g getDefaultInputRange : UNKNOWN
08-13 16:19:53.919  4917  4917 I HBD     : g getDefaultInputRange : UNKNOWN
08-13 16:19:53.920  1282  4371 D MotionRecognitionService: [SAR] API_enableSARDevice, deviceId =65539 : false
08-13 16:19:53.922  4917  4917 I HBD     : b needOff = true , isForceOff = false, isNullInputClass : true
08-13 16:19:53.922  4917  4917 I HBD     : b update cached prediction status : false
08-13 16:19:53.923  4917  4917 I HBD     : g getDefaultInputRange : UNKNOWN
08-13 16:19:53.923  4917  4917 I HBD     : a currentState : 0
08-13 16:19:53.923  4917  4917 I HBD     : a [UpdatePolicy] [post] a: 0 cl: 4325376 kit: [0/26] vt: 0 ir: 1
08-13 16:19:53.925  1111  1111 I SurfaceFlinger: Layer [com.example.cupcake.test/androidx.te[...]tyInvoker$EmptyActivity$_5736#233711] hidden!! flag(1)
08-13 16:19:53.925  1111  1111 I SurfaceFlinger: Layer [ActivityRecord{bf9ce7f u0 com.exampl[...]yInvoker$EmptyActivity t2228}#233707] hidden!! flag(1)
08-13 16:19:53.925  1111  1111 I SurfaceFlinger: [LayerHierarchy{RequestedLayerState{a98d2db com.example.cupcake/androidx.activity.ComponentActivity#233736 parentId=233743} 1 children}] reparent to LayerHierarchy{RequestedLayerState{Surface(name=a98d2db com.example.cupcake/androidx.activity.ComponentActivity)/@0xb35b14c - animation-leash of starting_reveal#233743 parentId=233734} 1 children}
08-13 16:19:53.926  5596  5615 D InputTransport: Input channel constructed: 'ClientS', fd=147
08-13 16:19:53.926  2127  2127 D SecKeyguardClockPositionAlgorithm: getTopMargin scale = 1.2690217, clockContainerHeight = 389, scaleMarginY = -41
08-13 16:19:53.926  4917  4917 I HBD     : a [NRIC] resetNoResponseState
08-13 16:19:53.926  4917  4917 I HBD     : b needOff = true , isForceOff = false, isNullInputClass : true
08-13 16:19:53.926  4917  4917 I HBD     : b update cached prediction status : false
08-13 16:19:53.926  4917  4917 I HBD     : c [AiWriter] setContact : com.example.cupcake
08-13 16:19:53.926  4917  4917 I HBD     : a [AiWriter] setContact : com.example.cupcake
08-13 16:19:53.927  4917  4917 I HBD     : b needOff = true , isForceOff = false, isNullInputClass : true
08-13 16:19:53.927  4917  4917 I HBD     : b getTBC , flag: 1 , start: 0 , end: 0 , length: 0 , composingLength: 0 , isKCC: false
08-13 16:19:53.928  6207  6207 D BoundBrokerSvc: onUnbind: Intent { act=com.google.android.gms.feedback.internal.IFeedbackService dat=chimera-action:/... cmp=com.google.android.gms/.chimera.GmsBoundBrokerService }
08-13 16:19:53.929  1282  1921 D MotionRecognitionService: [SAR] API_enableSARDevice >>
08-13 16:19:53.929  1282  1921 I MotionRecognitionService: [SAR] id : 0 cmd :off  <<
08-13 16:19:53.929  1282  1921 I MotionRecognitionService: [SAR] SarDevice clear 1 channel : 0 , state : 0
08-13 16:19:53.929  4917  4917 I HBD     : E EBD si S 0
08-13 16:19:53.929  4917  4917 I HBD     : m updateContactDBLanguage : 0
08-13 16:19:53.929  4917  4917 I HBD     : a [UpdatePolicy] [post] a: 31 cl: 4325376 kit: [0/26] vt: 0 ir: 1
08-13 16:19:53.929  1111  1732 I SurfaceFlinger: id=233744 createSurf, flag=24004, Surface(name=39a4c69 InputMethod)/@0x97414dd - animation-leash of insets_animation#233744
08-13 16:19:53.929  5736  5736 W WindowOnBackDispatcher: sendCancelIfRunning: isInProgress=false callback=android.view.ViewRootImpl$$ExternalSyntheticLambda15@50ab61c
08-13 16:19:53.929  4917  4917 I HBD     : HoneyBoardService [PF_OP][onStartInput]  10 ms
08-13 16:19:53.935  1282  2477 I LocationAccessPolicy: checkLocationPermission - callingUid: 10043, callingPid: 2127, result: DENIED_SOFT
08-13 16:19:53.935  1282  2477 I LocationAccessPolicy: checkLocationPermission - callingUid: 10043, callingPid: 2127, result: DENIED_SOFT
08-13 16:19:53.936  1282  2467 D SLocation: CellLocationManager - onServiceStateChanged 0
08-13 16:19:53.937  1282  1282 D SemWifiService: onServiceStateChanged : state - 0, dataNetworkType : 13
08-13 16:19:53.937  2742  4755 I VRI[LauncherActivity]@3489192: mWNT: t=0xb400007609198ed0 mBlastBufferQueue=0xb4000075190eebd0 fn= 45 HdrRenderState mRenderHdrSdrRatio=1.0 caller= com.android.systemui.shared.launcher.ViewRootImplCompat.mergeWithNextTransaction:4 com.honeyspace.transition.utils.SurfaceTransactionApplier.scheduleApply$lambda$1:26 com.honeyspace.transition.utils.SurfaceTransactionApplier.b:0
08-13 16:19:53.938  2742  2742 I HoneySpace.RectFAnimation: animateToFinalPosition RectF(465.0, 1802.7191, 615.0, 1952.7191)
08-13 16:19:53.939  4917 27939 I HBD     : h [SKE_SPECIFIC] specific model[com.example.cupcake] loaded, 8396000 ns
08-13 16:19:53.940  2127  2938 I VRI[cupcake]@4202868: mWNT: t=0xb4000076092095d0 mBlastBufferQueue=0xb4000075190ce510 fn= 2 HdrRenderState mRenderHdrSdrRatio=1.0 caller= android.view.SyncRtSurfaceTransactionApplier.applyTransaction:96 android.view.SyncRtSurfaceTransactionApplier.lambda$scheduleApply$0:69 android.view.SyncRtSurfaceTransactionApplier.$r8$lambda$afI4fXg3U3-nBZQEDQMiNy-B06s:0
08-13 16:19:53.940  2127  2938 I VRI[cupcake]@4202868: mWNT: t=0xb400007609211750 mBlastBufferQueue=0xb4000075190ce510 fn= 2 HdrRenderState mRenderHdrSdrRatio=1.0 caller= android.view.SyncRtSurfaceTransactionApplier.applyTransaction:96 android.view.SyncRtSurfaceTransactionApplier.lambda$scheduleApply$0:69 android.view.SyncRtSurfaceTransactionApplier.$r8$lambda$afI4fXg3U3-nBZQEDQMiNy-B06s:0
08-13 16:19:53.943  1282  2477 I LocationAccessPolicy: checkLocationPermission - callingUid: 10043, callingPid: 2127, result: DENIED_SOFT
08-13 16:19:53.943  1282  2477 I LocationAccessPolicy: checkLocationPermission - callingUid: 10043, callingPid: 2127, result: DENIED_SOFT
08-13 16:19:53.943  2742  2742 I HoneySpace.RectFAnimation: animateToFinalPosition RectF(465.0, 1802.531, 615.0, 1952.531)
08-13 16:19:53.944  1111  1111 I SurfaceFlinger: [Surface(name=39a4c69 InputMethod)/@0x97414dd - animation-leash of insets_animation#233744] attach to parent LayerHierarchy{RequestedLayerState{WindowToken{72c0868 type=2011 android.os.Binder@fb66f8b}#121 parentId=16} 2 children}
08-13 16:19:53.945  1282  2477 I LocationAccessPolicy: checkLocationPermission - callingUid: 10043, callingPid: 2127, result: DENIED_SOFT
08-13 16:19:53.945  1282  2477 I LocationAccessPolicy: checkLocationPermission - callingUid: 10043, callingPid: 2127, result: DENIED_SOFT
08-13 16:19:53.946  1282  2477 I LocationAccessPolicy: checkLocationPermission - callingUid: 10091, callingPid: 21624, result: DENIED_SOFT
08-13 16:19:53.946  1282  2477 I LocationAccessPolicy: checkLocationPermission - callingUid: 10091, callingPid: 21624, result: DENIED_SOFT
08-13 16:19:53.946  1282  2477 I LocationAccessPolicy: checkLocationPermission - callingUid: 10065, callingPid: 11831, result: DENIED_SOFT
08-13 16:19:53.946  1282  2477 I LocationAccessPolicy: checkLocationPermission - callingUid: 10065, callingPid: 11831, result: DENIED_SOFT
08-13 16:19:53.947  1282  2477 I LocationAccessPolicy: checkLocationPermission - callingUid: 10159, callingPid: 24979, result: DENIED_SOFT
08-13 16:19:53.947  1282  2477 I LocationAccessPolicy: checkLocationPermission - callingUid: 10159, callingPid: 24979, result: DENIED_SOFT
08-13 16:19:53.947  2535  2535 I TelephonyCallbackForPdnController<0>: emcbsIndication: SUPPORTED, mobileDataNetworkType: 13
08-13 16:19:53.947  1282  2477 I LocationAccessPolicy: checkLocationPermission - callingUid: 10431, callingPid: 27022, result: DENIED_SOFT
08-13 16:19:53.947  1282  2477 I LocationAccessPolicy: checkLocationPermission - callingUid: 10431, callingPid: 27022, result: DENIED_SOFT
08-13 16:19:53.948  1282  2477 I LocationAccessPolicy: checkLocationPermission - callingUid: 10101, callingPid: 18442, result: DENIED_SOFT
08-13 16:19:53.948  1282  2477 I LocationAccessPolicy: checkLocationPermission - callingUid: 10101, callingPid: 18442, result: DENIED_SOFT
08-13 16:19:53.948  1282  2477 I LocationAccessPolicy: checkLocationPermission - callingUid: 10101, callingPid: 18442, result: DENIED_SOFT
08-13 16:19:53.948  1282  2477 I LocationAccessPolicy: checkLocationPermission - callingUid: 10101, callingPid: 18442, result: DENIED_SOFT
08-13 16:19:53.949  2782  3390 I EPDG -- SIM0 [NetController]: getVoPS, vopsSupportInfo=LteVopsSupportInfo :  mVopsSupport = 2 mEmcBearerSupport = 2
08-13 16:19:53.949  2782  3390 I EPDG -- SIM0 [NetController]: WWAN Voice Regi: 0 Roaming: 0
08-13 16:19:53.949  2782  3390 I EPDG -- SIM0 [NetController]: WWAN Data Regi: 0 Rat: 13 Roaming: false
08-13 16:19:53.949 18442 18442 I ImsTelephonyStateTracker: [C] onServiceStateChanged()
08-13 16:19:53.949  2127  2127 D S.S.N.  : entryViewBound parent :0|com.samsung.android.app.smartcapture|1332|null|10190
08-13 16:19:53.949 18442 18442 I ImsTelephonyStateTracker: [C] onServiceStateChanged()
08-13 16:19:53.950  2782  3390 I EPDG -- SIM0 [EpdgSubscription]: getIsAirplaneMode: returning: false
08-13 16:19:53.950 18442  4360 I ImsSim2Manager: [C] onServiceStateChanged state : 0, old : 0
08-13 16:19:53.951  2127  2127 I AppIconSolution: return adaptive icon for com.samsung.android.app.smartcapture, isNight = true
08-13 16:19:53.951 18442  4361 I ImsSim1Manager: [C] onServiceStateChanged state : 0, old : 0
08-13 16:19:53.953  2742  4754 I VRI[LauncherActivity]@3489192: mWNT: t=0xb4000076090c9fd0 mBlastBufferQueue=0xb4000075190eebd0 fn= 46 HdrRenderState mRenderHdrSdrRatio=1.0 caller= com.android.systemui.shared.launcher.ViewRootImplCompat.mergeWithNextTransaction:4 com.honeyspace.transition.utils.SurfaceTransactionApplier.scheduleApply$lambda$1:26 com.honeyspace.transition.utils.SurfaceTransactionApplier.b:0
08-13 16:19:53.955  2535  2535 I NetworkUtil: Network Cap check : INTERNET : true
08-13 16:19:53.955  2535  2535 I NetworkUtil: isConnected = true isCellularOnly : true
08-13 16:19:53.957  1282  1954 W NSLocationMonitor: onServiceStateChanged, state=0 / channel=1795
08-13 16:19:53.957  2535  2535 I TelephonyCallbackForPdnController<0>: onServiceStateChanged: state={mVoiceRegState=0(IN_SERVICE), mDataRegState=0(IN_SERVICE), mChannelNumber=1795, duplexMode()=1, mCellBandwidths=[10000, 20000, 20000, 10000], mOperatorAlphaLong=Turkcell, mOperatorAlphaShort=Turkcell, isManualNetworkSelection=false(automatic), getRilVoiceRadioTechnology=14(LTE), getRilDataRadioTechnology=14(LTE), mCssIndicator=unsupported, mNetworkId=*1, mSystemId=*1, mCdmaRoamingIndicator=-1, mCdmaDefaultRoamingIndicator=-1, NonCellular=false, Snap=0, PsOnly=false, SprDisplayRoam=false, OptRadioTech=0, MsimSubmode=0, IsVoiceCallAvailable=true, mIsEmergencyOnly=false, isUsingCarrierAggregation=false, mArfcnRsrpBoost=0, mNetworkRegistrationInfos=[NetworkRegistrationInfo{ domain=PS transportType=WLAN registrationState=UNKNOWN networkRegistrationState=UNKNOWN roamingType=NOT_ROAMING accessNetworkTechnology=IWLAN rejectCause=0 emergencyEnabled=false availableServices=[] cellIdentity=null voiceSpecificInfo=null dataSpecificInfo=null nrState=**** rRplmn= isUsingCarrierAggregation=false isNonTerrestrialNetwork=TERRESTRIAL}, NetworkRegistrationInfo{ domain=CS transportType=WWAN registrationState=HOME networkRegistrationState=HOME roamingType=NOT_ROAMING accessNetworkTechnology=LTE rejectCause=0 emergencyEnabled=false availableServices=[VOICE,SMS,VIDEO] cellIdentity=CellIdentityLte:{ mCi=6***85 mPci=388 mTac=5**1 mEarfcn=1795 mBands=[3] mBandwidth=2147483647 mMcc=286 mMnc=01 mAlphaLong=Turkcell mAlphaShort=Turkcell mAdditionalPlmns={} mCsgInfo=null} voiceSpecificInfo=VoiceSpecificRegistrationInfo { mCssSupported=false mRoamingIndicator=0 mSystemIsInPrl=0 mDefaultRoamingIndicator=0} dataSpecificInfo=null nrState=**** rRplmn=28601 isUsingCarrierAggregation=false isNonTerrestrialNetwork=TERRESTRIAL}, NetworkRegistrationInfo{ domain=PS transportType=WWAN registrationState=HOME networkRegistrationState=HOME roamingType=NOT_ROAMING accessNetworkTechnology=LTE rejectCause=0 emergencyEnabled=false availableServices=[DATA,MMS] cellIdentity=CellIdentityLte:{ mCi=6***85 mPci=388 mTac=5**1 mEarfcn=1795 mBands=[3] mBandwidth=2147483647 mMcc=286 mMnc=01 mAlphaLong=Turkcell mAlphaShort=Turkcell mAdditionalPlmns={} mCsgInfo=null} voiceSpecificInfo=null dataSpecificInfo=android.telephony.DataSpecificRegistrationInfo :{ maxDataCalls = 16 isDcNrRestricted = true isNrAvailable = false isEnDcAvailable = false mLteAttachResultType = 0 mLteAttachExtraInfo = 0 LteVopsSupportInfo :  mVopsSupport = 2 mEmcBearerSupport = 2 } nrState=**** rRplmn=28601 isUsingCarrierAggregation=false isNonTerrestrialNetwork=TERRESTRIAL}], mNrFrequencyRange=0, mOperatorAlphaLongRaw=Turkcell, mOperatorAlphaShortRaw=Turkcell, mIsDataRoamingFromRegistration=false, mIsIwlanPreferred=false, mIsUsingNonTerrestrialNetwork=false}Changed=
08-13 16:19:53.958  2535  2535 I PdnController<0>: notifyDataConnectionState
08-13 16:19:53.958  2535  2535 I PdnController<0>: initialize PendedEPDGWeakSignal flag
08-13 16:19:53.958  2535  2535 I PdnController<0>: setPendedEPDGWeakSignal
08-13 16:19:53.958  1282  1954 I NSLocationMonitor: networkType[13]=LTE / nrState=false
08-13 16:19:53.958  2535  2535 I PdnController<0>: notifyDataConnectionState: needNotify=false networkType=13 isEpdgConnected=false dataNetType=13=>13 dataRegState=0=>0
08-13 16:19:53.958  2535  2535 I TelephonyCallbackForPdnController<0>: notifySnapshotState: snapshotState=0 old=0
08-13 16:19:53.958  2127  2127 D SubscreenNotificationListCoordinator: onAfterRenderList() isSubScreen = false, pluginLockMode = 0, doNotShowOnCover = false
08-13 16:19:53.958  1282  1954 W NSLocationMonitor: onServiceStateChanged, state=0 / channel=1795
08-13 16:19:53.958  1282  1954 I NSLocationMonitor: networkType[13]=LTE / nrState=false
08-13 16:19:53.959 18442  4361 I ImsSim1Manager: [C] checkVoiceNetwork voice network : 13
