08-13 16:19:48.506  5596  5677 I TestRunner: started: cupcakeNavHost_clickOneCupcake_navigatesToSelectFlavorScreen(com.example.cupcake.test.CupcakeScreenNavigationTest)
08-13 16:19:48.506  2742  2742 I VRI[LauncherActivity]@3489192: handleResized, frames=ClientWindowFrames{frame=[0,0][1080,2340] display=[0,0][1080,2340] parentFrame=[0,0][0,0]} displayId=0 dragResizing=false compatScale=1.0 frameChanged=false attachedFrameChanged=false configChanged=false displayChanged=false compatScaleChanged=false dragResizingChanged=false
08-13 16:19:48.507  2742  2742 I HoneySpace.RectFAnimation: animateToFinalPosition RectF(435.5101, 1705.1024, 644.48987, 1935.3683)
08-13 16:19:48.507  2742  2742 I HoneySpace.RectFAnimation: animateToFinalPosition RectF(443.88843, 1717.4506, 636.1116, 1918.0353)
08-13 16:19:48.508  1111  1162 I SurfaceFlinger: id=233590 Removed e19c517 ActivityRecordInputSink com.example.cupcake/androidx.activity.ComponentActivity#233590 (171)
08-13 16:19:48.509  2742  4755 I VRI[LauncherActivity]@3489192: mWNT: t=0xb4000076092cd250 mBlastBufferQueue=0xb4000075190eebd0 fn= 25 HdrRenderState mRenderHdrSdrRatio=1.0 caller= com.android.systemui.shared.launcher.ViewRootImplCompat.mergeWithNextTransaction:4 com.honeyspace.transition.utils.SurfaceTransactionApplier.scheduleApply$lambda$1:26 com.honeyspace.transition.utils.SurfaceTransactionApplier.b:0
08-13 16:19:48.509  1111  1730 I SurfaceFlinger: id=233617 createSurf, flag=24004, Task=2221#233617
08-13 16:19:48.511  1066  4995 D BufferPoolAccessor2.0: bufferpool2 0xb400006fd4d55218 : 7(26537392 size) total buffers - 4(15164224 size) used buffers - 546/553 (recycle/alloc) - 11/548 (fetch/transfer)
08-13 16:19:48.517  1111  1111 I SurfaceFlinger: destroyed com.example.cupcake/androidx.activity.ComponentActivity$_5596#233586
08-13 16:19:48.517  1111  1111 I SurfaceFlinger: destroyed b76cf34 com.example.cupcake/androidx.activity.ComponentActivity#233585
08-13 16:19:48.517  1111  1111 I SurfaceFlinger: destroyed Splash Screen com.example.cupcake.test$_2127#233597
08-13 16:19:48.517  1111  1111 I SurfaceFlinger: [Task=2221#233617] attach to parent Root
08-13 16:19:48.519  1111  1111 I Layer   : id=233585 Destroyed b76cf34 com.example.cupcake/androidx.activity.ComponentActivity#233585
08-13 16:19:48.519  1111  1111 I Layer   : id=233597 Destroyed Splash Screen com.example.cupcake.test$_2127#233597
08-13 16:19:48.519  1111  1111 I Layer   : id=233586 Destroyed com.example.cupcake/androidx.activity.ComponentActivity$_5596#233586
08-13 16:19:48.525  2742  2742 I HoneySpace.RectFAnimation: animateToFinalPosition RectF(443.88843, 1735.5148, 636.1116, 1936.0995)
08-13 16:19:48.525  2742  2742 I HoneySpace.RectFAnimation: animateToFinalPosition RectF(449.05713, 1742.3082, 630.9429, 1926.5634)
08-13 16:19:48.526  2742  4754 I VRI[LauncherActivity]@3489192: mWNT: t=0xb40000760935be10 mBlastBufferQueue=0xb4000075190eebd0 fn= 26 HdrRenderState mRenderHdrSdrRatio=1.0 caller= com.android.systemui.shared.launcher.ViewRootImplCompat.mergeWithNextTransaction:4 com.honeyspace.transition.utils.SurfaceTransactionApplier.scheduleApply$lambda$1:26 com.honeyspace.transition.utils.SurfaceTransactionApplier.b:0
08-13 16:19:48.530  5596  5677 D IdlingRegistry: Registering idling resources: [androidx.compose.ui.test.EspressoLink@fbab6a2]
08-13 16:19:48.532  2127  2127 D NavigationBar: setImeWindowStatus displayId=0 vis=0 backDisposition=0 showImeSwitcher=false imeShown=false
08-13 16:19:48.533  1282  3179 V WindowManager: Relayout Window{866bb5d u0 com.android.systemui.wallpapers.ImageWallpaper}: viewVisibility=0 req=-1x-1 ty=2013 d0
08-13 16:19:48.535  1111  1111 I SurfaceFlinger: [LayerHierarchy{RequestedLayerState{Task=2221#233617 z=3} no children}] reparent to OffscreenRoot
08-13 16:19:48.535  1111  1111 I SurfaceFlinger: [LayerHierarchy{RequestedLayerState{Task=2221#233617 z=3} no children}] RelativeParent to null
08-13 16:19:48.535  1111  1111 I SurfaceFlinger: [LayerHierarchy{RequestedLayerState{Task=2221#233581 z=3} 1 children}] reparent to OffscreenRoot
08-13 16:19:48.535  1111  1111 I SurfaceFlinger: [LayerHierarchy{RequestedLayerState{Task=2221#233581 z=3} 1 children}] RelativeParent to null
08-13 16:19:48.535  1111  1111 I SurfaceFlinger: [LayerHierarchy{RequestedLayerState{ActivityRecord{38bc2ed u0 com.example.cupcake/androidx.activity.ComponentActivity t2221}#233582} 1 children}] reparent to OffscreenRoot
08-13 16:19:48.535  1111  1111 I SurfaceFlinger: [LayerHierarchy{RequestedLayerState{ActivityRecord{38bc2ed u0 com.example.cupcake/androidx.activity.ComponentActivity t2221}#233582} 1 children}] RelativeParent to null
08-13 16:19:48.536  1111  1111 I SurfaceFlinger: id=233582 Removed ActivityRecord{38bc2ed u0 com.example.cupcake/androidx.activity.ComponentActivity t2221}#233582 (169)
08-13 16:19:48.536  5596  5677 W Settings: Setting always_finish_activities has moved from android.provider.Settings.System to android.provider.Settings.Global, returning read-only value.
08-13 16:19:48.537  1282  3179 V WindowManager: Relayout hash=866bb5d, pid=2127, syncId=-1: mAttrs={(0,0)(fillxfill) gr=TOP START CENTER layoutInDisplayCutoutMode=always ty=WALLPAPER fmt=RGBX_8888 wanim=0x1030323
08-13 16:19:48.537  1282  3179 V WindowManager:   fl=10318
08-13 16:19:48.537  1282  3179 V WindowManager:   pfl=14
08-13 16:19:48.537  1282  3179 V WindowManager:   bhv=1
08-13 16:19:48.537  1282  3179 V WindowManager:   frameRateBoostOnTouch=true
08-13 16:19:48.537  1282  3179 V WindowManager:   dvrrWindowFrameRateHint=true naviIconColor=0}
08-13 16:19:48.538  2127  2436 I BLASTBufferQueue_Java: update, w= 1080 h= 2340 mName = Wallpaper mNativeObject= 0xb4000075190bd210 sc.mNativeObject= 0xb4000076190b77d0 format= 2 caller= android.service.wallpaper.WallpaperService$Engine.getOrCreateBLASTSurface:2887 android.service.wallpaper.WallpaperService$Engine.updateSurface:1643 android.service.wallpaper.WallpaperService$IWallpaperEngineWrapper.handleResized:3483 android.service.wallpaper.WallpaperService$IWallpaperEngineWrapper.executeMessage:3402 com.android.internal.os.HandlerCaller$MyHandler.handleMessage:44 android.os.Handler.dispatchMessage:107
08-13 16:19:48.538  2127  2436 I BLASTBufferQueue: [Wallpaper#1](f:0,a:1,s:0) update width=1080 height=2340 format=2 mTransformHint=0
08-13 16:19:48.539  2742  2101 I HoneySpace.RecentTasks: onRecentTasksChanged
08-13 16:19:48.545  2742  2742 I HoneySpace.TaskListViewModel: onTaskRemoved : 2221
08-13 16:19:48.546  2742  2742 I HoneySpace.TaskListViewModel: onTaskRemoved : 2221
08-13 16:19:48.546  1111  1111 I SurfaceFlinger: destroyed e19c517 ActivityRecordInputSink com.example.cupcake/androidx.activity.ComponentActivity#233590
08-13 16:19:48.546  2742  2742 I HoneySpace.TaskListPot: taskRemoveId, taskId = 2221
08-13 16:19:48.546  1111  1111 I SurfaceFlinger: destroyed ActivityRecord{38bc2ed u0 com.example.cupcake/androidx.activity.ComponentActivity t2221}#233582
08-13 16:19:48.546  2742  2742 I HoneySpace.StackRecentsView: INVALID_TASK_POSITION 2221
08-13 16:19:48.546  2742  4755 I VRI[LauncherActivity]@3489192: mWNT: t=0xb400007609358ed0 mBlastBufferQueue=0xb4000075190eebd0 fn= 27 HdrRenderState mRenderHdrSdrRatio=1.0 caller= com.android.systemui.shared.launcher.ViewRootImplCompat.mergeWithNextTransaction:4 com.honeyspace.transition.utils.SurfaceTransactionApplier.scheduleApply$lambda$1:26 com.honeyspace.transition.utils.SurfaceTransactionApplier.b:0
08-13 16:19:48.547  2742  2742 I HoneySpace.TaskListViewModel: onTaskRemoved : 2221
08-13 16:19:48.547  2742  2742 I HoneySpace.TaskListViewModel: onTaskRemoved : 2221
08-13 16:19:48.547  2742  2742 I HoneySpace.TaskListPot: taskRemoveId, taskId = 2221
08-13 16:19:48.547  2742  2742 I HoneySpace.StackRecentsView: INVALID_TASK_POSITION 2221
08-13 16:19:48.548  1111  1111 I Layer   : id=233590 Destroyed e19c517 ActivityRecordInputSink com.example.cupcake/androidx.activity.ComponentActivity#233590
08-13 16:19:48.548  1111  1111 I Layer   : id=233582 Destroyed ActivityRecord{38bc2ed u0 com.example.cupcake/androidx.activity.ComponentActivity t2221}#233582
08-13 16:19:48.548  2742  2742 I HoneySpace.RectFAnimation: animateToFinalPosition RectF(449.05713, 1759.963, 630.9429, 1944.2181)
08-13 16:19:48.549  2742  2742 I HoneySpace.RectFAnimation: animateToFinalPosition RectF(453.9711, 1765.8777, 626.02893, 1935.9158)
08-13 16:19:48.553  2742  2887 I HoneySpace.TopTaskSource: onTaskRemoved: 2221
08-13 16:19:48.556  2742  2887 I HoneySpace.TopTaskSource: onTaskRemoved: 2221
08-13 16:19:48.565  2742  2101 I HoneySpace.HistoryViewModel@160600677@OneUI: Illegal access. Unknown type. skip load history items
08-13 16:19:48.571  2742  2742 I HoneySpace.RectFAnimation: animateToFinalPosition RectF(453.9711, 1778.5294, 626.02893, 1948.5675)
08-13 16:19:48.571  2742  2742 I HoneySpace.RectFAnimation: animateToFinalPosition RectF(457.4549, 1782.0872, 622.5451, 1943.5735)
08-13 16:19:48.574  2742  4754 I VRI[LauncherActivity]@3489192: mWNT: t=0xb400007609346c50 mBlastBufferQueue=0xb4000075190eebd0 fn= 28 HdrRenderState mRenderHdrSdrRatio=1.0 caller= com.android.systemui.shared.launcher.ViewRootImplCompat.mergeWithNextTransaction:4 com.honeyspace.transition.utils.SurfaceTransactionApplier.scheduleApply$lambda$1:26 com.honeyspace.transition.utils.SurfaceTransactionApplier.b:0
08-13 16:19:48.582  2742  4755 I VRI[LauncherActivity]@3489192: mWNT: t=0xb400007609385a90 mBlastBufferQueue=0xb4000075190eebd0 fn= 29 HdrRenderState mRenderHdrSdrRatio=1.0 caller= com.android.systemui.shared.launcher.ViewRootImplCompat.mergeWithNextTransaction:4 com.honeyspace.transition.utils.SurfaceTransactionApplier.scheduleApply$lambda$1:26 com.honeyspace.transition.utils.SurfaceTransactionApplier.b:0
08-13 16:19:48.583  2742  2742 I HoneySpace.RectFAnimation: animateToFinalPosition RectF(457.4549, 1787.058, 622.5451, 1948.5443)
08-13 16:19:48.583  2742  2742 I HoneySpace.RectFAnimation: animateToFinalPosition RectF(458.83893, 1788.4714, 621.1611, 1946.5603)
08-13 16:19:48.585  2742  2742 I HoneySpace.WorkspaceViewModel: StartContentAnimation, type: AppClose, inProgress: false
08-13 16:19:48.586  2742  2742 I HoneySpace.HomescreenPot: playContentAnimator end, skip alpha: false, paramType = AppClose, state = com.honeyspace.sdk.HomeScreen$Normal@5a264ca -> com.honeyspace.sdk.HomeScreen$Normal@5a264ca
08-13 16:19:48.586  2742  2742 I StickerOperator: restoreOverlapStickers, 0, 171236902
08-13 16:19:48.586  2742  2742 I HoneySpace.HoneyScreenManagerImpl: transitionAnimator is ended, onCancel: false
08-13 16:19:48.586  2742  2742 I HoneySpace.ContentsAnimator: ContentsAnimator end [189709763]
08-13 16:19:48.588  1282  1615 V GrammaticalInflectionUtils: AttributionSource: AttributionSource { uid = 10418, packageName = null, attributionTag = null, token = android.os.Binder@88f1d92, deviceId = 0, next = null } does not have READ_SYSTEM_GRAMMATICAL_GENDER permission.
08-13 16:19:48.588  1111  1162 I SurfaceFlinger: id=233617 Removed Task=2221#233617 (167)
08-13 16:19:48.589  2742  4754 I VRI[LauncherActivity]@3489192: mWNT: t=0xb400007609388490 mBlastBufferQueue=0xb4000075190eebd0 fn= 30 HdrRenderState mRenderHdrSdrRatio=1.0 caller= com.android.systemui.shared.launcher.ViewRootImplCompat.mergeWithNextTransaction:4 com.honeyspace.transition.utils.SurfaceTransactionApplier.scheduleApply$lambda$1:26 com.honeyspace.transition.utils.SurfaceTransactionApplier.b:0
08-13 16:19:48.591  2742  4789 I HoneySpace.SPayHandler: updateSpayHandler, show = true, defaultPage = true
08-13 16:19:48.591  2742  2742 I HoneySpace.RectFAnimation: animateToFinalPosition RectF(458.83893, 1791.5758, 621.1611, 1949.6647)
08-13 16:19:48.592  2742  2742 I HoneySpace.RectFAnimation: animateToFinalPosition RectF(459.71896, 1792.3969, 620.281, 1948.5123)
08-13 16:19:48.593  1111  1111 I SurfaceFlinger: destroyed Task=2221#233617
08-13 16:19:48.595  1111  1111 I Layer   : id=233617 Destroyed Task=2221#233617
08-13 16:19:48.598  1282  2936 I SemDvfsHyPerManager: acquire hyper - AMS_APP_SWITCH/1282@26, type = -999
08-13 16:19:48.598  1062  1149 I HYPER-HAL: [RequestManager.cpp]acquire(): Acquired ID : 856112  [1282 / 26]    HINT : AMS_APP_SWITCH    list :
08-13 16:19:48.602  2742  2742 I HoneySpace.RectFAnimation: animateToFinalPosition RectF(459.71896, 1795.29, 620.281, 1951.4055)
08-13 16:19:48.602  2742  2742 I HoneySpace.RectFAnimation: animateToFinalPosition RectF(460.5601, 1795.6952, 619.43994, 1950.8368)
08-13 16:19:48.606  1111  1163 I SurfaceFlinger: id=233618 createSurf, flag=24004, Task=2223#233618
08-13 16:19:48.609  2742  4755 I VRI[LauncherActivity]@3489192: mWNT: t=0xb400007609394510 mBlastBufferQueue=0xb4000075190eebd0 fn= 31 HdrRenderState mRenderHdrSdrRatio=1.0 caller= com.android.systemui.shared.launcher.ViewRootImplCompat.mergeWithNextTransaction:4 com.honeyspace.transition.utils.SurfaceTransactionApplier.scheduleApply$lambda$1:26 com.honeyspace.transition.utils.SurfaceTransactionApplier.b:0
08-13 16:19:48.612  4368  4368 I SemDvfsHyPerManager: acquire hyper - APP_START_SHORT/4368@14, type = -999
08-13 16:19:48.613  1062  1149 I HYPER-HAL: [RequestManager.cpp]acquire(): Acquired ID : 9603167  [4368 / 14]    HINT : APP_START    list : [TIMEOUT / 1500]
08-13 16:19:48.615  2742  2742 I HoneySpace.RectFAnimation: animateToFinalPosition RectF(460.5601, 1798.6869, 619.43994, 1953.8285)
08-13 16:19:48.615  2742  2742 I HoneySpace.RectFAnimation: animateToFinalPosition RectF(461.46948, 1799.125, 618.5305, 1953.2134)
08-13 16:19:48.615  1111  1732 I SurfaceFlinger: id=233619 createSurf, flag=84004, ActivityRecord{af9273 u0 com.example.cupcake/androidx.activity.ComponentActivity t2223}#233619
08-13 16:19:48.616  2742  4754 I VRI[LauncherActivity]@3489192: mWNT: t=0xb400007609358290 mBlastBufferQueue=0xb4000075190eebd0 fn= 32 HdrRenderState mRenderHdrSdrRatio=1.0 caller= com.android.systemui.shared.launcher.ViewRootImplCompat.mergeWithNextTransaction:4 com.honeyspace.transition.utils.SurfaceTransactionApplier.scheduleApply$lambda$1:26 com.honeyspace.transition.utils.SurfaceTransactionApplier.b:0
08-13 16:19:48.619  1111  1111 I SurfaceFlinger: [Task=2223#233618] attach to parent LayerHierarchy{RequestedLayerState{DefaultTaskDisplayArea_d0#11 parentId=10} 8 children}
08-13 16:19:48.619  1111  1111 I SurfaceFlinger: [ActivityRecord{af9273 u0 com.example.cupcake/androidx.activity.ComponentActivity t2223}#233619] attach to parent LayerHierarchy{RequestedLayerState{Task=2223#233618 parentId=11} 1 children}
08-13 16:19:48.628  2742  2742 I HoneySpace.RectFAnimation: animateToFinalPosition RectF(461.46948, 1801.3699, 618.5305, 1955.4583)
08-13 16:19:48.628  2742  2742 I HoneySpace.RectFAnimation: animateToFinalPosition RectF(462.20483, 1801.7241, 617.79517, 1954.9609)
08-13 16:19:48.628  2742  4755 I VRI[LauncherActivity]@3489192: mWNT: t=0xb400007609304b50 mBlastBufferQueue=0xb4000075190eebd0 fn= 33 HdrRenderState mRenderHdrSdrRatio=1.0 caller= com.android.systemui.shared.launcher.ViewRootImplCompat.mergeWithNextTransaction:4 com.honeyspace.transition.utils.SurfaceTransactionApplier.scheduleApply$lambda$1:26 com.honeyspace.transition.utils.SurfaceTransactionApplier.b:0
08-13 16:19:48.639  2742  2742 I HoneySpace.RectFAnimation: animateToFinalPosition RectF(462.20483, 1803.1293, 617.79517, 1956.3661)
08-13 16:19:48.639  2742  2742 I HoneySpace.RectFAnimation: animateToFinalPosition RectF(462.71432, 1803.3748, 617.28564, 1956.0215)
08-13 16:19:48.640  2742  4754 I VRI[LauncherActivity]@3489192: mWNT: t=0xb4000076092ce910 mBlastBufferQueue=0xb4000075190eebd0 fn= 34 HdrRenderState mRenderHdrSdrRatio=1.0 caller= com.android.systemui.shared.launcher.ViewRootImplCompat.mergeWithNextTransaction:4 com.honeyspace.transition.utils.SurfaceTransactionApplier.scheduleApply$lambda$1:26 com.honeyspace.transition.utils.SurfaceTransactionApplier.b:0
08-13 16:19:48.640  1282  1615 I SemDvfsHyPerManager: acquire hyper - AMS_APP_LAUNCH/1282@21, type = -999
08-13 16:19:48.641  1062  1149 I HYPER-HAL: [RequestManager.cpp]acquire(): Acquired ID : 849577  [1282 / 21]    HINT : AMS_APP_LAUNCH    list :
08-13 16:19:48.641  3157  3157 E pageboostd: Received HALT command code 2
08-13 16:19:48.648  2127  2334 I ViewRootImpl: dVRR is disabled
08-13 16:19:48.649  2127  2390 D NativeCustomFrequencyManager: [NativeCFMS] BpCustomFrequencyManager::BpCustomFrequencyManager()
08-13 16:19:48.652  1282  1908 D InputTransport: Input channel constructed: '327da48', fd=1026
08-13 16:19:48.652  1282  1908 D InputTransport: Input channel constructed: '327da48', fd=1032
08-13 16:19:48.652  1282  1908 D InputTransport: Input channel constructed: '327da48', fd=1035
08-13 16:19:48.652  1244  6944 I CameraService: onUidStateChanged: uid=10043, procState is changed. (0 -> 1)
08-13 16:19:48.654  1111  1732 I SurfaceFlinger: id=233620 createSurf, flag=84004, 327da48 Splash Screen com.example.cupcake#233620
08-13 16:19:48.657  2742  4755 I VRI[LauncherActivity]@3489192: mWNT: t=0xb4000076093915d0 mBlastBufferQueue=0xb4000075190eebd0 fn= 35 HdrRenderState mRenderHdrSdrRatio=1.0 caller= com.android.systemui.shared.launcher.ViewRootImplCompat.mergeWithNextTransaction:4 com.honeyspace.transition.utils.SurfaceTransactionApplier.scheduleApply$lambda$1:26 com.honeyspace.transition.utils.SurfaceTransactionApplier.b:0
08-13 16:19:48.658  1282  1908 D InputTransport: Input channel destroyed: '327da48', fd=1035
08-13 16:19:48.659  4368  4368 I SemDvfsHyPerManager: acquire hyper - APP_START/4368@16, type = -999
08-13 16:19:48.660  1062  1149 I HYPER-HAL: [RequestManager.cpp]acquire(): Acquired ID : 9611936  [4368 / 16]    HINT : APP_START    list :
08-13 16:19:48.660  2742  2742 I HoneySpace.CapturedBlurManager: capturedBlurView: pause(25347631)
08-13 16:19:48.660  2742  2742 I HoneySpace.Launcher: !@Boot_EBS_D: Launcher.onPause()
08-13 16:19:48.661  2742  2101 I HoneySpace.SPayHandler: updateSpayHandler launcher activity is paused false
08-13 16:19:48.661  2742  2742 I HoneySpace.Launcher: updateLauncherShowing true -> false
08-13 16:19:48.663  2127  2334 D InputTransport: Input channel constructed: '327da48', fd=447
08-13 16:19:48.663  2127  2334 I InsetsController: onStateChanged: host=Splash Screen com.example.cupcake, from=android.view.ViewRootImpl.setView:1999, state=InsetsState: {mDisplayFrame=Rect(0, 0 - 1080, 2340), mDisplayCutout=DisplayCutout{insets=Rect(0, 80 - 0, 0) waterfall=Insets{left=0, top=0, right=0, bottom=0} boundingRect={Bounds=[Rect(0, 0 - 0, 0), Rect(511, 0 - 569, 80), Rect(0, 0 - 0, 0), Rect(0, 0 - 0, 0)]} cutoutPathParserInfo={CutoutPathParserInfo{displayWidth=1080 displayHeight=2340 physicalDisplayWidth=1080 physicalDisplayHeight=2340 density={2.8125} cutoutSpec={M 0,0 M 0,7.822222222222222‬‬ a 10.31111111111111‬,10.31111111111111‬ 0 1,0 0,20.62222222222222‬ a 10.31111111111111‬,10.31111111111111‬ 0 1,0 0,-20.62222222222222‬ Z @dp} rotation={0} scale={1.0} physicalPixelDisplaySizeRatio={1.0}}} sideOverrides={}}, mRoundedCorners=RoundedCorners{[RoundedCorner{position=TopLeft, radius=113, center=Point(113, 113)}, RoundedCorner{position=TopRight, radius=113, center=Point(967, 113)}, RoundedCorner{position=BottomRight, radius=113, center=Point(967, 2227)}, RoundedCorner{position=BottomLeft, radius=113, center=Point(113, 2227)}]}  mRoundedCornerFrame=Rect(0, 0 - 1080, 2340), mPrivacyIndicatorBounds=PrivacyIndicatorBounds {static bounds=Rect(956, 0 - 1080, 80) rotation=0}, mDisplayShape=DisplayShape{ spec=-311912193 displayWidth=1080 displayHeight=2340 physicalPixelDisplaySizeRatio=1.0 rotation=0 offsetX=0 offsetY=0 scale=1.0}, mSources= { InsetsSource: {b9640000 mType=statusBars mFrame=[0,0][1080,80] mVisible=true mFlags= mSideHint=TOP mBoundingRects=null}, InsetsSource: {b9640005 mType=mandatorySystemGestures mFrame=[0,0][1080,114] mVisible=true mFlags= mSideHint=TOP mBoundingRects=null}, InsetsSource: {b9640006 mType=tappableElement mFrame=[0,0][1080,80] mVisible=true mFlags= mSideHint=TOP mBoundingRects=null}, InsetsSource: {d8440001 mType=navigationBars mFrame=[0,2298][1080,2340] mVisible=true mFlags=SUPPRESS_SCRIM mSideHint=BOTTOM mBoundingRects=null}, InsetsSource: {d8440004 mType=systemGestures mFrame=[0,0][63,2340] mVisible=true mFlags= mSideHint=LEFT mBoundingRects=null}, InsetsSource: {d8440005 mType=mandatorySystemGestures mFrame=[0,2250][1080,2340] mVisible=true mFlags= mSideHint=BOTTOM mBoundingRects=null}, InsetsSource: {d8440006 mType=tappableElement mFrame=[0,0][0,0] mVisible=true mFlags= mSideHint=NONE mBoundingRects=null}, InsetsSource: {d8440024 mType=systemGestures mFrame=[1017,0][1080,2340] mVisible=true mFlags= mSideHint=RIGHT mBoundingRects=null}, InsetsSource: {27 mType=displayCutout mFrame=[0,0][1080,80] mVisible=true mFlags= mSideHint=TOP mBoundingRects=null} }
08-13 16:19:48.664  2127  2334 I VRI[cupcake]@486860: synced displayState. AttachInfo displayState=2
08-13 16:19:48.668  1111  1111 I SurfaceFlinger: [327da48 Splash Screen com.example.cupcake#233620] attach to parent LayerHierarchy{RequestedLayerState{ActivityRecord{af9273 u0 com.example.cupcake/androidx.activity.ComponentActivity t2223}#233619 parentId=233618} 1 children}
08-13 16:19:48.673  1282  1615 D InputDispatcher: Focused application(0): ActivityRecord{af9273 u0 com.example.cupcake/androidx.activity.ComponentActivity t2223}
08-13 16:19:48.677  2742  2742 I HoneySpace.RectFAnimation: animateToFinalPosition RectF(462.71432, 1805.6272, 617.28564, 1958.2739)
08-13 16:19:48.677  2742  2742 I HoneySpace.RectFAnimation: animateToFinalPosition RectF(463.892, 1806.1945, 616.10803, 1957.4777)
08-13 16:19:48.678  1282  4807 D GraphicsStatsService: requestRenderEngineFor(com.example.cupcake)
08-13 16:19:48.682  2742  4754 I VRI[LauncherActivity]@3489192: mWNT: t=0xb400007609369e10 mBlastBufferQueue=0xb4000075190eebd0 fn= 36 HdrRenderState mRenderHdrSdrRatio=1.0 caller= com.android.systemui.shared.launcher.ViewRootImplCompat.mergeWithNextTransaction:4 com.honeyspace.transition.utils.SurfaceTransactionApplier.scheduleApply$lambda$1:26 com.honeyspace.transition.utils.SurfaceTransactionApplier.b:0
08-13 16:19:48.683  2742  2742 I HoneySpace.RectFAnimation: animateToFinalPosition RectF(463.892, 1806.2748, 616.10803, 1957.558)
08-13 16:19:48.683  2742  2742 I HoneySpace.RectFAnimation: animateToFinalPosition RectF(464.0163, 1806.3347, 615.9837, 1957.4739)
08-13 16:19:48.683  3974  4027 E d       : (Berry)(1.16)handleAudioPathTask() : can't get dual play mode - Attempt to invoke virtual method 'boolean android.bluetooth.BluetoothA2dp.semIsDualPlayMode()' on a null object reference
08-13 16:19:48.688  2742  4755 I VRI[LauncherActivity]@3489192: mWNT: t=0xb400007609324c10 mBlastBufferQueue=0xb4000075190eebd0 fn= 37 HdrRenderState mRenderHdrSdrRatio=1.0 caller= com.android.systemui.shared.launcher.ViewRootImplCompat.mergeWithNextTransaction:4 com.honeyspace.transition.utils.SurfaceTransactionApplier.scheduleApply$lambda$1:26 com.honeyspace.transition.utils.SurfaceTransactionApplier.b:0
08-13 16:19:48.690  2127  2334 I VRI[cupcake]@486860: setView = android.widget.FrameLayout@dbc73bf IsHRR=false TM=true
08-13 16:19:48.691  2127  2390 D HWUI    : HWUI - treat SMPTE_170M as sRGB
08-13 16:19:48.692  2742  2742 I HoneySpace.RectFAnimation: animateToFinalPosition RectF(464.0163, 1806.353, 615.9837, 1957.4922)
08-13 16:19:48.692  2742  2742 I HoneySpace.RectFAnimation: animateToFinalPosition RectF(464.17938, 1806.4316, 615.8206, 1957.3818)
08-13 16:19:48.697  1111  1111 I SurfaceFlinger: [LayerHierarchy{RequestedLayerState{ImeContainer#16 parentId=123 relativeParentId=123 z=1} 1 children}] RelativeParent to null
08-13 16:19:48.698  5596  5596 D LifecycleMonitor: Lifecycle status change: androidx.activity.ComponentActivity@2693a1 in: PRE_ON_CREATE
08-13 16:19:48.698  1111  1111 I BpBinder: onLastStrongRef automatically unlinking death recipients:
08-13 16:19:48.699  5596  5596 V ActivityScenario: Activity lifecycle changed event received but ignored because the reported transition was not ON_CREATE while the last known transition was PRE_ON_CREATE
08-13 16:19:48.700  1282  1615 V WindowManager: Relayout Window{327da48 u0 Splash Screen com.example.cupcake}: viewVisibility=0 req=1080x2340 ty=3 d0
08-13 16:19:48.700  1111  1163 I SurfaceFlinger: id=233621 createSurf, flag=44004, Splash Screen com.example.cupcake$_2127#233621
08-13 16:19:48.703  5596  5596 I DecorView: setWindowBackground: isPopOver=false color=fffafafa d=android.graphics.drawable.ColorDrawable@3a20c52
08-13 16:19:48.707  5596  5596 D LifecycleMonitor: Lifecycle status change: androidx.activity.ComponentActivity@2693a1 in: CREATED
08-13 16:19:48.708  5596  5596 V ActivityScenario: Update currentActivityStage to CREATED, currentActivity=androidx.activity.ComponentActivity@2693a1
08-13 16:19:48.708  5596  5596 D LifecycleMonitor: Lifecycle status change: androidx.activity.ComponentActivity@2693a1 in: STARTED
08-13 16:19:48.709  1111  1209 D SurfaceFlinger: [input] setFocusedWindow: <null>
08-13 16:19:48.709  1111  1111 I SurfaceFlinger: [Splash Screen com.example.cupcake$_2127#233621] attach to parent LayerHierarchy{RequestedLayerState{327da48 Splash Screen com.example.cupcake#233620 parentId=233619 z=2147483647} 1 children}
08-13 16:19:48.710  5596  5596 V ActivityScenario: Update currentActivityStage to STARTED, currentActivity=androidx.activity.ComponentActivity@2693a1
08-13 16:19:48.710  2742  2742 I HoneySpace.RectFAnimation: animateToFinalPosition RectF(464.17938, 1806.1708, 615.8206, 1957.121)
08-13 16:19:48.710  2742  2742 I HoneySpace.RectFAnimation: animateToFinalPosition RectF(464.43518, 1806.2941, 615.5648, 1956.9481)
08-13 16:19:48.711  5596  5596 D LifecycleMonitor: Lifecycle status change: androidx.activity.ComponentActivity@2693a1 in: RESUMED
08-13 16:19:48.711  5596  5596 V ActivityScenario: Update currentActivityStage to RESUMED, currentActivity=androidx.activity.ComponentActivity@2693a1
08-13 16:19:48.711  1282  1745 D InputDispatcher: Focus left window (0): c2c214a com.sec.android.app.launcher/com.sec.android.app.launcher.activities.LauncherActivity
08-13 16:19:48.712  2742  4754 I VRI[LauncherActivity]@3489192: mWNT: t=0xb40000760934a0d0 mBlastBufferQueue=0xb4000075190eebd0 fn= 38 HdrRenderState mRenderHdrSdrRatio=1.0 caller= com.android.systemui.shared.launcher.ViewRootImplCompat.mergeWithNextTransaction:4 com.honeyspace.transition.utils.SurfaceTransactionApplier.scheduleApply$lambda$1:26 com.honeyspace.transition.utils.SurfaceTransactionApplier.b:0
08-13 16:19:48.712  5596  5596 I ViewRootImpl: dVRR is disabled
08-13 16:19:48.714  1282  1615 V WindowManager: Relayout hash=327da48, pid=2127, syncId=-1: mAttrs={(0,0)(fillxfill) sim={adjust=pan} layoutInDisplayCutoutMode=always ty=APPLICATION_STARTING fmt=TRANSLUCENT wanim=0x1030312
08-13 16:19:48.714  1282  1615 V WindowManager:   fl=81030118
08-13 16:19:48.714  1282  1615 V WindowManager:   pfl=10000810
08-13 16:19:48.714  1282  1615 V WindowManager:   apr=18
08-13 16:19:48.714  1282  1615 V WindowManager:   bhv=1
08-13 16:19:48.714  1282  1615 V WindowManager:   fitSides=0
08-13 16:19:48.714  1282  1615 V WindowManager:   frameRateBoostOnTouch=true
08-13 16:19:48.714  1282  1615 V WindowManager:   dvrrWindowFrameRateHint=true naviIconColor=0}
08-13 16:19:48.714  1282  4807 D InputDispatcher: Once focus requested (0): <null>
08-13 16:19:48.714  5596  5687 D NativeCustomFrequencyManager: [NativeCFMS] BpCustomFrequencyManager::BpCustomFrequencyManager()
08-13 16:19:48.716  2742  2742 I ImeFocusController: onPreWindowFocus: skipped hasWindowFocus=false mHasImeFocus=true
08-13 16:19:48.717  2742  4755 I VRI[LauncherActivity]@3489192: mWNT: t=0xb400007609328e90 mBlastBufferQueue=0xb4000075190eebd0 fn= 39 HdrRenderState mRenderHdrSdrRatio=1.0 caller= com.android.systemui.shared.launcher.ViewRootImplCompat.mergeWithNextTransaction:4 com.honeyspace.transition.utils.SurfaceTransactionApplier.scheduleApply$lambda$1:26 com.honeyspace.transition.utils.SurfaceTransactionApplier.b:0
08-13 16:19:48.718  1282  1967 D AS.MultiSoundManager: mForegroundUid = 10418
08-13 16:19:48.718  2127  2334 I InsetsController: onStateChanged: host=Splash Screen com.example.cupcake, from=android.view.ViewRootImpl.relayoutWindow:11304, state=InsetsState: {mDisplayFrame=Rect(0, 0 - 1080, 2340), mDisplayCutout=DisplayCutout{insets=Rect(0, 80 - 0, 0) waterfall=Insets{left=0, top=0, right=0, bottom=0} boundingRect={Bounds=[Rect(0, 0 - 0, 0), Rect(511, 0 - 569, 80), Rect(0, 0 - 0, 0), Rect(0, 0 - 0, 0)]} cutoutPathParserInfo={CutoutPathParserInfo{displayWidth=1080 displayHeight=2340 physicalDisplayWidth=1080 physicalDisplayHeight=2340 density={2.8125} cutoutSpec={M 0,0 M 0,7.822222222222222‬‬ a 10.31111111111111‬,10.31111111111111‬ 0 1,0 0,20.62222222222222‬ a 10.31111111111111‬,10.31111111111111‬ 0 1,0 0,-20.62222222222222‬ Z @dp} rotation={0} scale={1.0} physicalPixelDisplaySizeRatio={1.0}}} sideOverrides={}}, mRoundedCorners=RoundedCorners{[RoundedCorner{position=TopLeft, radius=113, center=Point(113, 113)}, RoundedCorner{position=TopRight, radius=113, center=Point(967, 113)}, RoundedCorner{position=BottomRight, radius=113, center=Point(967, 2227)}, RoundedCorner{position=BottomLeft, radius=113, center=Point(113, 2227)}]}  mRoundedCornerFrame=Rect(0, 0 - 1080, 2340), mPrivacyIndicatorBounds=PrivacyIndicatorBounds {static bounds=Rect(956, 0 - 1080, 80) rotation=0}, mDisplayShape=DisplayShape{ spec=-311912193 displayWidth=1080 displayHeight=2340 physicalPixelDisplaySizeRatio=1.0 rotation=0 offsetX=0 offsetY=0 scale=1.0}, mSources= { InsetsSource: {b9640000 mType=statusBars mFrame=[0,0][1080,80] mVisible=true mFlags= mSideHint=TOP mBoundingRects=null}, InsetsSource: {b9640005 mType=mandatorySystemGestures mFrame=[0,0][1080,114] mVisible=true mFlags= mSideHint=TOP mBoundingRects=null}, InsetsSource: {b9640006 mType=tappableElement mFrame=[0,0][1080,80] mVisible=true mFlags= mSideHint=TOP mBoundingRects=null}, InsetsSource: {d8440001 mType=navigationBars mFrame=[0,2298][1080,2340] mVisible=true mFlags=SUPPRESS_SCRIM mSideHint=BOTTOM mBoundingRects=null}, InsetsSource: {d8440004 mType=systemGestures mFrame=[0,0][63,2340] mVisible=true mFlags= mSideHint=LEFT mBoundingRects=null}, InsetsSource: {d8440005 mType=mandatorySystemGestures mFrame=[0,2250][1080,2340] mVisible=true mFlags= mSideHint=BOTTOM mBoundingRects=null}, InsetsSource: {d8440006 mType=tappableElement mFrame=[0,0][0,0] mVisible=true mFlags= mSideHint=NONE mBoundingRects=null}, InsetsSource: {d8440024 mType=systemGestures mFrame=[1017,0][1080,2340] mVisible=true mFlags= mSideHint=RIGHT mBoundingRects=null}, InsetsSource: {3 mType=ime mFrame=[0,0][0,0] mVisible=false mFlags= mSideHint=NONE mBoundingRects=null}, InsetsSource: {27 mType=displayCutout mFrame=[0,0][1080,80] mVisible=true mFlags= mSideHint=TOP mBoundingRects=null} }
08-13 16:19:48.722  2127  2334 I BLASTBufferQueue_Java: new BLASTBufferQueue, mName= VRI[cupcake]@486860 mNativeObject= 0xb400007519109b10 sc.mNativeObject= 0xb400007619105950 caller= android.view.ViewRootImpl.updateBlastSurfaceIfNeeded:3397 android.view.ViewRootImpl.relayoutWindow:11361 android.view.ViewRootImpl.performTraversals:4544 android.view.ViewRootImpl.doTraversal:3708 android.view.ViewRootImpl$TraversalRunnable.run:12542 android.view.Choreographer$CallbackRecord.run:1751 android.view.Choreographer$CallbackRecord.run:1760 android.view.Choreographer.doCallbacks:1216 android.view.Choreographer.doFrame:1142 android.view.Choreographer$FrameDisplayEventReceiver.run:1707
08-13 16:19:48.722  2127  2334 I BLASTBufferQueue_Java: update, w= 1080 h= 2340 mName = VRI[cupcake]@486860 mNativeObject= 0xb400007519109b10 sc.mNativeObject= 0xb400007619105950 format= -3 caller= android.graphics.BLASTBufferQueue.<init>:88 android.view.ViewRootImpl.updateBlastSurfaceIfNeeded:3397 android.view.ViewRootImpl.relayoutWindow:11361 android.view.ViewRootImpl.performTraversals:4544 android.view.ViewRootImpl.doTraversal:3708 android.view.ViewRootImpl$TraversalRunnable.run:12542
08-13 16:19:48.723  2127  2334 I VRI[cupcake]@486860: Relayout returned: old=(0,0,1080,2340) new=(0,0,1080,2340) relayoutAsync=false req=(1080,2340)0 dur=22 res=0x3 s={true 0xb4000075e94c8330} ch=true seqId=0
08-13 16:19:48.723  2127  2334 I VRI[cupcake]@486860: performConfigurationChange setNightDimText nightDimLevel=0
08-13 16:19:48.723  2742  2742 I ImeFocusController: onPostWindowFocus: skipped hasWindowFocus=false mHasImeFocus=true
08-13 16:19:48.723  2127  2334 D VRI[cupcake]@486860: mThreadedRenderer.initialize() mSurface={isValid=true 0xb4000075e94c8330} hwInitialized=true
08-13 16:19:48.723  2742  2742 I HoneySpace.RectFAnimation: animateToFinalPosition RectF(464.43518, 1805.8862, 615.5648, 1956.5403)
08-13 16:19:48.724  2742  2742 I HoneySpace.RectFAnimation: animateToFinalPosition RectF(464.58255, 1805.9572, 615.4175, 1956.4406)
08-13 16:19:48.724  2127  2334 D VRI[cupcake]@486860: reportNextDraw android.view.ViewRootImpl.performTraversals:5193 android.view.ViewRootImpl.doTraversal:3708 android.view.ViewRootImpl$TraversalRunnable.run:12542 android.view.Choreographer$CallbackRecord.run:1751 android.view.Choreographer$CallbackRecord.run:1760
08-13 16:19:48.725  2127  2334 D VRI[cupcake]@486860: Setup new sync=wmsSync-VRI[cupcake]@486860#84
08-13 16:19:48.725  2127  2334 I VRI[cupcake]@486860: Creating new active sync group VRI[cupcake]@486860#85
08-13 16:19:48.727  2127  2334 D VRI[cupcake]@486860: registerCallbacksForSync syncBuffer=false
08-13 16:19:48.727  2742  4754 I VRI[LauncherActivity]@3489192: mWNT: t=0xb400007609394190 mBlastBufferQueue=0xb4000075190eebd0 fn= 40 HdrRenderState mRenderHdrSdrRatio=1.0 caller= com.android.systemui.shared.launcher.ViewRootImplCompat.mergeWithNextTransaction:4 com.honeyspace.transition.utils.SurfaceTransactionApplier.scheduleApply$lambda$1:26 com.honeyspace.transition.utils.SurfaceTransactionApplier.b:0
08-13 16:19:48.728  2127  2938 D VRI[cupcake]@486860: Received frameDrawingCallback syncResult=0 frameNum=1.
08-13 16:19:48.728  2127  2938 I VRI[cupcake]@486860: mWNT: t=0xb400007609263450 mBlastBufferQueue=0xb400007519109b10 fn= 1 HdrRenderState mRenderHdrSdrRatio=1.0 caller= android.view.ViewRootImpl$11.onFrameDraw:15016 android.view.ThreadedRenderer$1.onFrameDraw:761 <bottom of call stack>
08-13 16:19:48.728  2127  2938 I VRI[cupcake]@486860: Setting up sync and frameCommitCallback
08-13 16:19:48.729  2742  2887 I HoneySpace.TopTaskSource: onTaskMovedToFront : taskId = 2223, displayId = 0
08-13 16:19:48.730  6225  4427 I NetworkScheduler.Stats: (REDACTED) Task %s/%s started execution. cause:%s exec_start_elapsed_seconds: %s
08-13 16:19:48.731  2127  2390 I BLASTBufferQueue: [VRI[cupcake]@486860#13523](f:0,a:0,s:0) onFrameAvailable the first frame is available
08-13 16:19:48.731  2742  2889 I HoneySpace.TopTaskUseCase: topTaskId 2223, DisplayId : 0
08-13 16:19:48.731  2127  2390 I VRI[cupcake]@486860: Received frameCommittedCallback lastAttemptedDrawFrameNum=1 didProduceBuffer=true
08-13 16:19:48.732  2127  2390 D HWUI    : CFMS:: SetUp Pid : 2127    Tid : 2390
08-13 16:19:48.733  2127  2334 D VRI[cupcake]@486860: reportDrawFinished seqId=0
08-13 16:19:48.735  2742  2742 I HoneySpace.RectFAnimation: animateToFinalPosition RectF(464.58255, 1805.5486, 615.4175, 1956.032)
08-13 16:19:48.735  2742  2742 I HoneySpace.RectFAnimation: animateToFinalPosition RectF(464.6736, 1805.5925, 615.3264, 1955.9705)
08-13 16:19:48.738  1282  1336 I system_server: Background concurrent mark compact GC freed 43MB AllocSpace bytes, 302(7528KB) LOS objects, 25% free, 139MB/187MB, paused 6.774ms,32.644ms total 953.377ms
08-13 16:19:48.738  1282  1615 D InputTransport: Input channel constructed: 'f3ff9f9', fd=1035
08-13 16:19:48.739  1282  1615 D InputTransport: Input channel constructed: 'f3ff9f9', fd=1061
08-13 16:19:48.739  1111  1732 I SurfaceFlinger: [Splash Screen com.example.cupcake$_2127#233621] setTransactionState with the first frame. bufferData(ID: 9135395538168, frameNumber: 1)
08-13 16:19:48.739  1282  1615 D InputTransport: Input channel constructed: 'f3ff9f9', fd=1066
08-13 16:19:48.740  1111  1732 I SurfaceFlinger: id=233622 createSurf, flag=84004, f3ff9f9 com.example.cupcake/androidx.activity.ComponentActivity#233622
08-13 16:19:48.741  6207  2125 I PlayGamesServices[GamesSyncAdapter]: Starting sync for ad0b0afa
08-13 16:19:48.741  2742  2742 I HoneySpace.RectFAnimation: animateToFinalPosition RectF(464.6736, 1805.3453, 615.3264, 1955.7233)
08-13 16:19:48.741  2742  2742 I HoneySpace.RectFAnimation: animateToFinalPosition RectF(464.71567, 1805.3656, 615.2843, 1955.6947)
08-13 16:19:48.743  6207  2125 I PlayGamesServices[GamesSyncAdapter]: Sync duration for ad0b0afa: 1
08-13 16:19:48.744  1282  1615 D InputTransport: Input channel destroyed: 'f3ff9f9', fd=1066
08-13 16:19:48.744  2742  4755 I VRI[LauncherActivity]@3489192: mWNT: t=0xb4000076092087d0 mBlastBufferQueue=0xb4000075190eebd0 fn= 41 HdrRenderState mRenderHdrSdrRatio=1.0 caller= com.android.systemui.shared.launcher.ViewRootImplCompat.mergeWithNextTransaction:4 com.honeyspace.transition.utils.SurfaceTransactionApplier.scheduleApply$lambda$1:26 com.honeyspace.transition.utils.SurfaceTransactionApplier.b:0
08-13 16:19:48.748  1111  1111 I SurfaceFlinger: [f3ff9f9 com.example.cupcake/androidx.activity.ComponentActivity#233622] attach to parent LayerHierarchy{RequestedLayerState{ActivityRecord{af9273 u0 com.example.cupcake/androidx.activity.ComponentActivity t2223}#233619 parentId=233618} 2 children}
08-13 16:19:48.748  2127  2127 D InterruptionStateProvider:  no Heads up : edgelighting enabled app. 0|com.samsung.android.app.smartcapture|1332|null|10190
08-13 16:19:48.749  5596  5596 D InputTransport: Input channel constructed: 'f3ff9f9', fd=134
08-13 16:19:48.750  5596  5596 I InsetsController: onStateChanged: host=com.example.cupcake/androidx.activity.ComponentActivity, from=android.view.ViewRootImpl.setView:1999, state=InsetsState: {mDisplayFrame=Rect(0, 0 - 1080, 2340), mDisplayCutout=DisplayCutout{insets=Rect(0, 80 - 0, 0) waterfall=Insets{left=0, top=0, right=0, bottom=0} boundingRect={Bounds=[Rect(0, 0 - 0, 0), Rect(511, 0 - 569, 80), Rect(0, 0 - 0, 0), Rect(0, 0 - 0, 0)]} cutoutPathParserInfo={CutoutPathParserInfo{displayWidth=1080 displayHeight=2340 physicalDisplayWidth=1080 physicalDisplayHeight=2340 density={2.8125} cutoutSpec={M 0,0 M 0,7.822222222222222‬‬ a 10.31111111111111‬,10.31111111111111‬ 0 1,0 0,20.62222222222222‬ a 10.31111111111111‬,10.31111111111111‬ 0 1,0 0,-20.62222222222222‬ Z @dp} rotation={0} scale={1.0} physicalPixelDisplaySizeRatio={1.0}}} sideOverrides={}}, mRoundedCorners=RoundedCorners{[RoundedCorner{position=TopLeft, radius=113, center=Point(113, 113)}, RoundedCorner{position=TopRight, radius=113, center=Point(967, 113)}, RoundedCorner{position=BottomRight, radius=113, center=Point(967, 2227)}, RoundedCorner{position=BottomLeft, radius=113, center=Point(113, 2227)}]}  mRoundedCornerFrame=Rect(0, 0 - 1080, 2340), mPrivacyIndicatorBounds=PrivacyIndicatorBounds {static bounds=Rect(956, 0 - 1080, 80) rotation=0}, mDisplayShape=DisplayShape{ spec=-311912193 displayWidth=1080 displayHeight=2340 physicalPixelDisplaySizeRatio=1.0 rotation=0 offsetX=0 offsetY=0 scale=1.0}, mSources= { InsetsSource: {b9640000 mType=statusBars mFrame=[0,0][1080,80] mVisible=true mFlags= mSideHint=TOP mBoundingRects=null}, InsetsSource: {b9640005 mType=mandatorySystemGestures mFrame=[0,0][1080,114] mVisible=true mFlags= mSideHint=TOP mBoundingRects=null}, InsetsSource: {b9640006 mType=tappableElement mFrame=[0,0][1080,80] mVisible=true mFlags= mSideHint=TOP mBoundingRects=null}, InsetsSource: {d8440001 mType=navigationBars mFrame=[0,2298][1080,2340] mVisible=true mFlags=SUPPRESS_SCRIM mSideHint=BOTTOM mBoundingRects=null}, InsetsSource: {d8440004 mType=systemGestures mFrame=[0,0][63,2340] mVisible=true mFlags= mSideHint=LEFT mBoundingRects=null}, InsetsSource: {d8440005 mType=mandatorySystemGestures mFrame=[0,2250][1080,2340] mVisible=true mFlags= mSideHint=BOTTOM mBoundingRects=null}, InsetsSource: {d8440006 mType=tappableElement mFrame=[0,0][0,0] mVisible=true mFlags= mSideHint=NONE mBoundingRects=null}, InsetsSource: {d8440024 mType=systemGestures mFrame=[1017,0][1080,2340] mVisible=true mFlags= mSideHint=RIGHT mBoundingRects=null}, InsetsSource: {3 mType=ime mFrame=[0,0][0,0] mVisible=false mFlags= mSideHint=NONE mBoundingRects=null}, InsetsSource: {27 mType=displayCutout mFrame=[0,0][1080,80] mVisible=true mFlags= mSideHint=TOP mBoundingRects=null} }
08-13 16:19:48.750  2127  2127 D SubscreenNotificationListCoordinator: onAfterRenderList() isSubScreen = false, pluginLockMode = 0, doNotShowOnCover = false
08-13 16:19:48.750  5596  5596 I VRI[ComponentActivity]@964f64c: synced displayState. AttachInfo displayState=2
08-13 16:19:48.751  2127  2127 I LockscreenNotificationIconsOnlyController: onNotificationInfoUpdated 0
08-13 16:19:48.751  2127  2127 I AODNotificationManager: updateNotification()
08-13 16:19:48.755  2742  2742 I HoneySpace.RectFAnimation: animateToFinalPosition RectF(464.71567, 1804.742, 615.2843, 1955.071)
08-13 16:19:48.755  1282  1444 D PkgPredictorService-SecIpmManagerServiceImpl: onForegroundActivitiesChanged pid:5596 uid:10418
08-13 16:19:48.755  2742  4754 I VRI[LauncherActivity]@3489192: mWNT: t=0xb4000076092fa890 mBlastBufferQueue=0xb4000075190eebd0 fn= 42 HdrRenderState mRenderHdrSdrRatio=1.0 caller= com.android.systemui.shared.launcher.ViewRootImplCompat.mergeWithNextTransaction:4 com.honeyspace.transition.utils.SurfaceTransactionApplier.scheduleApply$lambda$1:26 com.honeyspace.transition.utils.SurfaceTransactionApplier.b:0
08-13 16:19:48.755  2742  2742 I HoneySpace.RectFAnimation: animateToFinalPosition RectF(464.79633, 1804.7808, 615.2037, 1955.0166)
08-13 16:19:48.756  2742  6184 I HoneySpace.NotificationListener: onNotificationPosted com.samsung.android.app.smartcapture: 0|com.samsung.android.app.smartcapture|1332|null|10190: 0
08-13 16:19:48.756  2742  6184 I HoneySpace.BadgeDataSourceImpl: Get notification count. PK(p='com.samsung.android.app.smartcapture', u=UserHandle{0}) - forceBadgeCount: false, notification listener: 1, badge provider: 0
08-13 16:19:48.757  1062  6019 I HYPER-HAL: [RequestManager.cpp]releaseLocked(): Released ID : 857422
08-13 16:19:48.761  2742  2108 I HoneySpace.RecentTasks: onRecentTasksChanged
08-13 16:19:48.762 22781 22781 I bmex    : onPause
08-13 16:19:48.763 21624 21938 I Rubin   : [92] U9.g.x(Unknown Source) : Notify com.samsung.android.rubin.inferenceengine.contextanalytics.engine.loggers.AppUsageLogger's database is updated.
08-13 16:19:48.765  2742  1823 I HoneySpace.RecentTasks: onRecentTasksChanged
08-13 16:19:48.767  2742  2742 I HoneySpace.RectFAnimation: animateToFinalPosition RectF(464.79633, 1804.2129, 615.2037, 1954.4487)
08-13 16:19:48.767  2742  2742 I HoneySpace.RectFAnimation: animateToFinalPosition RectF(464.84937, 1804.2385, 615.15063, 1954.4128)
08-13 16:19:48.770  2742  4755 I VRI[LauncherActivity]@3489192: mWNT: t=0xb4000076092c2510 mBlastBufferQueue=0xb4000075190eebd0 fn= 43 HdrRenderState mRenderHdrSdrRatio=1.0 caller= com.android.systemui.shared.launcher.ViewRootImplCompat.mergeWithNextTransaction:4 com.honeyspace.transition.utils.SurfaceTransactionApplier.scheduleApply$lambda$1:26 com.honeyspace.transition.utils.SurfaceTransactionApplier.b:0
08-13 16:19:48.771  1282  1444 D NetworkPolicy: already checked 10418
08-13 16:19:48.772  5596  5596 I VRI[ComponentActivity]@964f64c: setView = com.android.internal.policy.DecorView@3621b9b IsHRR=false TM=true
08-13 16:19:48.773  5596  5687 D HWUI    : HWUI - treat SMPTE_170M as sRGB
08-13 16:19:48.784  1111  1730 I SurfaceFlinger: id=233623 createSurf, flag=84004, Transition Root: Task=2223#233623
08-13 16:19:48.784  2742  4754 I VRI[LauncherActivity]@3489192: mWNT: t=0xb4000076092c1010 mBlastBufferQueue=0xb4000075190eebd0 fn= 44 HdrRenderState mRenderHdrSdrRatio=1.0 caller= com.android.systemui.shared.launcher.ViewRootImplCompat.mergeWithNextTransaction:4 com.honeyspace.transition.utils.SurfaceTransactionApplier.scheduleApply$lambda$1:26 com.honeyspace.transition.utils.SurfaceTransactionApplier.b:0
08-13 16:19:48.784  2742  2742 I HoneySpace.RectFAnimation: animateToFinalPosition RectF(464.84937, 1803.3661, 615.15063, 1953.5404)
08-13 16:19:48.784  2742  2742 I HoneySpace.RectFAnimation: animateToFinalPosition RectF(465.0, 1803.4386, 615.0, 1953.4386)
08-13 16:19:48.788  1282  1338 W system_server: ApkAssets: Deleting an ApkAssets object '<empty> and /data/app/~~a8tuY3NoPLKebWIz5ivEnQ==/com.google.android.tts-Owu_S-AAfGUFDkFuWWJXYA==/base.apk' with 1 weak references
08-13 16:19:48.789  1282  1447 I SurfaceControlRegistry: show, t=StartTransaction_SyncId<20531> sc=ActivityRecord{af9273 u0 com.example.cupcake/androidx.activity.ComponentActivity t2223}, caller=android.view.SurfaceControl$Transaction.show:3232 com.android.server.wm.Transition.onTransactionReady:2273 com.android.server.wm.BLASTSyncEngine$SyncGroup.finishNow:195 com.android.server.wm.BLASTSyncEngine.onSurfacePlacement:269 com.android.server.wm.RootWindowContainer.performSurfacePlacementNoTrace:459 com.android.server.wm.RootWindowContainer.performSurfacePlacement:9
08-13 16:19:48.790  2742  4755 I VRI[LauncherActivity]@3489192: mWNT: t=0xb400007609322e50 mBlastBufferQueue=0xb4000075190eebd0 fn= 45 HdrRenderState mRenderHdrSdrRatio=1.0 caller= com.android.systemui.shared.launcher.ViewRootImplCompat.mergeWithNextTransaction:4 com.honeyspace.transition.utils.SurfaceTransactionApplier.scheduleApply$lambda$1:26 com.honeyspace.transition.utils.SurfaceTransactionApplier.b:0
08-13 16:19:48.792  2742  2742 I HoneySpace.RectFAnimation: animateToFinalPosition RectF(465.0, 1803.1006, 615.0, 1953.1006)
08-13 16:19:48.793  1111  1111 I SurfaceFlinger: [Transition Root: Task=2223#233623] attach to parent LayerHierarchy{RequestedLayerState{DefaultTaskDisplayArea_d0#11 parentId=10} 9 children}
08-13 16:19:48.795  1282  1338 W system_server: ApkAssets: Deleting an ApkAssets object '<empty> and /data/app/~~a8tuY3NoPLKebWIz5ivEnQ==/com.google.android.tts-Owu_S-AAfGUFDkFuWWJXYA==/split_config.arm64_v8a.apk' with 1 weak references
08-13 16:19:48.796  1282  1338 W system_server: ApkAssets: Deleting an ApkAssets object '<empty> and /data/app/~~a8tuY3NoPLKebWIz5ivEnQ==/com.google.android.tts-Owu_S-AAfGUFDkFuWWJXYA==/split_config.tr.apk' with 1 weak references
08-13 16:19:48.796  1282  1338 W system_server: ApkAssets: Deleting an ApkAssets object '<empty> and /data/app/~~a8tuY3NoPLKebWIz5ivEnQ==/com.google.android.tts-Owu_S-AAfGUFDkFuWWJXYA==/split_config.xxhdpi.apk' with 1 weak references
08-13 16:19:48.796  1282  1338 W system_server: ApkAssets: Deleting an ApkAssets object '<empty> and /data/app/~~aZjbZZBzhlKuA4kl-9v6NQ==/com.samsung.android.honeyboard-6ixsjxL7h21j1M6_rD73tw==/base.apk' with 1 weak references
08-13 16:19:48.800  1282  1338 W System  : A resource failed to call HardwareBuffer.close.
08-13 16:19:48.800  6225  4821 I NetworkScheduler.Stats: (REDACTED) Task %s/%s finished executing. cause:%s result: %s elapsed_millis: %s uptime_millis: %s exec_start_elapsed_seconds: %s
08-13 16:19:48.800  2742  2742 I HoneySpace.RectFAnimation: animateToFinalPosition RectF(465.0, 1802.719, 615.0, 1952.719)
08-13 16:19:48.801  1282  1338 W System  : A resource failed to call release.
08-13 16:19:48.801  1111  1111 E SurfaceFlinger: alpha changed 0.000 -> 0.000 - Surface(name=Task=2222)/@0xd823c09_transition-leash#233613
08-13 16:19:48.801  2742  4754 I VRI[LauncherActivity]@3489192: mWNT: t=0xb4000076092f6ed0 mBlastBufferQueue=0xb4000075190eebd0 fn= 46 HdrRenderState mRenderHdrSdrRatio=1.0 caller= com.android.systemui.shared.launcher.ViewRootImplCompat.mergeWithNextTransaction:4 com.honeyspace.transition.utils.SurfaceTransactionApplier.scheduleApply$lambda$1:26 com.honeyspace.transition.utils.SurfaceTransactionApplier.b:0
08-13 16:19:48.806  1111  1223 I SurfaceFlinger: id=233624 createSurf, flag=24000, Surface(name=8a94d40 NavigationBar0)/@0x65d636d - animation-leash of insets_animation#233624
08-13 16:19:48.808  1111  1730 I SurfaceFlinger: id=233625 createSurf, flag=24000, Surface(name=e0324bb StatusBar)/@0x8487ff0 - animation-leash of insets_animation#233625
08-13 16:19:48.808  2742  2742 I HoneySpace.RectFAnimation: animateToFinalPosition RectF(465.0, 1802.3448, 615.0, 1952.3448)
08-13 16:19:48.809  1111  1111 D SurfaceFlinger: Display 4633128672291735932 HWC layers:
08-13 16:19:48.809  1111  1111 D SurfaceFlinger:        DEVICE |   0xb4000079e28c6110 | 0000 | RGBA_8888    |    3.0    5.0 1077.0 2335.0 |    0    0 1080 2340 | Wallpaper BBQ wrapper 5_system#82 (19)
08-13 16:19:48.809  1111  1111 D SurfaceFlinger:        DEVICE |   0xb4000079e290f750 | 0001 | RGBA_8888    |    0.0    0.0 1080.0 2340.0 |    0    0 1080 2340 | com.sec.android.app.launcher/com.sec[...]vities.LauncherActivity$_2742#233607 (44)
08-13 16:19:48.809  1111  1111 D SurfaceFlinger:        DEVICE |   0xb4000079e28c9c90 | 0001 | RGBA_8888    |    0.0    0.0 1080.0   80.0 |    0    0 1080   80 | StatusBar$_2127#106 (79399)
08-13 16:19:48.809  1111  1111 D SurfaceFlinger:        DEVICE |   0xb4000079e2935310 | 0001 | RGBA_8888    |    0.0    0.0 1080.0  135.0 |    0 2205 1080 2340 | NavigationBar0$_2127#101 (129776)
08-13 16:19:48.809  1111  1111 D SurfaceFlinger:        DEVICE |   0xb4000079e28c8410 | 0001 | RGBA_8888    |    0.0  249.0 1034.0  827.0 |   46    0 1080  578 | $_4855#233489 (383)
08-13 16:19:48.809  1111  1111 D SurfaceFlinger:
08-13 16:19:48.810  1111  1111 I SurfaceFlinger: [Surface(name=8a94d40 NavigationBar0)/@0x65d636d - animation-leash of insets_animation#233624] attach to parent LayerHierarchy{RequestedLayerState{WindowToken{4aa5472 type=2019 android.os.BinderProxy@bd187d4}#87 parentId=31} 2 children}
