08-13 16:19:58.430  2782  3390 I EPDG -- SIM0 [EpdgSubscription]: getIsAirplaneMode: returning: false
08-13 16:19:58.431  1282  4902 I LocationAccessPolicy: checkLocationPermission - callingUid: 10101, callingPid: 18442, result: DENIED_SOFT
08-13 16:19:58.431  1282  4902 I LocationAccessPolicy: checkLocationPermission - callingUid: 10101, callingPid: 18442, result: DENIED_SOFT
08-13 16:19:58.432  2782  3390 I EPDG -- SIM0 [NetController]: getIsRssiDisabledForProfiling: returning: false
08-13 16:19:58.432  2782  3390 I EPDG -- [SettingManager]: getVoWifiPreference[0], 2
08-13 16:19:58.432  2782  3390 I EPDG -- SIM0 [EpdgSubscription]: getIsAirplaneMode: returning: false
08-13 16:19:58.433  2535  2535 I NetworkUtil: Network Cap check : INTERNET : true
08-13 16:19:58.433  2535  2535 I NetworkUtil: isConnected = true isCellularOnly : true
08-13 16:19:58.433  1282  1745 D InputTransport: Input channel destroyed: 'a769aa5', fd=1020
08-13 16:19:58.434 18442 18442 I ImsTelephonyStateTracker: [C] onServiceStateChanged()
08-13 16:19:58.435  2535  2535 I TelephonyCallbackForPdnController<0>: onServiceStateChanged: state={mVoiceRegState=0(IN_SERVICE), mDataRegState=0(IN_SERVICE), mChannelNumber=100, duplexMode()=1, mCellBandwidths=[20000], mOperatorAlphaLong=Turkcell, mOperatorAlphaShort=Turkcell, isManualNetworkSelection=false(automatic), getRilVoiceRadioTechnology=14(LTE), getRilDataRadioTechnology=14(LTE), mCssIndicator=unsupported, mNetworkId=*1, mSystemId=*1, mCdmaRoamingIndicator=-1, mCdmaDefaultRoamingIndicator=-1, NonCellular=false, Snap=0, PsOnly=false, SprDisplayRoam=false, OptRadioTech=0, MsimSubmode=0, IsVoiceCallAvailable=true, mIsEmergencyOnly=false, isUsingCarrierAggregation=false, mArfcnRsrpBoost=0, mNetworkRegistrationInfos=[NetworkRegistrationInfo{ domain=PS transportType=WLAN registrationState=UNKNOWN networkRegistrationState=UNKNOWN roamingType=NOT_ROAMING accessNetworkTechnology=IWLAN rejectCause=0 emergencyEnabled=false availableServices=[] cellIdentity=null voiceSpecificInfo=null dataSpecificInfo=null nrState=**** rRplmn= isUsingCarrierAggregation=false isNonTerrestrialNetwork=TERRESTRIAL}, NetworkRegistrationInfo{ domain=CS transportType=WWAN registrationState=HOME networkRegistrationState=HOME roamingType=NOT_ROAMING accessNetworkTechnology=LTE rejectCause=0 emergencyEnabled=false availableServices=[VOICE,SMS,VIDEO] cellIdentity=CellIdentityLte:{ mCi=6***89 mPci=388 mTac=5**1 mEarfcn=100 mBands=[1] mBandwidth=2147483647 mMcc=286 mMnc=01 mAlphaLong=Turkcell mAlphaShort=Turkcell mAdditionalPlmns={} mCsgInfo=null} voiceSpecificInfo=VoiceSpecificRegistrationInfo { mCssSupported=false mRoamingIndicator=0 mSystemIsInPrl=0 mDefaultRoamingIndicator=0} dataSpecificInfo=null nrState=**** rRplmn=28601 isUsingCarrierAggregation=false isNonTerrestrialNetwork=TERRESTRIAL}, NetworkRegistrationInfo{ domain=PS transportType=WWAN registrationState=HOME networkRegistrationState=HOME roamingType=NOT_ROAMING accessNetworkTechnology=LTE rejectCause=0 emergencyEnabled=false availableServices=[DATA,MMS] cellIdentity=CellIdentityLte:{ mCi=6***89 mPci=388 mTac=5**1 mEarfcn=100 mBands=[1] mBandwidth=2147483647 mMcc=286 mMnc=01 mAlphaLong=Turkcell mAlphaShort=Turkcell mAdditionalPlmns={} mCsgInfo=null} voiceSpecificInfo=null dataSpecificInfo=android.telephony.DataSpecificRegistrationInfo :{ maxDataCalls = 16 isDcNrRestricted = true isNrAvailable = false isEnDcAvailable = false mLteAttachResultType = 0 mLteAttachExtraInfo = 0 LteVopsSupportInfo :  mVopsSupport = 2 mEmcBearerSupport = 2 } nrState=**** rRplmn=28601 isUsingCarrierAggregation=false isNonTerrestrialNetwork=TERRESTRIAL}], mNrFrequencyRange=0, mOperatorAlphaLongRaw=Turkcell, mOperatorAlphaShortRaw=Turkcell, mIsDataRoamingFromRegistration=false, mIsIwlanPreferred=false, mIsUsingNonTerrestrialNetwork=false}Changed=
08-13 16:19:58.435  2535  2535 I PdnController<0>: notifyDataConnectionState
08-13 16:19:58.435  2535  2535 I PdnController<0>: initialize PendedEPDGWeakSignal flag
08-13 16:19:58.435  2535  2535 I PdnController<0>: setPendedEPDGWeakSignal
08-13 16:19:58.436  2535  2535 I PdnController<0>: notifyDataConnectionState: needNotify=false networkType=13 isEpdgConnected=false dataNetType=13=>13 dataRegState=0=>0
08-13 16:19:58.436  2535  2535 I TelephonyCallbackForPdnController<0>: notifySnapshotState: snapshotState=0 old=0
08-13 16:19:58.436  2127  2334 D InputTransport: Input channel constructed: 'a769aa5', fd=457
08-13 16:19:58.436  2782  3390 I EPDG -- SIM0 [EpdgSubscription]: getIsAirplaneMode: returning: false
08-13 16:19:58.437  2127  2334 I InsetsController: onStateChanged: host=Splash Screen com.example.cupcake.test, from=android.view.ViewRootImpl.setView:1999, state=InsetsState: {mDisplayFrame=Rect(0, 0 - 1080, 2340), mDisplayCutout=DisplayCutout{insets=Rect(0, 80 - 0, 0) waterfall=Insets{left=0, top=0, right=0, bottom=0} boundingRect={Bounds=[Rect(0, 0 - 0, 0), Rect(511, 0 - 569, 80), Rect(0, 0 - 0, 0), Rect(0, 0 - 0, 0)]} cutoutPathParserInfo={CutoutPathParserInfo{displayWidth=1080 displayHeight=2340 physicalDisplayWidth=1080 physicalDisplayHeight=2340 density={2.8125} cutoutSpec={M 0,0 M 0,7.822222222222222‬‬ a 10.31111111111111‬,10.31111111111111‬ 0 1,0 0,20.62222222222222‬ a 10.31111111111111‬,10.31111111111111‬ 0 1,0 0,-20.62222222222222‬ Z @dp} rotation={0} scale={1.0} physicalPixelDisplaySizeRatio={1.0}}} sideOverrides={}}, mRoundedCorners=RoundedCorners{[RoundedCorner{position=TopLeft, radius=113, center=Point(113, 113)}, RoundedCorner{position=TopRight, radius=113, center=Point(967, 113)}, RoundedCorner{position=BottomRight, radius=113, center=Point(967, 2227)}, RoundedCorner{position=BottomLeft, radius=113, center=Point(113, 2227)}]}  mRoundedCornerFrame=Rect(0, 0 - 1080, 2340), mPrivacyIndicatorBounds=PrivacyIndicatorBounds {static bounds=Rect(956, 0 - 1080, 80) rotation=0}, mDisplayShape=DisplayShape{ spec=-311912193 displayWidth=1080 displayHeight=2340 physicalPixelDisplaySizeRatio=1.0 rotation=0 offsetX=0 offsetY=0 scale=1.0}, mSources= { InsetsSource: {b9640000 mType=statusBars mFrame=[0,0][1080,80] mVisible=true mFlags= mSideHint=TOP mBoundingRects=null}, InsetsSource: {b9640005 mType=mandatorySystemGestures mFrame=[0,0][1080,114] mVisible=true mFlags= mSideHint=TOP mBoundingRects=null}, InsetsSource: {b9640006 mType=tappableElement mFrame=[0,0][1080,80] mVisible=true mFlags= mSideHint=TOP mBoundingRects=null}, InsetsSource: {d8440001 mType=navigationBars mFrame=[0,2298][1080,2340] mVisible=true mFlags=SUPPRESS_SCRIM mSideHint=BOTTOM mBoundingRects=null}, InsetsSource: {d8440004 mType=systemGestures mFrame=[0,0][63,2340] mVisible=true mFlags= mSideHint=LEFT mBoundingRects=null}, InsetsSource: {d8440005 mType=mandatorySystemGestures mFrame=[0,2250][1080,2340] mVisible=true mFlags= mSideHint=BOTTOM mBoundingRects=null}, InsetsSource: {d8440006 mType=tappableElement mFrame=[0,0][0,0] mVisible=true mFlags= mSideHint=NONE mBoundingRects=null}, InsetsSource: {d8440024 mType=systemGestures mFrame=[1017,0][1080,2340] mVisible=true mFlags= mSideHint=RIGHT mBoundingRects=null}, InsetsSource: {3 mType=ime mFrame=[0,0][0,0] mVisible=false mFlags= mSideHint=NONE mBoundingRects=null}, InsetsSource: {27 mType=displayCutout mFrame=[0,0][1080,80] mVisible=true mFlags= mSideHint=TOP mBoundingRects=null} }
08-13 16:19:58.437  2127  2334 I VRI[test]@5517fd7: synced displayState. AttachInfo displayState=2
08-13 16:19:58.437 18442 18442 I ImsTelephonyStateTracker: [C] onServiceStateChanged()
08-13 16:19:58.438 18442  4361 I ImsSim1Manager: [C] onServiceStateChanged state : 0, old : 0
08-13 16:19:58.439 18442  4373 I ImsSim2Manager: [C] onServiceStateChanged state : 0, old : 0
08-13 16:19:58.441 18442  4373 I ImsSim2Manager: [C] checkVoiceNetwork voice network : 13
08-13 16:19:58.441  2535  2776 I GeolocationCon: handleMessage : what = SERVICE_STATE_CHANGED
08-13 16:19:58.442  5736  5736 I DecorView: setWindowBackground: isPopOver=false color=ffffffff d=android.graphics.drawable.ColorDrawable@51c496b
08-13 16:19:58.442  2535  2776 I GeolocationCon: matchTimingReqLocation ,match=0, timing=4
08-13 16:19:58.442  2535  2776 I GeolocationCon: matchTimingReqLocation ,match=1, timing=4
08-13 16:19:58.442  2535  2776 I GeolocationCon: profile is null
08-13 16:19:58.442 18442  4361 I ImsSim1Manager: [C] checkVoiceNetwork voice network : 13
08-13 16:19:58.442 21624 21938 I Rubin   : [92] U9.g.x(Unknown Source) : Notify com.samsung.android.rubin.inferenceengine.contextanalytics.engine.loggers.AppUsageLogger's database is updated.
08-13 16:19:58.444  2742  1823 I HoneySpace.RecentTasks: onRecentTasksChanged
08-13 16:19:58.444  2742  2108 I HoneySpace.RecentTasks: onRecentTasksChanged
08-13 16:19:58.445  2535  2776 I GeolocationCon<0>: onNetworkCountryIsoChanged: mCountryIso = tr, iso = tr
08-13 16:19:58.446  2742  2887 I HoneySpace.TopTaskSource: onTaskMovedToFront : taskId = 2234, displayId = 0
08-13 16:19:58.447  2742  2889 I HoneySpace.TopTaskUseCase: topTaskId 2234, DisplayId : 0
08-13 16:19:58.448  2127  2334 I VRI[test]@5517fd7: setView = android.widget.FrameLayout@f806ee2 IsHRR=false TM=true
08-13 16:19:58.448  2127  2390 D HWUI    : HWUI - treat SMPTE_170M as sRGB
08-13 16:19:58.449  1282  1444 D PkgPredictorService-SecIpmManagerServiceImpl: onForegroundActivitiesChanged pid:5736 uid:10419
08-13 16:19:58.450  1282  2840 V PkgPredictorService-SecIpmManagerServiceImpl: discard foreground app:com.example.cupcake.test 1|true
08-13 16:19:58.450  1282  1444 D NetworkPolicy: already checked 10419
08-13 16:19:58.451  1111  1111 I SurfaceFlinger: [a769aa5 Splash Screen com.example.cupcake.test#233822] attach to parent LayerHierarchy{RequestedLayerState{ActivityRecord{e7f583b u0 com.example.cupcake.test/androidx.test.core.app.InstrumentationActivityInvoker$EmptyActivity t2234}#233821 parentId=233820} 1 children}
08-13 16:19:58.452  1111  1209 D SurfaceFlinger: [input] setFocusedWindow: <null>
08-13 16:19:58.452  1282  3179 V WindowManager: Relayout Window{a769aa5 u0 Splash Screen com.example.cupcake.test}: viewVisibility=0 req=1080x2340 ty=3 d0
08-13 16:19:58.452  1111  1163 I SurfaceFlinger: id=233823 createSurf, flag=44004, Splash Screen com.example.cupcake.test$_2127#233823
08-13 16:19:58.452  1282  4478 D InputDispatcher: Once focus requested (0): <null>
08-13 16:19:58.452  1282  4478 D InputDispatcher: Focus request (0): <null> but waiting because NO_WINDOW
08-13 16:19:58.452  1282  4478 D InputDispatcher: Focus left window (0): 43eac26 com.example.cupcake/androidx.activity.ComponentActivity
08-13 16:19:58.453  2782  3390 I EPDG -- SIM0 [NetController]: voiceNetType: 13 mActiveVoiceRat: 13
08-13 16:19:58.453  2782  3390 I EPDG -- SIM0 [EpdgSubscription]: getIsAirplaneMode: returning: false
08-13 16:19:58.453  2742 31133 I HoneySpace.HistoryViewModel@160600677@OneUI: Illegal access. Unknown type. skip load history items
08-13 16:19:58.454  5596  5596 I ImeFocusController: onPreWindowFocus: skipped hasWindowFocus=false mHasImeFocus=true
08-13 16:19:58.455  5596  5596 I ImeFocusController: onPostWindowFocus: skipped hasWindowFocus=false mHasImeFocus=true
08-13 16:19:58.455  1244  1348 I CameraService: onUidStateChanged: uid=10043, procState is changed. (0 -> 1)
08-13 16:19:58.460  1111  1111 I SurfaceFlinger: [Splash Screen com.example.cupcake.test$_2127#233823] attach to parent LayerHierarchy{RequestedLayerState{a769aa5 Splash Screen com.example.cupcake.test#233822 parentId=233821 z=2147483647} 1 children}
08-13 16:19:58.460  2127  2127 D MultiSIMController: onReceive() - action = android.intent.action.SERVICE_STATE
08-13 16:19:58.460  1282  1282 D SemWifiService: received: android.intent.action.SERVICE_STATE
08-13 16:19:58.460  2127  2127 D CarrierTextController: carrierTextForSimState(2)-(order: 0) : Turkcell
08-13 16:19:58.461  5736  5736 I ViewRootImpl: dVRR is disabled
08-13 16:19:58.461  2127  2127 D CarrierTextController: setCarrierText : Turkcell allSimsMissing : false anySimReady : true
08-13 16:19:58.461  2127  2127 D CarrierTextController: carrierTextForSimState(2)-(order: 0) : Turkcell
08-13 16:19:58.461  5736  5756 D NativeCustomFrequencyManager: [NativeCFMS] BpCustomFrequencyManager::BpCustomFrequencyManager()
08-13 16:19:58.462  2782  3390 I EPDG -- SIM0 [NetController]: onNetworkStatusChanged : mCellularAvailable = true
08-13 16:19:58.462  2127  2127 D CarrierTextController: setCarrierText : Turkcell allSimsMissing : false anySimReady : true
08-13 16:19:58.462  2127  2127 D CarrierTextController: carrierTextForSimState(2)-(order: 0) : Turkcell
08-13 16:19:58.462  2127  2127 D CarrierTextController: setCarrierText : Turkcell allSimsMissing : false anySimReady : true
08-13 16:19:58.462  2127  2127 D FaceWidgetPagesController: onRefreshCarrierInfo()
08-13 16:19:58.463  2494  3181 I LocationAccessPolicy: checkLocationPermission - callingUid: 10043, callingPid: 2127, result: DENIED_SOFT
08-13 16:19:58.463  2494  3181 I LocationAccessPolicy: checkLocationPermission - callingUid: 10043, callingPid: 2127, result: DENIED_SOFT
08-13 16:19:58.464  1282  3179 V WindowManager: Relayout hash=a769aa5, pid=2127, syncId=-1: mAttrs={(0,0)(fillxfill) sim={adjust=pan} layoutInDisplayCutoutMode=always ty=APPLICATION_STARTING fmt=TRANSLUCENT
08-13 16:19:58.464  1282  3179 V WindowManager:   fl=81030118
08-13 16:19:58.464  1282  3179 V WindowManager:   pfl=10000810
08-13 16:19:58.464  1282  3179 V WindowManager:   apr=18
08-13 16:19:58.464  1282  3179 V WindowManager:   bhv=1
08-13 16:19:58.464  1282  3179 V WindowManager:   fitSides=0
08-13 16:19:58.464  1282  3179 V WindowManager:   frameRateBoostOnTouch=true
08-13 16:19:58.464  1282  3179 V WindowManager:   dvrrWindowFrameRateHint=true naviIconColor=0}
08-13 16:19:58.464  2127  2127 D FaceWidgetClockRoamManager: isNetworkRoamingState id=2
08-13 16:19:58.464  2127  2127 D FaceWidgetClockRoamManager: isNetworkRoamingState false
08-13 16:19:58.464  2127  2127 D FaceWidgetClockRoamManager: onRefreshCarrierInfo(pre, now): false, false
08-13 16:19:58.464  2127  2127 D FaceWidgetClockPage: onRefreshCarrierInfo : isChanged false mIsRoaming false
08-13 16:19:58.464  1282  4478 D InputTransport: Input channel constructed: '33a6f91', fd=1020
08-13 16:19:58.464  1282  4478 D InputTransport: Input channel constructed: '33a6f91', fd=1025
08-13 16:19:58.465  1282  4478 D InputTransport: Input channel constructed: '33a6f91', fd=1026
08-13 16:19:58.465  1111  1223 I SurfaceFlinger: id=233824 createSurf, flag=84004, 33a6f91 com.example.cupcake.test/androidx.test.core.app.InstrumentationActivityInvoker$EmptyActivity#233824
08-13 16:19:58.465  2494  2494 D ServiceStateProvider: subId=2
08-13 16:19:58.466  2742  1823 I HoneySpace.HistoryViewModel@160600677@OneUI: Illegal access. Unknown type. skip load history items
08-13 16:19:58.468  2127  2334 I BLASTBufferQueue_Java: new BLASTBufferQueue, mName= VRI[test]@5517fd7 mNativeObject= 0xb40000751915a8d0 sc.mNativeObject= 0xb40000761913c550 caller= android.view.ViewRootImpl.updateBlastSurfaceIfNeeded:3397 android.view.ViewRootImpl.relayoutWindow:11361 android.view.ViewRootImpl.performTraversals:4544 android.view.ViewRootImpl.doTraversal:3708 android.view.ViewRootImpl$TraversalRunnable.run:12542 android.view.Choreographer$CallbackRecord.run:1751 android.view.Choreographer$CallbackRecord.run:1760 android.view.Choreographer.doCallbacks:1216 android.view.Choreographer.doFrame:1142 android.view.Choreographer$FrameDisplayEventReceiver.run:1707
08-13 16:19:58.468  2127  2334 I BLASTBufferQueue_Java: update, w= 1080 h= 2340 mName = VRI[test]@5517fd7 mNativeObject= 0xb40000751915a8d0 sc.mNativeObject= 0xb40000761913c550 format= -3 caller= android.graphics.BLASTBufferQueue.<init>:88 android.view.ViewRootImpl.updateBlastSurfaceIfNeeded:3397 android.view.ViewRootImpl.relayoutWindow:11361 android.view.ViewRootImpl.performTraversals:4544 android.view.ViewRootImpl.doTraversal:3708 android.view.ViewRootImpl$TraversalRunnable.run:12542
08-13 16:19:58.469  2127  2334 I VRI[test]@5517fd7: Relayout returned: old=(0,0,1080,2340) new=(0,0,1080,2340) relayoutAsync=false req=(1080,2340)0 dur=16 res=0x3 s={true 0xb4000075e928fc80} ch=true seqId=0
08-13 16:19:58.470  2127  2334 I VRI[test]@5517fd7: performConfigurationChange setNightDimText nightDimLevel=0
08-13 16:19:58.470  2127  2127 D MultiSIMController: MESSAGE_UPDATE_SERVICE_STATE
08-13 16:19:58.471  2127  2334 D VRI[test]@5517fd7: mThreadedRenderer.initialize() mSurface={isValid=true 0xb4000075e928fc80} hwInitialized=true
08-13 16:19:58.471  1282  4478 D InputTransport: Input channel destroyed: '33a6f91', fd=1026
08-13 16:19:58.471  5736  5736 D InputTransport: Input channel constructed: '33a6f91', fd=117
08-13 16:19:58.472  5736  5736 I InsetsController: onStateChanged: host=com.example.cupcake.test/androidx.test.core.app.InstrumentationActivityInvoker$EmptyActivity, from=android.view.ViewRootImpl.setView:1999, state=InsetsState: {mDisplayFrame=Rect(0, 0 - 1080, 2340), mDisplayCutout=DisplayCutout{insets=Rect(0, 80 - 0, 0) waterfall=Insets{left=0, top=0, right=0, bottom=0} boundingRect={Bounds=[Rect(0, 0 - 0, 0), Rect(511, 0 - 569, 80), Rect(0, 0 - 0, 0), Rect(0, 0 - 0, 0)]} cutoutPathParserInfo={CutoutPathParserInfo{displayWidth=1080 displayHeight=2340 physicalDisplayWidth=1080 physicalDisplayHeight=2340 density={2.8125} cutoutSpec={M 0,0 M 0,7.822222222222222‬‬ a 10.31111111111111‬,10.31111111111111‬ 0 1,0 0,20.62222222222222‬ a 10.31111111111111‬,10.31111111111111‬ 0 1,0 0,-20.62222222222222‬ Z @dp} rotation={0} scale={1.0} physicalPixelDisplaySizeRatio={1.0}}} sideOverrides={}}, mRoundedCorners=RoundedCorners{[RoundedCorner{position=TopLeft, radius=113, center=Point(113, 113)}, RoundedCorner{position=TopRight, radius=113, center=Point(967, 113)}, RoundedCorner{position=BottomRight, radius=113, center=Point(967, 2227)}, RoundedCorner{position=BottomLeft, radius=113, center=Point(113, 2227)}]}  mRoundedCornerFrame=Rect(0, 0 - 1080, 2340), mPrivacyIndicatorBounds=PrivacyIndicatorBounds {static bounds=Rect(956, 0 - 1080, 80) rotation=0}, mDisplayShape=DisplayShape{ spec=-311912193 displayWidth=1080 displayHeight=2340 physicalPixelDisplaySizeRatio=1.0 rotation=0 offsetX=0 offsetY=0 scale=1.0}, mSources= { InsetsSource: {b9640000 mType=statusBars mFrame=[0,0][1080,80] mVisible=true mFlags= mSideHint=TOP mBoundingRects=null}, InsetsSource: {b9640005 mType=mandatorySystemGestures mFrame=[0,0][1080,114] mVisible=true mFlags= mSideHint=TOP mBoundingRects=null}, InsetsSource: {b9640006 mType=tappableElement mFrame=[0,0][1080,80] mVisible=true mFlags= mSideHint=TOP mBoundingRects=null}, InsetsSource: {d8440001 mType=navigationBars mFrame=[0,2298][1080,2340] mVisible=true mFlags=SUPPRESS_SCRIM mSideHint=BOTTOM mBoundingRects=null}, InsetsSource: {d8440004 mType=systemGestures mFrame=[0,0][63,2340] mVisible=true mFlags= mSideHint=LEFT mBoundingRects=null}, InsetsSource: {d8440005 mType=mandatorySystemGestures mFrame=[0,2250][1080,2340] mVisible=true mFlags= mSideHint=BOTTOM mBoundingRects=null}, InsetsSource: {d8440006 mType=tappableElement mFrame=[0,0][0,0] mVisible=true mFlags= mSideHint=NONE mBoundingRects=null}, InsetsSource: {d8440024 mType=systemGestures mFrame=[1017,0][1080,2340] mVisible=true mFlags= mSideHint=RIGHT mBoundingRects=null}, InsetsSource: {3 mType=ime mFrame=[0,0][0,0] mVisible=false mFlags= mSideHint=NONE mBoundingRects=null}, InsetsSource: {27 mType=displayCutout mFrame=[0,0][1080,80] mVisible=true mFlags= mSideHint=TOP mBoundingRects=null} }
08-13 16:19:58.472  2127  2334 D VRI[test]@5517fd7: reportNextDraw android.view.ViewRootImpl.performTraversals:5193 android.view.ViewRootImpl.doTraversal:3708 android.view.ViewRootImpl$TraversalRunnable.run:12542 android.view.Choreographer$CallbackRecord.run:1751 android.view.Choreographer$CallbackRecord.run:1760
08-13 16:19:58.472 21624 21938 I Rubin   : [92] com.samsung.android.rubin.inferenceengine.contextanalytics.engine.monitors.moment.exercise.ExercisingWithCmhMonitor.isSatisfiedByCmh(Unknown Source) : isSatisfiedByCmh is false
08-13 16:19:58.472  5736  5736 I VRI[InstrumentationActivityInvoker$EmptyActivity]@32da486: synced displayState. AttachInfo displayState=2
08-13 16:19:58.472  2127  2334 D VRI[test]@5517fd7: Setup new sync=wmsSync-VRI[test]@5517fd7#6
08-13 16:19:58.473  2127  2334 I VRI[test]@5517fd7: Creating new active sync group VRI[test]@5517fd7#7
08-13 16:19:58.474  2127  2334 D VRI[test]@5517fd7: registerCallbacksForSync syncBuffer=false
08-13 16:19:58.475  2127  2937 D VRI[test]@5517fd7: Received frameDrawingCallback syncResult=0 frameNum=1.
08-13 16:19:58.476  2127  2937 I VRI[test]@5517fd7: mWNT: t=0xb4000076091c9d10 mBlastBufferQueue=0xb40000751915a8d0 fn= 1 HdrRenderState mRenderHdrSdrRatio=1.0 caller= android.view.ViewRootImpl$11.onFrameDraw:15016 android.view.ThreadedRenderer$1.onFrameDraw:761 <bottom of call stack>
08-13 16:19:58.476  2127  2937 I VRI[test]@5517fd7: Setting up sync and frameCommitCallback
08-13 16:19:58.476  1111  1111 I SurfaceFlinger: [33a6f91 com.example.cupcake.test/androidx.test.core.app.InstrumentationActivityInvoker$EmptyActivity#233824] attach to parent LayerHierarchy{RequestedLayerState{ActivityRecord{e7f583b u0 com.example.cupcake.test/androidx.test.core.app.InstrumentationActivityInvoker$EmptyActivity t2234}#233821 parentId=233820} 2 children}
08-13 16:19:58.477  5736  5736 I VRI[InstrumentationActivityInvoker$EmptyActivity]@32da486: setView = com.android.internal.policy.DecorView@89e29d IsHRR=false TM=true
08-13 16:19:58.479  2742  2887 I HoneySpace.TopTaskSource: onTaskFocusChanged(): taskId = 2234
08-13 16:19:58.479  2742  2887 I HoneySpace.TopTaskSource: onTaskMovedToFront : taskId = 2234, displayId = 0
08-13 16:19:58.479  5736  5756 D HWUI    : HWUI - treat SMPTE_170M as sRGB
08-13 16:19:58.485  1282  3084 V WindowManager: Relayout Window{33a6f91 u0 com.example.cupcake.test/androidx.test.core.app.InstrumentationActivityInvoker$EmptyActivity}: viewVisibility=0 req=1080x2340 ty=1 d0
08-13 16:19:58.486  1111  1163 I SurfaceFlinger: id=233825 createSurf, flag=44004, com.example.cupcake.test/androidx.test.core.app.InstrumentationActivityInvoker$EmptyActivity$_5736#233825
08-13 16:19:58.488  2127  2390 I BLASTBufferQueue: [VRI[test]@5517fd7#13537](f:0,a:0,s:0) onFrameAvailable the first frame is available
08-13 16:19:58.489  2127  2390 I VRI[test]@5517fd7: Received frameCommittedCallback lastAttemptedDrawFrameNum=1 didProduceBuffer=true
08-13 16:19:58.489  1111  1732 I SurfaceFlinger: [Splash Screen com.example.cupcake.test$_2127#233823] setTransactionState with the first frame. bufferData(ID: 9135395538258, frameNumber: 1)
08-13 16:19:58.489  1194  1194 D CellBroadcastReceiver: onReceive Intent { act=android.intent.action.SERVICE_STATE flg=0x1000010 cmp=com.google.android.cellbroadcastreceiver/com.android.cellbroadcastreceiver.CellBroadcastReceiver (has extras) }
08-13 16:19:58.489  2127  2390 D HWUI    : CFMS:: SetUp Pid : 2127    Tid : 2390
08-13 16:19:58.489  2127  2334 D VRI[test]@5517fd7: reportDrawFinished seqId=0
08-13 16:19:58.490  1194  1194 D CellBroadcastReceiver: onServiceStateChanged, ss: 0
08-13 16:19:58.491  1194  1194 D CellBroadcastReceiver: networkOperator: 28601
08-13 16:19:58.491  1194  1194 D CellBroadcastReceiver: update supported roaming operator as
08-13 16:19:58.494  1111  1111 I SurfaceFlinger: [com.example.cupcake.test/androidx.test.core.app.InstrumentationActivityInvoker$EmptyActivity$_5736#233825] attach to parent LayerHierarchy{RequestedLayerState{33a6f91 com.example.cupcake.test/androidx.test.core.app.InstrumentationActivityInvoker$EmptyActivity#233824 parentId=233821} 1 children}
08-13 16:19:58.494  1111  1732 I SurfaceFlinger: id=233826 createSurf, flag=24000, Surface(name=8a94d40 NavigationBar0)/@0x65d636d - animation-leash of insets_animation#233826
08-13 16:19:58.497  1282  2467 D SLocation: CellLocationManager - onCellLocationChanged 2 / 0
08-13 16:19:58.498  1111  1732 I SurfaceFlinger: id=233827 createSurf, flag=24000, Surface(name=e0324bb StatusBar)/@0x8487ff0 - animation-leash of insets_animation#233827
08-13 16:19:58.501  1111  1111 I SurfaceFlinger: [Surface(name=8a94d40 NavigationBar0)/@0x65d636d - animation-leash of insets_animation#233826] attach to parent LayerHierarchy{RequestedLayerState{WindowToken{4aa5472 type=2019 android.os.BinderProxy@bd187d4}#87 parentId=31} 2 children}
08-13 16:19:58.501  1111  1111 I SurfaceFlinger: [Surface(name=e0324bb StatusBar)/@0x8487ff0 - animation-leash of insets_animation#233827] attach to parent LayerHierarchy{RequestedLayerState{WindowToken{b8fcd4a type=2000 android.os.BinderProxy@ecaaeec}#94 parentId=19} 2 children}
08-13 16:19:58.503  1282  3084 I SystemKeyManager: requested systemKeyInfo size=2 focusedWindow=com.example.cupcake.test/androidx.test.core.app.InstrumentationActivityInvoker$EmptyActivity
08-13 16:19:58.503  1282  3084 V WindowManager: Relayout hash=33a6f91, pid=5736, syncId=-1: mAttrs={(0,0)(fillxfill) sim={adjust=pan forwardNavigation} layoutInDisplayCutoutMode=always ty=BASE_APPLICATION
08-13 16:19:58.503  1282  3084 V WindowManager:   fl=81810100
08-13 16:19:58.503  1282  3084 V WindowManager:   pfl=100088c0
08-13 16:19:58.503  1282  3084 V WindowManager:   bhv=1
08-13 16:19:58.503  1282  3084 V WindowManager:   fitSides=0
08-13 16:19:58.503  1282  3084 V WindowManager:   frameRateBoostOnTouch=true
08-13 16:19:58.503  1282  3084 V WindowManager:   dvrrWindowFrameRateHint=true naviIconColor=0}
08-13 16:19:58.505  5736  5736 I BLASTBufferQueue_Java: new BLASTBufferQueue, mName= VRI[InstrumentationActivityInvoker$EmptyActivity]@32da486 mNativeObject= 0xb4000075190b7130 sc.mNativeObject= 0xb4000076190b38d0 caller= android.view.ViewRootImpl.updateBlastSurfaceIfNeeded:3397 android.view.ViewRootImpl.relayoutWindow:11361 android.view.ViewRootImpl.performTraversals:4544 android.view.ViewRootImpl.doTraversal:3708 android.view.ViewRootImpl$TraversalRunnable.run:12542 android.view.Choreographer$CallbackRecord.run:1751 android.view.Choreographer$CallbackRecord.run:1760 android.view.Choreographer.doCallbacks:1216 android.view.Choreographer.doFrame:1142 android.view.Choreographer$FrameDisplayEventReceiver.run:1707
08-13 16:19:58.505  5736  5736 I BLASTBufferQueue_Java: update, w= 1080 h= 2340 mName = VRI[InstrumentationActivityInvoker$EmptyActivity]@32da486 mNativeObject= 0xb4000075190b7130 sc.mNativeObject= 0xb4000076190b38d0 format= -1 caller= android.graphics.BLASTBufferQueue.<init>:88 android.view.ViewRootImpl.updateBlastSurfaceIfNeeded:3397 android.view.ViewRootImpl.relayoutWindow:11361 android.view.ViewRootImpl.performTraversals:4544 android.view.ViewRootImpl.doTraversal:3708 android.view.ViewRootImpl$TraversalRunnable.run:12542
08-13 16:19:58.505  5736  5736 I VRI[InstrumentationActivityInvoker$EmptyActivity]@32da486: Relayout returned: old=(0,0,1080,2340) new=(0,0,1080,2340) relayoutAsync=false req=(1080,2340)0 dur=19 res=0x3 s={true 0xb4000075e9119180} ch=true seqId=0
08-13 16:19:58.506  5736  5736 I VRI[InstrumentationActivityInvoker$EmptyActivity]@32da486: performConfigurationChange setNightDimText nightDimLevel=0
08-13 16:19:58.509  5736  5736 D VRI[InstrumentationActivityInvoker$EmptyActivity]@32da486: mThreadedRenderer.initialize() mSurface={isValid=true 0xb4000075e9119180} hwInitialized=true
08-13 16:19:58.510  5736  5736 D VRI[InstrumentationActivityInvoker$EmptyActivity]@32da486: reportNextDraw android.view.ViewRootImpl.performTraversals:5193 android.view.ViewRootImpl.doTraversal:3708 android.view.ViewRootImpl$TraversalRunnable.run:12542 android.view.Choreographer$CallbackRecord.run:1751 android.view.Choreographer$CallbackRecord.run:1760
08-13 16:19:58.511  5736  5736 D VRI[InstrumentationActivityInvoker$EmptyActivity]@32da486: Setup new sync=wmsSync-VRI[InstrumentationActivityInvoker$EmptyActivity]@32da486#16
08-13 16:19:58.511  5736  5736 I VRI[InstrumentationActivityInvoker$EmptyActivity]@32da486: Creating new active sync group VRI[InstrumentationActivityInvoker$EmptyActivity]@32da486#17
08-13 16:19:58.512  1111  1111 I SurfaceFlinger: [LayerHierarchy{RequestedLayerState{8a94d40 NavigationBar0#88 parentId=233826} 1 children}] reparent to LayerHierarchy{RequestedLayerState{Surface(name=8a94d40 NavigationBar0)/@0x65d636d - animation-leash of insets_animation#233826 parentId=87} 1 children}
08-13 16:19:58.512  1111  1111 I SurfaceFlinger: [LayerHierarchy{RequestedLayerState{e0324bb StatusBar#95 parentId=233827} 1 children}] reparent to LayerHierarchy{RequestedLayerState{Surface(name=e0324bb StatusBar)/@0x8487ff0 - animation-leash of insets_animation#233827 parentId=94} 1 children}
08-13 16:19:58.512  1111  1111 I SurfaceFlinger: [LayerHierarchy{RequestedLayerState{Surface(name=8a94d40 NavigationBar0)/@0x65d636d - animation-leash of insets_animation#233814} no children}] reparent to OffscreenRoot
08-13 16:19:58.512  1111  1111 I SurfaceFlinger: [LayerHierarchy{RequestedLayerState{Surface(name=8a94d40 NavigationBar0)/@0x65d636d - animation-leash of insets_animation#233814} no children}] RelativeParent to null
08-13 16:19:58.512  1111  1111 I SurfaceFlinger: [LayerHierarchy{RequestedLayerState{Surface(name=e0324bb StatusBar)/@0x8487ff0 - animation-leash of insets_animation#233815} no children}] reparent to OffscreenRoot
08-13 16:19:58.512  1111  1111 I SurfaceFlinger: [LayerHierarchy{RequestedLayerState{Surface(name=e0324bb StatusBar)/@0x8487ff0 - animation-leash of insets_animation#233815} no children}] RelativeParent to null
08-13 16:19:58.514  2127  2127 E {OngoingActivityController}: getTaskInfo find task 2233 fail. taskInfoList.size:3
08-13 16:19:58.514  2127  2127 I {OngoingActivityController}: onTaskFocusChanged focused:false, baseActivity:null
08-13 16:19:58.516  5736  5736 D VRI[InstrumentationActivityInvoker$EmptyActivity]@32da486: registerCallbacksForSync syncBuffer=false
08-13 16:19:58.516  1111  1223 I SurfaceFlinger: id=233814 Removed Surface(name=8a94d40 NavigationBar0)/@0x65d636d - animation-leash of insets_animation#233814 (193)
08-13 16:19:58.516  1111  1223 I SurfaceFlinger: id=233815 Removed Surface(name=e0324bb StatusBar)/@0x8487ff0 - animation-leash of insets_animation#233815 (193)
08-13 16:19:58.519  1111  1111 I SurfaceFlinger: destroyed Surface(name=8a94d40 NavigationBar0)/@0x65d636d - animation-leash of insets_animation#233814
08-13 16:19:58.519  1111  1111 I SurfaceFlinger: destroyed Surface(name=e0324bb StatusBar)/@0x8487ff0 - animation-leash of insets_animation#233815
08-13 16:19:58.520  1111  1111 I Layer   : id=233814 Destroyed Surface(name=8a94d40 NavigationBar0)/@0x65d636d - animation-leash of insets_animation#233814
08-13 16:19:58.520  1111  1111 I Layer   : id=233815 Destroyed Surface(name=e0324bb StatusBar)/@0x8487ff0 - animation-leash of insets_animation#233815
08-13 16:19:58.523  5736  5770 D VRI[InstrumentationActivityInvoker$EmptyActivity]@32da486: Received frameDrawingCallback syncResult=0 frameNum=1.
08-13 16:19:58.524  5736  5770 I VRI[InstrumentationActivityInvoker$EmptyActivity]@32da486: mWNT: t=0xb4000076090e2d10 mBlastBufferQueue=0xb4000075190b7130 fn= 1 HdrRenderState mRenderHdrSdrRatio=1.0 caller= android.view.ViewRootImpl$11.onFrameDraw:15016 android.view.ThreadedRenderer$1.onFrameDraw:761 <bottom of call stack>
08-13 16:19:58.524  5736  5770 I VRI[InstrumentationActivityInvoker$EmptyActivity]@32da486: Setting up sync and frameCommitCallback
08-13 16:19:58.525  5736  5756 I BLASTBufferQueue: [VRI[InstrumentationActivityInvoker$EmptyActivity]@32da486#8](f:0,a:0,s:0) onFrameAvailable the first frame is available
08-13 16:19:58.526  5736  5756 I VRI[InstrumentationActivityInvoker$EmptyActivity]@32da486: Received frameCommittedCallback lastAttemptedDrawFrameNum=1 didProduceBuffer=true
08-13 16:19:58.527  5736  5756 D HWUI    : CFMS:: SetUp Pid : 5736    Tid : 5756
08-13 16:19:58.527  1111  1209 D SurfaceFlinger: [input] setFocusedWindow: 33a6f91 com.example.cupcake.test/androidx.test.core.app.InstrumentationActivityInvoker$EmptyActivity
08-13 16:19:58.528  5736  5736 D VRI[InstrumentationActivityInvoker$EmptyActivity]@32da486: reportDrawFinished seqId=0
08-13 16:19:58.529  1111  1162 I SurfaceFlinger: [com.example.cupcake.test/androidx.test.core.app.InstrumentationActivityInvoker$EmptyActivity$_5736#233825] setTransactionState with the first frame. bufferData(ID: 24635932409889, frameNumber: 1)
08-13 16:19:58.529  1282  4376 D InputDispatcher: Once focus requested (0): 33a6f91 com.example.cupcake.test/androidx.test.core.app.InstrumentationActivityInvoker$EmptyActivity
08-13 16:19:58.529  1282  4376 D InputDispatcher: Focus request (0): 33a6f91 com.example.cupcake.test/androidx.test.core.app.InstrumentationActivityInvoker$EmptyActivity but waiting because NO_WINDOW
08-13 16:19:58.531  2494  2494 V PhoneGlobals: handleServiceStateChanged
08-13 16:19:58.531  1066  4972 I ExynosC2H264EncComponent: [onUpdateC2Work] got SYNC FRAME
08-13 16:19:58.531  2494  2494 D NotificationMgr: updateNetworkSelection, Use Samsung codes instead of AOSP codes
08-13 16:19:58.531  2494  2494 V PhoneGlobals: subId=2, mDefaultDataSubId=2, ss roaming=false
08-13 16:19:58.531  1111  1223 I SurfaceFlinger: id=233828 createSurf, flag=84004, Transition Root: Task=2234#233828
08-13 16:19:58.534  1111  1111 I SurfaceFlinger: [Transition Root: Task=2234#233828] attach to parent LayerHierarchy{RequestedLayerState{DefaultTaskDisplayArea_d0#11 parentId=10} 10 children}
08-13 16:19:58.534  1282  1447 I SurfaceControlRegistry: show, t=StartTransaction_SyncId<20545> sc=ActivityRecord{e7f583b u0 com.example.cupcake.test/androidx.test.core.app.InstrumentationActivityInvoker$EmptyActivity t2234}, caller=android.view.SurfaceControl$Transaction.show:3232 com.android.server.wm.Transition.onTransactionReady:2273 com.android.server.wm.BLASTSyncEngine$SyncGroup.finishNow:195 com.android.server.wm.BLASTSyncEngine.onSurfacePlacement:269 com.android.server.wm.RootWindowContainer.performSurfacePlacementNoTrace:459 com.android.server.wm.RootWindowContainer.performSurfacePlacement:9
08-13 16:19:58.536  1282  4402 D PhoneRestrictionPolicy: isOperationAllowed >>> slotNum: 0 function: 1
08-13 16:19:58.538  2494  2494 V PhoneGlobals: updateDataRoamingStatus
08-13 16:19:58.538  2494  2494 V PhoneGlobals: updateDataRoamingStatus dataAllowed=true, disallowReasons=[], dataIsNowRoaming=false, RoamingNumeric=28601, CallingReason=3
08-13 16:19:58.538  2494  2494 I Telephony: TelecomAccountRegistry$TelecomAccountTelephonyCallback: onServiceStateChanged: newState=0, mServiceState=0
08-13 16:19:58.539  2742  6184 I HoneySpace.NotificationListener: onNotificationPosted com.samsung.android.app.smartcapture: 0|com.samsung.android.app.smartcapture|1332|null|10190: 0
08-13 16:19:58.539  2742  6184 I HoneySpace.BadgeDataSourceImpl: Get notification count. PK(p='com.samsung.android.app.smartcapture', u=UserHandle{0}) - forceBadgeCount: false, notification listener: 1, badge provider: 0
08-13 16:19:58.543  2494  2494 I Telephony: TelecomAccountRegistry$AccountEntry: isRttCurrentlySupported -- regular acct,, hasVoiceAvailability: true, isRttSupported: false, alwaysAllowWhileRoaming: false, isRoaming: false, isOnWfc: false
08-13 16:19:58.543  2494  2494 V PhoneGlobals: handleServiceStateChanged
08-13 16:19:58.543  2494  2494 D NotificationMgr: updateNetworkSelection, Use Samsung codes instead of AOSP codes
08-13 16:19:58.543  2494  2494 V PhoneGlobals: subId=-1, mDefaultDataSubId=2, ss roaming=false
08-13 16:19:58.549  1282  1447 D ScreenCapture: [Capture_TEST] : setIsScreenShotBySystem false
08-13 16:19:58.551  2127  2303 I SurfaceControlRegistry: hide, t=FinishTransaction_SyncId<20545> sc=Task=2233, caller=android.view.SurfaceControl$Transaction.hide:3258 com.android.wm.shell.transition.Transitions.dispatchReady:929 com.android.wm.shell.transition.Transitions.onTransitionReady:244 com.android.wm.shell.transition.Transitions$TransitionPlayerImpl$$ExternalSyntheticLambda0.run:13 android.os.Handler.handleCallback:959 android.os.Handler.dispatchMessage:100
08-13 16:19:58.551  2127  2303 I SurfaceControlRegistry: show, t=StartTransaction_SyncId<20545> sc=Task=2234, caller=android.view.SurfaceControl$Transaction.show:3232 com.android.wm.shell.transition.Transitions.dispatchReady:934 com.android.wm.shell.transition.Transitions.onTransitionReady:244 com.android.wm.shell.transition.Transitions$TransitionPlayerImpl$$ExternalSyntheticLambda0.run:13 android.os.Handler.handleCallback:959 android.os.Handler.dispatchMessage:100
08-13 16:19:58.551  2127  2303 I SurfaceControlRegistry: show, t=FinishTransaction_SyncId<20545> sc=Task=2234, caller=android.view.SurfaceControl$Transaction.show:3232 com.android.wm.shell.transition.Transitions.dispatchReady:988 com.android.wm.shell.transition.Transitions.onTransitionReady:244 com.android.wm.shell.transition.Transitions$TransitionPlayerImpl$$ExternalSyntheticLambda0.run:13 android.os.Handler.handleCallback:959 android.os.Handler.dispatchMessage:100
08-13 16:19:58.552  2127  2303 I SurfaceControlRegistry: show, t=StartTransaction_SyncId<20545> sc=Transition Root: Task=2234, caller=android.view.SurfaceControl$Transaction.show:3232 com.android.wm.shell.transition.Transitions.playTransition:81 com.android.wm.shell.transition.Transitions.processReadyQueue:250 com.android.wm.shell.transition.Transitions.dispatchReady:1007 com.android.wm.shell.transition.Transitions.onTransitionReady:244 com.android.wm.shell.transition.Transitions$TransitionPlayerImpl$$ExternalSyntheticLambda0.run:13
08-13 16:19:58.554  1111  1162 I SurfaceFlinger: id=233829 createSurf, flag=44404, Right Edge Extension#233829
08-13 16:19:58.560  1111  1111 I SurfaceFlinger: [StatusBar$_2127#106] setDefaultFrameRateCompatibility: NoVote
08-13 16:19:58.561  1111  1111 I SurfaceFlinger: [Right Edge Extension#233829] attach to parent LayerHierarchy{RequestedLayerState{Task=2233#233808 parentId=11 z=3} 2 children}
08-13 16:19:58.571  1111  1111 I SurfaceFlinger: [StatusBar$_2127#106] setDefaultFrameRateCompatibility: NoVote
08-13 16:19:58.573  1111  1223 I SurfaceFlinger: id=233830 createSurf, flag=84000, 161ba35 ActivityRecordInputSink com.example.cupcake.test/androidx.test.core.app.InstrumentationActivityInvoker$EmptyActivity#233830
08-13 16:19:58.575  1111  1223 I SurfaceFlinger: id=233831 createSurf, flag=4400, [BBQ] Right Edge Extension#233829#233831
08-13 16:19:58.578  1111  1111 I SurfaceFlinger: [161ba35 ActivityRecordInputSink com.example.cupcake.test/androidx.test.core.app.InstrumentationActivityInvoker$EmptyActivity#233830] attach to parent LayerHierarchy{RequestedLayerState{ActivityRecord{e7f583b u0 com.example.cupcake.test/androidx.test.core.app.InstrumentationActivityInvoker$EmptyActivity t2234}#233821 parentId=233820} 3 children}
08-13 16:19:58.579  1111  1111 I SurfaceFlinger: [[BBQ] Right Edge Extension#233829#233831] attach to parent LayerHierarchy{RequestedLayerState{Right Edge Extension#233829 parentId=233808} 1 children}
08-13 16:19:58.581  2127  2390 D NativeCustomFrequencyManager: [NativeCFMS] BpCustomFrequencyManager::BpCustomFrequencyManager()
08-13 16:19:58.583  1282  3084 I SemDvfsHyPerManager: acquire hyper - AMS_RESUME_TAIL/1282@22, type = -999
08-13 16:19:58.584  1282  3084 I SemDvfsHyPerManager: acquire hyper - AMS_ACT_LAZY/1282@23, type = -999
08-13 16:19:58.584  1062  1149 I HYPER-HAL: [RequestManager.cpp]acquire(): Acquired ID : 850882  [1282 / 22]    HINT : AMS_RESUME_TAIL    list :
08-13 16:19:58.585  1062  1149 I HYPER-HAL: [RequestManager.cpp]releaseLocked(): Released ID : 856112
08-13 16:19:58.588  2127  2390 I BLASTBufferQueue: [[BBQ]Right Edge Extension#233829#13538](f:0,a:0,s:0) onFrameAvailable the first frame is available
08-13 16:19:58.589  1111  1223 I SurfaceFlinger: [[BBQ] Right Edge Extension#233829#233831] setTransactionState with the first frame. bufferData(ID: 9135395538263, frameNumber: 1)
08-13 16:19:58.589  2127  2390 D HWUI    : CFMS:: SetUp Pid : 2127    Tid : 2390
08-13 16:19:58.591  2127  2127 E {OngoingActivityController}: getTaskInfo find task 2234 fail. taskInfoList.size:2
08-13 16:19:58.591  2127  2127 I {OngoingActivityController}: onTaskFocusChanged focused:true, baseActivity:null
08-13 16:19:58.593  2127  2127 E {OngoingActivityController}: getTaskInfo find task 2234 fail. taskInfoList.size:2
08-13 16:19:58.593  5736  5736 I InsetsSourceConsumer: applyRequestedVisibilityToControl: visible=true, type=navigationBars, host=com.example.cupcake.test/androidx.test.core.app.InstrumentationActivityInvoker$EmptyActivity
08-13 16:19:58.593  2127  2127 D ShadeCarrierGroup: handleUpdateCarrierInfo [Turkcell] isLatin=false
08-13 16:19:58.594  2127  2127 D NavigationBar: onSystemBarAttributesChanged() -  displayId:0, appearance:16, packageName: com.example.cupcake.test (APPEARANCE_LIGHT_NAVIGATION_BARS ), navbarColorManagedByIme:false
08-13 16:19:58.594  5736  5736 I InsetsSourceConsumer: applyRequestedVisibilityToControl: visible=true, type=statusBars, host=com.example.cupcake.test/androidx.test.core.app.InstrumentationActivityInvoker$EmptyActivity
08-13 16:19:58.597  1282  4902 I SemDvfsHyPerManager: acquire hyper - AMS_APP_HOME/1282@27, type = -999
08-13 16:19:58.597  2127  2127 D SamsungLightBarControlHelper: updateStatusBar (BLACK icon) numStacks:1, StatusBarMode:MODE_TRANSPARENT, lightBarBounds:[Rect(0, 0 - 1080, 2340)], StatusBarState:SHADE, packageName:, isWhiteKeyguardStatusBar:false
08-13 16:19:58.597  1062  1149 I HYPER-HAL: [RequestManager.cpp]acquire(): Acquired ID : 857422  [1282 / 27]    HINT : AMS_APP_HOME    list :
08-13 16:19:58.597  2127  2127 D SamsungLightBarControlHelper: onStatusBarAppearanceChanged() -  sbModeChanged:false, statusBarMode:0, barState:MODE_TRANSPARENT, isKeyguardShowing:false, navbarColorManagedByIme:false, (AppearanceRegion{LIGHT_STATUS_BARS bounds=[0,0][1080,2340]}, )
08-13 16:19:58.597  1282  1443 I PkgPredictorService-SecIpmManagerServiceImpl: reportToNAP uid:10419 com.example.cupcake.test/androidx.test.core.app.InstrumentationActivityInvoker$EmptyActivity thisTime:194
08-13 16:19:58.597  1282  1443 D PkgPredictorService-SecIpmManagerServiceImpl: reportToNAP: mHeavyLaunchCounter is false
08-13 16:19:58.598  2127  2303 I SurfaceControlRegistry: show, t=StartTransaction_SyncId<20545> sc=Right Edge Extension, caller=android.view.SurfaceControl$Transaction.show:3232 android.view.SurfaceControl$Transaction.setVisibility:3198 com.android.wm.shell.transition.TransitionAnimationHelper.createExtensionSurface:247 com.android.wm.shell.transition.TransitionAnimationHelper.edgeExtendWindow:193 com.android.wm.shell.transition.DefaultTransitionHandler.startAnimation:1877 com.android.wm.shell.transition.Transitions.dispatchTransition:93
08-13 16:19:58.599  2742  2742 I VRI[LauncherActivity]@3489192: handleAppVisibility mAppVisible = false visible = true
08-13 16:19:58.599  1282  4902 D InputDispatcher: Focused application(0): ActivityRecord{b3168b5 u0 com.sec.android.app.launcher/.activities.LauncherActivity t6}
08-13 16:19:58.599  1282  1443 I ActivityTaskManager: Displayed com.example.cupcake.test/androidx.test.core.app.InstrumentationActivityInvoker$EmptyActivity for user 0: +194ms
08-13 16:19:58.599  1282  1967 D AS.MultiSoundManager: mForegroundUid = 10132
08-13 16:19:58.599  1111  1163 I SurfaceFlinger: id=233832 createSurf, flag=20004, DimTransitionLayer for Surface(name=Task=2234)/@0x75c40e1#233832
08-13 16:19:58.599  3157  3157 E pageboostd: Received HALT command code 2
08-13 16:19:58.600  1111  1732 I SurfaceFlinger: id=233833 createSurf, flag=24000, Surface(name=8a94d40 NavigationBar0)/@0x65d636d - animation-leash of insets_animation#233833
08-13 16:19:58.601  2127  2303 I SurfaceControlRegistry: show, t=StartTransaction_SyncId<20545> sc=DimTransitionLayer for Surface(name=Task=2234)/@0x75c40e1, caller=android.view.SurfaceControl$Transaction.show:3232 com.android.wm.shell.transition.DefaultTransitionHandler.startAnimation:2540 com.android.wm.shell.transition.Transitions.dispatchTransition:93 com.android.wm.shell.transition.Transitions.playTransition:700 com.android.wm.shell.transition.Transitions.processReadyQueue:250 com.android.wm.shell.transition.Transitions.dispatchReady:1007
08-13 16:19:58.602  4368  4368 I SemDvfsHyPerManager: acquire hyper - APP_START_HOME/4368@15, type = -999
08-13 16:19:58.602  1282  2840 D PkgPredictorService-SecIpmManagerServiceImpl: ACTION_FOREGROUND_FINISH_EVENT sCurForegroundApp :com.example.cupcake.test
08-13 16:19:58.602  1062  1149 I HYPER-HAL: [RequestManager.cpp]acquire(): Acquired ID : 9607551  [4368 / 15]    HINT : APP_START    list : [KERNEL_APP_START_NOTIFY / 0] [TIMEOUT / 1500]
08-13 16:19:58.602  1111  1730 I SurfaceFlinger: id=233834 createSurf, flag=24000, Surface(name=e0324bb StatusBar)/@0x8487ff0 - animation-leash of insets_animation#233834
08-13 16:19:58.603  2127  2303 I SurfaceControlRegistry: apply, t=StartTransaction_SyncId<20545>, caller=android.view.SurfaceControl$Transaction.apply:3135 android.view.SurfaceControl$Transaction.apply:3122 android.view.SurfaceControl$Transaction.apply:3078 com.android.wm.shell.transition.DefaultTransitionHandler.startAnimation:2823 com.android.wm.shell.transition.Transitions.dispatchTransition:93 com.android.wm.shell.transition.Transitions.playTransition:700
08-13 16:19:58.607  2742  2742 I VRI[LauncherActivity]@3489192: stopped(false) old = true
08-13 16:19:58.608  1111  1111 I SurfaceFlinger: Layer [Right Edge Extension#233829] hidden!! flag(0)
08-13 16:19:58.608  1111  1111 I SurfaceFlinger: Layer [ActivityRecord{e7f583b u0 com.exampl[...]yInvoker$EmptyActivity t2234}#233821] hidden!! flag(0)
08-13 16:19:58.608  1111  1111 I SurfaceFlinger: Layer [Transition Root: Task=2234#233828] hidden!! flag(0)
08-13 16:19:58.608  1111  1111 I SurfaceFlinger: Layer [DimTransitionLayer for Surface(name=Task=2234)/@0x75c40e1#233832] hidden!! flag(0)
08-13 16:19:58.608  1111  1111 E SurfaceFlinger: alpha changed 1.000 -> 0.000 - DimTransitionLayer for Surface(name=Task=2234)/@0x75c40e1#233832
08-13 16:19:58.608  1111  1111 I SurfaceFlinger: Layer [Splash Screen com.example.cupcake.test$_2127#233823] hidden!! flag(0)
08-13 16:19:58.608  1111  1111 I SurfaceFlinger: Layer [Task=2234#233820] hidden!! flag(0)
08-13 16:19:58.608  1111  1111 E SurfaceFlinger: alpha changed 1.000 -> 0.000 - Task=2234#233820
08-13 16:19:58.608  1111  1111 I SurfaceFlinger: Layer [a769aa5 Splash Screen com.example.cupcake.test#233822] hidden!! flag(0)
08-13 16:19:58.608  1111  1111 I SurfaceFlinger: Layer [33a6f91 com.example.cupcake.test/and[...]ActivityInvoker$EmptyActivity#233824] hidden!! flag(0)
08-13 16:19:58.608  1111  1111 E SurfaceFlinger: alpha changed 0.000 -> 1.000 - Task=2234#233820
08-13 16:19:58.608  1111  1111 E SurfaceFlinger: alpha changed 0.000 -> 0.000 - DimTransitionLayer for Surface(name=Task=2234)/@0x75c40e1#233832
08-13 16:19:58.608  1111  1111 I SurfaceFlinger: [LayerHierarchy{RequestedLayerState{Task=2233#233808 parentId=233828 z=2} 2 children}] reparent to LayerHierarchy{RequestedLayerState{Transition Root: Task=2234#233828 parentId=11 z=4} 1 children}
08-13 16:19:58.608  1111  1111 I SurfaceFlinger: [LayerHierarchy{RequestedLayerState{Task=2234#233820 parentId=233828 z=5} 1 children}] reparent to LayerHierarchy{RequestedLayerState{Transition Root: Task=2234#233828 parentId=11 z=4} 2 children}
08-13 16:19:58.608  1111  1111 I SurfaceFlinger: [DimTransitionLayer for Surface(name=Task=2234)/@0x75c40e1#233832] attach to parent LayerHierarchy{RequestedLayerState{Transition Root: Task=2234#233828 parentId=11 z=4} 3 children}
08-13 16:19:58.608  1111  1111 I SurfaceFlinger: [Surface(name=8a94d40 NavigationBar0)/@0x65d636d - animation-leash of insets_animation#233833] attach to parent LayerHierarchy{RequestedLayerState{WindowToken{4aa5472 type=2019 android.os.BinderProxy@bd187d4}#87 parentId=31} 2 children}
08-13 16:19:58.608  1111  1111 I SurfaceFlinger: [Surface(name=e0324bb StatusBar)/@0x8487ff0 - animation-leash of insets_animation#233834] attach to parent LayerHierarchy{RequestedLayerState{WindowToken{b8fcd4a type=2000 android.os.BinderProxy@ecaaeec}#94 parentId=19} 2 children}
08-13 16:19:58.609  2742  2742 I HoneySpace.Launcher: !@Boot_EBS_D: Launcher.onStart()
08-13 16:19:58.612  2127  2127 D SecKeyguardClockPositionAlgorithm: getTopMargin scale = 1.2690217, clockContainerHeight = 389, scaleMarginY = -41
08-13 16:19:58.614  2127  2127 W View    : requestLayout() improperly called by com.android.systemui.qs.SecQSGradationDrawableView{8f69e8c V.E...... ......ID 0,0-1080,332 #7f0a0978 app:id/qs_gradation_view} during layout: running second layout pass
08-13 16:19:58.614  2742  2742 I HoneySpace.Launcher: !@Boot_EBS_D: Launcher.onResume()
08-13 16:19:58.614  2127  2127 W View    : requestLayout() improperly called by android.widget.FrameLayout{19859d5 V.E...... ......ID 0,148-1080,2298 #7f0a0976 app:id/qs_frame} during layout: running second layout pass
08-13 16:19:58.615  2742  2742 I HoneySpace.Launcher: updateLauncherShowing false -> true
08-13 16:19:58.615  2742 28910 I HoneySpace.Memory-Monitor: cancelTrimIfNeeded
08-13 16:19:58.616  2742  1823 I HoneySpace.PredictionDataSourceImpl: requestPredictionUpdate 0 true
08-13 16:19:58.616  2742  2742 I HoneySpace.ShellTransitionManager: myHomeResumed
08-13 16:19:58.616  2742  2742 I HoneySpace.CapturedBlurManager: capturedBlurView: resume(25347631)
08-13 16:19:58.616  2742  2742 I HoneySpace.ResumeTimer: last resume updated : 308429201
08-13 16:19:58.616  2742  2742 I HoneySpace.StackedWidgetFastRecyclerView: playShowAndHideIndicatorAnimation
08-13 16:19:58.616  2742  2742 I HoneySpace.StackedWidgetFastRecyclerView: playShowIndicatorAnimation
08-13 16:19:58.616  2742  2742 I HoneySpace.StackedWidgetAdapter: updateLabelVisibility false true
08-13 16:19:58.616  2742  2742 I HoneySpace.StackedWidgetFastRecyclerView: playShowAndHideIndicatorAnimation
08-13 16:19:58.616  2742  2742 I HoneySpace.StackedWidgetFastRecyclerView: playShowIndicatorAnimation
