08-13 16:19:48.977  4917  4917 I HBD     : a [UpdatePolicy] [post] a: 31 cl: 4325376 kit: [0/26] vt: 0 ir: 1
08-13 16:19:48.977  2742  1823 I HoneySpace.RecentTasks: onRecentTasksChanged
08-13 16:19:48.978  2127  2390 D HWUI    : CacheManager::trimMemory(20)
08-13 16:19:48.978  4917  4917 I HBD     : HoneyBoardService [PF_OP][onStartInput]  14 ms
08-13 16:19:48.979  2742  2742 I HoneySpace.RectFAnimation: animateToFinalPosition RectF(465.0, 1797.0, 615.0, 1947.0)
08-13 16:19:48.979  2742  2742 I HoneySpace.SpringAnimPlayer: [Player:A(48.222)] spring onAnimationEnd
08-13 16:19:48.980  2742  2742 I HoneySpace.DeJankUtils: traversals callback's received
08-13 16:19:48.980  2742  2742 I HoneySpace.DeJankUtils: doActionRunnable is called com.honeyspace.common.performance.JankWrapper$addCujInstrumentation$1$4$1@15387bc, immediate = true, detail : app transition end
08-13 16:19:48.980  2742  2742 I HoneySpace.AppTransitionAnimationAwait: proceed 1
08-13 16:19:48.980  2742  2742 I HoneySpace.FloatingFinishHelper: finishInProgress: false
08-13 16:19:48.982  2742  4755 I VRI[LauncherActivity]@3489192: mWNT: t=0xb40000760934b790 mBlastBufferQueue=0xb4000075190eebd0 fn= 57 HdrRenderState mRenderHdrSdrRatio=1.0 caller= com.android.systemui.shared.launcher.ViewRootImplCompat.mergeWithNextTransaction:4 com.honeyspace.transition.utils.SurfaceTransactionApplier.scheduleApply$lambda$1:26 com.honeyspace.transition.utils.SurfaceTransactionApplier.b:0
08-13 16:19:48.988  4917  4917 I InputMethodService: removeImeSurface
08-13 16:19:48.988  4917  4917 I InputMethodService: cancelImeSurfaceRemoval: removeCallbacks
08-13 16:19:48.991  1111  1111 I SurfaceFlinger: [Surface(name=39a4c69 InputMethod)/@0x97414dd - animation-leash of insets_animation#233632] attach to parent LayerHierarchy{RequestedLayerState{WindowToken{72c0868 type=2011 android.os.Binder@fb66f8b}#121 parentId=16} 2 children}
08-13 16:19:48.993  5596  5596 I InsetsSourceConsumer: applyRequestedVisibilityToControl: visible=false, type=ime, host=com.example.cupcake/androidx.activity.ComponentActivity
08-13 16:19:48.993 23813 21995 I AccountManagerService_23813_21995: log: getAccounts: accountType com.xiaomi, caller's uid 10349, pid 23813
08-13 16:19:48.994 23813 21995 I SecureDatabase_23813_21995: log: query: accounts, columns=[_id,type,name], selection=null, selectionArgs=null, groupBy=null, having=null, orderBy=null, limit=null
08-13 16:19:48.994 23813 21995 I SecureDatabase_23813_21995: log: query: cursor count=1
08-13 16:19:48.995 23813 21995 I SecureDatabase_23813_21995: log: query: row=[1,com.xiaomi,6521150625]
08-13 16:19:48.995 23813 21995 I AccountManagerService_23813_21995: log: validateAccountsAndPopulateCache>>>accountId=1 accountType=com.xiaomi accountName=6521150625
08-13 16:19:48.995 23813 21995 I AccountManagerService_23813_21995: log: getAccounts: accountType com.xiaomi, caller's uid 10349, pid 23813
08-13 16:19:48.995 23813 21995 I SecureDatabase_23813_21995: log: query: accounts, columns=[_id,type,name], selection=null, selectionArgs=null, groupBy=null, having=null, orderBy=null, limit=null
08-13 16:19:48.996  4917 27871 I HBD     : h [SKE_SPECIFIC] specific model[com.example.cupcake] loaded, 15191923 ns
08-13 16:19:48.998  2127  2127 D NavigationBar: setImeWindowStatus displayId=0 vis=0 backDisposition=0 showImeSwitcher=false imeShown=false
08-13 16:19:48.999  4917  4917 I InputMethodService: scheduleImeSurfaceRemoval: removeImeSurface is posted.
08-13 16:19:49.002  2742  2742 I HoneySpace.RectFAnimation: animation ended
08-13 16:19:49.003  2742  2742 I HoneySpace.SpringAnimPlayer: [Player:A(48.222)] floating spring animator end
08-13 16:19:49.003  1282  1615 V WindowManager: Relayout Window{327da48 u0 Splash Screen com.example.cupcake}: viewVisibility=8 req=1080x2340 ty=3 d0
08-13 16:19:49.004 23813 23813 I NotifySyncService_23813_23813: onNotificationPosted Id:1332 , appName : Samsung yakalama
08-13 16:19:49.005 23813 23813 I NotifySyncService_23813_23813:  isOngoing = true isIncomingCall = false
08-13 16:19:49.005  1282  1615 V WindowManager: Relayout hash=327da48, pid=2127, syncId=-1: mAttrs={(0,0)(fillxfill) sim={adjust=pan} layoutInDisplayCutoutMode=always ty=APPLICATION_STARTING fmt=TRANSLUCENT wanim=0x1030312
08-13 16:19:49.005  1282  1615 V WindowManager:   fl=81030118
08-13 16:19:49.005  1282  1615 V WindowManager:   pfl=10000810
08-13 16:19:49.005  1282  1615 V WindowManager:   apr=18
08-13 16:19:49.005  1282  1615 V WindowManager:   bhv=1
08-13 16:19:49.005  1282  1615 V WindowManager:   fitSides=0
08-13 16:19:49.005  1282  1615 V WindowManager:   frameRateBoostOnTouch=true
08-13 16:19:49.005  1282  1615 V WindowManager:   dvrrWindowFrameRateHint=true naviIconColor=0}
08-13 16:19:49.006  2127  2816 D LocalImageResolver: Couldn't use ImageDecoder for drawable, falling back to non-resized load.
08-13 16:19:49.009  2127  2816 D LocalImageResolver: Couldn't use ImageDecoder for drawable, falling back to non-resized load.
08-13 16:19:49.011 23813 21995 I SecureDatabase_23813_21995: log: query: cursor count=1
08-13 16:19:49.011 23813 21995 I SecureDatabase_23813_21995: log: query: row=[1,com.xiaomi,6521150625]
08-13 16:19:49.011 23813 21995 I AccountManagerService_23813_21995: log: validateAccountsAndPopulateCache>>>accountId=1 accountType=com.xiaomi accountName=6521150625
08-13 16:19:49.011  2742  1823 I HoneySpace.HistoryViewModel@160600677@OneUI: Illegal access. Unknown type. skip load history items
08-13 16:19:49.013  2127  2334 I VRI[cupcake]@486860: Relayout returned: old=(0,0,1080,2340) new=(0,0,1080,2340) relayoutAsync=false req=(1080,2340)8 dur=28 res=0x2 s={false 0x0} ch=true seqId=0
08-13 16:19:49.013  2127  2334 D VRI[cupcake]@486860: Not drawing due to not visible. Reason=View.GONE
08-13 16:19:49.013  2127  2334 W WindowOnBackDispatcher: sendCancelIfRunning: isInProgress=false callback=android.view.ViewRootImpl$$ExternalSyntheticLambda15@93baa8c
08-13 16:19:49.014  2127  2334 I VRI[cupcake]@486860: dispatchDetachedFromWindow
08-13 16:19:49.018  1282  4371 D InputTransport: Input channel destroyed: '327da48', fd=1026
08-13 16:19:49.018  2127  2127 I AppIconSolution: return adaptive icon for com.samsung.android.app.smartcapture, isNight = true
08-13 16:19:49.018  1282  4371 W InputManager-JNI: Input channel object '327da48 Splash Screen com.example.cupcake (client)' was disposed without first being removed with the input manager!
08-13 16:19:49.018  1282  4371 D InputTransport: Input channel destroyed: '327da48', fd=1032
08-13 16:19:49.019  1111  1111 E SurfaceFlinger: alpha changed 1.000 -> 0.000 - Surface(name=39a4c69 InputMethod)/@0x97414dd - animation-leash of insets_animation#233632
08-13 16:19:49.019  1111  1111 I SurfaceFlinger: [LayerHierarchy{RequestedLayerState{RemoteWallpaperAnim:1:1#7 parentId=4 z=1} 1 children}] reparent to LayerHierarchy{RequestedLayerState{OneHanded:0:14#4 parentId=3} 5 children}
08-13 16:19:49.019  1111  1111 I SurfaceFlinger: [LayerHierarchy{RequestedLayerState{ImeContainer#16 parentId=233619 relativeParentId=233619 z=3} 1 children}] reparent to LayerHierarchy{RequestedLayerState{ActivityRecord{af9273 u0 com.example.cupcake/androidx.activity.ComponentActivity t2223}#233619 parentId=233618} 4 children}
08-13 16:19:49.019  1111  1111 I SurfaceFlinger: [LayerHierarchy{RequestedLayerState{ImeContainer#16 parentId=233619 relativeParentId=233619 z=3} 1 children}] RelativeParent to null
08-13 16:19:49.019  1111  1111 I SurfaceFlinger: [LayerHierarchy{RequestedLayerState{39a4c69 InputMethod#135 parentId=233632} no children}] reparent to LayerHierarchy{RequestedLayerState{Surface(name=39a4c69 InputMethod)/@0x97414dd - animation-leash of insets_animation#233632 parentId=121} 1 children}
08-13 16:19:49.019  1111  1111 I SurfaceFlinger: [LayerHierarchy{RequestedLayerState{Surface(name=39a4c69 InputMethod)/@0x97414dd - animation-leash of insets_animation#233616} no children}] reparent to OffscreenRoot
08-13 16:19:49.019  1111  1111 I SurfaceFlinger: [LayerHierarchy{RequestedLayerState{Surface(name=39a4c69 InputMethod)/@0x97414dd - animation-leash of insets_animation#233616} no children}] RelativeParent to null
08-13 16:19:49.019  1111  1111 I SurfaceFlinger: [LayerHierarchy{RequestedLayerState{Surface(name=RemoteWallpaperAnim:1:1)/@0xcc52fc5 - animation-leash of remote_wallpaper#233614 z=1} no children}] reparent to OffscreenRoot
08-13 16:19:49.019  1111  1111 I SurfaceFlinger: [LayerHierarchy{RequestedLayerState{Surface(name=RemoteWallpaperAnim:1:1)/@0xcc52fc5 - animation-leash of remote_wallpaper#233614 z=1} no children}] RelativeParent to null
08-13 16:19:49.020  2127  2334 D InputTransport: Input channel destroyed: '327da48', fd=447
08-13 16:19:49.020  1111  1111 I SurfaceFlinger: id=233616 Removed Surface(name=39a4c69 InputMethod)/@0x97414dd - animation-leash of insets_animation#233616 (170)
08-13 16:19:49.021  1282  1447 I SurfaceControl: apply, lowDebugName=RemoveStartingRevealAnim, caller=android.view.SurfaceControl$Transaction.apply:3122 android.view.SurfaceControl$Transaction.apply:3078 com.android.server.wm.WindowAnimator.animate:380 com.android.server.wm.WindowAnimator$$ExternalSyntheticLambda1.doFrame:14 android.view.Choreographer$CallbackRecord.run:1749 android.view.Choreographer$CallbackRecord.run:1760
08-13 16:19:49.023  1282  1444 D PkgPredictorService-SecIpmManagerServiceImpl: bg information pid:5736 uid:10419 pkgName:com.example.cupcake.test
08-13 16:19:49.023  1282  3019 I NSLocationMonitor: getGPSUsingApps() called
08-13 16:19:49.024  2952  2996 I NSLocationManager_FLP: getGPSUsingApps, No change
08-13 16:19:49.030  2127  2127 D S.S.N.  : entryViewBound parent :0|com.samsung.android.app.smartcapture|1332|null|10190
08-13 16:19:49.033  2127  2127 I AppIconSolution: return adaptive icon for com.samsung.android.app.smartcapture, isNight = true
08-13 16:19:49.033  1111  1111 I SurfaceFlinger: Layer [Splash Screen com.example.cupcake$_2127#233621] hidden!! flag(1)
08-13 16:19:49.033  1111  1111 I SurfaceFlinger: destroyed Surface(name=39a4c69 InputMethod)/@0x97414dd - animation-leash of insets_animation#233616
08-13 16:19:49.033  1111  1111 I SurfaceFlinger: [LayerHierarchy{RequestedLayerState{Surface(name=f3ff9f9 com.example.cupcake/androidx.activity.ComponentActivity)/@0x87f686f - animation-leash of starting_reveal#233630} 1 children}] reparent to OffscreenRoot
08-13 16:19:49.033  1111  1111 I SurfaceFlinger: [LayerHierarchy{RequestedLayerState{Surface(name=f3ff9f9 com.example.cupcake/androidx.activity.ComponentActivity)/@0x87f686f - animation-leash of starting_reveal#233630} 1 children}] RelativeParent to null
08-13 16:19:49.033  1111  1111 I SurfaceFlinger: [LayerHierarchy{RequestedLayerState{f3ff9f9 com.example.cupcake/androidx.activity.ComponentActivity#233622 parentId=233619} 1 children}] reparent to LayerHierarchy{RequestedLayerState{ActivityRecord{af9273 u0 com.example.cupcake/androidx.activity.ComponentActivity t2223}#233619 parentId=233618} 4 children}
08-13 16:19:49.033  5736  5756 D HWUI    : CacheManager::trimMemory(40)
08-13 16:19:49.033  1111  1223 I SurfaceFlinger: id=233613 Removed Surface(name=Task=2222)/@0xd823c09_transition-leash#233613 (170)
08-13 16:19:49.036  1111  1111 I Layer   : id=233616 Destroyed Surface(name=39a4c69 InputMethod)/@0x97414dd - animation-leash of insets_animation#233616
08-13 16:19:49.036  1111  1223 I SurfaceFlinger: id=233612 Removed Surface(name=Task=1)/@0xc53b9d3_transition-leash#233612 (169)
08-13 16:19:49.045  2127  2127 D SubscreenNotificationListCoordinator: onAfterRenderList() isSubScreen = false, pluginLockMode = 0, doNotShowOnCover = false
08-13 16:19:49.050  1111  1111 D SurfaceFlinger: Display 4633128672291735932 HWC layers:
08-13 16:19:49.050  1111  1111 D SurfaceFlinger:        DEVICE |   0xb4000079e28c6110 | 0000 | RGBA_8888    |    0.0    0.0 1080.0 2340.0 |    0    0 1080 2340 | Wallpaper BBQ wrapper 5_system#82 (19)
08-13 16:19:49.050  1111  1111 D SurfaceFlinger:        DEVICE |   0xb4000079e2920f50 | 0001 | RGBA_8888    |    0.0    0.0 1080.0 2340.0 |    0    0 1080 2340 | com.sec.android.app.launcher/com.sec[...]vities.LauncherActivity$_2742#233607 (57)
08-13 16:19:49.050  1111  1111 D SurfaceFlinger:        CLIENT |   0xb4000079e293c850 | 0001 | RGBA_8888    |    0.0    0.0 1080.0 2340.0 |    1    2 1079 2338 | com.example.cupcake/androidx.activity.ComponentActivity$_5596#233626 (1)
08-13 16:19:49.050  1111  1111 D SurfaceFlinger:        DEVICE |   0xb4000079e28bb590 | 0001 | RGBA_8888    |    0.0    0.0 1080.0   80.0 |    0    0 1080   80 | StatusBar$_2127#106 (79408)
08-13 16:19:49.050  1111  1111 D SurfaceFlinger:        DEVICE |   0xb4000079e2935310 | 0001 | RGBA_8888    |    0.0    0.0 1080.0  135.0 |    0 2205 1080 2340 | NavigationBar0$_2127#101 (129776)
08-13 16:19:49.050  1111  1111 D SurfaceFlinger:        DEVICE |   0xb4000079e28c8410 | 0001 | RGBA_8888    |    0.0  249.0 1034.0  827.0 |   46    0 1080  578 | $_4855#233489 (383)
08-13 16:19:49.050  1111  1111 D SurfaceFlinger:
08-13 16:19:49.051  1111  1111 I SurfaceFlinger: destroyed Surface(name=Task=1)/@0xc53b9d3_transition-leash#233612
08-13 16:19:49.051  1111  1111 I SurfaceFlinger: destroyed Surface(name=Task=2222)/@0xd823c09_transition-leash#233613
08-13 16:19:49.052  1282  3019 W LocationManagerService: onFreezeStateChanged, uid[10329]=true
08-13 16:19:49.052  1111  1111 I Layer   : id=233613 Destroyed Surface(name=Task=2222)/@0xd823c09_transition-leash#233613
08-13 16:19:49.052  1111  1111 I Layer   : id=233612 Destroyed Surface(name=Task=1)/@0xc53b9d3_transition-leash#233612
08-13 16:19:49.055  2127  2303 I SurfaceControlRegistry: apply, t=FinishTransaction_SyncId<20531>, caller=android.view.SurfaceControl$Transaction.apply:3135 android.view.SurfaceControl$Transaction.apply:3122 android.view.SurfaceControl$Transaction.apply:3078 com.android.wm.shell.transition.Transitions.onFinish:308 com.android.wm.shell.transition.Transitions$$ExternalSyntheticLambda8.onTransitionFinished:10 com.android.wm.shell.transition.DefaultTransitionHandler$$ExternalSyntheticLambda6.run:36
08-13 16:19:49.060  2127  2127 D SecKeyguardClockPositionAlgorithm: getTopMargin scale = 1.2690217, clockContainerHeight = 389, scaleMarginY = -41
08-13 16:19:49.063  1111  1111 I SurfaceFlinger: Layer [Task=1#52] hidden!! flag(1)
08-13 16:19:49.063  1111  1111 I SurfaceFlinger: [LayerHierarchy{RequestedLayerState{Task=1#52 parentId=11} 2 children}] reparent to LayerHierarchy{RequestedLayerState{DefaultTaskDisplayArea_d0#11 parentId=10} 8 children}
08-13 16:19:49.063  1111  1111 I SurfaceFlinger: [LayerHierarchy{RequestedLayerState{WallpaperWindowToken{b638ffb token=android.os.Binder@64ddd8a}#74 parentId=9 z=1} 1 children}] reparent to LayerHierarchy{RequestedLayerState{Leaf:1:1#9 parentId=8} 2 children}
08-13 16:19:49.063  1111  1111 I SurfaceFlinger: [LayerHierarchy{RequestedLayerState{Transition Root: Task=2223#233623 z=3} 1 children}] reparent to OffscreenRoot
08-13 16:19:49.063  1111  1111 I SurfaceFlinger: [LayerHierarchy{RequestedLayerState{Transition Root: Task=2223#233623 z=3} 1 children}] RelativeParent to null
08-13 16:19:49.063  1111  1111 I SurfaceFlinger: [LayerHierarchy{RequestedLayerState{Task=2223#233618 parentId=11 z=3} 1 children}] reparent to LayerHierarchy{RequestedLayerState{DefaultTaskDisplayArea_d0#11 parentId=10} 8 children}
08-13 16:19:49.063  1111  1162 I SurfaceFlinger: id=233614 Removed Surface(name=RemoteWallpaperAnim:1:1)/@0xcc52fc5 - animation-leash of remote_wallpaper#233614 (167)
08-13 16:19:49.064  2742  2742 I HoneySpace.TaskListViewModel: onTaskRemoved : 2222
08-13 16:19:49.064  2742  2742 I HoneySpace.TaskListViewModel: onTaskRemoved : 2222
08-13 16:19:49.064  2742  2742 I HoneySpace.TaskListPot: taskRemoveId, taskId = 2222
08-13 16:19:49.064  2742  2742 I HoneySpace.StackRecentsView: INVALID_TASK_POSITION 2222
08-13 16:19:49.064  2742  2742 I HoneySpace.TaskListViewModel: onTaskRemoved : 2222
08-13 16:19:49.064  2742  2742 I HoneySpace.TaskListViewModel: onTaskRemoved : 2222
08-13 16:19:49.064  2742  2742 I HoneySpace.TaskListPot: taskRemoveId, taskId = 2222
08-13 16:19:49.064  2742  2887 I HoneySpace.TopTaskSource: onTaskRemoved: 2222
08-13 16:19:49.064  2742  2742 I HoneySpace.StackRecentsView: INVALID_TASK_POSITION 2222
08-13 16:19:49.066  1282  1941 D InetDiagMessage: Destroyed 0 sockets, proto=IPPROTO_TCP, family=AF_INET, states=14
08-13 16:19:49.067  1282  1941 D InetDiagMessage: Destroyed 0 sockets, proto=IPPROTO_TCP, family=AF_INET6, states=14
08-13 16:19:49.067  1282  1941 D InetDiagMessage: Destroyed live tcp sockets for uids={5012} in 2ms
08-13 16:19:49.068  2127  2127 I LockscreenNotificationIconsOnlyController: onNotificationInfoUpdated 0
08-13 16:19:49.068  2127  2127 I AODNotificationManager: updateNotification()
08-13 16:19:49.069 23813 30394 W FA      : Failed to retrieve Firebase Instance Id
08-13 16:19:49.070  1282  1282 D SemWifiP2pGoPowerSave: GopsReceiver : received : com.samsung.intent.action.CHECK_SIOP_LEVEL
08-13 16:19:49.070  1282  1282 I SemWifiP2pGoPowerSave: siop_level = -1
08-13 16:19:49.071  2127  3285 I WallpaperService: dispatchAppVisibility: system, visible=false , mLidState = -1
08-13 16:19:49.071  2742  2742 I VRI[LauncherActivity]@3489192: handleAppVisibility mAppVisible = true visible = false
08-13 16:19:49.072  2127  2436 I WallpaperService: reportVisibility: visibility changed. visible=false
08-13 16:19:49.072  2127  2436 I ImageWallpaper_5[Image]:  onVisibilityChanged: visible=false , displayId=0
08-13 16:19:49.074  1282  4807 D SyntheticPasswordManager.SDP: Inside fromBytes() - result.pinLength : -1
08-13 16:19:49.074  1282  4807 D SyntheticPasswordManager.SDP: 2. result.secureMode : 0
08-13 16:19:49.076  1111  1111 D SurfaceFlinger: Display 4633128672291735932 HWC layers:
08-13 16:19:49.076  1111  1111 D SurfaceFlinger:        DEVICE |   0xb4000079e293c850 | 0001 | RGBA_8888    |    0.0    0.0 1080.0 2340.0 |    0    0 1080 2340 | com.example.cupcake/androidx.activity.ComponentActivity$_5596#233626 (1)
08-13 16:19:49.076  1111  1111 D SurfaceFlinger:        DEVICE |   0xb4000079e28bb590 | 0001 | RGBA_8888    |    0.0    0.0 1080.0   80.0 |    0    0 1080   80 | StatusBar$_2127#106 (79408)
08-13 16:19:49.076  1111  1111 D SurfaceFlinger:        DEVICE |   0xb4000079e2935310 | 0001 | RGBA_8888    |    0.0    0.0 1080.0  135.0 |    0 2205 1080 2340 | NavigationBar0$_2127#101 (129776)
08-13 16:19:49.076  1111  1111 D SurfaceFlinger:        DEVICE |   0xb4000079e28c8410 | 0001 | RGBA_8888    |    0.0  249.0 1034.0  827.0 |   46    0 1080  578 | $_4855#233489 (383)
08-13 16:19:49.076  1111  1111 D SurfaceFlinger:
08-13 16:19:49.076  1111  1111 I SurfaceFlinger: destroyed Surface(name=RemoteWallpaperAnim:1:1)/@0xcc52fc5 - animation-leash of remote_wallpaper#233614
08-13 16:19:49.076  1111  1111 I SurfaceFlinger: [LayerHierarchy{RequestedLayerState{Transition Root: Task=2223#233623 z=3} no children}] reparent to OffscreenRoot
08-13 16:19:49.076  1111  1111 I SurfaceFlinger: [LayerHierarchy{RequestedLayerState{Transition Root: Task=2223#233623 z=3} no children}] RelativeParent to null
08-13 16:19:49.077  1111  1111 I Layer   : id=233614 Destroyed Surface(name=RemoteWallpaperAnim:1:1)/@0xcc52fc5 - animation-leash of remote_wallpaper#233614
08-13 16:19:49.077  1111  1111 I SurfaceFlinger: id=233623 Removed Transition Root: Task=2223#233623 (166)
08-13 16:19:49.079  2127  2127 D SamsungLightBarControlHelper: updateStatusBar (WHITE icon) numStacks:1, StatusBarMode:MODE_TRANSPARENT, lightBarBounds:[], StatusBarState:SHADE, packageName:, isWhiteKeyguardStatusBar:false
08-13 16:19:49.079  2127  2127 D SamsungLightBarControlHelper: onStatusBarAppearanceChanged() -  sbModeChanged:false, statusBarMode:0, barState:MODE_TRANSPARENT, isKeyguardShowing:false, navbarColorManagedByIme:false, (AppearanceRegion{ bounds=[0,0][1080,2340]}, )
08-13 16:19:49.082  1282  4402 V WindowManager: Relayout Window{c2c214a u0 com.sec.android.app.launcher/com.sec.android.app.launcher.activities.LauncherActivity}: viewVisibility=8 req=1080x2340 ty=1 d0
08-13 16:19:49.084  1282  4402 V WindowManager: Relayout hash=c2c214a, pid=2742, syncId=-1: mAttrs={(0,0)(fillxfill) sim={adjust=nothing forwardNavigation} layoutInDisplayCutoutMode=always ty=BASE_APPLICATION fmt=TRANSPARENT wanim=0x1030301
08-13 16:19:49.084  1282  4402 V WindowManager:   fl=81910100
08-13 16:19:49.084  1282  4402 V WindowManager:   pfl=10008840
08-13 16:19:49.084  1282  4402 V WindowManager:   bhv=2
08-13 16:19:49.084  1282  4402 V WindowManager:   fitSides=0
08-13 16:19:49.084  1282  4402 V WindowManager:   frameRateBoostOnTouch=true
08-13 16:19:49.084  1282  4402 V WindowManager:   dvrrWindowFrameRateHint=true screenDimDuration=200000 naviIconColor=0}
08-13 16:19:49.086  2742  2742 I VRI[LauncherActivity]@3489192: Relayout returned: old=(0,0,1080,2340) new=(0,0,1080,2340) relayoutAsync=false req=(1080,2340)8 dur=4 res=0x2 s={false 0x0} ch=true seqId=0
08-13 16:19:49.087  1034  1034 I Zygote  : Process 4074 exited due to signal 9 (Killed)
08-13 16:19:49.091  1282  1469 I libprocessgroup: Removed cgroup /sys/fs/cgroup/uid_10266/pid_4074
08-13 16:19:49.095  1111  1111 I SurfaceFlinger: Layer [com.sec.android.app.launcher/com.sec[...]vities.LauncherActivity$_2742#233607] hidden!! flag(1)
08-13 16:19:49.095  1111  1111 I SurfaceFlinger: Layer [ActivityRecord{b3168b5 u0 com.sec.an[...].activities.LauncherActivity t6}#123] hidden!! flag(1)
08-13 16:19:49.095  1111  1111 I SurfaceFlinger: Layer [com.android.systemui.wallpapers.ImageWallpaper$_2127#81] hidden!! flag(1)
08-13 16:19:49.095  1111  1111 I SurfaceFlinger: Layer [WallpaperWindowToken{b638ffb token=android.os.Binder@64ddd8a}#74] hidden!! flag(1)
08-13 16:19:49.095  1111  1111 I SurfaceFlinger: Layer [Task=6#122] hidden!! flag(1)
08-13 16:19:49.095  1111  1111 I SurfaceFlinger: destroyed Transition Root: Task=2223#233623
08-13 16:19:49.095  1111  1111 I SurfaceFlinger: [LayerHierarchy{RequestedLayerState{ImeContainer#16 parentId=233619 relativeParentId=233622 z=1} 1 children}] RelativeParent to LayerHierarchy{RequestedLayerState{f3ff9f9 com.example.cupcake/androidx.activity.ComponentActivity#233622 parentId=233619} 2 children}
08-13 16:19:49.095  1111  1111 I SurfaceFlinger: [LayerHierarchy{RequestedLayerState{327da48 Splash Screen com.example.cupcake#233620 z=2147483647} 1 children}] reparent to OffscreenRoot
08-13 16:19:49.095  1111  1111 I SurfaceFlinger: [LayerHierarchy{RequestedLayerState{327da48 Splash Screen com.example.cupcake#233620 z=2147483647} 1 children}] RelativeParent to null
08-13 16:19:49.095  1111  1111 I SurfaceFlinger: [LayerHierarchy{RequestedLayerState{Splash Screen com.example.cupcake$_2127#233621} no children}] reparent to OffscreenRoot
08-13 16:19:49.095  1111  1111 I SurfaceFlinger: [LayerHierarchy{RequestedLayerState{Splash Screen com.example.cupcake$_2127#233621} no children}] RelativeParent to null
08-13 16:19:49.095  1111  1111 I Layer   : id=233623 Destroyed Transition Root: Task=2223#233623
08-13 16:19:49.096  1111  1111 I SurfaceFlinger: id=233620 Removed 327da48 Splash Screen com.example.cupcake#233620 (165)
08-13 16:19:49.096  1111  1111 I SurfaceFlinger: id=233621 Removed Splash Screen com.example.cupcake$_2127#233621 (165)
08-13 16:19:49.101  2742  2108 I HoneySpace.RecentTasks: onRecentTasksChanged
08-13 16:19:49.103  1111  1111 I SurfaceFlinger: destroyed 327da48 Splash Screen com.example.cupcake#233620
08-13 16:19:49.103  1111  1111 I SurfaceFlinger: destroyed Splash Screen com.example.cupcake$_2127#233621
08-13 16:19:49.105  1111  1111 I Layer   : id=233621 Destroyed Splash Screen com.example.cupcake$_2127#233621
08-13 16:19:49.105  1111  1111 I Layer   : id=233620 Destroyed 327da48 Splash Screen com.example.cupcake#233620
08-13 16:19:49.114  1111  1747 D NativeSemDvfsManager: acquire:: timeout = 2000 mIsAcquired = 1  mTagName : SurfaceFlinger
08-13 16:19:49.114  1111  1747 E NativeCustomFrequencyManager: [NativeCFMS] BpCustomFrequencyManager::acquire()
08-13 16:19:49.119  2127  2127 D SystemUIService: SYSUI_RAM_OPTIMIZATION onTrimMemory=20
08-13 16:19:49.122  1062  1149 I HYPER-HAL: [RequestManager.cpp]acquire(): Acquired ID : 2230216  [1111 / 1000]    HINT : SF_GPU_MINLOCK    list : [TIMEOUT / 2000]
08-13 16:19:49.124  2742  2887 I HoneySpace.TopTaskSource: onTaskRemoved: 2222
08-13 16:19:49.125  2742  2108 I HoneySpace.HistoryViewModel@160600677@OneUI: Illegal access. Unknown type. skip load history items
08-13 16:19:49.119  2127  2127 D CentralSurfaces: SYSUI_RAM_OPTIMIZATION onTrimMemory=20
08-13 16:19:49.130  2127  2390 D HWUI    : CacheManager::trimMemory(20)
08-13 16:19:49.137  2742  2742 I SearchHoneyPot: onViewCreated: onStop
08-13 16:19:49.137  2742  2742 I HoneySpace.ContentsAnimator: end call
08-13 16:19:49.138  2742  4826 I HoneySpace.HoneyAppWidgetHost: stopListening, host: @fcf5abe
08-13 16:19:49.138  2742  2742 I VRI[LauncherActivity]@3489192: stopped(true) old = false
08-13 16:19:49.139  1282  4902 I AppWidgetServiceImpl: stopListening callbacks : null
08-13 16:19:49.140  2742  2742 I HoneySpace.Launcher: !@Boot_EBS_D: Launcher.onStop()
08-13 16:19:49.141  2742  2742 I HoneySpace.OneUiSpace: onSaveInstanceState honeyScreen=s3.Z@5e3b71f
08-13 16:19:49.142  2742  4782 I HoneySpace.Memory-Monitor: scheduleTrim
08-13 16:19:49.145 22781 22781 I bmex    : onStop
08-13 16:19:49.147  1244  6944 I CameraService: onUidStateChanged: uid=10222, procState is changed. (3 -> 5)
08-13 16:19:49.148  1244  6944 I CameraService: onUidStateChanged: uid=10219, procState is changed. (3 -> 5)
08-13 16:19:49.153  2782  3390 I EPDG -- SIM0 [SMARTWIFI]: isProfiling, hash=209119329, started=false
08-13 16:19:49.157 23813 30394 W FA      : Failed to retrieve Firebase Instance Id
08-13 16:19:49.159  1111  1111 I SurfaceFlinger: [LayerHierarchy{RequestedLayerState{com.sec.android.app.launcher/com.sec.android.app.launcher.activities.LauncherActivity$_2742#233607} no children}] reparent to OffscreenRoot
08-13 16:19:49.159  1111  1111 I SurfaceFlinger: [LayerHierarchy{RequestedLayerState{com.sec.android.app.launcher/com.sec.android.app.launcher.activities.LauncherActivity$_2742#233607} no children}] RelativeParent to null
08-13 16:19:49.161  1111  1732 I SurfaceFlinger: id=233607 Removed com.sec.android.app.launcher/com.sec.android.app.launcher.activities.LauncherActivity$_2742#233607 (163)
08-13 16:19:49.163  1282  1444 D PkgPredictorService-SecIpmManagerServiceImpl: bg information pid:2742 uid:10132 pkgName:com.sec.android.app.launcher
08-13 16:19:49.169  1111  1111 I SurfaceFlinger: destroyed com.sec.android.app.launcher/com.sec.android.app.launcher.activities.LauncherActivity$_2742#233607
08-13 16:19:49.170  1111  1111 I Layer   : id=233607 Destroyed com.sec.android.app.launcher/com.sec.android.app.launcher.activities.LauncherActivity$_2742#233607
08-13 16:19:49.179  1062  6039 I HYPER-HAL: [RequestManager.cpp]releaseLocked(): Released ID : 850882
08-13 16:19:49.185 23813 30394 W FA      : Failed to retrieve Firebase Instance Id
08-13 16:19:49.198  1282  3019 W LocationManagerService: onFreezeStateChanged, uid[10329]=false
08-13 16:19:49.203 23813 30394 W FA      : Failed to retrieve Firebase Instance Id
08-13 16:19:49.221 23813 30394 W FA      : Failed to retrieve Firebase Instance Id
08-13 16:19:49.228  1066  4972 I ExynosC2H264EncComponent: [onUpdateC2Work] got SYNC FRAME
08-13 16:19:49.240 23813 30394 W FA      : Failed to retrieve Firebase Instance Id
08-13 16:19:49.253  6225  4501 I NetworkScheduler: (REDACTED) Error inserting %s
08-13 16:19:49.256 23813 30394 W FA      : Failed to retrieve Firebase Instance Id
08-13 16:19:49.270 23813 30394 W FA      : Failed to retrieve Firebase Instance Id
08-13 16:19:49.292  6225  5259 I NetworkScheduler: (REDACTED) Error inserting %s
08-13 16:19:49.310  4855  4855 I [SC_ScreenRecorder]_FloatingButtonView: 00:00:16
08-13 16:19:49.343  1282  4402 V GrammaticalInflectionUtils: AttributionSource: AttributionSource { uid = 10419, packageName = null, attributionTag = null, token = android.os.Binder@88f1d92, deviceId = 0, next = null } does not have READ_SYSTEM_GRAMMATICAL_GENDER permission.
08-13 16:19:49.346  1282  2936 I SemDvfsHyPerManager: acquire hyper - AMS_APP_SWITCH/1282@26, type = -999
08-13 16:19:49.346  1111  1223 I SurfaceFlinger: id=233633 createSurf, flag=24004, Task=2224#233633
08-13 16:19:49.347  1062  1149 I HYPER-HAL: [RequestManager.cpp]acquire(): Acquired ID : 856112  [1282 / 26]    HINT : AMS_APP_SWITCH    list :
08-13 16:19:49.348  4368  4368 I SemDvfsHyPerManager: acquire hyper - APP_START_SHORT/4368@14, type = -999
08-13 16:19:49.349  1111  1223 I SurfaceFlinger: id=233634 createSurf, flag=84004, ActivityRecord{a9de0f u0 com.example.cupcake.test/androidx.test.core.app.InstrumentationActivityInvoker$EmptyActivity t2224}#233634
08-13 16:19:49.349  1062  1149 I HYPER-HAL: [RequestManager.cpp]acquire(): Acquired ID : 9603167  [4368 / 14]    HINT : APP_START    list : [TIMEOUT / 1500]
08-13 16:19:49.349  1111  1111 I SurfaceFlinger: [Task=2224#233633] attach to parent LayerHierarchy{RequestedLayerState{DefaultTaskDisplayArea_d0#11 parentId=10} 9 children}
08-13 16:19:49.349  1111  1111 I SurfaceFlinger: [ActivityRecord{a9de0f u0 com.example.cupcake.test/androidx.test.core.app.InstrumentationActivityInvoker$EmptyActivity t2224}#233634] attach to parent LayerHierarchy{RequestedLayerState{Task=2224#233633 parentId=11} 1 children}
08-13 16:19:49.364  1282  4402 I SemDvfsHyPerManager: acquire hyper - AMS_APP_LAUNCH/1282@21, type = -999
08-13 16:19:49.365  1062  1149 I HYPER-HAL: [RequestManager.cpp]acquire(): Acquired ID : 849577  [1282 / 21]    HINT : AMS_APP_LAUNCH    list :
08-13 16:19:49.365  4368  4368 I SemDvfsHyPerManager: acquire hyper - APP_START/4368@16, type = -999
08-13 16:19:49.365  3157  3157 E pageboostd: Received HALT command code 2
08-13 16:19:49.365  1062  1149 I HYPER-HAL: [RequestManager.cpp]acquire(): Acquired ID : 9611936  [4368 / 16]    HINT : APP_START    list :
08-13 16:19:49.369  5596  5596 D LifecycleMonitor: Lifecycle status change: androidx.activity.ComponentActivity@2693a1 in: PAUSED
08-13 16:19:49.370  5596  5596 V ActivityScenario: Update currentActivityStage to PAUSED, currentActivity=androidx.activity.ComponentActivity@2693a1
08-13 16:19:49.370  2127  2334 I ViewRootImpl: dVRR is disabled
08-13 16:19:49.371  2127  2390 D NativeCustomFrequencyManager: [NativeCFMS] BpCustomFrequencyManager::BpCustomFrequencyManager()
08-13 16:19:49.373  1244  6944 I CameraService: onUidStateChanged: uid=10043, procState is changed. (0 -> 1)
08-13 16:19:49.373  1282  4402 D InputDispatcher: Focused application(0): ActivityRecord{a9de0f u0 com.example.cupcake.test/androidx.test.core.app.InstrumentationActivityInvoker$EmptyActivity t2224}
08-13 16:19:49.375  1282  4478 D GraphicsStatsService: requestRenderEngineFor(com.example.cupcake.test)
08-13 16:19:49.378  1282  1967 D AS.MultiSoundManager: mForegroundUid = 10419
08-13 16:19:49.380  1282  3681 D InputTransport: Input channel constructed: 'f658007', fd=981
08-13 16:19:49.381  1282  3681 D InputTransport: Input channel constructed: 'f658007', fd=1007
08-13 16:19:49.382  1282  3681 D InputTransport: Input channel constructed: 'f658007', fd=1020
08-13 16:19:49.383  1111  1732 I SurfaceFlinger: id=233635 createSurf, flag=84004, f658007 Splash Screen com.example.cupcake.test#233635
08-13 16:19:49.384  1111  1111 I SurfaceFlinger: [f658007 Splash Screen com.example.cupcake.test#233635] attach to parent LayerHierarchy{RequestedLayerState{ActivityRecord{a9de0f u0 com.example.cupcake.test/androidx.test.core.app.InstrumentationActivityInvoker$EmptyActivity t2224}#233634 parentId=233633} 1 children}
08-13 16:19:49.390  2742  2887 I HoneySpace.TopTaskSource: onTaskMovedToFront : taskId = 2224, displayId = 0
08-13 16:19:49.390  2742  2108 I HoneySpace.RecentTasks: onRecentTasksChanged
08-13 16:19:49.390  2742  1824 I HoneySpace.RecentTasks: onRecentTasksChanged
08-13 16:19:49.392  2742  2889 I HoneySpace.TopTaskUseCase: topTaskId 2224, DisplayId : 0
08-13 16:19:49.394  1282  3681 D InputTransport: Input channel destroyed: 'f658007', fd=1020
08-13 16:19:49.398  2127  2334 D InputTransport: Input channel constructed: 'f658007', fd=528
08-13 16:19:49.398  2127  2334 I InsetsController: onStateChanged: host=Splash Screen com.example.cupcake.test, from=android.view.ViewRootImpl.setView:1999, state=InsetsState: {mDisplayFrame=Rect(0, 0 - 1080, 2340), mDisplayCutout=DisplayCutout{insets=Rect(0, 80 - 0, 0) waterfall=Insets{left=0, top=0, right=0, bottom=0} boundingRect={Bounds=[Rect(0, 0 - 0, 0), Rect(511, 0 - 569, 80), Rect(0, 0 - 0, 0), Rect(0, 0 - 0, 0)]} cutoutPathParserInfo={CutoutPathParserInfo{displayWidth=1080 displayHeight=2340 physicalDisplayWidth=1080 physicalDisplayHeight=2340 density={2.8125} cutoutSpec={M 0,0 M 0,7.822222222222222‬‬ a 10.31111111111111‬,10.31111111111111‬ 0 1,0 0,20.62222222222222‬ a 10.31111111111111‬,10.31111111111111‬ 0 1,0 0,-20.62222222222222‬ Z @dp} rotation={0} scale={1.0} physicalPixelDisplaySizeRatio={1.0}}} sideOverrides={}}, mRoundedCorners=RoundedCorners{[RoundedCorner{position=TopLeft, radius=113, center=Point(113, 113)}, RoundedCorner{position=TopRight, radius=113, center=Point(967, 113)}, RoundedCorner{position=BottomRight, radius=113, center=Point(967, 2227)}, RoundedCorner{position=BottomLeft, radius=113, center=Point(113, 2227)}]}  mRoundedCornerFrame=Rect(0, 0 - 1080, 2340), mPrivacyIndicatorBounds=PrivacyIndicatorBounds {static bounds=Rect(956, 0 - 1080, 80) rotation=0}, mDisplayShape=DisplayShape{ spec=-311912193 displayWidth=1080 displayHeight=2340 physicalPixelDisplaySizeRatio=1.0 rotation=0 offsetX=0 offsetY=0 scale=1.0}, mSources= { InsetsSource: {b9640000 mType=statusBars mFrame=[0,0][1080,80] mVisible=true mFlags= mSideHint=TOP mBoundingRects=null}, InsetsSource: {b9640005 mType=mandatorySystemGestures mFrame=[0,0][1080,114] mVisible=true mFlags= mSideHint=TOP mBoundingRects=null}, InsetsSource: {b9640006 mType=tappableElement mFrame=[0,0][1080,80] mVisible=true mFlags= mSideHint=TOP mBoundingRects=null}, InsetsSource: {d8440001 mType=navigationBars mFrame=[0,2298][1080,2340] mVisible=true mFlags=SUPPRESS_SCRIM mSideHint=BOTTOM mBoundingRects=null}, InsetsSource: {d8440004 mType=systemGestures mFrame=[0,0][63,2340] mVisible=true mFlags= mSideHint=LEFT mBoundingRects=null}, InsetsSource: {d8440005 mType=mandatorySystemGestures mFrame=[0,2250][1080,2340] mVisible=true mFlags= mSideHint=BOTTOM mBoundingRects=null}, InsetsSource: {d8440006 mType=tappableElement mFrame=[0,0][0,0] mVisible=true mFlags= mSideHint=NONE mBoundingRects=null}, InsetsSource: {d8440024 mType=systemGestures mFrame=[1017,0][1080,2340] mVisible=true mFlags= mSideHint=RIGHT mBoundingRects=null}, InsetsSource: {3 mType=ime mFrame=[0,0][0,0] mVisible=false mFlags= mSideHint=NONE mBoundingRects=null}, InsetsSource: {27 mType=displayCutout mFrame=[0,0][1080,80] mVisible=true mFlags= mSideHint=TOP mBoundingRects=null} }
08-13 16:19:49.399  2127  2334 I VRI[test]@922f836: synced displayState. AttachInfo displayState=2
08-13 16:19:49.399 21624 21938 I Rubin   : [92] U9.g.x(Unknown Source) : Notify com.samsung.android.rubin.inferenceengine.contextanalytics.engine.loggers.AppUsageLogger's database is updated.
08-13 16:19:49.401  1282  1444 D PkgPredictorService-SecIpmManagerServiceImpl: onForegroundActivitiesChanged pid:5736 uid:10419
08-13 16:19:49.401  1282  2840 V PkgPredictorService-SecIpmManagerServiceImpl: discard foreground app:com.example.cupcake.test 1|true
08-13 16:19:49.402  5736  5736 I DecorView: setWindowBackground: isPopOver=false color=ffffffff d=android.graphics.drawable.ColorDrawable@3c37019
08-13 16:19:49.407  5736  5736 I ViewRootImpl: dVRR is disabled
08-13 16:19:49.408  1282  1444 D NetworkPolicy: already checked 10419
08-13 16:19:49.408  1111  1111 I SurfaceFlinger: [LayerHierarchy{RequestedLayerState{ImeContainer#16 parentId=233619 relativeParentId=233619 z=1} 1 children}] RelativeParent to null
08-13 16:19:49.408  5736  5756 D NativeCustomFrequencyManager: [NativeCFMS] BpCustomFrequencyManager::BpCustomFrequencyManager()
08-13 16:19:49.409  1111  1111 I BpBinder: onLastStrongRef automatically unlinking death recipients:
08-13 16:19:49.414  1282  1615 D InputTransport: Input channel constructed: '82f3c0b', fd=932
08-13 16:19:49.414  1282  1615 D InputTransport: Input channel constructed: '82f3c0b', fd=1018
08-13 16:19:49.414  1282  1615 D InputTransport: Input channel constructed: '82f3c0b', fd=1020
08-13 16:19:49.415  1111  1732 I SurfaceFlinger: id=233636 createSurf, flag=84004, 82f3c0b com.example.cupcake.test/androidx.test.core.app.InstrumentationActivityInvoker$EmptyActivity#233636
08-13 16:19:49.416  1111  1111 I SurfaceFlinger: [82f3c0b com.example.cupcake.test/androidx.test.core.app.InstrumentationActivityInvoker$EmptyActivity#233636] attach to parent LayerHierarchy{RequestedLayerState{ActivityRecord{a9de0f u0 com.example.cupcake.test/androidx.test.core.app.InstrumentationActivityInvoker$EmptyActivity t2224}#233634 parentId=233633} 2 children}
08-13 16:19:49.417  2742  1821 I HoneySpace.HistoryViewModel@160600677@OneUI: Illegal access. Unknown type. skip load history items
08-13 16:19:49.418  1111  1209 D SurfaceFlinger: [input] setFocusedWindow: <null>
08-13 16:19:49.419  1282  1615 D InputTransport: Input channel destroyed: '82f3c0b', fd=1020
08-13 16:19:49.419  5736  5736 D InputTransport: Input channel constructed: '82f3c0b', fd=125
08-13 16:19:49.420  5736  5736 I InsetsController: onStateChanged: host=com.example.cupcake.test/androidx.test.core.app.InstrumentationActivityInvoker$EmptyActivity, from=android.view.ViewRootImpl.setView:1999, state=InsetsState: {mDisplayFrame=Rect(0, 0 - 1080, 2340), mDisplayCutout=DisplayCutout{insets=Rect(0, 80 - 0, 0) waterfall=Insets{left=0, top=0, right=0, bottom=0} boundingRect={Bounds=[Rect(0, 0 - 0, 0), Rect(511, 0 - 569, 80), Rect(0, 0 - 0, 0), Rect(0, 0 - 0, 0)]} cutoutPathParserInfo={CutoutPathParserInfo{displayWidth=1080 displayHeight=2340 physicalDisplayWidth=1080 physicalDisplayHeight=2340 density={2.8125} cutoutSpec={M 0,0 M 0,7.822222222222222‬‬ a 10.31111111111111‬,10.31111111111111‬ 0 1,0 0,20.62222222222222‬ a 10.31111111111111‬,10.31111111111111‬ 0 1,0 0,-20.62222222222222‬ Z @dp} rotation={0} scale={1.0} physicalPixelDisplaySizeRatio={1.0}}} sideOverrides={}}, mRoundedCorners=RoundedCorners{[RoundedCorner{position=TopLeft, radius=113, center=Point(113, 113)}, RoundedCorner{position=TopRight, radius=113, center=Point(967, 113)}, RoundedCorner{position=BottomRight, radius=113, center=Point(967, 2227)}, RoundedCorner{position=BottomLeft, radius=113, center=Point(113, 2227)}]}  mRoundedCornerFrame=Rect(0, 0 - 1080, 2340), mPrivacyIndicatorBounds=PrivacyIndicatorBounds {static bounds=Rect(956, 0 - 1080, 80) rotation=0}, mDisplayShape=DisplayShape{ spec=-311912193 displayWidth=1080 displayHeight=2340 physicalPixelDisplaySizeRatio=1.0 rotation=0 offsetX=0 offsetY=0 scale=1.0}, mSources= { InsetsSource: {b9640000 mType=statusBars mFrame=[0,0][1080,80] mVisible=true mFlags= mSideHint=TOP mBoundingRects=null}, InsetsSource: {b9640005 mType=mandatorySystemGestures mFrame=[0,0][1080,114] mVisible=true mFlags= mSideHint=TOP mBoundingRects=null}, InsetsSource: {b9640006 mType=tappableElement mFrame=[0,0][1080,80] mVisible=true mFlags= mSideHint=TOP mBoundingRects=null}, InsetsSource: {d8440001 mType=navigationBars mFrame=[0,2298][1080,2340] mVisible=true mFlags=SUPPRESS_SCRIM mSideHint=BOTTOM mBoundingRects=null}, InsetsSource: {d8440004 mType=systemGestures mFrame=[0,0][63,2340] mVisible=true mFlags= mSideHint=LEFT mBoundingRects=null}, InsetsSource: {d8440005 mType=mandatorySystemGestures mFrame=[0,2250][1080,2340] mVisible=true mFlags= mSideHint=BOTTOM mBoundingRects=null}, InsetsSource: {d8440006 mType=tappableElement mFrame=[0,0][0,0] mVisible=true mFlags= mSideHint=NONE mBoundingRects=null}, InsetsSource: {d8440024 mType=systemGestures mFrame=[1017,0][1080,2340] mVisible=true mFlags= mSideHint=RIGHT mBoundingRects=null}, InsetsSource: {3 mType=ime mFrame=[0,0][0,0] mVisible=false mFlags= mSideHint=NONE mBoundingRects=null}, InsetsSource: {27 mType=displayCutout mFrame=[0,0][1080,80] mVisible=true mFlags= mSideHint=TOP mBoundingRects=null} }
08-13 16:19:49.420  5736  5736 I VRI[InstrumentationActivityInvoker$EmptyActivity]@2b9c58c: synced displayState. AttachInfo displayState=2
08-13 16:19:49.422  1282  4478 D InputDispatcher: Focus left window (0): f3ff9f9 com.example.cupcake/androidx.activity.ComponentActivity
08-13 16:19:49.427  5596  5596 I ImeFocusController: onPreWindowFocus: skipped hasWindowFocus=false mHasImeFocus=true
08-13 16:19:49.427  5596  5596 I ImeFocusController: onPostWindowFocus: skipped hasWindowFocus=false mHasImeFocus=true
08-13 16:19:49.427  1282  4402 D InputDispatcher: Once focus requested (0): <null>
08-13 16:19:49.427 21624 21938 I Rubin   : [92] com.samsung.android.rubin.inferenceengine.contextanalytics.engine.monitors.moment.exercise.ExercisingWithCmhMonitor.isSatisfiedByCmh(Unknown Source) : isSatisfiedByCmh is false
08-13 16:19:49.432  5736  5736 I VRI[InstrumentationActivityInvoker$EmptyActivity]@2b9c58c: setView = com.android.internal.policy.DecorView@6cba3db IsHRR=false TM=true
08-13 16:19:49.434  2127  2334 I VRI[test]@922f836: setView = android.widget.FrameLayout@d634e0d IsHRR=false TM=true
08-13 16:19:49.434  2127  2390 D HWUI    : HWUI - treat SMPTE_170M as sRGB
08-13 16:19:49.436  5736  5756 D HWUI    : HWUI - treat SMPTE_170M as sRGB
08-13 16:19:49.438  2742  2887 I HoneySpace.TopTaskSource: onTaskFocusChanged(): taskId = 2224
08-13 16:19:49.438  2742  2887 I HoneySpace.TopTaskSource: onTaskMovedToFront : taskId = 2224, displayId = 0
08-13 16:19:49.439  2742  2108 I HoneySpace.HistoryViewModel@160600677@OneUI: Illegal access. Unknown type. skip load history items
08-13 16:19:49.444  1282  3681 V WindowManager: Relayout Window{82f3c0b u0 com.example.cupcake.test/androidx.test.core.app.InstrumentationActivityInvoker$EmptyActivity}: viewVisibility=0 req=1080x2340 ty=1 d0
08-13 16:19:49.444  1111  1732 I SurfaceFlinger: id=233637 createSurf, flag=44004, com.example.cupcake.test/androidx.test.core.app.InstrumentationActivityInvoker$EmptyActivity$_5736#233637
08-13 16:19:49.445  2127  2127 E {OngoingActivityController}: getTaskInfo find task 2223 fail. taskInfoList.size:3
08-13 16:19:49.445  2127  2127 I {OngoingActivityController}: onTaskFocusChanged focused:false, baseActivity:null
08-13 16:19:49.449  1111  1223 I SurfaceFlinger: id=233638 createSurf, flag=24000, Surface(name=8a94d40 NavigationBar0)/@0x65d636d - animation-leash of insets_animation#233638
08-13 16:19:49.451  1111  1111 I SurfaceFlinger: [com.example.cupcake.test/androidx.test.core.app.InstrumentationActivityInvoker$EmptyActivity$_5736#233637] attach to parent LayerHierarchy{RequestedLayerState{82f3c0b com.example.cupcake.test/androidx.test.core.app.InstrumentationActivityInvoker$EmptyActivity#233636 parentId=233634} 1 children}
08-13 16:19:49.451  1111  1111 I SurfaceFlinger: [Surface(name=8a94d40 NavigationBar0)/@0x65d636d - animation-leash of insets_animation#233638] attach to parent LayerHierarchy{RequestedLayerState{WindowToken{4aa5472 type=2019 android.os.BinderProxy@bd187d4}#87 parentId=31} 2 children}
08-13 16:19:49.452  1111  1223 I SurfaceFlinger: id=233639 createSurf, flag=24000, Surface(name=e0324bb StatusBar)/@0x8487ff0 - animation-leash of insets_animation#233639
08-13 16:19:49.455  1282  3681 I SystemKeyManager: requested systemKeyInfo size=2 focusedWindow=com.example.cupcake.test/androidx.test.core.app.InstrumentationActivityInvoker$EmptyActivity
08-13 16:19:49.456  1282  3681 V WindowManager: Relayout hash=82f3c0b, pid=5736, syncId=-1: mAttrs={(0,0)(fillxfill) sim={adjust=pan forwardNavigation} layoutInDisplayCutoutMode=always ty=BASE_APPLICATION
08-13 16:19:49.456  1282  3681 V WindowManager:   fl=81810100
08-13 16:19:49.456  1282  3681 V WindowManager:   pfl=100088c0
08-13 16:19:49.456  1282  3681 V WindowManager:   bhv=1
08-13 16:19:49.456  1282  3681 V WindowManager:   fitSides=0
08-13 16:19:49.456  1282  3681 V WindowManager:   frameRateBoostOnTouch=true
08-13 16:19:49.456  1282  3681 V WindowManager:   dvrrWindowFrameRateHint=true naviIconColor=0}
08-13 16:19:49.456  1282  4902 V WindowManager: Relayout Window{f658007 u0 Splash Screen com.example.cupcake.test}: viewVisibility=0 req=1080x2340 ty=3 d0
08-13 16:19:49.456  1111  1732 I SurfaceFlinger: id=233640 createSurf, flag=44004, Splash Screen com.example.cupcake.test$_2127#233640
08-13 16:19:49.458  5736  5736 I BLASTBufferQueue_Java: new BLASTBufferQueue, mName= VRI[InstrumentationActivityInvoker$EmptyActivity]@2b9c58c mNativeObject= 0xb4000075190b3f30 sc.mNativeObject= 0xb4000076190b4290 caller= android.view.ViewRootImpl.updateBlastSurfaceIfNeeded:3397 android.view.ViewRootImpl.relayoutWindow:11361 android.view.ViewRootImpl.performTraversals:4544 android.view.ViewRootImpl.doTraversal:3708 android.view.ViewRootImpl$TraversalRunnable.run:12542 android.view.Choreographer$CallbackRecord.run:1751 android.view.Choreographer$CallbackRecord.run:1760 android.view.Choreographer.doCallbacks:1216 android.view.Choreographer.doFrame:1142 android.view.Choreographer$FrameDisplayEventReceiver.run:1707
08-13 16:19:49.458  5736  5736 I BLASTBufferQueue_Java: update, w= 1080 h= 2340 mName = VRI[InstrumentationActivityInvoker$EmptyActivity]@2b9c58c mNativeObject= 0xb4000075190b3f30 sc.mNativeObject= 0xb4000076190b4290 format= -1 caller= android.graphics.BLASTBufferQueue.<init>:88 android.view.ViewRootImpl.updateBlastSurfaceIfNeeded:3397 android.view.ViewRootImpl.relayoutWindow:11361 android.view.ViewRootImpl.performTraversals:4544 android.view.ViewRootImpl.doTraversal:3708 android.view.ViewRootImpl$TraversalRunnable.run:12542
08-13 16:19:49.459  5736  5736 I VRI[InstrumentationActivityInvoker$EmptyActivity]@2b9c58c: Relayout returned: old=(0,0,1080,2340) new=(0,0,1080,2340) relayoutAsync=false req=(1080,2340)0 dur=17 res=0x3 s={true 0xb4000075e9114d60} ch=true seqId=0
08-13 16:19:49.459  1111  1111 I SurfaceFlinger: [Surface(name=e0324bb StatusBar)/@0x8487ff0 - animation-leash of insets_animation#233639] attach to parent LayerHierarchy{RequestedLayerState{WindowToken{b8fcd4a type=2000 android.os.BinderProxy@ecaaeec}#94 parentId=19} 2 children}
08-13 16:19:49.459  1111  1111 I SurfaceFlinger: [Splash Screen com.example.cupcake.test$_2127#233640] attach to parent LayerHierarchy{RequestedLayerState{f658007 Splash Screen com.example.cupcake.test#233635 parentId=233634 z=2147483647} 1 children}
08-13 16:19:49.459  5736  5736 I VRI[InstrumentationActivityInvoker$EmptyActivity]@2b9c58c: performConfigurationChange setNightDimText nightDimLevel=0
08-13 16:19:49.460  5736  5736 D VRI[InstrumentationActivityInvoker$EmptyActivity]@2b9c58c: mThreadedRenderer.initialize() mSurface={isValid=true 0xb4000075e9114d60} hwInitialized=true
08-13 16:19:49.460  1282  4902 V WindowManager: Relayout hash=f658007, pid=2127, syncId=-1: mAttrs={(0,0)(fillxfill) sim={adjust=pan} layoutInDisplayCutoutMode=always ty=APPLICATION_STARTING fmt=TRANSLUCENT
08-13 16:19:49.460  1282  4902 V WindowManager:   fl=81030118
08-13 16:19:49.460  1282  4902 V WindowManager:   pfl=10000810
08-13 16:19:49.460  1282  4902 V WindowManager:   apr=18
08-13 16:19:49.460  1282  4902 V WindowManager:   bhv=1
08-13 16:19:49.460  1282  4902 V WindowManager:   fitSides=0
08-13 16:19:49.460  1282  4902 V WindowManager:   frameRateBoostOnTouch=true
08-13 16:19:49.460  1282  4902 V WindowManager:   dvrrWindowFrameRateHint=true naviIconColor=0}
08-13 16:19:49.460  5736  5736 D VRI[InstrumentationActivityInvoker$EmptyActivity]@2b9c58c: reportNextDraw android.view.ViewRootImpl.performTraversals:5193 android.view.ViewRootImpl.doTraversal:3708 android.view.ViewRootImpl$TraversalRunnable.run:12542 android.view.Choreographer$CallbackRecord.run:1751 android.view.Choreographer$CallbackRecord.run:1760
08-13 16:19:49.460  5736  5736 D VRI[InstrumentationActivityInvoker$EmptyActivity]@2b9c58c: Setup new sync=wmsSync-VRI[InstrumentationActivityInvoker$EmptyActivity]@2b9c58c#6
08-13 16:19:49.460  5736  5736 I VRI[InstrumentationActivityInvoker$EmptyActivity]@2b9c58c: Creating new active sync group VRI[InstrumentationActivityInvoker$EmptyActivity]@2b9c58c#7
08-13 16:19:49.461  5736  5736 D VRI[InstrumentationActivityInvoker$EmptyActivity]@2b9c58c: registerCallbacksForSync syncBuffer=false
08-13 16:19:49.463  2127  2334 I BLASTBufferQueue_Java: new BLASTBufferQueue, mName= VRI[test]@922f836 mNativeObject= 0xb4000075190dc930 sc.mNativeObject= 0xb400007619105950 caller= android.view.ViewRootImpl.updateBlastSurfaceIfNeeded:3397 android.view.ViewRootImpl.relayoutWindow:11361 android.view.ViewRootImpl.performTraversals:4544 android.view.ViewRootImpl.doTraversal:3708 android.view.ViewRootImpl$TraversalRunnable.run:12542 android.view.Choreographer$CallbackRecord.run:1751 android.view.Choreographer$CallbackRecord.run:1760 android.view.Choreographer.doCallbacks:1216 android.view.Choreographer.doFrame:1142 android.view.Choreographer$FrameDisplayEventReceiver.run:1707
08-13 16:19:49.463  2127  2334 I BLASTBufferQueue_Java: update, w= 1080 h= 2340 mName = VRI[test]@922f836 mNativeObject= 0xb4000075190dc930 sc.mNativeObject= 0xb400007619105950 format= -3 caller= android.graphics.BLASTBufferQueue.<init>:88 android.view.ViewRootImpl.updateBlastSurfaceIfNeeded:3397 android.view.ViewRootImpl.relayoutWindow:11361 android.view.ViewRootImpl.performTraversals:4544 android.view.ViewRootImpl.doTraversal:3708 android.view.ViewRootImpl$TraversalRunnable.run:12542
08-13 16:19:49.464  2127  2334 I VRI[test]@922f836: Relayout returned: old=(0,0,1080,2340) new=(0,0,1080,2340) relayoutAsync=false req=(1080,2340)0 dur=21 res=0x3 s={true 0xb4000075e953b290} ch=true seqId=0
