08-13 16:19:51.101  2127  2334 I BLASTBufferQueue_Java: new BLASTBufferQueue, mName= VRI[test]@a09584e mNativeObject= 0xb40000751916e790 sc.mNativeObject= 0xb400007619103850 caller= android.view.ViewRootImpl.updateBlastSurfaceIfNeeded:3397 android.view.ViewRootImpl.relayoutWindow:11361 android.view.ViewRootImpl.performTraversals:4544 android.view.ViewRootImpl.doTraversal:3708 android.view.ViewRootImpl$TraversalRunnable.run:12542 android.view.Choreographer$CallbackRecord.run:1751 android.view.Choreographer$CallbackRecord.run:1760 android.view.Choreographer.doCallbacks:1216 android.view.Choreographer.doFrame:1142 android.view.Choreographer$FrameDisplayEventReceiver.run:1707
08-13 16:19:51.101  2127  2334 I BLASTBufferQueue_Java: update, w= 1080 h= 2340 mName = VRI[test]@a09584e mNativeObject= 0xb40000751916e790 sc.mNativeObject= 0xb400007619103850 format= -3 caller= android.graphics.BLASTBufferQueue.<init>:88 android.view.ViewRootImpl.updateBlastSurfaceIfNeeded:3397 android.view.ViewRootImpl.relayoutWindow:11361 android.view.ViewRootImpl.performTraversals:4544 android.view.ViewRootImpl.doTraversal:3708 android.view.ViewRootImpl$TraversalRunnable.run:12542
08-13 16:19:51.101  1282  4376 D InputTransport: Input channel constructed: '67b6919', fd=981
08-13 16:19:51.101  1282  4376 D InputTransport: Input channel constructed: '67b6919', fd=1026
08-13 16:19:51.101  1282  4376 D InputTransport: Input channel constructed: '67b6919', fd=1027
08-13 16:19:51.102  1111  1162 I SurfaceFlinger: id=233672 createSurf, flag=84004, 67b6919 com.example.cupcake.test/androidx.test.core.app.InstrumentationActivityInvoker$EmptyActivity#233672
08-13 16:19:51.102  2127  2334 I VRI[test]@a09584e: Relayout returned: old=(0,0,1080,2340) new=(0,0,1080,2340) relayoutAsync=false req=(1080,2340)0 dur=8 res=0x3 s={true 0xb4000075e9683030} ch=true seqId=0
08-13 16:19:51.103  2127  2334 I VRI[test]@a09584e: performConfigurationChange setNightDimText nightDimLevel=0
08-13 16:19:51.103  2127  2334 D VRI[test]@a09584e: mThreadedRenderer.initialize() mSurface={isValid=true 0xb4000075e9683030} hwInitialized=true
08-13 16:19:51.104  2127  2334 D VRI[test]@a09584e: reportNextDraw android.view.ViewRootImpl.performTraversals:5193 android.view.ViewRootImpl.doTraversal:3708 android.view.ViewRootImpl$TraversalRunnable.run:12542 android.view.Choreographer$CallbackRecord.run:1751 android.view.Choreographer$CallbackRecord.run:1760
08-13 16:19:51.104  1282  4376 D InputTransport: Input channel destroyed: '67b6919', fd=1027
08-13 16:19:51.104  2127  2334 D VRI[test]@a09584e: Setup new sync=wmsSync-VRI[test]@a09584e#90
08-13 16:19:51.104  2127  2334 I VRI[test]@a09584e: Creating new active sync group VRI[test]@a09584e#91
08-13 16:19:51.104  5736  5736 D InputTransport: Input channel constructed: '67b6919', fd=125
08-13 16:19:51.105  5736  5736 I InsetsController: onStateChanged: host=com.example.cupcake.test/androidx.test.core.app.InstrumentationActivityInvoker$EmptyActivity, from=android.view.ViewRootImpl.setView:1999, state=InsetsState: {mDisplayFrame=Rect(0, 0 - 1080, 2340), mDisplayCutout=DisplayCutout{insets=Rect(0, 80 - 0, 0) waterfall=Insets{left=0, top=0, right=0, bottom=0} boundingRect={Bounds=[Rect(0, 0 - 0, 0), Rect(511, 0 - 569, 80), Rect(0, 0 - 0, 0), Rect(0, 0 - 0, 0)]} cutoutPathParserInfo={CutoutPathParserInfo{displayWidth=1080 displayHeight=2340 physicalDisplayWidth=1080 physicalDisplayHeight=2340 density={2.8125} cutoutSpec={M 0,0 M 0,7.822222222222222‬‬ a 10.31111111111111‬,10.31111111111111‬ 0 1,0 0,20.62222222222222‬ a 10.31111111111111‬,10.31111111111111‬ 0 1,0 0,-20.62222222222222‬ Z @dp} rotation={0} scale={1.0} physicalPixelDisplaySizeRatio={1.0}}} sideOverrides={}}, mRoundedCorners=RoundedCorners{[RoundedCorner{position=TopLeft, radius=113, center=Point(113, 113)}, RoundedCorner{position=TopRight, radius=113, center=Point(967, 113)}, RoundedCorner{position=BottomRight, radius=113, center=Point(967, 2227)}, RoundedCorner{position=BottomLeft, radius=113, center=Point(113, 2227)}]}  mRoundedCornerFrame=Rect(0, 0 - 1080, 2340), mPrivacyIndicatorBounds=PrivacyIndicatorBounds {static bounds=Rect(956, 0 - 1080, 80) rotation=0}, mDisplayShape=DisplayShape{ spec=-311912193 displayWidth=1080 displayHeight=2340 physicalPixelDisplaySizeRatio=1.0 rotation=0 offsetX=0 offsetY=0 scale=1.0}, mSources= { InsetsSource: {b9640000 mType=statusBars mFrame=[0,0][1080,80] mVisible=true mFlags= mSideHint=TOP mBoundingRects=null}, InsetsSource: {b9640005 mType=mandatorySystemGestures mFrame=[0,0][1080,114] mVisible=true mFlags= mSideHint=TOP mBoundingRects=null}, InsetsSource: {b9640006 mType=tappableElement mFrame=[0,0][1080,80] mVisible=true mFlags= mSideHint=TOP mBoundingRects=null}, InsetsSource: {d8440001 mType=navigationBars mFrame=[0,2298][1080,2340] mVisible=true mFlags=SUPPRESS_SCRIM mSideHint=BOTTOM mBoundingRects=null}, InsetsSource: {d8440004 mType=systemGestures mFrame=[0,0][63,2340] mVisible=true mFlags= mSideHint=LEFT mBoundingRects=null}, InsetsSource: {d8440005 mType=mandatorySystemGestures mFrame=[0,2250][1080,2340] mVisible=true mFlags= mSideHint=BOTTOM mBoundingRects=null}, InsetsSource: {d8440006 mType=tappableElement mFrame=[0,0][0,0] mVisible=true mFlags= mSideHint=NONE mBoundingRects=null}, InsetsSource: {d8440024 mType=systemGestures mFrame=[1017,0][1080,2340] mVisible=true mFlags= mSideHint=RIGHT mBoundingRects=null}, InsetsSource: {3 mType=ime mFrame=[0,0][0,0] mVisible=false mFlags= mSideHint=NONE mBoundingRects=null}, InsetsSource: {27 mType=displayCutout mFrame=[0,0][1080,80] mVisible=true mFlags= mSideHint=TOP mBoundingRects=null} }
08-13 16:19:51.105  5736  5736 I VRI[InstrumentationActivityInvoker$EmptyActivity]@a0a1866: synced displayState. AttachInfo displayState=2
08-13 16:19:51.106  2742  2108 I HoneySpace.HistoryViewModel@160600677@OneUI: Illegal access. Unknown type. skip load history items
08-13 16:19:51.106  2127  2334 D VRI[test]@a09584e: registerCallbacksForSync syncBuffer=false
08-13 16:19:51.107  2127  2938 D VRI[test]@a09584e: Received frameDrawingCallback syncResult=0 frameNum=1.
08-13 16:19:51.107  2127  2938 I VRI[test]@a09584e: mWNT: t=0xb4000076092702d0 mBlastBufferQueue=0xb40000751916e790 fn= 1 HdrRenderState mRenderHdrSdrRatio=1.0 caller= android.view.ViewRootImpl$11.onFrameDraw:15016 android.view.ThreadedRenderer$1.onFrameDraw:761 <bottom of call stack>
08-13 16:19:51.107  2127  2938 I VRI[test]@a09584e: Setting up sync and frameCommitCallback
08-13 16:19:51.109  1111  1111 I SurfaceFlinger: [Splash Screen com.example.cupcake.test$_2127#233671] attach to parent LayerHierarchy{RequestedLayerState{1283aa6 Splash Screen com.example.cupcake.test#233670 parentId=233669 z=2147483647} 1 children}
08-13 16:19:51.109  1111  1111 I SurfaceFlinger: [67b6919 com.example.cupcake.test/androidx.test.core.app.InstrumentationActivityInvoker$EmptyActivity#233672] attach to parent LayerHierarchy{RequestedLayerState{ActivityRecord{928d82 u0 com.example.cupcake.test/androidx.test.core.app.InstrumentationActivityInvoker$EmptyActivity t2226}#233669 parentId=233668} 2 children}
08-13 16:19:51.109  5736  5736 I VRI[InstrumentationActivityInvoker$EmptyActivity]@a0a1866: setView = com.android.internal.policy.DecorView@3e04ffd IsHRR=false TM=true
08-13 16:19:51.109  2127  2390 I BLASTBufferQueue: [VRI[test]@a09584e#13526](f:0,a:0,s:0) onFrameAvailable the first frame is available
08-13 16:19:51.110  5736  5756 D HWUI    : HWUI - treat SMPTE_170M as sRGB
08-13 16:19:51.110  2127  2390 I VRI[test]@a09584e: Received frameCommittedCallback lastAttemptedDrawFrameNum=1 didProduceBuffer=true
08-13 16:19:51.110  1111  1730 I SurfaceFlinger: [Splash Screen com.example.cupcake.test$_2127#233671] setTransactionState with the first frame. bufferData(ID: 9135395538185, frameNumber: 1)
08-13 16:19:51.111  2127  2390 D HWUI    : CFMS:: SetUp Pid : 2127    Tid : 2390
08-13 16:19:51.112  1282  2477 V WindowManager: Relayout Window{67b6919 u0 com.example.cupcake.test/androidx.test.core.app.InstrumentationActivityInvoker$EmptyActivity}: viewVisibility=0 req=1080x2340 ty=1 d0
08-13 16:19:51.113  1111  1730 I SurfaceFlinger: id=233673 createSurf, flag=44004, com.example.cupcake.test/androidx.test.core.app.InstrumentationActivityInvoker$EmptyActivity$_5736#233673
08-13 16:19:51.113  2127  2334 D VRI[test]@a09584e: reportDrawFinished seqId=0
08-13 16:19:51.116  1111  1730 I SurfaceFlinger: id=233674 createSurf, flag=24000, Surface(name=8a94d40 NavigationBar0)/@0x65d636d - animation-leash of insets_animation#233674
08-13 16:19:51.118 21624 21938 I Rubin   : [92] com.samsung.android.rubin.inferenceengine.contextanalytics.engine.monitors.moment.exercise.ExercisingWithCmhMonitor.isSatisfiedByCmh(Unknown Source) : isSatisfiedByCmh is false
08-13 16:19:51.119  1111  1223 I SurfaceFlinger: id=233675 createSurf, flag=24000, Surface(name=e0324bb StatusBar)/@0x8487ff0 - animation-leash of insets_animation#233675
08-13 16:19:51.120  1111  1111 I SurfaceFlinger: [com.example.cupcake.test/androidx.test.core.app.InstrumentationActivityInvoker$EmptyActivity$_5736#233673] attach to parent LayerHierarchy{RequestedLayerState{67b6919 com.example.cupcake.test/androidx.test.core.app.InstrumentationActivityInvoker$EmptyActivity#233672 parentId=233669} 1 children}
08-13 16:19:51.120  1111  1111 I SurfaceFlinger: [Surface(name=8a94d40 NavigationBar0)/@0x65d636d - animation-leash of insets_animation#233674] attach to parent LayerHierarchy{RequestedLayerState{WindowToken{4aa5472 type=2019 android.os.BinderProxy@bd187d4}#87 parentId=31} 2 children}
08-13 16:19:51.120  1111  1111 I SurfaceFlinger: [Surface(name=e0324bb StatusBar)/@0x8487ff0 - animation-leash of insets_animation#233675] attach to parent LayerHierarchy{RequestedLayerState{WindowToken{b8fcd4a type=2000 android.os.BinderProxy@ecaaeec}#94 parentId=19} 2 children}
08-13 16:19:51.122  1282  2477 I SystemKeyManager: requested systemKeyInfo size=2 focusedWindow=com.example.cupcake.test/androidx.test.core.app.InstrumentationActivityInvoker$EmptyActivity
08-13 16:19:51.122  1282  2477 V WindowManager: Relayout hash=67b6919, pid=5736, syncId=-1: mAttrs={(0,0)(fillxfill) sim={adjust=pan forwardNavigation} layoutInDisplayCutoutMode=always ty=BASE_APPLICATION
08-13 16:19:51.122  1282  2477 V WindowManager:   fl=81810100
08-13 16:19:51.122  1282  2477 V WindowManager:   pfl=100088c0
08-13 16:19:51.122  1282  2477 V WindowManager:   bhv=1
08-13 16:19:51.122  1282  2477 V WindowManager:   fitSides=0
08-13 16:19:51.122  1282  2477 V WindowManager:   frameRateBoostOnTouch=true
08-13 16:19:51.122  1282  2477 V WindowManager:   dvrrWindowFrameRateHint=true naviIconColor=0}
08-13 16:19:51.124  5736  5736 I BLASTBufferQueue_Java: new BLASTBufferQueue, mName= VRI[InstrumentationActivityInvoker$EmptyActivity]@a0a1866 mNativeObject= 0xb4000075190b1cd0 sc.mNativeObject= 0xb4000076190b4f50 caller= android.view.ViewRootImpl.updateBlastSurfaceIfNeeded:3397 android.view.ViewRootImpl.relayoutWindow:11361 android.view.ViewRootImpl.performTraversals:4544 android.view.ViewRootImpl.doTraversal:3708 android.view.ViewRootImpl$TraversalRunnable.run:12542 android.view.Choreographer$CallbackRecord.run:1751 android.view.Choreographer$CallbackRecord.run:1760 android.view.Choreographer.doCallbacks:1216 android.view.Choreographer.doFrame:1142 android.view.Choreographer$FrameDisplayEventReceiver.run:1707
08-13 16:19:51.124  5736  5736 I BLASTBufferQueue_Java: update, w= 1080 h= 2340 mName = VRI[InstrumentationActivityInvoker$EmptyActivity]@a0a1866 mNativeObject= 0xb4000075190b1cd0 sc.mNativeObject= 0xb4000076190b4f50 format= -1 caller= android.graphics.BLASTBufferQueue.<init>:88 android.view.ViewRootImpl.updateBlastSurfaceIfNeeded:3397 android.view.ViewRootImpl.relayoutWindow:11361 android.view.ViewRootImpl.performTraversals:4544 android.view.ViewRootImpl.doTraversal:3708 android.view.ViewRootImpl$TraversalRunnable.run:12542
08-13 16:19:51.125  5736  5736 I VRI[InstrumentationActivityInvoker$EmptyActivity]@a0a1866: Relayout returned: old=(0,0,1080,2340) new=(0,0,1080,2340) relayoutAsync=false req=(1080,2340)0 dur=11 res=0x3 s={true 0xb4000075e9114d60} ch=true seqId=0
08-13 16:19:51.126  5596  5596 I ImeFocusController: onPreWindowFocus: skipped hasWindowFocus=false mHasImeFocus=true
08-13 16:19:51.127  5736  5736 I VRI[InstrumentationActivityInvoker$EmptyActivity]@a0a1866: performConfigurationChange setNightDimText nightDimLevel=0
08-13 16:19:51.127  5596  5596 I ImeFocusController: onPostWindowFocus: skipped hasWindowFocus=false mHasImeFocus=true
08-13 16:19:51.127  2127  2127 D NavigationBar: onSystemBarAttributesChanged() -  displayId:0, appearance:16, packageName: com.example.cupcake.test (APPEARANCE_LIGHT_NAVIGATION_BARS ), navbarColorManagedByIme:false
08-13 16:19:51.128  5736  5736 D VRI[InstrumentationActivityInvoker$EmptyActivity]@a0a1866: mThreadedRenderer.initialize() mSurface={isValid=true 0xb4000075e9114d60} hwInitialized=true
08-13 16:19:51.129  5736  5736 D VRI[InstrumentationActivityInvoker$EmptyActivity]@a0a1866: reportNextDraw android.view.ViewRootImpl.performTraversals:5193 android.view.ViewRootImpl.doTraversal:3708 android.view.ViewRootImpl$TraversalRunnable.run:12542 android.view.Choreographer$CallbackRecord.run:1751 android.view.Choreographer$CallbackRecord.run:1760
08-13 16:19:51.129  5736  5736 D VRI[InstrumentationActivityInvoker$EmptyActivity]@a0a1866: Setup new sync=wmsSync-VRI[InstrumentationActivityInvoker$EmptyActivity]@a0a1866#8
08-13 16:19:51.129  5736  5736 I VRI[InstrumentationActivityInvoker$EmptyActivity]@a0a1866: Creating new active sync group VRI[InstrumentationActivityInvoker$EmptyActivity]@a0a1866#9
08-13 16:19:51.129  5736  5736 D VRI[InstrumentationActivityInvoker$EmptyActivity]@a0a1866: registerCallbacksForSync syncBuffer=false
08-13 16:19:51.131  5736  5770 D VRI[InstrumentationActivityInvoker$EmptyActivity]@a0a1866: Received frameDrawingCallback syncResult=0 frameNum=1.
08-13 16:19:51.131  5736  5770 I VRI[InstrumentationActivityInvoker$EmptyActivity]@a0a1866: mWNT: t=0xb4000076090d6910 mBlastBufferQueue=0xb4000075190b1cd0 fn= 1 HdrRenderState mRenderHdrSdrRatio=1.0 caller= android.view.ViewRootImpl$11.onFrameDraw:15016 android.view.ThreadedRenderer$1.onFrameDraw:761 <bottom of call stack>
08-13 16:19:51.131  5736  5770 I VRI[InstrumentationActivityInvoker$EmptyActivity]@a0a1866: Setting up sync and frameCommitCallback
08-13 16:19:51.132  1111  1111 I SurfaceFlinger: [LayerHierarchy{RequestedLayerState{8a94d40 NavigationBar0#88 parentId=233674} 1 children}] reparent to LayerHierarchy{RequestedLayerState{Surface(name=8a94d40 NavigationBar0)/@0x65d636d - animation-leash of insets_animation#233674 parentId=87} 1 children}
08-13 16:19:51.133  1111  1111 I SurfaceFlinger: [LayerHierarchy{RequestedLayerState{e0324bb StatusBar#95 parentId=233675} 1 children}] reparent to LayerHierarchy{RequestedLayerState{Surface(name=e0324bb StatusBar)/@0x8487ff0 - animation-leash of insets_animation#233675 parentId=94} 1 children}
08-13 16:19:51.133  1111  1111 I SurfaceFlinger: [LayerHierarchy{RequestedLayerState{Surface(name=e0324bb StatusBar)/@0x8487ff0 - animation-leash of insets_animation#233664} no children}] reparent to OffscreenRoot
08-13 16:19:51.133  1111  1111 I SurfaceFlinger: [LayerHierarchy{RequestedLayerState{Surface(name=e0324bb StatusBar)/@0x8487ff0 - animation-leash of insets_animation#233664} no children}] RelativeParent to null
08-13 16:19:51.133  1111  1111 I SurfaceFlinger: [LayerHierarchy{RequestedLayerState{Surface(name=8a94d40 NavigationBar0)/@0x65d636d - animation-leash of insets_animation#233663} no children}] reparent to OffscreenRoot
08-13 16:19:51.133  1111  1111 I SurfaceFlinger: [LayerHierarchy{RequestedLayerState{Surface(name=8a94d40 NavigationBar0)/@0x65d636d - animation-leash of insets_animation#233663} no children}] RelativeParent to null
08-13 16:19:51.133  5736  5756 I BLASTBufferQueue: [VRI[InstrumentationActivityInvoker$EmptyActivity]@a0a1866#4](f:0,a:0,s:0) onFrameAvailable the first frame is available
08-13 16:19:51.134  5736  5756 I VRI[InstrumentationActivityInvoker$EmptyActivity]@a0a1866: Received frameCommittedCallback lastAttemptedDrawFrameNum=1 didProduceBuffer=true
08-13 16:19:51.134  1111  1163 I SurfaceFlinger: [com.example.cupcake.test/androidx.test.core.app.InstrumentationActivityInvoker$EmptyActivity$_5736#233673] setTransactionState with the first frame. bufferData(ID: 24635932409872, frameNumber: 1)
08-13 16:19:51.135  5736  5756 D HWUI    : CFMS:: SetUp Pid : 5736    Tid : 5756
08-13 16:19:51.135  5736  5736 D VRI[InstrumentationActivityInvoker$EmptyActivity]@a0a1866: reportDrawFinished seqId=0
08-13 16:19:51.136  5736  5736 I InsetsSourceConsumer: applyRequestedVisibilityToControl: visible=true, type=navigationBars, host=com.example.cupcake.test/androidx.test.core.app.InstrumentationActivityInvoker$EmptyActivity
08-13 16:19:51.136  5736  5736 I InsetsSourceConsumer: applyRequestedVisibilityToControl: visible=true, type=statusBars, host=com.example.cupcake.test/androidx.test.core.app.InstrumentationActivityInvoker$EmptyActivity
08-13 16:19:51.137  1111  1730 I SurfaceFlinger: id=233663 Removed Surface(name=8a94d40 NavigationBar0)/@0x65d636d - animation-leash of insets_animation#233663 (174)
08-13 16:19:51.138  1111  1730 I SurfaceFlinger: id=233664 Removed Surface(name=e0324bb StatusBar)/@0x8487ff0 - animation-leash of insets_animation#233664 (174)
08-13 16:19:51.141  1111  1111 I SurfaceFlinger: destroyed Surface(name=e0324bb StatusBar)/@0x8487ff0 - animation-leash of insets_animation#233664
08-13 16:19:51.141  1111  1111 I SurfaceFlinger: destroyed Surface(name=8a94d40 NavigationBar0)/@0x65d636d - animation-leash of insets_animation#233663
08-13 16:19:51.142  1282  1447 I SemDvfsHyPerManager: acquire hyper - AMS_RESUME_TAIL/1282@22, type = -999
08-13 16:19:51.142  1282  1447 I SemDvfsHyPerManager: acquire hyper - AMS_ACT_LAZY/1282@23, type = -999
08-13 16:19:51.143  1111  1111 I Layer   : id=233664 Destroyed Surface(name=e0324bb StatusBar)/@0x8487ff0 - animation-leash of insets_animation#233664
08-13 16:19:51.143  1111  1111 I Layer   : id=233663 Destroyed Surface(name=8a94d40 NavigationBar0)/@0x65d636d - animation-leash of insets_animation#233663
08-13 16:19:51.143  1062  1149 I HYPER-HAL: [RequestManager.cpp]acquire(): Acquired ID : 850882  [1282 / 22]    HINT : AMS_RESUME_TAIL    list :
08-13 16:19:51.144  1111  1732 I SurfaceFlinger: id=233676 createSurf, flag=84004, Transition Root: Task=2226#233676
08-13 16:19:51.144  1062  1149 I HYPER-HAL: [RequestManager.cpp]releaseLocked(): Released ID : 856112
08-13 16:19:51.147  1282  1447 I SurfaceControlRegistry: show, t=StartTransaction_SyncId<20534> sc=ActivityRecord{928d82 u0 com.example.cupcake.test/androidx.test.core.app.InstrumentationActivityInvoker$EmptyActivity t2226}, caller=android.view.SurfaceControl$Transaction.show:3232 com.android.server.wm.Transition.onTransactionReady:2273 com.android.server.wm.BLASTSyncEngine$SyncGroup.finishNow:195 com.android.server.wm.BLASTSyncEngine.onSurfacePlacement:269 com.android.server.wm.RootWindowContainer.performSurfacePlacementNoTrace:459 com.android.server.wm.RootWindowContainer.performSurfacePlacement:9
08-13 16:19:51.151  1111  1209 D SurfaceFlinger: [input] setFocusedWindow: 67b6919 com.example.cupcake.test/androidx.test.core.app.InstrumentationActivityInvoker$EmptyActivity
08-13 16:19:51.151  1282  4902 D InputDispatcher: Once focus requested (0): 67b6919 com.example.cupcake.test/androidx.test.core.app.InstrumentationActivityInvoker$EmptyActivity
08-13 16:19:51.151  1282  4902 D InputDispatcher: Focus request (0): 67b6919 com.example.cupcake.test/androidx.test.core.app.InstrumentationActivityInvoker$EmptyActivity but waiting because NO_WINDOW
08-13 16:19:51.160  1282  1447 D ScreenCapture: [Capture_TEST] : setIsScreenShotBySystem false
08-13 16:19:51.162  2127  2303 I SurfaceControlRegistry: hide, t=FinishTransaction_SyncId<20534> sc=Task=2225, caller=android.view.SurfaceControl$Transaction.hide:3258 com.android.wm.shell.transition.Transitions.dispatchReady:929 com.android.wm.shell.transition.Transitions.onTransitionReady:244 com.android.wm.shell.transition.Transitions$TransitionPlayerImpl$$ExternalSyntheticLambda0.run:13 android.os.Handler.handleCallback:959 android.os.Handler.dispatchMessage:100
08-13 16:19:51.162  2127  2303 I SurfaceControlRegistry: show, t=StartTransaction_SyncId<20534> sc=Task=2226, caller=android.view.SurfaceControl$Transaction.show:3232 com.android.wm.shell.transition.Transitions.dispatchReady:934 com.android.wm.shell.transition.Transitions.onTransitionReady:244 com.android.wm.shell.transition.Transitions$TransitionPlayerImpl$$ExternalSyntheticLambda0.run:13 android.os.Handler.handleCallback:959 android.os.Handler.dispatchMessage:100
08-13 16:19:51.162  1111  1111 I SurfaceFlinger: [StatusBar$_2127#106] setDefaultFrameRateCompatibility: NoVote
08-13 16:19:51.163  2127  2303 I SurfaceControlRegistry: show, t=FinishTransaction_SyncId<20534> sc=Task=2226, caller=android.view.SurfaceControl$Transaction.show:3232 com.android.wm.shell.transition.Transitions.dispatchReady:988 com.android.wm.shell.transition.Transitions.onTransitionReady:244 com.android.wm.shell.transition.Transitions$TransitionPlayerImpl$$ExternalSyntheticLambda0.run:13 android.os.Handler.handleCallback:959 android.os.Handler.dispatchMessage:100
08-13 16:19:51.163  2127  2303 I SurfaceControlRegistry: show, t=StartTransaction_SyncId<20534> sc=Transition Root: Task=2226, caller=android.view.SurfaceControl$Transaction.show:3232 com.android.wm.shell.transition.Transitions.playTransition:81 com.android.wm.shell.transition.Transitions.processReadyQueue:250 com.android.wm.shell.transition.Transitions.dispatchReady:1007 com.android.wm.shell.transition.Transitions.onTransitionReady:244 com.android.wm.shell.transition.Transitions$TransitionPlayerImpl$$ExternalSyntheticLambda0.run:13
08-13 16:19:51.163  1282  1443 I PkgPredictorService-SecIpmManagerServiceImpl: reportToNAP uid:10419 com.example.cupcake.test/androidx.test.core.app.InstrumentationActivityInvoker$EmptyActivity thisTime:120
08-13 16:19:51.163  1282  1443 D PkgPredictorService-SecIpmManagerServiceImpl: reportToNAP: mHeavyLaunchCounter is false
08-13 16:19:51.164  1111  1163 I SurfaceFlinger: id=233677 createSurf, flag=44404, Right Edge Extension#233677
08-13 16:19:51.164  1282  2840 D PkgPredictorService-SecIpmManagerServiceImpl: ACTION_FOREGROUND_FINISH_EVENT sCurForegroundApp :com.example.cupcake.test
08-13 16:19:51.167  1282  1443 I ActivityTaskManager: Displayed com.example.cupcake.test/androidx.test.core.app.InstrumentationActivityInvoker$EmptyActivity for user 0: +120ms
08-13 16:19:51.168  3157  3157 E pageboostd: Received HALT command code 2
08-13 16:19:51.172  1111  1111 I SurfaceFlinger: [StatusBar$_2127#106] setDefaultFrameRateCompatibility: NoVote
08-13 16:19:51.175  2127  2127 D SamsungLightBarControlHelper: updateStatusBar (BLACK icon) numStacks:1, StatusBarMode:MODE_TRANSPARENT, lightBarBounds:[Rect(0, 0 - 1080, 2340)], StatusBarState:SHADE, packageName:, isWhiteKeyguardStatusBar:false
08-13 16:19:51.175  2127  2127 D SamsungLightBarControlHelper: onStatusBarAppearanceChanged() -  sbModeChanged:false, statusBarMode:0, barState:MODE_TRANSPARENT, isKeyguardShowing:false, navbarColorManagedByIme:false, (AppearanceRegion{LIGHT_STATUS_BARS bounds=[0,0][1080,2340]}, )
08-13 16:19:51.175  1111  1732 I SurfaceFlinger: id=233678 createSurf, flag=84000, fa03664 ActivityRecordInputSink com.example.cupcake.test/androidx.test.core.app.InstrumentationActivityInvoker$EmptyActivity#233678
08-13 16:19:51.176  1111  1163 I SurfaceFlinger: id=233679 createSurf, flag=4400, [BBQ] Right Edge Extension#233677#233679
08-13 16:19:51.180  2127  2390 D NativeCustomFrequencyManager: [NativeCFMS] BpCustomFrequencyManager::BpCustomFrequencyManager()
08-13 16:19:51.182  1111  1111 I SurfaceFlinger: [Transition Root: Task=2226#233676] attach to parent LayerHierarchy{RequestedLayerState{DefaultTaskDisplayArea_d0#11 parentId=10} 10 children}
08-13 16:19:51.182  1111  1111 I SurfaceFlinger: [Right Edge Extension#233677] attach to parent LayerHierarchy{RequestedLayerState{Task=2225#233654 parentId=11 z=3} 2 children}
08-13 16:19:51.182  1111  1111 I SurfaceFlinger: [fa03664 ActivityRecordInputSink com.example.cupcake.test/androidx.test.core.app.InstrumentationActivityInvoker$EmptyActivity#233678] attach to parent LayerHierarchy{RequestedLayerState{ActivityRecord{928d82 u0 com.example.cupcake.test/androidx.test.core.app.InstrumentationActivityInvoker$EmptyActivity t2226}#233669 parentId=233668} 3 children}
08-13 16:19:51.182  1111  1111 I SurfaceFlinger: [[BBQ] Right Edge Extension#233677#233679] attach to parent LayerHierarchy{RequestedLayerState{Right Edge Extension#233677 parentId=233654} 1 children}
08-13 16:19:51.184  2127  2390 I BLASTBufferQueue: [[BBQ]Right Edge Extension#233677#13527](f:0,a:0,s:0) onFrameAvailable the first frame is available
08-13 16:19:51.184  1111  1162 I SurfaceFlinger: [[BBQ] Right Edge Extension#233677#233679] setTransactionState with the first frame. bufferData(ID: 9135395538190, frameNumber: 1)
08-13 16:19:51.185  2127  2390 D HWUI    : CFMS:: SetUp Pid : 2127    Tid : 2390
08-13 16:19:51.188  2127  2303 I SurfaceControlRegistry: show, t=StartTransaction_SyncId<20534> sc=Right Edge Extension, caller=android.view.SurfaceControl$Transaction.show:3232 android.view.SurfaceControl$Transaction.setVisibility:3198 com.android.wm.shell.transition.TransitionAnimationHelper.createExtensionSurface:247 com.android.wm.shell.transition.TransitionAnimationHelper.edgeExtendWindow:193 com.android.wm.shell.transition.DefaultTransitionHandler.startAnimation:1877 com.android.wm.shell.transition.Transitions.dispatchTransition:93
08-13 16:19:51.190  1111  1163 I SurfaceFlinger: id=233680 createSurf, flag=20004, DimTransitionLayer for Surface(name=Task=2226)/@0x1ee9bd#233680
08-13 16:19:51.190  1282  4902 I SemDvfsHyPerManager: acquire hyper - AMS_APP_HOME/1282@27, type = -999
08-13 16:19:51.190  1062  1149 I HYPER-HAL: [RequestManager.cpp]acquire(): Acquired ID : 857422  [1282 / 27]    HINT : AMS_APP_HOME    list :
08-13 16:19:51.191  1111  1111 I SurfaceFlinger: [DimTransitionLayer for Surface(name=Task=2226)/@0x1ee9bd#233680] attach to parent LayerHierarchy{RequestedLayerState{Transition Root: Task=2226#233676 parentId=11} 1 children}
08-13 16:19:51.191  1282  4902 D InputDispatcher: Focused application(0): ActivityRecord{b3168b5 u0 com.sec.android.app.launcher/.activities.LauncherActivity t6}
08-13 16:19:51.192  2127  2303 I SurfaceControlRegistry: show, t=StartTransaction_SyncId<20534> sc=DimTransitionLayer for Surface(name=Task=2226)/@0x1ee9bd, caller=android.view.SurfaceControl$Transaction.show:3232 com.android.wm.shell.transition.DefaultTransitionHandler.startAnimation:2540 com.android.wm.shell.transition.Transitions.dispatchTransition:93 com.android.wm.shell.transition.Transitions.playTransition:700 com.android.wm.shell.transition.Transitions.processReadyQueue:250 com.android.wm.shell.transition.Transitions.dispatchReady:1007
08-13 16:19:51.192  1111  1111 I BpBinder: onLastStrongRef automatically unlinking death recipients:
08-13 16:19:51.193  2127  2303 I SurfaceControlRegistry: apply, t=StartTransaction_SyncId<20534>, caller=android.view.SurfaceControl$Transaction.apply:3135 android.view.SurfaceControl$Transaction.apply:3122 android.view.SurfaceControl$Transaction.apply:3078 com.android.wm.shell.transition.DefaultTransitionHandler.startAnimation:2823 com.android.wm.shell.transition.Transitions.dispatchTransition:93 com.android.wm.shell.transition.Transitions.playTransition:700
08-13 16:19:51.195  1111  1162 I SurfaceFlinger: id=233681 createSurf, flag=24000, Surface(name=8a94d40 NavigationBar0)/@0x65d636d - animation-leash of insets_animation#233681
08-13 16:19:51.197  1282  1967 D AS.MultiSoundManager: mForegroundUid = 10132
08-13 16:19:51.197  4368  4368 I SemDvfsHyPerManager: acquire hyper - APP_START_HOME/4368@15, type = -999
08-13 16:19:51.199  1111  1163 I SurfaceFlinger: id=233682 createSurf, flag=24000, Surface(name=e0324bb StatusBar)/@0x8487ff0 - animation-leash of insets_animation#233682
08-13 16:19:51.199  1111  1111 I SurfaceFlinger: Layer [DimTransitionLayer for Surface(name=Task=2226)/@0x1ee9bd#233680] hidden!! flag(0)
08-13 16:19:51.199  1111  1111 E SurfaceFlinger: alpha changed 1.000 -> 0.000 - DimTransitionLayer for Surface(name=Task=2226)/@0x1ee9bd#233680
08-13 16:19:51.199  1111  1111 I SurfaceFlinger: Layer [67b6919 com.example.cupcake.test/and[...]ActivityInvoker$EmptyActivity#233672] hidden!! flag(0)
08-13 16:19:51.199  1111  1111 I SurfaceFlinger: Layer [Right Edge Extension#233677] hidden!! flag(0)
08-13 16:19:51.199  1111  1111 I SurfaceFlinger: Layer [com.example.cupcake.test/androidx.te[...]tyInvoker$EmptyActivity$_5736#233673] hidden!! flag(0)
08-13 16:19:51.199  1111  1111 I SurfaceFlinger: Layer [Splash Screen com.example.cupcake.test$_2127#233671] hidden!! flag(0)
08-13 16:19:51.199  1111  1111 I SurfaceFlinger: Layer [ActivityRecord{928d82 u0 com.example[...]yInvoker$EmptyActivity t2226}#233669] hidden!! flag(0)
08-13 16:19:51.199  1111  1111 I SurfaceFlinger: Layer [Transition Root: Task=2226#233676] hidden!! flag(0)
08-13 16:19:51.199  1111  1111 I SurfaceFlinger: Layer [1283aa6 Splash Screen com.example.cupcake.test#233670] hidden!! flag(0)
08-13 16:19:51.199  1111  1111 I SurfaceFlinger: Layer [Task=2226#233668] hidden!! flag(0)
08-13 16:19:51.199  1111  1111 E SurfaceFlinger: alpha changed 1.000 -> 0.000 - Task=2226#233668
08-13 16:19:51.199  1111  1111 E SurfaceFlinger: alpha changed 0.000 -> 1.000 - Task=2226#233668
08-13 16:19:51.199  1111  1111 E SurfaceFlinger: alpha changed 0.000 -> 0.000 - DimTransitionLayer for Surface(name=Task=2226)/@0x1ee9bd#233680
08-13 16:19:51.199  1111  1111 I SurfaceFlinger: [LayerHierarchy{RequestedLayerState{Task=2225#233654 parentId=233676 z=2} 2 children}] reparent to LayerHierarchy{RequestedLayerState{Transition Root: Task=2226#233676 parentId=11 z=4} 2 children}
08-13 16:19:51.199  1111  1111 I SurfaceFlinger: [LayerHierarchy{RequestedLayerState{Task=2226#233668 parentId=233676 z=5} 1 children}] reparent to LayerHierarchy{RequestedLayerState{Transition Root: Task=2226#233676 parentId=11 z=4} 3 children}
08-13 16:19:51.199  1111  1111 I SurfaceFlinger: [LayerHierarchy{RequestedLayerState{DimTransitionLayer for Surface(name=Task=2226)/@0x1ee9bd#233680 parentId=233676 relativeParentId=233668 z=-1} no children}] RelativeParent to LayerHierarchy{RequestedLayerState{Task=2226#233668 parentId=233676 z=5} 2 children}
08-13 16:19:51.199  1111  1111 I SurfaceFlinger: [Surface(name=8a94d40 NavigationBar0)/@0x65d636d - animation-leash of insets_animation#233681] attach to parent LayerHierarchy{RequestedLayerState{WindowToken{4aa5472 type=2019 android.os.BinderProxy@bd187d4}#87 parentId=31} 2 children}
08-13 16:19:51.199  1111  1111 I SurfaceFlinger: [Surface(name=e0324bb StatusBar)/@0x8487ff0 - animation-leash of insets_animation#233682] attach to parent LayerHierarchy{RequestedLayerState{WindowToken{b8fcd4a type=2000 android.os.BinderProxy@ecaaeec}#94 parentId=19} 2 children}
08-13 16:19:51.200  1062  1149 I HYPER-HAL: [RequestManager.cpp]acquire(): Acquired ID : 9607551  [4368 / 15]    HINT : APP_START    list : [KERNEL_APP_START_NOTIFY / 0] [TIMEOUT / 1500]
08-13 16:19:51.202  2127  2127 D NavigationBar: onSystemBarAttributesChanged() -  displayId:0, appearance:24, packageName: com.example.cupcake.test (APPEARANCE_LIGHT_STATUS_BARS APPEARANCE_LIGHT_NAVIGATION_BARS ), navbarColorManagedByIme:false
08-13 16:19:51.203  2742  2742 I VRI[LauncherActivity]@3489192: handleAppVisibility mAppVisible = false visible = true
08-13 16:19:51.205  2742  2742 I VRI[LauncherActivity]@3489192: stopped(false) old = true
08-13 16:19:51.206  2742  2742 I HoneySpace.Launcher: !@Boot_EBS_D: Launcher.onStart()
08-13 16:19:51.211  2742  2742 I HoneySpace.Launcher: !@Boot_EBS_D: Launcher.onResume()
08-13 16:19:51.211  2742  2742 I HoneySpace.Launcher: updateLauncherShowing false -> true
08-13 16:19:51.212  2742  2742 I HoneySpace.ShellTransitionManager: myHomeResumed
08-13 16:19:51.212  2742  2742 I HoneySpace.CapturedBlurManager: capturedBlurView: resume(25347631)
08-13 16:19:51.212  2742  2742 I HoneySpace.ResumeTimer: last resume updated : 308421797
08-13 16:19:51.212  2742  2742 I HoneySpace.StackedWidgetFastRecyclerView: playShowAndHideIndicatorAnimation
08-13 16:19:51.212  2742  2742 I HoneySpace.StackedWidgetFastRecyclerView: playShowIndicatorAnimation
08-13 16:19:51.212  2742  2742 I HoneySpace.StackedWidgetAdapter: updateLabelVisibility false true
08-13 16:19:51.212  2742  2742 I HoneySpace.StackedWidgetFastRecyclerView: playShowAndHideIndicatorAnimation
08-13 16:19:51.212  2742  2742 I HoneySpace.StackedWidgetFastRecyclerView: playShowIndicatorAnimation
08-13 16:19:51.212  2742  2742 I HoneySpace.StackedWidgetAdapter: updateLabelVisibility false true
08-13 16:19:51.212  2742  2742 I SearchHoneyPot: onViewCreated: onResume
08-13 16:19:51.213  2127  2334 I InsetsSourceConsumer: applyRequestedVisibilityToControl: visible=true, type=navigationBars, host=Splash Screen com.example.cupcake.test
08-13 16:19:51.214  2742  1824 I HoneySpace.Memory-Monitor: cancelTrimIfNeeded
08-13 16:19:51.214  2127  2334 I InsetsSourceConsumer: applyRequestedVisibilityToControl: visible=true, type=statusBars, host=Splash Screen com.example.cupcake.test
08-13 16:19:51.214  2742  1824 I HoneySpace.PredictionDataSourceImpl: requestPredictionUpdate 0 true
08-13 16:19:51.215  4917  4917 I InputMethodService: removeImeSurface
08-13 16:19:51.215  4917  4917 I InputMethodService: cancelImeSurfaceRemoval: removeCallbacks
08-13 16:19:51.215  2742  4826 I HoneySpace.HoneyAppWidgetHost: called startListening, host: @fcf5abe
08-13 16:19:51.215  2742  4826 I AppWidgetHost: semStartListening()
08-13 16:19:51.216  1282  4902 I AppWidgetServiceImpl: startListening callbacks : com.android.internal.appwidget.IAppWidgetHost$Stub$Proxy@569bc13 intervalEnsure:760485339 intervalHostLock:760485339 LhostId:HostId{user:0, app:10132, hostId:1024, pkg:com.sec.android.app.launcher}
08-13 16:19:51.216  2742  4826 I HoneySpace.HoneyAppWidgetHost: success hidden_semStartListening - result: true, host: @fcf5abe
08-13 16:19:51.217  2742  1824 I HoneySpace.PredictionDataSourceImpl: requestPredictionUpdate 1 true
08-13 16:19:51.224  1111  1111 E SurfaceFlinger: alpha changed 0.000 -> 0.019 - DimTransitionLayer for Surface(name=Task=2226)/@0x1ee9bd#233680
08-13 16:19:51.224  1111  1111 I SurfaceFlinger: [LayerHierarchy{RequestedLayerState{8a94d40 NavigationBar0#88 parentId=233681} 1 children}] reparent to LayerHierarchy{RequestedLayerState{Surface(name=8a94d40 NavigationBar0)/@0x65d636d - animation-leash of insets_animation#233681 parentId=87} 1 children}
08-13 16:19:51.224  1111  1111 I SurfaceFlinger: [LayerHierarchy{RequestedLayerState{e0324bb StatusBar#95 parentId=233682} 1 children}] reparent to LayerHierarchy{RequestedLayerState{Surface(name=e0324bb StatusBar)/@0x8487ff0 - animation-leash of insets_animation#233682 parentId=94} 1 children}
08-13 16:19:51.224  1111  1111 I SurfaceFlinger: [LayerHierarchy{RequestedLayerState{Surface(name=e0324bb StatusBar)/@0x8487ff0 - animation-leash of insets_animation#233675} no children}] reparent to OffscreenRoot
08-13 16:19:51.224  1111  1111 I SurfaceFlinger: [LayerHierarchy{RequestedLayerState{Surface(name=e0324bb StatusBar)/@0x8487ff0 - animation-leash of insets_animation#233675} no children}] RelativeParent to null
08-13 16:19:51.224  1111  1111 I SurfaceFlinger: [LayerHierarchy{RequestedLayerState{Surface(name=8a94d40 NavigationBar0)/@0x65d636d - animation-leash of insets_animation#233674} no children}] reparent to OffscreenRoot
08-13 16:19:51.224  1111  1111 I SurfaceFlinger: [LayerHierarchy{RequestedLayerState{Surface(name=8a94d40 NavigationBar0)/@0x65d636d - animation-leash of insets_animation#233674} no children}] RelativeParent to null
08-13 16:19:51.226  1111  1111 I SurfaceFlinger: id=233674 Removed Surface(name=8a94d40 NavigationBar0)/@0x65d636d - animation-leash of insets_animation#233674 (179)
08-13 16:19:51.226  1111  1111 I SurfaceFlinger: id=233675 Removed Surface(name=e0324bb StatusBar)/@0x8487ff0 - animation-leash of insets_animation#233675 (179)
08-13 16:19:51.227  2742  4789 I HoneySpace.SPayHandler: updateSpayHandler, show = true, defaultPage = true
08-13 16:19:51.229 22781 22781 I bmex    : onStart
08-13 16:19:51.229 22781 22781 I bmex    : onResume
08-13 16:19:51.234  1282  1908 V WindowManager: Relayout Window{c2c214a u0 com.sec.android.app.launcher/com.sec.android.app.launcher.activities.LauncherActivity}: viewVisibility=0 req=1080x2340 ty=1 d0
08-13 16:19:51.234  1111  1730 I SurfaceFlinger: id=233683 createSurf, flag=44004, com.sec.android.app.launcher/com.sec.android.app.launcher.activities.LauncherActivity$_2742#233683
08-13 16:19:51.235  1282  1444 D PkgPredictorService-SecIpmManagerServiceImpl: onForegroundActivitiesChanged pid:2742 uid:10132
08-13 16:19:51.236  1282  2840 V PkgPredictorService-SecIpmManagerServiceImpl: discard foreground app:com.sec.android.app.launcher 1|true
08-13 16:19:51.239  1111  1162 I SurfaceFlinger: id=233684 createSurf, flag=24000, Surface(name=8a94d40 NavigationBar0)/@0x65d636d - animation-leash of insets_animation#233684
08-13 16:19:51.240  1111  1111 D SurfaceFlinger: Display 4633128672291735932 HWC layers:
08-13 16:19:51.240  1111  1111 D SurfaceFlinger:        DEVICE |   0xb4000079e294f8d0 | 0001 | RGBA_8888    |   78.0    0.0 1080.0 2340.0 |    0    0 1002 2340 | com.example.cupcake/androidx.activity.ComponentActivity$_5596#233662 (2)
08-13 16:19:51.240  1111  1111 D SurfaceFlinger:   SOLID_COLOR |                      | 0001 | Unknown      |    0.0    0.0    0.0    0.0 |    0    0 1080 2340 | DimTransitionLayer for Surface(name=Task=2226)/@0x1ee9bd#233680
08-13 16:19:51.240  1111  1111 D SurfaceFlinger:        DEVICE |   0xb4000079e28ebb10 | 0001 | RGBA_8888    |    0.0    0.0  248.0 2340.0 |  832    0 1080 2340 | com.example.cupcake.test/androidx.te[...]tyInvoker$EmptyActivity$_5736#233673 (1)
08-13 16:19:51.240  1111  1111 D SurfaceFlinger:        DEVICE |   0xb4000079e28c5310 | 0001 | RGBA_8888    |    0.0    0.0  248.0 2340.0 |  832    0 1080 2340 | Splash Screen com.example.cupcake.test$_2127#233671 (1)
08-13 16:19:51.240  1111  1111 D SurfaceFlinger:        DEVICE |   0xb4000079e28bb590 | 0001 | RGBA_8888    |    0.0    0.0 1080.0   80.0 |    0    0 1080   80 | StatusBar$_2127#106 (79436)
08-13 16:19:51.240  1111  1111 D SurfaceFlinger:        DEVICE |   0xb4000079e2935310 | 0001 | RGBA_8888    |    0.0    0.0 1080.0  135.0 |    0 2205 1080 2340 | Na
08-13 16:19:51.241  1111  1111 D SurfaceFlinger: vigationBar0$_2127#101 (129828)
08-13 16:19:51.241  1111  1111 D SurfaceFlinger:        DEVICE |   0xb4000079e28ad3d0 | 0001 | RGBA_8888    |    0.0  249.0 1034.0  827.0 |   46    0 1080  578 | $_4855#233489 (385)
08-13 16:19:51.241  1111  1111 D SurfaceFlinger:
08-13 16:19:51.241 21624 21938 I Rubin   : [92] U9.g.x(Unknown Source) : Notify com.samsung.android.rubin.inferenceengine.contextanalytics.engine.loggers.AppUsageLogger's database is updated.
08-13 16:19:51.241  1111  1111 I SurfaceFlinger: destroyed Surface(name=e0324bb StatusBar)/@0x8487ff0 - animation-leash of insets_animation#233675
08-13 16:19:51.241  1111  1111 I SurfaceFlinger: destroyed Surface(name=8a94d40 NavigationBar0)/@0x65d636d - animation-leash of insets_animation#233674
08-13 16:19:51.241  1111  1111 I SurfaceFlinger: [Surface(name=8a94d40 NavigationBar0)/@0x65d636d - animation-leash of insets_animation#233684] attach to parent LayerHierarchy{RequestedLayerState{WindowToken{4aa5472 type=2019 android.os.BinderProxy@bd187d4}#87 parentId=31} 2 children}
08-13 16:19:51.241  1111  1111 I SurfaceFlinger: [com.sec.android.app.launcher/com.sec.android.app.launcher.activities.LauncherActivity$_2742#233683] attach to parent LayerHierarchy{RequestedLayerState{c2c214a com.sec.android.app.launcher/com.sec.android.app.launcher.activities.LauncherActivity#124 parentId=123} 1 children}
08-13 16:19:51.242  1111  1730 I SurfaceFlinger: id=233685 createSurf, flag=24000, Surface(name=e0324bb StatusBar)/@0x8487ff0 - animation-leash of insets_animation#233685
08-13 16:19:51.243  1111  1111 I Layer   : id=233674 Destroyed Surface(name=8a94d40 NavigationBar0)/@0x65d636d - animation-leash of insets_animation#233674
08-13 16:19:51.243  1111  1111 I Layer   : id=233675 Destroyed Surface(name=e0324bb StatusBar)/@0x8487ff0 - animation-leash of insets_animation#233675
08-13 16:19:51.246  1282  1908 I SystemKeyManager: requested systemKeyInfo size=2 focusedWindow=com.sec.android.app.launcher/com.sec.android.app.launcher.activities.LauncherActivity
08-13 16:19:51.247  1282  1908 V WindowManager: Relayout hash=c2c214a, pid=2742, syncId=-1: mAttrs={(0,0)(fillxfill) sim={adjust=nothing forwardNavigation} layoutInDisplayCutoutMode=always ty=BASE_APPLICATION fmt=TRANSPARENT wanim=0x1030301
08-13 16:19:51.247  1282  1908 V WindowManager:   fl=81910100
08-13 16:19:51.247  1282  1908 V WindowManager:   pfl=10008840
08-13 16:19:51.247  1282  1908 V WindowManager:   bhv=2
08-13 16:19:51.247  1282  1908 V WindowManager:   fitSides=0
08-13 16:19:51.247  1282  1908 V WindowManager:   frameRateBoostOnTouch=true
08-13 16:19:51.247  1282  1908 V WindowManager:   dvrrWindowFrameRateHint=true screenDimDuration=200000 naviIconColor=0}
08-13 16:19:51.248  2742  2742 I BLASTBufferQueue_Java: new BLASTBufferQueue, mName= VRI[LauncherActivity]@3489192 mNativeObject= 0xb4000075190eebd0 sc.mNativeObject= 0xb4000076190f0a10 caller= android.view.ViewRootImpl.updateBlastSurfaceIfNeeded:3397 android.view.ViewRootImpl.relayoutWindow:11361 android.view.ViewRootImpl.performTraversals:4544 android.view.ViewRootImpl.doTraversal:3708 android.view.ViewRootImpl$TraversalRunnable.run:12542 android.view.Choreographer$CallbackRecord.run:1751 android.view.Choreographer$CallbackRecord.run:1760 android.view.Choreographer.doCallbacks:1216 android.view.Choreographer.doFrame:1142 android.view.Choreographer$FrameDisplayEventReceiver.run:1707
08-13 16:19:51.248  2742  2742 I BLASTBufferQueue_Java: update, w= 1080 h= 2340 mName = VRI[LauncherActivity]@3489192 mNativeObject= 0xb4000075190eebd0 sc.mNativeObject= 0xb4000076190f0a10 format= -2 caller= android.graphics.BLASTBufferQueue.<init>:88 android.view.ViewRootImpl.updateBlastSurfaceIfNeeded:3397 android.view.ViewRootImpl.relayoutWindow:11361 android.view.ViewRootImpl.performTraversals:4544 android.view.ViewRootImpl.doTraversal:3708 android.view.ViewRootImpl$TraversalRunnable.run:12542
08-13 16:19:51.248  2742  2742 I VRI[LauncherActivity]@3489192: Relayout returned: old=(0,0,1080,2340) new=(0,0,1080,2340) relayoutAsync=false req=(1080,2340)0 dur=34 res=0x3 s={true 0xb4000075e90b94b0} ch=true seqId=0
08-13 16:19:51.249  2742  2742 I VRI[LauncherActivity]@3489192: Creating new active sync group VRI[LauncherActivity]@3489192#69
08-13 16:19:51.252  1282  1444 D NetworkPolicy: already checked 10132
08-13 16:19:51.253  1244  6944 I CameraService: onUidStateChanged: uid=10222, procState is changed. (5 -> 3)
08-13 16:19:51.253  1244  1348 I CameraService: onUidStateChanged: uid=10219, procState is changed. (5 -> 3)
08-13 16:19:51.254  1111  1111 I SurfaceFlinger: [Surface(name=e0324bb StatusBar)/@0x8487ff0 - animation-leash of insets_animation#233685] attach to parent LayerHierarchy{RequestedLayerState{WindowToken{b8fcd4a type=2000 android.os.BinderProxy@ecaaeec}#94 parentId=19} 2 children}
08-13 16:19:51.254  2742  5283 I HoneySpace.PredictionDataSourceImpl: TYPE_SUGGESTED_APPS updated: 9
08-13 16:19:51.262  2742  5288 I HoneySpace.PredictionDataSourceImpl: TYPE_RECOMMENDED_WIDGETS updated: 14
08-13 16:19:51.266  2127  3578 I WallpaperService: dispatchAppVisibility: system, visible=true , mLidState = -1
08-13 16:19:51.269  2127  2436 I WallpaperService: updateSurface system forceRelayout=false forceReport=false redrawNeeded=false myWidth=-1 myHeight=-1 fixedSize=false x = 0 y = 0 mWidth=-1 mHeight=-1
08-13 16:19:51.269  2127  2436 I WallpaperService: reportVisibility: visibility changed. visible=true
08-13 16:19:51.269  2127  2436 I ImageWallpaper_5[Image]:  onVisibilityChanged: visible=true , displayId=0
08-13 16:19:51.269  1111  1111 I SurfaceFlinger: [LayerHierarchy{RequestedLayerState{8a94d40 NavigationBar0#88 parentId=233684} 1 children}] reparent to LayerHierarchy{RequestedLayerState{Surface(name=8a94d40 NavigationBar0)/@0x65d636d - animation-leash of insets_animation#233684 parentId=87} 1 children}
08-13 16:19:51.269  1111  1111 I SurfaceFlinger: [LayerHierarchy{RequestedLayerState{e0324bb StatusBar#95 parentId=233685} 1 children}] reparent to LayerHierarchy{RequestedLayerState{Surface(name=e0324bb StatusBar)/@0x8487ff0 - animation-leash of insets_animation#233685 parentId=94} 1 children}
08-13 16:19:51.269  1111  1111 I SurfaceFlinger: [LayerHierarchy{RequestedLayerState{Surface(name=8a94d40 NavigationBar0)/@0x65d636d - animation-leash of insets_animation#233681} no children}] reparent to OffscreenRoot
08-13 16:19:51.269  1111  1111 I SurfaceFlinger: [LayerHierarchy{RequestedLayerState{Surface(name=8a94d40 NavigationBar0)/@0x65d636d - animation-leash of insets_animation#233681} no children}] RelativeParent to null
08-13 16:19:51.269  1111  1111 I SurfaceFlinger: [LayerHierarchy{RequestedLayerState{Surface(name=e0324bb StatusBar)/@0x8487ff0 - animation-leash of insets_animation#233682} no children}] reparent to OffscreenRoot
08-13 16:19:51.269  1111  1111 I SurfaceFlinger: [LayerHierarchy{RequestedLayerState{Surface(name=e0324bb StatusBar)/@0x8487ff0 - animation-leash of insets_animation#233682} no children}] RelativeParent to null
08-13 16:19:51.270  1282  3019 W LocationManagerService: onFreezeStateChanged, uid[10329]=true
08-13 16:19:51.270  1282  4478 D SyntheticPasswordManager.SDP: Inside fromBytes() - result.pinLength : -1
08-13 16:19:51.270  1282  4478 D SyntheticPasswordManager.SDP: 2. result.secureMode : 0
08-13 16:19:51.276  2127  2127 D NavigationBar: onSystemBarAttributesChanged() -  displayId:0, appearance:16, packageName: com.sec.android.app.launcher (APPEARANCE_LIGHT_NAVIGATION_BARS ), navbarColorManagedByIme:false
08-13 16:19:51.276  2127  2127 D SysUiState: SysUiState changed: old=0x10020000 new=0x10000000
08-13 16:19:51.279  1111  1163 I SurfaceFlinger: id=233681 Removed Surface(name=8a94d40 NavigationBar0)/@0x65d636d - animation-leash of insets_animation#233681 (180)
08-13 16:19:51.279  1111  1163 I SurfaceFlinger: id=233682 Removed Surface(name=e0324bb StatusBar)/@0x8487ff0 - animation-leash of insets_animation#233682 (180)
08-13 16:19:51.280  2742  1824 I HoneySpace.SystemUiRepository: systemUiFlags: awake
08-13 16:19:51.283  2742  4754 I VRI[LauncherActivity]@3489192: mWNT: t=0xb400007609378f90 mBlastBufferQueue=0xb4000075190eebd0 fn= 1 HdrRenderState mRenderHdrSdrRatio=1.0 caller= android.view.ViewRootImpl$11.onFrameDraw:15016 android.view.ThreadedRenderer$1.onFrameDraw:761 <bottom of call stack>
08-13 16:19:51.283  2742  4754 I VRI[LauncherActivity]@3489192: Setting up sync and frameCommitCallback
08-13 16:19:51.283  1111  1111 I SurfaceFlinger: destroyed Surface(name=8a94d40 NavigationBar0)/@0x65d636d - animation-leash of insets_animation#233681
08-13 16:19:51.283  1111  1111 I SurfaceFlinger: destroyed Surface(name=e0324bb StatusBar)/@0x8487ff0 - animation-leash of insets_animation#233682
08-13 16:19:51.284  2742  1823 I HoneySpace.RecentTasks: onRecentTasksChanged
08-13 16:19:51.284  2742  4573 I BLASTBufferQueue: [VRI[LauncherActivity]@3489192#6991](f:0,a:0,s:0) onFrameAvailable the first frame is available
08-13 16:19:51.284  2742  4573 I VRI[LauncherActivity]@3489192: Received frameCommittedCallback lastAttemptedDrawFrameNum=1 didProduceBuffer=true
08-13 16:19:51.285  1111  1162 I SurfaceFlinger: [com.sec.android.app.launcher/com.sec.android.app.launcher.activities.LauncherActivity$_2742#233683] setTransactionState with the first frame. bufferData(ID: 11776800376926, frameNumber: 1)
08-13 16:19:51.285  1111  1111 I Layer   : id=233681 Destroyed Surface(name=8a94d40 NavigationBar0)/@0x65d636d - animation-leash of insets_animation#233681
08-13 16:19:51.285  1111  1111 I Layer   : id=233682 Destroyed Surface(name=e0324bb StatusBar)/@0x8487ff0 - animation-leash of insets_animation#233682
08-13 16:19:51.287  1111  1209 D SurfaceFlinger: [input] setFocusedWindow: c2c214a com.sec.android.app.launcher/com.sec.android.app.launcher.activities.LauncherActivity
08-13 16:19:51.288  2127  2127 E {OngoingActivityController}: getTaskInfo find task 2226 fail. taskInfoList.size:2
08-13 16:19:51.288  2127  2127 I {OngoingActivityController}: onTaskFocusChanged focused:false, baseActivity:null
08-13 16:19:51.288  1282  4402 D InputDispatcher: Once focus requested (0): c2c214a com.sec.android.app.launcher/com.sec.android.app.launcher.activities.LauncherActivity
08-13 16:19:51.289  1282  4402 D InputDispatcher: Focus request (0): c2c214a com.sec.android.app.launcher/com.sec.android.app.launcher.activities.LauncherActivity but waiting because NO_WINDOW
08-13 16:19:51.289  2742  2742 I InsetsSourceConsumer: applyRequestedVisibilityToControl: visible=true, type=navigationBars, host=com.sec.android.app.launcher/com.sec.android.app.launcher.activities.LauncherActivity
08-13 16:19:51.289 21624 21938 I Rubin   : [92] com.samsung.android.rubin.inferenceengine.contextanalytics.engine.monitors.moment.exercise.ExercisingWithCmhMonitor.isSatisfiedByCmh(Unknown Source) : isSatisfiedByCmh is false
08-13 16:19:51.290  2127  2127 I {OngoingActivityController}: onTaskFocusChanged focused:true, baseActivity:ComponentInfo{com.sec.android.app.launcher/com.sec.android.app.launcher.Launcher}
