08-13 16:19:42.396  1282  4407 D InputTransport: Input channel constructed: '54813d7', fd=1020
08-13 16:19:42.396  1282  4407 D InputTransport: Input channel constructed: '54813d7', fd=1025
08-13 16:19:42.396  1282  4407 D InputTransport: Input channel constructed: '54813d7', fd=1026
08-13 16:19:42.397  1111  1162 I SurfaceFlinger: id=233521 createSurf, flag=84004, 54813d7 Splash Screen com.example.cupcake.test#233521
08-13 16:19:42.398  1282  4407 D InputTransport: Input channel destroyed: '54813d7', fd=1026
08-13 16:19:42.400  2127  2334 D InputTransport: Input channel constructed: '54813d7', fd=708
08-13 16:19:42.400  2127  2334 I InsetsController: onStateChanged: host=Splash Screen com.example.cupcake.test, from=android.view.ViewRootImpl.setView:1999, state=InsetsState: {mDisplayFrame=Rect(0, 0 - 1080, 2340), mDisplayCutout=DisplayCutout{insets=Rect(0, 80 - 0, 0) waterfall=Insets{left=0, top=0, right=0, bottom=0} boundingRect={Bounds=[Rect(0, 0 - 0, 0), Rect(511, 0 - 569, 80), Rect(0, 0 - 0, 0), Rect(0, 0 - 0, 0)]} cutoutPathParserInfo={CutoutPathParserInfo{displayWidth=1080 displayHeight=2340 physicalDisplayWidth=1080 physicalDisplayHeight=2340 density={2.8125} cutoutSpec={M 0,0 M 0,7.822222222222222‬‬ a 10.31111111111111‬,10.31111111111111‬ 0 1,0 0,20.62222222222222‬ a 10.31111111111111‬,10.31111111111111‬ 0 1,0 0,-20.62222222222222‬ Z @dp} rotation={0} scale={1.0} physicalPixelDisplaySizeRatio={1.0}}} sideOverrides={}}, mRoundedCorners=RoundedCorners{[RoundedCorner{position=TopLeft, radius=113, center=Point(113, 113)}, RoundedCorner{position=TopRight, radius=113, center=Point(967, 113)}, RoundedCorner{position=BottomRight, radius=113, center=Point(967, 2227)}, RoundedCorner{position=BottomLeft, radius=113, center=Point(113, 2227)}]}  mRoundedCornerFrame=Rect(0, 0 - 1080, 2340), mPrivacyIndicatorBounds=PrivacyIndicatorBounds {static bounds=Rect(956, 0 - 1080, 80) rotation=0}, mDisplayShape=DisplayShape{ spec=-311912193 displayWidth=1080 displayHeight=2340 physicalPixelDisplaySizeRatio=1.0 rotation=0 offsetX=0 offsetY=0 scale=1.0}, mSources= { InsetsSource: {b9640000 mType=statusBars mFrame=[0,0][1080,80] mVisible=true mFlags= mSideHint=TOP mBoundingRects=null}, InsetsSource: {b9640005 mType=mandatorySystemGestures mFrame=[0,0][1080,114] mVisible=true mFlags= mSideHint=TOP mBoundingRects=null}, InsetsSource: {b9640006 mType=tappableElement mFrame=[0,0][1080,80] mVisible=true mFlags= mSideHint=TOP mBoundingRects=null}, InsetsSource: {d8440001 mType=navigationBars mFrame=[0,2298][1080,2340] mVisible=true mFlags=SUPPRESS_SCRIM mSideHint=BOTTOM mBoundingRects=null}, InsetsSource: {d8440004 mType=systemGestures mFrame=[0,0][63,2340] mVisible=true mFlags= mSideHint=LEFT mBoundingRects=null}, InsetsSource: {d8440005 mType=mandatorySystemGestures mFrame=[0,2250][1080,2340] mVisible=true mFlags= mSideHint=BOTTOM mBoundingRects=null}, InsetsSource: {d8440006 mType=tappableElement mFrame=[0,0][0,0] mVisible=true mFlags= mSideHint=NONE mBoundingRects=null}, InsetsSource: {d8440024 mType=systemGestures mFrame=[1017,0][1080,2340] mVisible=true mFlags= mSideHint=RIGHT mBoundingRects=null}, InsetsSource: {3 mType=ime mFrame=[0,0][0,0] mVisible=false mFlags= mSideHint=NONE mBoundingRects=null}, InsetsSource: {27 mType=displayCutout mFrame=[0,0][1080,80] mVisible=true mFlags= mSideHint=TOP mBoundingRects=null} }
08-13 16:19:42.400  2127  2334 I VRI[test]@ddf85fa: synced displayState. AttachInfo displayState=2
08-13 16:19:42.404  1282  1446 V GrammaticalInflectionUtils: AttributionSource: AttributionSource { uid = 10419, packageName = null, attributionTag = null, token = android.os.Binder@88f1d92, deviceId = 0, next = null } does not have READ_SYSTEM_GRAMMATICAL_GENDER permission.
08-13 16:19:42.404  2742  2887 I HoneySpace.TopTaskSource: onTaskMovedToFront : taskId = 2218, displayId = 0
08-13 16:19:42.405  2742  2889 I HoneySpace.TopTaskUseCase: topTaskId 2218, DisplayId : 0
08-13 16:19:42.405  2127  2334 I VRI[test]@ddf85fa: setView = android.widget.FrameLayout@78379a1 IsHRR=false TM=true
08-13 16:19:42.406  2127  2390 D HWUI    : HWUI - treat SMPTE_170M as sRGB
08-13 16:19:42.407  1282  4407 V WindowManager: Relayout Window{54813d7 u0 Splash Screen com.example.cupcake.test}: viewVisibility=0 req=1080x2340 ty=3 d0
08-13 16:19:42.407  1111  1162 I SurfaceFlinger: id=233522 createSurf, flag=44004, Splash Screen com.example.cupcake.test$_2127#233522
08-13 16:19:42.408  1111  1111 I SurfaceFlinger: [LayerHierarchy{RequestedLayerState{ImeContainer#16 parentId=233506 relativeParentId=233506 z=1} 1 children}] RelativeParent to null
08-13 16:19:42.408  1111  1111 I SurfaceFlinger: [54813d7 Splash Screen com.example.cupcake.test#233521] attach to parent LayerHierarchy{RequestedLayerState{ActivityRecord{d04e285 u0 com.example.cupcake.test/androidx.test.core.app.InstrumentationActivityInvoker$EmptyActivity t2218}#233520 parentId=233519} 1 children}
08-13 16:19:42.408  1111  1111 I SurfaceFlinger: [Splash Screen com.example.cupcake.test$_2127#233522] attach to parent LayerHierarchy{RequestedLayerState{54813d7 Splash Screen com.example.cupcake.test#233521 parentId=233520 z=2147483647} 1 children}
08-13 16:19:42.413  1282  4407 V WindowManager: Relayout hash=54813d7, pid=2127, syncId=-1: mAttrs={(0,0)(fillxfill) sim={adjust=pan} layoutInDisplayCutoutMode=always ty=APPLICATION_STARTING fmt=TRANSLUCENT
08-13 16:19:42.413  1282  4407 V WindowManager:   fl=81030118
08-13 16:19:42.413  1282  4407 V WindowManager:   pfl=10000810
08-13 16:19:42.413  1282  4407 V WindowManager:   apr=18
08-13 16:19:42.413  1282  4407 V WindowManager:   bhv=1
08-13 16:19:42.413  1282  4407 V WindowManager:   fitSides=0
08-13 16:19:42.413  1282  4407 V WindowManager:   frameRateBoostOnTouch=true
08-13 16:19:42.413  1282  4407 V WindowManager:   dvrrWindowFrameRateHint=true naviIconColor=0}
08-13 16:19:42.419  1282  3681 D InputDispatcher: Focus left window (0): 1018d3c com.example.cupcake/androidx.activity.ComponentActivity
08-13 16:19:42.419  2742  1821 I HoneySpace.RecentTasks: onRecentTasksChanged
08-13 16:19:42.420  5596  5596 I ImeFocusController: onPreWindowFocus: skipped hasWindowFocus=false mHasImeFocus=true
08-13 16:19:42.421  2127  2334 I BLASTBufferQueue_Java: new BLASTBufferQueue, mName= VRI[test]@ddf85fa mNativeObject= 0xb40000751911ec90 sc.mNativeObject= 0xb4000076190e5310 caller= android.view.ViewRootImpl.updateBlastSurfaceIfNeeded:3397 android.view.ViewRootImpl.relayoutWindow:11361 android.view.ViewRootImpl.performTraversals:4544 android.view.ViewRootImpl.doTraversal:3708 android.view.ViewRootImpl$TraversalRunnable.run:12542 android.view.Choreographer$CallbackRecord.run:1751 android.view.Choreographer$CallbackRecord.run:1760 android.view.Choreographer.doCallbacks:1216 android.view.Choreographer.doFrame:1142 android.view.Choreographer$FrameDisplayEventReceiver.run:1707
08-13 16:19:42.421  2127  2334 I BLASTBufferQueue_Java: update, w= 1080 h= 2340 mName = VRI[test]@ddf85fa mNativeObject= 0xb40000751911ec90 sc.mNativeObject= 0xb4000076190e5310 format= -3 caller= android.graphics.BLASTBufferQueue.<init>:88 android.view.ViewRootImpl.updateBlastSurfaceIfNeeded:3397 android.view.ViewRootImpl.relayoutWindow:11361 android.view.ViewRootImpl.performTraversals:4544 android.view.ViewRootImpl.doTraversal:3708 android.view.ViewRootImpl$TraversalRunnable.run:12542
08-13 16:19:42.421  2127  2334 I VRI[test]@ddf85fa: Relayout returned: old=(0,0,1080,2340) new=(0,0,1080,2340) relayoutAsync=false req=(1080,2340)0 dur=12 res=0x3 s={true 0xb4000075e9552940} ch=true seqId=0
08-13 16:19:42.421  5596  5596 I ImeFocusController: onPostWindowFocus: skipped hasWindowFocus=false mHasImeFocus=true
08-13 16:19:42.422  2127  2334 I VRI[test]@ddf85fa: performConfigurationChange setNightDimText nightDimLevel=0
08-13 16:19:42.423  2127  2334 D VRI[test]@ddf85fa: mThreadedRenderer.initialize() mSurface={isValid=true 0xb4000075e9552940} hwInitialized=true
08-13 16:19:42.424  2127  2334 D VRI[test]@ddf85fa: reportNextDraw android.view.ViewRootImpl.performTraversals:5193 android.view.ViewRootImpl.doTraversal:3708 android.view.ViewRootImpl$TraversalRunnable.run:12542 android.view.Choreographer$CallbackRecord.run:1751 android.view.Choreographer$CallbackRecord.run:1760
08-13 16:19:42.425  2127  2334 D VRI[test]@ddf85fa: Setup new sync=wmsSync-VRI[test]@ddf85fa#74
08-13 16:19:42.425  2127  2334 I VRI[test]@ddf85fa: Creating new active sync group VRI[test]@ddf85fa#75
08-13 16:19:42.425  2127  2334 D VRI[test]@ddf85fa: registerCallbacksForSync syncBuffer=false
08-13 16:19:42.426  2127  2938 D VRI[test]@ddf85fa: Received frameDrawingCallback syncResult=0 frameNum=1.
08-13 16:19:42.426  1282  2049 D SemWifiTransportLayerMonitor.TcpMonitorHandler: MSG_SAVE_PACKAGE_INFO
08-13 16:19:42.426  1282  2049 D SemWifiTransportLayerFileManager: saveWifiPackageInfoToFile
08-13 16:19:42.426  1282  2049 D SemWifiTransportLayerFileManager: writeWifiPackageInfoList
08-13 16:19:42.426  2127  2938 I VRI[test]@ddf85fa: mWNT: t=0xb40000760945ccd0 mBlastBufferQueue=0xb40000751911ec90 fn= 1 HdrRenderState mRenderHdrSdrRatio=1.0 caller= android.view.ViewRootImpl$11.onFrameDraw:15016 android.view.ThreadedRenderer$1.onFrameDraw:761 <bottom of call stack>
08-13 16:19:42.426  2127  2938 I VRI[test]@ddf85fa: Setting up sync and frameCommitCallback
08-13 16:19:42.430  2742  1821 I HoneySpace.HistoryViewModel@160600677@OneUI: Illegal access. Unknown type. skip load history items
08-13 16:19:42.443  1034  1034 D Zygote  : Forked child process 5736
08-13 16:19:42.450  2127  2390 I BLASTBufferQueue: [VRI[test]@ddf85fa#13516](f:0,a:0,s:0) onFrameAvailable the first frame is available
08-13 16:19:42.451  2127  2390 I VRI[test]@ddf85fa: Received frameCommittedCallback lastAttemptedDrawFrameNum=1 didProduceBuffer=true
08-13 16:19:42.451  1111  1162 I SurfaceFlinger: [Splash Screen com.example.cupcake.test$_2127#233522] setTransactionState with the first frame. bufferData(ID: 9135395538119, frameNumber: 1)
08-13 16:19:42.451  2127  2390 D HWUI    : CFMS:: SetUp Pid : 2127    Tid : 2390
08-13 16:19:42.452  2127  2334 D VRI[test]@ddf85fa: reportDrawFinished seqId=0
08-13 16:19:42.457  1111  1163 I SurfaceFlinger: id=233523 createSurf, flag=84004, Transition Root: Task=2218#233523
08-13 16:19:42.459  1282  1447 I SurfaceControlRegistry: show, t=StartTransaction_SyncId<20524> sc=ActivityRecord{d04e285 u0 com.example.cupcake.test/androidx.test.core.app.InstrumentationActivityInvoker$EmptyActivity t2218}, caller=android.view.SurfaceControl$Transaction.show:3232 com.android.server.wm.Transition.onTransactionReady:2273 com.android.server.wm.BLASTSyncEngine$SyncGroup.finishNow:195 com.android.server.wm.BLASTSyncEngine.onSurfacePlacement:269 com.android.server.wm.RootWindowContainer.performSurfacePlacementNoTrace:459 com.android.server.wm.RootWindowContainer.performSurfacePlacement:9
08-13 16:19:42.462  1111  1111 I SurfaceFlinger: [Transition Root: Task=2218#233523] attach to parent LayerHierarchy{RequestedLayerState{DefaultTaskDisplayArea_d0#11 parentId=10} 10 children}
08-13 16:19:42.465  5736  5736 I le.cupcake.test: Late-enabling -Xcheck:jni
08-13 16:19:42.471  1066  4972 I ExynosC2H264EncComponent: [onUpdateC2Work] got SYNC FRAME
08-13 16:19:42.477  1282  1447 D ScreenCapture: [Capture_TEST] : setIsScreenShotBySystem false
08-13 16:19:42.480  2127  2303 I SurfaceControlRegistry: hide, t=FinishTransaction_SyncId<20524> sc=Task=2217, caller=android.view.SurfaceControl$Transaction.hide:3258 com.android.wm.shell.transition.Transitions.dispatchReady:929 com.android.wm.shell.transition.Transitions.onTransitionReady:244 com.android.wm.shell.transition.Transitions$TransitionPlayerImpl$$ExternalSyntheticLambda0.run:13 android.os.Handler.handleCallback:959 android.os.Handler.dispatchMessage:100
08-13 16:19:42.480  2127  2303 I SurfaceControlRegistry: show, t=StartTransaction_SyncId<20524> sc=Task=2218, caller=android.view.SurfaceControl$Transaction.show:3232 com.android.wm.shell.transition.Transitions.dispatchReady:934 com.android.wm.shell.transition.Transitions.onTransitionReady:244 com.android.wm.shell.transition.Transitions$TransitionPlayerImpl$$ExternalSyntheticLambda0.run:13 android.os.Handler.handleCallback:959 android.os.Handler.dispatchMessage:100
08-13 16:19:42.480  2127  2303 I SurfaceControlRegistry: show, t=FinishTransaction_SyncId<20524> sc=Task=2218, caller=android.view.SurfaceControl$Transaction.show:3232 com.android.wm.shell.transition.Transitions.dispatchReady:988 com.android.wm.shell.transition.Transitions.onTransitionReady:244 com.android.wm.shell.transition.Transitions$TransitionPlayerImpl$$ExternalSyntheticLambda0.run:13 android.os.Handler.handleCallback:959 android.os.Handler.dispatchMessage:100
08-13 16:19:42.480  2127  2303 I SurfaceControlRegistry: show, t=StartTransaction_SyncId<20524> sc=Transition Root: Task=2218, caller=android.view.SurfaceControl$Transaction.show:3232 com.android.wm.shell.transition.Transitions.playTransition:81 com.android.wm.shell.transition.Transitions.processReadyQueue:250 com.android.wm.shell.transition.Transitions.dispatchReady:1007 com.android.wm.shell.transition.Transitions.onTransitionReady:244 com.android.wm.shell.transition.Transitions$TransitionPlayerImpl$$ExternalSyntheticLambda0.run:13
08-13 16:19:42.489  1111  1111 I SurfaceFlinger: [StatusBar$_2127#106] setDefaultFrameRateCompatibility: NoVote
08-13 16:19:42.504  1111  1730 I SurfaceFlinger: id=233524 createSurf, flag=24000, Surface(name=8a94d40 NavigationBar0)/@0x65d636d - animation-leash of insets_animation#233524
08-13 16:19:42.506  1111  1730 I SurfaceFlinger: id=233525 createSurf, flag=24000, Surface(name=e0324bb StatusBar)/@0x8487ff0 - animation-leash of insets_animation#233525
08-13 16:19:42.507  1111  1111 I SurfaceFlinger: [Surface(name=8a94d40 NavigationBar0)/@0x65d636d - animation-leash of insets_animation#233524] attach to parent LayerHierarchy{RequestedLayerState{WindowToken{4aa5472 type=2019 android.os.BinderProxy@bd187d4}#87 parentId=31} 2 children}
08-13 16:19:42.508  1111  1111 I SurfaceFlinger: [Surface(name=e0324bb StatusBar)/@0x8487ff0 - animation-leash of insets_animation#233525] attach to parent LayerHierarchy{RequestedLayerState{WindowToken{b8fcd4a type=2000 android.os.BinderProxy@ecaaeec}#94 parentId=19} 2 children}
08-13 16:19:42.510  5736  5736 I le.cupcake.test: Using CollectorTypeCMC GC.
08-13 16:19:42.513  2127  2127 D SamsungLightBarControlHelper: updateStatusBar (BLACK icon) numStacks:1, StatusBarMode:MODE_TRANSPARENT, lightBarBounds:[Rect(0, 0 - 1080, 2340)], StatusBarState:SHADE, packageName:, isWhiteKeyguardStatusBar:false
08-13 16:19:42.513  1111  1162 I SurfaceFlinger: id=233526 createSurf, flag=84000, 94904ef ActivityRecordInputSink com.example.cupcake.test/androidx.test.core.app.InstrumentationActivityInvoker$EmptyActivity#233526
08-13 16:19:42.514  2127  2127 D SamsungLightBarControlHelper: onStatusBarAppearanceChanged() -  sbModeChanged:false, statusBarMode:0, barState:MODE_TRANSPARENT, isKeyguardShowing:false, navbarColorManagedByIme:false, (AppearanceRegion{LIGHT_STATUS_BARS bounds=[0,0][1080,2340]}, )
08-13 16:19:42.514  2127  2127 D NavigationBar: onSystemBarAttributesChanged() -  displayId:0, appearance:24, packageName: com.example.cupcake.test (APPEARANCE_LIGHT_STATUS_BARS APPEARANCE_LIGHT_NAVIGATION_BARS ), navbarColorManagedByIme:false
08-13 16:19:42.516  1111  1111 I SurfaceFlinger: [LayerHierarchy{RequestedLayerState{8a94d40 NavigationBar0#88 parentId=233524} 1 children}] reparent to LayerHierarchy{RequestedLayerState{Surface(name=8a94d40 NavigationBar0)/@0x65d636d - animation-leash of insets_animation#233524 parentId=87} 1 children}
08-13 16:19:42.516  1111  1111 I SurfaceFlinger: [LayerHierarchy{RequestedLayerState{e0324bb StatusBar#95 parentId=233525} 1 children}] reparent to LayerHierarchy{RequestedLayerState{Surface(name=e0324bb StatusBar)/@0x8487ff0 - animation-leash of insets_animation#233525 parentId=94} 1 children}
08-13 16:19:42.516  1111  1111 I SurfaceFlinger: [LayerHierarchy{RequestedLayerState{Surface(name=e0324bb StatusBar)/@0x8487ff0 - animation-leash of insets_animation#233516} no children}] reparent to OffscreenRoot
08-13 16:19:42.516  1111  1111 I SurfaceFlinger: [LayerHierarchy{RequestedLayerState{Surface(name=e0324bb StatusBar)/@0x8487ff0 - animation-leash of insets_animation#233516} no children}] RelativeParent to null
08-13 16:19:42.516  1111  1111 I SurfaceFlinger: [LayerHierarchy{RequestedLayerState{Surface(name=8a94d40 NavigationBar0)/@0x65d636d - animation-leash of insets_animation#233515} no children}] reparent to OffscreenRoot
08-13 16:19:42.516  1111  1111 I SurfaceFlinger: [LayerHierarchy{RequestedLayerState{Surface(name=8a94d40 NavigationBar0)/@0x65d636d - animation-leash of insets_animation#233515} no children}] RelativeParent to null
08-13 16:19:42.516  1111  1111 I SurfaceFlinger: [94904ef ActivityRecordInputSink com.example.cupcake.test/androidx.test.core.app.InstrumentationActivityInvoker$EmptyActivity#233526] attach to parent LayerHierarchy{RequestedLayerState{ActivityRecord{d04e285 u0 com.example.cupcake.test/androidx.test.core.app.InstrumentationActivityInvoker$EmptyActivity t2218}#233520 parentId=233519} 2 children}
08-13 16:19:42.518 19715 19720 I adbd    : jdwp connection from 5736
08-13 16:19:42.523  2127  2334 I InsetsSourceConsumer: applyRequestedVisibilityToControl: visible=true, type=navigationBars, host=Splash Screen com.example.cupcake.test
08-13 16:19:42.523  5736  5736 D nativeloader: Load libframework-connectivity-tiramisu-jni.so using APEX ns com_android_tethering for caller /apex/com.android.tethering/javalib/framework-connectivity-t.jar: ok
08-13 16:19:42.523  2127  2334 I InsetsSourceConsumer: applyRequestedVisibilityToControl: visible=true, type=statusBars, host=Splash Screen com.example.cupcake.test
08-13 16:19:42.527  1111  1730 I SurfaceFlinger: id=233527 createSurf, flag=44404, Right Edge Extension#233527
08-13 16:19:42.528  5736  5736 D ActivityThread: setConscryptValidator
08-13 16:19:42.528  5736  5736 D ActivityThread: setConscryptValidator - put
08-13 16:19:42.529  1111  1111 I SurfaceFlinger: [Right Edge Extension#233527] attach to parent LayerHierarchy{RequestedLayerState{Task=2217#233505 parentId=11 z=3} 2 children}
08-13 16:19:42.541  1282  1444 D PkgPredictorService-SecIpmManagerServiceImpl: onForegroundActivitiesChanged pid:5736 uid:10419
08-13 16:19:42.542  1282  2840 V PkgPredictorService-SecIpmManagerServiceImpl: discard foreground app:com.example.cupcake.test 1|true
08-13 16:19:42.544  1111  1111 I SurfaceFlinger: [StatusBar$_2127#106] setDefaultFrameRateCompatibility: NoVote
08-13 16:19:42.549  1111  1163 I SurfaceFlinger: id=233528 createSurf, flag=4400, [BBQ] Right Edge Extension#233527#233528
08-13 16:19:42.552  1111  1223 I SurfaceFlinger: id=233515 Removed Surface(name=8a94d40 NavigationBar0)/@0x65d636d - animation-leash of insets_animation#233515 (174)
08-13 16:19:42.552  1111  1223 I SurfaceFlinger: id=233516 Removed Surface(name=e0324bb StatusBar)/@0x8487ff0 - animation-leash of insets_animation#233516 (174)
08-13 16:19:42.553  2127  2390 D NativeCustomFrequencyManager: [NativeCFMS] BpCustomFrequencyManager::BpCustomFrequencyManager()
08-13 16:19:42.555  2742  6184 I HoneySpace.NotificationListener: onNotificationPosted com.samsung.android.app.smartcapture: 0|com.samsung.android.app.smartcapture|1332|null|10190: 0
08-13 16:19:42.556 21624 21938 I Rubin   : [92] U9.g.x(Unknown Source) : Notify com.samsung.android.rubin.inferenceengine.contextanalytics.engine.loggers.AppUsageLogger's database is updated.
08-13 16:19:42.556  1111  1111 I SurfaceFlinger: destroyed Surface(name=e0324bb StatusBar)/@0x8487ff0 - animation-leash of insets_animation#233516
08-13 16:19:42.556  1111  1111 I SurfaceFlinger: destroyed Surface(name=8a94d40 NavigationBar0)/@0x65d636d - animation-leash of insets_animation#233515
08-13 16:19:42.556  1111  1111 I SurfaceFlinger: [[BBQ] Right Edge Extension#233527#233528] attach to parent LayerHierarchy{RequestedLayerState{Right Edge Extension#233527 parentId=233505} 1 children}
08-13 16:19:42.557  1111  1111 I Layer   : id=233516 Destroyed Surface(name=e0324bb StatusBar)/@0x8487ff0 - animation-leash of insets_animation#233516
08-13 16:19:42.557  1111  1111 I Layer   : id=233515 Destroyed Surface(name=8a94d40 NavigationBar0)/@0x65d636d - animation-leash of insets_animation#233515
08-13 16:19:42.557  2127  2127 D InterruptionStateProvider:  no Heads up : edgelighting enabled app. 0|com.samsung.android.app.smartcapture|1332|null|10190
08-13 16:19:42.559  2127  2127 D SubscreenNotificationListCoordinator: onAfterRenderList() isSubScreen = false, pluginLockMode = 0, doNotShowOnCover = false
08-13 16:19:42.563  2742  6184 I HoneySpace.BadgeDataSourceImpl: Get notification count. PK(p='com.samsung.android.app.smartcapture', u=UserHandle{0}) - forceBadgeCount: false, notification listener: 1, badge provider: 0
08-13 16:19:42.565  2127  2390 I BLASTBufferQueue: [[BBQ]Right Edge Extension#233527#13517](f:0,a:0,s:0) onFrameAvailable the first frame is available
08-13 16:19:42.566  1111  1730 I SurfaceFlinger: [[BBQ] Right Edge Extension#233527#233528] setTransactionState with the first frame. bufferData(ID: 9135395538129, frameNumber: 1)
08-13 16:19:42.568  2127  2390 D HWUI    : CFMS:: SetUp Pid : 2127    Tid : 2390
08-13 16:19:42.570  2127  2303 I SurfaceControlRegistry: show, t=StartTransaction_SyncId<20524> sc=Right Edge Extension, caller=android.view.SurfaceControl$Transaction.show:3232 android.view.SurfaceControl$Transaction.setVisibility:3198 com.android.wm.shell.transition.TransitionAnimationHelper.createExtensionSurface:247 com.android.wm.shell.transition.TransitionAnimationHelper.edgeExtendWindow:193 com.android.wm.shell.transition.DefaultTransitionHandler.startAnimation:1877 com.android.wm.shell.transition.Transitions.dispatchTransition:93
08-13 16:19:42.570  2127  2127 I LockscreenNotificationIconsOnlyController: onNotificationInfoUpdated 0
08-13 16:19:42.570  2127  2127 I AODNotificationManager: updateNotification()
08-13 16:19:42.575  1111  1223 I SurfaceFlinger: id=233529 createSurf, flag=20004, DimTransitionLayer for Surface(name=Task=2218)/@0xb00bbd9#233529
08-13 16:19:42.579  2127  2303 I SurfaceControlRegistry: show, t=StartTransaction_SyncId<20524> sc=DimTransitionLayer for Surface(name=Task=2218)/@0xb00bbd9, caller=android.view.SurfaceControl$Transaction.show:3232 com.android.wm.shell.transition.DefaultTransitionHandler.startAnimation:2540 com.android.wm.shell.transition.Transitions.dispatchTransition:93 com.android.wm.shell.transition.Transitions.playTransition:700 com.android.wm.shell.transition.Transitions.processReadyQueue:250 com.android.wm.shell.transition.Transitions.dispatchReady:1007
08-13 16:19:42.581  2127  2303 I SurfaceControlRegistry: apply, t=StartTransaction_SyncId<20524>, caller=android.view.SurfaceControl$Transaction.apply:3135 android.view.SurfaceControl$Transaction.apply:3122 android.view.SurfaceControl$Transaction.apply:3078 com.android.wm.shell.transition.DefaultTransitionHandler.startAnimation:2823 com.android.wm.shell.transition.Transitions.dispatchTransition:93 com.android.wm.shell.transition.Transitions.playTransition:700
08-13 16:19:42.583  2742 31227 I HoneySpace.RecentTasks: onRecentTasksChanged
08-13 16:19:42.583  5736  5736 D ApplicationLoaders: Returning zygote-cached class loader: /system/framework/android.test.base.jar
08-13 16:19:42.587  1111  1111 I SurfaceFlinger: Layer [Transition Root: Task=2218#233523] hidden!! flag(0)
08-13 16:19:42.587  1111  1111 I SurfaceFlinger: Layer [Splash Screen com.example.cupcake.test$_2127#233522] hidden!! flag(0)
08-13 16:19:42.587  1111  1111 I SurfaceFlinger: Layer [DimTransitionLayer for Surface(name=Task=2218)/@0xb00bbd9#233529] hidden!! flag(0)
08-13 16:19:42.587  1111  1111 E SurfaceFlinger: alpha changed 1.000 -> 0.000 - DimTransitionLayer for Surface(name=Task=2218)/@0xb00bbd9#233529
08-13 16:19:42.587  1111  1111 I SurfaceFlinger: Layer [Right Edge Extension#233527] hidden!! flag(0)
08-13 16:19:42.587  1111  1111 I SurfaceFlinger: Layer [54813d7 Splash Screen com.example.cupcake.test#233521] hidden!! flag(0)
08-13 16:19:42.587  1111  1111 I SurfaceFlinger: Layer [ActivityRecord{d04e285 u0 com.exampl[...]yInvoker$EmptyActivity t2218}#233520] hidden!! flag(0)
08-13 16:19:42.587  1111  1111 I SurfaceFlinger: Layer [Task=2218#233519] hidden!! flag(0)
08-13 16:19:42.587  1111  1111 E SurfaceFlinger: alpha changed 1.000 -> 0.000 - Task=2218#233519
08-13 16:19:42.587  1111  1111 E SurfaceFlinger: alpha changed 0.000 -> 1.000 - Task=2218#233519
08-13 16:19:42.587  1111  1111 E SurfaceFlinger: alpha changed 0.000 -> 0.000 - DimTransitionLayer for Surface(name=Task=2218)/@0xb00bbd9#233529
08-13 16:19:42.587  1111  1111 E SurfaceFlinger: alpha changed 0.000 -> 0.000 - DimTransitionLayer for Surface(name=Task=2218)/@0xb00bbd9#233529
08-13 16:19:42.587  1111  1111 I SurfaceFlinger: [LayerHierarchy{RequestedLayerState{Task=2217#233505 parentId=233523 z=2} 2 children}] reparent to LayerHierarchy{RequestedLayerState{Transition Root: Task=2218#233523 parentId=11 z=4} 1 children}
08-13 16:19:42.587  1111  1111 I SurfaceFlinger: [LayerHierarchy{RequestedLayerState{Task=2218#233519 parentId=233523 z=5} 1 children}] reparent to LayerHierarchy{RequestedLayerState{Transition Root: Task=2218#233523 parentId=11 z=4} 2 children}
08-13 16:19:42.587  1111  1111 I SurfaceFlinger: [DimTransitionLayer for Surface(name=Task=2218)/@0xb00bbd9#233529] attach to parent LayerHierarchy{RequestedLayerState{Transition Root: Task=2218#233523 parentId=11 z=4} 3 children}
08-13 16:19:42.587 21624 21938 I Rubin   : [92] com.samsung.android.rubin.inferenceengine.contextanalytics.engine.monitors.moment.exercise.ExercisingWithCmhMonitor.isSatisfiedByCmh(Unknown Source) : isSatisfiedByCmh is false
08-13 16:19:42.589  5736  5736 D nativeloader: Configuring clns-7 for other apk /system/framework/android.test.mock.jar. target_sdk_version=35, uses_libraries=ALL, library_path=/data/app/~~jgBUtHMpnRtbFoVgtqYWzA==/com.example.cupcake.test--6t9wDDE9HZwWRD-J_BS9w==/lib/arm64, permitted_path=/data:/mnt/expand:/data/user/0/com.example.cupcake.test
08-13 16:19:42.589  5736  5736 D nativeloader: Extending system_exposed_libraries: libhumantracking.arcsoft.so:libPortraitDistortionCorrection.arcsoft.so:libPortraitDistortionCorrectionCali.arcsoft.so:libface_landmark.arcsoft.so:libFacialStickerEngine.arcsoft.so:libveengine.arcsoft.so:libimage_enhancement.arcsoft.so:liblow_light_hdr.arcsoft.so:libhigh_dynamic_range.arcsoft.so:libobjectcapture_jni.arcsoft.so:libobjectcapture.arcsoft.so:libFacialAttributeDetection.arcsoft.so:libaudiomirroring_jni.audiomirroring.samsung.so:libBeauty_v4.camera.samsung.so:libexifa.camera.samsung.so:libjpega.camera.samsung.so:libOpenCv.camera.samsung.so:libC2paDps.camera.samsung.so:libImageScreener.camera.samsung.so:libMyFilter.camera.samsung.so:libtensorflowLite.myfilter.camera.samsung.so:libtflite2.myfilters.camera.samsung.so:libtensorflowlite_inference_api.myfilter.camera.samsung.so:libHIDTSnapJNI.camera.samsung.so:libSmartScan.camera.samsung.so:libRectify.camera.samsung.so:libDocRectifyWrapper.camera.samsung.so:libUltraWideDistortionCorrection.camera.samsung.so:libFace_Lan
08-13 16:19:42.592  5736  5736 D ApplicationLoaders: Returning zygote-cached class loader: /system/framework/android.test.base.jar
08-13 16:19:42.593  2742  1823 I HoneySpace.HistoryViewModel@160600677@OneUI: Illegal access. Unknown type. skip load history items
08-13 16:19:42.597  5736  5736 D nativeloader: Configuring clns-8 for other apk /system/framework/android.test.runner.jar. target_sdk_version=35, uses_libraries=ALL, library_path=/data/app/~~jgBUtHMpnRtbFoVgtqYWzA==/com.example.cupcake.test--6t9wDDE9HZwWRD-J_BS9w==/lib/arm64, permitted_path=/data:/mnt/expand:/data/user/0/com.example.cupcake.test
08-13 16:19:42.597  5736  5736 D nativeloader: Extending system_exposed_libraries: libhumantracking.arcsoft.so:libPortraitDistortionCorrection.arcsoft.so:libPortraitDistortionCorrectionCali.arcsoft.so:libface_landmark.arcsoft.so:libFacialStickerEngine.arcsoft.so:libveengine.arcsoft.so:libimage_enhancement.arcsoft.so:liblow_light_hdr.arcsoft.so:libhigh_dynamic_range.arcsoft.so:libobjectcapture_jni.arcsoft.so:libobjectcapture.arcsoft.so:libFacialAttributeDetection.arcsoft.so:libaudiomirroring_jni.audiomirroring.samsung.so:libBeauty_v4.camera.samsung.so:libexifa.camera.samsung.so:libjpega.camera.samsung.so:libOpenCv.camera.samsung.so:libC2paDps.camera.samsung.so:libImageScreener.camera.samsung.so:libMyFilter.camera.samsung.so:libtensorflowLite.myfilter.camera.samsung.so:libtflite2.myfilters.camera.samsung.so:libtensorflowlite_inference_api.myfilter.camera.samsung.so:libHIDTSnapJNI.camera.samsung.so:libSmartScan.camera.samsung.so:libRectify.camera.samsung.so:libDocRectifyWrapper.camera.samsung.so:libUltraWideDistortionCorrection.camera.samsung.so:libFace_Lan
08-13 16:19:42.604  1111  1111 E SurfaceFlinger: alpha changed 0.000 -> 0.019 - DimTransitionLayer for Surface(name=Task=2218)/@0xb00bbd9#233529
08-13 16:19:42.613  1111  1111 D SurfaceFlinger: Display 4633128672291735932 HWC layers:
08-13 16:19:42.613  1111  1111 D SurfaceFlinger:        CLIENT |   0xb4000079e294fa90 | 0002 | RGBA_8888    |    0.0    0.0   31.0 2340.0 | 1049    0 1080 2340 | [BBQ] Right Edge Extension#233527#233528 (1)
08-13 16:19:42.613  1111  1111 D SurfaceFlinger:        DEVICE |   0xb4000079e28f72d0 | 0001 | RGBA_8888    |   31.0    0.0 1080.0 2340.0 |    0    0 1049 2340 | com.example.cupcake/androidx.activity.ComponentActivity$_5596#233514 (51)
08-13 16:19:42.613  1111  1111 D SurfaceFlinger:   SOLID_COLOR |                      | 0001 | Unknown      |    0.0    0.0    0.0    0.0 |    0    0 1080 2340 | DimTransitionLayer for Surface(name=Task=2218)/@0xb00bbd9#233529
08-13 16:19:42.613  1111  1111 D SurfaceFlinger:        DEVICE |   0xb4000079e29530d0 | 0001 | RGBA_8888    |    0.0    0.0   99.0 2340.0 |  981    0 1080 2340 | Splash Screen com.example.cupcake.test$_2127#233522 (1)
08-13 16:19:42.613  1111  1111 D SurfaceFlinger:        DEVICE |   0xb4000079e28bb590 | 0001 | RGBA_8888    |    0.0    0.0 1080.0   80.0 |    0    0 1080   80 | StatusBar$_2127#106 (79332)
08-13 16:19:42.613  1111  1111 D SurfaceFlinger:        DEVICE |   0xb4000079e2935310 | 0001 | RGBA_8888    |    0.0    0.0 1080.0  135.0 |    0 2205 1080 2340 | NavigationBar0$_2127#101 (129696)
08-13 16:19:42.613  1111  1111 D SurfaceFlinger:
08-13 16:19:42.613  1111  1111 D SurfaceFlinger:     DEVICE |   0xb4000079e28ad3d0 | 0001 | RGBA_8888    |    0.0  249.0 1034.0  827.0 |   46    0 1080  578 | $_4855#233489 (377)
08-13 16:19:42.613  1111  1111 D SurfaceFlinger:
08-13 16:19:42.625  5736  5736 D nativeloader: Configuring clns-9 for other apk /data/app/~~jgBUtHMpnRtbFoVgtqYWzA==/com.example.cupcake.test--6t9wDDE9HZwWRD-J_BS9w==/base.apk. target_sdk_version=35, uses_libraries=, library_path=/data/app/~~jgBUtHMpnRtbFoVgtqYWzA==/com.example.cupcake.test--6t9wDDE9HZwWRD-J_BS9w==/lib/arm64, permitted_path=/data:/mnt/expand:/data/user/0/com.example.cupcake.test
08-13 16:19:42.627  5736  5736 D CompatChangeReporter: Compat change id reported: 202956589; UID 10419; state: ENABLED
08-13 16:19:42.642  5736  5736 V GraphicsEnvironment: Currently set values for:
08-13 16:19:42.642  5736  5736 V GraphicsEnvironment:   angle_gl_driver_selection_pkgs=[]
08-13 16:19:42.643  5736  5736 V GraphicsEnvironment:   angle_gl_driver_selection_values=[]
08-13 16:19:42.643  5736  5736 V GraphicsEnvironment: Global.Settings values are invalid: number of packages: 0, number of values: 0
08-13 16:19:42.643  5736  5736 V GraphicsEnvironment: Neither updatable production driver nor prerelease driver is supported.
08-13 16:19:42.656  3974  4027 E d       : (Berry)(1.16)handleAudioPathTask() : can't get dual play mode - Attempt to invoke virtual method 'boolean android.bluetooth.BluetoothA2dp.semIsDualPlayMode()' on a null object reference
08-13 16:19:42.704  1282  4407 D InputDispatcher: Focused application(0): ActivityRecord{d04e285 u0 com.example.cupcake.test/androidx.test.core.app.InstrumentationActivityInvoker$EmptyActivity t2218}
08-13 16:19:42.708  1282  1967 D AS.MultiSoundManager: mForegroundUid = 10419
08-13 16:19:42.712  1282  4407 D GraphicsStatsService: requestRenderEngineFor(com.example.cupcake.test)
08-13 16:19:42.713  2127  2127 I {OngoingActivityController}: onTaskFocusChanged focused:false, baseActivity:ComponentInfo{com.example.cupcake/androidx.activity.ComponentActivity}
08-13 16:19:42.714  5736  5736 D HWUI    : HWUI - treat SMPTE_170M as sRGB
08-13 16:19:42.717  2127  2127 I {OngoingActivityController}: onTaskFocusChanged focused:true, baseActivity:ComponentInfo{com.example.cupcake.test/androidx.test.core.app.InstrumentationActivityInvoker$EmptyActivity}
08-13 16:19:42.719  2127  2127 I {OngoingActivityDataHelper}: setBaseActivityComponentName:ComponentInfo{com.example.cupcake.test/androidx.test.core.app.InstrumentationActivityInvoker$EmptyActivity}
08-13 16:19:42.721  2742  2887 I HoneySpace.TopTaskSource: onTaskFocusChanged(): taskId = 2218
08-13 16:19:42.721  2742  2887 I HoneySpace.TopTaskSource: onTaskMovedToFront : taskId = 2218, displayId = 0
08-13 16:19:42.727  5736  5756 D HWUI    : CacheManager constructor. deviceInfo=(1080, 1920)
08-13 16:19:42.741  3157  3157 E pageboostd: Received HALT command code 2
08-13 16:19:42.750  5736  5736 D CompatChangeReporter: Compat change id reported: 279646685; UID 10419; state: ENABLED
08-13 16:19:42.757  2127  2127 D Bubbles : onEntryUpdated : shouldBubbleUp=false ,key=0|com.samsung.android.app.smartcapture|1332|null|10190
08-13 16:19:42.759  2127  2127 D InterruptionStateProvider:  no Heads up : edgelighting enabled app. 0|com.samsung.android.app.smartcapture|1332|null|10190
08-13 16:19:42.759  5736  5736 D CompatChangeReporter: Compat change id reported: 309578419; UID 10419; state: ENABLED
08-13 16:19:42.768  5736  5736 I DecorView: setWindowBackground: isPopOver=false color=ffffffff d=android.graphics.drawable.ColorDrawable@d671a2b
08-13 16:19:42.768  2127  2127 D SubscreenNotificationListCoordinator: onAfterRenderList() isSubScreen = false, pluginLockMode = 0, doNotShowOnCover = false
08-13 16:19:42.770  2127  2127 D SecKeyguardClockPositionAlgorithm: getTopMargin scale = 1.2690217, clockContainerHeight = 389, scaleMarginY = -41
08-13 16:19:42.773  2127  2127 I LockscreenNotificationIconsOnlyController: onNotificationInfoUpdated 0
08-13 16:19:42.773  2127  2127 I AODNotificationManager: updateNotification()
08-13 16:19:42.780  2127  2816 D LocalImageResolver: Couldn't use ImageDecoder for drawable, falling back to non-resized load.
08-13 16:19:42.783  5736  5736 D CompatChangeReporter: Compat change id reported: 352594277; UID 10419; state: ENABLED
08-13 16:19:42.789  2127  2816 D LocalImageResolver: Couldn't use ImageDecoder for drawable, falling back to non-resized load.
08-13 16:19:42.793  2127  2127 I AppIconSolution: return adaptive icon for com.samsung.android.app.smartcapture, isNight = true
08-13 16:19:42.793  5736  5736 I ViewRootImpl: dVRR is disabled
08-13 16:19:42.794  5736  5736 D HardwareRenderer: onDisplayChanged. displayId=0 current wxh=1080x2340 mLargest wxh=0x0
08-13 16:19:42.795  5736  5736 D HardwareRenderer: Set largestWidth and largestHeight as logical resolution. (1080x2340)
08-13 16:19:42.795  5736  5756 D HWUI    : setMaxSurfaceArea requested wxh=(1080,2340) requestedSurfaceArea(2527200) mMaxSurfaceArea(2073600)
08-13 16:19:42.796  5736  5756 D NativeCustomFrequencyManager: [NativeCFMS] BpCustomFrequencyManager::BpCustomFrequencyManager()
08-13 16:19:42.803  2127  2127 D SecKeyguardClockPositionAlgorithm: getTopMargin scale = 1.2690217, clockContainerHeight = 389, scaleMarginY = -41
08-13 16:19:42.808  2127  2127 D S.S.N.  : entryViewBound parent :0|com.samsung.android.app.smartcapture|1332|null|10190
08-13 16:19:42.809  1282  3681 D InputTransport: Input channel constructed: '409fe38', fd=1032
08-13 16:19:42.809  1282  3681 D InputTransport: Input channel constructed: '409fe38', fd=1035
08-13 16:19:42.809  1282  3681 D InputTransport: Input channel constructed: '409fe38', fd=1045
08-13 16:19:42.811  2127  2127 I AppIconSolution: return adaptive icon for com.samsung.android.app.smartcapture, isNight = true
08-13 16:19:42.812  1111  1732 I SurfaceFlinger: id=233530 createSurf, flag=84004, 409fe38 com.example.cupcake.test/androidx.test.core.app.InstrumentationActivityInvoker$EmptyActivity#233530
08-13 16:19:42.814  1282  3681 D InputTransport: Input channel destroyed: '409fe38', fd=1045
08-13 16:19:42.815  5736  5736 D InputTransport: Input channel constructed: '409fe38', fd=121
08-13 16:19:42.816  2127  2303 I SurfaceControlRegistry: apply, t=FinishTransaction_SyncId<20524>, caller=android.view.SurfaceControl$Transaction.apply:3135 android.view.SurfaceControl$Transaction.apply:3122 android.view.SurfaceControl$Transaction.apply:3078 com.android.wm.shell.transition.Transitions.onFinish:308 com.android.wm.shell.transition.Transitions$$ExternalSyntheticLambda8.onTransitionFinished:10 com.android.wm.shell.transition.DefaultTransitionHandler$$ExternalSyntheticLambda6.run:36
08-13 16:19:42.817  2127  2127 D SubscreenNotificationListCoordinator: onAfterRenderList() isSubScreen = false, pluginLockMode = 0, doNotShowOnCover = false
08-13 16:19:42.817  5736  5736 I InsetsController: onStateChanged: host=com.example.cupcake.test/androidx.test.core.app.InstrumentationActivityInvoker$EmptyActivity, from=android.view.ViewRootImpl.setView:1999, state=InsetsState: {mDisplayFrame=Rect(0, 0 - 1080, 2340), mDisplayCutout=DisplayCutout{insets=Rect(0, 80 - 0, 0) waterfall=Insets{left=0, top=0, right=0, bottom=0} boundingRect={Bounds=[Rect(0, 0 - 0, 0), Rect(511, 0 - 569, 80), Rect(0, 0 - 0, 0), Rect(0, 0 - 0, 0)]} cutoutPathParserInfo={CutoutPathParserInfo{displayWidth=1080 displayHeight=2340 physicalDisplayWidth=1080 physicalDisplayHeight=2340 density={2.8125} cutoutSpec={M 0,0 M 0,7.822222222222222‬‬ a 10.31111111111111‬,10.31111111111111‬ 0 1,0 0,20.62222222222222‬ a 10.31111111111111‬,10.31111111111111‬ 0 1,0 0,-20.62222222222222‬ Z @dp} rotation={0} scale={1.0} physicalPixelDisplaySizeRatio={1.0}}} sideOverrides={}}, mRoundedCorners=RoundedCorners{[RoundedCorner{position=TopLeft, radius=113, center=Point(113, 113)}, RoundedCorner{position=TopRight, radius=113, center=Point(967, 113)}, RoundedCorner{position=BottomRight, radius=113, center=Point(967, 2227)}, RoundedCorner{position=BottomLeft, radius=113, center=Point(113, 2227)}]}  mRoundedCornerFrame=Rect(0, 0 - 1080, 2340), mPrivacyIndicatorBounds=PrivacyIndicatorBounds {static bounds=Rect(956, 0 - 1080, 80) rotation=0}, mDisplayShape=DisplayShape{ spec=-311912193 displayWidth=1080 displayHeight=2340 physicalPixelDisplaySizeRatio=1.0 rotation=0 offsetX=0 offsetY=0 scale=1.0}, mSources= { InsetsSource: {b9640000 mType=statusBars mFrame=[0,0][1080,80] mVisible=true mFlags= mSideHint=TOP mBoundingRects=null}, InsetsSource: {b9640005 mType=mandatorySystemGestures mFrame=[0,0][1080,114] mVisible=true mFlags= mSideHint=TOP mBoundingRects=null}, InsetsSource: {b9640006 mType=tappableElement mFrame=[0,0][1080,80] mVisible=true mFlags= mSideHint=TOP mBoundingRects=null}, InsetsSource: {d8440001 mType=navigationBars mFrame=[0,2298][1080,2340] mVisible=true mFlags=SUPPRESS_SCRIM mSideHint=BOTTOM mBoundingRects=null}, InsetsSource: {d8440004 mType=systemGestures mFrame=[0,0][63,2340] mVisible=true mFlags= mSideHint=LEFT mBoundingRects=null}, InsetsSource: {d8440005 mType=mandatorySystemGestures mFrame=[0,2250][1080,2340] mVisible=true mFlags= mSideHint=BOTTOM mBoundingRects=null}, InsetsSource: {d8440006 mType=tappableElement mFrame=[0,0][0,0] mVisible=true mFlags= mSideHint=NONE mBoundingRects=null}, InsetsSource: {d8440024 mType=systemGestures mFrame=[1017,0][1080,2340] mVisible=true mFlags= mSideHint=RIGHT mBoundingRects=null}, InsetsSource: {3 mType=ime mFrame=[0,0][0,0] mVisible=false mFlags= mSideHint=NONE mBoundingRects=null}, InsetsSource: {27 mType=displayCutout mFrame=[0,0][1080,80] mVisible=true mFlags= mSideHint=TOP mBoundingRects=null} }
08-13 16:19:42.819  5736  5736 I VRI[InstrumentationActivityInvoker$EmptyActivity]@73b2e07: synced displayState. AttachInfo displayState=2
08-13 16:19:42.820  2127  2127 D SecKeyguardClockPositionAlgorithm: getTopMargin scale = 1.2690217, clockContainerHeight = 389, scaleMarginY = -41
08-13 16:19:42.822  1111  1111 I SurfaceFlinger: Layer [Task=2217#233505] hidden!! flag(1)
08-13 16:19:42.822  1111  1111 I SurfaceFlinger: [LayerHierarchy{RequestedLayerState{Right Edge Extension#233527 z=-2147483648} 1 children}] reparent to OffscreenRoot
08-13 16:19:42.822  1111  1111 I SurfaceFlinger: [LayerHierarchy{RequestedLayerState{Right Edge Extension#233527 z=-2147483648} 1 children}] RelativeParent to null
08-13 16:19:42.822  1111  1111 I SurfaceFlinger: [LayerHierarchy{RequestedLayerState{Task=2217#233505 parentId=11 z=3} 1 children}] reparent to LayerHierarchy{RequestedLayerState{DefaultTaskDisplayArea_d0#11 parentId=10} 9 children}
08-13 16:19:42.822  1111  1111 I SurfaceFlinger: [LayerHierarchy{RequestedLayerState{Task=2218#233519 parentId=11 z=4} 2 children}] reparent to LayerHierarchy{RequestedLayerState{DefaultTaskDisplayArea_d0#11 parentId=10} 10 children}
08-13 16:19:42.822  1111  1111 I SurfaceFlinger: [LayerHierarchy{RequestedLayerState{Transition Root: Task=2218#233523 z=4} 1 children}] reparent to OffscreenRoot
08-13 16:19:42.822  1111  1111 I SurfaceFlinger: [LayerHierarchy{RequestedLayerState{Transition Root: Task=2218#233523 z=4} 1 children}] RelativeParent to null
08-13 16:19:42.822  1111  1111 I SurfaceFlinger: [LayerHierarchy{RequestedLayerState{DimTransitionLayer for Surface(name=Task=2218)/@0xb00bbd9#233529 z=-1} no children}] reparent to OffscreenRoot
08-13 16:19:42.822  1111  1111 I SurfaceFlinger: [LayerHierarchy{RequestedLayerState{DimTransitionLayer for Surface(name=Task=2218)/@0xb00bbd9#233529 z=-1} no children}] RelativeParent to null
08-13 16:19:42.822  1111  1111 I SurfaceFlinger: [409fe38 com.example.cupcake.test/androidx.test.core.app.InstrumentationActivityInvoker$EmptyActivity#233530] attach to parent LayerHierarchy{RequestedLayerState{ActivityRecord{d04e285 u0 com.example.cupcake.test/androidx.test.core.app.InstrumentationActivityInvoker$EmptyActivity t2218}#233520 parentId=233519} 3 children}
08-13 16:19:42.823  1111  1111 I SurfaceFlinger: id=233528 Removed [BBQ] Right Edge Extension#233527#233528 (174)
08-13 16:19:42.823  1111  1111 I SurfaceFlinger: id=233527 Removed Right Edge Extension#233527 (174)
08-13 16:19:42.823  5736  5736 I VRI[InstrumentationActivityInvoker$EmptyActivity]@73b2e07: setView = com.android.internal.policy.DecorView@352a3a3 IsHRR=false TM=true
08-13 16:19:42.824  2127  2127 I LockscreenNotificationIconsOnlyController: onNotificationInfoUpdated 0
08-13 16:19:42.824  5736  5736 I IDS_TAG : Starting IDS observe window
08-13 16:19:42.825  2127  2127 I AODNotificationManager: updateNotification()
08-13 16:19:42.825  5736  5736 I IDS_TAG : Getting Shared Preference for android.app.Application@a7a38b1 uid = 10419
08-13 16:19:42.826  1111  1162 I SurfaceFlinger: id=233523 Removed Transition Root: Task=2218#233523 (174)
08-13 16:19:42.831  2742  1824 I HoneySpace.RecentTasks: onRecentTasksChanged
08-13 16:19:42.832  1111  1111 D SurfaceFlinger: Display 4633128672291735932 HWC layers:
08-13 16:19:42.832  1111  1111 D SurfaceFlinger:        DEVICE |   0xb4000079e29530d0 | 0001 | RGBA_8888    |    0.0    0.0 1080.0 2340.0 |    0    0 1080 2340 | Splash Screen com.example.cupcake.test$_2127#233522 (1)
08-13 16:19:42.832  1111  1111 D SurfaceFlinger:        DEVICE |   0xb4000079e28ca710 | 0001 | RGBA_8888    |    0.0    0.0 1080.0   80.0 |    0    0 1080   80 | StatusBar$_2127#106 (79334)
08-13 16:19:42.832  1111  1111 D SurfaceFlinger:        DEVICE |   0xb4000079e2935310 | 0001 | RGBA_8888    |    0.0    0.0 1080.0  135.0 |    0 2205 1080 2340 | NavigationBar0$_2127#101 (129696)
08-13 16:19:42.832  1111  1111 D SurfaceFlinger:        DEVICE |   0xb4000079e28ad3d0 | 0001 | RGBA_8888    |    0.0  249.0 1034.0  827.0 |   46    0 1080  578 | $_4855#233489 (377)
08-13 16:19:42.832  1111  1111 D SurfaceFlinger:
08-13 16:19:42.833  1111  1111 I SurfaceFlinger: destroyed [BBQ] Right Edge Extension#233527#233528
08-13 16:19:42.833  1111  1111 I SurfaceFlinger: destroyed Right Edge Extension#233527
08-13 16:19:42.833  1111  1111 I SurfaceFlinger: destroyed Transition Root: Task=2218#233523
08-13 16:19:42.835  1111  1111 I Layer   : id=233527 Destroyed Right Edge Extension#233527
08-13 16:19:42.835  1111  1111 I Layer   : id=233523 Destroyed Transition Root: Task=2218#233523
08-13 16:19:42.835  1111  1111 I Layer   : id=233528 Destroyed [BBQ] Right Edge Extension#233527#233528
08-13 16:19:42.842  5736  5736 I IDS_TAG : App android.app.Application@a7a38b1 has not finished training
08-13 16:19:42.842  2742  1824 I HoneySpace.HistoryViewModel@160600677@OneUI: Illegal access. Unknown type. skip load history items
08-13 16:19:42.844  5736  5756 D HWUI    : HWUI - treat SMPTE_170M as sRGB
08-13 16:19:42.845  5736  5736 I IDS_TAG : Closing IDS observe window
08-13 16:19:42.845  5736  5736 I IDS_TAG : Getting Shared Preference for android.app.Application@a7a38b1 uid = 10419
08-13 16:19:42.846  5736  5736 I IDS_TAG : IDS count updated to 1 for android.app.Application@a7a38b1
08-13 16:19:42.846  1111  1111 I SurfaceFlinger: Layer [409fe38 com.example.cupcake.test/and[...]ActivityInvoker$EmptyActivity#233530] hidden!! flag(4096)
08-13 16:19:42.846  1111  1111 I SurfaceFlinger: Layer [com.example.cupcake/androidx.activity.ComponentActivity$_5596#233514] hidden!! flag(1)
08-13 16:19:42.846  1111  1111 I SurfaceFlinger: Layer [ActivityRecord{1fc6b9 u0 com.example[...]vity.ComponentActivity t2217}#233506] hidden!! flag(1)
08-13 16:19:42.854  1282  3681 V WindowManager: Relayout Window{409fe38 u0 com.example.cupcake.test/androidx.test.core.app.InstrumentationActivityInvoker$EmptyActivity}: viewVisibility=0 req=1080x2340 ty=1 d0
08-13 16:19:42.855  1111  1223 I SurfaceFlinger: id=233531 createSurf, flag=44004, com.example.cupcake.test/androidx.test.core.app.InstrumentationActivityInvoker$EmptyActivity$_5736#233531
08-13 16:19:42.857  1111  1223 I SurfaceFlinger: id=233532 createSurf, flag=24000, Surface(name=8a94d40 NavigationBar0)/@0x65d636d - animation-leash of insets_animation#233532
08-13 16:19:42.859  1111  1223 I SurfaceFlinger: id=233533 createSurf, flag=24000, Surface(name=e0324bb StatusBar)/@0x8487ff0 - animation-leash of insets_animation#233533
08-13 16:19:42.861  2127  2127 D NavigationBar: onSystemBarAttributesChanged() -  displayId:0, appearance:16, packageName: com.example.cupcake.test (APPEARANCE_LIGHT_NAVIGATION_BARS ), navbarColorManagedByIme:false
08-13 16:19:42.861  1282  3681 I SystemKeyManager: requested systemKeyInfo size=2 focusedWindow=com.example.cupcake.test/androidx.test.core.app.InstrumentationActivityInvoker$EmptyActivity
08-13 16:19:42.862  1282  3681 V WindowManager: Relayout hash=409fe38, pid=5736, syncId=-1: mAttrs={(0,0)(fillxfill) sim={adjust=pan forwardNavigation} layoutInDisplayCutoutMode=always ty=BASE_APPLICATION
08-13 16:19:42.862  1282  3681 V WindowManager:   fl=81810100
08-13 16:19:42.862  1282  3681 V WindowManager:   pfl=100088c0
08-13 16:19:42.862  1282  3681 V WindowManager:   bhv=1
08-13 16:19:42.862  1282  3681 V WindowManager:   fitSides=0
08-13 16:19:42.862  1282  3681 V WindowManager:   frameRateBoostOnTouch=true
08-13 16:19:42.862  1282  3681 V WindowManager:   dvrrWindowFrameRateHint=true naviIconColor=0}
08-13 16:19:42.865  5736  5736 I BLASTBufferQueue_Java: new BLASTBufferQueue, mName= VRI[InstrumentationActivityInvoker$EmptyActivity]@73b2e07 mNativeObject= 0xb4000075190ac230 sc.mNativeObject= 0xb4000076190b2010 caller= android.view.ViewRootImpl.updateBlastSurfaceIfNeeded:3397 android.view.ViewRootImpl.relayoutWindow:11361 android.view.ViewRootImpl.performTraversals:4544 android.view.ViewRootImpl.doTraversal:3708 android.view.ViewRootImpl$TraversalRunnable.run:12542 android.view.Choreographer$CallbackRecord.run:1751 android.view.Choreographer$CallbackRecord.run:1760 android.view.Choreographer.doCallbacks:1216 android.view.Choreographer.doFrame:1142 android.view.Choreographer$FrameDisplayEventReceiver.run:1707
08-13 16:19:42.865  5736  5736 I BLASTBufferQueue_Java: update, w= 1080 h= 2340 mName = VRI[InstrumentationActivityInvoker$EmptyActivity]@73b2e07 mNativeObject= 0xb4000075190ac230 sc.mNativeObject= 0xb4000076190b2010 format= -1 caller= android.graphics.BLASTBufferQueue.<init>:88 android.view.ViewRootImpl.updateBlastSurfaceIfNeeded:3397 android.view.ViewRootImpl.relayoutWindow:11361 android.view.ViewRootImpl.performTraversals:4544 android.view.ViewRootImpl.doTraversal:3708 android.view.ViewRootImpl$TraversalRunnable.run:12542
08-13 16:19:42.867  1111  1223 W ServiceManagerCppClient: Permission failure: android.permission.ACCESS_SURFACE_FLINGER from uid=10419 pid=0
08-13 16:19:42.867  5736  5736 I VRI[InstrumentationActivityInvoker$EmptyActivity]@73b2e07: Relayout returned: old=(0,0,1080,2340) new=(0,0,1080,2340) relayoutAsync=false req=(1080,2340)0 dur=10 res=0x3 s={true 0xb4000075e90e8210} ch=true seqId=0
08-13 16:19:42.867  1111  1223 D PermissionCache: checking android.permission.ACCESS_SURFACE_FLINGER for uid=10419 => denied (718 us)
08-13 16:19:42.868  1111  1223 W ServiceManagerCppClient: Permission failure: android.permission.ROTATE_SURFACE_FLINGER from uid=10419 pid=0
08-13 16:19:42.868  1111  1223 D PermissionCache: checking android.permission.ROTATE_SURFACE_FLINGER for uid=10419 => denied (317 us)
08-13 16:19:42.868  1111  1223 W ServiceManagerCppClient: Permission failure: android.permission.INTERNAL_SYSTEM_WINDOW from uid=10419 pid=0
