08-13 16:19:59.663  1111  1111 I SurfaceFlinger: destroyed Surface(name=67b6919 com.example.cupcake.test/androidx.test.core.app.InstrumentationActivityInvoker$EmptyActivity)/@0x7272557 - animation-leash of starting_reveal#233689
08-13 16:19:59.664  1111  1111 I Layer   : id=233689 Destroyed Surface(name=67b6919 com.example.cupcake.test/androidx.test.core.app.InstrumentationActivityInvoker$EmptyActivity)/@0x7272557 - animation-leash of starting_reveal#233689
08-13 16:19:59.667 23813 30394 W FA      : Failed to retrieve Firebase Instance Id
08-13 16:19:59.679  1111  1732 I SurfaceFlinger: id=233703 Removed Surface(name=1ae5d6e com.example.cupcake/androidx.activity.ComponentActivity)/@0x4ee9e78 - animation-leash of starting_reveal#233703 (173)
08-13 16:19:59.683 23813 30394 W FA      : Failed to retrieve Firebase Instance Id
08-13 16:19:59.685  1111  1111 I SurfaceFlinger: destroyed Surface(name=1ae5d6e com.example.cupcake/androidx.activity.ComponentActivity)/@0x4ee9e78 - animation-leash of starting_reveal#233703
08-13 16:19:59.685  6225  5259 I NetworkScheduler: (REDACTED) Error inserting %s
08-13 16:19:59.687  1111  1111 I Layer   : id=233703 Destroyed Surface(name=1ae5d6e com.example.cupcake/androidx.activity.ComponentActivity)/@0x4ee9e78 - animation-leash of starting_reveal#233703
08-13 16:19:59.693  1111  1747 D NativeSemDvfsManager: acquire:: timeout = 2000 mIsAcquired = 1  mTagName : SurfaceFlinger
08-13 16:19:59.694  1062  1149 I HYPER-HAL: [RequestManager.cpp]acquire(): Acquired ID : 2230216  [1111 / 1000]    HINT : SF_GPU_MINLOCK    list : [TIMEOUT / 2000]
08-13 16:19:59.696  1111  1747 E NativeCustomFrequencyManager: [NativeCFMS] BpCustomFrequencyManager::acquire()
08-13 16:19:59.699  1111  1162 I SurfaceFlinger: id=233730 Removed Surface(name=3bf1bd com.example.cupcake.test/androidx.test.core.app.InstrumentationActivityInvoker$EmptyActivity)/@0xa4d2a91 - animation-leash of starting_reveal#233730 (172)
08-13 16:19:59.701  1111  1111 I SurfaceFlinger: destroyed Surface(name=3bf1bd com.example.cupcake.test/androidx.test.core.app.InstrumentationActivityInvoker$EmptyActivity)/@0xa4d2a91 - animation-leash of starting_reveal#233730
08-13 16:19:59.702  1111  1111 I Layer   : id=233730 Destroyed Surface(name=3bf1bd com.example.cupcake.test/androidx.test.core.app.InstrumentationActivityInvoker$EmptyActivity)/@0xa4d2a91 - animation-leash of starting_reveal#233730
08-13 16:19:59.705 23813 30394 W FA      : Failed to retrieve Firebase Instance Id
08-13 16:19:59.707  1111  1162 I SurfaceFlinger: id=233743 Removed Surface(name=a98d2db com.example.cupcake/androidx.activity.ComponentActivity)/@0xb35b14c - animation-leash of starting_reveal#233743 (171)
08-13 16:19:59.710  1111  1111 I SurfaceFlinger: destroyed Surface(name=a98d2db com.example.cupcake/androidx.activity.ComponentActivity)/@0xb35b14c - animation-leash of starting_reveal#233743
08-13 16:19:59.711  1111  1111 I Layer   : id=233743 Destroyed Surface(name=a98d2db com.example.cupcake/androidx.activity.ComponentActivity)/@0xb35b14c - animation-leash of starting_reveal#233743
08-13 16:19:59.715  1111  1732 I SurfaceFlinger: id=233769 Removed Surface(name=4243179 com.example.cupcake.test/androidx.test.core.app.InstrumentationActivityInvoker$EmptyActivity)/@0x4a77faf - animation-leash of starting_reveal#233769 (170)
08-13 16:19:59.718  1111  1111 I SurfaceFlinger: destroyed Surface(name=4243179 com.example.cupcake.test/androidx.test.core.app.InstrumentationActivityInvoker$EmptyActivity)/@0x4a77faf - animation-leash of starting_reveal#233769
08-13 16:19:59.719  1111  1111 I Layer   : id=233769 Destroyed Surface(name=4243179 com.example.cupcake.test/androidx.test.core.app.InstrumentationActivityInvoker$EmptyActivity)/@0x4a77faf - animation-leash of starting_reveal#233769
08-13 16:19:59.719  1111  1162 I SurfaceFlinger: id=233784 Removed Surface(name=b8e167 com.example.cupcake/androidx.activity.ComponentActivity)/@0x3e82a86 - animation-leash of starting_reveal#233784 (169)
08-13 16:19:59.726 23813 30394 W FA      : Failed to retrieve Firebase Instance Id
08-13 16:19:59.727  1111  1163 I SurfaceFlinger: id=233804 Removed Surface(name=9eb0d65 com.example.cupcake.test/androidx.test.core.app.InstrumentationActivityInvoker$EmptyActivity)/@0xa5626b5 - animation-leash of starting_reveal#233804 (169)
08-13 16:19:59.729  1111  1111 I SurfaceFlinger: destroyed Surface(name=b8e167 com.example.cupcake/androidx.activity.ComponentActivity)/@0x3e82a86 - animation-leash of starting_reveal#233784
08-13 16:19:59.729  1111  1111 I SurfaceFlinger: destroyed Surface(name=9eb0d65 com.example.cupcake.test/androidx.test.core.app.InstrumentationActivityInvoker$EmptyActivity)/@0xa5626b5 - animation-leash of starting_reveal#233804
08-13 16:19:59.731  1111  1111 I Layer   : id=233784 Destroyed Surface(name=b8e167 com.example.cupcake/androidx.activity.ComponentActivity)/@0x3e82a86 - animation-leash of starting_reveal#233784
08-13 16:19:59.731  1111  1111 I Layer   : id=233804 Destroyed Surface(name=9eb0d65 com.example.cupcake.test/androidx.test.core.app.InstrumentationActivityInvoker$EmptyActivity)/@0xa5626b5 - animation-leash of starting_reveal#233804
08-13 16:19:59.738  1111  1163 I SurfaceFlinger: id=233818 Removed Surface(name=43eac26 com.example.cupcake/androidx.activity.ComponentActivity)/@0x462d92d - animation-leash of starting_reveal#233818 (167)
08-13 16:19:59.742  1111  1111 I SurfaceFlinger: destroyed Surface(name=43eac26 com.example.cupcake/androidx.activity.ComponentActivity)/@0x462d92d - animation-leash of starting_reveal#233818
08-13 16:19:59.744  1111  1111 I Layer   : id=233818 Destroyed Surface(name=43eac26 com.example.cupcake/androidx.activity.ComponentActivity)/@0x462d92d - animation-leash of starting_reveal#233818
08-13 16:19:59.750  1111  1162 I SurfaceFlinger: id=233842 Removed Surface(name=33a6f91 com.example.cupcake.test/androidx.test.core.app.InstrumentationActivityInvoker$EmptyActivity)/@0xeeb3497 - animation-leash of starting_reveal#233842 (166)
08-13 16:19:59.755  2127  2140 W System  : A resource failed to call release.
08-13 16:19:59.755  2127  2140 W System  : A resource failed to call release.
08-13 16:19:59.755  2127  2140 W System  : A resource failed to call release.
08-13 16:19:59.755  2127  2140 W System  : A resource failed to call release.
08-13 16:19:59.755  2127  2140 W System  : A resource failed to call release.
08-13 16:19:59.755  2127  2140 W System  : A resource failed to call release.
08-13 16:19:59.755  2127  2140 W System  : A resource failed to call release.
08-13 16:19:59.756  3974  4027 E d       : (Berry)(1.16)handleAudioPathTask() : can't get dual play mode - Attempt to invoke virtual method 'boolean android.bluetooth.BluetoothA2dp.semIsDualPlayMode()' on a null object reference
08-13 16:19:59.756  2127  2140 W System  : A resource failed to call release.
08-13 16:19:59.756  2127  2140 W System  : A resource failed to call release.
08-13 16:19:59.756  2127  2140 W System  : A resource failed to call release.
08-13 16:19:59.756  2127  2140 W System  : A resource failed to call release.
08-13 16:19:59.756  1111  1111 I SurfaceFlinger: destroyed Surface(name=33a6f91 com.example.cupcake.test/androidx.test.core.app.InstrumentationActivityInvoker$EmptyActivity)/@0xeeb3497 - animation-leash of starting_reveal#233842
08-13 16:19:59.757  5596  5596 W WindowOnBackDispatcher: OnBackInvokedCallback is not enabled for the application.
08-13 16:19:59.757  5596  5596 W WindowOnBackDispatcher: Set 'android:enableOnBackInvokedCallback="true"' in the application manifest.
08-13 16:19:59.757  1111  1111 I Layer   : id=233842 Destroyed Surface(name=33a6f91 com.example.cupcake.test/androidx.test.core.app.InstrumentationActivityInvoker$EmptyActivity)/@0xeeb3497 - animation-leash of starting_reveal#233842
08-13 16:19:59.758  2127  2140 W System  : A resource failed to call release.
08-13 16:19:59.758  2127  2140 W System  : A resource failed to call release.
08-13 16:19:59.758  2127  2140 W System  : A resource failed to call release.
08-13 16:19:59.759  2127  2140 W System  : A resource failed to call release.
08-13 16:19:59.764  2127  2140 W System  : A resource failed to call release.
08-13 16:19:59.764  2127  2140 W System  : A resource failed to call release.
08-13 16:19:59.767  2127  2140 W System  : A resource failed to call release.
08-13 16:19:59.767  2127  2140 W System  : A resource failed to call HardwareBuffer.close.
08-13 16:19:59.768  2127  2140 W System  : A resource failed to call release.
08-13 16:19:59.768  2127  2140 W System  : A resource failed to call release.
08-13 16:19:59.768  2127  2140 W System  : A resource failed to call release.
08-13 16:19:59.768  2127  2140 W System  : A resource failed to call release.
08-13 16:19:59.771  2127  2140 W System  : A resource failed to call release.
08-13 16:19:59.771  2127  2140 W System  : A resource failed to call release.
08-13 16:19:59.771  2127  2140 W System  : A resource failed to call release.
08-13 16:19:59.771  2127  2140 W System  : A resource failed to call release.
08-13 16:19:59.773  2127  2127 D Bubbles : onEntryUpdated : shouldBubbleUp=false ,key=0|com.samsung.android.app.smartcapture|1332|null|10190
08-13 16:19:59.775  2127  2140 W System  : A resource failed to call release.
08-13 16:19:59.775  2127  2140 W System  : A resource failed to call release.
08-13 16:19:59.775  2127  2140 W System  : A resource failed to call release.
08-13 16:19:59.775  2127  2140 W System  : A resource failed to call release.
08-13 16:19:59.776  2127  2140 W System  : A resource failed to call release.
08-13 16:19:59.776  2127  2140 W System  : A resource failed to call release.
08-13 16:19:59.776  2127  2140 W System  : A resource failed to call release.
08-13 16:19:59.776  2127  2140 W System  : A resource failed to call release.
08-13 16:19:59.777  2127  2127 D InterruptionStateProvider:  no Heads up : edgelighting enabled app. 0|com.samsung.android.app.smartcapture|1332|null|10190
08-13 16:19:59.778  2127  2140 W System  : A resource failed to call release.
08-13 16:19:59.778  2127  2140 W System  : A resource failed to call release.
08-13 16:19:59.778  2127  2140 W System  : A resource failed to call release.
08-13 16:19:59.778  2127  2140 W System  : A resource failed to call HardwareBuffer.close.
08-13 16:19:59.778  2127  2140 W System  : A resource failed to call release.
08-13 16:19:59.780  2127  2140 W System  : A resource failed to call release.
08-13 16:19:59.781  2127  2140 W System  : A resource failed to call release.
08-13 16:19:59.783  2127  2140 W System  : A resource failed to call release.
08-13 16:19:59.783  2127  2140 W System  : A resource failed to call release.
08-13 16:19:59.783  2127  2140 W System  : A resource failed to call release.
08-13 16:19:59.783  2127  2140 W System  : A resource failed to call HardwareBuffer.close.
08-13 16:19:59.783  2127  2140 W System  : A resource failed to call release.
08-13 16:19:59.784  2127  2140 W System  : A resource failed to call release.
08-13 16:19:59.785  2127  2140 W System  : A resource failed to call release.
08-13 16:19:59.786  6225  4501 I NetworkScheduler: (REDACTED) Error inserting %s
08-13 16:19:59.787  2127  2140 W System  : A resource failed to call release.
08-13 16:19:59.787  2127  2140 W System  : A resource failed to call release.
08-13 16:19:59.787  2127  2140 W System  : A resource failed to call HardwareBuffer.close.
08-13 16:19:59.787  2127  2140 W System  : A resource failed to call release.
08-13 16:19:59.787  2127  2140 W System  : A resource failed to call release.
08-13 16:19:59.787  2127  2140 W System  : A resource failed to call release.
08-13 16:19:59.788  2127  2127 D SubscreenNotificationListCoordinator: onAfterRenderList() isSubScreen = false, pluginLockMode = 0, doNotShowOnCover = false
08-13 16:19:59.788  2127  2140 W System  : A resource failed to call release.
08-13 16:19:59.789  2127  2140 W System  : A resource failed to call release.
08-13 16:19:59.789  2127  2140 W System  : A resource failed to call release.
08-13 16:19:59.789  2127  2140 W System  : A resource failed to call release.
08-13 16:19:59.789  2127  2140 W System  : A resource failed to call release.
08-13 16:19:59.790  2127  2140 W System  : A resource failed to call release.
08-13 16:19:59.790  2127  2140 W System  : A resource failed to call release.
08-13 16:19:59.790  2127  2140 W System  : A resource failed to call release.
08-13 16:19:59.790  2127  2140 W System  : A resource failed to call release.
08-13 16:19:59.791  2127  2140 W System  : A resource failed to call release.
08-13 16:19:59.791  2127  2140 W System  : A resource failed to call release.
08-13 16:19:59.792  2127  2140 W System  : A resource failed to call HardwareBuffer.close.
08-13 16:19:59.792  2127  2140 W System  : A resource failed to call release.
08-13 16:19:59.792  2127  2140 W System  : A resource failed to call release.
08-13 16:19:59.794  2127  2127 D SecKeyguardClockPositionAlgorithm: getTopMargin scale = 1.2690217, clockContainerHeight = 389, scaleMarginY = -41
08-13 16:19:59.802  2127  2127 I LockscreenNotificationIconsOnlyController: onNotificationInfoUpdated 0
08-13 16:19:59.802  2127  2127 I AODNotificationManager: updateNotification()
08-13 16:19:59.813  2127  2816 D LocalImageResolver: Couldn't use ImageDecoder for drawable, falling back to non-resized load.
08-13 16:19:59.816  2127  2816 D LocalImageResolver: Couldn't use ImageDecoder for drawable, falling back to non-resized load.
08-13 16:19:59.832  2127  2127 I AppIconSolution: return adaptive icon for com.samsung.android.app.smartcapture, isNight = true
08-13 16:19:59.841  2127  2127 D SecKeyguardClockPositionAlgorithm: getTopMargin scale = 1.2690217, clockContainerHeight = 389, scaleMarginY = -41
08-13 16:19:59.845  2127  2127 D S.S.N.  : entryViewBound parent :0|com.samsung.android.app.smartcapture|1332|null|10190
08-13 16:19:59.848  2127  2127 I AppIconSolution: return adaptive icon for com.samsung.android.app.smartcapture, isNight = true
08-13 16:19:59.856  2127  2127 D SubscreenNotificationListCoordinator: onAfterRenderList() isSubScreen = false, pluginLockMode = 0, doNotShowOnCover = false
08-13 16:19:59.859  2127  2127 D SecKeyguardClockPositionAlgorithm: getTopMargin scale = 1.2690217, clockContainerHeight = 389, scaleMarginY = -41
08-13 16:19:59.864  2127  2127 I LockscreenNotificationIconsOnlyController: onNotificationInfoUpdated 0
08-13 16:19:59.864  2127  2127 I AODNotificationManager: updateNotification()
08-13 16:19:59.978  1282  3019 I NSLocationMonitor: getGPSUsingApps() called
08-13 16:19:59.978  2952  2996 I NSLocationManager_FLP: getGPSUsingApps, No change
08-13 16:19:59.984  1282  3019 W LocationManagerService: onFreezeStateChanged, uid[10270]=true
08-13 16:20:00.002  2127  2793 I DateTimeView: updateAll - getTimeFormat
08-13 16:20:00.002  2127  2793 D QSClockBellTower: onReceive(android.intent.action.TIME_TICK) mTimeZoneString:Europe/Istanbul
08-13 16:20:00.003  2127  2127 D QSClockBellTower: He is ready to ring the bell. (((QSClockBellSound - TimeText:16:20, TimeContentDescription:16:20, DateText:13 Ağustos Çar, ShortDateText:13 Ağu Çar, Demo:false)))
08-13 16:20:00.004  2127  2127 D QSClock : StatusBar clock=16:20  13 Ağu Çar notifyTimeChanged(QSClockBellSound - TimeText:16:20, TimeContentDescription:16:20, DateText:13 Ağustos Çar, ShortDateText:13 Ağu Çar, Demo:false) clockVisibleByPolicy=true, clockVisibleByUser=true, visible=true, parent=android.widget.LinearLayout{e075135 V.E...... ......ID 0,0-328,58 #7f0a061f app:id/left_clock_container} caller=com.android.systemui.statusbar.phone.fragment.CollapsedStatusBarFragment.animateShow:47 com.android.systemui.statusbar.phone.fragment.CollapsedStatusBarFragment.updateStatusBarVisibilitiesInner:207 com.android.systemui.statusbar.phone.fragment.CollapsedStatusBarFragment$$ExternalSyntheticLambda3.run:5 com.android.systemui.statusbar.phone.fragment.CollapsedStatusBarFragment.updateStatusBarVisibilities:47 com.android.systemui.statusbar.phone.fragment.CollapsedStatusBarFragment.disable:63
08-13 16:20:00.004  2127  2127 D QSClockBellTower: Everyone heard the bell. run(currentTime:1755091200003, getTime():Wed Aug 13 16:20:00 GMT+03:00 2025, getTimeZone():libcore.util.ZoneInfo[mDstSavings=0,mUseDst=false,mDelegate=[id="Europe/Istanbul",mRawOffset=10800000,mEarliestRawOffset=6952000,transitions=115]])
08-13 16:20:00.004  2127  2127 D FaceWidgetPagesController: onTimeChanged()
08-13 16:20:00.009  2127  2127 D SecKeyguardClockPositionAlgorithm: getTopMargin scale = 1.2690217, clockContainerHeight = 389, scaleMarginY = -41
08-13 16:20:00.011  1066  4972 I ExynosC2H264EncComponent: [onUpdateC2Work] got SYNC FRAME
08-13 16:20:00.055  1282  3084 V GrammaticalInflectionUtils: AttributionSource: AttributionSource { uid = 10419, packageName = null, attributionTag = null, token = android.os.Binder@88f1d92, deviceId = 0, next = null } does not have READ_SYSTEM_GRAMMATICAL_GENDER permission.
08-13 16:20:00.057  1282  2936 I SemDvfsHyPerManager: acquire hyper - AMS_APP_SWITCH/1282@26, type = -999
08-13 16:20:00.057  1062  1149 I HYPER-HAL: [RequestManager.cpp]acquire(): Acquired ID : 856112  [1282 / 26]    HINT : AMS_APP_SWITCH    list :
08-13 16:20:00.057  1111  1162 I SurfaceFlinger: id=233859 createSurf, flag=24004, Task=2236#233859
08-13 16:20:00.057  4368  4368 I SemDvfsHyPerManager: acquire hyper - APP_START_SHORT/4368@14, type = -999
08-13 16:20:00.057  1111  1111 I SurfaceFlinger: [Task=2236#233859] attach to parent LayerHierarchy{RequestedLayerState{DefaultTaskDisplayArea_d0#11 parentId=10} 9 children}
08-13 16:20:00.058  1062  1149 I HYPER-HAL: [RequestManager.cpp]acquire(): Acquired ID : 9603167  [4368 / 14]    HINT : APP_START    list : [TIMEOUT / 1500]
08-13 16:20:00.060  1111  1162 I SurfaceFlinger: id=233860 createSurf, flag=84004, ActivityRecord{7803601 u0 com.example.cupcake.test/androidx.test.core.app.InstrumentationActivityInvoker$EmptyActivity t2236}#233860
08-13 16:20:00.066  1111  1111 I SurfaceFlinger: [ActivityRecord{7803601 u0 com.example.cupcake.test/androidx.test.core.app.InstrumentationActivityInvoker$EmptyActivity t2236}#233860] attach to parent LayerHierarchy{RequestedLayerState{Task=2236#233859 parentId=11} 1 children}
08-13 16:20:00.068  1282  3084 I SemDvfsHyPerManager: acquire hyper - AMS_APP_LAUNCH/1282@21, type = -999
08-13 16:20:00.069  1062  1149 I HYPER-HAL: [RequestManager.cpp]acquire(): Acquired ID : 849577  [1282 / 21]    HINT : AMS_APP_LAUNCH    list :
08-13 16:20:00.069  4368  4368 I SemDvfsHyPerManager: acquire hyper - APP_START/4368@16, type = -999
08-13 16:20:00.070  1062  1149 I HYPER-HAL: [RequestManager.cpp]acquire(): Acquired ID : 9611936  [4368 / 16]    HINT : APP_START    list :
08-13 16:20:00.070  3157  3157 E pageboostd: Received HALT command code 2
08-13 16:20:00.072  2127  2334 I ViewRootImpl: dVRR is disabled
08-13 16:20:00.073  5596  5596 D LifecycleMonitor: Lifecycle status change: androidx.activity.ComponentActivity@40d8fdb in: PAUSED
08-13 16:20:00.073  5596  5596 V ActivityScenario: Update currentActivityStage to PAUSED, currentActivity=androidx.activity.ComponentActivity@40d8fdb
08-13 16:20:00.073  2742  2887 I HoneySpace.TopTaskSource: onTaskMovedToFront : taskId = 2236, displayId = 0
08-13 16:20:00.076  2127  2390 D NativeCustomFrequencyManager: [NativeCFMS] BpCustomFrequencyManager::BpCustomFrequencyManager()
08-13 16:20:00.077  2742  2889 I HoneySpace.TopTaskUseCase: topTaskId 2236, DisplayId : 0
08-13 16:20:00.077  1282  1745 D InputDispatcher: Focused application(0): ActivityRecord{7803601 u0 com.example.cupcake.test/androidx.test.core.app.InstrumentationActivityInvoker$EmptyActivity t2236}
08-13 16:20:00.078  1111  1111 I BpBinder: onLastStrongRef automatically unlinking death recipients:
08-13 16:20:00.079  1244  1348 I CameraService: onUidStateChanged: uid=10043, procState is changed. (0 -> 1)
08-13 16:20:00.083  1282  4371 D GraphicsStatsService: requestRenderEngineFor(com.example.cupcake.test)
08-13 16:20:00.092  1282  1967 D AS.MultiSoundManager: mForegroundUid = 10419
08-13 16:20:00.094  1282  4376 D InputTransport: Input channel constructed: '7c85b56', fd=981
08-13 16:20:00.094  1282  4376 D InputTransport: Input channel constructed: '7c85b56', fd=1007
08-13 16:20:00.094  1282  4376 D InputTransport: Input channel constructed: '7c85b56', fd=932
08-13 16:20:00.095  1111  1111 I SurfaceFlinger: [LayerHierarchy{RequestedLayerState{ImeContainer#16 parentId=233847 relativeParentId=233847 z=1} 1 children}] RelativeParent to null
08-13 16:20:00.095  1111  1730 I SurfaceFlinger: id=233861 createSurf, flag=84004, 7c85b56 Splash Screen com.example.cupcake.test#233861
08-13 16:20:00.098  1282  4376 D InputTransport: Input channel destroyed: '7c85b56', fd=932
08-13 16:20:00.103  1111  1111 I SurfaceFlinger: [7c85b56 Splash Screen com.example.cupcake.test#233861] attach to parent LayerHierarchy{RequestedLayerState{ActivityRecord{7803601 u0 com.example.cupcake.test/androidx.test.core.app.InstrumentationActivityInvoker$EmptyActivity t2236}#233860 parentId=233859} 1 children}
08-13 16:20:00.105  1062  6267 I HYPER-HAL: [RequestManager.cpp]releaseLocked(): Released ID : 9607551
08-13 16:20:00.105  2127  2334 D InputTransport: Input channel constructed: '7c85b56', fd=447
08-13 16:20:00.106  2127  2334 I InsetsController: onStateChanged: host=Splash Screen com.example.cupcake.test, from=android.view.ViewRootImpl.setView:1999, state=InsetsState: {mDisplayFrame=Rect(0, 0 - 1080, 2340), mDisplayCutout=DisplayCutout{insets=Rect(0, 80 - 0, 0) waterfall=Insets{left=0, top=0, right=0, bottom=0} boundingRect={Bounds=[Rect(0, 0 - 0, 0), Rect(511, 0 - 569, 80), Rect(0, 0 - 0, 0), Rect(0, 0 - 0, 0)]} cutoutPathParserInfo={CutoutPathParserInfo{displayWidth=1080 displayHeight=2340 physicalDisplayWidth=1080 physicalDisplayHeight=2340 density={2.8125} cutoutSpec={M 0,0 M 0,7.822222222222222‬‬ a 10.31111111111111‬,10.31111111111111‬ 0 1,0 0,20.62222222222222‬ a 10.31111111111111‬,10.31111111111111‬ 0 1,0 0,-20.62222222222222‬ Z @dp} rotation={0} scale={1.0} physicalPixelDisplaySizeRatio={1.0}}} sideOverrides={}}, mRoundedCorners=RoundedCorners{[RoundedCorner{position=TopLeft, radius=113, center=Point(113, 113)}, RoundedCorner{position=TopRight, radius=113, center=Point(967, 113)}, RoundedCorner{position=BottomRight, radius=113, center=Point(967, 2227)}, RoundedCorner{position=BottomLeft, radius=113, center=Point(113, 2227)}]}  mRoundedCornerFrame=Rect(0, 0 - 1080, 2340), mPrivacyIndicatorBounds=PrivacyIndicatorBounds {static bounds=Rect(956, 0 - 1080, 80) rotation=0}, mDisplayShape=DisplayShape{ spec=-311912193 displayWidth=1080 displayHeight=2340 physicalPixelDisplaySizeRatio=1.0 rotation=0 offsetX=0 offsetY=0 scale=1.0}, mSources= { InsetsSource: {b9640000 mType=statusBars mFrame=[0,0][1080,80] mVisible=true mFlags= mSideHint=TOP mBoundingRects=null}, InsetsSource: {b9640005 mType=mandatorySystemGestures mFrame=[0,0][1080,114] mVisible=true mFlags= mSideHint=TOP mBoundingRects=null}, InsetsSource: {b9640006 mType=tappableElement mFrame=[0,0][1080,80] mVisible=true mFlags= mSideHint=TOP mBoundingRects=null}, InsetsSource: {d8440001 mType=navigationBars mFrame=[0,2298][1080,2340] mVisible=true mFlags=SUPPRESS_SCRIM mSideHint=BOTTOM mBoundingRects=null}, InsetsSource: {d8440004 mType=systemGestures mFrame=[0,0][63,2340] mVisible=true mFlags= mSideHint=LEFT mBoundingRects=null}, InsetsSource: {d8440005 mType=mandatorySystemGestures mFrame=[0,2250][1080,2340] mVisible=true mFlags= mSideHint=BOTTOM mBoundingRects=null}, InsetsSource: {d8440006 mType=tappableElement mFrame=[0,0][0,0] mVisible=true mFlags= mSideHint=NONE mBoundingRects=null}, InsetsSource: {d8440024 mType=systemGestures mFrame=[1017,0][1080,2340] mVisible=true mFlags= mSideHint=RIGHT mBoundingRects=null}, InsetsSource: {3 mType=ime mFrame=[0,0][0,0] mVisible=false mFlags= mSideHint=NONE mBoundingRects=null}, InsetsSource: {27 mType=displayCutout mFrame=[0,0][1080,80] mVisible=true mFlags= mSideHint=TOP mBoundingRects=null} }
08-13 16:20:00.106  2127  2334 I VRI[test]@ddf07ed: synced displayState. AttachInfo displayState=2
08-13 16:20:00.107  2742  1824 I HoneySpace.RecentTasks: onRecentTasksChanged
08-13 16:20:00.107  2742  2100 I HoneySpace.RecentTasks: onRecentTasksChanged
08-13 16:20:00.116  2742  2108 I HoneySpace.HistoryViewModel@160600677@OneUI: Illegal access. Unknown type. skip load history items
08-13 16:20:00.119  1111  1209 D SurfaceFlinger: [input] setFocusedWindow: <null>
08-13 16:20:00.119  1282  2477 D InputDispatcher: Focus left window (0): ebb4998 com.example.cupcake/androidx.activity.ComponentActivity
08-13 16:20:00.121  1282  1444 D PkgPredictorService-SecIpmManagerServiceImpl: onForegroundActivitiesChanged pid:5736 uid:10419
08-13 16:20:00.121  1282  2840 V PkgPredictorService-SecIpmManagerServiceImpl: discard foreground app:com.example.cupcake.test 1|true
08-13 16:20:00.122  1282  4902 D InputDispatcher: Once focus requested (0): <null>
08-13 16:20:00.123  1282  1444 D NetworkPolicy: already checked 10419
08-13 16:20:00.124  5596  5596 I ImeFocusController: onPreWindowFocus: skipped hasWindowFocus=false mHasImeFocus=true
08-13 16:20:00.126  5596  5596 I ImeFocusController: onPostWindowFocus: skipped hasWindowFocus=false mHasImeFocus=true
08-13 16:20:00.127  5736  5736 I DecorView: setWindowBackground: isPopOver=false color=ffffffff d=android.graphics.drawable.ColorDrawable@f4dad0d
08-13 16:20:00.127  2127  2334 I VRI[test]@ddf07ed: setView = android.widget.FrameLayout@e3fce70 IsHRR=false TM=true
08-13 16:20:00.127  2127  2390 D HWUI    : HWUI - treat SMPTE_170M as sRGB
08-13 16:20:00.129  2127  2127 I {OngoingActivityController}: onTaskFocusChanged focused:false, baseActivity:ComponentInfo{com.example.cupcake/androidx.activity.ComponentActivity}
08-13 16:20:00.130  2127  2127 I {OngoingActivityController}: onTaskFocusChanged focused:true, baseActivity:ComponentInfo{com.example.cupcake.test/androidx.test.core.app.InstrumentationActivityInvoker$EmptyActivity}
08-13 16:20:00.130  5736  5736 I ViewRootImpl: dVRR is disabled
08-13 16:20:00.131  6207  6207 D BoundBrokerSvc: onUnbind: Intent { act=com.google.android.mobstore.service.START pkg=com.google.android.gms }
08-13 16:20:00.131  5736  5756 D NativeCustomFrequencyManager: [NativeCFMS] BpCustomFrequencyManager::BpCustomFrequencyManager()
08-13 16:20:00.131  2127  2127 I {OngoingActivityDataHelper}: setBaseActivityComponentName:ComponentInfo{com.example.cupcake.test/androidx.test.core.app.InstrumentationActivityInvoker$EmptyActivity}
08-13 16:20:00.132 21624 21938 I Rubin   : [92] U9.g.x(Unknown Source) : Notify com.samsung.android.rubin.inferenceengine.contextanalytics.engine.loggers.AppUsageLogger's database is updated.
08-13 16:20:00.133  2742  2887 I HoneySpace.TopTaskSource: onTaskFocusChanged(): taskId = 2236
08-13 16:20:00.133  1282  4402 V WindowManager: Relayout Window{7c85b56 u0 Splash Screen com.example.cupcake.test}: viewVisibility=0 req=1080x2340 ty=3 d0
08-13 16:20:00.133  2742  2887 I HoneySpace.TopTaskSource: onTaskMovedToFront : taskId = 2236, displayId = 0
08-13 16:20:00.135  1111  1730 I SurfaceFlinger: id=233862 createSurf, flag=44004, Splash Screen com.example.cupcake.test$_2127#233862
08-13 16:20:00.137  1111  1111 I SurfaceFlinger: [Splash Screen com.example.cupcake.test$_2127#233862] attach to parent LayerHierarchy{RequestedLayerState{7c85b56 Splash Screen com.example.cupcake.test#233861 parentId=233860 z=2147483647} 1 children}
08-13 16:20:00.139  1282  4402 V WindowManager: Relayout hash=7c85b56, pid=2127, syncId=-1: mAttrs={(0,0)(fillxfill) sim={adjust=pan} layoutInDisplayCutoutMode=always ty=APPLICATION_STARTING fmt=TRANSLUCENT
08-13 16:20:00.139  1282  4402 V WindowManager:   fl=81030118
08-13 16:20:00.139  1282  4402 V WindowManager:   pfl=10000810
08-13 16:20:00.139  1282  4402 V WindowManager:   apr=18
08-13 16:20:00.139  1282  4402 V WindowManager:   bhv=1
08-13 16:20:00.139  1282  4402 V WindowManager:   fitSides=0
08-13 16:20:00.139  1282  4402 V WindowManager:   frameRateBoostOnTouch=true
08-13 16:20:00.139  1282  4402 V WindowManager:   dvrrWindowFrameRateHint=true naviIconColor=0}
08-13 16:20:00.140  1282  1745 D InputTransport: Input channel constructed: 'e1cb319', fd=932
08-13 16:20:00.140  1282  1745 D InputTransport: Input channel constructed: 'e1cb319', fd=1020
08-13 16:20:00.140  1282  1745 D InputTransport: Input channel constructed: 'e1cb319', fd=1025
08-13 16:20:00.141  1111  1223 I SurfaceFlinger: id=233863 createSurf, flag=84004, e1cb319 com.example.cupcake.test/androidx.test.core.app.InstrumentationActivityInvoker$EmptyActivity#233863
08-13 16:20:00.141  6207  6207 D BoundBrokerSvc: onUnbind: Intent { act=com.google.android.gms.mdisync.service.START dat=chimera-action:/... cmp=com.google.android.gms/.chimera.GmsApiService }
08-13 16:20:00.145  1282  1745 D InputTransport: Input channel destroyed: 'e1cb319', fd=1025
08-13 16:20:00.145  1111  1111 I SurfaceFlinger: [e1cb319 com.example.cupcake.test/androidx.test.core.app.InstrumentationActivityInvoker$EmptyActivity#233863] attach to parent LayerHierarchy{RequestedLayerState{ActivityRecord{7803601 u0 com.example.cupcake.test/androidx.test.core.app.InstrumentationActivityInvoker$EmptyActivity t2236}#233860 parentId=233859} 2 children}
08-13 16:20:00.146  5736  5736 D InputTransport: Input channel constructed: 'e1cb319', fd=117
08-13 16:20:00.147  5736  5736 I InsetsController: onStateChanged: host=com.example.cupcake.test/androidx.test.core.app.InstrumentationActivityInvoker$EmptyActivity, from=android.view.ViewRootImpl.setView:1999, state=InsetsState: {mDisplayFrame=Rect(0, 0 - 1080, 2340), mDisplayCutout=DisplayCutout{insets=Rect(0, 80 - 0, 0) waterfall=Insets{left=0, top=0, right=0, bottom=0} boundingRect={Bounds=[Rect(0, 0 - 0, 0), Rect(511, 0 - 569, 80), Rect(0, 0 - 0, 0), Rect(0, 0 - 0, 0)]} cutoutPathParserInfo={CutoutPathParserInfo{displayWidth=1080 displayHeight=2340 physicalDisplayWidth=1080 physicalDisplayHeight=2340 density={2.8125} cutoutSpec={M 0,0 M 0,7.822222222222222‬‬ a 10.31111111111111‬,10.31111111111111‬ 0 1,0 0,20.62222222222222‬ a 10.31111111111111‬,10.31111111111111‬ 0 1,0 0,-20.62222222222222‬ Z @dp} rotation={0} scale={1.0} physicalPixelDisplaySizeRatio={1.0}}} sideOverrides={}}, mRoundedCorners=RoundedCorners{[RoundedCorner{position=TopLeft, radius=113, center=Point(113, 113)}, RoundedCorner{position=TopRight, radius=113, center=Point(967, 113)}, RoundedCorner{position=BottomRight, radius=113, center=Point(967, 2227)}, RoundedCorner{position=BottomLeft, radius=113, center=Point(113, 2227)}]}  mRoundedCornerFrame=Rect(0, 0 - 1080, 2340), mPrivacyIndicatorBounds=PrivacyIndicatorBounds {static bounds=Rect(956, 0 - 1080, 80) rotation=0}, mDisplayShape=DisplayShape{ spec=-311912193 displayWidth=1080 displayHeight=2340 physicalPixelDisplaySizeRatio=1.0 rotation=0 offsetX=0 offsetY=0 scale=1.0}, mSources= { InsetsSource: {b9640000 mType=statusBars mFrame=[0,0][1080,80] mVisible=true mFlags= mSideHint=TOP mBoundingRects=null}, InsetsSource: {b9640005 mType=mandatorySystemGestures mFrame=[0,0][1080,114] mVisible=true mFlags= mSideHint=TOP mBoundingRects=null}, InsetsSource: {b9640006 mType=tappableElement mFrame=[0,0][1080,80] mVisible=true mFlags= mSideHint=TOP mBoundingRects=null}, InsetsSource: {d8440001 mType=navigationBars mFrame=[0,2298][1080,2340] mVisible=true mFlags=SUPPRESS_SCRIM mSideHint=BOTTOM mBoundingRects=null}, InsetsSource: {d8440004 mType=systemGestures mFrame=[0,0][63,2340] mVisible=true mFlags= mSideHint=LEFT mBoundingRects=null}, InsetsSource: {d8440005 mType=mandatorySystemGestures mFrame=[0,2250][1080,2340] mVisible=true mFlags= mSideHint=BOTTOM mBoundingRects=null}, InsetsSource: {d8440006 mType=tappableElement mFrame=[0,0][0,0] mVisible=true mFlags= mSideHint=NONE mBoundingRects=null}, InsetsSource: {d8440024 mType=systemGestures mFrame=[1017,0][1080,2340] mVisible=true mFlags= mSideHint=RIGHT mBoundingRects=null}, InsetsSource: {3 mType=ime mFrame=[0,0][0,0] mVisible=false mFlags= mSideHint=NONE mBoundingRects=null}, InsetsSource: {27 mType=displayCutout mFrame=[0,0][1080,80] mVisible=true mFlags= mSideHint=TOP mBoundingRects=null} }
08-13 16:20:00.147  5736  5736 I VRI[InstrumentationActivityInvoker$EmptyActivity]@35e0e10: synced displayState. AttachInfo displayState=2
08-13 16:20:00.147  2127  2334 I BLASTBufferQueue_Java: new BLASTBufferQueue, mName= VRI[test]@ddf07ed mNativeObject= 0xb40000751914e3f0 sc.mNativeObject= 0xb40000761914c690 caller= android.view.ViewRootImpl.updateBlastSurfaceIfNeeded:3397 android.view.ViewRootImpl.relayoutWindow:11361 android.view.ViewRootImpl.performTraversals:4544 android.view.ViewRootImpl.doTraversal:3708 android.view.ViewRootImpl$TraversalRunnable.run:12542 android.view.Choreographer$CallbackRecord.run:1751 android.view.Choreographer$CallbackRecord.run:1760 android.view.Choreographer.doCallbacks:1216 android.view.Choreographer.doFrame:1142 android.view.Choreographer$FrameDisplayEventReceiver.run:1707
08-13 16:20:00.147  2127  2334 I BLASTBufferQueue_Java: update, w= 1080 h= 2340 mName = VRI[test]@ddf07ed mNativeObject= 0xb40000751914e3f0 sc.mNativeObject= 0xb40000761914c690 format= -3 caller= android.graphics.BLASTBufferQueue.<init>:88 android.view.ViewRootImpl.updateBlastSurfaceIfNeeded:3397 android.view.ViewRootImpl.relayoutWindow:11361 android.view.ViewRootImpl.performTraversals:4544 android.view.ViewRootImpl.doTraversal:3708 android.view.ViewRootImpl$TraversalRunnable.run:12542
08-13 16:20:00.148  2127  2334 I VRI[test]@ddf07ed: Relayout returned: old=(0,0,1080,2340) new=(0,0,1080,2340) relayoutAsync=false req=(1080,2340)0 dur=16 res=0x3 s={true 0xb4000075e928b860} ch=true seqId=0
08-13 16:20:00.148  2127  2334 I VRI[test]@ddf07ed: performConfigurationChange setNightDimText nightDimLevel=0
08-13 16:20:00.149  2127  2334 D VRI[test]@ddf07ed: mThreadedRenderer.initialize() mSurface={isValid=true 0xb4000075e928b860} hwInitialized=true
08-13 16:20:00.149  2127  2334 D VRI[test]@ddf07ed: reportNextDraw android.view.ViewRootImpl.performTraversals:5193 android.view.ViewRootImpl.doTraversal:3708 android.view.ViewRootImpl$TraversalRunnable.run:12542 android.view.Choreographer$CallbackRecord.run:1751 android.view.Choreographer$CallbackRecord.run:1760
08-13 16:20:00.149  2127  2334 D VRI[test]@ddf07ed: Setup new sync=wmsSync-VRI[test]@ddf07ed#10
08-13 16:20:00.149  2127  2334 I VRI[test]@ddf07ed: Creating new active sync group VRI[test]@ddf07ed#11
08-13 16:20:00.150  2127  2334 D VRI[test]@ddf07ed: registerCallbacksForSync syncBuffer=false
08-13 16:20:00.151  2127  2937 D VRI[test]@ddf07ed: Received frameDrawingCallback syncResult=0 frameNum=1.
08-13 16:20:00.151  2127  2937 I VRI[test]@ddf07ed: mWNT: t=0xb4000076090ec8d0 mBlastBufferQueue=0xb40000751914e3f0 fn= 1 HdrRenderState mRenderHdrSdrRatio=1.0 caller= android.view.ViewRootImpl$11.onFrameDraw:15016 android.view.ThreadedRenderer$1.onFrameDraw:761 <bottom of call stack>
08-13 16:20:00.151  2127  2937 I VRI[test]@ddf07ed: Setting up sync and frameCommitCallback
08-13 16:20:00.153  5736  5736 I VRI[InstrumentationActivityInvoker$EmptyActivity]@35e0e10: setView = com.android.internal.policy.DecorView@8a7d92f IsHRR=false TM=true
08-13 16:20:00.154  5736  5756 D HWUI    : HWUI - treat SMPTE_170M as sRGB
08-13 16:20:00.160  2742  2100 I HoneySpace.HistoryViewModel@160600677@OneUI: Illegal access. Unknown type. skip load history items
08-13 16:20:00.160  2127  2390 I BLASTBufferQueue: [VRI[test]@ddf07ed#13540](f:0,a:0,s:0) onFrameAvailable the first frame is available
08-13 16:20:00.160  2127  2390 I VRI[test]@ddf07ed: Received frameCommittedCallback lastAttemptedDrawFrameNum=1 didProduceBuffer=true
08-13 16:20:00.162  2127  2390 D HWUI    : CFMS:: SetUp Pid : 2127    Tid : 2390
08-13 16:20:00.162  1111  1223 I SurfaceFlinger: [Splash Screen com.example.cupcake.test$_2127#233862] setTransactionState with the first frame. bufferData(ID: 9135395538278, frameNumber: 1)
08-13 16:20:00.162  2127  2334 D VRI[test]@ddf07ed: reportDrawFinished seqId=0
08-13 16:20:00.167  1111  1732 I SurfaceFlinger: id=233864 createSurf, flag=84004, Transition Root: Task=2236#233864
08-13 16:20:00.170  1282  1447 I SurfaceControlRegistry: show, t=StartTransaction_SyncId<20548> sc=ActivityRecord{7803601 u0 com.example.cupcake.test/androidx.test.core.app.InstrumentationActivityInvoker$EmptyActivity t2236}, caller=android.view.SurfaceControl$Transaction.show:3232 com.android.server.wm.Transition.onTransactionReady:2273 com.android.server.wm.BLASTSyncEngine$SyncGroup.finishNow:195 com.android.server.wm.BLASTSyncEngine.onSurfacePlacement:269 com.android.server.wm.RootWindowContainer.performSurfacePlacementNoTrace:459 com.android.server.wm.RootWindowContainer.performSurfacePlacement:9
08-13 16:20:00.174  1111  1111 I SurfaceFlinger: [Transition Root: Task=2236#233864] attach to parent LayerHierarchy{RequestedLayerState{DefaultTaskDisplayArea_d0#11 parentId=10} 10 children}
08-13 16:20:00.176  1282  1447 D ScreenCapture: [Capture_TEST] : setIsScreenShotBySystem false
08-13 16:20:00.177  2127  2303 I SurfaceControlRegistry: hide, t=FinishTransaction_SyncId<20548> sc=Task=2235, caller=android.view.SurfaceControl$Transaction.hide:3258 com.android.wm.shell.transition.Transitions.dispatchReady:929 com.android.wm.shell.transition.Transitions.onTransitionReady:244 com.android.wm.shell.transition.Transitions$TransitionPlayerImpl$$ExternalSyntheticLambda0.run:13 android.os.Handler.handleCallback:959 android.os.Handler.dispatchMessage:100
08-13 16:20:00.178  2127  2303 I SurfaceControlRegistry: show, t=StartTransaction_SyncId<20548> sc=Task=2236, caller=android.view.SurfaceControl$Transaction.show:3232 com.android.wm.shell.transition.Transitions.dispatchReady:934 com.android.wm.shell.transition.Transitions.onTransitionReady:244 com.android.wm.shell.transition.Transitions$TransitionPlayerImpl$$ExternalSyntheticLambda0.run:13 android.os.Handler.handleCallback:959 android.os.Handler.dispatchMessage:100
08-13 16:20:00.178  2127  2303 I SurfaceControlRegistry: show, t=FinishTransaction_SyncId<20548> sc=Task=2236, caller=android.view.SurfaceControl$Transaction.show:3232 com.android.wm.shell.transition.Transitions.dispatchReady:988 com.android.wm.shell.transition.Transitions.onTransitionReady:244 com.android.wm.shell.transition.Transitions$TransitionPlayerImpl$$ExternalSyntheticLambda0.run:13 android.os.Handler.handleCallback:959 android.os.Handler.dispatchMessage:100
08-13 16:20:00.178  2127  2303 I SurfaceControlRegistry: show, t=StartTransaction_SyncId<20548> sc=Transition Root: Task=2236, caller=android.view.SurfaceControl$Transaction.show:3232 com.android.wm.shell.transition.Transitions.playTransition:81 com.android.wm.shell.transition.Transitions.processReadyQueue:250 com.android.wm.shell.transition.Transitions.dispatchReady:1007 com.android.wm.shell.transition.Transitions.onTransitionReady:244 com.android.wm.shell.transition.Transitions$TransitionPlayerImpl$$ExternalSyntheticLambda0.run:13
08-13 16:20:00.184  1111  1111 I SurfaceFlinger: [StatusBar$_2127#106] setDefaultFrameRateCompatibility: NoVote
08-13 16:20:00.195  1111  1732 I SurfaceFlinger: id=233865 createSurf, flag=24000, Surface(name=8a94d40 NavigationBar0)/@0x65d636d - animation-leash of insets_animation#233865
08-13 16:20:00.199  1111  1732 I SurfaceFlinger: id=233866 createSurf, flag=24000, Surface(name=e0324bb StatusBar)/@0x8487ff0 - animation-leash of insets_animation#233866
08-13 16:20:00.199  1111  1111 I SurfaceFlinger: [Surface(name=8a94d40 NavigationBar0)/@0x65d636d - animation-leash of insets_animation#233865] attach to parent LayerHierarchy{RequestedLayerState{WindowToken{4aa5472 type=2019 android.os.BinderProxy@bd187d4}#87 parentId=31} 2 children}
08-13 16:20:00.199  1111  1111 I SurfaceFlinger: [Surface(name=e0324bb StatusBar)/@0x8487ff0 - animation-leash of insets_animation#233866] attach to parent LayerHierarchy{RequestedLayerState{WindowToken{b8fcd4a type=2000 android.os.BinderProxy@ecaaeec}#94 parentId=19} 2 children}
08-13 16:20:00.203  2127  2127 D SamsungLightBarControlHelper: updateStatusBar (BLACK icon) numStacks:1, StatusBarMode:MODE_TRANSPARENT, lightBarBounds:[Rect(0, 0 - 1080, 2340)], StatusBarState:SHADE, packageName:, isWhiteKeyguardStatusBar:false
08-13 16:20:00.204  2127  2127 D SamsungLightBarControlHelper: onStatusBarAppearanceChanged() -  sbModeChanged:false, statusBarMode:0, barState:MODE_TRANSPARENT, isKeyguardShowing:false, navbarColorManagedByIme:false, (AppearanceRegion{LIGHT_STATUS_BARS bounds=[0,0][1080,2340]}, )
08-13 16:20:00.204  2127  2127 D NavigationBar: onSystemBarAttributesChanged() -  displayId:0, appearance:24, packageName: com.example.cupcake.test (APPEARANCE_LIGHT_STATUS_BARS APPEARANCE_LIGHT_NAVIGATION_BARS ), navbarColorManagedByIme:false
08-13 16:20:00.204  1111  1223 I SurfaceFlinger: id=233867 createSurf, flag=84000, bb9f50b ActivityRecordInputSink com.example.cupcake.test/androidx.test.core.app.InstrumentationActivityInvoker$EmptyActivity#233867
08-13 16:20:00.207  1111  1111 I SurfaceFlinger: [bb9f50b ActivityRecordInputSink com.example.cupcake.test/androidx.test.core.app.InstrumentationActivityInvoker$EmptyActivity#233867] attach to parent LayerHierarchy{RequestedLayerState{ActivityRecord{7803601 u0 com.example.cupcake.test/androidx.test.core.app.InstrumentationActivityInvoker$EmptyActivity t2236}#233860 parentId=233859} 3 children}
08-13 16:20:00.212  2127  2334 I InsetsSourceConsumer: applyRequestedVisibilityToControl: visible=true, type=navigationBars, host=Splash Screen com.example.cupcake.test
08-13 16:20:00.213  2127  2334 I InsetsSourceConsumer: applyRequestedVisibilityToControl: visible=true, type=statusBars, host=Splash Screen com.example.cupcake.test
08-13 16:20:00.216  1111  1111 I SurfaceFlinger: [LayerHierarchy{RequestedLayerState{8a94d40 NavigationBar0#88 parentId=233865} 1 children}] reparent to LayerHierarchy{RequestedLayerState{Surface(name=8a94d40 NavigationBar0)/@0x65d636d - animation-leash of insets_animation#233865 parentId=87} 1 children}
08-13 16:20:00.217  1111  1111 I SurfaceFlinger: [LayerHierarchy{RequestedLayerState{e0324bb StatusBar#95 parentId=233866} 1 children}] reparent to LayerHierarchy{RequestedLayerState{Surface(name=e0324bb StatusBar)/@0x8487ff0 - animation-leash of insets_animation#233866 parentId=94} 1 children}
08-13 16:20:00.217  1111  1111 I SurfaceFlinger: [LayerHierarchy{RequestedLayerState{Surface(name=8a94d40 NavigationBar0)/@0x65d636d - animation-leash of insets_animation#233852} no children}] reparent to OffscreenRoot
08-13 16:20:00.217  1111  1111 I SurfaceFlinger: [LayerHierarchy{RequestedLayerState{Surface(name=8a94d40 NavigationBar0)/@0x65d636d - animation-leash of insets_animation#233852} no children}] RelativeParent to null
08-13 16:20:00.217  1111  1111 I SurfaceFlinger: [LayerHierarchy{RequestedLayerState{Surface(name=e0324bb StatusBar)/@0x8487ff0 - animation-leash of insets_animation#233853} no children}] reparent to OffscreenRoot
08-13 16:20:00.217  1111  1111 I SurfaceFlinger: [LayerHierarchy{RequestedLayerState{Surface(name=e0324bb StatusBar)/@0x8487ff0 - animation-leash of insets_animation#233853} no children}] RelativeParent to null
08-13 16:20:00.217  1111  1223 I SurfaceFlinger: id=233868 createSurf, flag=44404, Right Edge Extension#233868
08-13 16:20:00.217  1282  3084 V WindowManager: Relayout Window{e1cb319 u0 com.example.cupcake.test/androidx.test.core.app.InstrumentationActivityInvoker$EmptyActivity}: viewVisibility=0 req=1080x2340 ty=1 d0
08-13 16:20:00.218  1111  1730 I SurfaceFlinger: id=233869 createSurf, flag=44004, com.example.cupcake.test/androidx.test.core.app.InstrumentationActivityInvoker$EmptyActivity$_5736#233869
08-13 16:20:00.221  1111  1223 I SurfaceFlinger: id=233870 createSurf, flag=24000, Surface(name=8a94d40 NavigationBar0)/@0x65d636d - animation-leash of insets_animation#233870
08-13 16:20:00.223 21624 21938 I Rubin   : [92] com.samsung.android.rubin.inferenceengine.contextanalytics.engine.monitors.moment.exercise.ExercisingWithCmhMonitor.isSatisfiedByCmh(Unknown Source) : isSatisfiedByCmh is false
08-13 16:20:00.225  1111  1223 I SurfaceFlinger: id=233871 createSurf, flag=24000, Surface(name=e0324bb StatusBar)/@0x8487ff0 - animation-leash of insets_animation#233871
08-13 16:20:00.227  1111  1111 I SurfaceFlinger: [StatusBar$_2127#106] setDefaultFrameRateCompatibility: NoVote
08-13 16:20:00.228  1111  1111 I SurfaceFlinger: [Right Edge Extension#233868] attach to parent LayerHierarchy{RequestedLayerState{Task=2235#233846 parentId=11 z=3} 2 children}
08-13 16:20:00.228  1111  1111 I SurfaceFlinger: [com.example.cupcake.test/androidx.test.core.app.InstrumentationActivityInvoker$EmptyActivity$_5736#233869] attach to parent LayerHierarchy{RequestedLayerState{e1cb319 com.example.cupcake.test/androidx.test.core.app.InstrumentationActivityInvoker$EmptyActivity#233863 parentId=233860} 1 children}
08-13 16:20:00.228  1111  1111 I SurfaceFlinger: [Surface(name=8a94d40 NavigationBar0)/@0x65d636d - animation-leash of insets_animation#233870] attach to parent LayerHierarchy{RequestedLayerState{WindowToken{4aa5472 type=2019 android.os.BinderProxy@bd187d4}#87 parentId=31} 2 children}
08-13 16:20:00.228  1111  1111 I SurfaceFlinger: [Surface(name=e0324bb StatusBar)/@0x8487ff0 - animation-leash of insets_animation#233871] attach to parent LayerHierarchy{RequestedLayerState{WindowToken{b8fcd4a type=2000 android.os.BinderProxy@ecaaeec}#94 parentId=19} 2 children}
08-13 16:20:00.228  1282  3084 I SystemKeyManager: requested systemKeyInfo size=2 focusedWindow=com.example.cupcake.test/androidx.test.core.app.InstrumentationActivityInvoker$EmptyActivity
08-13 16:20:00.229  1282  3084 V WindowManager: Relayout hash=e1cb319, pid=5736, syncId=-1: mAttrs={(0,0)(fillxfill) sim={adjust=pan forwardNavigation} layoutInDisplayCutoutMode=always ty=BASE_APPLICATION
08-13 16:20:00.229  1282  3084 V WindowManager:   fl=81810100
08-13 16:20:00.229  1282  3084 V WindowManager:   pfl=100088c0
08-13 16:20:00.229  1282  3084 V WindowManager:   bhv=1
08-13 16:20:00.229  1282  3084 V WindowManager:   fitSides=0
08-13 16:20:00.229  1282  3084 V WindowManager:   frameRateBoostOnTouch=true
08-13 16:20:00.229  1282  3084 V WindowManager:   dvrrWindowFrameRateHint=true naviIconColor=0}
08-13 16:20:00.231  5736  5736 I BLASTBufferQueue_Java: new BLASTBufferQueue, mName= VRI[InstrumentationActivityInvoker$EmptyActivity]@35e0e10 mNativeObject= 0xb4000075190b7db0 sc.mNativeObject= 0xb4000076190b38d0 caller= android.view.ViewRootImpl.updateBlastSurfaceIfNeeded:3397 android.view.ViewRootImpl.relayoutWindow:11361 android.view.ViewRootImpl.performTraversals:4544 android.view.ViewRootImpl.doTraversal:3708 android.view.ViewRootImpl$TraversalRunnable.run:12542 android.view.Choreographer$CallbackRecord.run:1751 android.view.Choreographer$CallbackRecord.run:1760 android.view.Choreographer.doCallbacks:1216 android.view.Choreographer.doFrame:1142 android.view.Choreographer$FrameDisplayEventReceiver.run:1707
08-13 16:20:00.231  5736  5736 I BLASTBufferQueue_Java: update, w= 1080 h= 2340 mName = VRI[InstrumentationActivityInvoker$EmptyActivity]@35e0e10 mNativeObject= 0xb4000075190b7db0 sc.mNativeObject= 0xb4000076190b38d0 format= -1 caller= android.graphics.BLASTBufferQueue.<init>:88 android.view.ViewRootImpl.updateBlastSurfaceIfNeeded:3397 android.view.ViewRootImpl.relayoutWindow:11361 android.view.ViewRootImpl.performTraversals:4544 android.view.ViewRootImpl.doTraversal:3708 android.view.ViewRootImpl$TraversalRunnable.run:12542
08-13 16:20:00.231  5736  5736 I VRI[InstrumentationActivityInvoker$EmptyActivity]@35e0e10: Relayout returned: old=(0,0,1080,2340) new=(0,0,1080,2340) relayoutAsync=false req=(1080,2340)0 dur=74 res=0x3 s={true 0xb4000075e9105ef0} ch=true seqId=0
08-13 16:20:00.232  2127  2127 D NavigationBar: onSystemBarAttributesChanged() -  displayId:0, appearance:16, packageName: com.example.cupcake.test (APPEARANCE_LIGHT_NAVIGATION_BARS ), navbarColorManagedByIme:false
08-13 16:20:00.232  1111  1162 I SurfaceFlinger: id=233872 createSurf, flag=4400, [BBQ] Right Edge Extension#233868#233872
08-13 16:20:00.232  5736  5736 I VRI[InstrumentationActivityInvoker$EmptyActivity]@35e0e10: performConfigurationChange setNightDimText nightDimLevel=0
08-13 16:20:00.232  5736  5736 D VRI[InstrumentationActivityInvoker$EmptyActivity]@35e0e10: mThreadedRenderer.initialize() mSurface={isValid=true 0xb4000075e9105ef0} hwInitialized=true
08-13 16:20:00.234  5736  5736 D VRI[InstrumentationActivityInvoker$EmptyActivity]@35e0e10: reportNextDraw android.view.ViewRootImpl.performTraversals:5193 android.view.ViewRootImpl.doTraversal:3708 android.view.ViewRootImpl$TraversalRunnable.run:12542 android.view.Choreographer$CallbackRecord.run:1751 android.view.Choreographer$CallbackRecord.run:1760
08-13 16:20:00.234  5736  5736 D VRI[InstrumentationActivityInvoker$EmptyActivity]@35e0e10: Setup new sync=wmsSync-VRI[InstrumentationActivityInvoker$EmptyActivity]@35e0e10#18
08-13 16:20:00.234  5736  5736 I VRI[InstrumentationActivityInvoker$EmptyActivity]@35e0e10: Creating new active sync group VRI[InstrumentationActivityInvoker$EmptyActivity]@35e0e10#19
08-13 16:20:00.236  5736  5736 D VRI[InstrumentationActivityInvoker$EmptyActivity]@35e0e10: registerCallbacksForSync syncBuffer=false
08-13 16:20:00.237  5736  5771 D VRI[InstrumentationActivityInvoker$EmptyActivity]@35e0e10: Received frameDrawingCallback syncResult=0 frameNum=1.
08-13 16:20:00.238  5736  5771 I VRI[InstrumentationActivityInvoker$EmptyActivity]@35e0e10: mWNT: t=0xb4000076090df350 mBlastBufferQueue=0xb4000075190b7db0 fn= 1 HdrRenderState mRenderHdrSdrRatio=1.0 caller= android.view.ViewRootImpl$11.onFrameDraw:15016 android.view.ThreadedRenderer$1.onFrameDraw:761 <bottom of call stack>
08-13 16:20:00.238  5736  5771 I VRI[InstrumentationActivityInvoker$EmptyActivity]@35e0e10: Setting up sync and frameCommitCallback
