08-13 16:19:46.929 23813 21993 I SecureDatabase_23813_21993: log: query: row=[1,com.xiaomi,6521150625]
08-13 16:19:46.929 23813 21993 I AccountManagerService_23813_21993: log: validateAccountsAndPopulateCache>>>accountId=1 accountType=com.xiaomi accountName=6521150625
08-13 16:19:46.930 23813 21993 I AccountManagerService_23813_21993: log: getAccounts: accountType com.xiaomi, caller's uid 10349, pid 23813
08-13 16:19:46.930 23813 21993 I SecureDatabase_23813_21993: log: query: accounts, columns=[_id,type,name], selection=null, selectionArgs=null, groupBy=null, having=null, orderBy=null, limit=null
08-13 16:19:46.930 23813 21993 I SecureDatabase_23813_21993: log: query: cursor count=1
08-13 16:19:46.930 23813 21993 I SecureDatabase_23813_21993: log: query: row=[1,com.xiaomi,6521150625]
08-13 16:19:46.930 23813 21993 I AccountManagerService_23813_21993: log: validateAccountsAndPopulateCache>>>accountId=1 accountType=com.xiaomi accountName=6521150625
08-13 16:19:46.931  1282  3019 W LocationManagerService: onFreezeStateChanged, uid[10329]=true
08-13 16:19:46.935 23813 21995 I NotifyLogUtils_23813_21995: isIgnoringBatteryOptimizations true
08-13 16:19:46.936  1282  3019 W LocationManagerService: onFreezeStateChanged, uid[10329]=false
08-13 16:19:46.939 23813 30394 W FA      : Failed to retrieve Firebase Instance Id
08-13 16:19:46.942  2127  2937 I VRI[cupcake]@7736ecc: mWNT: t=0xb400007609191b50 mBlastBufferQueue=0xb400007519187dd0 fn= 4 HdrRenderState mRenderHdrSdrRatio=1.0 caller= android.view.SyncRtSurfaceTransactionApplier.applyTransaction:96 android.view.SyncRtSurfaceTransactionApplier.lambda$scheduleApply$0:69 android.view.SyncRtSurfaceTransactionApplier.$r8$lambda$afI4fXg3U3-nBZQEDQMiNy-B06s:0
08-13 16:19:46.957  1282  1696 D InputTransport: Input channel constructed: 'ClientS', fd=1035
08-13 16:19:46.957  1282  1696 D InputTransport: Input channel destroyed: 'ClientS', fd=1035
08-13 16:19:46.958  4917  4917 I HBD     : HoneyBoardService onFinishInput
08-13 16:19:46.959  4917  4917 I HBD     : a IC have been unbinding,  RemoteInputConnection{idHash=#a553005}
08-13 16:19:46.959  4917  4917 I HBD     : HoneyBoardService [PF_CL][onFinishInput]  1 ms
08-13 16:19:46.959  4917  4917 I HBD     : HoneyBoardService [IMI] onStartInput - caller pid : 5596 , caller uid : 10418
08-13 16:19:46.959  4917  4917 I HBD     : t updateConfigs
08-13 16:19:46.959  4917  4917 I HBD     : t isEnabledNightMode : true
08-13 16:19:46.959  4917  4917 I HBD     : a IC have been binding, RemoteInputConnection{idHash=#3e85dfe}
08-13 16:19:46.959  4917  4917 I HBD     : g [EditorInputType]setPrivateImeOptionsToTable privateImeOptions ( null )
08-13 16:19:46.959  4917  4917 I HBD     : b incognitoMode : false
08-13 16:19:46.959  4917  4917 I HBD     : b needOff = true , isForceOff = false, isNullInputClass : true
08-13 16:19:46.959  4917  4917 I HBD     : g getDefaultInputRange : UNKNOWN
08-13 16:19:46.959  4917  4917 I HBD     : g getDefaultInputRange : UNKNOWN
08-13 16:19:46.959  4917  4917 I HBD     : g getDefaultInputRange : UNKNOWN
08-13 16:19:46.960  4917  4917 I HBD     : b needOff = true , isForceOff = false, isNullInputClass : true
08-13 16:19:46.960  4917  4917 I HBD     : b update cached prediction status : false
08-13 16:19:46.960  4917  4917 I HBD     : g getDefaultInputRange : UNKNOWN
08-13 16:19:46.960  4917  4917 I HBD     : a currentState : 0
08-13 16:19:46.960  4917  4917 I HBD     : a [UpdatePolicy] [post] a: 0 cl: 4325376 kit: [0/26] vt: 0 ir: 1
08-13 16:19:46.961  1111  1730 I SurfaceFlinger: id=233592 createSurf, flag=24004, Surface(name=39a4c69 InputMethod)/@0x97414dd - animation-leash of insets_animation#233592
08-13 16:19:46.964 23813 30394 W FA      : Failed to retrieve Firebase Instance Id
08-13 16:19:46.965  4917  4917 I HBD     : a [NRIC] resetNoResponseState
08-13 16:19:46.965  4917  4917 I HBD     : b needOff = true , isForceOff = false, isNullInputClass : true
08-13 16:19:46.965  4917  4917 I HBD     : b update cached prediction status : false
08-13 16:19:46.965  4917  4917 I HBD     : c [AiWriter] setContact : com.example.cupcake
08-13 16:19:46.965  4917  4917 I HBD     : a [AiWriter] setContact : com.example.cupcake
08-13 16:19:46.966  4917  4917 I HBD     : b needOff = true , isForceOff = false, isNullInputClass : true
08-13 16:19:46.966  4917  4917 I HBD     : b getTBC , flag: 1 , start: 0 , end: 0 , length: 0 , composingLength: 0 , isKCC: false
08-13 16:19:46.965  2742  5288 I HoneySpace.PredictionDataSourceImpl: TYPE_RECOMMENDED_WIDGETS updated: 14
08-13 16:19:46.971  5596  5710 D InputTransport: Input channel constructed: 'ClientS', fd=149
08-13 16:19:46.972  4917  4917 I HBD     : E EBD si S 0
08-13 16:19:46.972  4917  4917 I HBD     : m updateContactDBLanguage : 0
08-13 16:19:46.972  4917  4917 I HBD     : a [UpdatePolicy] [post] a: 31 cl: 4325376 kit: [0/26] vt: 0 ir: 1
08-13 16:19:46.973  4917  4917 I HBD     : HoneyBoardService [PF_OP][onStartInput]  14 ms
08-13 16:19:46.976  1111  1111 I SurfaceFlinger: [Surface(name=39a4c69 InputMethod)/@0x97414dd - animation-leash of insets_animation#233592] attach to parent LayerHierarchy{RequestedLayerState{WindowToken{72c0868 type=2011 android.os.Binder@fb66f8b}#121 parentId=16} 2 children}
08-13 16:19:46.977  2742  5283 I HoneySpace.PredictionDataSourceImpl: TYPE_SUGGESTED_APPS updated: 9
08-13 16:19:46.980  2127  2127 D SystemUIService: SYSUI_RAM_OPTIMIZATION onTrimMemory=20
08-13 16:19:46.981  2127  2127 D CentralSurfaces: SYSUI_RAM_OPTIMIZATION onTrimMemory=20
08-13 16:19:46.983  1244  1348 I CameraService: onUidStateChanged: uid=10043, procState is changed. (1 -> 0)
08-13 16:19:46.988 23813 30394 W FA      : Failed to retrieve Firebase Instance Id
08-13 16:19:46.993  4917 25832 I HBD     : h [SKE_SPECIFIC] specific model[com.example.cupcake] loaded, 14669308 ns
08-13 16:19:46.994  1111  1111 I SurfaceFlinger: [LayerHierarchy{RequestedLayerState{ImeContainer#16 parentId=233582 relativeParentId=233582 z=3} 1 children}] reparent to LayerHierarchy{RequestedLayerState{ActivityRecord{38bc2ed u0 com.example.cupcake/androidx.activity.ComponentActivity t2221}#233582 parentId=233581} 4 children}
08-13 16:19:46.994  1111  1111 I SurfaceFlinger: [LayerHierarchy{RequestedLayerState{ImeContainer#16 parentId=233582 relativeParentId=233582 z=3} 1 children}] RelativeParent to null
08-13 16:19:46.994  1111  1111 I SurfaceFlinger: [LayerHierarchy{RequestedLayerState{39a4c69 InputMethod#135 parentId=233592} no children}] reparent to LayerHierarchy{RequestedLayerState{Surface(name=39a4c69 InputMethod)/@0x97414dd - animation-leash of insets_animation#233592 parentId=121} 1 children}
08-13 16:19:46.994  1111  1111 I SurfaceFlinger: [LayerHierarchy{RequestedLayerState{Surface(name=39a4c69 InputMethod)/@0x97414dd - animation-leash of insets_animation#233578} no children}] reparent to OffscreenRoot
08-13 16:19:46.994  1111  1111 I SurfaceFlinger: [LayerHierarchy{RequestedLayerState{Surface(name=39a4c69 InputMethod)/@0x97414dd - animation-leash of insets_animation#233578} no children}] RelativeParent to null
08-13 16:19:46.997  1282  4376 V WindowManager: Relayout Window{aac089c u0 Splash Screen com.example.cupcake}: viewVisibility=8 req=1080x2340 ty=3 d0
08-13 16:19:46.998  1111  1163 I SurfaceFlinger: id=233578 Removed Surface(name=39a4c69 InputMethod)/@0x97414dd - animation-leash of insets_animation#233578 (162)
08-13 16:19:46.998  5596  5596 I InsetsSourceConsumer: applyRequestedVisibilityToControl: visible=false, type=ime, host=com.example.cupcake/androidx.activity.ComponentActivity
08-13 16:19:46.999  1282  4376 V WindowManager: Relayout hash=aac089c, pid=2127, syncId=-1: mAttrs={(0,0)(fillxfill) sim={adjust=pan} layoutInDisplayCutoutMode=always ty=APPLICATION_STARTING fmt=TRANSLUCENT wanim=0x1030312
08-13 16:19:46.999  1282  4376 V WindowManager:   fl=81030118
08-13 16:19:46.999  1282  4376 V WindowManager:   pfl=10000810
08-13 16:19:46.999  1282  4376 V WindowManager:   apr=18
08-13 16:19:46.999  1282  4376 V WindowManager:   bhv=1
08-13 16:19:46.999  1282  4376 V WindowManager:   fitSides=0
08-13 16:19:46.999  1282  4376 V WindowManager:   frameRateBoostOnTouch=true
08-13 16:19:46.999  1282  4376 V WindowManager:   dvrrWindowFrameRateHint=true naviIconColor=0}
08-13 16:19:47.001  2127  2334 I VRI[cupcake]@7736ecc: Relayout returned: old=(0,0,1080,2340) new=(0,0,1080,2340) relayoutAsync=false req=(1080,2340)8 dur=27 res=0x2 s={false 0x0} ch=true seqId=0
08-13 16:19:47.001  2127  2334 D VRI[cupcake]@7736ecc: Not drawing due to not visible. Reason=View.GONE
08-13 16:19:47.002  2127  2334 W WindowOnBackDispatcher: sendCancelIfRunning: isInProgress=false callback=android.view.ViewRootImpl$$ExternalSyntheticLambda15@d67f40b
08-13 16:19:47.002  2127  2127 D NavigationBar: setImeWindowStatus displayId=0 vis=0 backDisposition=0 showImeSwitcher=false imeShown=false
08-13 16:19:47.004  4917  4917 I InputMethodService: scheduleImeSurfaceRemoval: removeImeSurface is posted.
08-13 16:19:47.004  2127  2334 I VRI[cupcake]@7736ecc: dispatchDetachedFromWindow
08-13 16:19:47.005  1282  3179 D InputTransport: Input channel destroyed: 'aac089c', fd=1020
08-13 16:19:47.005  1282  3179 W InputManager-JNI: Input channel object 'aac089c Splash Screen com.example.cupcake (client)' was disposed without first being removed with the input manager!
08-13 16:19:47.005  1282  3179 D InputTransport: Input channel destroyed: 'aac089c', fd=1025
08-13 16:19:47.006 23813 30394 W FA      : Failed to retrieve Firebase Instance Id
08-13 16:19:47.006  2127  2390 D HWUI    : CacheManager::trimMemory(20)
08-13 16:19:47.011  2127  2334 D InputTransport: Input channel destroyed: 'aac089c', fd=474
08-13 16:19:47.013  1111  1111 E SurfaceFlinger: alpha changed 1.000 -> 0.000 - Surface(name=39a4c69 InputMethod)/@0x97414dd - animation-leash of insets_animation#233592
08-13 16:19:47.013  1111  1111 I SurfaceFlinger: Layer [Splash Screen com.example.cupcake$_2127#233584] hidden!! flag(1)
08-13 16:19:47.013  1111  1111 I SurfaceFlinger: destroyed Surface(name=39a4c69 InputMethod)/@0x97414dd - animation-leash of insets_animation#233578
08-13 16:19:47.014  1111  1111 I Layer   : id=233578 Destroyed Surface(name=39a4c69 InputMethod)/@0x97414dd - animation-leash of insets_animation#233578
08-13 16:19:47.015  2127  2127 D SamsungLightBarControlHelper: updateStatusBar (WHITE icon) numStacks:1, StatusBarMode:MODE_TRANSPARENT, lightBarBounds:[], StatusBarState:SHADE, packageName:, isWhiteKeyguardStatusBar:false
08-13 16:19:47.016  2127  2127 D SamsungLightBarControlHelper: onStatusBarAppearanceChanged() -  sbModeChanged:false, statusBarMode:0, barState:MODE_TRANSPARENT, isKeyguardShowing:false, navbarColorManagedByIme:false, (AppearanceRegion{ bounds=[0,0][1080,2340]}, )
08-13 16:19:47.016  1282  1447 I SurfaceControl: apply, lowDebugName=RemoveStartingRevealAnim, caller=android.view.SurfaceControl$Transaction.apply:3122 android.view.SurfaceControl$Transaction.apply:3078 com.android.server.wm.WindowAnimator.animate:380 com.android.server.wm.WindowAnimator$$ExternalSyntheticLambda1.doFrame:14 android.view.Choreographer$CallbackRecord.run:1749 android.view.Choreographer$CallbackRecord.run:1760
08-13 16:19:47.021 23813 30394 W FA      : Failed to retrieve Firebase Instance Id
08-13 16:19:47.034  1111  1111 D SurfaceFlinger: Display 4633128672291735932 HWC layers:
08-13 16:19:47.034  1111  1111 D SurfaceFlinger:        DEVICE |   0xb4000079e28c6110 | 0000 | RGBA_8888    |    0.0    0.0 1080.0 2340.0 |    0    0 1080 2340 | Wallpaper BBQ wrapper 5_system#82 (19)
08-13 16:19:47.034  1111  1111 D SurfaceFlinger:        DEVICE |   0xb4000079e28dde90 | 0001 | RGBA_8888    |    0.0    0.0 1080.0 2340.0 |    0    0 1080 2340 | com.sec.android.app.launcher/com.sec[...]vities.LauncherActivity$_2742#233570 (65)
08-13 16:19:47.034  1111  1111 D SurfaceFlinger:        CLIENT |   0xb4000079e28f5890 | 0001 | RGBA_8888    |    0.0    0.0 1080.0 2338.0 |    2    7 1078 2335 | com.example.cupcake/androidx.activity.ComponentActivity$_5596#233586 (1)
08-13 16:19:47.034  1111  1111 D SurfaceFlinger:        DEVICE |   0xb4000079e28bb590 | 0001 | RGBA_8888    |    0.0    0.0 1080.0   80.0 |    0    0 1080   80 | StatusBar$_2127#106 (79372)
08-13 16:19:47.034  1111  1111 D SurfaceFlinger:        DEVICE |   0xb4000079e29075d0 | 0001 | RGBA_8888    |    0.0    0.0 1080.0  135.0 |    0 2205 1080 2340 | NavigationBar0$_2127#101 (129742)
08-13 16:19:47.034  1111  1111 D SurfaceFlinger:        DEVICE |   0xb4000079e28ad3d0 | 0001 | RGBA_8888    |    0.0  249.0 1034.0  827.0 |   46    0 1080  578 | $_4855#233489 (381)
08-13 16:19:47.034  1111  1111 D SurfaceFlinger:
08-13 16:19:47.035  1111  1111 I SurfaceFlinger: [LayerHierarchy{RequestedLayerState{ImeContainer#16 parentId=233582 relativeParentId=233585 z=1} 1 children}] RelativeParent to LayerHierarchy{RequestedLayerState{b76cf34 com.example.cupcake/androidx.activity.ComponentActivity#233585 parentId=233582} 2 children}
08-13 16:19:47.035  1111  1111 I SurfaceFlinger: [LayerHierarchy{RequestedLayerState{Surface(name=b76cf34 com.example.cupcake/androidx.activity.ComponentActivity)/@0x75ca52c - animation-leash of starting_reveal#233591} 1 children}] reparent to OffscreenRoot
08-13 16:19:47.035  1111  1111 I SurfaceFlinger: [LayerHierarchy{RequestedLayerState{Surface(name=b76cf34 com.example.cupcake/androidx.activity.ComponentActivity)/@0x75ca52c - animation-leash of starting_reveal#233591} 1 children}] RelativeParent to null
08-13 16:19:47.035  1111  1111 I SurfaceFlinger: [LayerHierarchy{RequestedLayerState{aac089c Splash Screen com.example.cupcake#233583 z=2147483647} 1 children}] reparent to OffscreenRoot
08-13 16:19:47.035  1111  1111 I SurfaceFlinger: [LayerHierarchy{RequestedLayerState{aac089c Splash Screen com.example.cupcake#233583 z=2147483647} 1 children}] RelativeParent to null
08-13 16:19:47.035  1111  1111 I SurfaceFlinger: [LayerHierarchy{RequestedLayerState{Splash Screen com.example.cupcake$_2127#233584} no children}] reparent to OffscreenRoot
08-13 16:19:47.035  1111  1111 I SurfaceFlinger: [LayerHierarchy{RequestedLayerState{Splash Screen com.example.cupcake$_2127#233584} no children}] RelativeParent to null
08-13 16:19:47.035  1111  1111 I SurfaceFlinger: [LayerHierarchy{RequestedLayerState{b76cf34 com.example.cupcake/androidx.activity.ComponentActivity#233585 parentId=233582} 2 children}] reparent to LayerHierarchy{RequestedLayerState{ActivityRecord{38bc2ed u0 com.example.cupcake/androidx.activity.ComponentActivity t2221}#233582 parentId=233581} 3 children}
08-13 16:19:47.048 23813 30394 W FA      : Failed to retrieve Firebase Instance Id
08-13 16:19:47.055  2127  2303 I SurfaceControlRegistry: apply, t=FinishTransaction_SyncId<20528>, caller=android.view.SurfaceControl$Transaction.apply:3135 android.view.SurfaceControl$Transaction.apply:3122 android.view.SurfaceControl$Transaction.apply:3078 com.android.wm.shell.transition.Transitions.onFinish:308 com.android.wm.shell.transition.Transitions$$ExternalSyntheticLambda8.onTransitionFinished:10 com.android.wm.shell.transition.DefaultTransitionHandler$$ExternalSyntheticLambda6.run:36
08-13 16:19:47.059  1111  1732 I SurfaceFlinger: id=233584 Removed Splash Screen com.example.cupcake$_2127#233584 (161)
08-13 16:19:47.065  1111  1111 I SurfaceFlinger: Layer [Task=1#52] hidden!! flag(1)
08-13 16:19:47.065  1111  1111 I SurfaceFlinger: destroyed Splash Screen com.example.cupcake$_2127#233584
08-13 16:19:47.065  1111  1111 I SurfaceFlinger: [LayerHierarchy{RequestedLayerState{Task=1#52 parentId=11} 2 children}] reparent to LayerHierarchy{RequestedLayerState{DefaultTaskDisplayArea_d0#11 parentId=10} 8 children}
08-13 16:19:47.065  1111  1111 I SurfaceFlinger: [LayerHierarchy{RequestedLayerState{WallpaperWindowToken{b638ffb token=android.os.Binder@64ddd8a}#74 parentId=9 z=1} 1 children}] reparent to LayerHierarchy{RequestedLayerState{Leaf:1:1#9 parentId=8} 2 children}
08-13 16:19:47.065  1111  1111 I SurfaceFlinger: [LayerHierarchy{RequestedLayerState{Task=2221#233581 parentId=11 z=3} 1 children}] reparent to LayerHierarchy{RequestedLayerState{DefaultTaskDisplayArea_d0#11 parentId=10} 9 children}
08-13 16:19:47.065  1111  1111 I SurfaceFlinger: [LayerHierarchy{RequestedLayerState{Transition Root: Task=2221#233589 z=3} no children}] reparent to OffscreenRoot
08-13 16:19:47.065  1111  1111 I SurfaceFlinger: [LayerHierarchy{RequestedLayerState{Transition Root: Task=2221#233589 z=3} no children}] RelativeParent to null
08-13 16:19:47.065 23813 30394 W FA      : Failed to retrieve Firebase Instance Id
08-13 16:19:47.066  2742  2742 I VRI[LauncherActivity]@3489192: handleAppVisibility mAppVisible = true visible = false
08-13 16:19:47.067  1111  1111 I Layer   : id=233584 Destroyed Splash Screen com.example.cupcake$_2127#233584
08-13 16:19:47.067  1111  1111 I SurfaceFlinger: id=233589 Removed Transition Root: Task=2221#233589 (160)
08-13 16:19:47.067  1111  1111 I SurfaceFlinger: id=233583 Removed aac089c Splash Screen com.example.cupcake#233583 (160)
08-13 16:19:47.069  6225  4501 I NetworkScheduler: (REDACTED) Error inserting %s
08-13 16:19:47.064  2127  2402 I WallpaperService: dispatchAppVisibility: system, visible=false , mLidState = -1
08-13 16:19:47.071  1244  1348 I CameraService: onUidStateChanged: uid=10222, procState is changed. (3 -> 5)
08-13 16:19:47.073 23813 30394 W FA      : Failed to retrieve Firebase Instance Id
08-13 16:19:47.074  2127  2436 I WallpaperService: reportVisibility: visibility changed. visible=false
08-13 16:19:47.074  2127  2436 I ImageWallpaper_5[Image]:  onVisibilityChanged: visible=false , displayId=0
08-13 16:19:47.079  1282  3179 D SyntheticPasswordManager.SDP: Inside fromBytes() - result.pinLength : -1
08-13 16:19:47.079  1282  3179 D SyntheticPasswordManager.SDP: 2. result.secureMode : 0
08-13 16:19:47.080  2742  2742 I SearchHoneyPot: onViewCreated: onStop
08-13 16:19:47.080  2742  2742 I HoneySpace.ContentsAnimator: end call
08-13 16:19:47.080  2742  2742 I VRI[LauncherActivity]@3489192: stopped(true) old = false
08-13 16:19:47.081  2742 28910 I HoneySpace.RecentTasks: onRecentTasksChanged
08-13 16:19:47.081  2742  4826 I HoneySpace.HoneyAppWidgetHost: stopListening, host: @fcf5abe
08-13 16:19:47.082  1282  4902 I AppWidgetServiceImpl: stopListening callbacks : null
08-13 16:19:47.082  2127  2127 D SystemUIService: SYSUI_RAM_OPTIMIZATION onTrimMemory=20
08-13 16:19:47.082  2127  2127 D CentralSurfaces: SYSUI_RAM_OPTIMIZATION onTrimMemory=20
08-13 16:19:47.086  1111  1111 D SurfaceFlinger: Display 4633128672291735932 HWC layers:
08-13 16:19:47.086  1111  1111 D SurfaceFlinger:        DEVICE |   0xb4000079e28f5890 | 0001 | RGBA_8888    |    0.0    0.0 1080.0 2340.0 |    0    0 1080 2340 | com.example.cupcake/androidx.activity.ComponentActivity$_5596#233586 (1)
08-13 16:19:47.086  1111  1111 D SurfaceFlinger:        DEVICE |   0xb4000079e28c9c90 | 0001 | RGBA_8888    |    0.0    0.0 1080.0   80.0 |    0    0 1080   80 | StatusBar$_2127#106 (79375)
08-13 16:19:47.086  1111  1111 D SurfaceFlinger:        DEVICE |   0xb4000079e29075d0 | 0001 | RGBA_8888    |    0.0    0.0 1080.0  135.0 |    0 2205 1080 2340 | NavigationBar0$_2127#101 (129742)
08-13 16:19:47.086  1111  1111 D SurfaceFlinger:        DEVICE |   0xb4000079e28ad3d0 | 0001 | RGBA_8888    |    0.0  249.0 1034.0  827.0 |   46    0 1080  578 | $_4855#233489 (381)
08-13 16:19:47.086  1111  1111 D SurfaceFlinger:
08-13 16:19:47.086  1111  1111 I SurfaceFlinger: Layer [ActivityRecord{b3168b5 u0 com.sec.an[...].activities.LauncherActivity t6}#123] hidden!! flag(1)
08-13 16:19:47.086  1111  1111 I SurfaceFlinger: Layer [com.android.systemui.wallpapers.ImageWallpaper$_2127#81] hidden!! flag(1)
08-13 16:19:47.086  1111  1111 I SurfaceFlinger: Layer [com.sec.android.app.launcher/com.sec[...]vities.LauncherActivity$_2742#233570] hidden!! flag(1)
08-13 16:19:47.086  1111  1111 I SurfaceFlinger: Layer [WallpaperWindowToken{b638ffb token=android.os.Binder@64ddd8a}#74] hidden!! flag(1)
08-13 16:19:47.086  1111  1111 I SurfaceFlinger: Layer [Task=6#122] hidden!! flag(1)
08-13 16:19:47.086  1111  1111 I SurfaceFlinger: destroyed aac089c Splash Screen com.example.cupcake#233583
08-13 16:19:47.086  1111  1111 I SurfaceFlinger: destroyed Transition Root: Task=2221#233589
08-13 16:19:47.086  2742 28910 I HoneySpace.HistoryViewModel@160600677@OneUI: Illegal access. Unknown type. skip load history items
08-13 16:19:47.087  1111  1111 I Layer   : id=233589 Destroyed Transition Root: Task=2221#233589
08-13 16:19:47.087  1111  1111 I Layer   : id=233583 Destroyed aac089c Splash Screen com.example.cupcake#233583
08-13 16:19:47.089  2742  2742 I HoneySpace.Launcher: !@Boot_EBS_D: Launcher.onStop()
08-13 16:19:47.089  2742  2742 I HoneySpace.OneUiSpace: onSaveInstanceState honeyScreen=s3.Z@5e3b71f
08-13 16:19:47.090  2742  4782 I HoneySpace.Memory-Monitor: scheduleTrim
08-13 16:19:47.095  2127  2390 D HWUI    : CacheManager::trimMemory(20)
08-13 16:19:47.096 22781 22781 I bmex    : onStop
08-13 16:19:47.101  1282  1745 V WindowManager: Relayout Window{c2c214a u0 com.sec.android.app.launcher/com.sec.android.app.launcher.activities.LauncherActivity}: viewVisibility=8 req=1080x2340 ty=1 d0
08-13 16:19:47.104  1282  1745 V WindowManager: Relayout hash=c2c214a, pid=2742, syncId=-1: mAttrs={(0,0)(fillxfill) sim={adjust=nothing forwardNavigation} layoutInDisplayCutoutMode=always ty=BASE_APPLICATION fmt=TRANSPARENT wanim=0x1030301
08-13 16:19:47.104  1282  1745 V WindowManager:   fl=81910100
08-13 16:19:47.104  1282  1745 V WindowManager:   pfl=10008840
08-13 16:19:47.104  1282  1745 V WindowManager:   bhv=2
08-13 16:19:47.104  1282  1745 V WindowManager:   fitSides=0
08-13 16:19:47.104  1282  1745 V WindowManager:   frameRateBoostOnTouch=true
08-13 16:19:47.104  1282  1745 V WindowManager:   dvrrWindowFrameRateHint=true screenDimDuration=200000 naviIconColor=0}
08-13 16:19:47.106  2742  2742 I VRI[LauncherActivity]@3489192: Relayout returned: old=(0,0,1080,2340) new=(0,0,1080,2340) relayoutAsync=false req=(1080,2340)8 dur=5 res=0x2 s={false 0x0} ch=false seqId=0
08-13 16:19:47.113  6225  4501 I NetworkScheduler: (REDACTED) Error inserting %s
08-13 16:19:47.116  1282  1444 D PkgPredictorService-SecIpmManagerServiceImpl: bg information pid:2742 uid:10132 pkgName:com.sec.android.app.launcher
08-13 16:19:47.118  1111  1111 I SurfaceFlinger: [LayerHierarchy{RequestedLayerState{com.sec.android.app.launcher/com.sec.android.app.launcher.activities.LauncherActivity$_2742#233570} no children}] reparent to OffscreenRoot
08-13 16:19:47.118  1111  1111 I SurfaceFlinger: [LayerHierarchy{RequestedLayerState{com.sec.android.app.launcher/com.sec.android.app.launcher.activities.LauncherActivity$_2742#233570} no children}] RelativeParent to null
08-13 16:19:47.119  1111  1111 I SurfaceFlinger: id=233570 Removed com.sec.android.app.launcher/com.sec.android.app.launcher.activities.LauncherActivity$_2742#233570 (158)
08-13 16:19:47.126  1111  1111 I SurfaceFlinger: destroyed com.sec.android.app.launcher/com.sec.android.app.launcher.activities.LauncherActivity$_2742#233570
08-13 16:19:47.127  1111  1111 I Layer   : id=233570 Destroyed com.sec.android.app.launcher/com.sec.android.app.launcher.activities.LauncherActivity$_2742#233570
08-13 16:19:47.170  1062  5999 I HYPER-HAL: [RequestManager.cpp]releaseLocked(): Released ID : 850882
08-13 16:19:47.290  1062  5974 I HYPER-HAL: [RequestManager.cpp]releaseLocked(): Released ID : 9607551
08-13 16:19:47.310  4855  4855 I [SC_ScreenRecorder]_FloatingButtonView: 00:00:14
08-13 16:19:47.343  5596  5596 W WindowOnBackDispatcher: OnBackInvokedCallback is not enabled for the application.
08-13 16:19:47.343  5596  5596 W WindowOnBackDispatcher: Set 'android:enableOnBackInvokedCallback="true"' in the application manifest.
08-13 16:19:47.449  1066  4972 I ExynosC2H264EncComponent: [onUpdateC2Work] got SYNC FRAME
08-13 16:19:47.474  4855  4956 I [SC_ScreenRecorder]_FileSystemUtil: getAvailableBytes : 158650589184
08-13 16:19:47.474  4855  4956 I [SC_ScreenRecorder]_StorageChecker: free space check : 151300 MB
08-13 16:19:47.480  1282  6009 D SemInputDeviceManager: setProperty: (0) CMD,GRIP_DATA,1,45,7,15,702
08-13 16:19:47.481  1282  1692 D SemInputDevice:TSP: SetPropertyTask: CMD,set_grip_data,1,45,7,15,702 [08-13 16:19:47.480]
08-13 16:19:47.482  4243  5033 D MediaProvider: Open with FUSE. FilePath: /storage/emulated/0/DCIM/Screen recordings/.pending-1755695972-1755091172793.mp4. Uid: 10190. Media Capabilities Uid: 0. ShouldRedact: false. ShouldTranscode: false
08-13 16:19:47.487  1072  1072 I sysinput:Touch: writeInformation:249, OK
08-13 16:19:47.487  1282  1692 D SysinputHAL_V1_3(V1_2): runTspCmdNoRead(TSP(1)): set_grip_data,1,45,7,15,702 ret=0
08-13 16:19:47.489  4855  4956 I [SC_ScreenRecorder]_StorageChecker: file size check : 6 MB
08-13 16:19:47.504  4917  4917 I InputMethodService: removeImeSurface
08-13 16:19:47.505  4917  4917 I InputMethodService: cancelImeSurfaceRemoval: removeCallbacks
08-13 16:19:47.525  2127  2127 D InterruptionStateProvider:  no Heads up : edgelighting enabled app. 0|com.samsung.android.app.smartcapture|1332|null|10190
08-13 16:19:47.526  2742  6184 I HoneySpace.NotificationListener: onNotificationPosted com.samsung.android.app.smartcapture: 0|com.samsung.android.app.smartcapture|1332|null|10190: 0
08-13 16:19:47.526  2742  6184 I HoneySpace.BadgeDataSourceImpl: Get notification count. PK(p='com.samsung.android.app.smartcapture', u=UserHandle{0}) - forceBadgeCount: false, notification listener: 1, badge provider: 0
08-13 16:19:47.526 23813 23813 I NotifySyncService_23813_23813: onNotificationPosted Id:1332 key:0|com.samsung.android.app.smartcapture|1332|null|10190 PackageName:com.samsung.android.app.smartcapture IsOngoing:true PostTime:1755091187314 currentDeviceModel.connected: false
08-13 16:19:47.527 23813 23813 I NotifySyncService_23813_23813: onNotificationPosted Id:1332 , appName : Samsung yakalama
08-13 16:19:47.527 23813 23813 I NotifySyncService_23813_23813:  isOngoing = true isIncomingCall = false
08-13 16:19:47.528 23813 21995 I NotifyLogUtils_23813_21995: isIgnoringBatteryOptimizations true
08-13 16:19:47.529 23813 21993 I AccountManagerService_23813_21993: log: getAccounts: accountType com.xiaomi, caller's uid 10349, pid 23813
08-13 16:19:47.529 23813 21993 I SecureDatabase_23813_21993: log: query: accounts, columns=[_id,type,name], selection=null, selectionArgs=null, groupBy=null, having=null, orderBy=null, limit=null
08-13 16:19:47.529 23813 21993 I SecureDatabase_23813_21993: log: query: cursor count=1
08-13 16:19:47.530 23813 21993 I SecureDatabase_23813_21993: log: query: row=[1,com.xiaomi,6521150625]
08-13 16:19:47.530 23813 21993 I AccountManagerService_23813_21993: log: validateAccountsAndPopulateCache>>>accountId=1 accountType=com.xiaomi accountName=6521150625
08-13 16:19:47.530 23813 21993 I AccountManagerService_23813_21993: log: getAccounts: accountType com.xiaomi, caller's uid 10349, pid 23813
08-13 16:19:47.530 23813 21993 I SecureDatabase_23813_21993: log: query: accounts, columns=[_id,type,name], selection=null, selectionArgs=null, groupBy=null, having=null, orderBy=null, limit=null
08-13 16:19:47.530 23813 21993 I SecureDatabase_23813_21993: log: query: cursor count=1
08-13 16:19:47.530 23813 21993 I SecureDatabase_23813_21993: log: query: row=[1,com.xiaomi,6521150625]
08-13 16:19:47.530 23813 21993 I AccountManagerService_23813_21993: log: validateAccountsAndPopulateCache>>>accountId=1 accountType=com.xiaomi accountName=6521150625
08-13 16:19:47.534  2127  2127 D SubscreenNotificationListCoordinator: onAfterRenderList() isSubScreen = false, pluginLockMode = 0, doNotShowOnCover = false
08-13 16:19:47.534  2127  2127 I LockscreenNotificationIconsOnlyController: onNotificationInfoUpdated 0
08-13 16:19:47.535  2127  2127 I AODNotificationManager: updateNotification()
08-13 16:19:47.535 23813 30394 W FA      : Failed to retrieve Firebase Instance Id
08-13 16:19:47.550 23813 30394 W FA      : Failed to retrieve Firebase Instance Id
08-13 16:19:47.559 23813 30394 W FA      : Failed to retrieve Firebase Instance Id
08-13 16:19:47.570 23813 30394 W FA      : Failed to retrieve Firebase Instance Id
08-13 16:19:47.577 23813 30394 W FA      : Failed to retrieve Firebase Instance Id
08-13 16:19:47.580  6225  4427 I NetworkScheduler: (REDACTED) Error inserting %s
08-13 16:19:47.583 23813 30394 W FA      : Failed to retrieve Firebase Instance Id
08-13 16:19:47.583  5596  5596 I Choreographer: Skipped 30 frames!  The application may be doing too much work on its main thread.
08-13 16:19:47.590 23813 30394 W FA      : Failed to retrieve Firebase Instance Id
08-13 16:19:47.596 23813 30394 W FA      : Failed to retrieve Firebase Instance Id
08-13 16:19:47.605  1111  1747 D NativeSemDvfsManager: acquire:: timeout = 2000 mIsAcquired = 1  mTagName : SurfaceFlinger
08-13 16:19:47.605  1111  1747 E NativeCustomFrequencyManager: [NativeCFMS] BpCustomFrequencyManager::acquire()
08-13 16:19:47.606  1062  1149 I HYPER-HAL: [RequestManager.cpp]acquire(): Acquired ID : 2230216  [1111 / 1000]    HINT : SF_GPU_MINLOCK    list : [TIMEOUT / 2000]
08-13 16:19:47.614  6225  4501 I NetworkScheduler: (REDACTED) Error inserting %s
08-13 16:19:47.677  3974  4027 E d       : (Berry)(1.16)handleAudioPathTask() : can't get dual play mode - Attempt to invoke virtual method 'boolean android.bluetooth.BluetoothA2dp.semIsDualPlayMode()' on a null object reference
08-13 16:19:47.715  1282  4902 V GrammaticalInflectionUtils: AttributionSource: AttributionSource { uid = 10419, packageName = null, attributionTag = null, token = android.os.Binder@88f1d92, deviceId = 0, next = null } does not have READ_SYSTEM_GRAMMATICAL_GENDER permission.
08-13 16:19:47.718  1282  2936 I SemDvfsHyPerManager: acquire hyper - AMS_APP_SWITCH/1282@26, type = -999
08-13 16:19:47.718  1062  1149 I HYPER-HAL: [RequestManager.cpp]acquire(): Acquired ID : 856112  [1282 / 26]    HINT : AMS_APP_SWITCH    list :
08-13 16:19:47.718  1111  1730 I SurfaceFlinger: id=233593 createSurf, flag=24004, Task=2222#233593
08-13 16:19:47.721  4368  4368 I SemDvfsHyPerManager: acquire hyper - APP_START_SHORT/4368@14, type = -999
08-13 16:19:47.721  1062  1149 I HYPER-HAL: [RequestManager.cpp]acquire(): Acquired ID : 9603167  [4368 / 14]    HINT : APP_START    list : [TIMEOUT / 1500]
08-13 16:19:47.722  1111  1730 I SurfaceFlinger: id=233594 createSurf, flag=84004, ActivityRecord{8fa723 u0 com.example.cupcake.test/androidx.test.core.app.InstrumentationActivityInvoker$EmptyActivity t2222}#233594
08-13 16:19:47.724  1111  1111 I SurfaceFlinger: [Task=2222#233593] attach to parent LayerHierarchy{RequestedLayerState{DefaultTaskDisplayArea_d0#11 parentId=10} 9 children}
08-13 16:19:47.724  1111  1111 I SurfaceFlinger: [ActivityRecord{8fa723 u0 com.example.cupcake.test/androidx.test.core.app.InstrumentationActivityInvoker$EmptyActivity t2222}#233594] attach to parent LayerHierarchy{RequestedLayerState{Task=2222#233593 parentId=11} 1 children}
08-13 16:19:47.725  2127  2127 D Bubbles : onEntryUpdated : shouldBubbleUp=false ,key=0|com.samsung.android.app.smartcapture|1332|null|10190
08-13 16:19:47.727  2127  2127 D InterruptionStateProvider:  no Heads up : edgelighting enabled app. 0|com.samsung.android.app.smartcapture|1332|null|10190
08-13 16:19:47.738  1282  4902 I SemDvfsHyPerManager: acquire hyper - AMS_APP_LAUNCH/1282@21, type = -999
08-13 16:19:47.738  2127  2334 I ViewRootImpl: dVRR is disabled
08-13 16:19:47.738  1062  1149 I HYPER-HAL: [RequestManager.cpp]acquire(): Acquired ID : 849577  [1282 / 21]    HINT : AMS_APP_LAUNCH    list :
08-13 16:19:47.739  2127  2390 D NativeCustomFrequencyManager: [NativeCFMS] BpCustomFrequencyManager::BpCustomFrequencyManager()
08-13 16:19:47.738  3157  3157 E pageboostd: Received HALT command code 2
08-13 16:19:47.739  4368  4368 I SemDvfsHyPerManager: acquire hyper - APP_START/4368@16, type = -999
08-13 16:19:47.739  2127  2127 D SubscreenNotificationListCoordinator: onAfterRenderList() isSubScreen = false, pluginLockMode = 0, doNotShowOnCover = false
08-13 16:19:47.739  1062  1149 I HYPER-HAL: [RequestManager.cpp]acquire(): Acquired ID : 9611936  [4368 / 16]    HINT : APP_START    list :
08-13 16:19:47.740  2127  2127 D SecKeyguardClockPositionAlgorithm: getTopMargin scale = 1.2690217, clockContainerHeight = 389, scaleMarginY = -41
08-13 16:19:47.742  5596  5596 D LifecycleMonitor: Lifecycle status change: androidx.activity.ComponentActivity@c380e31 in: PAUSED
08-13 16:19:47.742  5596  5596 V ActivityScenario: Update currentActivityStage to PAUSED, currentActivity=androidx.activity.ComponentActivity@c380e31
08-13 16:19:47.747  1282  1745 D InputDispatcher: Focused application(0): ActivityRecord{8fa723 u0 com.example.cupcake.test/androidx.test.core.app.InstrumentationActivityInvoker$EmptyActivity t2222}
08-13 16:19:47.753  1282  1341 D GraphicsStatsService: requestRenderEngineFor(com.example.cupcake.test)
08-13 16:19:47.754  2127  2127 I LockscreenNotificationIconsOnlyController: onNotificationInfoUpdated 0
08-13 16:19:47.754  2127  2127 I AODNotificationManager: updateNotification()
08-13 16:19:47.755  1244  1244 I CameraService: onUidStateChanged: uid=10043, procState is changed. (0 -> 1)
08-13 16:19:47.755  2742  2887 I HoneySpace.TopTaskSource: onTaskMovedToFront : taskId = 2222, displayId = 0
08-13 16:19:47.764  2742  2889 I HoneySpace.TopTaskUseCase: topTaskId 2222, DisplayId : 0
08-13 16:19:47.765  2742  1823 I HoneySpace.RecentTasks: onRecentTasksChanged
08-13 16:19:47.765  2742  1821 I HoneySpace.RecentTasks: onRecentTasksChanged
08-13 16:19:47.768  2127  2816 D LocalImageResolver: Couldn't use ImageDecoder for drawable, falling back to non-resized load.
08-13 16:19:47.769  1282  4402 D InputTransport: Input channel constructed: '5489f13', fd=1025
08-13 16:19:47.769  1282  4402 D InputTransport: Input channel constructed: '5489f13', fd=1035
08-13 16:19:47.770  1282  4402 D InputTransport: Input channel constructed: '5489f13', fd=1045
08-13 16:19:47.770  2127  2816 D LocalImageResolver: Couldn't use ImageDecoder for drawable, falling back to non-resized load.
08-13 16:19:47.770  1111  1162 I SurfaceFlinger: id=233595 createSurf, flag=84004, 5489f13 Splash Screen com.example.cupcake.test#233595
08-13 16:19:47.772  2127  2127 I AppIconSolution: return adaptive icon for com.samsung.android.app.smartcapture, isNight = true
08-13 16:19:47.773  1282  4402 D InputTransport: Input channel destroyed: '5489f13', fd=1045
08-13 16:19:47.777  2127  2334 D InputTransport: Input channel constructed: '5489f13', fd=522
08-13 16:19:47.777  2127  2334 I InsetsController: onStateChanged: host=Splash Screen com.example.cupcake.test, from=android.view.ViewRootImpl.setView:1999, state=InsetsState: {mDisplayFrame=Rect(0, 0 - 1080, 2340), mDisplayCutout=DisplayCutout{insets=Rect(0, 80 - 0, 0) waterfall=Insets{left=0, top=0, right=0, bottom=0} boundingRect={Bounds=[Rect(0, 0 - 0, 0), Rect(511, 0 - 569, 80), Rect(0, 0 - 0, 0), Rect(0, 0 - 0, 0)]} cutoutPathParserInfo={CutoutPathParserInfo{displayWidth=1080 displayHeight=2340 physicalDisplayWidth=1080 physicalDisplayHeight=2340 density={2.8125} cutoutSpec={M 0,0 M 0,7.822222222222222‬‬ a 10.31111111111111‬,10.31111111111111‬ 0 1,0 0,20.62222222222222‬ a 10.31111111111111‬,10.31111111111111‬ 0 1,0 0,-20.62222222222222‬ Z @dp} rotation={0} scale={1.0} physicalPixelDisplaySizeRatio={1.0}}} sideOverrides={}}, mRoundedCorners=RoundedCorners{[RoundedCorner{position=TopLeft, radius=113, center=Point(113, 113)}, RoundedCorner{position=TopRight, radius=113, center=Point(967, 113)}, RoundedCorner{position=BottomRight, radius=113, center=Point(967, 2227)}, RoundedCorner{position=BottomLeft, radius=113, center=Point(113, 2227)}]}  mRoundedCornerFrame=Rect(0, 0 - 1080, 2340), mPrivacyIndicatorBounds=PrivacyIndicatorBounds {static bounds=Rect(956, 0 - 1080, 80) rotation=0}, mDisplayShape=DisplayShape{ spec=-311912193 displayWidth=1080 displayHeight=2340 physicalPixelDisplaySizeRatio=1.0 rotation=0 offsetX=0 offsetY=0 scale=1.0}, mSources= { InsetsSource: {b9640000 mType=statusBars mFrame=[0,0][1080,80] mVisible=true mFlags= mSideHint=TOP mBoundingRects=null}, InsetsSource: {b9640005 mType=mandatorySystemGestures mFrame=[0,0][1080,114] mVisible=true mFlags= mSideHint=TOP mBoundingRects=null}, InsetsSource: {b9640006 mType=tappableElement mFrame=[0,0][1080,80] mVisible=true mFlags= mSideHint=TOP mBoundingRects=null}, InsetsSource: {d8440001 mType=navigationBars mFrame=[0,2298][1080,2340] mVisible=true mFlags=SUPPRESS_SCRIM mSideHint=BOTTOM mBoundingRects=null}, InsetsSource: {d8440004 mType=systemGestures mFrame=[0,0][63,2340] mVisible=true mFlags= mSideHint=LEFT mBoundingRects=null}, InsetsSource: {d8440005 mType=mandatorySystemGestures mFrame=[0,2250][1080,2340] mVisible=true mFlags= mSideHint=BOTTOM mBoundingRects=null}, InsetsSource: {d8440006 mType=tappableElement mFrame=[0,0][0,0] mVisible=true mFlags= mSideHint=NONE mBoundingRects=null}, InsetsSource: {d8440024 mType=systemGestures mFrame=[1017,0][1080,2340] mVisible=true mFlags= mSideHint=RIGHT mBoundingRects=null}, InsetsSource: {3 mType=ime mFrame=[0,0][0,0] mVisible=false mFlags= mSideHint=NONE mBoundingRects=null}, InsetsSource: {27 mType=displayCutout mFrame=[0,0][1080,80] mVisible=true mFlags= mSideHint=TOP mBoundingRects=null} }
08-13 16:19:47.778  2127  2334 I VRI[test]@ef49d23: synced displayState. AttachInfo displayState=2
08-13 16:19:47.778  2127  2127 D SecKeyguardClockPositionAlgorithm: getTopMargin scale = 1.2690217, clockContainerHeight = 389, scaleMarginY = -41
08-13 16:19:47.780  2742  2887 I HoneySpace.TopTaskSource: onTaskFocusChanged(): taskId = 2222
08-13 16:19:47.780  2742  2887 I HoneySpace.TopTaskSource: onTaskMovedToFront : taskId = 2222, displayId = 0
08-13 16:19:47.782  1111  1111 I SurfaceFlinger: [LayerHierarchy{RequestedLayerState{ImeContainer#16 parentId=233582 relativeParentId=233582 z=1} 1 children}] RelativeParent to null
08-13 16:19:47.782  1111  1111 I SurfaceFlinger: [5489f13 Splash Screen com.example.cupcake.test#233595] attach to parent LayerHierarchy{RequestedLayerState{ActivityRecord{8fa723 u0 com.example.cupcake.test/androidx.test.core.app.InstrumentationActivityInvoker$EmptyActivity t2222}#233594 parentId=233593} 1 children}
08-13 16:19:47.783  1111  1111 I BpBinder: onLastStrongRef automatically unlinking death recipients:
08-13 16:19:47.783  2127  2127 I {OngoingActivityController}: onTaskFocusChanged focused:false, baseActivity:ComponentInfo{com.example.cupcake/androidx.activity.ComponentActivity}
08-13 16:19:47.784 21624 21938 I Rubin   : [92] U9.g.x(Unknown Source) : Notify com.samsung.android.rubin.inferenceengine.contextanalytics.engine.loggers.AppUsageLogger's database is updated.
08-13 16:19:47.784  2127  2127 I {OngoingActivityController}: onTaskFocusChanged focused:true, baseActivity:ComponentInfo{com.example.cupcake.test/androidx.test.core.app.InstrumentationActivityInvoker$EmptyActivity}
08-13 16:19:47.787  2742  2101 I HoneySpace.HistoryViewModel@160600677@OneUI: Illegal access. Unknown type. skip load history items
08-13 16:19:47.789  1282  1444 D PkgPredictorService-SecIpmManagerServiceImpl: onForegroundActivitiesChanged pid:5736 uid:10419
08-13 16:19:47.792  1282  2840 V PkgPredictorService-SecIpmManagerServiceImpl: discard foreground app:com.example.cupcake.test 1|true
08-13 16:19:47.794  1111  1209 D SurfaceFlinger: [input] setFocusedWindow: <null>
08-13 16:19:47.794  5736  5736 I DecorView: setWindowBackground: isPopOver=false color=ffffffff d=android.graphics.drawable.ColorDrawable@211ecd7
08-13 16:19:47.795  1282  4902 D InputDispatcher: Focus left window (0): b76cf34 com.example.cupcake/androidx.activity.ComponentActivity
08-13 16:19:47.795  1282  1967 D AS.MultiSoundManager: mForegroundUid = 10419
08-13 16:19:47.799  2742  1823 I HoneySpace.HistoryViewModel@160600677@OneUI: Illegal access. Unknown type. skip load history items
08-13 16:19:47.799  1282  1615 D InputDispatcher: Once focus requested (0): <null>
08-13 16:19:47.799  2742  2742 I HoneySpace.StackedWidgetFastRecyclerView: playHideIndicatorAnimation
08-13 16:19:47.799  2742  2742 I HoneySpace.StackedWidgetFastRecyclerView: playHideIndicatorAnimation
08-13 16:19:47.802  2127  2334 I VRI[test]@ef49d23: setView = android.widget.FrameLayout@8b1f350 IsHRR=false TM=true
08-13 16:19:47.803  2127  2390 D HWUI    : HWUI - treat SMPTE_170M as sRGB
08-13 16:19:47.803  5596  5596 I ImeFocusController: onPreWindowFocus: skipped hasWindowFocus=false mHasImeFocus=true
08-13 16:19:47.804  5596  5596 I ImeFocusController: onPostWindowFocus: skipped hasWindowFocus=false mHasImeFocus=true
08-13 16:19:47.808  5736  5736 I ViewRootImpl: dVRR is disabled
08-13 16:19:47.809  5736  5756 D NativeCustomFrequencyManager: [NativeCFMS] BpCustomFrequencyManager::BpCustomFrequencyManager()
08-13 16:19:47.812  1282  4902 D InputTransport: Input channel constructed: '41b9b0a', fd=1045
08-13 16:19:47.812  1282  4902 D InputTransport: Input channel constructed: '41b9b0a', fd=1060
08-13 16:19:47.812  1282  4902 D InputTransport: Input channel constructed: '41b9b0a', fd=1061
08-13 16:19:47.813  1111  1162 I SurfaceFlinger: id=233596 createSurf, flag=84004, 41b9b0a com.example.cupcake.test/androidx.test.core.app.InstrumentationActivityInvoker$EmptyActivity#233596
08-13 16:19:47.817  1282  4902 D InputTransport: Input channel destroyed: '41b9b0a', fd=1061
08-13 16:19:47.817  1111  1111 I SurfaceFlinger: [41b9b0a com.example.cupcake.test/androidx.test.core.app.InstrumentationActivityInvoker$EmptyActivity#233596] attach to parent LayerHierarchy{RequestedLayerState{ActivityRecord{8fa723 u0 com.example.cupcake.test/androidx.test.core.app.InstrumentationActivityInvoker$EmptyActivity t2222}#233594 parentId=233593} 2 children}
08-13 16:19:47.818  5736  5736 D InputTransport: Input channel constructed: '41b9b0a', fd=125
08-13 16:19:47.819  5736  5736 I InsetsController: onStateChanged: host=com.example.cupcake.test/androidx.test.core.app.InstrumentationActivityInvoker$EmptyActivity, from=android.view.ViewRootImpl.setView:1999, state=InsetsState: {mDisplayFrame=Rect(0, 0 - 1080, 2340), mDisplayCutout=DisplayCutout{insets=Rect(0, 80 - 0, 0) waterfall=Insets{left=0, top=0, right=0, bottom=0} boundingRect={Bounds=[Rect(0, 0 - 0, 0), Rect(511, 0 - 569, 80), Rect(0, 0 - 0, 0), Rect(0, 0 - 0, 0)]} cutoutPathParserInfo={CutoutPathParserInfo{displayWidth=1080 displayHeight=2340 physicalDisplayWidth=1080 physicalDisplayHeight=2340 density={2.8125} cutoutSpec={M 0,0 M 0,7.822222222222222‬‬ a 10.31111111111111‬,10.31111111111111‬ 0 1,0 0,20.62222222222222‬ a 10.31111111111111‬,10.31111111111111‬ 0 1,0 0,-20.62222222222222‬ Z @dp} rotation={0} scale={1.0} physicalPixelDisplaySizeRatio={1.0}}} sideOverrides={}}, mRoundedCorners=RoundedCorners{[RoundedCorner{position=TopLeft, radius=113, center=Point(113, 113)}, RoundedCorner{position=TopRight, radius=113, center=Point(967, 113)}, RoundedCorner{position=BottomRight, radius=113, center=Point(967, 2227)}, RoundedCorner{position=BottomLeft, radius=113, center=Point(113, 2227)}]}  mRoundedCornerFrame=Rect(0, 0 - 1080, 2340), mPrivacyIndicatorBounds=PrivacyIndicatorBounds {static bounds=Rect(956, 0 - 1080, 80) rotation=0}, mDisplayShape=DisplayShape{ spec=-311912193 displayWidth=1080 displayHeight=2340 physicalPixelDisplaySizeRatio=1.0 rotation=0 offsetX=0 offsetY=0 scale=1.0}, mSources= { InsetsSource: {b9640000 mType=statusBars mFrame=[0,0][1080,80] mVisible=true mFlags= mSideHint=TOP mBoundingRects=null}, InsetsSource: {b9640005 mType=mandatorySystemGestures mFrame=[0,0][1080,114] mVisible=true mFlags= mSideHint=TOP mBoundingRects=null}, InsetsSource: {b9640006 mType=tappableElement mFrame=[0,0][1080,80] mVisible=true mFlags= mSideHint=TOP mBoundingRects=null}, InsetsSource: {d8440001 mType=navigationBars mFrame=[0,2298][1080,2340] mVisible=true mFlags=SUPPRESS_SCRIM mSideHint=BOTTOM mBoundingRects=null}, InsetsSource: {d8440004 mType=systemGestures mFrame=[0,0][63,2340] mVisible=true mFlags= mSideHint=LEFT mBoundingRects=null}, InsetsSource: {d8440005 mType=mandatorySystemGestures mFrame=[0,2250][1080,2340] mVisible=true mFlags= mSideHint=BOTTOM mBoundingRects=null}, InsetsSource: {d8440006 mType=tappableElement mFrame=[0,0][0,0] mVisible=true mFlags= mSideHint=NONE mBoundingRects=null}, InsetsSource: {d8440024 mType=systemGestures mFrame=[1017,0][1080,2340] mVisible=true mFlags= mSideHint=RIGHT mBoundingRects=null}, InsetsSource: {3 mType=ime mFrame=[0,0][0,0] mVisible=false mFlags= mSideHint=NONE mBoundingRects=null}, InsetsSource: {27 mType=displayCutout mFrame=[0,0][1080,80] mVisible=true mFlags= mSideHint=TOP mBoundingRects=null} }
08-13 16:19:47.819  5736  5736 I VRI[InstrumentationActivityInvoker$EmptyActivity]@c997fe2: synced displayState. AttachInfo displayState=2
08-13 16:19:47.823  1282  3179 V WindowManager: Relayout Window{5489f13 u0 Splash Screen com.example.cupcake.test}: viewVisibility=0 req=1080x2340 ty=3 d0
08-13 16:19:47.823  1111  1223 I SurfaceFlinger: id=233597 createSurf, flag=44004, Splash Screen com.example.cupcake.test$_2127#233597
08-13 16:19:47.828  1282  3179 V WindowManager: Relayout hash=5489f13, pid=2127, syncId=-1: mAttrs={(0,0)(fillxfill) sim={adjust=pan} layoutInDisplayCutoutMode=always ty=APPLICATION_STARTING fmt=TRANSLUCENT
08-13 16:19:47.828  1282  3179 V WindowManager:   fl=81030118
08-13 16:19:47.828  1282  3179 V WindowManager:   pfl=10000810
08-13 16:19:47.828  1282  3179 V WindowManager:   apr=18
08-13 16:19:47.828  1282  3179 V WindowManager:   bhv=1
08-13 16:19:47.828  1282  3179 V WindowManager:   fitSides=0
08-13 16:19:47.828  1282  3179 V WindowManager:   frameRateBoostOnTouch=true
08-13 16:19:47.828  1282  3179 V WindowManager:   dvrrWindowFrameRateHint=true naviIconColor=0}
08-13 16:19:47.831  1111  1111 I SurfaceFlinger: [Splash Screen com.example.cupcake.test$_2127#233597] attach to parent LayerHierarchy{RequestedLayerState{5489f13 Splash Screen com.example.cupcake.test#233595 parentId=233594 z=2147483647} 1 children}
08-13 16:19:47.832  2127  2334 I BLASTBufferQueue_Java: new BLASTBufferQueue, mName= VRI[test]@ef49d23 mNativeObject= 0xb4000075190c7ad0 sc.mNativeObject= 0xb400007619144b90 caller= android.view.ViewRootImpl.updateBlastSurfaceIfNeeded:3397 android.view.ViewRootImpl.relayoutWindow:11361 android.view.ViewRootImpl.performTraversals:4544 android.view.ViewRootImpl.doTraversal:3708 android.view.ViewRootImpl$TraversalRunnable.run:12542 android.view.Choreographer$CallbackRecord.run:1751 android.view.Choreographer$CallbackRecord.run:1760 android.view.Choreographer.doCallbacks:1216 android.view.Choreographer.doFrame:1142 android.view.Choreographer$FrameDisplayEventReceiver.run:1707
08-13 16:19:47.836  2127  2334 I BLASTBufferQueue_Java: update, w= 1080 h= 2340 mName = VRI[test]@ef49d23 mNativeObject= 0xb4000075190c7ad0 sc.mNativeObject= 0xb400007619144b90 format= -3 caller= android.graphics.BLASTBufferQueue.<init>:88 android.view.ViewRootImpl.updateBlastSurfaceIfNeeded:3397 android.view.ViewRootImpl.relayoutWindow:11361 android.view.ViewRootImpl.performTraversals:4544 android.view.ViewRootImpl.doTraversal:3708 android.view.ViewRootImpl$TraversalRunnable.run:12542
08-13 16:19:47.836  2127  2334 I VRI[test]@ef49d23: Relayout returned: old=(0,0,1080,2340) new=(0,0,1080,2340) relayoutAsync=false req=(1080,2340)0 dur=22 res=0x3 s={true 0xb4000075e9523be0} ch=true seqId=0
08-13 16:19:47.837  2127  2334 I VRI[test]@ef49d23: performConfigurationChange setNightDimText nightDimLevel=0
08-13 16:19:47.838  1282  1444 D NetworkPolicy: already checked 10419
08-13 16:19:47.839  2127  2334 D VRI[test]@ef49d23: mThreadedRenderer.initialize() mSurface={isValid=true 0xb4000075e9523be0} hwInitialized=true
08-13 16:19:47.840  2127  2334 D VRI[test]@ef49d23: reportNextDraw android.view.ViewRootImpl.performTraversals:5193 android.view.ViewRootImpl.doTraversal:3708 android.view.ViewRootImpl$TraversalRunnable.run:12542 android.view.Choreographer$CallbackRecord.run:1751 android.view.Choreographer$CallbackRecord.run:1760
08-13 16:19:47.840  2127  2334 D VRI[test]@ef49d23: Setup new sync=wmsSync-VRI[test]@ef49d23#82
08-13 16:19:47.840  2127  2334 I VRI[test]@ef49d23: Creating new active sync group VRI[test]@ef49d23#83
08-13 16:19:47.843  2127  2127 I {OngoingActivityDataHelper}: setBaseActivityComponentName:ComponentInfo{com.example.cupcake.test/androidx.test.core.app.InstrumentationActivityInvoker$EmptyActivity}
08-13 16:19:47.845  2127  2127 D S.S.N.  : entryViewBound parent :0|com.samsung.android.app.smartcapture|1332|null|10190
08-13 16:19:47.845  2127  2334 D VRI[test]@ef49d23: registerCallbacksForSync syncBuffer=false
08-13 16:19:47.847  2127  2938 D VRI[test]@ef49d23: Received frameDrawingCallback syncResult=0 frameNum=1.
08-13 16:19:47.847  2127  2127 I AppIconSolution: return adaptive icon for com.samsung.android.app.smartcapture, isNight = true
08-13 16:19:47.847  2127  2938 I VRI[test]@ef49d23: mWNT: t=0xb4000076090ccb90 mBlastBufferQueue=0xb4000075190c7ad0 fn= 1 HdrRenderState mRenderHdrSdrRatio=1.0 caller= android.view.ViewRootImpl$11.onFrameDraw:15016 android.view.ThreadedRenderer$1.onFrameDraw:761 <bottom of call stack>
08-13 16:19:47.847  2127  2938 I VRI[test]@ef49d23: Setting up sync and frameCommitCallback
08-13 16:19:47.849  2127  2390 I BLASTBufferQueue: [VRI[test]@ef49d23#13521](f:0,a:0,s:0) onFrameAvailable the first frame is available
08-13 16:19:47.849  5736  5736 I VRI[InstrumentationActivityInvoker$EmptyActivity]@c997fe2: setView = com.android.internal.policy.DecorView@acf8aa9 IsHRR=false TM=true
08-13 16:19:47.849  2127  2390 I VRI[test]@ef49d23: Received frameCommittedCallback lastAttemptedDrawFrameNum=1 didProduceBuffer=true
08-13 16:19:47.849  1111  1162 I SurfaceFlinger: [Splash Screen com.example.cupcake.test$_2127#233597] setTransactionState with the first frame. bufferData(ID: 9135395538152, frameNumber: 1)
