08-13 16:19:53.052  2127  2390 I VRI[test]@8f10f70: Received frameCommittedCallback lastAttemptedDrawFrameNum=1 didProduceBuffer=true
08-13 16:19:53.053  1111  1163 I SurfaceFlinger: [Splash Screen com.example.cupcake.test$_2127#233709] setTransactionState with the first frame. bufferData(ID: 9135395538205, frameNumber: 1)
08-13 16:19:53.054  2127  2390 D HWUI    : CFMS:: SetUp Pid : 2127    Tid : 2390
08-13 16:19:53.055  2127  2334 D VRI[test]@8f10f70: reportDrawFinished seqId=0
08-13 16:19:53.063  5736  5736 I VRI[InstrumentationActivityInvoker$EmptyActivity]@ebadaf0: setView = com.android.internal.policy.DecorView@119338f IsHRR=false TM=true
08-13 16:19:53.064  5736  5756 D HWUI    : HWUI - treat SMPTE_170M as sRGB
08-13 16:19:53.068  2742  2887 I HoneySpace.TopTaskSource: onTaskFocusChanged(): taskId = 2228
08-13 16:19:53.068  2742  2887 I HoneySpace.TopTaskSource: onTaskMovedToFront : taskId = 2228, displayId = 0
08-13 16:19:53.069  1282  4902 V WindowManager: Relayout Window{3bf1bd u0 com.example.cupcake.test/androidx.test.core.app.InstrumentationActivityInvoker$EmptyActivity}: viewVisibility=0 req=1080x2340 ty=1 d0
08-13 16:19:53.070  1111  1163 I SurfaceFlinger: id=233711 createSurf, flag=44004, com.example.cupcake.test/androidx.test.core.app.InstrumentationActivityInvoker$EmptyActivity$_5736#233711
08-13 16:19:53.072  1111  1111 I SurfaceFlinger: [com.example.cupcake.test/androidx.test.core.app.InstrumentationActivityInvoker$EmptyActivity$_5736#233711] attach to parent LayerHierarchy{RequestedLayerState{3bf1bd com.example.cupcake.test/androidx.test.core.app.InstrumentationActivityInvoker$EmptyActivity#233710 parentId=233707} 1 children}
08-13 16:19:53.073  1111  1223 I SurfaceFlinger: id=233712 createSurf, flag=84004, Transition Root: Task=2228#233712
08-13 16:19:53.075 21624 21938 I Rubin   : [92] com.samsung.android.rubin.inferenceengine.contextanalytics.engine.monitors.moment.exercise.ExercisingWithCmhMonitor.isSatisfiedByCmh(Unknown Source) : isSatisfiedByCmh is false
08-13 16:19:53.076  1282  4902 I SurfaceControlRegistry: show, t=StartTransaction_SyncId<20537> sc=ActivityRecord{bf9ce7f u0 com.example.cupcake.test/androidx.test.core.app.InstrumentationActivityInvoker$EmptyActivity t2228}, caller=android.view.SurfaceControl$Transaction.show:3232 com.android.server.wm.Transition.onTransactionReady:2273 com.android.server.wm.BLASTSyncEngine$SyncGroup.finishNow:195 com.android.server.wm.BLASTSyncEngine.onSurfacePlacement:269 com.android.server.wm.RootWindowContainer.performSurfacePlacementNoTrace:459 com.android.server.wm.RootWindowContainer.performSurfacePlacement:9
08-13 16:19:53.081  2127  2127 E {OngoingActivityController}: getTaskInfo find task 2227 fail. taskInfoList.size:3
08-13 16:19:53.081  2127  2127 I {OngoingActivityController}: onTaskFocusChanged focused:false, baseActivity:null
08-13 16:19:53.082  1282  4902 D ScreenCapture: [Capture_TEST] : setIsScreenShotBySystem false
08-13 16:19:53.084  1111  1111 I SurfaceFlinger: [Transition Root: Task=2228#233712] attach to parent LayerHierarchy{RequestedLayerState{DefaultTaskDisplayArea_d0#11 parentId=10} 10 children}
08-13 16:19:53.086  2127  2303 I SurfaceControlRegistry: hide, t=FinishTransaction_SyncId<20537> sc=Task=2227, caller=android.view.SurfaceControl$Transaction.hide:3258 com.android.wm.shell.transition.Transitions.dispatchReady:929 com.android.wm.shell.transition.Transitions.onTransitionReady:244 com.android.wm.shell.transition.Transitions$TransitionPlayerImpl$$ExternalSyntheticLambda0.run:13 android.os.Handler.handleCallback:959 android.os.Handler.dispatchMessage:100
08-13 16:19:53.086  2127  2303 I SurfaceControlRegistry: show, t=StartTransaction_SyncId<20537> sc=Task=2228, caller=android.view.SurfaceControl$Transaction.show:3232 com.android.wm.shell.transition.Transitions.dispatchReady:934 com.android.wm.shell.transition.Transitions.onTransitionReady:244 com.android.wm.shell.transition.Transitions$TransitionPlayerImpl$$ExternalSyntheticLambda0.run:13 android.os.Handler.handleCallback:959 android.os.Handler.dispatchMessage:100
08-13 16:19:53.086  2127  2303 I SurfaceControlRegistry: show, t=FinishTransaction_SyncId<20537> sc=Task=2228, caller=android.view.SurfaceControl$Transaction.show:3232 com.android.wm.shell.transition.Transitions.dispatchReady:988 com.android.wm.shell.transition.Transitions.onTransitionReady:244 com.android.wm.shell.transition.Transitions$TransitionPlayerImpl$$ExternalSyntheticLambda0.run:13 android.os.Handler.handleCallback:959 android.os.Handler.dispatchMessage:100
08-13 16:19:53.086  2127  2303 I SurfaceControlRegistry: show, t=StartTransaction_SyncId<20537> sc=Transition Root: Task=2228, caller=android.view.SurfaceControl$Transaction.show:3232 com.android.wm.shell.transition.Transitions.playTransition:81 com.android.wm.shell.transition.Transitions.processReadyQueue:250 com.android.wm.shell.transition.Transitions.dispatchReady:1007 com.android.wm.shell.transition.Transitions.onTransitionReady:244 com.android.wm.shell.transition.Transitions$TransitionPlayerImpl$$ExternalSyntheticLambda0.run:13
08-13 16:19:53.088  1111  1163 I SurfaceFlinger: id=233713 createSurf, flag=44404, Right Edge Extension#233713
08-13 16:19:53.094  1066  4972 I ExynosC2H264EncComponent: [onUpdateC2Work] got SYNC FRAME
08-13 16:19:53.094  1111  1111 I SurfaceFlinger: [StatusBar$_2127#106] setDefaultFrameRateCompatibility: NoVote
08-13 16:19:53.095  1111  1111 I SurfaceFlinger: [Right Edge Extension#233713] attach to parent LayerHierarchy{RequestedLayerState{Task=2227#233693 parentId=11 z=3} 2 children}
08-13 16:19:53.104  1111  1223 I SurfaceFlinger: id=233714 createSurf, flag=24000, Surface(name=8a94d40 NavigationBar0)/@0x65d636d - animation-leash of insets_animation#233714
08-13 16:19:53.106  1111  1111 I SurfaceFlinger: [StatusBar$_2127#106] setDefaultFrameRateCompatibility: NoVote
08-13 16:19:53.106  1111  1223 I SurfaceFlinger: id=233715 createSurf, flag=24000, Surface(name=e0324bb StatusBar)/@0x8487ff0 - animation-leash of insets_animation#233715
08-13 16:19:53.106  1111  1111 I SurfaceFlinger: [Surface(name=8a94d40 NavigationBar0)/@0x65d636d - animation-leash of insets_animation#233714] attach to parent LayerHierarchy{RequestedLayerState{WindowToken{4aa5472 type=2019 android.os.BinderProxy@bd187d4}#87 parentId=31} 2 children}
08-13 16:19:53.106  1111  1111 I SurfaceFlinger: [Surface(name=e0324bb StatusBar)/@0x8487ff0 - animation-leash of insets_animation#233715] attach to parent LayerHierarchy{RequestedLayerState{WindowToken{b8fcd4a type=2000 android.os.BinderProxy@ecaaeec}#94 parentId=19} 2 children}
08-13 16:19:53.111  1111  1223 I SurfaceFlinger: id=233716 createSurf, flag=24000, Surface(name=8a94d40 NavigationBar0)/@0x65d636d - animation-leash of insets_animation#233716
08-13 16:19:53.111  1111  1162 I SurfaceFlinger: id=233717 createSurf, flag=4400, [BBQ] Right Edge Extension#233713#233717
08-13 16:19:53.114  1111  1111 I SurfaceFlinger: [Surface(name=8a94d40 NavigationBar0)/@0x65d636d - animation-leash of insets_animation#233716] attach to parent LayerHierarchy{RequestedLayerState{WindowToken{4aa5472 type=2019 android.os.BinderProxy@bd187d4}#87 parentId=31} 3 children}
08-13 16:19:53.114  1111  1111 I SurfaceFlinger: [[BBQ] Right Edge Extension#233713#233717] attach to parent LayerHierarchy{RequestedLayerState{Right Edge Extension#233713 parentId=233693} 1 children}
08-13 16:19:53.115  1111  1162 I SurfaceFlinger: id=233718 createSurf, flag=24000, Surface(name=e0324bb StatusBar)/@0x8487ff0 - animation-leash of insets_animation#233718
08-13 16:19:53.116  2127  2390 D NativeCustomFrequencyManager: [NativeCFMS] BpCustomFrequencyManager::BpCustomFrequencyManager()
08-13 16:19:53.118  1282  4902 I SystemKeyManager: requested systemKeyInfo size=2 focusedWindow=com.example.cupcake.test/androidx.test.core.app.InstrumentationActivityInvoker$EmptyActivity
08-13 16:19:53.119  1282  4902 V WindowManager: Relayout hash=3bf1bd, pid=5736, syncId=-1: mAttrs={(0,0)(fillxfill) sim={adjust=pan forwardNavigation} layoutInDisplayCutoutMode=always ty=BASE_APPLICATION
08-13 16:19:53.119  1282  4902 V WindowManager:   fl=81810100
08-13 16:19:53.119  1282  4902 V WindowManager:   pfl=100088c0
08-13 16:19:53.119  1282  4902 V WindowManager:   bhv=1
08-13 16:19:53.119  1282  4902 V WindowManager:   fitSides=0
08-13 16:19:53.119  1282  4902 V WindowManager:   frameRateBoostOnTouch=true
08-13 16:19:53.119  1282  4902 V WindowManager:   dvrrWindowFrameRateHint=true naviIconColor=0}
08-13 16:19:53.122  1111  1111 I SurfaceFlinger: [Surface(name=e0324bb StatusBar)/@0x8487ff0 - animation-leash of insets_animation#233718] attach to parent LayerHierarchy{RequestedLayerState{WindowToken{b8fcd4a type=2000 android.os.BinderProxy@ecaaeec}#94 parentId=19} 3 children}
08-13 16:19:53.122  2127  2390 I BLASTBufferQueue: [[BBQ]Right Edge Extension#233713#13530](f:0,a:0,s:0) onFrameAvailable the first frame is available
08-13 16:19:53.123  5736  5736 I BLASTBufferQueue_Java: new BLASTBufferQueue, mName= VRI[InstrumentationActivityInvoker$EmptyActivity]@ebadaf0 mNativeObject= 0xb4000075190b5830 sc.mNativeObject= 0xb4000076190b4f50 caller= android.view.ViewRootImpl.updateBlastSurfaceIfNeeded:3397 android.view.ViewRootImpl.relayoutWindow:11361 android.view.ViewRootImpl.performTraversals:4544 android.view.ViewRootImpl.doTraversal:3708 android.view.ViewRootImpl$TraversalRunnable.run:12542 android.view.Choreographer$CallbackRecord.run:1751 android.view.Choreographer$CallbackRecord.run:1760 android.view.Choreographer.doCallbacks:1216 android.view.Choreographer.doFrame:1142 android.view.Choreographer$FrameDisplayEventReceiver.run:1707
08-13 16:19:53.123  5736  5736 I BLASTBufferQueue_Java: update, w= 1080 h= 2340 mName = VRI[InstrumentationActivityInvoker$EmptyActivity]@ebadaf0 mNativeObject= 0xb4000075190b5830 sc.mNativeObject= 0xb4000076190b4f50 format= -1 caller= android.graphics.BLASTBufferQueue.<init>:88 android.view.ViewRootImpl.updateBlastSurfaceIfNeeded:3397 android.view.ViewRootImpl.relayoutWindow:11361 android.view.ViewRootImpl.performTraversals:4544 android.view.ViewRootImpl.doTraversal:3708 android.view.ViewRootImpl$TraversalRunnable.run:12542
08-13 16:19:53.123  5736  5736 I VRI[InstrumentationActivityInvoker$EmptyActivity]@ebadaf0: Relayout returned: old=(0,0,1080,2340) new=(0,0,1080,2340) relayoutAsync=false req=(1080,2340)0 dur=54 res=0x3 s={true 0xb4000075e911b390} ch=true seqId=0
08-13 16:19:53.124  1111  1163 I SurfaceFlinger: [[BBQ] Right Edge Extension#233713#233717] setTransactionState with the first frame. bufferData(ID: 9135395538210, frameNumber: 1)
08-13 16:19:53.124  5736  5736 I VRI[InstrumentationActivityInvoker$EmptyActivity]@ebadaf0: performConfigurationChange setNightDimText nightDimLevel=0
08-13 16:19:53.124  2127  2390 D HWUI    : CFMS:: SetUp Pid : 2127    Tid : 2390
08-13 16:19:53.124  5736  5736 D VRI[InstrumentationActivityInvoker$EmptyActivity]@ebadaf0: mThreadedRenderer.initialize() mSurface={isValid=true 0xb4000075e911b390} hwInitialized=true
08-13 16:19:53.125  2127  2127 I {OngoingActivityController}: onTaskFocusChanged focused:true, baseActivity:ComponentInfo{com.example.cupcake.test/androidx.test.core.app.InstrumentationActivityInvoker$EmptyActivity}
08-13 16:19:53.125  5736  5736 D VRI[InstrumentationActivityInvoker$EmptyActivity]@ebadaf0: reportNextDraw android.view.ViewRootImpl.performTraversals:5193 android.view.ViewRootImpl.doTraversal:3708 android.view.ViewRootImpl$TraversalRunnable.run:12542 android.view.Choreographer$CallbackRecord.run:1751 android.view.Choreographer$CallbackRecord.run:1760
08-13 16:19:53.125  5736  5736 D VRI[InstrumentationActivityInvoker$EmptyActivity]@ebadaf0: Setup new sync=wmsSync-VRI[InstrumentationActivityInvoker$EmptyActivity]@ebadaf0#10
08-13 16:19:53.125  5736  5736 I VRI[InstrumentationActivityInvoker$EmptyActivity]@ebadaf0: Creating new active sync group VRI[InstrumentationActivityInvoker$EmptyActivity]@ebadaf0#11
08-13 16:19:53.125  5736  5736 D VRI[InstrumentationActivityInvoker$EmptyActivity]@ebadaf0: registerCallbacksForSync syncBuffer=false
08-13 16:19:53.126  1111  1163 I SurfaceFlinger: id=233719 createSurf, flag=84000, 9b58dd9 ActivityRecordInputSink com.example.cupcake.test/androidx.test.core.app.InstrumentationActivityInvoker$EmptyActivity#233719
08-13 16:19:53.126  5736  5771 D VRI[InstrumentationActivityInvoker$EmptyActivity]@ebadaf0: Received frameDrawingCallback syncResult=0 frameNum=1.
08-13 16:19:53.126  5736  5771 I VRI[InstrumentationActivityInvoker$EmptyActivity]@ebadaf0: mWNT: t=0xb4000076090dd210 mBlastBufferQueue=0xb4000075190b5830 fn= 1 HdrRenderState mRenderHdrSdrRatio=1.0 caller= android.view.ViewRootImpl$11.onFrameDraw:15016 android.view.ThreadedRenderer$1.onFrameDraw:761 <bottom of call stack>
08-13 16:19:53.126  2127  2303 I SurfaceControlRegistry: show, t=StartTransaction_SyncId<20537> sc=Right Edge Extension, caller=android.view.SurfaceControl$Transaction.show:3232 android.view.SurfaceControl$Transaction.setVisibility:3198 com.android.wm.shell.transition.TransitionAnimationHelper.createExtensionSurface:247 com.android.wm.shell.transition.TransitionAnimationHelper.edgeExtendWindow:193 com.android.wm.shell.transition.DefaultTransitionHandler.startAnimation:1877 com.android.wm.shell.transition.Transitions.dispatchTransition:93
08-13 16:19:53.126  5736  5771 I VRI[InstrumentationActivityInvoker$EmptyActivity]@ebadaf0: Setting up sync and frameCommitCallback
08-13 16:19:53.127  1111  1223 I SurfaceFlinger: id=233720 createSurf, flag=20004, DimTransitionLayer for Surface(name=Task=2228)/@0x88654d2#233720
08-13 16:19:53.128  1111  1111 I SurfaceFlinger: [9b58dd9 ActivityRecordInputSink com.example.cupcake.test/androidx.test.core.app.InstrumentationActivityInvoker$EmptyActivity#233719] attach to parent LayerHierarchy{RequestedLayerState{ActivityRecord{bf9ce7f u0 com.example.cupcake.test/androidx.test.core.app.InstrumentationActivityInvoker$EmptyActivity t2228}#233707 parentId=233706} 3 children}
08-13 16:19:53.128  1111  1111 I SurfaceFlinger: [DimTransitionLayer for Surface(name=Task=2228)/@0x88654d2#233720] attach to parent LayerHierarchy{RequestedLayerState{Transition Root: Task=2228#233712 parentId=11} 1 children}
08-13 16:19:53.131  2127  2303 I SurfaceControlRegistry: show, t=StartTransaction_SyncId<20537> sc=DimTransitionLayer for Surface(name=Task=2228)/@0x88654d2, caller=android.view.SurfaceControl$Transaction.show:3232 com.android.wm.shell.transition.DefaultTransitionHandler.startAnimation:2540 com.android.wm.shell.transition.Transitions.dispatchTransition:93 com.android.wm.shell.transition.Transitions.playTransition:700 com.android.wm.shell.transition.Transitions.processReadyQueue:250 com.android.wm.shell.transition.Transitions.dispatchReady:1007
08-13 16:19:53.132  5736  5756 I BLASTBufferQueue: [VRI[InstrumentationActivityInvoker$EmptyActivity]@ebadaf0#5](f:0,a:0,s:0) onFrameAvailable the first frame is available
08-13 16:19:53.133  5736  5756 I VRI[InstrumentationActivityInvoker$EmptyActivity]@ebadaf0: Received frameCommittedCallback lastAttemptedDrawFrameNum=1 didProduceBuffer=true
08-13 16:19:53.133  1111  1163 I SurfaceFlinger: [com.example.cupcake.test/androidx.test.core.app.InstrumentationActivityInvoker$EmptyActivity$_5736#233711] setTransactionState with the first frame. bufferData(ID: 24635932409876, frameNumber: 1)
08-13 16:19:53.133  2127  2303 I SurfaceControlRegistry: apply, t=StartTransaction_SyncId<20537>, caller=android.view.SurfaceControl$Transaction.apply:3135 android.view.SurfaceControl$Transaction.apply:3122 android.view.SurfaceControl$Transaction.apply:3078 com.android.wm.shell.transition.DefaultTransitionHandler.startAnimation:2823 com.android.wm.shell.transition.Transitions.dispatchTransition:93 com.android.wm.shell.transition.Transitions.playTransition:700
08-13 16:19:53.134  5736  5756 D HWUI    : CFMS:: SetUp Pid : 5736    Tid : 5756
08-13 16:19:53.135  5736  5736 D VRI[InstrumentationActivityInvoker$EmptyActivity]@ebadaf0: reportDrawFinished seqId=0
08-13 16:19:53.141  1111  1111 I SurfaceFlinger: Layer [DimTransitionLayer for Surface(name=Task=2228)/@0x88654d2#233720] hidden!! flag(0)
08-13 16:19:53.141  1111  1111 E SurfaceFlinger: alpha changed 1.000 -> 0.000 - DimTransitionLayer for Surface(name=Task=2228)/@0x88654d2#233720
08-13 16:19:53.141  1111  1111 I SurfaceFlinger: Layer [Right Edge Extension#233713] hidden!! flag(0)
08-13 16:19:53.141  1111  1111 I SurfaceFlinger: Layer [Transition Root: Task=2228#233712] hidden!! flag(0)
08-13 16:19:53.141  1111  1111 I SurfaceFlinger: Layer [3bf1bd com.example.cupcake.test/andr[...]ActivityInvoker$EmptyActivity#233710] hidden!! flag(0)
08-13 16:19:53.141  1111  1111 I SurfaceFlinger: Layer [Splash Screen com.example.cupcake.test$_2127#233709] hidden!! flag(0)
08-13 16:19:53.141  1111  1111 I SurfaceFlinger: Layer [ActivityRecord{bf9ce7f u0 com.exampl[...]yInvoker$EmptyActivity t2228}#233707] hidden!! flag(0)
08-13 16:19:53.141  1111  1111 I SurfaceFlinger: Layer [Task=2228#233706] hidden!! flag(0)
08-13 16:19:53.141  1111  1111 E SurfaceFlinger: alpha changed 1.000 -> 0.000 - Task=2228#233706
08-13 16:19:53.141  1111  1111 I SurfaceFlinger: Layer [7d50e77 Splash Screen com.example.cupcake.test#233708] hidden!! flag(0)
08-13 16:19:53.141  1111  1111 E SurfaceFlinger: alpha changed 0.000 -> 1.000 - Task=2228#233706
08-13 16:19:53.141  1111  1111 E SurfaceFlinger: alpha changed 0.000 -> 0.000 - DimTransitionLayer for Surface(name=Task=2228)/@0x88654d2#233720
08-13 16:19:53.142  1111  1111 I SurfaceFlinger: [LayerHierarchy{RequestedLayerState{8a94d40 NavigationBar0#88 parentId=233716} 1 children}] reparent to LayerHierarchy{RequestedLayerState{Surface(name=8a94d40 NavigationBar0)/@0x65d636d - animation-leash of insets_animation#233716 parentId=87} 1 children}
08-13 16:19:53.142  1111  1111 I SurfaceFlinger: [LayerHierarchy{RequestedLayerState{e0324bb StatusBar#95 parentId=233718} 1 children}] reparent to LayerHierarchy{RequestedLayerState{Surface(name=e0324bb StatusBar)/@0x8487ff0 - animation-leash of insets_animation#233718 parentId=94} 1 children}
08-13 16:19:53.142  1111  1111 I SurfaceFlinger: [LayerHierarchy{RequestedLayerState{Task=2227#233693 parentId=233712 z=2} 2 children}] reparent to LayerHierarchy{RequestedLayerState{Transition Root: Task=2228#233712 parentId=11 z=4} 2 children}
08-13 16:19:53.142  1111  1111 I SurfaceFlinger: [LayerHierarchy{RequestedLayerState{Surface(name=8a94d40 NavigationBar0)/@0x65d636d - animation-leash of insets_animation#233699} no children}] reparent to OffscreenRoot
08-13 16:19:53.142  1111  1111 I SurfaceFlinger: [LayerHierarchy{RequestedLayerState{Surface(name=8a94d40 NavigationBar0)/@0x65d636d - animation-leash of insets_animation#233699} no children}] RelativeParent to null
08-13 16:19:53.142  1111  1111 I SurfaceFlinger: [LayerHierarchy{RequestedLayerState{Surface(name=e0324bb StatusBar)/@0x8487ff0 - animation-leash of insets_animation#233700} no children}] reparent to OffscreenRoot
08-13 16:19:53.142  1111  1111 I SurfaceFlinger: [LayerHierarchy{RequestedLayerState{Surface(name=e0324bb StatusBar)/@0x8487ff0 - animation-leash of insets_animation#233700} no children}] RelativeParent to null
08-13 16:19:53.142  1111  1111 I SurfaceFlinger: [LayerHierarchy{RequestedLayerState{Task=2228#233706 parentId=233712 z=5} 1 children}] reparent to LayerHierarchy{RequestedLayerState{Transition Root: Task=2228#233712 parentId=11 z=4} 3 children}
08-13 16:19:53.142  1111  1111 I SurfaceFlinger: [LayerHierarchy{RequestedLayerState{Surface(name=8a94d40 NavigationBar0)/@0x65d636d - animation-leash of insets_animation#233714} no children}] reparent to OffscreenRoot
08-13 16:19:53.142  1111  1111 I SurfaceFlinger: [LayerHierarchy{RequestedLayerState{Surface(name=8a94d40 NavigationBar0)/@0x65d636d - animation-leash of insets_animation#233714} no children}] RelativeParent to null
08-13 16:19:53.142  1111  1111 I SurfaceFlinger: [LayerHierarchy{RequestedLayerState{Surface(name=e0324bb StatusBar)/@0x8487ff0 - animation-leash of insets_animation#233715} no children}] reparent to OffscreenRoot
08-13 16:19:53.142  1111  1111 I SurfaceFlinger: [LayerHierarchy{RequestedLayerState{Surface(name=e0324bb StatusBar)/@0x8487ff0 - animation-leash of insets_animation#233715} no children}] RelativeParent to null
08-13 16:19:53.142  1111  1111 I SurfaceFlinger: [LayerHierarchy{RequestedLayerState{DimTransitionLayer for Surface(name=Task=2228)/@0x88654d2#233720 parentId=233712 relativeParentId=233706 z=-1} no children}] RelativeParent to LayerHierarchy{RequestedLayerState{Task=2228#233706 parentId=233712 z=5} 2 children}
08-13 16:19:53.143  1111  1111 I SurfaceFlinger: id=233715 Removed Surface(name=e0324bb StatusBar)/@0x8487ff0 - animation-leash of insets_animation#233715 (186)
08-13 16:19:53.143  1111  1111 I SurfaceFlinger: id=233700 Removed Surface(name=e0324bb StatusBar)/@0x8487ff0 - animation-leash of insets_animation#233700 (186)
08-13 16:19:53.143  1111  1111 I SurfaceFlinger: id=233714 Removed Surface(name=8a94d40 NavigationBar0)/@0x65d636d - animation-leash of insets_animation#233714 (186)
08-13 16:19:53.143  1111  1111 I SurfaceFlinger: id=233699 Removed Surface(name=8a94d40 NavigationBar0)/@0x65d636d - animation-leash of insets_animation#233699 (186)
08-13 16:19:53.147  1282  4402 I SemDvfsHyPerManager: acquire hyper - AMS_RESUME_TAIL/1282@22, type = -999
08-13 16:19:53.147  1282  4402 I SemDvfsHyPerManager: acquire hyper - AMS_ACT_LAZY/1282@23, type = -999
08-13 16:19:53.147  1062  1149 I HYPER-HAL: [RequestManager.cpp]acquire(): Acquired ID : 850882  [1282 / 22]    HINT : AMS_RESUME_TAIL    list :
08-13 16:19:53.148  2127  2127 E {OngoingActivityController}: getTaskInfo find task 2228 fail. taskInfoList.size:2
08-13 16:19:53.150  1062  1149 I HYPER-HAL: [RequestManager.cpp]releaseLocked(): Released ID : 856112
08-13 16:19:53.150  1111  1209 D SurfaceFlinger: [input] setFocusedWindow: 3bf1bd com.example.cupcake.test/androidx.test.core.app.InstrumentationActivityInvoker$EmptyActivity
08-13 16:19:53.151  1282  4902 D InputDispatcher: Once focus requested (0): 3bf1bd com.example.cupcake.test/androidx.test.core.app.InstrumentationActivityInvoker$EmptyActivity
08-13 16:19:53.151  1282  4902 D InputDispatcher: Focus request (0): 3bf1bd com.example.cupcake.test/androidx.test.core.app.InstrumentationActivityInvoker$EmptyActivity but waiting because NO_WINDOW
08-13 16:19:53.151  1111  1111 I SurfaceFlinger: destroyed Surface(name=8a94d40 NavigationBar0)/@0x65d636d - animation-leash of insets_animation#233699
08-13 16:19:53.151  1111  1111 I SurfaceFlinger: destroyed Surface(name=e0324bb StatusBar)/@0x8487ff0 - animation-leash of insets_animation#233700
08-13 16:19:53.151  1111  1111 I SurfaceFlinger: destroyed Surface(name=8a94d40 NavigationBar0)/@0x65d636d - animation-leash of insets_animation#233714
08-13 16:19:53.151  1111  1111 I SurfaceFlinger: destroyed Surface(name=e0324bb StatusBar)/@0x8487ff0 - animation-leash of insets_animation#233715
08-13 16:19:53.151  2127  2127 D SamsungLightBarControlHelper: updateStatusBar (BLACK icon) numStacks:1, StatusBarMode:MODE_TRANSPARENT, lightBarBounds:[Rect(0, 0 - 1080, 2340)], StatusBarState:SHADE, packageName:, isWhiteKeyguardStatusBar:false
08-13 16:19:53.152  2127  2127 D SamsungLightBarControlHelper: onStatusBarAppearanceChanged() -  sbModeChanged:false, statusBarMode:0, barState:MODE_TRANSPARENT, isKeyguardShowing:false, navbarColorManagedByIme:false, (AppearanceRegion{LIGHT_STATUS_BARS bounds=[0,0][1080,2340]}, )
08-13 16:19:53.152  2127  2127 D NavigationBar: onSystemBarAttributesChanged() -  displayId:0, appearance:24, packageName: com.example.cupcake.test (APPEARANCE_LIGHT_STATUS_BARS APPEARANCE_LIGHT_NAVIGATION_BARS ), navbarColorManagedByIme:false
08-13 16:19:53.152  1111  1111 I Layer   : id=233714 Destroyed Surface(name=8a94d40 NavigationBar0)/@0x65d636d - animation-leash of insets_animation#233714
08-13 16:19:53.152  1111  1111 I Layer   : id=233700 Destroyed Surface(name=e0324bb StatusBar)/@0x8487ff0 - animation-leash of insets_animation#233700
08-13 16:19:53.153  1111  1111 I Layer   : id=233699 Destroyed Surface(name=8a94d40 NavigationBar0)/@0x65d636d - animation-leash of insets_animation#233699
08-13 16:19:53.153  1111  1111 I Layer   : id=233715 Destroyed Surface(name=e0324bb StatusBar)/@0x8487ff0 - animation-leash of insets_animation#233715
08-13 16:19:53.153  2127  2127 D NavigationBar: onSystemBarAttributesChanged() -  displayId:0, appearance:16, packageName: com.example.cupcake.test (APPEARANCE_LIGHT_NAVIGATION_BARS ), navbarColorManagedByIme:false
08-13 16:19:53.154  1282  1443 I PkgPredictorService-SecIpmManagerServiceImpl: reportToNAP uid:10419 com.example.cupcake.test/androidx.test.core.app.InstrumentationActivityInvoker$EmptyActivity thisTime:183
08-13 16:19:53.154  1282  1443 D PkgPredictorService-SecIpmManagerServiceImpl: reportToNAP: mHeavyLaunchCounter is false
08-13 16:19:53.154  1282  2840 D PkgPredictorService-SecIpmManagerServiceImpl: ACTION_FOREGROUND_FINISH_EVENT sCurForegroundApp :com.example.cupcake.test
08-13 16:19:53.155  1282  1443 I ActivityTaskManager: Displayed com.example.cupcake.test/androidx.test.core.app.InstrumentationActivityInvoker$EmptyActivity for user 0: +183ms
08-13 16:19:53.155  3157  3157 E pageboostd: Received HALT command code 2
08-13 16:19:53.156  5736  5736 I InsetsSourceConsumer: applyRequestedVisibilityToControl: visible=true, type=navigationBars, host=com.example.cupcake.test/androidx.test.core.app.InstrumentationActivityInvoker$EmptyActivity
08-13 16:19:53.156  5736  5736 I InsetsSourceConsumer: applyRequestedVisibilityToControl: visible=true, type=statusBars, host=com.example.cupcake.test/androidx.test.core.app.InstrumentationActivityInvoker$EmptyActivity
08-13 16:19:53.159  1111  1111 E SurfaceFlinger: alpha changed 0.000 -> 0.019 - DimTransitionLayer for Surface(name=Task=2228)/@0x88654d2#233720
08-13 16:19:53.159  1282  1908 I SemDvfsHyPerManager: acquire hyper - AMS_APP_HOME/1282@27, type = -999
08-13 16:19:53.160  1062  1149 I HYPER-HAL: [RequestManager.cpp]acquire(): Acquired ID : 857422  [1282 / 27]    HINT : AMS_APP_HOME    list :
08-13 16:19:53.162  1282  1908 D InputDispatcher: Focused application(0): ActivityRecord{b3168b5 u0 com.sec.android.app.launcher/.activities.LauncherActivity t6}
08-13 16:19:53.165  2742  2742 I VRI[LauncherActivity]@3489192: handleAppVisibility mAppVisible = false visible = true
08-13 16:19:53.165  4368  4368 I SemDvfsHyPerManager: acquire hyper - APP_START_HOME/4368@15, type = -999
08-13 16:19:53.166  1282  1967 D AS.MultiSoundManager: mForegroundUid = 10132
08-13 16:19:53.167  1062  1149 I HYPER-HAL: [RequestManager.cpp]acquire(): Acquired ID : 9607551  [4368 / 15]    HINT : APP_START    list : [KERNEL_APP_START_NOTIFY / 0] [TIMEOUT / 1500]
08-13 16:19:53.170  1111  1732 I SurfaceFlinger: id=233721 createSurf, flag=24000, Surface(name=8a94d40 NavigationBar0)/@0x65d636d - animation-leash of insets_animation#233721
08-13 16:19:53.173  1111  1732 I SurfaceFlinger: id=233722 createSurf, flag=24000, Surface(name=e0324bb StatusBar)/@0x8487ff0 - animation-leash of insets_animation#233722
08-13 16:19:53.173  1111  1111 D SurfaceFlinger: Display 4633128672291735932 HWC layers:
08-13 16:19:53.173  1111  1111 D SurfaceFlinger:        CLIENT |   0xb4000079e294c990 | 0002 | RGBA_8888    |    0.0    0.0   31.0 2340.0 | 1049    0 1080 2340 | [BBQ] Right Edge Extension#233713#233717 (1)
08-13 16:19:53.173  1111  1111 D SurfaceFlinger:        DEVICE |   0xb4000079e28cbdd0 | 0001 | RGBA_8888    |   31.0    0.0 1080.0 2340.0 |    0    0 1049 2340 | com.example.cupcake/androidx.activity.ComponentActivity$_5596#233698 (66)
08-13 16:19:53.173  1111  1111 D SurfaceFlinger:   SOLID_COLOR |                      | 0001 | Unknown      |    0.0    0.0    0.0    0.0 |    0    0 1080 2340 | DimTransitionLayer for Surface(name=Task=2228)/@0x88654d2#233720
08-13 16:19:53.173  1111  1111 D SurfaceFlinger:        DEVICE |   0xb4000079e28ef850 | 0001 | RGBA_8888    |    0.0    0.0   99.0 2340.0 |  981    0 1080 2340 | Splash Screen com.example.cupcake.test$_2127#233709 (1)
08-13 16:19:53.173  1111  1111 D SurfaceFlinger:        DEVICE |   0xb4000079e28be850 | 0001 | RGBA_8888    |    0.0    0.0 1080.0   80.0 |    0    0 1080   80 | StatusBar$_2127#106 (79473)
08-13 16:19:53.173  1111  1111 D SurfaceFlinger:        DEVICE |   0xb4000079e28eb950 | 0001 | RGBA_8888    |    0.0    0.0 1080.0  135.0 |    0 2205 1080 2340 | NavigationBar0$_2127#101 (129867)
08-13 16:19:53.173  1111  1111 D SurfaceFlinger:
08-13 16:19:53.173  1111  1111 D SurfaceFlinger:     DEVICE |   0xb4000079e28c8410 | 0001 | RGBA_8888    |    0.0  249.0 1034.0  827.0 |   46    0 1080  578 | $_4855#233489 (387)
08-13 16:19:53.173  1111  1111 D SurfaceFlinger:
08-13 16:19:53.174  1111  1111 I SurfaceFlinger: [Surface(name=8a94d40 NavigationBar0)/@0x65d636d - animation-leash of insets_animation#233721] attach to parent LayerHierarchy{RequestedLayerState{WindowToken{4aa5472 type=2019 android.os.BinderProxy@bd187d4}#87 parentId=31} 2 children}
08-13 16:19:53.174  1111  1111 I SurfaceFlinger: [Surface(name=e0324bb StatusBar)/@0x8487ff0 - animation-leash of insets_animation#233722] attach to parent LayerHierarchy{RequestedLayerState{WindowToken{b8fcd4a type=2000 android.os.BinderProxy@ecaaeec}#94 parentId=19} 2 children}
08-13 16:19:53.179  2742  2742 I VRI[LauncherActivity]@3489192: stopped(false) old = true
08-13 16:19:53.180  2742  2742 I HoneySpace.Launcher: !@Boot_EBS_D: Launcher.onStart()
08-13 16:19:53.183  2742  2742 I HoneySpace.Launcher: !@Boot_EBS_D: Launcher.onResume()
08-13 16:19:53.183  2127  2127 D NavigationBar: onSystemBarAttributesChanged() -  displayId:0, appearance:24, packageName: com.example.cupcake.test (APPEARANCE_LIGHT_STATUS_BARS APPEARANCE_LIGHT_NAVIGATION_BARS ), navbarColorManagedByIme:false
08-13 16:19:53.184  2742  2742 I HoneySpace.Launcher: updateLauncherShowing false -> true
08-13 16:19:53.184  2742  2742 I HoneySpace.ShellTransitionManager: myHomeResumed
08-13 16:19:53.184  2742  2742 I HoneySpace.CapturedBlurManager: capturedBlurView: resume(25347631)
08-13 16:19:53.184  2742  2742 I HoneySpace.ResumeTimer: last resume updated : 308423770
08-13 16:19:53.184  2742  4826 I HoneySpace.HoneyAppWidgetHost: called startListening, host: @fcf5abe
08-13 16:19:53.184  2742  4826 I AppWidgetHost: semStartListening()
08-13 16:19:53.185  2742  2100 I HoneySpace.Memory-Monitor: cancelTrimIfNeeded
08-13 16:19:53.185  1111  1111 I SurfaceFlinger: [LayerHierarchy{RequestedLayerState{8a94d40 NavigationBar0#88 parentId=233721} 1 children}] reparent to LayerHierarchy{RequestedLayerState{Surface(name=8a94d40 NavigationBar0)/@0x65d636d - animation-leash of insets_animation#233721 parentId=87} 1 children}
08-13 16:19:53.186  1111  1111 I SurfaceFlinger: [LayerHierarchy{RequestedLayerState{e0324bb StatusBar#95 parentId=233722} 1 children}] reparent to LayerHierarchy{RequestedLayerState{Surface(name=e0324bb StatusBar)/@0x8487ff0 - animation-leash of insets_animation#233722 parentId=94} 1 children}
08-13 16:19:53.186  1111  1111 I SurfaceFlinger: [LayerHierarchy{RequestedLayerState{Surface(name=e0324bb StatusBar)/@0x8487ff0 - animation-leash of insets_animation#233718} no children}] reparent to OffscreenRoot
08-13 16:19:53.186  1111  1111 I SurfaceFlinger: [LayerHierarchy{RequestedLayerState{Surface(name=e0324bb StatusBar)/@0x8487ff0 - animation-leash of insets_animation#233718} no children}] RelativeParent to null
08-13 16:19:53.186  1111  1111 I SurfaceFlinger: [LayerHierarchy{RequestedLayerState{Surface(name=8a94d40 NavigationBar0)/@0x65d636d - animation-leash of insets_animation#233716} no children}] reparent to OffscreenRoot
08-13 16:19:53.186  1111  1111 I SurfaceFlinger: [LayerHierarchy{RequestedLayerState{Surface(name=8a94d40 NavigationBar0)/@0x65d636d - animation-leash of insets_animation#233716} no children}] RelativeParent to null
08-13 16:19:53.185  2742  1821 I HoneySpace.PredictionDataSourceImpl: requestPredictionUpdate 0 true
08-13 16:19:53.189  2742  1821 I HoneySpace.PredictionDataSourceImpl: requestPredictionUpdate 1 true
08-13 16:19:53.190  2742  2742 I HoneySpace.StackedWidgetFastRecyclerView: playShowAndHideIndicatorAnimation
08-13 16:19:53.190  2742  2742 I HoneySpace.StackedWidgetFastRecyclerView: playShowAndHideIndicatorAnimation
08-13 16:19:53.190  2742  2742 I SearchHoneyPot: onViewCreated: onResume
08-13 16:19:53.193  1282  4402 I AppWidgetServiceImpl: startListening callbacks : com.android.internal.appwidget.IAppWidgetHost$Stub$Proxy@69a0258 intervalEnsure:760487316 intervalHostLock:760487316 LhostId:HostId{user:0, app:10132, hostId:1024, pkg:com.sec.android.app.launcher}
08-13 16:19:53.194  2742  4826 I HoneySpace.HoneyAppWidgetHost: success hidden_semStartListening - result: true, host: @fcf5abe
08-13 16:19:53.196  1111  1730 I SurfaceFlinger: id=233716 Removed Surface(name=8a94d40 NavigationBar0)/@0x65d636d - animation-leash of insets_animation#233716 (184)
08-13 16:19:53.196  1111  1730 I SurfaceFlinger: id=233718 Removed Surface(name=e0324bb StatusBar)/@0x8487ff0 - animation-leash of insets_animation#233718 (184)
08-13 16:19:53.198  1282  4376 V WindowManager: Relayout Window{c2c214a u0 com.sec.android.app.launcher/com.sec.android.app.launcher.activities.LauncherActivity}: viewVisibility=0 req=1080x2340 ty=1 d0
08-13 16:19:53.198  1111  1111 I SurfaceFlinger: destroyed Surface(name=e0324bb StatusBar)/@0x8487ff0 - animation-leash of insets_animation#233718
08-13 16:19:53.198  1111  1111 I SurfaceFlinger: destroyed Surface(name=8a94d40 NavigationBar0)/@0x65d636d - animation-leash of insets_animation#233716
08-13 16:19:53.199  1111  1223 I SurfaceFlinger: id=233723 createSurf, flag=44004, com.sec.android.app.launcher/com.sec.android.app.launcher.activities.LauncherActivity$_2742#233723
08-13 16:19:53.200  1111  1111 I Layer   : id=233718 Destroyed Surface(name=e0324bb StatusBar)/@0x8487ff0 - animation-leash of insets_animation#233718
08-13 16:19:53.200  1111  1111 I Layer   : id=233716 Destroyed Surface(name=8a94d40 NavigationBar0)/@0x65d636d - animation-leash of insets_animation#233716
08-13 16:19:53.204  2127  2334 I InsetsSourceConsumer: applyRequestedVisibilityToControl: visible=true, type=navigationBars, host=Splash Screen com.example.cupcake.test
08-13 16:19:53.205  2127  2334 I InsetsSourceConsumer: applyRequestedVisibilityToControl: visible=true, type=statusBars, host=Splash Screen com.example.cupcake.test
08-13 16:19:53.207  1111  1111 I SurfaceFlinger: [com.sec.android.app.launcher/com.sec.android.app.launcher.activities.LauncherActivity$_2742#233723] attach to parent LayerHierarchy{RequestedLayerState{c2c214a com.sec.android.app.launcher/com.sec.android.app.launcher.activities.LauncherActivity#124 parentId=123} 1 children}
08-13 16:19:53.210  1111  1223 I SurfaceFlinger: id=233724 createSurf, flag=24000, Surface(name=8a94d40 NavigationBar0)/@0x65d636d - animation-leash of insets_animation#233724
08-13 16:19:53.210  2742  4789 I HoneySpace.SPayHandler: updateSpayHandler, show = true, defaultPage = true
08-13 16:19:53.212 22781 22781 I bmex    : onStart
08-13 16:19:53.212 22781 22781 I bmex    : onResume
08-13 16:19:53.212  1111  1223 I SurfaceFlinger: id=233725 createSurf, flag=24000, Surface(name=e0324bb StatusBar)/@0x8487ff0 - animation-leash of insets_animation#233725
08-13 16:19:53.218  1111  1111 I SurfaceFlinger: [Surface(name=8a94d40 NavigationBar0)/@0x65d636d - animation-leash of insets_animation#233724] attach to parent LayerHierarchy{RequestedLayerState{WindowToken{4aa5472 type=2019 android.os.BinderProxy@bd187d4}#87 parentId=31} 2 children}
08-13 16:19:53.218  1111  1111 I SurfaceFlinger: [Surface(name=e0324bb StatusBar)/@0x8487ff0 - animation-leash of insets_animation#233725] attach to parent LayerHierarchy{RequestedLayerState{WindowToken{b8fcd4a type=2000 android.os.BinderProxy@ecaaeec}#94 parentId=19} 2 children}
08-13 16:19:53.219  1282  4376 I SystemKeyManager: requested systemKeyInfo size=2 focusedWindow=com.sec.android.app.launcher/com.sec.android.app.launcher.activities.LauncherActivity
08-13 16:19:53.220  1282  4376 V WindowManager: Relayout hash=c2c214a, pid=2742, syncId=-1: mAttrs={(0,0)(fillxfill) sim={adjust=nothing forwardNavigation} layoutInDisplayCutoutMode=always ty=BASE_APPLICATION fmt=TRANSPARENT wanim=0x1030301
08-13 16:19:53.220  1282  4376 V WindowManager:   fl=81910100
08-13 16:19:53.220  1282  4376 V WindowManager:   pfl=10008840
08-13 16:19:53.220  1282  4376 V WindowManager:   bhv=2
08-13 16:19:53.220  1282  4376 V WindowManager:   fitSides=0
08-13 16:19:53.220  1282  4376 V WindowManager:   frameRateBoostOnTouch=true
08-13 16:19:53.220  1282  4376 V WindowManager:   dvrrWindowFrameRateHint=true screenDimDuration=200000 naviIconColor=0}
08-13 16:19:53.221  2742  2742 I BLASTBufferQueue_Java: new BLASTBufferQueue, mName= VRI[LauncherActivity]@3489192 mNativeObject= 0xb4000075190eebd0 sc.mNativeObject= 0xb4000076190f0a10 caller= android.view.ViewRootImpl.updateBlastSurfaceIfNeeded:3397 android.view.ViewRootImpl.relayoutWindow:11361 android.view.ViewRootImpl.performTraversals:4544 android.view.ViewRootImpl.doTraversal:3708 android.view.ViewRootImpl$TraversalRunnable.run:12542 android.view.Choreographer$CallbackRecord.run:1751 android.view.Choreographer$CallbackRecord.run:1760 android.view.Choreographer.doCallbacks:1216 android.view.Choreographer.doFrame:1142 android.view.Choreographer$FrameDisplayEventReceiver.run:1707
08-13 16:19:53.221  2742  2742 I BLASTBufferQueue_Java: update, w= 1080 h= 2340 mName = VRI[LauncherActivity]@3489192 mNativeObject= 0xb4000075190eebd0 sc.mNativeObject= 0xb4000076190f0a10 format= -2 caller= android.graphics.BLASTBufferQueue.<init>:88 android.view.ViewRootImpl.updateBlastSurfaceIfNeeded:3397 android.view.ViewRootImpl.relayoutWindow:11361 android.view.ViewRootImpl.performTraversals:4544 android.view.ViewRootImpl.doTraversal:3708 android.view.ViewRootImpl$TraversalRunnable.run:12542
08-13 16:19:53.222  2742  2742 I VRI[LauncherActivity]@3489192: Relayout returned: old=(0,0,1080,2340) new=(0,0,1080,2340) relayoutAsync=false req=(1080,2340)0 dur=29 res=0x3 s={true 0xb4000075e987b900} ch=true seqId=0
08-13 16:19:53.225  2742  2742 I VRI[LauncherActivity]@3489192: Creating new active sync group VRI[LauncherActivity]@3489192#71
08-13 16:19:53.228  1111  1111 I SurfaceFlinger: [LayerHierarchy{RequestedLayerState{8a94d40 NavigationBar0#88 parentId=233724} 1 children}] reparent to LayerHierarchy{RequestedLayerState{Surface(name=8a94d40 NavigationBar0)/@0x65d636d - animation-leash of insets_animation#233724 parentId=87} 1 children}
08-13 16:19:53.228  1111  1111 I SurfaceFlinger: [LayerHierarchy{RequestedLayerState{e0324bb StatusBar#95 parentId=233725} 1 children}] reparent to LayerHierarchy{RequestedLayerState{Surface(name=e0324bb StatusBar)/@0x8487ff0 - animation-leash of insets_animation#233725 parentId=94} 1 children}
08-13 16:19:53.228  1111  1111 I SurfaceFlinger: [LayerHierarchy{RequestedLayerState{Surface(name=e0324bb StatusBar)/@0x8487ff0 - animation-leash of insets_animation#233722} no children}] reparent to OffscreenRoot
08-13 16:19:53.228  1111  1111 I SurfaceFlinger: [LayerHierarchy{RequestedLayerState{Surface(name=e0324bb StatusBar)/@0x8487ff0 - animation-leash of insets_animation#233722} no children}] RelativeParent to null
08-13 16:19:53.228  1111  1111 I SurfaceFlinger: [LayerHierarchy{RequestedLayerState{Surface(name=8a94d40 NavigationBar0)/@0x65d636d - animation-leash of insets_animation#233721} no children}] reparent to OffscreenRoot
08-13 16:19:53.228  1111  1111 I SurfaceFlinger: [LayerHierarchy{RequestedLayerState{Surface(name=8a94d40 NavigationBar0)/@0x65d636d - animation-leash of insets_animation#233721} no children}] RelativeParent to null
08-13 16:19:53.232  2127  2146 I WallpaperService: dispatchAppVisibility: system, visible=true , mLidState = -1
08-13 16:19:53.233  2127  2436 I WallpaperService: updateSurface system forceRelayout=false forceReport=false redrawNeeded=false myWidth=-1 myHeight=-1 fixedSize=false x = 0 y = 0 mWidth=-1 mHeight=-1
08-13 16:19:53.233  2127  2436 I WallpaperService: reportVisibility: visibility changed. visible=true
08-13 16:19:53.233  2127  2436 I ImageWallpaper_5[Image]:  onVisibilityChanged: visible=true , displayId=0
08-13 16:19:53.234  1282  4902 D SyntheticPasswordManager.SDP: Inside fromBytes() - result.pinLength : -1
08-13 16:19:53.234  1282  4902 D SyntheticPasswordManager.SDP: 2. result.secureMode : 0
08-13 16:19:53.238  1111  1209 D SurfaceFlinger: [input] setFocusedWindow: c2c214a com.sec.android.app.launcher/com.sec.android.app.launcher.activities.LauncherActivity
08-13 16:19:53.239  1282  4376 D InputDispatcher: Once focus requested (0): c2c214a com.sec.android.app.launcher/com.sec.android.app.launcher.activities.LauncherActivity
08-13 16:19:53.239  1282  4376 D InputDispatcher: Focus request (0): c2c214a com.sec.android.app.launcher/com.sec.android.app.launcher.activities.LauncherActivity but waiting because NO_WINDOW
08-13 16:19:53.251  1111  1732 I SurfaceFlinger: id=233721 Removed Surface(name=8a94d40 NavigationBar0)/@0x65d636d - animation-leash of insets_animation#233721 (185)
08-13 16:19:53.251  1111  1732 I SurfaceFlinger: id=233722 Removed Surface(name=e0324bb StatusBar)/@0x8487ff0 - animation-leash of insets_animation#233722 (185)
08-13 16:19:53.252  2742  5283 I HoneySpace.PredictionDataSourceImpl: TYPE_SUGGESTED_APPS updated: 9
08-13 16:19:53.255  2742  4755 I VRI[LauncherActivity]@3489192: mWNT: t=0xb400007609279250 mBlastBufferQueue=0xb4000075190eebd0 fn= 1 HdrRenderState mRenderHdrSdrRatio=1.0 caller= android.view.ViewRootImpl$11.onFrameDraw:15016 android.view.ThreadedRenderer$1.onFrameDraw:761 <bottom of call stack>
08-13 16:19:53.255  2742  4755 I VRI[LauncherActivity]@3489192: Setting up sync and frameCommitCallback
08-13 16:19:53.257  2742  4573 I BLASTBufferQueue: [VRI[LauncherActivity]@3489192#6992](f:0,a:0,s:0) onFrameAvailable the first frame is available
08-13 16:19:53.258  1111  1111 I SurfaceFlinger: destroyed Surface(name=e0324bb StatusBar)/@0x8487ff0 - animation-leash of insets_animation#233722
08-13 16:19:53.258  1111  1111 I SurfaceFlinger: destroyed Surface(name=8a94d40 NavigationBar0)/@0x65d636d - animation-leash of insets_animation#233721
08-13 16:19:53.260  1111  1111 I Layer   : id=233722 Destroyed Surface(name=e0324bb StatusBar)/@0x8487ff0 - animation-leash of insets_animation#233722
08-13 16:19:53.260  1111  1111 I Layer   : id=233721 Destroyed Surface(name=8a94d40 NavigationBar0)/@0x65d636d - animation-leash of insets_animation#233721
08-13 16:19:53.261  2742  4573 I VRI[LauncherActivity]@3489192: Received frameCommittedCallback lastAttemptedDrawFrameNum=1 didProduceBuffer=true
08-13 16:19:53.262  1111  1730 I SurfaceFlinger: [com.sec.android.app.launcher/com.sec.android.app.launcher.activities.LauncherActivity$_2742#233723] setTransactionState with the first frame. bufferData(ID: 11776800376931, frameNumber: 1)
08-13 16:19:53.262  2742  2742 I HoneySpace.StackedWidgetFastRecyclerView: playHideIndicatorAnimation
08-13 16:19:53.263  2742  2742 I HoneySpace.StackedWidgetFastRecyclerView: playHideIndicatorAnimation
08-13 16:19:53.263  2742  2742 I InsetsSourceConsumer: applyRequestedVisibilityToControl: visible=true, type=navigationBars, host=com.sec.android.app.launcher/com.sec.android.app.launcher.activities.LauncherActivity
08-13 16:19:53.264  2742  2742 I InsetsSourceConsumer: applyRequestedVisibilityToControl: visible=true, type=statusBars, host=com.sec.android.app.launcher/com.sec.android.app.launcher.activities.LauncherActivity
08-13 16:19:53.265  1282  1444 D PkgPredictorService-SecIpmManagerServiceImpl: onForegroundActivitiesChanged pid:2742 uid:10132
08-13 16:19:53.267 21624 21938 I Rubin   : [92] U9.g.x(Unknown Source) : Notify com.samsung.android.rubin.inferenceengine.contextanalytics.engine.loggers.AppUsageLogger's database is updated.
08-13 16:19:53.268  2742  5288 I HoneySpace.PredictionDataSourceImpl: TYPE_RECOMMENDED_WIDGETS updated: 14
08-13 16:19:53.272  1282  1444 D NetworkPolicy: already checked 10132
08-13 16:19:53.273  1244  6944 I CameraService: onUidStateChanged: uid=10222, procState is changed. (5 -> 3)
08-13 16:19:53.274  2127  2127 D NavigationBar: onSystemBarAttributesChanged() -  displayId:0, appearance:16, packageName: com.sec.android.app.launcher (APPEARANCE_LIGHT_NAVIGATION_BARS ), navbarColorManagedByIme:false
08-13 16:19:53.274  2127  2127 D SysUiState: SysUiState changed: old=0x10020000 new=0x10000000
08-13 16:19:53.275  1282  2840 V PkgPredictorService-SecIpmManagerServiceImpl: discard foreground app:com.sec.android.app.launcher 1|true
08-13 16:19:53.278  1244  6944 I CameraService: onUidStateChanged: uid=10219, procState is changed. (5 -> 3)
08-13 16:19:53.279  2742  1821 I HoneySpace.SystemUiRepository: systemUiFlags: awake
08-13 16:19:53.279  2742  2885 I HoneySpace.TaskbarEventTracker: invokeEvent() called with: event = SystemUiStateChanged(stateFlags=268435456)
08-13 16:19:53.287  1282  4376 I AccessibilityManagerService: semIsAccessibilityServiceEnabled()
08-13 16:19:53.287  1282  4902 I AccessibilityManagerService: semIsAccessibilityServiceEnabled()
08-13 16:19:53.288  1282  3179 I AccessibilityManagerService: semIsAccessibilityServiceEnabled()
08-13 16:19:53.292  1111  1163 I SurfaceFlinger: id=233726 createSurf, flag=84004, Transition Root: Task=1#233726
08-13 16:19:53.293  1282  3019 W LocationManagerService: onFreezeStateChanged, uid[10329]=true
08-13 16:19:53.297  1282  1447 I SurfaceControlRegistry: show, t=StartTransaction_SyncId<20538> sc=ActivityRecord{b3168b5 u0 com.sec.android.app.launcher/.activities.LauncherActivity t6}, caller=android.view.SurfaceControl$Transaction.show:3232 com.android.server.wm.Transition.onTransactionReady:2273 com.android.server.wm.BLASTSyncEngine$SyncGroup.finishNow:195 com.android.server.wm.BLASTSyncEngine.onSurfacePlacement:269 com.android.server.wm.RootWindowContainer.performSurfacePlacementNoTrace:459 com.android.server.wm.RootWindowContainer.performSurfacePlacement:9
08-13 16:19:53.297  1282  1447 I SurfaceControlRegistry: show, t=StartTransaction_SyncId<20538> sc=Task=6, caller=android.view.SurfaceControl$Transaction.show:3232 com.android.server.wm.Transition.onTransactionReady:2300 com.android.server.wm.BLASTSyncEngine$SyncGroup.finishNow:195 com.android.server.wm.BLASTSyncEngine.onSurfacePlacement:269 com.android.server.wm.RootWindowContainer.performSurfacePlacementNoTrace:459 com.android.server.wm.RootWindowContainer.performSurfacePlacement:9
08-13 16:19:53.301  1111  1111 I SurfaceFlinger: [Transition Root: Task=1#233726] attach to parent LayerHierarchy{RequestedLayerState{DefaultTaskDisplayArea_d0#11 parentId=10} 9 children}
08-13 16:19:53.304  1111  1111 I BpBinder: onLastStrongRef automatically unlinking death recipients:
08-13 16:19:53.310  4855  4855 I [SC_ScreenRecorder]_FloatingButtonView: 00:00:20
08-13 16:19:53.314  1282  1447 D ScreenCapture: [Capture_TEST] : setIsScreenShotBySystem false
08-13 16:19:53.316  2742  2742 I HoneySpace.StackedWidgetFastRecyclerView: playHideIndicatorAnimation onAnimationEnd isTouchDownInStackedWidget : false
08-13 16:19:53.316  2742  2742 I HoneySpace.StackedWidgetAdapter: updateLabelVisibility true true
08-13 16:19:53.317  2742  2742 I HoneySpace.StackedWidgetFastRecyclerView: playHideIndicatorAnimation onAnimationEnd isTouchDownInStackedWidget : false
08-13 16:19:53.317  2742  2742 I HoneySpace.StackedWidgetAdapter: updateLabelVisibility true true
08-13 16:19:53.317  2127  2303 I SurfaceControlRegistry: show, t=StartTransaction_SyncId<20538> sc=WallpaperWindowToken{b638ffb token=android.os.Binder@64ddd8a}, caller=android.view.SurfaceControl$Transaction.show:3232 com.android.wm.shell.transition.Transitions.dispatchReady:798 com.android.wm.shell.transition.Transitions.onTransitionReady:244 com.android.wm.shell.transition.Transitions$TransitionPlayerImpl$$ExternalSyntheticLambda0.run:13 android.os.Handler.handleCallback:959 android.os.Handler.dispatchMessage:100
08-13 16:19:53.318  2127  2303 I SurfaceControlRegistry: hide, t=FinishTransaction_SyncId<20538> sc=Task=2228, caller=android.view.SurfaceControl$Transaction.hide:3258 com.android.wm.shell.transition.Transitions.dispatchReady:929 com.android.wm.shell.transition.Transitions.onTransitionReady:244 com.android.wm.shell.transition.Transitions$TransitionPlayerImpl$$ExternalSyntheticLambda0.run:13 android.os.Handler.handleCallback:959 android.os.Handler.dispatchMessage:100
08-13 16:19:53.318  2127  2303 I SurfaceControlRegistry: show, t=StartTransaction_SyncId<20538> sc=Task=1, caller=android.view.SurfaceControl$Transaction.show:3232 com.android.wm.shell.transition.Transitions.dispatchReady:934 com.android.wm.shell.transition.Transitions.onTransitionReady:244 com.android.wm.shell.transition.Transitions$TransitionPlayerImpl$$ExternalSyntheticLambda0.run:13 android.os.Handler.handleCallback:959 android.os.Handler.dispatchMessage:100
08-13 16:19:53.318  2127  2303 I SurfaceControlRegistry: show, t=FinishTransaction_SyncId<20538> sc=Task=1, caller=android.view.SurfaceControl$Transaction.show:3232 com.android.wm.shell.transition.Transitions.dispatchReady:988 com.android.wm.shell.transition.Transitions.onTransitionReady:244 com.android.wm.shell.transition.Transitions$TransitionPlayerImpl$$ExternalSyntheticLambda0.run:13 android.os.Handler.handleCallback:959 android.os.Handler.dispatchMessage:100
