08-13 16:19:50.649  1111  1111 I SurfaceFlinger: destroyed Surface(name=e0324bb StatusBar)/@0x8487ff0 - animation-leash of insets_animation#233661
08-13 16:19:50.649  1111  1111 I SurfaceFlinger: [LayerHierarchy{RequestedLayerState{5d4994f com.example.cupcake/androidx.activity.ComponentActivity#233658 parentId=233666} 1 children}] reparent to LayerHierarchy{RequestedLayerState{Surface(name=5d4994f com.example.cupcake/androidx.activity.ComponentActivity)/@0xfef1536 - animation-leash of starting_reveal#233666 parentId=233655} 1 children}
08-13 16:19:50.650  1111  1111 I Layer   : id=233644 Destroyed Surface(name=8a94d40 NavigationBar0)/@0x65d636d - animation-leash of insets_animation#233644
08-13 16:19:50.650  1111  1111 I Layer   : id=233660 Destroyed Surface(name=8a94d40 NavigationBar0)/@0x65d636d - animation-leash of insets_animation#233660
08-13 16:19:50.650  1111  1111 I Layer   : id=233645 Destroyed Surface(name=e0324bb StatusBar)/@0x8487ff0 - animation-leash of insets_animation#233645
08-13 16:19:50.650  1111  1111 I Layer   : id=233661 Destroyed Surface(name=e0324bb StatusBar)/@0x8487ff0 - animation-leash of insets_animation#233661
08-13 16:19:50.651  1282  1908 D InputDispatcher: Once focus requested (0): 5d4994f com.example.cupcake/androidx.activity.ComponentActivity
08-13 16:19:50.651  1282  1908 D InputDispatcher: Focus request (0): 5d4994f com.example.cupcake/androidx.activity.ComponentActivity but waiting because NOT_VISIBLE
08-13 16:19:50.655  2127  2938 I VRI[cupcake]@b24c1b: mWNT: t=0xb40000760916d650 mBlastBufferQueue=0xb4000075190db350 fn= 2 HdrRenderState mRenderHdrSdrRatio=1.0 caller= android.view.SyncRtSurfaceTransactionApplier.applyTransaction:96 android.view.SyncRtSurfaceTransactionApplier.lambda$scheduleApply$0:69 android.view.SyncRtSurfaceTransactionApplier.$r8$lambda$afI4fXg3U3-nBZQEDQMiNy-B06s:0
08-13 16:19:50.655  2127  2938 I VRI[cupcake]@b24c1b: mWNT: t=0xb400007609161950 mBlastBufferQueue=0xb4000075190db350 fn= 2 HdrRenderState mRenderHdrSdrRatio=1.0 caller= android.view.SyncRtSurfaceTransactionApplier.applyTransaction:96 android.view.SyncRtSurfaceTransactionApplier.lambda$scheduleApply$0:69 android.view.SyncRtSurfaceTransactionApplier.$r8$lambda$afI4fXg3U3-nBZQEDQMiNy-B06s:0
08-13 16:19:50.663  1111  1111 D SurfaceFlinger: Display 4633128672291735932 HWC layers:
08-13 16:19:50.663  1111  1111 D SurfaceFlinger:        DEVICE |   0xb4000079e28c6110 | 0000 | RGBA_8888    |    0.0    0.0 1080.0 2340.0 |    0    0 1080 2340 | Wallpaper BBQ wrapper 5_system#82 (19)
08-13 16:19:50.663  1111  1111 D SurfaceFlinger:        DEVICE |   0xb4000079e28e30d0 | 0001 | RGBA_8888    |    0.0    0.0 1080.0 2340.0 |    0    0 1080 2340 | com.sec.android.app.launcher/com.sec[...]vities.LauncherActivity$_2742#233643 (66)
08-13 16:19:50.663  1111  1111 D SurfaceFlinger:        CLIENT |   0xb4000079e28d7ad0 | 0001 | RGBA_8888    |    0.0    0.0 1080.0 2340.0 |   26   57 1054 2283 | com.example.cupcake/androidx.activity.ComponentActivity$_5596#233662 (1)
08-13 16:19:50.663  1111  1111 D SurfaceFlinger:        CLIENT |   0xb4000079e2944110 | 0001 | RGBA_8888    |    0.0    0.0 1080.0 2340.0 |   26   57 1054 2283 | Splash Screen com.example.cupcake$_2127#233657 (1)
08-13 16:19:50.663  1111  1111 D SurfaceFlinger:        DEVICE |   0xb4000079e28ca710 | 0001 | RGBA_8888    |    0.0    0.0 1080.0   80.0 |    0    0 1080   80 | StatusBar$_2127#106 (79422)
08-13 16:19:50.663  1111  1111 D SurfaceFlinger:        DEVICE |   0xb4000079e29075d0 | 0001 | RGBA_8888    |    0.0    0.0 1080.0  135.0 |    0 2205 1080 2340 | NavigationBar0$_2127#101 (12981
08-13 16:19:50.663  1111  1111 D SurfaceFlinger: 4)
08-13 16:19:50.663  1111  1111 D SurfaceFlinger:        DEVICE |   0xb4000079e28ad3d0 | 0001 | RGBA_8888    |    0.0  249.0 1034.0  827.0 |   46    0 1080  578 | $_4855#233489 (385)
08-13 16:19:50.663  1111  1111 D SurfaceFlinger:
08-13 16:19:50.667  1282  4402 D InputDispatcher: Focus entered window (0): 5d4994f com.example.cupcake/androidx.activity.ComponentActivity
08-13 16:19:50.670  5596  5596 D VRI[ComponentActivity]@394bc09: mThreadedRenderer.initializeIfNeeded()#2 mSurface={isValid=true 0xb4000075e90f4e70}
08-13 16:19:50.670  5596  5596 D InputMethodManagerUtils: startInputInner - Id : 0
08-13 16:19:50.670  5596  5596 I InputMethodManager: startInputInner - IInputMethodManagerGlobalInvoker.startInputOrWindowGainedFocus
08-13 16:19:50.673  1282  1696 I ImeTracker: com.example.cupcake:b421d6d5: onRequestHide at ORIGIN_SERVER reason HIDE_UNSPECIFIED_WINDOW fromUser false
08-13 16:19:50.674  1282  1696 I ImeTracker: com.example.cupcake:b421d6d5: onCancelled at PHASE_SERVER_SHOULD_HIDE
08-13 16:19:50.677  1282  1696 D InputTransport: Input channel constructed: 'ClientS', fd=1025
08-13 16:19:50.677  2127  2937 I VRI[cupcake]@b24c1b: mWNT: t=0xb4000076091afad0 mBlastBufferQueue=0xb4000075190db350 fn= 3 HdrRenderState mRenderHdrSdrRatio=1.0 caller= android.view.SyncRtSurfaceTransactionApplier.applyTransaction:96 android.view.SyncRtSurfaceTransactionApplier.lambda$scheduleApply$0:69 android.view.SyncRtSurfaceTransactionApplier.$r8$lambda$afI4fXg3U3-nBZQEDQMiNy-B06s:0
08-13 16:19:50.677  1282  1696 D InputTransport: Input channel destroyed: 'ClientS', fd=1025
08-13 16:19:50.682  4917  4917 I HBD     : HoneyBoardService onFinishInput
08-13 16:19:50.682  4917  4917 I HBD     : a IC have been unbinding,  RemoteInputConnection{idHash=#143af29}
08-13 16:19:50.682  4917  4917 I HBD     : HoneyBoardService [PF_CL][onFinishInput]  0 ms
08-13 16:19:50.683  4917  4917 I HBD     : HoneyBoardService [IMI] onStartInput - caller pid : 5596 , caller uid : 10418
08-13 16:19:50.683  4917  4917 I HBD     : t updateConfigs
08-13 16:19:50.683  4917  4917 I HBD     : t isEnabledNightMode : true
08-13 16:19:50.683  4917  4917 I HBD     : a IC have been binding, RemoteInputConnection{idHash=#5ea2812}
08-13 16:19:50.683  4917  4917 I HBD     : g [EditorInputType]setPrivateImeOptionsToTable privateImeOptions ( null )
08-13 16:19:50.683  4917  4917 I HBD     : b incognitoMode : false
08-13 16:19:50.683  4917  4917 I HBD     : b needOff = true , isForceOff = false, isNullInputClass : true
08-13 16:19:50.683  4917  4917 I HBD     : g getDefaultInputRange : UNKNOWN
08-13 16:19:50.683  4917  4917 I HBD     : g getDefaultInputRange : UNKNOWN
08-13 16:19:50.683  4917  4917 I HBD     : g getDefaultInputRange : UNKNOWN
08-13 16:19:50.683  4917  4917 I HBD     : b needOff = true , isForceOff = false, isNullInputClass : true
08-13 16:19:50.683  4917  4917 I HBD     : b update cached prediction status : false
08-13 16:19:50.683  4917  4917 I HBD     : g getDefaultInputRange : UNKNOWN
08-13 16:19:50.683  4917  4917 I HBD     : a currentState : 0
08-13 16:19:50.684  4917  4917 I HBD     : a [UpdatePolicy] [post] a: 0 cl: 4325376 kit: [0/26] vt: 0 ir: 1
08-13 16:19:50.684  1111  1730 I SurfaceFlinger: id=233667 createSurf, flag=24004, Surface(name=39a4c69 InputMethod)/@0x97414dd - animation-leash of insets_animation#233667
08-13 16:19:50.683  5596  5710 D InputTransport: Input channel constructed: 'ClientS', fd=149
08-13 16:19:50.686  4917  4917 I HBD     : a [NRIC] resetNoResponseState
08-13 16:19:50.687  4917  4917 I HBD     : b needOff = true , isForceOff = false, isNullInputClass : true
08-13 16:19:50.687  4917  4917 I HBD     : b update cached prediction status : false
08-13 16:19:50.687  4917  4917 I HBD     : c [AiWriter] setContact : com.example.cupcake
08-13 16:19:50.687  4917  4917 I HBD     : a [AiWriter] setContact : com.example.cupcake
08-13 16:19:50.687  4917  4917 I HBD     : b needOff = true , isForceOff = false, isNullInputClass : true
08-13 16:19:50.688  4917  4917 I HBD     : b getTBC , flag: 1 , start: 0 , end: 0 , length: 0 , composingLength: 0 , isKCC: false
08-13 16:19:50.688  1244  6944 I CameraService: onUidStateChanged: uid=10043, procState is changed. (1 -> 0)
08-13 16:19:50.689  4917  4917 I HBD     : E EBD si S 0
08-13 16:19:50.689  4917  4917 I HBD     : m updateContactDBLanguage : 0
08-13 16:19:50.690  4917  4917 I HBD     : a [UpdatePolicy] [post] a: 31 cl: 4325376 kit: [0/26] vt: 0 ir: 1
08-13 16:19:50.691  4917  4917 I HBD     : HoneyBoardService [PF_OP][onStartInput]  8 ms
08-13 16:19:50.695  4917   921 I HBD     : h [SKE_SPECIFIC] specific model[com.example.cupcake] loaded, 2935039 ns
08-13 16:19:50.700  2127  2127 D SystemUIService: SYSUI_RAM_OPTIMIZATION onTrimMemory=20
08-13 16:19:50.700  2127  2127 D CentralSurfaces: SYSUI_RAM_OPTIMIZATION onTrimMemory=20
08-13 16:19:50.703  1111  1111 I SurfaceFlinger: [Surface(name=39a4c69 InputMethod)/@0x97414dd - animation-leash of insets_animation#233667] attach to parent LayerHierarchy{RequestedLayerState{WindowToken{72c0868 type=2011 android.os.Binder@fb66f8b}#121 parentId=16} 2 children}
08-13 16:19:50.705  2127  2390 D HWUI    : CacheManager::trimMemory(20)
08-13 16:19:50.711  5596  5596 I InsetsSourceConsumer: applyRequestedVisibilityToControl: visible=false, type=ime, host=com.example.cupcake/androidx.activity.ComponentActivity
08-13 16:19:50.713  4917  4917 I InputMethodService: scheduleImeSurfaceRemoval: removeImeSurface is posted.
08-13 16:19:50.714  2127  2127 D NavigationBar: setImeWindowStatus displayId=0 vis=0 backDisposition=0 showImeSwitcher=false imeShown=false
08-13 16:19:50.716 23813 23813 I NotifySyncService_23813_23813: onNotificationPosted Id:1332 key:0|com.samsung.android.app.smartcapture|1332|null|10190 PackageName:com.samsung.android.app.smartcapture IsOngoing:true PostTime:1755091189311 currentDeviceModel.connected: false
08-13 16:19:50.717 23813 23813 I NotifySyncService_23813_23813: onNotificationPosted Id:1332 , appName : Samsung yakalama
08-13 16:19:50.717 23813 23813 I NotifySyncService_23813_23813:  isOngoing = true isIncomingCall = false
08-13 16:19:50.722 23813 21991 I NotifyLogUtils_23813_21991: isIgnoringBatteryOptimizations true
08-13 16:19:50.722  1111  1111 E SurfaceFlinger: alpha changed 1.000 -> 0.000 - Surface(name=39a4c69 InputMethod)/@0x97414dd - animation-leash of insets_animation#233667
08-13 16:19:50.722  1111  1111 I SurfaceFlinger: [LayerHierarchy{RequestedLayerState{ImeContainer#16 parentId=233655 relativeParentId=233655 z=3} 1 children}] reparent to LayerHierarchy{RequestedLayerState{ActivityRecord{706d10a u0 com.example.cupcake/androidx.activity.ComponentActivity t2225}#233655 parentId=233654} 4 children}
08-13 16:19:50.722  1111  1111 I SurfaceFlinger: [LayerHierarchy{RequestedLayerState{ImeContainer#16 parentId=233655 relativeParentId=233655 z=3} 1 children}] RelativeParent to null
08-13 16:19:50.722  1111  1111 I SurfaceFlinger: [LayerHierarchy{RequestedLayerState{39a4c69 InputMethod#135 parentId=233667} no children}] reparent to LayerHierarchy{RequestedLayerState{Surface(name=39a4c69 InputMethod)/@0x97414dd - animation-leash of insets_animation#233667 parentId=121} 1 children}
08-13 16:19:50.722  1111  1111 I SurfaceFlinger: [LayerHierarchy{RequestedLayerState{Surface(name=39a4c69 InputMethod)/@0x97414dd - animation-leash of insets_animation#233651} no children}] reparent to OffscreenRoot
08-13 16:19:50.722  1111  1111 I SurfaceFlinger: [LayerHierarchy{RequestedLayerState{Surface(name=39a4c69 InputMethod)/@0x97414dd - animation-leash of insets_animation#233651} no children}] RelativeParent to null
08-13 16:19:50.723 23813 22001 I AccountManagerService_23813_22001: log: getAccounts: accountType com.xiaomi, caller's uid 10349, pid 23813
08-13 16:19:50.724 23813 22001 I SecureDatabase_23813_22001: log: query: accounts, columns=[_id,type,name], selection=null, selectionArgs=null, groupBy=null, having=null, orderBy=null, limit=null
08-13 16:19:50.724 23813 22001 I SecureDatabase_23813_22001: log: query: cursor count=1
08-13 16:19:50.724  1282  3681 V WindowManager: Relayout Window{ca7b62d u0 Splash Screen com.example.cupcake}: viewVisibility=8 req=1080x2340 ty=3 d0
08-13 16:19:50.724  1111  1111 I SurfaceFlinger: id=233651 Removed Surface(name=39a4c69 InputMethod)/@0x97414dd - animation-leash of insets_animation#233651 (171)
08-13 16:19:50.725 23813 22001 I SecureDatabase_23813_22001: log: query: row=[1,com.xiaomi,6521150625]
08-13 16:19:50.725 23813 22001 I AccountManagerService_23813_22001: log: validateAccountsAndPopulateCache>>>accountId=1 accountType=com.xiaomi accountName=6521150625
08-13 16:19:50.725 23813 22001 I AccountManagerService_23813_22001: log: getAccounts: accountType com.xiaomi, caller's uid 10349, pid 23813
08-13 16:19:50.725  3974  4027 E d       : (Berry)(1.16)handleAudioPathTask() : can't get dual play mode - Attempt to invoke virtual method 'boolean android.bluetooth.BluetoothA2dp.semIsDualPlayMode()' on a null object reference
08-13 16:19:50.726 23813 22001 I SecureDatabase_23813_22001: log: query: accounts, columns=[_id,type,name], selection=null, selectionArgs=null, groupBy=null, having=null, orderBy=null, limit=null
08-13 16:19:50.726 23813 22001 I SecureDatabase_23813_22001: log: query: cursor count=1
08-13 16:19:50.726 23813 22001 I SecureDatabase_23813_22001: log: query: row=[1,com.xiaomi,6521150625]
08-13 16:19:50.726 23813 22001 I AccountManagerService_23813_22001: log: validateAccountsAndPopulateCache>>>accountId=1 accountType=com.xiaomi accountName=6521150625
08-13 16:19:50.728 23813 23813 I NotifySyncService_23813_23813: onNotificationPosted Id:1332 key:0|com.samsung.android.app.smartcapture|1332|null|10190 PackageName:com.samsung.android.app.smartcapture IsOngoing:true PostTime:1755091190319 currentDeviceModel.connected: false
08-13 16:19:50.729 23813 23813 I NotifySyncService_23813_23813: onNotificationPosted Id:1332 , appName : Samsung yakalama
08-13 16:19:50.729 23813 23813 I NotifySyncService_23813_23813:  isOngoing = true isIncomingCall = false
08-13 16:19:50.734  2742  5283 I HoneySpace.PredictionDataSourceImpl: TYPE_SUGGESTED_APPS updated: 9
08-13 16:19:50.736 23813 21991 I AccountManagerService_23813_21991: log: getAccounts: accountType com.xiaomi, caller's uid 10349, pid 23813
08-13 16:19:50.736 23813 21991 I SecureDatabase_23813_21991: log: query: accounts, columns=[_id,type,name], selection=null, selectionArgs=null, groupBy=null, having=null, orderBy=null, limit=null
08-13 16:19:50.737  1111  1111 I SurfaceFlinger: destroyed Surface(name=39a4c69 InputMethod)/@0x97414dd - animation-leash of insets_animation#233651
08-13 16:19:50.737 23813 21991 I SecureDatabase_23813_21991: log: query: cursor count=1
08-13 16:19:50.737 23813 21991 I SecureDatabase_23813_21991: log: query: row=[1,com.xiaomi,6521150625]
08-13 16:19:50.737 23813 21991 I AccountManagerService_23813_21991: log: validateAccountsAndPopulateCache>>>accountId=1 accountType=com.xiaomi accountName=6521150625
08-13 16:19:50.738 23813 21991 I AccountManagerService_23813_21991: log: getAccounts: accountType com.xiaomi, caller's uid 10349, pid 23813
08-13 16:19:50.739 23813 21991 I SecureDatabase_23813_21991: log: query: accounts, columns=[_id,type,name], selection=null, selectionArgs=null, groupBy=null, having=null, orderBy=null, limit=null
08-13 16:19:50.739 23813 21991 I SecureDatabase_23813_21991: log: query: cursor count=1
08-13 16:19:50.739  1111  1111 I Layer   : id=233651 Destroyed Surface(name=39a4c69 InputMethod)/@0x97414dd - animation-leash of insets_animation#233651
08-13 16:19:50.739 23813 21991 I SecureDatabase_23813_21991: log: query: row=[1,com.xiaomi,6521150625]
08-13 16:19:50.739 23813 21991 I AccountManagerService_23813_21991: log: validateAccountsAndPopulateCache>>>accountId=1 accountType=com.xiaomi accountName=6521150625
08-13 16:19:50.740  1282  3681 V WindowManager: Relayout hash=ca7b62d, pid=2127, syncId=-1: mAttrs={(0,0)(fillxfill) sim={adjust=pan} layoutInDisplayCutoutMode=always ty=APPLICATION_STARTING fmt=TRANSLUCENT wanim=0x1030312
08-13 16:19:50.740  1282  3681 V WindowManager:   fl=81030118
08-13 16:19:50.740  1282  3681 V WindowManager:   pfl=10000810
08-13 16:19:50.740  1282  3681 V WindowManager:   apr=18
08-13 16:19:50.740  1282  3681 V WindowManager:   bhv=1
08-13 16:19:50.740  1282  3681 V WindowManager:   fitSides=0
08-13 16:19:50.740  1282  3681 V WindowManager:   frameRateBoostOnTouch=true
08-13 16:19:50.740  1282  3681 V WindowManager:   dvrrWindowFrameRateHint=true naviIconColor=0}
08-13 16:19:50.740 23813 21995 I NotifyLogUtils_23813_21995: isIgnoringBatteryOptimizations true
08-13 16:19:50.747  2127  2334 I VRI[cupcake]@b24c1b: Relayout returned: old=(0,0,1080,2340) new=(0,0,1080,2340) relayoutAsync=false req=(1080,2340)8 dur=30 res=0x2 s={false 0x0} ch=true seqId=0
08-13 16:19:50.748  2127  2334 D VRI[cupcake]@b24c1b: Not drawing due to not visible. Reason=View.GONE
08-13 16:19:50.749  2127  2334 W WindowOnBackDispatcher: sendCancelIfRunning: isInProgress=false callback=android.view.ViewRootImpl$$ExternalSyntheticLambda15@89f8ef7
08-13 16:19:50.751 23813 30394 W FA      : Failed to retrieve Firebase Instance Id
08-13 16:19:50.753  2127  2334 I VRI[cupcake]@b24c1b: dispatchDetachedFromWindow
08-13 16:19:50.753  1111  1111 I SurfaceFlinger: Layer [Splash Screen com.example.cupcake$_2127#233657] hidden!! flag(1)
08-13 16:19:50.754  5400  5400 I Finsky  : [2] setup::RES: shouldRecoverRestoredPackages: flag false, versionCodeSystem 84452330
08-13 16:19:50.754  1282  3681 D InputTransport: Input channel destroyed: 'ca7b62d', fd=932
08-13 16:19:50.755  1282  3681 W InputManager-JNI: Input channel object 'ca7b62d Splash Screen com.example.cupcake (client)' was disposed without first being removed with the input manager!
08-13 16:19:50.755  1282  3681 D InputTransport: Input channel destroyed: 'ca7b62d', fd=981
08-13 16:19:50.759  2127  2334 D InputTransport: Input channel destroyed: 'ca7b62d', fd=413
08-13 16:19:50.761  5400  5400 I Finsky  : [2] Detected restoreservicev2://recovery not needed, will not run
08-13 16:19:50.768  2742  5288 I HoneySpace.PredictionDataSourceImpl: TYPE_RECOMMENDED_WIDGETS updated: 14
08-13 16:19:50.770  1111  1111 D SurfaceFlinger: Display 4633128672291735932 HWC layers:
08-13 16:19:50.770  1111  1111 D SurfaceFlinger:        DEVICE |   0xb4000079e28c6110 | 0000 | RGBA_8888    |    0.0    0.0 1080.0 2340.0 |    0    0 1080 2340 | Wallpaper BBQ wrapper 5_system#82 (19)
08-13 16:19:50.770  1111  1111 D SurfaceFlinger:        DEVICE |   0xb4000079e28e30d0 | 0001 | RGBA_8888    |    0.0    0.0 1080.0 2340.0 |    0    0 1080 2340 | com.sec.android.app.launcher/com.sec[...]vities.LauncherActivity$_2742#233643 (66)
08-13 16:19:50.770  1111  1111 D SurfaceFlinger:        CLIENT |   0xb4000079e28d7ad0 | 0001 | RGBA_8888    |    0.0    0.0 1080.0 2327.0 |    0   14 1080 2339 | com.example.cupcake/androidx.activity.ComponentActivity$_5596#233662 (1)
08-13 16:19:50.770  1111  1111 D SurfaceFlinger:        DEVICE |   0xb4000079e28ca710 | 0001 | RGBA_8888    |    0.0    0.0 1080.0   80.0 |    0    0 1080   80 | StatusBar$_2127#106 (79426)
08-13 16:19:50.770  1111  1111 D SurfaceFlinger:        DEVICE |   0xb4000079e29075d0 | 0001 | RGBA_8888    |    0.0    0.0 1080.0  135.0 |    0 2205 1080 2340 | NavigationBar0$_2127#101 (129814)
08-13 16:19:50.770  1111  1111 D SurfaceFlinger:        DEVICE |   0xb4000079e28ad3d0 | 0001 | RGBA_8888    |    0.0  249.0 1034.0  827.0 |   46    0 1080  578 | $_4855#233489 (385)
08-13 16:19:50.770  1111  1111 D SurfaceFlinger:
08-13 16:19:50.772  1111  1111 I SurfaceFlinger: Layer [Task=1#52] hidden!! flag(1)
08-13 16:19:50.772  1111  1111 I SurfaceFlinger: [LayerHierarchy{RequestedLayerState{Task=1#52 parentId=11} 2 children}] reparent to LayerHierarchy{RequestedLayerState{DefaultTaskDisplayArea_d0#11 parentId=10} 8 children}
08-13 16:19:50.772  1111  1111 I SurfaceFlinger: [LayerHierarchy{RequestedLayerState{WallpaperWindowToken{b638ffb token=android.os.Binder@64ddd8a}#74 parentId=9 z=1} 1 children}] reparent to LayerHierarchy{RequestedLayerState{Leaf:1:1#9 parentId=8} 2 children}
08-13 16:19:50.772  1111  1111 I SurfaceFlinger: [LayerHierarchy{RequestedLayerState{Task=2225#233654 parentId=11 z=3} 1 children}] reparent to LayerHierarchy{RequestedLayerState{DefaultTaskDisplayArea_d0#11 parentId=10} 9 children}
08-13 16:19:50.772  1111  1111 I SurfaceFlinger: [LayerHierarchy{RequestedLayerState{Transition Root: Task=2225#233659 z=3} no children}] reparent to OffscreenRoot
08-13 16:19:50.772  1111  1111 I SurfaceFlinger: [LayerHierarchy{RequestedLayerState{Transition Root: Task=2225#233659 z=3} no children}] RelativeParent to null
08-13 16:19:50.773  1282  1447 I SurfaceControl: apply, lowDebugName=RemoveStartingRevealAnim, caller=android.view.SurfaceControl$Transaction.apply:3122 android.view.SurfaceControl$Transaction.apply:3078 com.android.server.wm.WindowAnimator.animate:380 com.android.server.wm.WindowAnimator$$ExternalSyntheticLambda1.doFrame:14 android.view.Choreographer$CallbackRecord.run:1749 android.view.Choreographer$CallbackRecord.run:1760
08-13 16:19:50.776  2127  2127 D SamsungLightBarControlHelper: updateStatusBar (WHITE icon) numStacks:1, StatusBarMode:MODE_TRANSPARENT, lightBarBounds:[], StatusBarState:SHADE, packageName:, isWhiteKeyguardStatusBar:false
08-13 16:19:50.778  2127  2127 D SamsungLightBarControlHelper: onStatusBarAppearanceChanged() -  sbModeChanged:false, statusBarMode:0, barState:MODE_TRANSPARENT, isKeyguardShowing:false, navbarColorManagedByIme:false, (AppearanceRegion{ bounds=[0,0][1080,2340]}, )
08-13 16:19:50.779  2127  2303 I SurfaceControlRegistry: apply, t=FinishTransaction_SyncId<20533>, caller=android.view.SurfaceControl$Transaction.apply:3135 android.view.SurfaceControl$Transaction.apply:3122 android.view.SurfaceControl$Transaction.apply:3078 com.android.wm.shell.transition.Transitions.onFinish:308 com.android.wm.shell.transition.Transitions$$ExternalSyntheticLambda8.onTransitionFinished:10 com.android.wm.shell.transition.DefaultTransitionHandler$$ExternalSyntheticLambda6.run:36
08-13 16:19:50.783  1111  1111 D SurfaceFlinger: Display 4633128672291735932 HWC layers:
08-13 16:19:50.783  1111  1111 D SurfaceFlinger:        DEVICE |   0xb4000079e28c6110 | 0000 | RGBA_8888    |    0.0    0.0 1080.0 2340.0 |    0    0 1080 2340 | Wallpaper BBQ wrapper 5_system#82 (19)
08-13 16:19:50.783  1111  1111 D SurfaceFlinger:        DEVICE |   0xb4000079e28d7ad0 | 0001 | RGBA_8888    |    0.0    0.0 1080.0 2327.0 |    0   13 1080 2340 | com.example.cupcake/androidx.activity.ComponentActivity$_5596#233662 (1)
08-13 16:19:50.783  1111  1111 D SurfaceFlinger:        DEVICE |   0xb4000079e28ca710 | 0001 | RGBA_8888    |    0.0    0.0 1080.0   80.0 |    0    0 1080   80 | StatusBar$_2127#106 (79426)
08-13 16:19:50.783  1111  1111 D SurfaceFlinger:        DEVICE |   0xb4000079e29075d0 | 0001 | RGBA_8888    |    0.0    0.0 1080.0  135.0 |    0 2205 1080 2340 | NavigationBar0$_2127#101 (129814)
08-13 16:19:50.783  1111  1111 D SurfaceFlinger:        DEVICE |   0xb4000079e28ad3d0 | 0001 | RGBA_8888    |    0.0  249.0 1034.0  827.0 |   46    0 1080  578 | $_4855#233489 (385)
08-13 16:19:50.783  1111  1111 D SurfaceFlinger:
08-13 16:19:50.784  1111  1111 I SurfaceFlinger: [LayerHierarchy{RequestedLayerState{ImeContainer#16 parentId=233655 relativeParentId=233658 z=1} 1 children}] RelativeParent to LayerHierarchy{RequestedLayerState{5d4994f com.example.cupcake/androidx.activity.ComponentActivity#233658 parentId=233655} 2 children}
08-13 16:19:50.784  1111  1111 I SurfaceFlinger: [LayerHierarchy{RequestedLayerState{Surface(name=5d4994f com.example.cupcake/androidx.activity.ComponentActivity)/@0xfef1536 - animation-leash of starting_reveal#233666} 1 children}] reparent to OffscreenRoot
08-13 16:19:50.784  1111  1111 I SurfaceFlinger: [LayerHierarchy{RequestedLayerState{Surface(name=5d4994f com.example.cupcake/androidx.activity.ComponentActivity)/@0xfef1536 - animation-leash of starting_reveal#233666} 1 children}] RelativeParent to null
08-13 16:19:50.784  1111  1111 I SurfaceFlinger: [LayerHierarchy{RequestedLayerState{ca7b62d Splash Screen com.example.cupcake#233656 z=2147483647} 1 children}] reparent to OffscreenRoot
08-13 16:19:50.784  1111  1111 I SurfaceFlinger: [LayerHierarchy{RequestedLayerState{ca7b62d Splash Screen com.example.cupcake#233656 z=2147483647} 1 children}] RelativeParent to null
08-13 16:19:50.784  1111  1111 I SurfaceFlinger: [LayerHierarchy{RequestedLayerState{Splash Screen com.example.cupcake$_2127#233657} no children}] reparent to OffscreenRoot
08-13 16:19:50.784  1111  1111 I SurfaceFlinger: [LayerHierarchy{RequestedLayerState{Splash Screen com.example.cupcake$_2127#233657} no children}] RelativeParent to null
08-13 16:19:50.784  1111  1111 I SurfaceFlinger: [LayerHierarchy{RequestedLayerState{5d4994f com.example.cupcake/androidx.activity.ComponentActivity#233658 parentId=233655} 2 children}] reparent to LayerHierarchy{RequestedLayerState{ActivityRecord{706d10a u0 com.example.cupcake/androidx.activity.ComponentActivity t2225}#233655 parentId=233654} 3 children}
08-13 16:19:50.784  1111  1111 I SurfaceFlinger: [LayerHierarchy{RequestedLayerState{Transition Root: Task=2225#233659 z=3} no children}] reparent to OffscreenRoot
08-13 16:19:50.784  1111  1111 I SurfaceFlinger: [LayerHierarchy{RequestedLayerState{Transition Root: Task=2225#233659 z=3} no children}] RelativeParent to null
08-13 16:19:50.785  1111  1111 I SurfaceFlinger: id=233659 Removed Transition Root: Task=2225#233659 (170)
08-13 16:19:50.785  1111  1111 I SurfaceFlinger: id=233657 Removed Splash Screen com.example.cupcake$_2127#233657 (170)
08-13 16:19:50.785  1111  1111 I SurfaceFlinger: id=233656 Removed ca7b62d Splash Screen com.example.cupcake#233656 (170)
08-13 16:19:50.787  2742  2100 I HoneySpace.RecentTasks: onRecentTasksChanged
08-13 16:19:50.788  2742  2742 I VRI[LauncherActivity]@3489192: handleAppVisibility mAppVisible = true visible = false
08-13 16:19:50.789  2127  3578 I WallpaperService: dispatchAppVisibility: system, visible=false , mLidState = -1
08-13 16:19:50.789  2127  2436 I WallpaperService: reportVisibility: visibility changed. visible=false
08-13 16:19:50.789  2127  2436 I ImageWallpaper_5[Image]:  onVisibilityChanged: visible=false , displayId=0
08-13 16:19:50.790  1282  1908 D SyntheticPasswordManager.SDP: Inside fromBytes() - result.pinLength : -1
08-13 16:19:50.790  1282  1908 D SyntheticPasswordManager.SDP: 2. result.secureMode : 0
08-13 16:19:50.793  2742  2100 I HoneySpace.HistoryViewModel@160600677@OneUI: Illegal access. Unknown type. skip load history items
08-13 16:19:50.795  1111  1111 D SurfaceFlinger: Display 4633128672291735932 HWC layers:
08-13 16:19:50.795  1111  1111 D SurfaceFlinger:        DEVICE |   0xb4000079e28d7ad0 | 0001 | RGBA_8888    |    0.0    0.0 1080.0 2340.0 |    0    0 1080 2340 | com.example.cupcake/androidx.activity.ComponentActivity$_5596#233662 (1)
08-13 16:19:50.795  1111  1111 D SurfaceFlinger:        DEVICE |   0xb4000079e28ca710 | 0001 | RGBA_8888    |    0.0    0.0 1080.0   80.0 |    0    0 1080   80 | StatusBar$_2127#106 (79426)
08-13 16:19:50.795  1111  1111 D SurfaceFlinger:        DEVICE |   0xb4000079e29075d0 | 0001 | RGBA_8888    |    0.0    0.0 1080.0  135.0 |    0 2205 1080 2340 | NavigationBar0$_2127#101 (129814)
08-13 16:19:50.795  1111  1111 D SurfaceFlinger:        DEVICE |   0xb4000079e28ad3d0 | 0001 | RGBA_8888    |    0.0  249.0 1034.0  827.0 |   46    0 1080  578 | $_4855#233489 (385)
08-13 16:19:50.795  1111  1111 D SurfaceFlinger:
08-13 16:19:50.796  1111  1111 I SurfaceFlinger: Layer [ActivityRecord{b3168b5 u0 com.sec.an[...].activities.LauncherActivity t6}#123] hidden!! flag(1)
08-13 16:19:50.796  1111  1111 I SurfaceFlinger: Layer [com.android.systemui.wallpapers.ImageWallpaper$_2127#81] hidden!! flag(1)
08-13 16:19:50.796  1111  1111 I SurfaceFlinger: Layer [com.sec.android.app.launcher/com.sec[...]vities.LauncherActivity$_2742#233643] hidden!! flag(1)
08-13 16:19:50.796  1111  1111 I SurfaceFlinger: Layer [WallpaperWindowToken{b638ffb token=android.os.Binder@64ddd8a}#74] hidden!! flag(1)
08-13 16:19:50.796  1111  1111 I SurfaceFlinger: Layer [Task=6#122] hidden!! flag(1)
08-13 16:19:50.796  1111  1111 I SurfaceFlinger: destroyed ca7b62d Splash Screen com.example.cupcake#233656
08-13 16:19:50.796  1111  1111 I SurfaceFlinger: destroyed Splash Screen com.example.cupcake$_2127#233657
08-13 16:19:50.796  1111  1111 I SurfaceFlinger: destroyed Transition Root: Task=2225#233659
08-13 16:19:50.797  2127  2127 D Bubbles : onEntryUpdated : shouldBubbleUp=false ,key=0|com.samsung.android.app.smartcapture|1332|null|10190
08-13 16:19:50.797  1111  1111 I Layer   : id=233657 Destroyed Splash Screen com.example.cupcake$_2127#233657
08-13 16:19:50.798  1111  1111 I Layer   : id=233659 Destroyed Transition Root: Task=2225#233659
08-13 16:19:50.798  5400  6078 I Finsky  : [120] registerListener
08-13 16:19:50.798  1111  1111 I Layer   : id=233656 Destroyed ca7b62d Splash Screen com.example.cupcake#233656
08-13 16:19:50.798  5400  6078 I Finsky  : [120] getDownloads()
08-13 16:19:50.799  2127  2127 D InterruptionStateProvider:  no Heads up : edgelighting enabled app. 0|com.samsung.android.app.smartcapture|1332|null|10190
08-13 16:19:50.802 23813 30394 W FA      : Failed to retrieve Firebase Instance Id
08-13 16:19:50.810  2127  2127 D SubscreenNotificationListCoordinator: onAfterRenderList() isSubScreen = false, pluginLockMode = 0, doNotShowOnCover = false
08-13 16:19:50.810  1282  1615 V WindowManager: Relayout Window{c2c214a u0 com.sec.android.app.launcher/com.sec.android.app.launcher.activities.LauncherActivity}: viewVisibility=8 req=1080x2340 ty=1 d0
08-13 16:19:50.811  5460  5511 I Finsky:background: [68] DS: getDownloads()
08-13 16:19:50.813  1282  1615 V WindowManager: Relayout hash=c2c214a, pid=2742, syncId=-1: mAttrs={(0,0)(fillxfill) sim={adjust=nothing forwardNavigation} layoutInDisplayCutoutMode=always ty=BASE_APPLICATION fmt=TRANSPARENT wanim=0x1030301
08-13 16:19:50.813  1282  1615 V WindowManager:   fl=81910100
08-13 16:19:50.813  1282  1615 V WindowManager:   pfl=10008840
08-13 16:19:50.813  1282  1615 V WindowManager:   bhv=2
08-13 16:19:50.813  1282  1615 V WindowManager:   fitSides=0
08-13 16:19:50.813  1282  1615 V WindowManager:   frameRateBoostOnTouch=true
08-13 16:19:50.813  1282  1615 V WindowManager:   dvrrWindowFrameRateHint=true screenDimDuration=200000 naviIconColor=0}
08-13 16:19:50.817  2127  2127 D SecKeyguardClockPositionAlgorithm: getTopMargin scale = 1.2690217, clockContainerHeight = 389, scaleMarginY = -41
08-13 16:19:50.817  5400  6078 I Finsky  : [120] Initialized AssetModuleDownloader.
08-13 16:19:50.817  1244  6944 I CameraService: onUidStateChanged: uid=10222, procState is changed. (3 -> 5)
08-13 16:19:50.817  2127  2127 D SystemUIService: SYSUI_RAM_OPTIMIZATION onTrimMemory=20
08-13 16:19:50.817  2127  2127 D CentralSurfaces: SYSUI_RAM_OPTIMIZATION onTrimMemory=20
08-13 16:19:50.818  1244  6944 I CameraService: onUidStateChanged: uid=10219, procState is changed. (3 -> 5)
08-13 16:19:50.821 23813 30394 W FA      : Failed to retrieve Firebase Instance Id
08-13 16:19:50.824  2127  2390 D HWUI    : CacheManager::trimMemory(20)
08-13 16:19:50.828  2742  2742 I VRI[LauncherActivity]@3489192: Relayout returned: old=(0,0,1080,2340) new=(0,0,1080,2340) relayoutAsync=false req=(1080,2340)8 dur=18 res=0x2 s={false 0x0} ch=true seqId=0
08-13 16:19:50.829  2742  2742 I SearchHoneyPot: onViewCreated: onStop
08-13 16:19:50.829  2742  4826 I HoneySpace.HoneyAppWidgetHost: stopListening, host: @fcf5abe
08-13 16:19:50.831  2742  2742 I HoneySpace.ContentsAnimator: end call
08-13 16:19:50.832  2742  2742 I VRI[LauncherActivity]@3489192: stopped(true) old = false
08-13 16:19:50.834  2742  2742 I HoneySpace.Launcher: !@Boot_EBS_D: Launcher.onStop()
08-13 16:19:50.834  2742  4782 I HoneySpace.Memory-Monitor: scheduleTrim
08-13 16:19:50.835  1282  4478 I AppWidgetServiceImpl: stopListening callbacks : null
08-13 16:19:50.835  2742  2742 I HoneySpace.OneUiSpace: onSaveInstanceState honeyScreen=s3.Z@5e3b71f
08-13 16:19:50.839  2127  2127 I LockscreenNotificationIconsOnlyController: onNotificationInfoUpdated 0
08-13 16:19:50.839  2127  2127 I AODNotificationManager: updateNotification()
08-13 16:19:50.840 23813 30394 W FA      : Failed to retrieve Firebase Instance Id
08-13 16:19:50.840 22781 22781 I bmex    : onStop
08-13 16:19:50.852  1111  1111 I SurfaceFlinger: [LayerHierarchy{RequestedLayerState{com.sec.android.app.launcher/com.sec.android.app.launcher.activities.LauncherActivity$_2742#233643} no children}] reparent to OffscreenRoot
08-13 16:19:50.852  1111  1111 I SurfaceFlinger: [LayerHierarchy{RequestedLayerState{com.sec.android.app.launcher/com.sec.android.app.launcher.activities.LauncherActivity$_2742#233643} no children}] RelativeParent to null
08-13 16:19:50.853  1111  1111 I SurfaceFlinger: id=233643 Removed com.sec.android.app.launcher/com.sec.android.app.launcher.activities.LauncherActivity$_2742#233643 (167)
08-13 16:19:50.858  1282  1444 D PkgPredictorService-SecIpmManagerServiceImpl: bg information pid:2742 uid:10132 pkgName:com.sec.android.app.launcher
08-13 16:19:50.859 23813 30394 W FA      : Failed to retrieve Firebase Instance Id
08-13 16:19:50.861  1111  1111 I SurfaceFlinger: destroyed com.sec.android.app.launcher/com.sec.android.app.launcher.activities.LauncherActivity$_2742#233643
08-13 16:19:50.862  1111  1111 I Layer   : id=233643 Destroyed com.sec.android.app.launcher/com.sec.android.app.launcher.activities.LauncherActivity$_2742#233643
08-13 16:19:50.869  2127  2816 D LocalImageResolver: Couldn't use ImageDecoder for drawable, falling back to non-resized load.
08-13 16:19:50.879  2127  2816 D LocalImageResolver: Couldn't use ImageDecoder for drawable, falling back to non-resized load.
08-13 16:19:50.892 23813 30394 W FA      : Failed to retrieve Firebase Instance Id
08-13 16:19:50.894  2127  2127 I AppIconSolution: return adaptive icon for com.samsung.android.app.smartcapture, isNight = true
08-13 16:19:50.900  5460  6081 D ConnectivityManager: StackLog: [android.net.ConnectivityManager.sendRequestForNetwork(ConnectivityManager.java:4736)] [android.net.ConnectivityManager.registerDefaultNetworkCallbackForUid(ConnectivityManager.java:5461)] [android.net.ConnectivityManager.registerDefaultNetworkCallback(ConnectivityManager.java:5428)] [android.net.ConnectivityManager.registerDefaultNetworkCallback(ConnectivityManager.java:5402)] [sqv.a(PG:17)] [pas.g(PG:1088)] [pas.b(PG:2244)] [bqcy.d(PG:10)] [bqcy.b(PG:7)] [bqcx.b(PG:5)] [bqcy.d(PG:10)] [bqcy.b(PG:7)] [rfy.a(PG:510)] [bezz.d(PG:3)] [bfab.run(PG:38)] [java.util.concurrent.ThreadPoolExecutor.runWorker(ThreadPoolExecutor.java:1156)] [java.util.concurrent.ThreadPoolExecutor$Worker.run(ThreadPoolExecutor.java:651)] [sod.run(PG:124)] [java.lang.Thread.run(Thread.java:1119)]
08-13 16:19:50.908  1282  3681 D ConnectivityService: requestNetwork for uid/pid:10221/5460 activeRequest: null callbackRequest: 49327 [NetworkRequest [ REQUEST id=49328, [ Capabilities: INTERNET&NOT_RESTRICTED&TRUSTED&NOT_VCN_MANAGED&NOT_BANDWIDTH_CONSTRAINED Uid: 10221 RequestorUid: 10221 RequestorPkg: com.android.vending UnderlyingNetworks: Null] ]] callback flags: 0 order: 2147483647 isUidTracked: false declaredMethods: AVAIL|LOST
08-13 16:19:50.909  1282  1941 D ConnectivityService:    accepting network in place of null for NetworkRequest [ REQUEST id=49328, [ Capabilities: INTERNET&NOT_RESTRICTED&TRUSTED&NOT_VCN_MANAGED&NOT_BANDWIDTH_CONSTRAINED Uid: 10221 RequestorUid: 10221 RequestorPkg: com.android.vending UnderlyingNetworks: Null] ]
08-13 16:19:50.910  1282  1927 D OemPaidWifiNetworkFactory: got request NetworkRequest [ REQUEST id=49328, [ Capabilities: INTERNET&NOT_RESTRICTED&TRUSTED&NOT_VCN_MANAGED&NOT_BANDWIDTH_CONSTRAINED Uid: 10221 RequestorUid: 10221 RequestorPkg: com.android.vending UnderlyingNetworks: Null] ]
08-13 16:19:50.910  1282  1927 D MultiInternetWifiNetworkFactory: got request NetworkRequest [ REQUEST id=49328, [ Capabilities: INTERNET&NOT_RESTRICTED&TRUSTED&NOT_VCN_MANAGED&NOT_BANDWIDTH_CONSTRAINED Uid: 10221 RequestorUid: 10221 RequestorPkg: com.android.vending UnderlyingNetworks: Null] ]
08-13 16:19:50.911  1282  1927 D WifiNetworkFactory: got request NetworkRequest [ REQUEST id=49328, [ Capabilities: INTERNET&NOT_RESTRICTED&TRUSTED&NOT_VCN_MANAGED&NOT_BANDWIDTH_CONSTRAINED Uid: 10221 RequestorUid: 10221 RequestorPkg: com.android.vending UnderlyingNetworks: Null] ]
08-13 16:19:50.912  1282  1941 D ConnectivityService: Rematched networks [computed 0ms] [applied 0ms] [issued 3]
08-13 16:19:50.912  1282  1941 D ConnectivityService: NetworkReassignment :
08-13 16:19:50.912  1282  1941 D ConnectivityService:   49328 : null → 217
08-13 16:19:50.913  1282  1927 D UntrustedWifiNetworkFactory: got request NetworkRequest [ REQUEST id=49328, [ Capabilities: INTERNET&NOT_RESTRICTED&TRUSTED&NOT_VCN_MANAGED&NOT_BANDWIDTH_CONSTRAINED Uid: 10221 RequestorUid: 10221 RequestorPkg: com.android.vending UnderlyingNetworks: Null] ]
08-13 16:19:50.916  2127  2127 D S.S.N.  : entryViewBound parent :0|com.samsung.android.app.smartcapture|1332|null|10190
08-13 16:19:50.918  2127  2127 I AppIconSolution: return adaptive icon for com.samsung.android.app.smartcapture, isNight = true
08-13 16:19:50.919  1062  6073 I HYPER-HAL: [RequestManager.cpp]releaseLocked(): Released ID : 850882
08-13 16:19:50.920 23813 30394 W FA      : Failed to retrieve Firebase Instance Id
08-13 16:19:50.927  2127  2127 D SubscreenNotificationListCoordinator: onAfterRenderList() isSubScreen = false, pluginLockMode = 0, doNotShowOnCover = false
08-13 16:19:50.929  6225  4821 I NetworkScheduler: (REDACTED) Error inserting %s
08-13 16:19:50.930  2127  2127 D SecKeyguardClockPositionAlgorithm: getTopMargin scale = 1.2690217, clockContainerHeight = 389, scaleMarginY = -41
08-13 16:19:50.933  2127  2127 I LockscreenNotificationIconsOnlyController: onNotificationInfoUpdated 0
08-13 16:19:50.933  2127  2127 I AODNotificationManager: updateNotification()
08-13 16:19:50.933 23813 30394 W FA      : Failed to retrieve Firebase Instance Id
08-13 16:19:50.937  5460  6081 I Finsky:background: [103] DS::IDC: updateWith: <86:SUCCEEDED>
08-13 16:19:50.939  5460  6081 I Finsky:background: [103] DS::IDC: All invisible downloads are finished.
08-13 16:19:50.939  5460  6081 I Finsky:background: [103] DS::ISM: Stopping invisible download job
08-13 16:19:50.947 23813 30394 W FA      : Failed to retrieve Firebase Instance Id
08-13 16:19:50.948  6225  4821 I NetworkScheduler: (REDACTED) Error inserting %s
08-13 16:19:50.964 23813 30394 W FA      : Failed to retrieve Firebase Instance Id
08-13 16:19:50.978 23813 30394 W FA      : Failed to retrieve Firebase Instance Id
08-13 16:19:50.988 23813 30394 W FA      : Failed to retrieve Firebase Instance Id
08-13 16:19:51.003 23813 30394 W FA      : Failed to retrieve Firebase Instance Id
08-13 16:19:51.011  1062  6051 I HYPER-HAL: [RequestManager.cpp]releaseLocked(): Released ID : 9607551
08-13 16:19:51.019  1282  1908 V GrammaticalInflectionUtils: AttributionSource: AttributionSource { uid = 10419, packageName = null, attributionTag = null, token = android.os.Binder@88f1d92, deviceId = 0, next = null } does not have READ_SYSTEM_GRAMMATICAL_GENDER permission.
08-13 16:19:51.021  1282  2936 I SemDvfsHyPerManager: acquire hyper - AMS_APP_SWITCH/1282@26, type = -999
08-13 16:19:51.022  1111  1730 I SurfaceFlinger: id=233668 createSurf, flag=24004, Task=2226#233668
08-13 16:19:51.024 23813 30394 W FA      : Failed to retrieve Firebase Instance Id
08-13 16:19:51.025  1062  1149 I HYPER-HAL: [RequestManager.cpp]acquire(): Acquired ID : 856112  [1282 / 26]    HINT : AMS_APP_SWITCH    list :
08-13 16:19:51.027  1111  1730 I SurfaceFlinger: id=233669 createSurf, flag=84004, ActivityRecord{928d82 u0 com.example.cupcake.test/androidx.test.core.app.InstrumentationActivityInvoker$EmptyActivity t2226}#233669
08-13 16:19:51.035  4368  4368 I SemDvfsHyPerManager: acquire hyper - APP_START_SHORT/4368@14, type = -999
08-13 16:19:51.036 23813 30394 W FA      : Failed to retrieve Firebase Instance Id
08-13 16:19:51.040  1062  1149 I HYPER-HAL: [RequestManager.cpp]acquire(): Acquired ID : 9603167  [4368 / 14]    HINT : APP_START    list : [TIMEOUT / 1500]
08-13 16:19:51.045 23813 30394 W FA      : Failed to retrieve Firebase Instance Id
08-13 16:19:51.047  6225  5259 I NetworkScheduler: (REDACTED) Error inserting %s
08-13 16:19:51.048  1282  1908 I SemDvfsHyPerManager: acquire hyper - AMS_APP_LAUNCH/1282@21, type = -999
08-13 16:19:51.049  1111  1111 I SurfaceFlinger: [Task=2226#233668] attach to parent LayerHierarchy{RequestedLayerState{DefaultTaskDisplayArea_d0#11 parentId=10} 9 children}
08-13 16:19:51.049  1062  1149 I HYPER-HAL: [RequestManager.cpp]acquire(): Acquired ID : 849577  [1282 / 21]    HINT : AMS_APP_LAUNCH    list :
08-13 16:19:51.049  1111  1111 I SurfaceFlinger: [ActivityRecord{928d82 u0 com.example.cupcake.test/androidx.test.core.app.InstrumentationActivityInvoker$EmptyActivity t2226}#233669] attach to parent LayerHierarchy{RequestedLayerState{Task=2226#233668 parentId=11} 1 children}
08-13 16:19:51.050  3157  3157 E pageboostd: Received HALT command code 2
08-13 16:19:51.051  5596  5596 D LifecycleMonitor: Lifecycle status change: androidx.activity.ComponentActivity@d721612 in: PAUSED
08-13 16:19:51.051  5596  5596 V ActivityScenario: Update currentActivityStage to PAUSED, currentActivity=androidx.activity.ComponentActivity@d721612
08-13 16:19:51.054  2127  2334 I ViewRootImpl: dVRR is disabled
08-13 16:19:51.055  1282  3084 D InputDispatcher: Focused application(0): ActivityRecord{928d82 u0 com.example.cupcake.test/androidx.test.core.app.InstrumentationActivityInvoker$EmptyActivity t2226}
08-13 16:19:51.055  2127  2390 D NativeCustomFrequencyManager: [NativeCFMS] BpCustomFrequencyManager::BpCustomFrequencyManager()
08-13 16:19:51.056  1244  6944 I CameraService: onUidStateChanged: uid=10043, procState is changed. (0 -> 1)
08-13 16:19:51.058  1282  3681 D GraphicsStatsService: requestRenderEngineFor(com.example.cupcake.test)
08-13 16:19:51.059  4368  4368 I SemDvfsHyPerManager: acquire hyper - APP_START/4368@16, type = -999
08-13 16:19:51.059  1062  1149 I HYPER-HAL: [RequestManager.cpp]acquire(): Acquired ID : 9611936  [4368 / 16]    HINT : APP_START    list :
08-13 16:19:51.061  1282  1967 D AS.MultiSoundManager: mForegroundUid = 10419
08-13 16:19:51.062  1282  4371 D InputTransport: Input channel constructed: '1283aa6', fd=1007
08-13 16:19:51.062  1282  4371 D InputTransport: Input channel constructed: '1283aa6', fd=1025
08-13 16:19:51.063  1282  4371 D InputTransport: Input channel constructed: '1283aa6', fd=1026
08-13 16:19:51.064  1111  1730 I SurfaceFlinger: id=233670 createSurf, flag=84004, 1283aa6 Splash Screen com.example.cupcake.test#233670
08-13 16:19:51.065  2742  2108 I HoneySpace.RecentTasks: onRecentTasksChanged
08-13 16:19:51.066  2742  1821 I HoneySpace.RecentTasks: onRecentTasksChanged
08-13 16:19:51.066  2742  2887 I HoneySpace.TopTaskSource: onTaskMovedToFront : taskId = 2226, displayId = 0
08-13 16:19:51.067  2742  2889 I HoneySpace.TopTaskUseCase: topTaskId 2226, DisplayId : 0
08-13 16:19:51.068  1282  4371 D InputTransport: Input channel destroyed: '1283aa6', fd=1026
08-13 16:19:51.070  2127  2334 D InputTransport: Input channel constructed: '1283aa6', fd=547
08-13 16:19:51.071  2127  2334 I InsetsController: onStateChanged: host=Splash Screen com.example.cupcake.test, from=android.view.ViewRootImpl.setView:1999, state=InsetsState: {mDisplayFrame=Rect(0, 0 - 1080, 2340), mDisplayCutout=DisplayCutout{insets=Rect(0, 80 - 0, 0) waterfall=Insets{left=0, top=0, right=0, bottom=0} boundingRect={Bounds=[Rect(0, 0 - 0, 0), Rect(511, 0 - 569, 80), Rect(0, 0 - 0, 0), Rect(0, 0 - 0, 0)]} cutoutPathParserInfo={CutoutPathParserInfo{displayWidth=1080 displayHeight=2340 physicalDisplayWidth=1080 physicalDisplayHeight=2340 density={2.8125} cutoutSpec={M 0,0 M 0,7.822222222222222‬‬ a 10.31111111111111‬,10.31111111111111‬ 0 1,0 0,20.62222222222222‬ a 10.31111111111111‬,10.31111111111111‬ 0 1,0 0,-20.62222222222222‬ Z @dp} rotation={0} scale={1.0} physicalPixelDisplaySizeRatio={1.0}}} sideOverrides={}}, mRoundedCorners=RoundedCorners{[RoundedCorner{position=TopLeft, radius=113, center=Point(113, 113)}, RoundedCorner{position=TopRight, radius=113, center=Point(967, 113)}, RoundedCorner{position=BottomRight, radius=113, center=Point(967, 2227)}, RoundedCorner{position=BottomLeft, radius=113, center=Point(113, 2227)}]}  mRoundedCornerFrame=Rect(0, 0 - 1080, 2340), mPrivacyIndicatorBounds=PrivacyIndicatorBounds {static bounds=Rect(956, 0 - 1080, 80) rotation=0}, mDisplayShape=DisplayShape{ spec=-311912193 displayWidth=1080 displayHeight=2340 physicalPixelDisplaySizeRatio=1.0 rotation=0 offsetX=0 offsetY=0 scale=1.0}, mSources= { InsetsSource: {b9640000 mType=statusBars mFrame=[0,0][1080,80] mVisible=true mFlags= mSideHint=TOP mBoundingRects=null}, InsetsSource: {b9640005 mType=mandatorySystemGestures mFrame=[0,0][1080,114] mVisible=true mFlags= mSideHint=TOP mBoundingRects=null}, InsetsSource: {b9640006 mType=tappableElement mFrame=[0,0][1080,80] mVisible=true mFlags= mSideHint=TOP mBoundingRects=null}, InsetsSource: {d8440001 mType=navigationBars mFrame=[0,2298][1080,2340] mVisible=true mFlags=SUPPRESS_SCRIM mSideHint=BOTTOM mBoundingRects=null}, InsetsSource: {d8440004 mType=systemGestures mFrame=[0,0][63,2340] mVisible=true mFlags= mSideHint=LEFT mBoundingRects=null}, InsetsSource: {d8440005 mType=mandatorySystemGestures mFrame=[0,2250][1080,2340] mVisible=true mFlags= mSideHint=BOTTOM mBoundingRects=null}, InsetsSource: {d8440006 mType=tappableElement mFrame=[0,0][0,0] mVisible=true mFlags= mSideHint=NONE mBoundingRects=null}, InsetsSource: {d8440024 mType=systemGestures mFrame=[1017,0][1080,2340] mVisible=true mFlags= mSideHint=RIGHT mBoundingRects=null}, InsetsSource: {3 mType=ime mFrame=[0,0][0,0] mVisible=false mFlags= mSideHint=NONE mBoundingRects=null}, InsetsSource: {27 mType=displayCutout mFrame=[0,0][1080,80] mVisible=true mFlags= mSideHint=TOP mBoundingRects=null} }
08-13 16:19:51.071  2127  2334 I VRI[test]@a09584e: synced displayState. AttachInfo displayState=2
08-13 16:19:51.074 21624 21938 I Rubin   : [92] U9.g.x(Unknown Source) : Notify com.samsung.android.rubin.inferenceengine.contextanalytics.engine.loggers.AppUsageLogger's database is updated.
08-13 16:19:51.074  1111  1111 I SurfaceFlinger: [LayerHierarchy{RequestedLayerState{ImeContainer#16 parentId=233655 relativeParentId=233655 z=1} 1 children}] RelativeParent to null
08-13 16:19:51.074  1111  1111 I SurfaceFlinger: [1283aa6 Splash Screen com.example.cupcake.test#233670] attach to parent LayerHierarchy{RequestedLayerState{ActivityRecord{928d82 u0 com.example.cupcake.test/androidx.test.core.app.InstrumentationActivityInvoker$EmptyActivity t2226}#233669 parentId=233668} 1 children}
08-13 16:19:51.075  1111  1111 I BpBinder: onLastStrongRef automatically unlinking death recipients:
08-13 16:19:51.075  2742  1824 I HoneySpace.HistoryViewModel@160600677@OneUI: Illegal access. Unknown type. skip load history items
08-13 16:19:51.077  2742  2887 I HoneySpace.TopTaskSource: onTaskFocusChanged(): taskId = 2226
08-13 16:19:51.077  2742  2887 I HoneySpace.TopTaskSource: onTaskMovedToFront : taskId = 2226, displayId = 0
08-13 16:19:51.080  6225  5259 I NetworkScheduler: (REDACTED) Error inserting %s
08-13 16:19:51.083  1282  1444 D PkgPredictorService-SecIpmManagerServiceImpl: onForegroundActivitiesChanged pid:5736 uid:10419
08-13 16:19:51.083  1282  1444 D NetworkPolicy: already checked 10419
08-13 16:19:51.084  2127  2127 I {OngoingActivityController}: onTaskFocusChanged focused:false, baseActivity:ComponentInfo{com.example.cupcake/androidx.activity.ComponentActivity}
08-13 16:19:51.085  2127  2127 I {OngoingActivityController}: onTaskFocusChanged focused:true, baseActivity:ComponentInfo{com.example.cupcake.test/androidx.test.core.app.InstrumentationActivityInvoker$EmptyActivity}
08-13 16:19:51.085  1282  2840 V PkgPredictorService-SecIpmManagerServiceImpl: discard foreground app:com.example.cupcake.test 1|true
08-13 16:19:51.086  1111  1209 D SurfaceFlinger: [input] setFocusedWindow: <null>
08-13 16:19:51.086  2127  2334 I VRI[test]@a09584e: setView = android.widget.FrameLayout@a8edf05 IsHRR=false TM=true
08-13 16:19:51.087  2127  2390 D HWUI    : HWUI - treat SMPTE_170M as sRGB
08-13 16:19:51.088  1282  4902 D InputDispatcher: Focus left window (0): 5d4994f com.example.cupcake/androidx.activity.ComponentActivity
08-13 16:19:51.089  1282  2477 D InputDispatcher: Once focus requested (0): <null>
08-13 16:19:51.089  5736  5736 I DecorView: setWindowBackground: isPopOver=false color=ffffffff d=android.graphics.drawable.ColorDrawable@c3939cb
08-13 16:19:51.089  2127  2127 I {OngoingActivityDataHelper}: setBaseActivityComponentName:ComponentInfo{com.example.cupcake.test/androidx.test.core.app.InstrumentationActivityInvoker$EmptyActivity}
08-13 16:19:51.092  1282  2477 V WindowManager: Relayout Window{1283aa6 u0 Splash Screen com.example.cupcake.test}: viewVisibility=0 req=1080x2340 ty=3 d0
08-13 16:19:51.093  1111  1163 I SurfaceFlinger: id=233671 createSurf, flag=44004, Splash Screen com.example.cupcake.test$_2127#233671
08-13 16:19:51.097  1282  2477 V WindowManager: Relayout hash=1283aa6, pid=2127, syncId=-1: mAttrs={(0,0)(fillxfill) sim={adjust=pan} layoutInDisplayCutoutMode=always ty=APPLICATION_STARTING fmt=TRANSLUCENT
08-13 16:19:51.097  1282  2477 V WindowManager:   fl=81030118
08-13 16:19:51.097  1282  2477 V WindowManager:   pfl=10000810
08-13 16:19:51.097  1282  2477 V WindowManager:   apr=18
08-13 16:19:51.097  1282  2477 V WindowManager:   bhv=1
08-13 16:19:51.097  1282  2477 V WindowManager:   fitSides=0
08-13 16:19:51.097  1282  2477 V WindowManager:   frameRateBoostOnTouch=true
08-13 16:19:51.097  1282  2477 V WindowManager:   dvrrWindowFrameRateHint=true naviIconColor=0}
08-13 16:19:51.098  5736  5736 I ViewRootImpl: dVRR is disabled
08-13 16:19:51.098  5736  5756 D NativeCustomFrequencyManager: [NativeCFMS] BpCustomFrequencyManager::BpCustomFrequencyManager()
