08-13 16:19:46.716  5596  5677 I TestRunner: started: cupcakeNavHost_clickBackOnFlavorScreen_navigatesToStartOrderScreen(com.example.cupcake.test.CupcakeScreenNavigationTest)
08-13 16:19:46.716  1111  1111 I SurfaceFlinger: [LayerHierarchy{RequestedLayerState{com.example.cupcake/androidx.activity.ComponentActivity$_5596#233551} no children}] reparent to OffscreenRoot
08-13 16:19:46.716  1111  1111 I SurfaceFlinger: [LayerHierarchy{RequestedLayerState{com.example.cupcake/androidx.activity.ComponentActivity$_5596#233551} no children}] RelativeParent to null
08-13 16:19:46.716  1111  1111 I SurfaceFlinger: [LayerHierarchy{RequestedLayerState{Task=2219#233546 z=3} 1 children}] reparent to OffscreenRoot
08-13 16:19:46.716  1111  1111 I SurfaceFlinger: [LayerHierarchy{RequestedLayerState{Task=2219#233546 z=3} 1 children}] RelativeParent to null
08-13 16:19:46.716  1111  1111 I SurfaceFlinger: [LayerHierarchy{RequestedLayerState{ad78991 com.example.cupcake/androidx.activity.ComponentActivity#233550} no children}] reparent to OffscreenRoot
08-13 16:19:46.716  1111  1111 I SurfaceFlinger: [LayerHierarchy{RequestedLayerState{ad78991 com.example.cupcake/androidx.activity.ComponentActivity#233550} no children}] RelativeParent to null
08-13 16:19:46.716  1111  1111 I SurfaceFlinger: [LayerHierarchy{RequestedLayerState{ActivityRecord{80bb2e9 u0 com.example.cupcake/androidx.activity.ComponentActivity t2219}#233547} 1 children}] reparent to OffscreenRoot
08-13 16:19:46.716  1111  1111 I SurfaceFlinger: [LayerHierarchy{RequestedLayerState{ActivityRecord{80bb2e9 u0 com.example.cupcake/androidx.activity.ComponentActivity t2219}#233547} 1 children}] RelativeParent to null
08-13 16:19:46.716  1111  1111 I SurfaceFlinger: [LayerHierarchy{RequestedLayerState{Task=2219#233580 z=3} no children}] reparent to OffscreenRoot
08-13 16:19:46.716  1111  1111 I SurfaceFlinger: [LayerHierarchy{RequestedLayerState{Task=2219#233580 z=3} no children}] RelativeParent to null
08-13 16:19:46.718  1111  1111 I SurfaceFlinger: id=233580 Removed Task=2219#233580 (157)
08-13 16:19:46.719  1111  1111 I SurfaceFlinger: id=233547 Removed ActivityRecord{80bb2e9 u0 com.example.cupcake/androidx.activity.ComponentActivity t2219}#233547 (157)
08-13 16:19:46.719  1111  1111 I SurfaceFlinger: id=233550 Removed ad78991 com.example.cupcake/androidx.activity.ComponentActivity#233550 (157)
08-13 16:19:46.719  1111  1111 I SurfaceFlinger: id=233551 Removed com.example.cupcake/androidx.activity.ComponentActivity$_5596#233551 (157)
08-13 16:19:46.723  5596  5677 D IdlingRegistry: Registering idling resources: [androidx.compose.ui.test.EspressoLink@404b6f2]
08-13 16:19:46.726  1111  1111 I SurfaceFlinger: destroyed com.example.cupcake/androidx.activity.ComponentActivity$_5596#233551
08-13 16:19:46.726  1111  1111 I SurfaceFlinger: destroyed Task=2219#233580
08-13 16:19:46.726  1111  1111 I SurfaceFlinger: destroyed ad78991 com.example.cupcake/androidx.activity.ComponentActivity#233550
08-13 16:19:46.726  1111  1111 I SurfaceFlinger: destroyed ActivityRecord{80bb2e9 u0 com.example.cupcake/androidx.activity.ComponentActivity t2219}#233547
08-13 16:19:46.726  1111  1111 I SurfaceFlinger: destroyed 389ddb3 ActivityRecordInputSink com.example.cupcake/androidx.activity.ComponentActivity#233556
08-13 16:19:46.728  5596  5677 W Settings: Setting always_finish_activities has moved from android.provider.Settings.System to android.provider.Settings.Global, returning read-only value.
08-13 16:19:46.728  1111  1111 I Layer   : id=233556 Destroyed 389ddb3 ActivityRecordInputSink com.example.cupcake/androidx.activity.ComponentActivity#233556
08-13 16:19:46.728  1111  1111 I Layer   : id=233580 Destroyed Task=2219#233580
08-13 16:19:46.728  1111  1111 I Layer   : id=233551 Destroyed com.example.cupcake/androidx.activity.ComponentActivity$_5596#233551
08-13 16:19:46.729  1111  1111 I Layer   : id=233547 Destroyed ActivityRecord{80bb2e9 u0 com.example.cupcake/androidx.activity.ComponentActivity t2219}#233547
08-13 16:19:46.729  1111  1111 I Layer   : id=233550 Destroyed ad78991 com.example.cupcake/androidx.activity.ComponentActivity#233550
08-13 16:19:46.733  2127  2127 D Bubbles : onEntryUpdated : shouldBubbleUp=false ,key=0|com.samsung.android.app.smartcapture|1332|null|10190
08-13 16:19:46.734  2127  2127 D InterruptionStateProvider:  no Heads up : edgelighting enabled app. 0|com.samsung.android.app.smartcapture|1332|null|10190
08-13 16:19:46.736  1282  4478 V GrammaticalInflectionUtils: AttributionSource: AttributionSource { uid = 10418, packageName = null, attributionTag = null, token = android.os.Binder@88f1d92, deviceId = 0, next = null } does not have READ_SYSTEM_GRAMMATICAL_GENDER permission.
08-13 16:19:46.738  1282  2936 I SemDvfsHyPerManager: acquire hyper - AMS_APP_SWITCH/1282@26, type = -999
08-13 16:19:46.739  1062  1149 I HYPER-HAL: [RequestManager.cpp]acquire(): Acquired ID : 856112  [1282 / 26]    HINT : AMS_APP_SWITCH    list :
08-13 16:19:46.739  1111  1223 I SurfaceFlinger: id=233581 createSurf, flag=24004, Task=2221#233581
08-13 16:19:46.739  4368  4368 I SemDvfsHyPerManager: acquire hyper - APP_START_SHORT/4368@14, type = -999
08-13 16:19:46.740  1062  1149 I HYPER-HAL: [RequestManager.cpp]acquire(): Acquired ID : 9603167  [4368 / 14]    HINT : APP_START    list : [TIMEOUT / 1500]
08-13 16:19:46.740  1111  1223 I SurfaceFlinger: id=233582 createSurf, flag=84004, ActivityRecord{38bc2ed u0 com.example.cupcake/androidx.activity.ComponentActivity t2221}#233582
08-13 16:19:46.743  2127  2127 D SubscreenNotificationListCoordinator: onAfterRenderList() isSubScreen = false, pluginLockMode = 0, doNotShowOnCover = false
08-13 16:19:46.744  2127  2127 D SecKeyguardClockPositionAlgorithm: getTopMargin scale = 1.2690217, clockContainerHeight = 389, scaleMarginY = -41
08-13 16:19:46.746  2127  2127 I LockscreenNotificationIconsOnlyController: onNotificationInfoUpdated 0
08-13 16:19:46.747  2127  2127 I AODNotificationManager: updateNotification()
08-13 16:19:46.748  1282  4478 I SemDvfsHyPerManager: acquire hyper - AMS_APP_LAUNCH/1282@21, type = -999
08-13 16:19:46.749  1062  1149 I HYPER-HAL: [RequestManager.cpp]acquire(): Acquired ID : 849577  [1282 / 21]    HINT : AMS_APP_LAUNCH    list :
08-13 16:19:46.750  3157  3157 E pageboostd: Received HALT command code 2
08-13 16:19:46.753  4368  4368 I SemDvfsHyPerManager: acquire hyper - APP_START/4368@16, type = -999
08-13 16:19:46.753  1062  1149 I HYPER-HAL: [RequestManager.cpp]acquire(): Acquired ID : 9611936  [4368 / 16]    HINT : APP_START    list :
08-13 16:19:46.753  2742  2742 I HoneySpace.CapturedBlurManager: capturedBlurView: pause(25347631)
08-13 16:19:46.753  2742  2742 I HoneySpace.Launcher: !@Boot_EBS_D: Launcher.onPause()
08-13 16:19:46.754  2742  2742 I HoneySpace.Launcher: updateLauncherShowing true -> false
08-13 16:19:46.755  2742 28910 I HoneySpace.SPayHandler: updateSpayHandler launcher activity is paused false
08-13 16:19:46.755  1066  4972 I ExynosC2H264EncComponent: [onUpdateC2Work] got SYNC FRAME
08-13 16:19:46.756  2127  2334 I ViewRootImpl: dVRR is disabled
08-13 16:19:46.757  2127  2390 D NativeCustomFrequencyManager: [NativeCFMS] BpCustomFrequencyManager::BpCustomFrequencyManager()
08-13 16:19:46.757  1111  1111 I SurfaceFlinger: [Task=2221#233581] attach to parent LayerHierarchy{RequestedLayerState{DefaultTaskDisplayArea_d0#11 parentId=10} 8 children}
08-13 16:19:46.757  1111  1111 I SurfaceFlinger: [ActivityRecord{38bc2ed u0 com.example.cupcake/androidx.activity.ComponentActivity t2221}#233582] attach to parent LayerHierarchy{RequestedLayerState{Task=2221#233581 parentId=11} 1 children}
08-13 16:19:46.757  2127  2816 D LocalImageResolver: Couldn't use ImageDecoder for drawable, falling back to non-resized load.
08-13 16:19:46.758  2127  2816 D LocalImageResolver: Couldn't use ImageDecoder for drawable, falling back to non-resized load.
08-13 16:19:46.759  1282  1908 D InputDispatcher: Focused application(0): ActivityRecord{38bc2ed u0 com.example.cupcake/androidx.activity.ComponentActivity t2221}
08-13 16:19:46.759  1282  4478 D GraphicsStatsService: requestRenderEngineFor(com.example.cupcake)
08-13 16:19:46.761  1244 15899 I CameraService: onUidStateChanged: uid=10043, procState is changed. (0 -> 1)
08-13 16:19:46.762  2127  2127 I AppIconSolution: return adaptive icon for com.samsung.android.app.smartcapture, isNight = true
08-13 16:19:46.764  2742  2887 I HoneySpace.TopTaskSource: onTaskMovedToFront : taskId = 2221, displayId = 0
08-13 16:19:46.764  2742  2889 I HoneySpace.TopTaskUseCase: topTaskId 2221, DisplayId : 0
08-13 16:19:46.767  1282  1967 D AS.MultiSoundManager: mForegroundUid = 10418
08-13 16:19:46.769  2742  1824 I HoneySpace.RecentTasks: onRecentTasksChanged
08-13 16:19:46.769  2742 28910 I HoneySpace.RecentTasks: onRecentTasksChanged
08-13 16:19:46.770  1282  4902 D InputTransport: Input channel constructed: 'aac089c', fd=1020
08-13 16:19:46.770  1282  4902 D InputTransport: Input channel constructed: 'aac089c', fd=1025
08-13 16:19:46.770  1282  4902 D InputTransport: Input channel constructed: 'aac089c', fd=1026
08-13 16:19:46.771  2127  2127 D S.S.N.  : entryViewBound parent :0|com.samsung.android.app.smartcapture|1332|null|10190
08-13 16:19:46.771  1111  1162 I SurfaceFlinger: id=233583 createSurf, flag=84004, aac089c Splash Screen com.example.cupcake#233583
08-13 16:19:46.772  2127  2127 I AppIconSolution: return adaptive icon for com.samsung.android.app.smartcapture, isNight = true
08-13 16:19:46.773  1282  4902 D InputTransport: Input channel destroyed: 'aac089c', fd=1026
08-13 16:19:46.774  1282  1444 D PkgPredictorService-SecIpmManagerServiceImpl: onForegroundActivitiesChanged pid:5596 uid:10418
08-13 16:19:46.774  1111  1111 I SurfaceFlinger: [LayerHierarchy{RequestedLayerState{ImeContainer#16 parentId=123 relativeParentId=123 z=1} 1 children}] RelativeParent to null
08-13 16:19:46.774  1111  1111 I SurfaceFlinger: [aac089c Splash Screen com.example.cupcake#233583] attach to parent LayerHierarchy{RequestedLayerState{ActivityRecord{38bc2ed u0 com.example.cupcake/androidx.activity.ComponentActivity t2221}#233582 parentId=233581} 1 children}
08-13 16:19:46.775  5596  5596 D LifecycleMonitor: Lifecycle status change: androidx.activity.ComponentActivity@c380e31 in: PRE_ON_CREATE
08-13 16:19:46.775  5596  5596 V ActivityScenario: Activity lifecycle changed event received but ignored because the reported transition was not ON_CREATE while the last known transition was PRE_ON_CREATE
08-13 16:19:46.775  1282  1444 D NetworkPolicy: already checked 10418
08-13 16:19:46.775  2127  2334 D InputTransport: Input channel constructed: 'aac089c', fd=474
08-13 16:19:46.776  2127  2334 I InsetsController: onStateChanged: host=Splash Screen com.example.cupcake, from=android.view.ViewRootImpl.setView:1999, state=InsetsState: {mDisplayFrame=Rect(0, 0 - 1080, 2340), mDisplayCutout=DisplayCutout{insets=Rect(0, 80 - 0, 0) waterfall=Insets{left=0, top=0, right=0, bottom=0} boundingRect={Bounds=[Rect(0, 0 - 0, 0), Rect(511, 0 - 569, 80), Rect(0, 0 - 0, 0), Rect(0, 0 - 0, 0)]} cutoutPathParserInfo={CutoutPathParserInfo{displayWidth=1080 displayHeight=2340 physicalDisplayWidth=1080 physicalDisplayHeight=2340 density={2.8125} cutoutSpec={M 0,0 M 0,7.822222222222222‬‬ a 10.31111111111111‬,10.31111111111111‬ 0 1,0 0,20.62222222222222‬ a 10.31111111111111‬,10.31111111111111‬ 0 1,0 0,-20.62222222222222‬ Z @dp} rotation={0} scale={1.0} physicalPixelDisplaySizeRatio={1.0}}} sideOverrides={}}, mRoundedCorners=RoundedCorners{[RoundedCorner{position=TopLeft, radius=113, center=Point(113, 113)}, RoundedCorner{position=TopRight, radius=113, center=Point(967, 113)}, RoundedCorner{position=BottomRight, radius=113, center=Point(967, 2227)}, RoundedCorner{position=BottomLeft, radius=113, center=Point(113, 2227)}]}  mRoundedCornerFrame=Rect(0, 0 - 1080, 2340), mPrivacyIndicatorBounds=PrivacyIndicatorBounds {static bounds=Rect(956, 0 - 1080, 80) rotation=0}, mDisplayShape=DisplayShape{ spec=-311912193 displayWidth=1080 displayHeight=2340 physicalPixelDisplaySizeRatio=1.0 rotation=0 offsetX=0 offsetY=0 scale=1.0}, mSources= { InsetsSource: {b9640000 mType=statusBars mFrame=[0,0][1080,80] mVisible=true mFlags= mSideHint=TOP mBoundingRects=null}, InsetsSource: {b9640005 mType=mandatorySystemGestures mFrame=[0,0][1080,114] mVisible=true mFlags= mSideHint=TOP mBoundingRects=null}, InsetsSource: {b9640006 mType=tappableElement mFrame=[0,0][1080,80] mVisible=true mFlags= mSideHint=TOP mBoundingRects=null}, InsetsSource: {d8440001 mType=navigationBars mFrame=[0,2298][1080,2340] mVisible=true mFlags=SUPPRESS_SCRIM mSideHint=BOTTOM mBoundingRects=null}, InsetsSource: {d8440004 mType=systemGestures mFrame=[0,0][63,2340] mVisible=true mFlags= mSideHint=LEFT mBoundingRects=null}, InsetsSource: {d8440005 mType=mandatorySystemGestures mFrame=[0,2250][1080,2340] mVisible=true mFlags= mSideHint=BOTTOM mBoundingRects=null}, InsetsSource: {d8440006 mType=tappableElement mFrame=[0,0][0,0] mVisible=true mFlags= mSideHint=NONE mBoundingRects=null}, InsetsSource: {d8440024 mType=systemGestures mFrame=[1017,0][1080,2340] mVisible=true mFlags= mSideHint=RIGHT mBoundingRects=null}, InsetsSource: {3 mType=ime mFrame=[0,0][0,0] mVisible=false mFlags= mSideHint=NONE mBoundingRects=null}, InsetsSource: {27 mType=displayCutout mFrame=[0,0][1080,80] mVisible=true mFlags= mSideHint=TOP mBoundingRects=null} }
08-13 16:19:46.776  2127  2334 I VRI[cupcake]@7736ecc: synced displayState. AttachInfo displayState=2
08-13 16:19:46.777  2127  2334 I VRI[cupcake]@7736ecc: setView = android.widget.FrameLayout@1622fc IsHRR=false TM=true
08-13 16:19:46.778  5596  5596 I DecorView: setWindowBackground: isPopOver=false color=fffafafa d=android.graphics.drawable.ColorDrawable@2d4c0a2
08-13 16:19:46.778  2127  2390 D HWUI    : HWUI - treat SMPTE_170M as sRGB
08-13 16:19:46.779  5596  5596 D LifecycleMonitor: Lifecycle status change: androidx.activity.ComponentActivity@c380e31 in: CREATED
08-13 16:19:46.779  5596  5596 V ActivityScenario: Update currentActivityStage to CREATED, currentActivity=androidx.activity.ComponentActivity@c380e31
08-13 16:19:46.780  2127  2127 D SubscreenNotificationListCoordinator: onAfterRenderList() isSubScreen = false, pluginLockMode = 0, doNotShowOnCover = false
08-13 16:19:46.780  5596  5596 D LifecycleMonitor: Lifecycle status change: androidx.activity.ComponentActivity@c380e31 in: STARTED
08-13 16:19:46.780  5596  5596 V ActivityScenario: Update currentActivityStage to STARTED, currentActivity=androidx.activity.ComponentActivity@c380e31
08-13 16:19:46.780  1282  4402 V WindowManager: Relayout Window{aac089c u0 Splash Screen com.example.cupcake}: viewVisibility=0 req=1080x2340 ty=3 d0
08-13 16:19:46.781  2742  2887 I HoneySpace.TopTaskSource: onTaskFocusChanged(): taskId = 2221
08-13 16:19:46.781  2742  2887 I HoneySpace.TopTaskSource: onTaskMovedToFront : taskId = 2221, displayId = 0
08-13 16:19:46.782  5596  5596 D LifecycleMonitor: Lifecycle status change: androidx.activity.ComponentActivity@c380e31 in: RESUMED
08-13 16:19:46.782  5596  5596 V ActivityScenario: Update currentActivityStage to RESUMED, currentActivity=androidx.activity.ComponentActivity@c380e31
08-13 16:19:46.785  5596  5596 I ViewRootImpl: dVRR is disabled
08-13 16:19:46.785  5596  5687 D NativeCustomFrequencyManager: [NativeCFMS] BpCustomFrequencyManager::BpCustomFrequencyManager()
08-13 16:19:46.786  2127  2127 D SecKeyguardClockPositionAlgorithm: getTopMargin scale = 1.2690217, clockContainerHeight = 389, scaleMarginY = -41
08-13 16:19:46.786  1111  1223 I SurfaceFlinger: id=233584 createSurf, flag=44004, Splash Screen com.example.cupcake$_2127#233584
08-13 16:19:46.789  2742  1823 I HoneySpace.HistoryViewModel@160600677@OneUI: Illegal access. Unknown type. skip load history items
08-13 16:19:46.793  1111  1111 I SurfaceFlinger: [Splash Screen com.example.cupcake$_2127#233584] attach to parent LayerHierarchy{RequestedLayerState{aac089c Splash Screen com.example.cupcake#233583 parentId=233582} 1 children}
08-13 16:19:46.794  1282  4402 V WindowManager: Relayout hash=aac089c, pid=2127, syncId=-1: mAttrs={(0,0)(fillxfill) sim={adjust=pan} layoutInDisplayCutoutMode=always ty=APPLICATION_STARTING fmt=TRANSLUCENT wanim=0x1030312
08-13 16:19:46.794  1282  4402 V WindowManager:   fl=81030118
08-13 16:19:46.794  1282  4402 V WindowManager:   pfl=10000810
08-13 16:19:46.794  1282  4402 V WindowManager:   apr=18
08-13 16:19:46.794  1282  4402 V WindowManager:   bhv=1
08-13 16:19:46.794  1282  4402 V WindowManager:   fitSides=0
08-13 16:19:46.794  1282  4402 V WindowManager:   frameRateBoostOnTouch=true
08-13 16:19:46.794  1282  4402 V WindowManager:   dvrrWindowFrameRateHint=true naviIconColor=0}
08-13 16:19:46.797  1282  4376 D InputTransport: Input channel constructed: 'b76cf34', fd=1026
08-13 16:19:46.797  1282  4376 D InputTransport: Input channel constructed: 'b76cf34', fd=1032
08-13 16:19:46.797  1282  4376 D InputTransport: Input channel constructed: 'b76cf34', fd=1035
08-13 16:19:46.797  1111  1223 I SurfaceFlinger: id=233585 createSurf, flag=84004, b76cf34 com.example.cupcake/androidx.activity.ComponentActivity#233585
08-13 16:19:46.798  2127  2334 I BLASTBufferQueue_Java: new BLASTBufferQueue, mName= VRI[cupcake]@7736ecc mNativeObject= 0xb400007519187dd0 sc.mNativeObject= 0xb4000076190e0b10 caller= android.view.ViewRootImpl.updateBlastSurfaceIfNeeded:3397 android.view.ViewRootImpl.relayoutWindow:11361 android.view.ViewRootImpl.performTraversals:4544 android.view.ViewRootImpl.doTraversal:3708 android.view.ViewRootImpl$TraversalRunnable.run:12542 android.view.Choreographer$CallbackRecord.run:1751 android.view.Choreographer$CallbackRecord.run:1760 android.view.Choreographer.doCallbacks:1216 android.view.Choreographer.doFrame:1142 android.view.Choreographer$FrameDisplayEventReceiver.run:1707
08-13 16:19:46.799  2127  2334 I BLASTBufferQueue_Java: update, w= 1080 h= 2340 mName = VRI[cupcake]@7736ecc mNativeObject= 0xb400007519187dd0 sc.mNativeObject= 0xb4000076190e0b10 format= -3 caller= android.graphics.BLASTBufferQueue.<init>:88 android.view.ViewRootImpl.updateBlastSurfaceIfNeeded:3397 android.view.ViewRootImpl.relayoutWindow:11361 android.view.ViewRootImpl.performTraversals:4544 android.view.ViewRootImpl.doTraversal:3708 android.view.ViewRootImpl$TraversalRunnable.run:12542
08-13 16:19:46.799 21624 21938 I Rubin   : [92] U9.g.x(Unknown Source) : Notify com.samsung.android.rubin.inferenceengine.contextanalytics.engine.loggers.AppUsageLogger's database is updated.
08-13 16:19:46.799  2127  2334 I VRI[cupcake]@7736ecc: Relayout returned: old=(0,0,1080,2340) new=(0,0,1080,2340) relayoutAsync=false req=(1080,2340)0 dur=18 res=0x3 s={true 0xb4000075e934b200} ch=true seqId=0
08-13 16:19:46.799  2127  2334 I VRI[cupcake]@7736ecc: performConfigurationChange setNightDimText nightDimLevel=0
08-13 16:19:46.800  2127  2334 D VRI[cupcake]@7736ecc: mThreadedRenderer.initialize() mSurface={isValid=true 0xb4000075e934b200} hwInitialized=true
08-13 16:19:46.800  1282  4376 D InputTransport: Input channel destroyed: 'b76cf34', fd=1035
08-13 16:19:46.801  1111  1111 I SurfaceFlinger: [b76cf34 com.example.cupcake/androidx.activity.ComponentActivity#233585] attach to parent LayerHierarchy{RequestedLayerState{ActivityRecord{38bc2ed u0 com.example.cupcake/androidx.activity.ComponentActivity t2221}#233582 parentId=233581} 2 children}
08-13 16:19:46.801  5596  5596 D InputTransport: Input channel constructed: 'b76cf34', fd=134
08-13 16:19:46.802  5596  5596 I InsetsController: onStateChanged: host=com.example.cupcake/androidx.activity.ComponentActivity, from=android.view.ViewRootImpl.setView:1999, state=InsetsState: {mDisplayFrame=Rect(0, 0 - 1080, 2340), mDisplayCutout=DisplayCutout{insets=Rect(0, 80 - 0, 0) waterfall=Insets{left=0, top=0, right=0, bottom=0} boundingRect={Bounds=[Rect(0, 0 - 0, 0), Rect(511, 0 - 569, 80), Rect(0, 0 - 0, 0), Rect(0, 0 - 0, 0)]} cutoutPathParserInfo={CutoutPathParserInfo{displayWidth=1080 displayHeight=2340 physicalDisplayWidth=1080 physicalDisplayHeight=2340 density={2.8125} cutoutSpec={M 0,0 M 0,7.822222222222222‬‬ a 10.31111111111111‬,10.31111111111111‬ 0 1,0 0,20.62222222222222‬ a 10.31111111111111‬,10.31111111111111‬ 0 1,0 0,-20.62222222222222‬ Z @dp} rotation={0} scale={1.0} physicalPixelDisplaySizeRatio={1.0}}} sideOverrides={}}, mRoundedCorners=RoundedCorners{[RoundedCorner{position=TopLeft, radius=113, center=Point(113, 113)}, RoundedCorner{position=TopRight, radius=113, center=Point(967, 113)}, RoundedCorner{position=BottomRight, radius=113, center=Point(967, 2227)}, RoundedCorner{position=BottomLeft, radius=113, center=Point(113, 2227)}]}  mRoundedCornerFrame=Rect(0, 0 - 1080, 2340), mPrivacyIndicatorBounds=PrivacyIndicatorBounds {static bounds=Rect(956, 0 - 1080, 80) rotation=0}, mDisplayShape=DisplayShape{ spec=-311912193 displayWidth=1080 displayHeight=2340 physicalPixelDisplaySizeRatio=1.0 rotation=0 offsetX=0 offsetY=0 scale=1.0}, mSources= { InsetsSource: {b9640000 mType=statusBars mFrame=[0,0][1080,80] mVisible=true mFlags= mSideHint=TOP mBoundingRects=null}, InsetsSource: {b9640005 mType=mandatorySystemGestures mFrame=[0,0][1080,114] mVisible=true mFlags= mSideHint=TOP mBoundingRects=null}, InsetsSource: {b9640006 mType=tappableElement mFrame=[0,0][1080,80] mVisible=true mFlags= mSideHint=TOP mBoundingRects=null}, InsetsSource: {d8440001 mType=navigationBars mFrame=[0,2298][1080,2340] mVisible=true mFlags=SUPPRESS_SCRIM mSideHint=BOTTOM mBoundingRects=null}, InsetsSource: {d8440004 mType=systemGestures mFrame=[0,0][63,2340] mVisible=true mFlags= mSideHint=LEFT mBoundingRects=null}, InsetsSource: {d8440005 mType=mandatorySystemGestures mFrame=[0,2250][1080,2340] mVisible=true mFlags= mSideHint=BOTTOM mBoundingRects=null}, InsetsSource: {d8440006 mType=tappableElement mFrame=[0,0][0,0] mVisible=true mFlags= mSideHint=NONE mBoundingRects=null}, InsetsSource: {d8440024 mType=systemGestures mFrame=[1017,0][1080,2340] mVisible=true mFlags= mSideHint=RIGHT mBoundingRects=null}, InsetsSource: {3 mType=ime mFrame=[0,0][0,0] mVisible=false mFlags= mSideHint=NONE mBoundingRects=null}, InsetsSource: {27 mType=displayCutout mFrame=[0,0][1080,80] mVisible=true mFlags= mSideHint=TOP mBoundingRects=null} }
08-13 16:19:46.802  5596  5596 I VRI[ComponentActivity]@1bd881c: synced displayState. AttachInfo displayState=2
08-13 16:19:46.803  2127  2334 D VRI[cupcake]@7736ecc: reportNextDraw android.view.ViewRootImpl.performTraversals:5193 android.view.ViewRootImpl.doTraversal:3708 android.view.ViewRootImpl$TraversalRunnable.run:12542 android.view.Choreographer$CallbackRecord.run:1751 android.view.Choreographer$CallbackRecord.run:1760
08-13 16:19:46.803  2127  2334 D VRI[cupcake]@7736ecc: Setup new sync=wmsSync-VRI[cupcake]@7736ecc#80
08-13 16:19:46.803  2127  2334 I VRI[cupcake]@7736ecc: Creating new active sync group VRI[cupcake]@7736ecc#81
08-13 16:19:46.803  2127  2334 D VRI[cupcake]@7736ecc: registerCallbacksForSync syncBuffer=false
08-13 16:19:46.805  2127  2127 I {OngoingActivityController}: onTaskFocusChanged focused:false, baseActivity:ComponentInfo{com.sec.android.app.launcher/com.sec.android.app.launcher.Launcher}
08-13 16:19:46.806  5596  5596 I VRI[ComponentActivity]@1bd881c: setView = com.android.internal.policy.DecorView@7a5f3ab IsHRR=false TM=true
08-13 16:19:46.807  5596  5687 D HWUI    : HWUI - treat SMPTE_170M as sRGB
08-13 16:19:46.811  1111  1111 I BpBinder: onLastStrongRef automatically unlinking death recipients:
08-13 16:19:46.812  1111  1209 D SurfaceFlinger: [input] setFocusedWindow: <null>
08-13 16:19:46.813  1282  4807 D InputDispatcher: Once focus requested (0): <null>
08-13 16:19:46.813  1282  4807 D InputDispatcher: Focus request (0): <null> but waiting because NO_WINDOW
08-13 16:19:46.813  1282  4807 D InputDispatcher: Focus left window (0): c2c214a com.sec.android.app.launcher/com.sec.android.app.launcher.activities.LauncherActivity
08-13 16:19:46.814  1282  1615 V WindowManager: Relayout Window{b76cf34 u0 com.example.cupcake/androidx.activity.ComponentActivity}: viewVisibility=0 req=1080x2340 ty=1 d0
08-13 16:19:46.814  1111  1730 I SurfaceFlinger: id=233586 createSurf, flag=44004, com.example.cupcake/androidx.activity.ComponentActivity$_5596#233586
08-13 16:19:46.815  2742  2742 I ImeFocusController: onPreWindowFocus: skipped hasWindowFocus=false mHasImeFocus=true
08-13 16:19:46.816  2742  2742 I ImeFocusController: onPostWindowFocus: skipped hasWindowFocus=false mHasImeFocus=true
08-13 16:19:46.817  2127  2938 D VRI[cupcake]@7736ecc: Received frameDrawingCallback syncResult=0 frameNum=1.
08-13 16:19:46.819  2127  2938 I VRI[cupcake]@7736ecc: mWNT: t=0xb40000760915d350 mBlastBufferQueue=0xb400007519187dd0 fn= 1 HdrRenderState mRenderHdrSdrRatio=1.0 caller= android.view.ViewRootImpl$11.onFrameDraw:15016 android.view.ThreadedRenderer$1.onFrameDraw:761 <bottom of call stack>
08-13 16:19:46.819  2127  2938 I VRI[cupcake]@7736ecc: Setting up sync and frameCommitCallback
08-13 16:19:46.820  1111  1223 I SurfaceFlinger: id=233587 createSurf, flag=24000, Surface(name=8a94d40 NavigationBar0)/@0x65d636d - animation-leash of insets_animation#233587
08-13 16:19:46.821  2127  2390 I BLASTBufferQueue: [VRI[cupcake]@7736ecc#13520](f:0,a:0,s:0) onFrameAvailable the first frame is available
08-13 16:19:46.822  1111  1730 I SurfaceFlinger: [Splash Screen com.example.cupcake$_2127#233584] setTransactionState with the first frame. bufferData(ID: 9135395538148, frameNumber: 1)
08-13 16:19:46.823  2127  2390 I VRI[cupcake]@7736ecc: Received frameCommittedCallback lastAttemptedDrawFrameNum=1 didProduceBuffer=true
08-13 16:19:46.823  1111  1162 I SurfaceFlinger: id=233588 createSurf, flag=24000, Surface(name=e0324bb StatusBar)/@0x8487ff0 - animation-leash of insets_animation#233588
08-13 16:19:46.823  2127  2390 D HWUI    : CFMS:: SetUp Pid : 2127    Tid : 2390
08-13 16:19:46.824  2742 28910 I HoneySpace.HistoryViewModel@160600677@OneUI: Illegal access. Unknown type. skip load history items
08-13 16:19:46.824  2127  2334 D VRI[cupcake]@7736ecc: reportDrawFinished seqId=0
08-13 16:19:46.826  1111  1111 I SurfaceFlinger: [com.example.cupcake/androidx.activity.ComponentActivity$_5596#233586] attach to parent LayerHierarchy{RequestedLayerState{b76cf34 com.example.cupcake/androidx.activity.ComponentActivity#233585 parentId=233582} 1 children}
08-13 16:19:46.826  1111  1111 I SurfaceFlinger: [Surface(name=8a94d40 NavigationBar0)/@0x65d636d - animation-leash of insets_animation#233587] attach to parent LayerHierarchy{RequestedLayerState{WindowToken{4aa5472 type=2019 android.os.BinderProxy@bd187d4}#87 parentId=31} 2 children}
08-13 16:19:46.826  1111  1111 I SurfaceFlinger: [Surface(name=e0324bb StatusBar)/@0x8487ff0 - animation-leash of insets_animation#233588] attach to parent LayerHierarchy{RequestedLayerState{WindowToken{b8fcd4a type=2000 android.os.BinderProxy@ecaaeec}#94 parentId=19} 2 children}
08-13 16:19:46.827  1282  1615 I SystemKeyManager: requested systemKeyInfo size=2 focusedWindow=com.example.cupcake/androidx.activity.ComponentActivity
08-13 16:19:46.828  1282  1615 V WindowManager: Relayout hash=b76cf34, pid=5596, syncId=-1: mAttrs={(0,0)(fillxfill) sim={adjust=pan forwardNavigation} layoutInDisplayCutoutMode=always ty=BASE_APPLICATION wanim=0x1030312
08-13 16:19:46.828  1282  1615 V WindowManager:   fl=81810100
08-13 16:19:46.828  1282  1615 V WindowManager:   pfl=100088c0
08-13 16:19:46.828  1282  1615 V WindowManager:   apr=210
08-13 16:19:46.828  1282  1615 V WindowManager:   bhv=1
08-13 16:19:46.828  1282  1615 V WindowManager:   fitSides=0
08-13 16:19:46.828  1282  1615 V WindowManager:   frameRateBoostOnTouch=true
08-13 16:19:46.828  1282  1615 V WindowManager:   dvrrWindowFrameRateHint=true naviIconColor=0}
08-13 16:19:46.829  2127  2127 I {OngoingActivityController}: onTaskFocusChanged focused:true, baseActivity:ComponentInfo{com.example.cupcake/androidx.activity.ComponentActivity}
08-13 16:19:46.829  2127  2127 I {OngoingActivityDataHelper}: setBaseActivityComponentName:ComponentInfo{com.example.cupcake/androidx.activity.ComponentActivity}
08-13 16:19:46.830  2127  2127 I LockscreenNotificationIconsOnlyController: onNotificationInfoUpdated 0
08-13 16:19:46.830  2127  2127 I AODNotificationManager: updateNotification()
08-13 16:19:46.830  2127  2127 D NavigationBar: onSystemBarAttributesChanged() -  displayId:0, appearance:512, packageName: com.example.cupcake (), navbarColorManagedByIme:false
08-13 16:19:46.831  2127  2127 D SysUiState: SysUiState changed: old=0x10000000 new=0x10020000
08-13 16:19:46.831  5596  5596 I BLASTBufferQueue_Java: new BLASTBufferQueue, mName= VRI[ComponentActivity]@1bd881c mNativeObject= 0xb4000075190ccf30 sc.mNativeObject= 0xb4000076190bcbd0 caller= android.view.ViewRootImpl.updateBlastSurfaceIfNeeded:3397 android.view.ViewRootImpl.relayoutWindow:11361 android.view.ViewRootImpl.performTraversals:4544 android.view.ViewRootImpl.doTraversal:3708 android.view.ViewRootImpl$TraversalRunnable.run:12542 android.view.Choreographer$CallbackRecord.run:1751 android.view.Choreographer$CallbackRecord.run:1760 android.view.Choreographer.doCallbacks:1216 android.view.Choreographer.doFrame:1142 android.view.Choreographer$FrameDisplayEventReceiver.run:1707
08-13 16:19:46.831  5596  5596 I BLASTBufferQueue_Java: update, w= 1080 h= 2340 mName = VRI[ComponentActivity]@1bd881c mNativeObject= 0xb4000075190ccf30 sc.mNativeObject= 0xb4000076190bcbd0 format= -1 caller= android.graphics.BLASTBufferQueue.<init>:88 android.view.ViewRootImpl.updateBlastSurfaceIfNeeded:3397 android.view.ViewRootImpl.relayoutWindow:11361 android.view.ViewRootImpl.performTraversals:4544 android.view.ViewRootImpl.doTraversal:3708 android.view.ViewRootImpl$TraversalRunnable.run:12542
08-13 16:19:46.831  5596  5596 I VRI[ComponentActivity]@1bd881c: Relayout returned: old=(0,0,1080,2340) new=(0,0,1080,2340) relayoutAsync=false req=(1080,2340)0 dur=17 res=0x3 s={true 0xb4000075e9127ff0} ch=true seqId=0
08-13 16:19:46.832  2742  2108 I HoneySpace.SystemUiRepository: systemUiFlags: allow_gesture|awake
08-13 16:19:46.832  2742  2885 I HoneySpace.TaskbarEventTracker: invokeEvent() called with: event = SystemUiStateChanged(stateFlags=268566528)
08-13 16:19:46.832  5596  5596 I VRI[ComponentActivity]@1bd881c: performConfigurationChange setNightDimText nightDimLevel=0
08-13 16:19:46.832  5596  5596 D VRI[ComponentActivity]@1bd881c: mThreadedRenderer.initialize() mSurface={isValid=true 0xb4000075e9127ff0} hwInitialized=true
08-13 16:19:46.834  5596  5596 D VRI[ComponentActivity]@1bd881c: reportNextDraw android.view.ViewRootImpl.performTraversals:5193 android.view.ViewRootImpl.doTraversal:3708 android.view.ViewRootImpl$TraversalRunnable.run:12542 android.view.Choreographer$CallbackRecord.run:1751 android.view.Choreographer$CallbackRecord.run:1760
08-13 16:19:46.834  5596  5596 D VRI[ComponentActivity]@1bd881c: Setup new sync=wmsSync-VRI[ComponentActivity]@1bd881c#4
08-13 16:19:46.834  5596  5596 I VRI[ComponentActivity]@1bd881c: Creating new active sync group VRI[ComponentActivity]@1bd881c#5
08-13 16:19:46.834  5596  5596 D VRI[ComponentActivity]@1bd881c: registerCallbacksForSync syncBuffer=false
08-13 16:19:46.838  1111  1163 I SurfaceFlinger: id=233589 createSurf, flag=84004, Transition Root: Task=2221#233589
08-13 16:19:46.843  5596  5712 D VRI[ComponentActivity]@1bd881c: Received frameDrawingCallback syncResult=0 frameNum=1.
08-13 16:19:46.844  5596  5712 I VRI[ComponentActivity]@1bd881c: mWNT: t=0xb4000076090ec550 mBlastBufferQueue=0xb4000075190ccf30 fn= 1 HdrRenderState mRenderHdrSdrRatio=1.0 caller= android.view.ViewRootImpl$11.onFrameDraw:15016 android.view.ThreadedRenderer$1.onFrameDraw:761 <bottom of call stack>
08-13 16:19:46.844  5596  5712 I VRI[ComponentActivity]@1bd881c: Setting up sync and frameCommitCallback
08-13 16:19:46.844  1282  1447 I SurfaceControlRegistry: show, t=StartTransaction_SyncId<20528> sc=ActivityRecord{38bc2ed u0 com.example.cupcake/androidx.activity.ComponentActivity t2221}, caller=android.view.SurfaceControl$Transaction.show:3232 com.android.server.wm.Transition.onTransactionReady:2273 com.android.server.wm.BLASTSyncEngine$SyncGroup.finishNow:195 com.android.server.wm.BLASTSyncEngine.onSurfacePlacement:269 com.android.server.wm.RootWindowContainer.performSurfacePlacementNoTrace:459 com.android.server.wm.RootWindowContainer.performSurfacePlacement:9
08-13 16:19:46.845  5596  5687 I BLASTBufferQueue: [VRI[ComponentActivity]@1bd881c#2](f:0,a:0,s:0) onFrameAvailable the first frame is available
08-13 16:19:46.845  5596  5687 I VRI[ComponentActivity]@1bd881c: Received frameCommittedCallback lastAttemptedDrawFrameNum=1 didProduceBuffer=true
08-13 16:19:46.846  5596  5687 D HWUI    : CFMS:: SetUp Pid : 5596    Tid : 5687
08-13 16:19:46.846  1111  1163 I SurfaceFlinger: [com.example.cupcake/androidx.activity.ComponentActivity$_5596#233586] setTransactionState with the first frame. bufferData(ID: 24034636988424, frameNumber: 1)
08-13 16:19:46.846  5596  5596 D VRI[ComponentActivity]@1bd881c: reportDrawFinished seqId=0
08-13 16:19:46.851  1111  1111 I SurfaceFlinger: [Transition Root: Task=2221#233589] attach to parent LayerHierarchy{RequestedLayerState{DefaultTaskDisplayArea_d0#11 parentId=10} 9 children}
08-13 16:19:46.853 21624 21938 I Rubin   : [92] com.samsung.android.rubin.inferenceengine.contextanalytics.engine.monitors.moment.exercise.ExercisingWithCmhMonitor.isSatisfiedByCmh(Unknown Source) : isSatisfiedByCmh is false
08-13 16:19:46.859  1111  1163 I SurfaceFlinger: id=233590 createSurf, flag=84000, e19c517 ActivityRecordInputSink com.example.cupcake/androidx.activity.ComponentActivity#233590
08-13 16:19:46.861  2127  2303 I SurfaceControlRegistry: hide, t=FinishTransaction_SyncId<20528> sc=Task=1, caller=android.view.SurfaceControl$Transaction.hide:3258 com.android.wm.shell.transition.Transitions.dispatchReady:929 com.android.wm.shell.transition.Transitions.onTransitionReady:244 com.android.wm.shell.transition.Transitions$TransitionPlayerImpl$$ExternalSyntheticLambda0.run:13 android.os.Handler.handleCallback:959 android.os.Handler.dispatchMessage:100
08-13 16:19:46.861  2127  2303 I SurfaceControlRegistry: show, t=StartTransaction_SyncId<20528> sc=Task=2221, caller=android.view.SurfaceControl$Transaction.show:3232 com.android.wm.shell.transition.Transitions.dispatchReady:934 com.android.wm.shell.transition.Transitions.onTransitionReady:244 com.android.wm.shell.transition.Transitions$TransitionPlayerImpl$$ExternalSyntheticLambda0.run:13 android.os.Handler.handleCallback:959 android.os.Handler.dispatchMessage:100
08-13 16:19:46.861  2127  2303 I SurfaceControlRegistry: show, t=FinishTransaction_SyncId<20528> sc=Task=2221, caller=android.view.SurfaceControl$Transaction.show:3232 com.android.wm.shell.transition.Transitions.dispatchReady:988 com.android.wm.shell.transition.Transitions.onTransitionReady:244 com.android.wm.shell.transition.Transitions$TransitionPlayerImpl$$ExternalSyntheticLambda0.run:13 android.os.Handler.handleCallback:959 android.os.Handler.dispatchMessage:100
08-13 16:19:46.861  2127  2303 I SurfaceControlRegistry: show, t=StartTransaction_SyncId<20528> sc=Transition Root: Task=2221, caller=android.view.SurfaceControl$Transaction.show:3232 com.android.wm.shell.transition.Transitions.playTransition:81 com.android.wm.shell.transition.Transitions.processReadyQueue:250 com.android.wm.shell.transition.Transitions.dispatchReady:1007 com.android.wm.shell.transition.Transitions.onTransitionReady:244 com.android.wm.shell.transition.Transitions$TransitionPlayerImpl$$ExternalSyntheticLambda0.run:13
08-13 16:19:46.865 22781 22781 I bmex    : onPause
08-13 16:19:46.865  2127  2303 I SurfaceControlRegistry: apply, t=StartTransaction_SyncId<20528>, caller=android.view.SurfaceControl$Transaction.apply:3135 android.view.SurfaceControl$Transaction.apply:3122 android.view.SurfaceControl$Transaction.apply:3078 com.android.wm.shell.transition.DefaultTransitionHandler.startAnimation:2823 com.android.wm.shell.transition.Transitions.dispatchTransition:93 com.android.wm.shell.transition.Transitions.playTransition:700
08-13 16:19:46.866  1111  1111 I SurfaceFlinger: Layer [aac089c Splash Screen com.example.cupcake#233583] hidden!! flag(0)
08-13 16:19:46.866  1111  1111 I SurfaceFlinger: Layer [Transition Root: Task=2221#233589] hidden!! flag(0)
08-13 16:19:46.866  1111  1111 I SurfaceFlinger: Layer [Splash Screen com.example.cupcake$_2127#233584] hidden!! flag(0)
08-13 16:19:46.866  1111  1111 I SurfaceFlinger: Layer [Task=2221#233581] hidden!! flag(0)
08-13 16:19:46.866  1111  1111 E SurfaceFlinger: alpha changed 1.000 -> 0.000 - Task=2221#233581
08-13 16:19:46.866  1111  1111 I SurfaceFlinger: Layer [b76cf34 com.example.cupcake/androidx.activity.ComponentActivity#233585] hidden!! flag(0)
08-13 16:19:46.866  1111  1111 I SurfaceFlinger: Layer [ActivityRecord{38bc2ed u0 com.exampl[...]vity.ComponentActivity t2221}#233582] hidden!! flag(0)
08-13 16:19:46.866  1111  1111 I SurfaceFlinger: [LayerHierarchy{RequestedLayerState{Task=1#52 parentId=233589 z=3} 2 children}] reparent to LayerHierarchy{RequestedLayerState{Transition Root: Task=2221#233589 parentId=11 z=3} 1 children}
08-13 16:19:46.866  1111  1111 I SurfaceFlinger: [LayerHierarchy{RequestedLayerState{WallpaperWindowToken{b638ffb token=android.os.Binder@64ddd8a}#74 parentId=233589 z=1} 1 children}] reparent to LayerHierarchy{RequestedLayerState{Transition Root: Task=2221#233589 parentId=11 z=3} 2 children}
08-13 16:19:46.866  1111  1111 I SurfaceFlinger: [LayerHierarchy{RequestedLayerState{8a94d40 NavigationBar0#88 parentId=233587} 1 children}] reparent to LayerHierarchy{RequestedLayerState{Surface(name=8a94d40 NavigationBar0)/@0x65d636d - animation-leash of insets_animation#233587 parentId=87} 1 children}
08-13 16:19:46.866  1111  1111 I SurfaceFlinger: [LayerHierarchy{RequestedLayerState{e0324bb StatusBar#95 parentId=233588} 1 children}] reparent to LayerHierarchy{RequestedLayerState{Surface(name=e0324bb StatusBar)/@0x8487ff0 - animation-leash of insets_animation#233588 parentId=94} 1 children}
08-13 16:19:46.866  1111  1111 I SurfaceFlinger: [LayerHierarchy{RequestedLayerState{Surface(name=8a94d40 NavigationBar0)/@0x65d636d - animation-leash of insets_animation#233571} no children}] reparent to OffscreenRoot
08-13 16:19:46.866  1111  1111 I SurfaceFlinger: [LayerHierarchy{RequestedLayerState{Surface(name=8a94d40 NavigationBar0)/@0x65d636d - animation-leash of insets_animation#233571} no children}] RelativeParent to null
08-13 16:19:46.866  1111  1111 I SurfaceFlinger: [LayerHierarchy{RequestedLayerState{Surface(name=e0324bb StatusBar)/@0x8487ff0 - animation-leash of insets_animation#233572} no children}] reparent to OffscreenRoot
08-13 16:19:46.866  1111  1111 I SurfaceFlinger: [LayerHierarchy{RequestedLayerState{Surface(name=e0324bb StatusBar)/@0x8487ff0 - animation-leash of insets_animation#233572} no children}] RelativeParent to null
08-13 16:19:46.866  1111  1111 I SurfaceFlinger: [LayerHierarchy{RequestedLayerState{Task=2221#233581 parentId=233589 z=7} 1 children}] reparent to LayerHierarchy{RequestedLayerState{Transition Root: Task=2221#233589 parentId=11 z=3} 3 children}
08-13 16:19:46.866  1111  1111 I SurfaceFlinger: [e19c517 ActivityRecordInputSink com.example.cupcake/androidx.activity.ComponentActivity#233590] attach to parent LayerHierarchy{RequestedLayerState{ActivityRecord{38bc2ed u0 com.example.cupcake/androidx.activity.ComponentActivity t2221}#233582 parentId=233581} 3 children}
08-13 16:19:46.868  1282  4902 I SemDvfsHyPerManager: acquire hyper - AMS_RESUME_TAIL/1282@22, type = -999
08-13 16:19:46.868  1282  4902 I SemDvfsHyPerManager: acquire hyper - AMS_ACT_LAZY/1282@23, type = -999
08-13 16:19:46.869  1062  1149 I HYPER-HAL: [RequestManager.cpp]acquire(): Acquired ID : 850882  [1282 / 22]    HINT : AMS_RESUME_TAIL    list :
08-13 16:19:46.869  1062  1149 I HYPER-HAL: [RequestManager.cpp]releaseLocked(): Released ID : 856112
08-13 16:19:46.877  1111  1209 D SurfaceFlinger: [input] setFocusedWindow: b76cf34 com.example.cupcake/androidx.activity.ComponentActivity
08-13 16:19:46.879  1282  1908 D InputDispatcher: Once focus requested (0): b76cf34 com.example.cupcake/androidx.activity.ComponentActivity
08-13 16:19:46.879  1282  1908 D InputDispatcher: Focus request (0): b76cf34 com.example.cupcake/androidx.activity.ComponentActivity but waiting because NO_WINDOW
08-13 16:19:46.882  5596  5596 I InsetsSourceConsumer: applyRequestedVisibilityToControl: visible=true, type=navigationBars, host=com.example.cupcake/androidx.activity.ComponentActivity
08-13 16:19:46.882  5596  5596 I InsetsSourceConsumer: applyRequestedVisibilityToControl: visible=true, type=statusBars, host=com.example.cupcake/androidx.activity.ComponentActivity
08-13 16:19:46.883  1111  1732 I SurfaceFlinger: id=233571 Removed Surface(name=8a94d40 NavigationBar0)/@0x65d636d - animation-leash of insets_animation#233571 (163)
08-13 16:19:46.883  1111  1162 I SurfaceFlinger: id=233591 createSurf, flag=24000, Surface(name=b76cf34 com.example.cupcake/androidx.activity.ComponentActivity)/@0x75ca52c - animation-leash of starting_reveal#233591
08-13 16:19:46.883  1111  1732 I SurfaceFlinger: id=233572 Removed Surface(name=e0324bb StatusBar)/@0x8487ff0 - animation-leash of insets_animation#233572 (163)
08-13 16:19:46.888  2127  2127 D SamsungLightBarControlHelper: updateStatusBar (BLACK icon) numStacks:1, StatusBarMode:MODE_TRANSPARENT, lightBarBounds:[Rect(0, 0 - 1080, 2340)], StatusBarState:SHADE, packageName:, isWhiteKeyguardStatusBar:false
08-13 16:19:46.888  2127  2127 D SamsungLightBarControlHelper: onStatusBarAppearanceChanged() -  sbModeChanged:false, statusBarMode:0, barState:MODE_TRANSPARENT, isKeyguardShowing:false, navbarColorManagedByIme:false, (AppearanceRegion{LIGHT_STATUS_BARS bounds=[0,0][1080,2340]}, )
08-13 16:19:46.888  2127  2127 D NavigationBar: onSystemBarAttributesChanged() -  displayId:0, appearance:528, packageName: com.example.cupcake (APPEARANCE_LIGHT_NAVIGATION_BARS ), navbarColorManagedByIme:false
08-13 16:19:46.895  1282  1443 I PkgPredictorService-SecIpmManagerServiceImpl: reportToNAP uid:10418 com.example.cupcake/androidx.activity.ComponentActivity thisTime:160
08-13 16:19:46.895  1282  1443 D PkgPredictorService-SecIpmManagerServiceImpl: reportToNAP: mHeavyLaunchCounter is false
08-13 16:19:46.895  2127  2303 D ShellTaskOrganizer: removeStartingWindow, removalInfo=StartingWindowRemovalInfo{taskId=2221 frame=Rect(0, 0 - 1080, 2340) playRevealAnimation=true roundedCornerRadius=0.0 deferRemoveMode=0 windowlessSurface=false removeImmediately=false}
08-13 16:19:46.896  1282  1447 I SurfaceControl: apply, lowDebugName=CreateStartingRevealAnim, caller=android.view.SurfaceControl$Transaction.apply:3122 android.view.SurfaceControl$Transaction.apply:3078 com.android.server.wm.WindowAnimator.animate:380 com.android.server.wm.WindowAnimator$$ExternalSyntheticLambda1.doFrame:14 android.view.Choreographer$CallbackRecord.run:1749 android.view.Choreographer$CallbackRecord.run:1760
08-13 16:19:46.899  1111  1111 E SurfaceFlinger: alpha changed 0.000 -> 0.180 - Task=2221#233581
08-13 16:19:46.899  1111  1111 I SurfaceFlinger: Layer [com.example.cupcake/androidx.activity.ComponentActivity$_5596#233586] hidden!! flag(0)
08-13 16:19:46.899  1111  1111 I SurfaceFlinger: destroyed Surface(name=8a94d40 NavigationBar0)/@0x65d636d - animation-leash of insets_animation#233571
08-13 16:19:46.899  1111  1111 I SurfaceFlinger: destroyed Surface(name=e0324bb StatusBar)/@0x8487ff0 - animation-leash of insets_animation#233572
08-13 16:19:46.899  1111  1111 I SurfaceFlinger: [Surface(name=b76cf34 com.example.cupcake/androidx.activity.ComponentActivity)/@0x75ca52c - animation-leash of starting_reveal#233591] attach to parent LayerHierarchy{RequestedLayerState{ActivityRecord{38bc2ed u0 com.example.cupcake/androidx.activity.ComponentActivity t2221}#233582 parentId=233581} 4 children}
08-13 16:19:46.899  1111  1111 I SurfaceFlinger: [LayerHierarchy{RequestedLayerState{b76cf34 com.example.cupcake/androidx.activity.ComponentActivity#233585 parentId=233591} 1 children}] reparent to LayerHierarchy{RequestedLayerState{Surface(name=b76cf34 com.example.cupcake/androidx.activity.ComponentActivity)/@0x75ca52c - animation-leash of starting_reveal#233591 parentId=233582} 1 children}
08-13 16:19:46.901  1111  1111 I Layer   : id=233572 Destroyed Surface(name=e0324bb StatusBar)/@0x8487ff0 - animation-leash of insets_animation#233572
08-13 16:19:46.901  1111  1111 I Layer   : id=233571 Destroyed Surface(name=8a94d40 NavigationBar0)/@0x65d636d - animation-leash of insets_animation#233571
08-13 16:19:46.906  2127  2937 I VRI[cupcake]@7736ecc: mWNT: t=0xb4000076090f54d0 mBlastBufferQueue=0xb400007519187dd0 fn= 2 HdrRenderState mRenderHdrSdrRatio=1.0 caller= android.view.SyncRtSurfaceTransactionApplier.applyTransaction:96 android.view.SyncRtSurfaceTransactionApplier.lambda$scheduleApply$0:69 android.view.SyncRtSurfaceTransactionApplier.$r8$lambda$afI4fXg3U3-nBZQEDQMiNy-B06s:0
08-13 16:19:46.906  2127  2937 I VRI[cupcake]@7736ecc: mWNT: t=0xb4000076090d63d0 mBlastBufferQueue=0xb400007519187dd0 fn= 2 HdrRenderState mRenderHdrSdrRatio=1.0 caller= android.view.SyncRtSurfaceTransactionApplier.applyTransaction:96 android.view.SyncRtSurfaceTransactionApplier.lambda$scheduleApply$0:69 android.view.SyncRtSurfaceTransactionApplier.$r8$lambda$afI4fXg3U3-nBZQEDQMiNy-B06s:0
08-13 16:19:46.909  2742  2108 I HoneySpace.RecentTasks: onRecentTasksChanged
08-13 16:19:46.910  1111  1111 D SurfaceFlinger: Display 4633128672291735932 HWC layers:
08-13 16:19:46.910  1111  1111 D SurfaceFlinger:        DEVICE |   0xb4000079e28c6110 | 0000 | RGBA_8888    |    0.0    0.0 1080.0 2340.0 |    0    0 1080 2340 | Wallpaper BBQ wrapper 5_system#82 (19)
08-13 16:19:46.910  1111  1111 D SurfaceFlinger:        DEVICE |   0xb4000079e28dde90 | 0001 | RGBA_8888    |    0.0    0.0 1080.0 2340.0 |    0    0 1080 2340 | com.sec.android.app.launcher/com.sec[...]vities.LauncherActivity$_2742#233570 (65)
08-13 16:19:46.910  1111  1111 D SurfaceFlinger:        CLIENT |   0xb4000079e28f5890 | 0001 | RGBA_8888    |    0.0    0.0 1080.0 2340.0 |   66  144 1014 2196 | com.example.cupcake/androidx.activity.ComponentActivity$_5596#233586 (1)
08-13 16:19:46.910  1111  1111 D SurfaceFlinger:        CLIENT |   0xb4000079e294f8d0 | 0001 | RGBA_8888    |    0.0    0.0 1080.0 2340.0 |   66  144 1014 2196 | Splash Screen com.example.cupcake$_2127#233584 (1)
08-13 16:19:46.910  1111  1111 D SurfaceFlinger:        DEVICE |   0xb4000079e28c9c90 | 0001 | RGBA_8888    |    0.0    0.0 1080.0   80.0 |    0    0 1080   80 | StatusBar$_2127#106 (79367)
08-13 16:19:46.910  1111  1111 D SurfaceFlinger:        DEVICE |   0xb4000079e29075d0 | 0001 | RGBA_8888    |    0.0    0.0 1080.0  135.0 |    0 2205 1080 2340 | NavigationBar0$_2127#101 (12974
08-13 16:19:46.910  1111  1111 D SurfaceFlinger: 2)
08-13 16:19:46.910  1111  1111 D SurfaceFlinger:        DEVICE |   0xb4000079e28ad3d0 | 0001 | RGBA_8888    |    0.0  249.0 1034.0  827.0 |   46    0 1080  578 | $_4855#233489 (381)
08-13 16:19:46.910  1111  1111 D SurfaceFlinger:
08-13 16:19:46.912  1282  1443 I ActivityTaskManager: Displayed com.example.cupcake/androidx.activity.ComponentActivity for user 0: +160ms
08-13 16:19:46.913  3157  3157 E pageboostd: Received HALT command code 2
08-13 16:19:46.913  1282  4376 D InputDispatcher: Focus entered window (0): b76cf34 com.example.cupcake/androidx.activity.ComponentActivity
08-13 16:19:46.915 23813 23813 I NotifySyncService_23813_23813: onNotificationPosted Id:1332 key:0|com.samsung.android.app.smartcapture|1332|null|10190 PackageName:com.samsung.android.app.smartcapture IsOngoing:true PostTime:1755091186315 currentDeviceModel.connected: false
08-13 16:19:46.917  5596  5596 D VRI[ComponentActivity]@1bd881c: mThreadedRenderer.initializeIfNeeded()#2 mSurface={isValid=true 0xb4000075e9127ff0}
08-13 16:19:46.918  5596  5596 D InputMethodManagerUtils: startInputInner - Id : 0
08-13 16:19:46.918  5596  5596 I InputMethodManager: startInputInner - IInputMethodManagerGlobalInvoker.startInputOrWindowGainedFocus
08-13 16:19:46.919 23813 23813 I NotifySyncService_23813_23813: onNotificationPosted Id:1332 , appName : Samsung yakalama
08-13 16:19:46.919 23813 23813 I NotifySyncService_23813_23813:  isOngoing = true isIncomingCall = false
08-13 16:19:46.920  2127  2938 I VRI[cupcake]@7736ecc: mWNT: t=0xb4000076091295d0 mBlastBufferQueue=0xb400007519187dd0 fn= 3 HdrRenderState mRenderHdrSdrRatio=1.0 caller= android.view.SyncRtSurfaceTransactionApplier.applyTransaction:96 android.view.SyncRtSurfaceTransactionApplier.lambda$scheduleApply$0:69 android.view.SyncRtSurfaceTransactionApplier.$r8$lambda$afI4fXg3U3-nBZQEDQMiNy-B06s:0
08-13 16:19:46.921  5460  5995 I Finsky:background: [98] playLoggingServerUrl: https://play.googleapis.com/play/log
08-13 16:19:46.921  5460  5995 I Finsky:background: [98] playLoggingServerTimestampUrl: https://play.googleapis.com/play/log/timestamp
08-13 16:19:46.922  2742  2108 I HoneySpace.HistoryViewModel@160600677@OneUI: Illegal access. Unknown type. skip load history items
08-13 16:19:46.922  1282  1696 I ImeTracker: com.example.cupcake:62d9a1c7: onRequestHide at ORIGIN_SERVER reason HIDE_UNSPECIFIED_WINDOW fromUser false
08-13 16:19:46.923  1282  1696 I ImeTracker: com.example.cupcake:62d9a1c7: onCancelled at PHASE_SERVER_SHOULD_HIDE
08-13 16:19:46.927 23813 21993 I AccountManagerService_23813_21993: log: getAccounts: accountType com.xiaomi, caller's uid 10349, pid 23813
08-13 16:19:46.927 23813 21993 I SecureDatabase_23813_21993: log: query: accounts, columns=[_id,type,name], selection=null, selectionArgs=null, groupBy=null, having=null, orderBy=null, limit=null
08-13 16:19:46.929 23813 21993 I SecureDatabase_23813_21993: log: query: cursor count=1
