08-13 16:19:51.291  2742  2742 I InsetsSourceConsumer: applyRequestedVisibilityToControl: visible=true, type=statusBars, host=com.sec.android.app.launcher/com.sec.android.app.launcher.activities.LauncherActivity
08-13 16:19:51.291  2127  2127 I {OngoingActivityDataHelper}: setBaseActivityComponentName:ComponentInfo{com.sec.android.app.launcher/com.sec.android.app.launcher.Launcher}
08-13 16:19:51.292  2742  1823 I HoneySpace.HistoryViewModel@160600677@OneUI: Illegal access. Unknown type. skip load history items
08-13 16:19:51.294  2742  2885 I HoneySpace.TaskbarEventTracker: invokeEvent() called with: event = SystemUiStateChanged(stateFlags=268435456)
08-13 16:19:51.295  1111  1162 I SurfaceFlinger: id=233686 createSurf, flag=84004, Transition Root: Task=1#233686
08-13 16:19:51.295  2742  2887 I HoneySpace.TopTaskSource: onTaskMovedToFront : taskId = 6, displayId = 0
08-13 16:19:51.296  1111  1111 I SurfaceFlinger: [Transition Root: Task=1#233686] attach to parent LayerHierarchy{RequestedLayerState{DefaultTaskDisplayArea_d0#11 parentId=10} 9 children}
08-13 16:19:51.296  2742  2887 I HoneySpace.TopTaskSource: onTaskFocusChanged(): taskId = 6
08-13 16:19:51.296  2742  2887 I HoneySpace.TopTaskSource: onTaskMovedToFront : taskId = 6, displayId = 0
08-13 16:19:51.298  1282  1447 I SurfaceControlRegistry: show, t=StartTransaction_SyncId<20535> sc=ActivityRecord{b3168b5 u0 com.sec.android.app.launcher/.activities.LauncherActivity t6}, caller=android.view.SurfaceControl$Transaction.show:3232 com.android.server.wm.Transition.onTransactionReady:2273 com.android.server.wm.BLASTSyncEngine$SyncGroup.finishNow:195 com.android.server.wm.BLASTSyncEngine.onSurfacePlacement:269 com.android.server.wm.RootWindowContainer.performSurfacePlacementNoTrace:459 com.android.server.wm.RootWindowContainer.performSurfacePlacement:9
08-13 16:19:51.298  1282  1447 I SurfaceControlRegistry: show, t=StartTransaction_SyncId<20535> sc=Task=6, caller=android.view.SurfaceControl$Transaction.show:3232 com.android.server.wm.Transition.onTransactionReady:2300 com.android.server.wm.BLASTSyncEngine$SyncGroup.finishNow:195 com.android.server.wm.BLASTSyncEngine.onSurfacePlacement:269 com.android.server.wm.RootWindowContainer.performSurfacePlacementNoTrace:459 com.android.server.wm.RootWindowContainer.performSurfacePlacement:9
08-13 16:19:51.298  2742  2889 I HoneySpace.TopTaskUseCase: topTaskId 6, DisplayId : 0
08-13 16:19:51.312  4855  4855 I [SC_ScreenRecorder]_FloatingButtonView: 00:00:18
08-13 16:19:51.313  1282  1908 I AccessibilityManagerService: semIsAccessibilityServiceEnabled()
08-13 16:19:51.313  1282  4478 I AccessibilityManagerService: semIsAccessibilityServiceEnabled()
08-13 16:19:51.314  1282  4402 I AccessibilityManagerService: semIsAccessibilityServiceEnabled()
08-13 16:19:51.318  1282  1447 D ScreenCapture: [Capture_TEST] : setIsScreenShotBySystem false
08-13 16:19:51.320  2127  2303 I SurfaceControlRegistry: show, t=StartTransaction_SyncId<20535> sc=WallpaperWindowToken{b638ffb token=android.os.Binder@64ddd8a}, caller=android.view.SurfaceControl$Transaction.show:3232 com.android.wm.shell.transition.Transitions.dispatchReady:798 com.android.wm.shell.transition.Transitions.onTransitionReady:244 com.android.wm.shell.transition.Transitions$TransitionPlayerImpl$$ExternalSyntheticLambda0.run:13 android.os.Handler.handleCallback:959 android.os.Handler.dispatchMessage:100
08-13 16:19:51.320  2127  2303 I SurfaceControlRegistry: hide, t=FinishTransaction_SyncId<20535> sc=Task=2226, caller=android.view.SurfaceControl$Transaction.hide:3258 com.android.wm.shell.transition.Transitions.dispatchReady:929 com.android.wm.shell.transition.Transitions.onTransitionReady:244 com.android.wm.shell.transition.Transitions$TransitionPlayerImpl$$ExternalSyntheticLambda0.run:13 android.os.Handler.handleCallback:959 android.os.Handler.dispatchMessage:100
08-13 16:19:51.320  2127  2303 I SurfaceControlRegistry: show, t=StartTransaction_SyncId<20535> sc=Task=1, caller=android.view.SurfaceControl$Transaction.show:3232 com.android.wm.shell.transition.Transitions.dispatchReady:934 com.android.wm.shell.transition.Transitions.onTransitionReady:244 com.android.wm.shell.transition.Transitions$TransitionPlayerImpl$$ExternalSyntheticLambda0.run:13 android.os.Handler.handleCallback:959 android.os.Handler.dispatchMessage:100
08-13 16:19:51.320  2127  2303 I SurfaceControlRegistry: show, t=FinishTransaction_SyncId<20535> sc=Task=1, caller=android.view.SurfaceControl$Transaction.show:3232 com.android.wm.shell.transition.Transitions.dispatchReady:988 com.android.wm.shell.transition.Transitions.onTransitionReady:244 com.android.wm.shell.transition.Transitions$TransitionPlayerImpl$$ExternalSyntheticLambda0.run:13 android.os.Handler.handleCallback:959 android.os.Handler.dispatchMessage:100
08-13 16:19:51.324  2127  2303 I SurfaceControlRegistry: apply, t=FinishTransaction_SyncId<20534>, caller=android.view.SurfaceControl$Transaction.apply:3135 android.view.SurfaceControl$Transaction.apply:3122 android.view.SurfaceControl$Transaction.apply:3078 com.android.wm.shell.transition.Transitions.onFinish:308 com.android.wm.shell.transition.Transitions$$ExternalSyntheticLambda8.onTransitionFinished:10 com.android.wm.shell.transition.DefaultTransitionHandler$$ExternalSyntheticLambda6.run:36
08-13 16:19:51.330  1111  1111 I SurfaceFlinger: [StatusBar$_2127#106] setDefaultFrameRateCompatibility: NoVote
08-13 16:19:51.331  1111  1111 I SurfaceFlinger: Layer [Task=2225#233654] hidden!! flag(1)
08-13 16:19:51.331  1111  1111 I SurfaceFlinger: [LayerHierarchy{RequestedLayerState{Task=2225#233654 parentId=11 z=3} 2 children}] reparent to LayerHierarchy{RequestedLayerState{DefaultTaskDisplayArea_d0#11 parentId=10} 10 children}
08-13 16:19:51.331  1111  1111 I SurfaceFlinger: [LayerHierarchy{RequestedLayerState{Task=2226#233668 parentId=11 z=4} 2 children}] reparent to LayerHierarchy{RequestedLayerState{DefaultTaskDisplayArea_d0#11 parentId=10} 11 children}
08-13 16:19:51.331  1111  1111 I SurfaceFlinger: [LayerHierarchy{RequestedLayerState{Transition Root: Task=2226#233676 z=4} 1 children}] reparent to OffscreenRoot
08-13 16:19:51.331  1111  1111 I SurfaceFlinger: [LayerHierarchy{RequestedLayerState{Transition Root: Task=2226#233676 z=4} 1 children}] RelativeParent to null
08-13 16:19:51.331  1111  1111 I SurfaceFlinger: [LayerHierarchy{RequestedLayerState{Right Edge Extension#233677 z=-2147483648} 1 children}] reparent to OffscreenRoot
08-13 16:19:51.331  1111  1111 I SurfaceFlinger: [LayerHierarchy{RequestedLayerState{Right Edge Extension#233677 z=-2147483648} 1 children}] RelativeParent to null
08-13 16:19:51.331  1111  1111 I SurfaceFlinger: [LayerHierarchy{RequestedLayerState{DimTransitionLayer for Surface(name=Task=2226)/@0x1ee9bd#233680 z=-1} no children}] reparent to OffscreenRoot
08-13 16:19:51.331  1111  1111 I SurfaceFlinger: [LayerHierarchy{RequestedLayerState{DimTransitionLayer for Surface(name=Task=2226)/@0x1ee9bd#233680 z=-1} no children}] RelativeParent to null
08-13 16:19:51.332  1111  1111 I SurfaceFlinger: id=233679 Removed [BBQ] Right Edge Extension#233677#233679 (179)
08-13 16:19:51.332  1111  1111 I SurfaceFlinger: id=233677 Removed Right Edge Extension#233677 (179)
08-13 16:19:51.342  1111  1111 D SurfaceFlinger: Display 4633128672291735932 HWC layers:
08-13 16:19:51.342  1111  1111 D SurfaceFlinger:        DEVICE |   0xb4000079e28ebb10 | 0001 | RGBA_8888    |    0.0    0.0 1080.0 2340.0 |    0    0 1080 2340 | com.example.cupcake.test/androidx.te[...]tyInvoker$EmptyActivity$_5736#233673 (1)
08-13 16:19:51.342  1111  1111 D SurfaceFlinger:        DEVICE |   0xb4000079e28c5310 | 0001 | RGBA_8888    |    0.0    0.0 1080.0 2340.0 |    0    0 1080 2340 | Splash Screen com.example.cupcake.test$_2127#233671 (1)
08-13 16:19:51.342  1111  1111 D SurfaceFlinger:        DEVICE |   0xb4000079e28ca710 | 0001 | RGBA_8888    |    0.0    0.0 1080.0   80.0 |    0    0 1080   80 | StatusBar$_2127#106 (79442)
08-13 16:19:51.342  1111  1111 D SurfaceFlinger:        DEVICE |   0xb4000079e2935310 | 0001 | RGBA_8888    |    0.0    0.0 1080.0  135.0 |    0 2205 1080 2340 | NavigationBar0$_2127#101 (129828)
08-13 16:19:51.342  1111  1111 D SurfaceFlinger:        DEVICE |   0xb4000079e28ad3d0 | 0001 | RGBA_8888    |    0.0  249.0 1034.0  827.0 |   46    0 1080  578 | $_4855#233489 (385)
08-13 16:19:51.342  1111  1111 D SurfaceFlinger:
08-13 16:19:51.343  1111  1111 I SurfaceFlinger: destroyed Right Edge Extension#233677
08-13 16:19:51.343  1111  1111 I SurfaceFlinger: destroyed [BBQ] Right Edge Extension#233677#233679
08-13 16:19:51.344  1111  1111 I Layer   : id=233679 Destroyed [BBQ] Right Edge Extension#233677#233679
08-13 16:19:51.345  1111  1111 I Layer   : id=233677 Destroyed Right Edge Extension#233677
08-13 16:19:51.345  2127  2127 D SamsungLightBarControlHelper: updateStatusBar (WHITE icon) numStacks:1, StatusBarMode:MODE_TRANSPARENT, lightBarBounds:[], StatusBarState:SHADE, packageName:, isWhiteKeyguardStatusBar:false
08-13 16:19:51.346  2127  2127 D SamsungLightBarControlHelper: onStatusBarAppearanceChanged() -  sbModeChanged:false, statusBarMode:0, barState:MODE_TRANSPARENT, isKeyguardShowing:false, navbarColorManagedByIme:false, (AppearanceRegion{ bounds=[0,0][1080,2340]}, )
08-13 16:19:51.346  2127  2127 D NavigationBar: onSystemBarAttributesChanged() -  displayId:0, appearance:0, packageName: com.sec.android.app.launcher, navbarColorManagedByIme:false
08-13 16:19:51.354  2127  2303 I SurfaceControlRegistry: show, t=StartTransaction_SyncId<20535> sc=Transition Root: Task=1, caller=android.view.SurfaceControl$Transaction.show:3232 com.android.wm.shell.transition.Transitions.playTransition:81 com.android.wm.shell.transition.Transitions.processReadyQueue:250 com.android.wm.shell.transition.Transitions.onFinish:521 com.android.wm.shell.transition.Transitions$$ExternalSyntheticLambda8.onTransitionFinished:10 com.android.wm.shell.transition.DefaultTransitionHandler$$ExternalSyntheticLambda6.run:36
08-13 16:19:51.355  1111  1111 I SurfaceFlinger: Layer [Task=6#122] hidden!! flag(0)
08-13 16:19:51.355  1111  1111 I SurfaceFlinger: Layer [Task=1#52] hidden!! flag(0)
08-13 16:19:51.355  1111  1111 I SurfaceFlinger: [LayerHierarchy{RequestedLayerState{Transition Root: Task=2226#233676 z=4} no children}] reparent to OffscreenRoot
08-13 16:19:51.356  1111  1111 I SurfaceFlinger: [LayerHierarchy{RequestedLayerState{Transition Root: Task=2226#233676 z=4} no children}] RelativeParent to null
08-13 16:19:51.357  1111  1111 I SurfaceFlinger: id=233676 Removed Transition Root: Task=2226#233676 (177)
08-13 16:19:51.361  1111  1730 I SurfaceFlinger: id=233687 createSurf, flag=84000, Surface(name=Task=1)/@0xb34b1d7_transition-leash#233687
08-13 16:19:51.363  2742  3178 I SurfaceControlRegistry: show, t=StartTransaction_SyncId<20535> sc=Task=1, caller=android.view.SurfaceControl$Transaction.show:3232 P.g.a:125 P.g.o:0 P.g.n:0 com.android.systemui.animation.RemoteAnimationTargetCompat.wrap:48 com.android.systemui.animation.RemoteAnimationTargetCompat.wrapApps:10
08-13 16:19:51.363  1111  1163 I SurfaceFlinger: id=233688 createSurf, flag=84000, Surface(name=Task=2226)/@0x7825dad_transition-leash#233688
08-13 16:19:51.363  2742  1821 I HoneySpace.RecentTasks: onRecentTasksChanged
08-13 16:19:51.364  2742  3178 I SurfaceControlRegistry: show, t=StartTransaction_SyncId<20535> sc=Task=2226, caller=android.view.SurfaceControl$Transaction.show:3232 P.g.a:125 P.g.o:0 P.g.n:0 com.android.systemui.animation.RemoteAnimationTargetCompat.wrap:48 com.android.systemui.animation.RemoteAnimationTargetCompat.wrapApps:10
08-13 16:19:51.365  5596  5596 I VRI[ComponentActivity]@394bc09: handleAppVisibility mAppVisible = true visible = false
08-13 16:19:51.365  5596  5596 D VRI[ComponentActivity]@394bc09: visibilityChanged oldVisibility=true newVisibility=false
08-13 16:19:51.365  1111  1111 E SurfaceFlinger: alpha changed 1.000 -> 0.000 - Surface(name=Task=1)/@0xb34b1d7_transition-leash#233687
08-13 16:19:51.365  1111  1111 I SurfaceFlinger: Layer [Transition Root: Task=1#233686] hidden!! flag(0)
08-13 16:19:51.365  1111  1111 I SurfaceFlinger: Layer [WallpaperWindowToken{b638ffb token=android.os.Binder@64ddd8a}#74] hidden!! flag(0)
08-13 16:19:51.365  1111  1111 I SurfaceFlinger: Layer [ActivityRecord{b3168b5 u0 com.sec.an[...].activities.LauncherActivity t6}#123] hidden!! flag(0)
08-13 16:19:51.365  1111  1111 I SurfaceFlinger: Layer [com.android.systemui.wallpapers.ImageWallpaper$_2127#81] hidden!! flag(0)
08-13 16:19:51.365  1111  1111 I SurfaceFlinger: Layer [com.sec.android.app.launcher/com.sec[...]vities.LauncherActivity$_2742#233683] hidden!! flag(0)
08-13 16:19:51.365  1111  1111 I SurfaceFlinger: destroyed Transition Root: Task=2226#233676
08-13 16:19:51.365  1111  1111 I SurfaceFlinger: [LayerHierarchy{RequestedLayerState{Task=1#52 parentId=233687} 2 children}] reparent to LayerHierarchy{RequestedLayerState{Surface(name=Task=1)/@0xb34b1d7_transition-leash#233687 parentId=233686 z=2} 1 children}
08-13 16:19:51.365  1111  1111 I SurfaceFlinger: [LayerHierarchy{RequestedLayerState{Task=2226#233668 parentId=233688} 1 children}] reparent to LayerHierarchy{RequestedLayerState{Surface(name=Task=2226)/@0x7825dad_transition-leash#233688 parentId=233686 z=5} 1 children}
08-13 16:19:51.365  1111  1111 I SurfaceFlinger: [Surface(name=Task=2226)/@0x7825dad_transition-leash#233688] attach to parent LayerHierarchy{RequestedLayerState{Transition Root: Task=1#233686 parentId=11} 1 children}
08-13 16:19:51.365  1111  1111 I SurfaceFlinger: [Surface(name=Task=1)/@0xb34b1d7_transition-leash#233687] attach to parent LayerHierarchy{RequestedLayerState{Transition Root: Task=1#233686 parentId=11} 2 children}
08-13 16:19:51.367  2742  3178 I SurfaceControlRegistry: apply, t=StartTransaction_SyncId<20535>, caller=android.view.SurfaceControl$Transaction.apply:3135 android.view.SurfaceControl$Transaction.apply:3122 android.view.SurfaceControl$Transaction.apply:3078 com.android.systemui.animation.RemoteAnimationRunnerCompat$1.startAnimation:634 android.window.IRemoteTransition$Stub.onTransact:158 android.os.Binder.execTransactInternal:1541
08-13 16:19:51.367  2742  3178 I HoneySpace.ShellAnimationRunner: [onAnimationStart] appTarget(0) : taskId-1, mode-0
08-13 16:19:51.367  2742  3178 I HoneySpace.ShellAnimationRunner: cookie: -2147483648
08-13 16:19:51.367  2742  3178 I HoneySpace.ShellAnimationRunner: [onAnimationStart] appTarget(1) : taskId-2226, mode-1
08-13 16:19:51.367  2742  2742 I HoneySpace.ShellAnimationRunner: this , com.honeyspace.transition.ShellAnimationRunner@f416450
08-13 16:19:51.367  2742  2742 I HoneySpace.ShellAnimationRunner: finishExistingAnimation, null
08-13 16:19:51.367  2742  2742 I HoneySpace.AppCloseAnimationDelegate: onAnimationStart
08-13 16:19:51.368  1111  1111 I Layer   : id=233676 Destroyed Transition Root: Task=2226#233676
08-13 16:19:51.368  2742  2742 I HoneySpace.AppCloseAnimationDelegate: findTargetView() called with: targets = com.honeyspace.transition.remote.RemoteAnimationTargets@746f30, centerMostInfo = null
08-13 16:19:51.368  2742  2742 I HoneySpace.AppCloseAnimationDelegate: findTargetValue [cookie--2147483648, pkgName-com.example.cupcake.test]
08-13 16:19:51.368  2742  2742 I HoneySpace.AppCloseAnimationDelegate: findTargetView found:null, null
08-13 16:19:51.368  2742  2742 I HoneySpace.AppCloseAnimationDelegate: getCloseAnimator : isGestureClosing-true, target-null
08-13 16:19:51.368  2742  2742 I HoneySpace.FloatingAnimator: playerCount : 1
08-13 16:19:51.368  2742  2742 I HoneySpace.FloatingAnimator: [Player:A(51.368)] create
08-13 16:19:51.368  2742  2742 I HoneySpace.AppCloseAnimationDelegate: playFloatingIconAnim, appPlayer: A(51.368)
08-13 16:19:51.368  2742  2742 I HoneySpace.TransitionUtils: [getRotationChange] home-0, app-0
08-13 16:19:51.368  2742  2742 I HoneySpace.TransitionUtils: getWindowTargetBounds: Rect(0, 0 - 1080, 2340)
08-13 16:19:51.368  2742  2742 I HoneySpace.FloatingAnimator: setup no target anim
08-13 16:19:51.369  2742  2742 I HoneySpace.SpringAnimPlayer: [Player:A(51.368)] spring onAnimationStart
08-13 16:19:51.369  2742  2742 I HoneySpace.ContentsAnimator: from : 0.0
08-13 16:19:51.369  2742  2742 I HoneySpace.HoneyScreenManagerImpl: Close floating task bar
08-13 16:19:51.369  2742  2742 I HoneySpace.WorkspaceViewModel: StartContentAnimation, type: AppClose, inProgress: true
08-13 16:19:51.369  2742  2742 I HoneySpace.ContentsAnimator: ContentsAnimator start [238010055]
08-13 16:19:51.369  2742  2742 I HoneySpace.AnimationResult: setAnimation, animation: false
08-13 16:19:51.369  2742  2742 I HoneySpace.AppTransitionAnimationAwait: proceed 0
08-13 16:19:51.369  2742  2742 I HoneySpace.AppTransitionAnimationAwait: prepare refCnt:1 timeout:800
08-13 16:19:51.370  1111  1223 I SurfaceFlinger: id=233689 createSurf, flag=24000, Surface(name=67b6919 com.example.cupcake.test/androidx.test.core.app.InstrumentationActivityInvoker$EmptyActivity)/@0x7272557 - animation-leash of starting_reveal#233689
08-13 16:19:51.374  1111  1111 I SurfaceFlinger: [Surface(name=67b6919 com.example.cupcake.test/androidx.test.core.app.InstrumentationActivityInvoker$EmptyActivity)/@0x7272557 - animation-leash of starting_reveal#233689] attach to parent LayerHierarchy{RequestedLayerState{ActivityRecord{928d82 u0 com.example.cupcake.test/androidx.test.core.app.InstrumentationActivityInvoker$EmptyActivity t2226}#233669 parentId=233668} 4 children}
08-13 16:19:51.377  2742  2742 I HoneySpace.RectFAnimation: animateToFinalPosition RectF(0.0, 0.0, 1080.0, 2340.0)
08-13 16:19:51.377  2742  2742 I HoneySpace.RectFAnimation: animateToFinalPosition RectF(0.0, 0.0, 1080.0, 2340.0)
08-13 16:19:51.377  2742  2742 I HoneySpace.RectFAnimation: animateToFinalPosition RectF(0.0, 0.0, 1080.0, 2340.0)
08-13 16:19:51.380  2742  4755 I VRI[LauncherActivity]@3489192: mWNT: t=0xb400007609346010 mBlastBufferQueue=0xb4000075190eebd0 fn= 8 HdrRenderState mRenderHdrSdrRatio=1.0 caller= com.android.systemui.shared.launcher.ViewRootImplCompat.mergeWithNextTransaction:4 com.honeyspace.transition.utils.SurfaceTransactionApplier.scheduleApply$lambda$1:26 com.honeyspace.transition.utils.SurfaceTransactionApplier.b:0
08-13 16:19:51.380  2742 10793 I HoneySpace.WallpaperAnimator: createWallpaperSurface
08-13 16:19:51.381  5596  5687 D HWUI    : CacheManager::trimMemory(20)
08-13 16:19:51.383  2742  2742 I HoneySpace.RectFAnimation: animateToFinalPosition RectF(0.0, 0.0, 1080.0, 2340.0)
08-13 16:19:51.383  2742  2742 I HoneySpace.RectFAnimation: animateToFinalPosition RectF(0.0, 1.4962158, 1080.0, 2341.496)
08-13 16:19:51.383  2742  2742 I HoneySpace.RectFAnimation: animateToFinalPosition RectF(1.4302368, 4.6054688, 1078.5698, 2337.1318)
08-13 16:19:51.383  2742  2742 I HoneySpace.RectFAnimation: animateToFinalPosition RectF(1.4302368, 4.6054688, 1078.5698, 2337.1318)
08-13 16:19:51.388  2742  4754 I VRI[LauncherActivity]@3489192: mWNT: t=0xb4000076092d8690 mBlastBufferQueue=0xb4000075190eebd0 fn= 9 HdrRenderState mRenderHdrSdrRatio=1.0 caller= com.android.systemui.shared.launcher.ViewRootImplCompat.mergeWithNextTransaction:4 com.honeyspace.transition.utils.SurfaceTransactionApplier.scheduleApply$lambda$1:26 com.honeyspace.transition.utils.SurfaceTransactionApplier.b:0
08-13 16:19:51.391  2742  2742 I HoneySpace.RectFAnimation: animateToFinalPosition RectF(1.4302368, 12.731018, 1078.5698, 2345.2573)
08-13 16:19:51.391  2742  2742 I HoneySpace.RectFAnimation: animateToFinalPosition RectF(8.92926, 28.992737, 1071.0708, 2322.4307)
08-13 16:19:51.392  2742  2742 I HoneySpace.RectFAnimation: animateToFinalPosition RectF(8.92926, 28.992737, 1071.0708, 2322.4307)
08-13 16:19:51.392  1282  1447 I SurfaceControl: apply, lowDebugName=CreateStartingRevealAnim, caller=android.view.SurfaceControl$Transaction.apply:3122 android.view.SurfaceControl$Transaction.apply:3078 com.android.server.wm.WindowAnimator.animate:380 com.android.server.wm.WindowAnimator$$ExternalSyntheticLambda1.doFrame:14 android.view.Choreographer$CallbackRecord.run:1749 android.view.Choreographer$CallbackRecord.run:1760
08-13 16:19:51.393  1111  1111 I SurfaceFlinger: Layer [com.example.cupcake/androidx.activity.ComponentActivity$_5596#233662] hidden!! flag(1)
08-13 16:19:51.393  1111  1111 I SurfaceFlinger: Layer [ActivityRecord{706d10a u0 com.exampl[...]vity.ComponentActivity t2225}#233655] hidden!! flag(1)
08-13 16:19:51.393  1111  1111 I SurfaceFlinger: [LayerHierarchy{RequestedLayerState{67b6919 com.example.cupcake.test/androidx.test.core.app.InstrumentationActivityInvoker$EmptyActivity#233672 parentId=233689} 1 children}] reparent to LayerHierarchy{RequestedLayerState{Surface(name=67b6919 com.example.cupcake.test/androidx.test.core.app.InstrumentationActivityInvoker$EmptyActivity)/@0x7272557 - animation-leash of starting_reveal#233689 parentId=233669} 1 children}
08-13 16:19:51.397  1282  4478 V WindowManager: Relayout Window{5d4994f u0 com.example.cupcake/androidx.activity.ComponentActivity}: viewVisibility=8 req=1080x2340 ty=1 d0
08-13 16:19:51.397  2127  2303 D ShellTaskOrganizer: removeStartingWindow, removalInfo=StartingWindowRemovalInfo{taskId=2226 frame=Rect(0, 0 - 1080, 2340) playRevealAnimation=true roundedCornerRadius=0.0 deferRemoveMode=0 windowlessSurface=false removeImmediately=false}
08-13 16:19:51.397  2742  4755 I VRI[LauncherActivity]@3489192: mWNT: t=0xb400007609205890 mBlastBufferQueue=0xb4000075190eebd0 fn= 10 HdrRenderState mRenderHdrSdrRatio=1.0 caller= com.android.systemui.shared.launcher.ViewRootImplCompat.mergeWithNextTransaction:4 com.honeyspace.transition.utils.SurfaceTransactionApplier.scheduleApply$lambda$1:26 com.honeyspace.transition.utils.SurfaceTransactionApplier.b:0
08-13 16:19:51.398  2742 28910 I HoneySpace.RecentTasks: onRecentTasksChanged
08-13 16:19:51.399  2742  2742 I HoneySpace.RectFAnimation: animateToFinalPosition RectF(8.92926, 45.373047, 1071.0708, 2338.811)
08-13 16:19:51.400  2742  2742 I HoneySpace.RectFAnimation: animateToFinalPosition RectF(23.355896, 76.54724, 1056.644, 2295.0518)
08-13 16:19:51.400  1282  4478 V WindowManager: Relayout hash=5d4994f, pid=5596, syncId=-1: mAttrs={(0,0)(fillxfill) sim={adjust=pan forwardNavigation} layoutInDisplayCutoutMode=always ty=BASE_APPLICATION wanim=0x1030312
08-13 16:19:51.400  1282  4478 V WindowManager:   fl=81810100
08-13 16:19:51.400  1282  4478 V WindowManager:   pfl=100088c0
08-13 16:19:51.400  1282  4478 V WindowManager:   apr=210
08-13 16:19:51.400  1282  4478 V WindowManager:   bhv=1
08-13 16:19:51.400  1282  4478 V WindowManager:   fitSides=0
08-13 16:19:51.400  1282  4478 V WindowManager:   frameRateBoostOnTouch=true
08-13 16:19:51.400  1282  4478 V WindowManager:   dvrrWindowFrameRateHint=true naviIconColor=0}
08-13 16:19:51.401  1111  1163 I SurfaceFlinger: id=233690 createSurf, flag=24000, Surface(name=RemoteWallpaperAnim:1:1)/@0xcc52fc5 - animation-leash of remote_wallpaper#233690
08-13 16:19:51.403  1111  1111 E SurfaceFlinger: alpha changed 0.000 -> 1.000 - Surface(name=Task=1)/@0xb34b1d7_transition-leash#233687
08-13 16:19:51.403  1111  1111 I SurfaceFlinger: [Surface(name=RemoteWallpaperAnim:1:1)/@0xcc52fc5 - animation-leash of remote_wallpaper#233690] attach to parent LayerHierarchy{RequestedLayerState{OneHanded:0:14#4 parentId=3} 5 children}
08-13 16:19:51.404  2742  1824 I HoneySpace.HistoryViewModel@160600677@OneUI: Illegal access. Unknown type. skip load history items
08-13 16:19:51.410  2742  2742 I HoneySpace.RectFAnimation: animateToFinalPosition RectF(23.355896, 105.01367, 1056.644, 2323.5183)
08-13 16:19:51.410  2742  2742 I HoneySpace.RectFAnimation: animateToFinalPosition RectF(47.075073, 156.03778, 1032.9249, 2251.896)
08-13 16:19:51.411  2742  4754 I VRI[LauncherActivity]@3489192: mWNT: t=0xb400007609283190 mBlastBufferQueue=0xb4000075190eebd0 fn= 11 HdrRenderState mRenderHdrSdrRatio=1.0 caller= com.android.systemui.shared.launcher.ViewRootImplCompat.mergeWithNextTransaction:4 com.honeyspace.transition.utils.SurfaceTransactionApplier.scheduleApply$lambda$1:26 com.honeyspace.transition.utils.SurfaceTransactionApplier.b:0
08-13 16:19:51.411  2127  2937 I VRI[test]@a09584e: mWNT: t=0xb40000760924b510 mBlastBufferQueue=0xb40000751916e790 fn= 2 HdrRenderState mRenderHdrSdrRatio=1.0 caller= android.view.SyncRtSurfaceTransactionApplier.applyTransaction:96 android.view.SyncRtSurfaceTransactionApplier.lambda$scheduleApply$0:69 android.view.SyncRtSurfaceTransactionApplier.$r8$lambda$afI4fXg3U3-nBZQEDQMiNy-B06s:0
08-13 16:19:51.412  2127  2937 I VRI[test]@a09584e: mWNT: t=0xb4000076092a3090 mBlastBufferQueue=0xb40000751916e790 fn= 2 HdrRenderState mRenderHdrSdrRatio=1.0 caller= android.view.SyncRtSurfaceTransactionApplier.applyTransaction:96 android.view.SyncRtSurfaceTransactionApplier.lambda$scheduleApply$0:69 android.view.SyncRtSurfaceTransactionApplier.$r8$lambda$afI4fXg3U3-nBZQEDQMiNy-B06s:0
08-13 16:19:51.415  1282  1447 I SurfaceControl: apply, lowDebugName=startRemoteWallpaperAnimation_193942190, caller=android.view.SurfaceControl$Transaction.apply:3122 android.view.SurfaceControl$Transaction.apply:3078 com.android.server.wm.WindowAnimator.animate:380 com.android.server.wm.WindowAnimator$$ExternalSyntheticLambda1.doFrame:14 android.view.Choreographer$CallbackRecord.run:1749 android.view.Choreographer$CallbackRecord.run:1760
08-13 16:19:51.419  1111  1111 D SurfaceFlinger: Display 4633128672291735932 HWC layers:
08-13 16:19:51.419  1111  1111 D SurfaceFlinger:        DEVICE |   0xb4000079e28c6110 | 0000 | RGBA_8888    |    0.0    0.0 1080.0 2340.0 |    0    0 1080 2340 | Wallpaper BBQ wrapper 5_system#82 (19)
08-13 16:19:51.419  1111  1111 D SurfaceFlinger:        DEVICE |   0xb4000079e293ac50 | 0001 | RGBA_8888    |    0.0    0.0 1080.0 2340.0 |    0    0 1080 2340 | com.sec.android.app.launcher/com.sec[...]vities.LauncherActivity$_2742#233683 (8)
08-13 16:19:51.419  1111  1111 D SurfaceFlinger:        CLIENT |   0xb4000079e28ebb10 | 0001 | RGBA_8888    |    0.0    0.0 1080.0 2340.0 |    0    0 1080 2340 | com.example.cupcake.test/androidx.te[...]tyInvoker$EmptyActivity$_5736#233673 (1)
08-13 16:19:51.419  1111  1111 D SurfaceFlinger:        CLIENT |   0xb4000079e28c5310 | 0001 | RGBA_8888    |    0.0    0.0 1080.0 2340.0 |    0    0 1080 2340 | Splash Screen com.example.cupcake.test$_2127#233671 (1)
08-13 16:19:51.419  1111  1111 D SurfaceFlinger:        DEVICE |   0xb4000079e28be850 | 0001 | RGBA_8888    |    0.0    0.0 1080.0   80.0 |    0    0 1080   80 | StatusBar$_2127#106 (79445)
08-13 16:19:51.419  1111  1111 D SurfaceFlinger:        DEVICE |   0xb4000079e2935310 | 0001 | RGBA_8888    |    0.0    0.0 1080.0  135.0 |    0 2205 1080 2340 | NavigationBar0$_21
08-13 16:19:51.419  1111  1111 D SurfaceFlinger: 27#101 (129828)
08-13 16:19:51.419  1111  1111 D SurfaceFlinger:        DEVICE |   0xb4000079e2910550 | 0001 | RGBA_8888    |    0.0  249.0 1034.0  827.0 |   46    0 1080  578 | $_4855#233489 (386)
08-13 16:19:51.419  1111  1111 D SurfaceFlinger:
08-13 16:19:51.419  5596  5596 I VRI[ComponentActivity]@394bc09: Relayout returned: old=(0,0,1080,2340) new=(0,0,1080,2340) relayoutAsync=false req=(1080,2340)8 dur=24 res=0x2 s={false 0x0} ch=true seqId=0
08-13 16:19:51.419  5596  5596 D VRI[ComponentActivity]@394bc09: Not drawing due to not visible. Reason=!mAppVisible && !mForceDecorViewVisibility
08-13 16:19:51.420  1111  1111 I SurfaceFlinger: [LayerHierarchy{RequestedLayerState{RemoteWallpaperAnim:1:1#7 parentId=233690 z=1} 1 children}] reparent to LayerHierarchy{RequestedLayerState{Surface(name=RemoteWallpaperAnim:1:1)/@0xcc52fc5 - animation-leash of remote_wallpaper#233690 parentId=4} 1 children}
08-13 16:19:51.421  2742  1821 I HoneySpace.HistoryViewModel@160600677@OneUI: Illegal access. Unknown type. skip load history items
08-13 16:19:51.421  1282  3681 D InputDispatcher: Focus entered window (0): c2c214a com.sec.android.app.launcher/com.sec.android.app.launcher.activities.LauncherActivity
08-13 16:19:51.426  2127  2938 I VRI[test]@a09584e: mWNT: t=0xb40000760920f7d0 mBlastBufferQueue=0xb40000751916e790 fn= 3 HdrRenderState mRenderHdrSdrRatio=1.0 caller= android.view.SyncRtSurfaceTransactionApplier.applyTransaction:96 android.view.SyncRtSurfaceTransactionApplier.lambda$scheduleApply$0:69 android.view.SyncRtSurfaceTransactionApplier.$r8$lambda$afI4fXg3U3-nBZQEDQMiNy-B06s:0
08-13 16:19:51.432  5596  5596 I VRI[ComponentActivity]@394bc09: stopped(true) old = false
08-13 16:19:51.432  5596  5596 D VRI[ComponentActivity]@394bc09: WindowStopped on com.example.cupcake/androidx.activity.ComponentActivity set to true
08-13 16:19:51.432  1244  6944 I CameraService: onUidStateChanged: uid=10043, procState is changed. (1 -> 0)
08-13 16:19:51.433  5596  5687 D HWUI    : CacheManager::trimMemory(20)
08-13 16:19:51.439  2742  2108 I HoneySpace.RecentTasks: onRecentTasksChanged
08-13 16:19:51.439  5596  5596 D LifecycleMonitor: Lifecycle status change: androidx.activity.ComponentActivity@d721612 in: STOPPED
08-13 16:19:51.439  5596  5596 V ActivityScenario: Update currentActivityStage to STOPPED, currentActivity=androidx.activity.ComponentActivity@d721612
08-13 16:19:51.442  2127  2127 D SystemUIService: SYSUI_RAM_OPTIMIZATION onTrimMemory=20
08-13 16:19:51.442  2127  2127 D CentralSurfaces: SYSUI_RAM_OPTIMIZATION onTrimMemory=20
08-13 16:19:51.443  2742  2108 I HoneySpace.HistoryViewModel@160600677@OneUI: Illegal access. Unknown type. skip load history items
08-13 16:19:51.445  2742  3178 I HoneySpace.WallpaperAnimator: onAnimationStart, wallpapers: Surface(name=Surface(name=RemoteWallpaperAnim:1:1)/@0xcc52fc5 - animation-leash of remote_wallpaper)/@0xbec1554
08-13 16:19:51.445  1062  6088 I HYPER-HAL: [RequestManager.cpp]releaseLocked(): Released ID : 850882
08-13 16:19:51.448  1282  1444 D PkgPredictorService-SecIpmManagerServiceImpl: bg information pid:5596 uid:10418 pkgName:com.example.cupcake
08-13 16:19:51.452  2742  2742 I HoneySpace.RectFAnimation: animateToFinalPosition RectF(47.075073, 311.0766, 1032.9249, 2406.9346)
08-13 16:19:51.452  2742  2742 I HoneySpace.RectFAnimation: animateToFinalPosition RectF(158.96442, 548.3154, 921.0356, 2073.923)
08-13 16:19:51.453  2742  4755 I VRI[LauncherActivity]@3489192: mWNT: t=0xb400007609166f10 mBlastBufferQueue=0xb4000075190eebd0 fn= 12 HdrRenderState mRenderHdrSdrRatio=1.0 caller= com.android.systemui.shared.launcher.ViewRootImplCompat.mergeWithNextTransaction:4 com.honeyspace.transition.utils.SurfaceTransactionApplier.scheduleApply$lambda$1:26 com.honeyspace.transition.utils.SurfaceTransactionApplier.b:0
08-13 16:19:51.455  2127  2390 D HWUI    : CacheManager::trimMemory(20)
08-13 16:19:51.456  2742  2742 I HoneySpace.WallpaperAnimator: startWallpaperAnimation, isOpen-false, from:1.3, to:1.0, duration:1200
08-13 16:19:51.456  2742  2742 I HoneySpace.WallpaperAnimator: wallpaper animation start [194513311]
08-13 16:19:51.458  2742  4754 I VRI[LauncherActivity]@3489192: mWNT: t=0xb400007609221890 mBlastBufferQueue=0xb4000075190eebd0 fn= 13 HdrRenderState mRenderHdrSdrRatio=1.0 caller= com.android.systemui.shared.launcher.ViewRootImplCompat.mergeWithNextTransaction:4 com.honeyspace.transition.utils.SurfaceTransactionApplier.scheduleApply$lambda$1:26 com.honeyspace.transition.utils.SurfaceTransactionApplier.b:0
08-13 16:19:51.458  2742  2742 I InputMethodManager: startInputInner - IInputMethodManagerGlobalInvoker.startInputOrWindowGainedFocus
08-13 16:19:51.459  2742  2742 I HoneySpace.RectFAnimation: animateToFinalPosition RectF(158.96442, 582.9437, 921.0356, 2108.5513)
08-13 16:19:51.459  2742  2742 I HoneySpace.RectFAnimation: animateToFinalPosition RectF(181.04718, 629.1003, 898.9528, 2043.7615)
08-13 16:19:51.466  5596  5596 D LifecycleMonitor: Lifecycle status change: androidx.activity.ComponentActivity@d721612 in: DESTROYED
08-13 16:19:51.467  5596  5596 V ActivityScenario: Update currentActivityStage to DESTROYED, currentActivity=null
08-13 16:19:51.468  5596  5596 W WindowOnBackDispatcher: sendCancelIfRunning: isInProgress=false callback=android.view.ViewRootImpl$$ExternalSyntheticLambda15@2c40fc5
08-13 16:19:51.469  2742  2742 I HoneySpace.RectFAnimation: animateToFinalPosition RectF(181.04718, 668.44965, 898.9528, 2083.1108)
08-13 16:19:51.469  2742  2742 I HoneySpace.RectFAnimation: animateToFinalPosition RectF(205.0863, 718.332, 874.9137, 2013.0911)
08-13 16:19:51.473  1282  1696 I ImeTracker: com.sec.android.app.launcher:f7fa904d: onRequestHide at ORIGIN_SERVER reason HIDE_UNSPECIFIED_WINDOW fromUser false
08-13 16:19:51.473  1282  1696 I ImeTracker: com.sec.android.app.launcher:f7fa904d: onCancelled at PHASE_SERVER_SHOULD_HIDE
08-13 16:19:51.477  1282  4402 V WindowManager: Relayout Window{1283aa6 u0 Splash Screen com.example.cupcake.test}: viewVisibility=8 req=1080x2340 ty=3 d0
08-13 16:19:51.478  5596  5687 D HWUI    : CacheManager::trimMemory(20)
08-13 16:19:51.479  2742  4755 I VRI[LauncherActivity]@3489192: mWNT: t=0xb40000760920fb50 mBlastBufferQueue=0xb4000075190eebd0 fn= 14 HdrRenderState mRenderHdrSdrRatio=1.0 caller= com.android.systemui.shared.launcher.ViewRootImplCompat.mergeWithNextTransaction:4 com.honeyspace.transition.utils.SurfaceTransactionApplier.scheduleApply$lambda$1:26 com.honeyspace.transition.utils.SurfaceTransactionApplier.b:0
08-13 16:19:51.482  5596  5596 I VRI[ComponentActivity]@394bc09: dispatchDetachedFromWindow
08-13 16:19:51.484  1282  1696 D InputTransport: Input channel constructed: 'ClientS', fd=932
08-13 16:19:51.484  1282  1696 D InputTransport: Input channel destroyed: 'ClientS', fd=932
08-13 16:19:51.485  4917  4917 I HBD     : HoneyBoardService onFinishInput
08-13 16:19:51.485  4917  4917 I HBD     : a IC have been unbinding,  RemoteInputConnection{idHash=#5ea2812}
08-13 16:19:51.486  4917  4917 I HBD     : HoneyBoardService [PF_CL][onFinishInput]  1 ms
08-13 16:19:51.486  4917  4917 I HBD     : HoneyBoardService [IMI] onStartInput - caller pid : 2742 , caller uid : 10132
08-13 16:19:51.486  4917  4917 I HBD     : t updateConfigs
08-13 16:19:51.486  4917  4917 I HBD     : t isEnabledNightMode : true
08-13 16:19:51.486  4917  4917 I HBD     : a IC have been binding, RemoteInputConnection{idHash=#cd4bbe3}
08-13 16:19:51.486  4917  4917 I HBD     : g [EditorInputType]setPrivateImeOptionsToTable privateImeOptions ( null )
08-13 16:19:51.486  4917  4917 I HBD     : b incognitoMode : false
08-13 16:19:51.486  4917  4917 I HBD     : b needOff = true , isForceOff = false, isNullInputClass : true
08-13 16:19:51.486  4917  4917 I HBD     : g getDefaultInputRange : UNKNOWN
08-13 16:19:51.486  4917  4917 I HBD     : g getDefaultInputRange : UNKNOWN
08-13 16:19:51.486  4917  4917 I HBD     : g getDefaultInputRange : UNKNOWN
08-13 16:19:51.486  1282  4402 V WindowManager: Relayout hash=1283aa6, pid=2127, syncId=-1: mAttrs={(0,0)(fillxfill) sim={adjust=pan} layoutInDisplayCutoutMode=always ty=APPLICATION_STARTING fmt=TRANSLUCENT
08-13 16:19:51.486  1282  4402 V WindowManager:   fl=81030118
08-13 16:19:51.486  1282  4402 V WindowManager:   pfl=10000810
08-13 16:19:51.486  1282  4402 V WindowManager:   apr=18
08-13 16:19:51.486  1282  4402 V WindowManager:   bhv=1
08-13 16:19:51.486  1282  4402 V WindowManager:   fitSides=0
08-13 16:19:51.486  1282  4402 V WindowManager:   frameRateBoostOnTouch=true
08-13 16:19:51.486  1282  4402 V WindowManager:   dvrrWindowFrameRateHint=true naviIconColor=0}
08-13 16:19:51.487  4917  4917 I HBD     : b needOff = true , isForceOff = false, isNullInputClass : true
08-13 16:19:51.487  4917  4917 I HBD     : b update cached prediction status : false
08-13 16:19:51.487  4917  4917 I HBD     : g getDefaultInputRange : UNKNOWN
08-13 16:19:51.487  4917  4917 I HBD     : a currentState : 0
08-13 16:19:51.487  4917  4917 I HBD     : a [UpdatePolicy] [post] a: 0 cl: 4325376 kit: [0/26] vt: 0 ir: 1
08-13 16:19:51.491  2742  2742 I HoneySpace.RectFAnimation: animateToFinalPosition RectF(205.0863, 813.539, 874.9137, 2108.298)
08-13 16:19:51.491  2742  2742 I HoneySpace.RectFAnimation: animateToFinalPosition RectF(259.0061, 923.4735, 820.9939, 1953.9833)
08-13 16:19:51.491  2742  4754 I VRI[LauncherActivity]@3489192: mWNT: t=0xb4000076092c4810 mBlastBufferQueue=0xb4000075190eebd0 fn= 15 HdrRenderState mRenderHdrSdrRatio=1.0 caller= com.android.systemui.shared.launcher.ViewRootImplCompat.mergeWithNextTransaction:4 com.honeyspace.transition.utils.SurfaceTransactionApplier.scheduleApply$lambda$1:26 com.honeyspace.transition.utils.SurfaceTransactionApplier.b:0
08-13 16:19:51.491  2127  2334 I VRI[test]@a09584e: Relayout returned: old=(0,0,1080,2340) new=(0,0,1080,2340) relayoutAsync=false req=(1080,2340)8 dur=14 res=0x2 s={false 0x0} ch=true seqId=0
08-13 16:19:51.492  2127  2334 D VRI[test]@a09584e: Not drawing due to not visible. Reason=View.GONE
08-13 16:19:51.492  2127  2334 W WindowOnBackDispatcher: sendCancelIfRunning: isInProgress=false callback=android.view.ViewRootImpl$$ExternalSyntheticLambda15@9a6ab5a
08-13 16:19:51.494  1111  1223 I SurfaceFlinger: id=233691 createSurf, flag=24004, Surface(name=39a4c69 InputMethod)/@0x97414dd - animation-leash of insets_animation#233691
08-13 16:19:51.498  1111  1111 I SurfaceFlinger: Layer [Splash Screen com.example.cupcake.test$_2127#233671] hidden!! flag(1)
08-13 16:19:51.498  1111  1111 I SurfaceFlinger: [Surface(name=39a4c69 InputMethod)/@0x97414dd - animation-leash of insets_animation#233691] attach to parent LayerHierarchy{RequestedLayerState{WindowToken{72c0868 type=2011 android.os.Binder@fb66f8b}#121 parentId=16} 2 children}
08-13 16:19:51.501  1282  4902 D InputTransport: Input channel destroyed: '5d4994f', fd=1018
08-13 16:19:51.501  2127  2334 I VRI[test]@a09584e: dispatchDetachedFromWindow
08-13 16:19:51.501  1282  4902 W InputManager-JNI: Input channel object '5d4994f com.example.cupcake/androidx.activity.ComponentActivity (client)' was disposed without first being removed with the input manager!
08-13 16:19:51.501  1282  4902 D InputTransport: Input channel destroyed: '5d4994f', fd=1020
08-13 16:19:51.503  2742  2742 I HoneySpace.RectFAnimation: animateToFinalPosition RectF(259.0061, 973.4252, 820.9939, 2003.9349)
08-13 16:19:51.503  2742  2742 I HoneySpace.RectFAnimation: animateToFinalPosition RectF(285.07056, 1026.3525, 794.92944, 1929.641)
08-13 16:19:51.503  4917  4917 I HBD     : a [NRIC] resetNoResponseState
08-13 16:19:51.503  4917  4917 I HBD     : b needOff = true , isForceOff = false, isNullInputClass : true
08-13 16:19:51.503  4917  4917 I HBD     : b update cached prediction status : false
08-13 16:19:51.503  4917  4917 I HBD     : c [AiWriter] setContact : com.sec.android.app.launcher
08-13 16:19:51.503  4917  4917 I HBD     : a [AiWriter] setContact : com.sec.android.app.launcher
08-13 16:19:51.503  4917  4917 I HBD     : b needOff = true , isForceOff = false, isNullInputClass : true
08-13 16:19:51.503  4917  4917 I HBD     : b getTBC , flag: 1 , start: 0 , end: 0 , length: 0 , composingLength: 0 , isKCC: false
08-13 16:19:51.503  5596  5596 D InputTransport: Input channel destroyed: '5d4994f', fd=132
08-13 16:19:51.504  2742  4755 I VRI[LauncherActivity]@3489192: mWNT: t=0xb40000760925f710 mBlastBufferQueue=0xb4000075190eebd0 fn= 16 HdrRenderState mRenderHdrSdrRatio=1.0 caller= com.android.systemui.shared.launcher.ViewRootImplCompat.mergeWithNextTransaction:4 com.honeyspace.transition.utils.SurfaceTransactionApplier.scheduleApply$lambda$1:26 com.honeyspace.transition.utils.SurfaceTransactionApplier.b:0
08-13 16:19:51.504  1066  4972 I ExynosC2H264EncComponent: [onUpdateC2Work] got SYNC FRAME
08-13 16:19:51.505  5596  5596 D InputTransport: Input channel destroyed: 'ClientS', fd=149
08-13 16:19:51.509  1282  4371 D InputTransport: Input channel destroyed: '1283aa6', fd=1007
08-13 16:19:51.509  1282  4371 W InputManager-JNI: Input channel object '1283aa6 Splash Screen com.example.cupcake.test (client)' was disposed without first being removed with the input manager!
08-13 16:19:51.509  1282  4371 D InputTransport: Input channel destroyed: '1283aa6', fd=1025
08-13 16:19:51.511  1111  1111 D SurfaceFlinger: Display 4633128672291735932 HWC layers:
08-13 16:19:51.511  1111  1111 D SurfaceFlinger:        DEVICE |   0xb4000079e28c6110 | 0000 | RGBA_8888    |   93.0  201.0  987.0 2139.0 |    0    0 1080 2340 | Wallpaper BBQ wrapper 5_system#82 (19)
08-13 16:19:51.511  1111  1111 D SurfaceFlinger:        DEVICE |   0xb4000079e2913b90 | 0001 | RGBA_8888    |    0.0    0.0 1080.0 2340.0 |    0    0 1080 2340 | com.sec.android.app.launcher/com.sec[...]vities.LauncherActivity$_2742#233683 (13)
08-13 16:19:51.511  1111  1111 D SurfaceFlinger:        CLIENT |   0xb4000079e28ebb10 | 0001 | RGBA_8888    |    0.0   14.0 1080.0 2303.0 |   56  191 1024 2242 | com.example.cupcake.test/androidx.te[...]tyInvoker$EmptyActivity$_5736#233673 (1)
08-13 16:19:51.511  1111  1111 D SurfaceFlinger:        DEVICE |   0xb4000079e28be850 | 0001 | RGBA_8888    |    0.0    0.0 1080.0   80.0 |    0    0 1080   80 | StatusBar$_2127#106 (79449)
08-13 16:19:51.511  1111  1111 D SurfaceFlinger:        DEVICE |   0xb4000079e2935310 | 0001 | RGBA_8888    |    0.0    0.0 1080.0  135.0 |    0 2205 1080 2340 | NavigationBar0$_2127#101 (129828)
08-13 16:19:51.511  1111  1111 D SurfaceFlinger:        DEVICE |   0xb4000079e2910550 | 0001 | RGBA_8888    |    0.0  249.0 1034.0  827.0 |   46    0 1080  578 | $_4855#233489 (386)
08-13 16:19:51.511  1111  1111 D SurfaceFlinger:
08-13 16:19:51.514  5596  5677 D IdlingRegistry: Unregistering idling resources: [androidx.compose.ui.test.EspressoLink@49ce4f]
08-13 16:19:51.518  2127  2334 D InputTransport: Input channel destroyed: '1283aa6', fd=547
08-13 16:19:51.522  2742  4754 I VRI[LauncherActivity]@3489192: mWNT: t=0xb4000076092af810 mBlastBufferQueue=0xb4000075190eebd0 fn= 17 HdrRenderState mRenderHdrSdrRatio=1.0 caller= com.android.systemui.shared.launcher.ViewRootImplCompat.mergeWithNextTransaction:4 com.honeyspace.transition.utils.SurfaceTransactionApplier.scheduleApply$lambda$1:26 com.honeyspace.transition.utils.SurfaceTransactionApplier.b:0
08-13 16:19:51.523  1282  3019 W LocationManagerService: onFreezeStateChanged, uid[10329]=false
08-13 16:19:51.523  2742  2742 I HoneySpace.RectFAnimation: animateToFinalPosition RectF(285.07056, 1104.5834, 794.92944, 2007.8718)
08-13 16:19:51.523  2742  2742 I HoneySpace.RectFAnimation: animateToFinalPosition RectF(323.01685, 1180.0332, 756.98315, 1901.9631)
08-13 16:19:51.523  1111  1163 I SurfaceFlinger: id=233692 createSurf, flag=24004, Task=2225#233692
08-13 16:19:51.523  1111  1730 I SurfaceFlinger: id=233665 Removed db9cac ActivityRecordInputSink com.example.cupcake/androidx.activity.ComponentActivity#233665 (182)
08-13 16:19:51.524  4917  4917 I HBD     : a [PF_KL][HBIC] getTextBeforeCursor t, 21
08-13 16:19:51.524  4917  4917 I HBD     : E EBD si S 0
08-13 16:19:51.524  4917  4917 I HBD     : m updateContactDBLanguage : 4325376
08-13 16:19:51.524  4917  4917 I HBD     : g isCoverDisplay : false, cached selected json info : SelectedLanguageInfo(languageVersion=4.1, currentLanguageOrder=0, selectedLanguageList=[SelectedLanguage(id=4325376, isUsed=true, engName=Turkish, inputType=turkish_qwerty, activeOptionList=[auto_replace, auto_spacing], bilingualId=-1, isUsedBilingual=false)])
08-13 16:19:51.524  4917  4917 I HBD     : g updateSelectedLanguageCache is succeeded. Turkish
08-13 16:19:51.525  4917  4917 I HBD     : h writeToFile path : /data/user/0/com.samsung.android.honeyboard/files/selected.json
08-13 16:19:51.525  4917  4917 I HBD     : h writeToFile json : {"version":"4.1","currentLanguageOrder":0,"selected":[{"activeOptionList":["auto_replace","auto_spacing"],"bilingualId":-1,"engName":"Turkish","id":4325376,"inputType":"turkish_qwerty","isUsed":true,"isUsedBilingual":false}]}
08-13 16:19:51.526  5596  5677 I TestRunner: finished: cupcakeNAvHost_verifyBackNavigationNotShownOnStartOrderScreen(com.example.cupcake.test.CupcakeScreenNavigationTest)
