08-13 16:19:58.836  2127  2938 I VRI[test]@5517fd7: mWNT: t=0xb4000076092048d0 mBlastBufferQueue=0xb40000751915a8d0 fn= 2 HdrRenderState mRenderHdrSdrRatio=1.0 caller= android.view.SyncRtSurfaceTransactionApplier.applyTransaction:96 android.view.SyncRtSurfaceTransactionApplier.lambda$scheduleApply$0:69 android.view.SyncRtSurfaceTransactionApplier.$r8$lambda$afI4fXg3U3-nBZQEDQMiNy-B06s:0
08-13 16:19:58.838  2742  1824 I HoneySpace.RecentTasks: onRecentTasksChanged
08-13 16:19:58.839  2127  2127 D Bubbles : onEntryUpdated : shouldBubbleUp=false ,key=0|com.samsung.android.app.smartcapture|1332|null|10190
08-13 16:19:58.839  2127  2127 D InterruptionStateProvider:  no Heads up : edgelighting enabled app. 0|com.samsung.android.app.smartcapture|1332|null|10190
08-13 16:19:58.841  1282  4376 D InputDispatcher: Focus entered window (0): c2c214a com.sec.android.app.launcher/com.sec.android.app.launcher.activities.LauncherActivity
08-13 16:19:58.842  2127  2127 D SubscreenNotificationListCoordinator: onAfterRenderList() isSubScreen = false, pluginLockMode = 0, doNotShowOnCover = false
08-13 16:19:58.844  2742  5546 I HoneySpace.WallpaperAnimator: onAnimationStart, wallpapers: Surface(name=Surface(name=RemoteWallpaperAnim:1:1)/@0xcc52fc5 - animation-leash of remote_wallpaper)/@0x3d71501
08-13 16:19:58.845  2742  1823 I HoneySpace.HistoryViewModel@160600677@OneUI: Illegal access. Unknown type. skip load history items
08-13 16:19:58.848  2742  2100 I HoneySpace.HistoryViewModel@160600677@OneUI: Illegal access. Unknown type. skip load history items
08-13 16:19:58.856  2127  2937 I VRI[test]@5517fd7: mWNT: t=0xb40000760927be10 mBlastBufferQueue=0xb40000751915a8d0 fn= 3 HdrRenderState mRenderHdrSdrRatio=1.0 caller= android.view.SyncRtSurfaceTransactionApplier.applyTransaction:96 android.view.SyncRtSurfaceTransactionApplier.lambda$scheduleApply$0:69 android.view.SyncRtSurfaceTransactionApplier.$r8$lambda$afI4fXg3U3-nBZQEDQMiNy-B06s:0
08-13 16:19:58.857  2742  4754 I VRI[LauncherActivity]@3489192: mWNT: t=0xb40000760929ab90 mBlastBufferQueue=0xb4000075191609b0 fn= 11 HdrRenderState mRenderHdrSdrRatio=1.0 caller= com.android.systemui.shared.launcher.ViewRootImplCompat.mergeWithNextTransaction:4 com.honeyspace.transition.utils.SurfaceTransactionApplier.scheduleApply$lambda$1:26 com.honeyspace.transition.utils.SurfaceTransactionApplier.b:0
08-13 16:19:58.857  2742  2742 I HoneySpace.RectFAnimation: animateToFinalPosition RectF(49.476868, 320.5293, 1030.5232, 2403.9946)
08-13 16:19:58.857  2742  2742 I HoneySpace.RectFAnimation: animateToFinalPosition RectF(161.7539, 558.4623, 918.2461, 2070.0088)
08-13 16:19:58.861 23813 30394 W FA      : Failed to retrieve Firebase Instance Id
08-13 16:19:58.863  2127  2127 D SecKeyguardClockPositionAlgorithm: getTopMargin scale = 1.2690217, clockContainerHeight = 389, scaleMarginY = -41
08-13 16:19:58.868  5596  5596 D LifecycleMonitor: Lifecycle status change: androidx.activity.ComponentActivity@4920581 in: DESTROYED
08-13 16:19:58.868  5596  5596 V ActivityScenario: Update currentActivityStage to DESTROYED, currentActivity=null
08-13 16:19:58.869  6225  4501 I NetworkScheduler: (REDACTED) Error inserting %s
08-13 16:19:58.869  5596  5596 W WindowOnBackDispatcher: sendCancelIfRunning: isInProgress=false callback=android.view.ViewRootImpl$$ExternalSyntheticLambda15@74bd098
08-13 16:19:58.872  5596  5687 D HWUI    : CacheManager::trimMemory(20)
08-13 16:19:58.873  5596  5596 I VRI[ComponentActivity]@f2e05ac: dispatchDetachedFromWindow
08-13 16:19:58.873  1282  2477 D InputTransport: Input channel destroyed: '43eac26', fd=1007
08-13 16:19:58.874  1282  2477 W InputManager-JNI: Input channel object '43eac26 com.example.cupcake/androidx.activity.ComponentActivity (client)' was disposed without first being removed with the input manager!
08-13 16:19:58.875  2742  2742 I HoneySpace.WallpaperAnimator: startWallpaperAnimation, isOpen-false, from:1.3, to:1.0, duration:1200
08-13 16:19:58.875  2742  2742 I HoneySpace.WallpaperAnimator: wallpaper animation start [31792896]
08-13 16:19:58.878  2742  4755 I VRI[LauncherActivity]@3489192: mWNT: t=0xb4000076091baf10 mBlastBufferQueue=0xb4000075191609b0 fn= 12 HdrRenderState mRenderHdrSdrRatio=1.0 caller= com.android.systemui.shared.launcher.ViewRootImplCompat.mergeWithNextTransaction:4 com.honeyspace.transition.utils.SurfaceTransactionApplier.scheduleApply$lambda$1:26 com.honeyspace.transition.utils.SurfaceTransactionApplier.b:0
08-13 16:19:58.878  1282  2477 D InputTransport: Input channel destroyed: '43eac26', fd=1018
08-13 16:19:58.878 23813 30394 W FA      : Failed to retrieve Firebase Instance Id
08-13 16:19:58.879  2742  2742 I InputMethodManager: startInputInner - IInputMethodManagerGlobalInvoker.startInputOrWindowGainedFocus
08-13 16:19:58.879  1111  1223 I SurfaceFlinger: id=233843 createSurf, flag=24004, Surface(name=39a4c69 InputMethod)/@0x97414dd - animation-leash of insets_animation#233843
08-13 16:19:58.880  1111  1111 I SurfaceFlinger: [Surface(name=39a4c69 InputMethod)/@0x97414dd - animation-leash of insets_animation#233843] attach to parent LayerHierarchy{RequestedLayerState{WindowToken{72c0868 type=2011 android.os.Binder@fb66f8b}#121 parentId=16} 2 children}
08-13 16:19:58.881  2742  2742 I HoneySpace.RectFAnimation: animateToFinalPosition RectF(161.7539, 663.09717, 918.2461, 2174.6436)
08-13 16:19:58.881  2742  2742 I HoneySpace.RectFAnimation: animateToFinalPosition RectF(225.55591, 795.2956, 854.4441, 1989.0769)
08-13 16:19:58.883  2742  4754 I VRI[LauncherActivity]@3489192: mWNT: t=0xb40000760925bd50 mBlastBufferQueue=0xb4000075191609b0 fn= 13 HdrRenderState mRenderHdrSdrRatio=1.0 caller= com.android.systemui.shared.launcher.ViewRootImplCompat.mergeWithNextTransaction:4 com.honeyspace.transition.utils.SurfaceTransactionApplier.scheduleApply$lambda$1:26 com.honeyspace.transition.utils.SurfaceTransactionApplier.b:0
08-13 16:19:58.884  5596  5596 D InputTransport: Input channel destroyed: '43eac26', fd=98
08-13 16:19:58.885  2742  2742 I HoneySpace.RectFAnimation: animateToFinalPosition RectF(225.55591, 812.66864, 854.4441, 2006.45)
08-13 16:19:58.885  2127  2127 I LockscreenNotificationIconsOnlyController: onNotificationInfoUpdated 0
08-13 16:19:58.885  2742  2742 I HoneySpace.RectFAnimation: animateToFinalPosition RectF(235.43387, 832.7272, 844.56616, 1978.2938)
08-13 16:19:58.885  2127  2127 I AODNotificationManager: updateNotification()
08-13 16:19:58.887  1062  6265 I HYPER-HAL: [RequestManager.cpp]releaseLocked(): Released ID : 850882
08-13 16:19:58.893  1244  1348 I CameraService: onUidStateChanged: uid=10043, procState is changed. (1 -> 0)
08-13 16:19:58.895  2742  4755 I VRI[LauncherActivity]@3489192: mWNT: t=0xb40000760935e810 mBlastBufferQueue=0xb4000075191609b0 fn= 14 HdrRenderState mRenderHdrSdrRatio=1.0 caller= com.android.systemui.shared.launcher.ViewRootImplCompat.mergeWithNextTransaction:4 com.honeyspace.transition.utils.SurfaceTransactionApplier.scheduleApply$lambda$1:26 com.honeyspace.transition.utils.SurfaceTransactionApplier.b:0
08-13 16:19:58.896  2742  2742 I HoneySpace.RectFAnimation: animateToFinalPosition RectF(235.43387, 884.0609, 844.56616, 2029.6276)
08-13 16:19:58.896  2742  2742 I HoneySpace.RectFAnimation: animateToFinalPosition RectF(263.52106, 941.09576, 816.47894, 1949.5679)
08-13 16:19:58.900  2127  2127 D SystemUIService: SYSUI_RAM_OPTIMIZATION onTrimMemory=20
08-13 16:19:58.901  2127  2127 D CentralSurfaces: SYSUI_RAM_OPTIMIZATION onTrimMemory=20
08-13 16:19:58.908  2127  2390 D HWUI    : CacheManager::trimMemory(20)
08-13 16:19:58.910  1282  3084 V WindowManager: Relayout Window{a769aa5 u0 Splash Screen com.example.cupcake.test}: viewVisibility=8 req=1080x2340 ty=3 d0
08-13 16:19:58.911  2742  2742 I HoneySpace.RectFAnimation: animateToFinalPosition RectF(263.52106, 1002.7939, 816.47894, 2011.2659)
08-13 16:19:58.911  2742  2742 I HoneySpace.RectFAnimation: animateToFinalPosition RectF(295.19904, 1067.1202, 784.80096, 1920.9712)
08-13 16:19:58.912 23813 30394 W FA      : Failed to retrieve Firebase Instance Id
08-13 16:19:58.915  2742  4754 I VRI[LauncherActivity]@3489192: mWNT: t=0xb4000076093190d0 mBlastBufferQueue=0xb4000075191609b0 fn= 15 HdrRenderState mRenderHdrSdrRatio=1.0 caller= com.android.systemui.shared.launcher.ViewRootImplCompat.mergeWithNextTransaction:4 com.honeyspace.transition.utils.SurfaceTransactionApplier.scheduleApply$lambda$1:26 com.honeyspace.transition.utils.SurfaceTransactionApplier.b:0
08-13 16:19:58.917  2127  2816 D LocalImageResolver: Couldn't use ImageDecoder for drawable, falling back to non-resized load.
08-13 16:19:58.919  2127  2816 D LocalImageResolver: Couldn't use ImageDecoder for drawable, falling back to non-resized load.
08-13 16:19:58.921  1111  1111 I SurfaceFlinger: [LayerHierarchy{RequestedLayerState{39a4c69 InputMethod#135 parentId=233843} no children}] reparent to LayerHierarchy{RequestedLayerState{Surface(name=39a4c69 InputMethod)/@0x97414dd - animation-leash of insets_animation#233843 parentId=121} 1 children}
08-13 16:19:58.921  1111  1111 I SurfaceFlinger: [LayerHierarchy{RequestedLayerState{com.example.cupcake/androidx.activity.ComponentActivity$_5596#233813} no children}] reparent to OffscreenRoot
08-13 16:19:58.921  1111  1111 I SurfaceFlinger: [LayerHierarchy{RequestedLayerState{com.example.cupcake/androidx.activity.ComponentActivity$_5596#233813} no children}] RelativeParent to null
08-13 16:19:58.921  1111  1111 I SurfaceFlinger: [LayerHierarchy{RequestedLayerState{Surface(name=39a4c69 InputMethod)/@0x97414dd - animation-leash of insets_animation#233819} no children}] reparent to OffscreenRoot
08-13 16:19:58.921  1111  1111 I SurfaceFlinger: [LayerHierarchy{RequestedLayerState{Surface(name=39a4c69 InputMethod)/@0x97414dd - animation-leash of insets_animation#233819} no children}] RelativeParent to null
08-13 16:19:58.921  1111  1111 I SurfaceFlinger: [LayerHierarchy{RequestedLayerState{43eac26 com.example.cupcake/androidx.activity.ComponentActivity#233811} no children}] reparent to OffscreenRoot
08-13 16:19:58.921  1111  1111 I SurfaceFlinger: [LayerHierarchy{RequestedLayerState{43eac26 com.example.cupcake/androidx.activity.ComponentActivity#233811} no children}] RelativeParent to null
08-13 16:19:58.922  5596  5677 D IdlingRegistry: Unregistering idling resources: [androidx.compose.ui.test.EspressoLink@4848102]
08-13 16:19:58.923  1111  1111 I SurfaceFlinger: id=233819 Removed Surface(name=39a4c69 InputMethod)/@0x97414dd - animation-leash of insets_animation#233819 (200)
08-13 16:19:58.923  1111  1111 I SurfaceFlinger: id=233811 Removed 43eac26 com.example.cupcake/androidx.activity.ComponentActivity#233811 (200)
08-13 16:19:58.923  1111  1111 I SurfaceFlinger: id=233813 Removed com.example.cupcake/androidx.activity.ComponentActivity$_5596#233813 (200)
08-13 16:19:58.924  5596  5677 I TestRunner: finished: cupcakeNavHost_clickCancelOnPickupScreen_navigatesToStartOrderScreen(com.example.cupcake.test.CupcakeScreenNavigationTest)
