08-13 16:19:53.961  2535  2535 I VolteServiceModule: onServiceStateChanged({mVoiceRegState=0(IN_SERVICE), mDataRegState=0(IN_SERVICE), mChannelNumber=1795, duplexMode()=1, mCellBandwidths=[10000, 20000, 20000, 10000], mOperatorAlphaLong=Turkcell, mOperatorAlphaShort=Turkcell, isManualNetworkSelection=false(automatic), getRilVoiceRadioTechnology=14(LTE), getRilDataRadioTechnology=14(LTE), mCssIndicator=unsupported, mNetworkId=*1, mSystemId=*1, mCdmaRoamingIndicator=-1, mCdmaDefaultRoamingIndicator=-1, NonCellular=false, Snap=0, PsOnly=false, SprDisplayRoam=false, OptRadioTech=0, MsimSubmode=0, IsVoiceCallAvailable=true, mIsEmergencyOnly=false, isUsingCarrierAggregation=false, mArfcnRsrpBoost=0, mNetworkRegistrationInfos=[NetworkRegistrationInfo{ domain=PS transportType=WLAN registrationState=UNKNOWN networkRegistrationState=UNKNOWN roamingType=NOT_ROAMING accessNetworkTechnology=IWLAN rejectCause=0 emergencyEnabled=false availableServices=[] cellIdentity=null voiceSpecificInfo=null dataSpecificInfo=null nrState=**** rRplmn= isUsingCarrierAggregation=false isNonTerrestrialNetwork=TERRESTRIAL}, NetworkRegistrationInfo{ domain=CS transportType=WWAN registrationState=HOME networkRegistrationState=HOME roamingType=NOT_ROAMING accessNetworkTechnology=LTE rejectCause=0 emergencyEnabled=false availableServices=[VOICE,SMS,VIDEO] cellIdentity=CellIdentityLte:{ mCi=6***85 mPci=388 mTac=5**1 mEarfcn=1795 mBands=[3] mBandwidth=2147483647 mMcc=286 mMnc=01 mAlphaLong=Turkcell mAlphaShort=Turkcell mAdditionalPlmns={} mCsgInfo=null} voiceSpecificInfo=VoiceSpecificRegistrationInfo { mCssSupported=false mRoamingIndicator=0 mSystemIsInPrl=0 mDefaultRoamingIndicator=0} dataSpecificInfo=null nrState=**** rRplmn=28601 isUsingCarrierAggregation=false isNonTerrestrialNetwork=TERRESTRIAL}, NetworkRegistrationInfo{ domain=PS transportType=WWAN registrationState=HOME networkRegistrationState=HOME roamingType=NOT_ROAMING accessNetworkTechnology=LTE rejectCause=0 emergencyEnabled=false availableServices=[DATA,MMS] cellIdentity=CellIdentityLte:{ mCi=6***85 mPci=388 mTac=5**1 mEarfcn=1795 mBands=[3] mBandwidth=2147483647 mMcc=286 mMnc=01 mAlphaLong=Turkcell mAlphaShort=Turkcell mAdditionalPlmns={} mCsgInfo=null} voiceSpecificInfo=null dataSpecificInfo=android.telephony.DataSpecificRegistrationInfo :{ maxDataCalls = 16 isDcNrRestricted = true isNrAvailable = false isEnDcAvailable = false mLteAttachResultType = 0 mLteAttachExtraInfo = 0 LteVopsSupportInfo :  mVopsSupport = 2 mEmcBearerSupport = 2 } nrState=**** rRplmn=28601 isUsingCarrierAggregation=false isNonTerrestrialNetwork=TERRESTRIAL}], mNrFrequencyRange=0, mOperatorAlphaLongRaw=Turkcell, mOperatorAlphaShortRaw=Turkcell, mIsDataRoamingFromRegistration=false, mIsIwlanPreferred=false, mIsUsingNonTerrestrialNetwork=false})
08-13 16:19:53.962  2535  2535 I VolteServiceModule: mIsLteEpsOnlyAttached(1):false
08-13 16:19:53.962  2127  2127 D SecKeyguardClockPositionAlgorithm: getTopMargin scale = 1.2690217, clockContainerHeight = 389, scaleMarginY = -41
08-13 16:19:53.964  2535  2776 I GeolocationCon: handleMessage : what = SERVICE_STATE_CHANGED
08-13 16:19:53.964  1062  6129 I HYPER-HAL: [RequestManager.cpp]releaseLocked(): Released ID : 857422
08-13 16:19:53.965  2535  2776 I GeolocationCon: matchTimingReqLocation ,match=0, timing=4
08-13 16:19:53.965  2535  2776 I GeolocationCon: matchTimingReqLocation ,match=1, timing=4
08-13 16:19:53.965  2535  2776 I GeolocationCon: profile is null
08-13 16:19:53.965  2535  3077 I VolteServiceModule: onServiceStateChanged({mVoiceRegState=0(IN_SERVICE), mDataRegState=0(IN_SERVICE), mChannelNumber=1795, duplexMode()=1, mCellBandwidths=[10000, 20000, 20000, 10000], mOperatorAlphaLong=Turkcell, mOperatorAlphaShort=Turkcell, isManualNetworkSelection=false(automatic), getRilVoiceRadioTechnology=14(LTE), getRilDataRadioTechnology=14(LTE), mCssIndicator=unsupported, mNetworkId=*1, mSystemId=*1, mCdmaRoamingIndicator=-1, mCdmaDefaultRoamingIndicator=-1, NonCellular=false, Snap=0, PsOnly=false, SprDisplayRoam=false, OptRadioTech=0, MsimSubmode=0, IsVoiceCallAvailable=true, mIsEmergencyOnly=false, isUsingCarrierAggregation=false, mArfcnRsrpBoost=0, mNetworkRegistrationInfos=[NetworkRegistrationInfo{ domain=PS transportType=WLAN registrationState=UNKNOWN networkRegistrationState=UNKNOWN roamingType=NOT_ROAMING accessNetworkTechnology=IWLAN rejectCause=0 emergencyEnabled=false availableServices=[] cellIdentity=null voiceSpecificInfo=null dataSpecificInfo=null nrState=**** rRplmn= isUsingCarrierAggregation=false isNonTerrestrialNetwork=TERRESTRIAL}, NetworkRegistrationInfo{ domain=CS transportType=WWAN registrationState=HOME networkRegistrationState=HOME roamingType=NOT_ROAMING accessNetworkTechnology=LTE rejectCause=0 emergencyEnabled=false availableServices=[VOICE,SMS,VIDEO] cellIdentity=CellIdentityLte:{ mCi=6***85 mPci=388 mTac=5**1 mEarfcn=1795 mBands=[3] mBandwidth=2147483647 mMcc=286 mMnc=01 mAlphaLong=Turkcell mAlphaShort=Turkcell mAdditionalPlmns={} mCsgInfo=null} voiceSpecificInfo=VoiceSpecificRegistrationInfo { mCssSupported=false mRoamingIndicator=0 mSystemIsInPrl=0 mDefaultRoamingIndicator=0} dataSpecificInfo=null nrState=**** rRplmn=28601 isUsingCarrierAggregation=false isNonTerrestrialNetwork=TERRESTRIAL}, NetworkRegistrationInfo{ domain=PS transportType=WWAN registrationState=HOME networkRegistrationState=HOME roamingType=NOT_ROAMING accessNetworkTechnology=LTE rejectCause=0 emergencyEnabled=false availableServices=[DATA,MMS] cellIdentity=CellIdentityLte:{ mCi=6***85 mPci=388 mTac=5**1 mEarfcn=1795 mBands=[3] mBandwidth=2147483647 mMcc=286 mMnc=01 mAlphaLong=Turkcell mAlphaShort=Turkcell mAdditionalPlmns={} mCsgInfo=null} voiceSpecificInfo=null dataSpecificInfo=android.telephony.DataSpecificRegistrationInfo :{ maxDataCalls = 16 isDcNrRestricted = true isNrAvailable = false isEnDcAvailable = false mLteAttachResultType = 0 mLteAttachExtraInfo = 0 LteVopsSupportInfo :  mVopsSupport = 2 mEmcBearerSupport = 2 } nrState=**** rRplmn=28601 isUsingCarrierAggregation=false isNonTerrestrialNetwork=TERRESTRIAL}], mNrFrequencyRange=0, mOperatorAlphaLongRaw=Turkcell, mOperatorAlphaShortRaw=Turkcell, mIsDataRoamingFromRegistration=false, mIsIwlanPreferred=false, mIsUsingNonTerrestrialNetwork=false})
08-13 16:19:53.965  2535  3077 I VolteServiceModule: mIsLteEpsOnlyAttached(0):false
08-13 16:19:53.966  1282  1282 D SemWifiApServiceImpl: onServiceStateChanged : 0dataNetworkType : 13,isUsingNonTerrestrialNetwork:false
08-13 16:19:53.966 18442  4360 I ImsSim2Manager: [C] checkVoiceNetwork voice network : 13
08-13 16:19:53.966  2952  3037 W NetworkManager_FLP: updateServiceStateChanged, serviceState=0 / isRegistered=true / channel=1795 / networkTypeName=LTE / nr=false
08-13 16:19:53.969  1111  1111 E SurfaceFlinger: alpha changed 0.000 -> 0.000 - Surface(name=Task=2228)/@0x8473ca4_transition-leash#233728
08-13 16:19:53.969  2952  3037 W NetworkManager_FLP: updateServiceStateChanged, serviceState=0 / isRegistered=true / channel=1795 / networkTypeName=LTE / nr=false
08-13 16:19:53.973  5736  5756 D HWUI    : CacheManager::trimMemory(20)
08-13 16:19:53.975  5736  5736 I VRI[InstrumentationActivityInvoker$EmptyActivity]@ebadaf0: dispatchDetachedFromWindow
08-13 16:19:53.975  2535  2776 I GeolocationCon<0>: onNetworkCountryIsoChanged: mCountryIso = tr, iso = tr
08-13 16:19:53.976  2742  2742 I HoneySpace.RectFAnimation: animateToFinalPosition RectF(465.0, 1801.0388, 615.0, 1951.0388)
08-13 16:19:53.977  2742  4755 I VRI[LauncherActivity]@3489192: mWNT: t=0xb400007609186550 mBlastBufferQueue=0xb4000075190eebd0 fn= 47 HdrRenderState mRenderHdrSdrRatio=1.0 caller= com.android.systemui.shared.launcher.ViewRootImplCompat.mergeWithNextTransaction:4 com.honeyspace.transition.utils.SurfaceTransactionApplier.scheduleApply$lambda$1:26 com.honeyspace.transition.utils.SurfaceTransactionApplier.b:0
08-13 16:19:53.978  1282  3019 W LocationManagerService: onFreezeStateChanged, uid[10270]=false
08-13 16:19:53.984  1282  3179 V WindowManager: Relayout Window{9c78bd7 u0 Splash Screen com.example.cupcake}: viewVisibility=8 req=1080x2340 ty=3 d0
08-13 16:19:53.984  2742  2742 I HoneySpace.RectFAnimation: animateToFinalPosition RectF(465.0, 1800.7607, 615.0, 1950.7607)
08-13 16:19:53.984  2742  4754 I VRI[LauncherActivity]@3489192: mWNT: t=0xb40000760911a0d0 mBlastBufferQueue=0xb4000075190eebd0 fn= 48 HdrRenderState mRenderHdrSdrRatio=1.0 caller= com.android.systemui.shared.launcher.ViewRootImplCompat.mergeWithNextTransaction:4 com.honeyspace.transition.utils.SurfaceTransactionApplier.scheduleApply$lambda$1:26 com.honeyspace.transition.utils.SurfaceTransactionApplier.b:0
08-13 16:19:53.987  1282  3179 V WindowManager: Relayout hash=9c78bd7, pid=2127, syncId=-1: mAttrs={(0,0)(fillxfill) sim={adjust=pan} layoutInDisplayCutoutMode=always ty=APPLICATION_STARTING fmt=TRANSLUCENT wanim=0x1030312
08-13 16:19:53.987  1282  3179 V WindowManager:   fl=81030118
08-13 16:19:53.987  1282  3179 V WindowManager:   pfl=10000810
08-13 16:19:53.987  1282  3179 V WindowManager:   apr=18
08-13 16:19:53.987  1282  3179 V WindowManager:   bhv=1
08-13 16:19:53.987  1282  3179 V WindowManager:   fitSides=0
08-13 16:19:53.987  1282  3179 V WindowManager:   frameRateBoostOnTouch=true
08-13 16:19:53.987  1282  3179 V WindowManager:   dvrrWindowFrameRateHint=true naviIconColor=0}
08-13 16:19:53.988  1282  4376 D InputTransport: Input channel destroyed: '3bf1bd ', fd=1026
08-13 16:19:53.988  2782  3390 I EPDG -- SIM0 [NetController]: getIsRssiDisabledForProfiling: returning: false
08-13 16:19:53.989  1282  4376 W InputManager-JNI: Input channel object '3bf1bd com.example.cupcake.test/androidx.test.core.app.InstrumentationActivityInvoker$EmptyActivity (client)' was disposed without first being removed with the input manager!
08-13 16:19:53.989  2782  3390 I EPDG -- [SettingManager]: getVoWifiPreference[0], 2
08-13 16:19:53.989  2782  3390 I EPDG -- SIM0 [EpdgSubscription]: getIsAirplaneMode: returning: false
08-13 16:19:53.989  1282  4376 D InputTransport: Input channel destroyed: '3bf1bd ', fd=1027
08-13 16:19:53.991  2127  2334 I VRI[cupcake]@4202868: Relayout returned: old=(0,0,1080,2340) new=(0,0,1080,2340) relayoutAsync=false req=(1080,2340)8 dur=15 res=0x2 s={false 0x0} ch=true seqId=0
08-13 16:19:53.991  2127  2334 D VRI[cupcake]@4202868: Not drawing due to not visible. Reason=View.GONE
08-13 16:19:53.992  2127  2334 W WindowOnBackDispatcher: sendCancelIfRunning: isInProgress=false callback=android.view.ViewRootImpl$$ExternalSyntheticLambda15@3036314
08-13 16:19:53.994  4917  4917 I InputMethodService: removeImeSurface
08-13 16:19:53.994  4917  4917 I InputMethodService: cancelImeSurfaceRemoval: removeCallbacks
08-13 16:19:54.002  2127  2127 I LockscreenNotificationIconsOnlyController: onNotificationInfoUpdated 0
08-13 16:19:54.003  2127  2127 I AODNotificationManager: updateNotification()
08-13 16:19:54.006  5736  5736 D InputTransport: Input channel destroyed: '3bf1bd ', fd=125
08-13 16:19:54.007  2742  2742 I HoneySpace.RectFAnimation: animateToFinalPosition RectF(465.0, 1799.9274, 615.0, 1949.9274)
08-13 16:19:54.010  1282  1921 D MotionRecognitionService: [SAR] set setTransmitPowerWithFlag  value : 1 : false
08-13 16:19:54.010  1282  1921 I MotionRecognitionService: [SAR] ISG6320 Grip sensor disable channel 0 : 0 , channel 1 : 1
08-13 16:19:54.010  1282  1921 I MotionRecognitionService: [SAR]  id : 0 cmd :off  >>
08-13 16:19:54.010  1282  1921 I MotionRecognitionService: [SAR] id : 1 cmd :off  <<
08-13 16:19:54.010  1282  1921 I MotionRecognitionService: [SAR] PROX disable, slot = 0, mEnabledSlot: 0
08-13 16:19:54.010  1282  1921 I MotionRecognitionService: [SAR]  id : 1 cmd :off  >>
08-13 16:19:54.010  1282  1921 I MotionRecognitionService: [SAR] id : 16 cmd :off  <<
08-13 16:19:54.010  1282  1921 I MotionRecognitionService: [SAR] SarDevice clear 65536 channel : 1 , state : 0
08-13 16:19:54.011  2742  4755 I VRI[LauncherActivity]@3489192: mWNT: t=0xb40000760916d650 mBlastBufferQueue=0xb4000075190eebd0 fn= 49 HdrRenderState mRenderHdrSdrRatio=1.0 caller= com.android.systemui.shared.launcher.ViewRootImplCompat.mergeWithNextTransaction:4 com.honeyspace.transition.utils.SurfaceTransactionApplier.scheduleApply$lambda$1:26 com.honeyspace.transition.utils.SurfaceTransactionApplier.b:0
08-13 16:19:54.016  2742  2742 I HoneySpace.RectFAnimation: animateToFinalPosition RectF(465.0, 1799.6044, 615.0, 1949.6044)
08-13 16:19:54.017  1282  1921 D MotionRecognitionService: [SAR] set setTransmitPowerWithFlag  value : 65536 : false
08-13 16:19:54.017  1282  1921 I MotionRecognitionService: [SAR] ISG6320 Grip sensor disableSensor : true
08-13 16:19:54.017  1282  1921 D MotionRecognitionService: [SAR] disable mRequestedChannelList : 65539
08-13 16:19:54.017  1282  1921 I MotionRecognitionService: [SAR] ISG6320 Grip sensorsetTunerGrip 8589934592 , state: false
08-13 16:19:54.018  5736  5756 D HWUI    : CacheManager::trimMemory(40)
08-13 16:19:54.021  1282  1921 D MotionRecognitionService: [SAR] set setTransmitPowerExt(Tuner) value : 8589934592 : false
08-13 16:19:54.021  1282  1921 I MotionRecognitionService: [SAR] tunerGrip is 8589934592, state : false
08-13 16:19:54.021  1282  1921 I MotionRecognitionService: [SAR] ISG6320 Grip sensorsetTunerGrip 17179869184 , state: false
08-13 16:19:54.030  2742  4754 I VRI[LauncherActivity]@3489192: mWNT: t=0xb40000760919df50 mBlastBufferQueue=0xb4000075190eebd0 fn= 50 HdrRenderState mRenderHdrSdrRatio=1.0 caller= com.android.systemui.shared.launcher.ViewRootImplCompat.mergeWithNextTransaction:4 com.honeyspace.transition.utils.SurfaceTransactionApplier.scheduleApply$lambda$1:26 com.honeyspace.transition.utils.SurfaceTransactionApplier.b:0
08-13 16:19:54.030  2127  2303 I SurfaceControlRegistry: apply, t=FinishTransaction_SyncId<20539>, caller=android.view.SurfaceControl$Transaction.apply:3135 android.view.SurfaceControl$Transaction.apply:3122 android.view.SurfaceControl$Transaction.apply:3078 com.android.wm.shell.transition.Transitions.onFinish:308 com.android.wm.shell.transition.Transitions$$ExternalSyntheticLambda8.onTransitionFinished:10 com.android.wm.shell.transition.DefaultTransitionHandler$$ExternalSyntheticLambda6.run:36
08-13 16:19:54.038  2742  4755 I VRI[LauncherActivity]@3489192: mWNT: t=0xb400007609190b90 mBlastBufferQueue=0xb4000075190eebd0 fn= 51 HdrRenderState mRenderHdrSdrRatio=1.0 caller= com.android.systemui.shared.launcher.ViewRootImplCompat.mergeWithNextTransaction:4 com.honeyspace.transition.utils.SurfaceTransactionApplier.scheduleApply$lambda$1:26 com.honeyspace.transition.utils.SurfaceTransactionApplier.b:0
08-13 16:19:54.040  1111  1111 I SurfaceFlinger: Layer [Splash Screen com.example.cupcake$_2127#233737] hidden!! flag(1)
08-13 16:19:54.040  1111  1111 I SurfaceFlinger: Layer [Task=1#52] hidden!! flag(1)
08-13 16:19:54.040  1111  1111 I SurfaceFlinger: [LayerHierarchy{RequestedLayerState{ImeContainer#16 parentId=233734 relativeParentId=233734 z=3} 1 children}] reparent to LayerHierarchy{RequestedLayerState{ActivityRecord{d80f800 u0 com.example.cupcake/androidx.activity.ComponentActivity t2229}#233734 parentId=233733} 4 children}
08-13 16:19:54.040  1111  1111 I SurfaceFlinger: [LayerHierarchy{RequestedLayerState{ImeContainer#16 parentId=233734 relativeParentId=233734 z=3} 1 children}] RelativeParent to null
08-13 16:19:54.040  1111  1111 I SurfaceFlinger: [LayerHierarchy{RequestedLayerState{Task=1#52 parentId=11} 2 children}] reparent to LayerHierarchy{RequestedLayerState{DefaultTaskDisplayArea_d0#11 parentId=10} 9 children}
08-13 16:19:54.040  1111  1111 I SurfaceFlinger: [LayerHierarchy{RequestedLayerState{WallpaperWindowToken{b638ffb token=android.os.Binder@64ddd8a}#74 parentId=9 z=1} 1 children}] reparent to LayerHierarchy{RequestedLayerState{Leaf:1:1#9 parentId=8} 2 children}
08-13 16:19:54.040  1111  1111 I SurfaceFlinger: [LayerHierarchy{RequestedLayerState{39a4c69 InputMethod#135 parentId=233744} no children}] reparent to LayerHierarchy{RequestedLayerState{Surface(name=39a4c69 InputMethod)/@0x97414dd - animation-leash of insets_animation#233744 parentId=121} 1 children}
08-13 16:19:54.040  1111  1111 I SurfaceFlinger: [LayerHierarchy{RequestedLayerState{Surface(name=39a4c69 InputMethod)/@0x97414dd - animation-leash of insets_animation#233731} no children}] reparent to OffscreenRoot
08-13 16:19:54.040  1111  1111 I SurfaceFlinger: [LayerHierarchy{RequestedLayerState{Surface(name=39a4c69 InputMethod)/@0x97414dd - animation-leash of insets_animation#233731} no children}] RelativeParent to null
08-13 16:19:54.040  1111  1111 I SurfaceFlinger: [LayerHierarchy{RequestedLayerState{Transition Root: Task=2229#233741 z=3} 1 children}] reparent to OffscreenRoot
08-13 16:19:54.040  1111  1111 I SurfaceFlinger: [LayerHierarchy{RequestedLayerState{Transition Root: Task=2229#233741 z=3} 1 children}] RelativeParent to null
08-13 16:19:54.040  1111  1111 I SurfaceFlinger: [LayerHierarchy{RequestedLayerState{Task=2229#233733 parentId=11 z=3} 1 children}] reparent to LayerHierarchy{RequestedLayerState{DefaultTaskDisplayArea_d0#11 parentId=10} 9 children}
08-13 16:19:54.040  1111  1111 I SurfaceFlinger: [LayerHierarchy{RequestedLayerState{3bf1bd com.example.cupcake.test/androidx.test.core.app.InstrumentationActivityInvoker$EmptyActivity#233710} 1 children}] reparent to OffscreenRoot
08-13 16:19:54.040  1111  1111 I SurfaceFlinger: [LayerHierarchy{RequestedLayerState{3bf1bd com.example.cupcake.test/androidx.test.core.app.InstrumentationActivityInvoker$EmptyActivity#233710} 1 children}] RelativeParent to null
08-13 16:19:54.040  1111  1111 I SurfaceFlinger: [LayerHierarchy{RequestedLayerState{com.example.cupcake.test/androidx.test.core.app.InstrumentationActivityInvoker$EmptyActivity$_5736#233711} no children}] reparent to OffscreenRoot
08-13 16:19:54.040  1111  1111 I SurfaceFlinger: [LayerHierarchy{RequestedLayerState{com.example.cupcake.test/androidx.test.core.app.InstrumentationActivityInvoker$EmptyActivity$_5736#233711} no children}] RelativeParent to null
08-13 16:19:54.041  2742  2742 I HoneySpace.WallpaperAnimator: destroyWallpaperSurface Surface(name=Surface(name=RemoteWallpaperAnim:1:1)/@0xcc52fc5 - animation-leash of remote_wallpaper)/@0x7601ad2
08-13 16:19:54.042  2742  2742 I HoneySpace.WallpaperAnimator: wallpaper animation end [263847701]
08-13 16:19:54.042  1111  1111 I SurfaceFlinger: id=233710 Removed 3bf1bd com.example.cupcake.test/androidx.test.core.app.InstrumentationActivityInvoker$EmptyActivity#233710 (188)
08-13 16:19:54.042  1111  1111 I SurfaceFlinger: id=233711 Removed com.example.cupcake.test/androidx.test.core.app.InstrumentationActivityInvoker$EmptyActivity$_5736#233711 (188)
08-13 16:19:54.043  2742  2742 I HoneySpace.RectFAnimation: animateToFinalPosition RectF(465.0, 1798.8752, 615.0, 1948.8752)
08-13 16:19:54.048  1111  1163 I SurfaceFlinger: id=233731 Removed Surface(name=39a4c69 InputMethod)/@0x97414dd - animation-leash of insets_animation#233731 (188)
08-13 16:19:54.048  2742  4754 I VRI[LauncherActivity]@3489192: mWNT: t=0xb400007609140710 mBlastBufferQueue=0xb4000075190eebd0 fn= 52 HdrRenderState mRenderHdrSdrRatio=1.0 caller= com.android.systemui.shared.launcher.ViewRootImplCompat.mergeWithNextTransaction:4 com.honeyspace.transition.utils.SurfaceTransactionApplier.scheduleApply$lambda$1:26 com.honeyspace.transition.utils.SurfaceTransactionApplier.b:0
08-13 16:19:54.049  2742  2742 I HoneySpace.RectFAnimation: animateToFinalPosition RectF(465.0, 1798.7053, 615.0, 1948.7053)
08-13 16:19:54.053  1111  1111 D SurfaceFlinger: Display 4633128672291735932 HWC layers:
08-13 16:19:54.053  1111  1111 D SurfaceFlinger:        DEVICE |   0xb4000079e28c6110 | 0000 | RGBA_8888    |    0.0    0.0 1080.0 2340.0 |    0    0 1080 2340 | Wallpaper BBQ wrapper 5_system#82 (19)
08-13 16:19:54.053  1111  1111 D SurfaceFlinger:        DEVICE |   0xb4000079e2918510 | 0001 | RGBA_8888    |    0.0    0.0 1080.0 2284.0 |    0   56 1080 2340 | com.example.cupcake/androidx.activity.ComponentActivity$_5596#233738 (1)
08-13 16:19:54.053  1111  1111 D SurfaceFlinger:        DEVICE |   0xb4000079e28be850 | 0001 | RGBA_8888    |    0.0    0.0 1080.0   80.0 |    0    0 1080   80 | StatusBar$_2127#106 (79497)
08-13 16:19:54.053  1111  1111 D SurfaceFlinger:        DEVICE |   0xb4000079e2935310 | 0001 | RGBA_8888    |    0.0    0.0 1080.0  135.0 |    0 2205 1080 2340 | NavigationBar0$_2127#101 (129880)
08-13 16:19:54.053  1111  1111 D SurfaceFlinger:        DEVICE |   0xb4000079e289e790 | 0001 | RGBA_8888    |    0.0  249.0 1034.0  827.0 |   46    0 1080  578 | $_4855#233489 (388)
08-13 16:19:54.053  1111  1111 D SurfaceFlinger:
08-13 16:19:54.054  1111  1730 I SurfaceFlinger: id=233719 Removed 9b58dd9 ActivityRecordInputSink com.example.cupcake.test/androidx.test.core.app.InstrumentationActivityInvoker$EmptyActivity#233719 (188)
08-13 16:19:54.054  1111  1111 I SurfaceFlinger: destroyed Surface(name=39a4c69 InputMethod)/@0x97414dd - animation-leash of insets_animation#233731
08-13 16:19:54.054  1111  1111 I SurfaceFlinger: destroyed 3bf1bd com.example.cupcake.test/androidx.test.core.app.InstrumentationActivityInvoker$EmptyActivity#233710
08-13 16:19:54.054  1111  1111 I SurfaceFlinger: destroyed com.example.cupcake.test/androidx.test.core.app.InstrumentationActivityInvoker$EmptyActivity$_5736#233711
08-13 16:19:54.055  1111  1732 I SurfaceFlinger: id=233745 createSurf, flag=24004, Task=2228#233745
08-13 16:19:54.055  1111  1111 I Layer   : id=233711 Destroyed com.example.cupcake.test/androidx.test.core.app.InstrumentationActivityInvoker$EmptyActivity$_5736#233711
08-13 16:19:54.055  1111  1111 I Layer   : id=233731 Destroyed Surface(name=39a4c69 InputMethod)/@0x97414dd - animation-leash of insets_animation#233731
08-13 16:19:54.055  1111  1111 I Layer   : id=233710 Destroyed 3bf1bd com.example.cupcake.test/androidx.test.core.app.InstrumentationActivityInvoker$EmptyActivity#233710
08-13 16:19:54.057  5596  5596 I InsetsSourceConsumer: applyRequestedVisibilityToControl: visible=false, type=ime, host=com.example.cupcake/androidx.activity.ComponentActivity
08-13 16:19:54.058  2742  2742 I HoneySpace.FloatingAnimator: [Player:A(53.359)] spring set end called
08-13 16:19:54.058  2742  2742 I HoneySpace.FloatingAnimator: [Player:A(53.359)] reset
08-13 16:19:54.058  2742  2742 I HoneySpace.FloatingAnimator: playerCount : 0
08-13 16:19:54.058  2742  2742 I HoneySpace.FloatingFinishHelper: finishInProgress: true
08-13 16:19:54.059  2742  2742 I HoneySpace.AppCloseAnimationDelegate: animatorSet end
08-13 16:19:54.059  2742  2742 I HoneySpace.DeJankUtils: postAfterTraversal is called com.honeyspace.common.performance.JankWrapper$addCujInstrumentation$1$4$1@3501c66, immediate : true detail : app transition end
08-13 16:19:54.059  2742  2742 I HoneySpace.AnimationResult: finish, true
08-13 16:19:54.059  2742  2742 I HoneySpace.RunnableList: executeAllAndClear() called, size: 1
08-13 16:19:54.059  2742  2742 I HoneySpace.FloatingFinishHelper: isAppShow reset, immediate
08-13 16:19:54.059  2742  2742 I HoneySpace.RectFAnimation: animateToFinalPosition RectF(465.0, 1798.481, 615.0, 1948.481)
08-13 16:19:54.060  2127  2127 D NavigationBar: setImeWindowStatus displayId=0 vis=0 backDisposition=0 showImeSwitcher=false imeShown=false
08-13 16:19:54.059  2782  3390 I EPDG -- SIM0 [EpdgSubscription]: getIsAirplaneMode: returning: false
08-13 16:19:54.061  4917  4917 I InputMethodService: scheduleImeSurfaceRemoval: removeImeSurface is posted.
08-13 16:19:54.063  2742  4755 I VRI[LauncherActivity]@3489192: mWNT: t=0xb400007609166110 mBlastBufferQueue=0xb4000075190eebd0 fn= 53 HdrRenderState mRenderHdrSdrRatio=1.0 caller= com.android.systemui.shared.launcher.ViewRootImplCompat.mergeWithNextTransaction:4 com.honeyspace.transition.utils.SurfaceTransactionApplier.scheduleApply$lambda$1:26 com.honeyspace.transition.utils.SurfaceTransactionApplier.b:0
08-13 16:19:54.064  2782  3390 I EPDG -- SIM0 [NetController]: voiceNetType: 13 mActiveVoiceRat: 13
08-13 16:19:54.064  2782  3390 I EPDG -- SIM0 [EpdgSubscription]: getIsAirplaneMode: returning: false
08-13 16:19:54.065  2127  2151 I WallpaperService: dispatchAppVisibility: system, visible=false , mLidState = -1
08-13 16:19:54.065  2782  3390 I EPDG -- SIM0 [NetController]: onNetworkStatusChanged : mCellularAvailable = true
08-13 16:19:54.065  2127  2436 I WallpaperService: reportVisibility: visibility changed. visible=false
08-13 16:19:54.065  2127  2436 I ImageWallpaper_5[Image]:  onVisibilityChanged: visible=false , displayId=0
08-13 16:19:54.066  2742  2742 I HoneySpace.DeJankUtils: traversals callback's received
08-13 16:19:54.066  2742  2742 I HoneySpace.DeJankUtils: doActionRunnable is called com.honeyspace.common.performance.JankWrapper$addCujInstrumentation$1$4$1@3501c66, immediate = true, detail : app transition end
08-13 16:19:54.066  2742  2742 I HoneySpace.RectFAnimation: animateToFinalPosition RectF(465.0, 1798.3563, 615.0, 1948.3563)
08-13 16:19:54.066  2742  2742 I HoneySpace.AppTransitionAnimationAwait: proceed 1
08-13 16:19:54.069  2742  2742 I HoneySpace.FloatingFinishHelper: finishInProgress: false
08-13 16:19:54.069  1062  6146 I HYPER-HAL: [RequestManager.cpp]releaseLocked(): Released ID : 850882
08-13 16:19:54.070  1111  1111 E SurfaceFlinger: alpha changed 1.000 -> 0.000 - Surface(name=39a4c69 InputMethod)/@0x97414dd - animation-leash of insets_animation#233744
08-13 16:19:54.070  1111  1111 I SurfaceFlinger: [LayerHierarchy{RequestedLayerState{Transition Root: Task=2229#233741 z=3} no children}] reparent to OffscreenRoot
08-13 16:19:54.070  1111  1111 I SurfaceFlinger: [LayerHierarchy{RequestedLayerState{Transition Root: Task=2229#233741 z=3} no children}] RelativeParent to null
08-13 16:19:54.070  1111  1111 I SurfaceFlinger: [Task=2228#233745] attach to parent Root
08-13 16:19:54.071  2742  2742 I VRI[LauncherActivity]@3489192: handleAppVisibility mAppVisible = true visible = false
08-13 16:19:54.071  1111  1111 I SurfaceFlinger: id=233741 Removed Transition Root: Task=2229#233741 (186)
08-13 16:19:54.071  2742  2100 I HoneySpace.RecentTasks: onRecentTasksChanged
08-13 16:19:54.072  2742 26202 I HoneySpace.WallpaperAnimator: onAnimationCancelled
08-13 16:19:54.073  1282  4376 D SyntheticPasswordManager.SDP: Inside fromBytes() - result.pinLength : -1
08-13 16:19:54.074  1282  4376 D SyntheticPasswordManager.SDP: 2. result.secureMode : 0
08-13 16:19:54.074  2742  2742 I HoneySpace.RectFAnimation: animateToFinalPosition RectF(465.0, 1798.183, 615.0, 1948.183)
08-13 16:19:54.075  2127  2127 D SystemUIService: SYSUI_RAM_OPTIMIZATION onTrimMemory=20
08-13 16:19:54.075  2127  2127 D CentralSurfaces: SYSUI_RAM_OPTIMIZATION onTrimMemory=20
08-13 16:19:54.076  2742  2108 I HoneySpace.RecentTasks: onRecentTasksChanged
08-13 16:19:54.079  2127  2390 D HWUI    : CacheManager::trimMemory(20)
08-13 16:19:54.083  1111  1111 I SurfaceFlinger: Layer [ActivityRecord{b3168b5 u0 com.sec.an[...].activities.LauncherActivity t6}#123] hidden!! flag(1)
08-13 16:19:54.083  1111  1111 I SurfaceFlinger: Layer [com.android.systemui.wallpapers.ImageWallpaper$_2127#81] hidden!! flag(1)
08-13 16:19:54.083  1111  1111 I SurfaceFlinger: Layer [com.sec.android.app.launcher/com.sec[...]vities.LauncherActivity$_2742#233723] hidden!! flag(1)
08-13 16:19:54.083  1111  1111 I SurfaceFlinger: Layer [WallpaperWindowToken{b638ffb token=android.os.Binder@64ddd8a}#74] hidden!! flag(1)
08-13 16:19:54.083  1111  1111 I SurfaceFlinger: Layer [Task=6#122] hidden!! flag(1)
08-13 16:19:54.083  1111  1111 I SurfaceFlinger: destroyed Transition Root: Task=2229#233741
08-13 16:19:54.083  1111  1111 I SurfaceFlinger: [LayerHierarchy{RequestedLayerState{RemoteWallpaperAnim:1:1#7 parentId=4 z=1} 1 children}] reparent to LayerHierarchy{RequestedLayerState{OneHanded:0:14#4 parentId=3} 5 children}
08-13 16:19:54.083  1111  1111 I SurfaceFlinger: [LayerHierarchy{RequestedLayerState{Surface(name=RemoteWallpaperAnim:1:1)/@0xcc52fc5 - animation-leash of remote_wallpaper#233729 z=1} no children}] reparent to OffscreenRoot
08-13 16:19:54.083  1111  1111 I SurfaceFlinger: [LayerHierarchy{RequestedLayerState{Surface(name=RemoteWallpaperAnim:1:1)/@0xcc52fc5 - animation-leash of remote_wallpaper#233729 z=1} no children}] RelativeParent to null
08-13 16:19:54.083  1111  1111 I SurfaceFlinger: [LayerHierarchy{RequestedLayerState{Task=2228#233745 z=4} no children}] reparent to OffscreenRoot
08-13 16:19:54.083  1111  1111 I SurfaceFlinger: [LayerHierarchy{RequestedLayerState{Task=2228#233745 z=4} no children}] RelativeParent to null
08-13 16:19:54.083  1111  1111 I SurfaceFlinger: [LayerHierarchy{RequestedLayerState{Task=2228#233706 z=4} 1 children}] reparent to OffscreenRoot
08-13 16:19:54.083  1111  1111 I SurfaceFlinger: [LayerHierarchy{RequestedLayerState{Task=2228#233706 z=4} 1 children}] RelativeParent to null
08-13 16:19:54.083  1111  1111 I SurfaceFlinger: [LayerHierarchy{RequestedLayerState{ActivityRecord{bf9ce7f u0 com.example.cupcake.test/androidx.test.core.app.InstrumentationActivityInvoker$EmptyActivity t2228}#233707} 1 children}] reparent to OffscreenRoot
08-13 16:19:54.083  1111  1111 I SurfaceFlinger: [LayerHierarchy{RequestedLayerState{ActivityRecord{bf9ce7f u0 com.example.cupcake.test/androidx.test.core.app.InstrumentationActivityInvoker$EmptyActivity t2228}#233707} 1 children}] RelativeParent to null
08-13 16:19:54.085  1111  1111 I Layer   : id=233741 Destroyed Transition Root: Task=2229#233741
08-13 16:19:54.085  1111  1111 I SurfaceFlinger: id=233729 Removed Surface(name=RemoteWallpaperAnim:1:1)/@0xcc52fc5 - animation-leash of remote_wallpaper#233729 (185)
08-13 16:19:54.085  1244  6944 I CameraService: onUidStateChanged: uid=10043, procState is changed. (1 -> 0)
08-13 16:19:54.085  1111  1111 I SurfaceFlinger: id=233745 Removed Task=2228#233745 (185)
08-13 16:19:54.085  1111  1111 I SurfaceFlinger: id=233707 Removed ActivityRecord{bf9ce7f u0 com.example.cupcake.test/androidx.test.core.app.InstrumentationActivityInvoker$EmptyActivity t2228}#233707 (185)
08-13 16:19:54.087  1282  1908 V WindowManager: Relayout Window{c2c214a u0 com.sec.android.app.launcher/com.sec.android.app.launcher.activities.LauncherActivity}: viewVisibility=8 req=1080x2340 ty=1 d0
08-13 16:19:54.088  1282  1908 V WindowManager: Relayout hash=c2c214a, pid=2742, syncId=-1: mAttrs={(0,0)(fillxfill) sim={adjust=nothing forwardNavigation} layoutInDisplayCutoutMode=always ty=BASE_APPLICATION fmt=TRANSPARENT wanim=0x1030301
08-13 16:19:54.088  1282  1908 V WindowManager:   fl=81910100
08-13 16:19:54.088  1282  1908 V WindowManager:   pfl=10008840
08-13 16:19:54.088  1282  1908 V WindowManager:   bhv=2
08-13 16:19:54.088  1282  1908 V WindowManager:   fitSides=0
08-13 16:19:54.088  1282  1908 V WindowManager:   frameRateBoostOnTouch=true
08-13 16:19:54.088  1282  1908 V WindowManager:   dvrrWindowFrameRateHint=true screenDimDuration=200000 naviIconColor=0}
08-13 16:19:54.091  2127  2334 I VRI[cupcake]@4202868: dispatchDetachedFromWindow
08-13 16:19:54.092  1282  4902 D InputTransport: Input channel destroyed: '9c78bd7', fd=981
08-13 16:19:54.092  1282  4902 W InputManager-JNI: Input channel object '9c78bd7 Splash Screen com.example.cupcake (client)' was disposed without first being removed with the input manager!
08-13 16:19:54.092  1282  4902 D InputTransport: Input channel destroyed: '9c78bd7', fd=1007
08-13 16:19:54.093  1111  1111 D SurfaceFlinger: Display 4633128672291735932 HWC layers:
08-13 16:19:54.093  1111  1111 D SurfaceFlinger:        DEVICE |   0xb4000079e2918510 | 0001 | RGBA_8888    |    0.0    0.0 1080.0 2284.0 |    0   56 1080 2340 | com.example.cupcake/androidx.activity.ComponentActivity$_5596#233738 (1)
08-13 16:19:54.093  1111  1111 D SurfaceFlinger:        DEVICE |   0xb4000079e28ca710 | 0001 | RGBA_8888    |    0.0    0.0 1080.0   80.0 |    0    0 1080   80 | StatusBar$_2127#106 (79498)
08-13 16:19:54.093  1111  1111 D SurfaceFlinger:        DEVICE |   0xb4000079e2935310 | 0001 | RGBA_8888    |    0.0    0.0 1080.0  135.0 |    0 2205 1080 2340 | NavigationBar0$_2127#101 (129880)
08-13 16:19:54.093  1111  1111 D SurfaceFlinger:        DEVICE |   0xb4000079e289e790 | 0001 | RGBA_8888    |    0.0  249.0 1034.0  827.0 |   46    0 1080  578 | $_4855#233489 (388)
08-13 16:19:54.093  1111  1111 D SurfaceFlinger:
08-13 16:19:54.093  1111  1111 I SurfaceFlinger: destroyed Surface(name=RemoteWallpaperAnim:1:1)/@0xcc52fc5 - animation-leash of remote_wallpaper#233729
08-13 16:19:54.093  1111  1111 I SurfaceFlinger: destroyed Task=2228#233745
08-13 16:19:54.093  1111  1111 I SurfaceFlinger: destroyed 9b58dd9 ActivityRecordInputSink com.example.cupcake.test/androidx.test.core.app.InstrumentationActivityInvoker$EmptyActivity#233719
08-13 16:19:54.093  1111  1111 I SurfaceFlinger: destroyed ActivityRecord{bf9ce7f u0 com.example.cupcake.test/androidx.test.core.app.InstrumentationActivityInvoker$EmptyActivity t2228}#233707
08-13 16:19:54.094  1111  1111 I Layer   : id=233719 Destroyed 9b58dd9 ActivityRecordInputSink com.example.cupcake.test/androidx.test.core.app.InstrumentationActivityInvoker$EmptyActivity#233719
08-13 16:19:54.094  1111  1111 I Layer   : id=233729 Destroyed Surface(name=RemoteWallpaperAnim:1:1)/@0xcc52fc5 - animation-leash of remote_wallpaper#233729
08-13 16:19:54.094  1111  1111 I Layer   : id=233707 Destroyed ActivityRecord{bf9ce7f u0 com.example.cupcake.test/androidx.test.core.app.InstrumentationActivityInvoker$EmptyActivity t2228}#233707
08-13 16:19:54.094  1111  1111 I Layer   : id=233745 Destroyed Task=2228#233745
08-13 16:19:54.095  2742  2742 I VRI[LauncherActivity]@3489192: Relayout returned: old=(0,0,1080,2340) new=(0,0,1080,2340) relayoutAsync=false req=(1080,2340)8 dur=11 res=0x2 s={false 0x0} ch=true seqId=0
08-13 16:19:54.095  2742  2742 I HoneySpace.RectFAnimation: animateToFinalPosition RectF(465.0, 1797.8519, 615.0, 1947.8519)
08-13 16:19:54.098  2127  2334 D InputTransport: Input channel destroyed: '9c78bd7', fd=526
08-13 16:19:54.099  2742  2742 I HoneySpace.RectFAnimation: animateToFinalPosition RectF(465.0, 1797.78, 615.0, 1947.78)
08-13 16:19:54.104  2127  2334 W FrameTracker: Missed App frame:UNKNOWN: 12, 100408246, 0, CUJ=J<SPLASHSCREEN_EXIT_ANIM>
08-13 16:19:54.104  2127  2334 W FrameTracker: Missed SF frame:UNKNOWN: 12, 100408246, 0, CUJ=J<SPLASHSCREEN_EXIT_ANIM>
08-13 16:19:54.104  2127  2334 W FrameTracker: Missing HWUI jank callback for vsyncId: 100408246, CUJ=J<SPLASHSCREEN_EXIT_ANIM>
08-13 16:19:54.105  1111  1162 I SurfaceFlinger: id=233728 Removed Surface(name=Task=2228)/@0x8473ca4_transition-leash#233728 (181)
08-13 16:19:54.105  1111  1162 I SurfaceFlinger: id=233727 Removed Surface(name=Task=1)/@0xc0f7436_transition-leash#233727 (181)
08-13 16:19:54.105  1282  1921 D MotionRecognitionService: [SAR] set setTransmitPowerExt(Tuner) value : 17179869184 : false
08-13 16:19:54.105  1282  1921 I MotionRecognitionService: [SAR] tunerGrip is 17179869184, state : false
08-13 16:19:54.106  1058  1058 I SensorsGrip: [grip_sensor] enable: GripSensor: enable handle = 11 en = 0
08-13 16:19:54.107  1058  1058 E SensorsGrip: [grip_sensor] enable: mEnabled : 0, first_grip_event : 1
08-13 16:19:54.107  1111  1111 I SurfaceFlinger: destroyed Surface(name=Task=1)/@0xc0f7436_transition-leash#233727
08-13 16:19:54.107  1111  1111 I SurfaceFlinger: destroyed Surface(name=Task=2228)/@0x8473ca4_transition-leash#233728
08-13 16:19:54.107  2742  2742 I HoneySpace.RectFAnimation: animateToFinalPosition RectF(465.0, 1797.0, 615.0, 1947.0)
08-13 16:19:54.108  2742  2742 I HoneySpace.SpringAnimPlayer: [Player:A(53.359)] spring onAnimationEnd
08-13 16:19:54.108  1111  1111 I Layer   : id=233728 Destroyed Surface(name=Task=2228)/@0x8473ca4_transition-leash#233728
08-13 16:19:54.108  1111  1111 I Layer   : id=233727 Destroyed Surface(name=Task=1)/@0xc0f7436_transition-leash#233727
08-13 16:19:54.111  1282  1921 D SensorManager: unregisterListener :: com.samsung.android.gesture.MotionRecognitionSAR$GripSensorWrapper$1@8737bb1
08-13 16:19:54.111  1282  1921 I MotionRecognitionService: [SAR] ISG6320 Grip sensor disable channel 0 : 0 , channel 1 : 0
08-13 16:19:54.112  1282  1921 I MotionRecognitionService: [SAR]  id : 16 cmd :off  >>
08-13 16:19:54.112  1282  1921 I MotionRecognitionService: [SAR] (-) mRequestedChannelList : 0
08-13 16:19:54.112  1282  1921 D MotionRecognitionService: [SAR] API_enableSARDevice << action = off deviceID = 65539 slot = 0 device_ext = 0
08-13 16:19:54.113  1282  1282 D SemWifiService: received: android.intent.action.SERVICE_STATE
08-13 16:19:54.133  2127  2127 D SamsungLightBarControlHelper: updateStatusBar (WHITE icon) numStacks:1, StatusBarMode:MODE_TRANSPARENT, lightBarBounds:[], StatusBarState:SHADE, packageName:, isWhiteKeyguardStatusBar:false
08-13 16:19:54.134  2127  2127 D SamsungLightBarControlHelper: onStatusBarAppearanceChanged() -  sbModeChanged:false, statusBarMode:0, barState:MODE_TRANSPARENT, isKeyguardShowing:false, navbarColorManagedByIme:false, (AppearanceRegion{ bounds=[0,0][1080,2340]}, )
08-13 16:19:54.138  2742  1824 I HoneySpace.HistoryViewModel@160600677@OneUI: Illegal access. Unknown type. skip load history items
08-13 16:19:54.139  2742  2100 I HoneySpace.HistoryViewModel@160600677@OneUI: Illegal access. Unknown type. skip load history items
08-13 16:19:54.139  1194  1194 D CellBroadcastReceiver: onReceive Intent { act=android.intent.action.SERVICE_STATE flg=0x1000010 cmp=com.google.android.cellbroadcastreceiver/com.android.cellbroadcastreceiver.CellBroadcastReceiver (has extras) }
08-13 16:19:54.139  1222  1222 I [CE]_ContextEngineReceiver: onReceive - ContextEngineReceiver onReceive action : android.intent.action.SERVICE_STATE
08-13 16:19:54.139  1222  1222 I [CE]_ContextEngineReceiver: onReceive - Telephony intent : android.intent.action.SERVICE_STATE
08-13 16:19:54.140  1194  1194 D CellBroadcastReceiver: onServiceStateChanged, ss: 0
08-13 16:19:54.140  1194  1194 D CellBroadcastReceiver: networkOperator: 28601
08-13 16:19:54.140  1194  1194 D CellBroadcastReceiver: update supported roaming operator as
08-13 16:19:54.141  2742  2742 I HoneySpace.RectFAnimation: animation ended
08-13 16:19:54.141  2742  2742 I HoneySpace.SpringAnimPlayer: [Player:A(53.359)] floating spring animator end
08-13 16:19:54.145  1282  1447 I SurfaceControl: apply, lowDebugName=RemoveStartingRevealAnim, caller=android.view.SurfaceControl$Transaction.apply:3122 android.view.SurfaceControl$Transaction.apply:3078 com.android.server.wm.WindowAnimator.animate:380 com.android.server.wm.WindowAnimator$$ExternalSyntheticLambda1.doFrame:14 android.view.Choreographer$CallbackRecord.run:1749 android.view.Choreographer$CallbackRecord.run:1760
08-13 16:19:54.147  2742  2742 I HoneySpace.TaskListViewModel: onTaskRemoved : 2228
08-13 16:19:54.147  2742  2742 I HoneySpace.TaskListViewModel: onTaskRemoved : 2228
08-13 16:19:54.147  2742  2742 I HoneySpace.TaskListPot: taskRemoveId, taskId = 2228
08-13 16:19:54.147  2742  2742 I HoneySpace.StackRecentsView: INVALID_TASK_POSITION 2228
08-13 16:19:54.149  2742  2887 I HoneySpace.TopTaskSource: onTaskRemoved: 2228
08-13 16:19:54.149  1111  1111 I SurfaceFlinger: [LayerHierarchy{RequestedLayerState{ImeContainer#16 parentId=233734 relativeParentId=233736 z=1} 1 children}] RelativeParent to LayerHierarchy{RequestedLayerState{a98d2db com.example.cupcake/androidx.activity.ComponentActivity#233736 parentId=233734} 2 children}
08-13 16:19:54.149  1111  1111 I SurfaceFlinger: [LayerHierarchy{RequestedLayerState{Splash Screen com.example.cupcake$_2127#233737} no children}] reparent to OffscreenRoot
08-13 16:19:54.149  1111  1111 I SurfaceFlinger: [LayerHierarchy{RequestedLayerState{Splash Screen com.example.cupcake$_2127#233737} no children}] RelativeParent to null
08-13 16:19:54.149  1111  1111 I SurfaceFlinger: [LayerHierarchy{RequestedLayerState{a98d2db com.example.cupcake/androidx.activity.ComponentActivity#233736 parentId=233734} 2 children}] reparent to LayerHierarchy{RequestedLayerState{ActivityRecord{d80f800 u0 com.example.cupcake/androidx.activity.ComponentActivity t2229}#233734 parentId=233733} 5 children}
08-13 16:19:54.149  1111  1111 I SurfaceFlinger: [LayerHierarchy{RequestedLayerState{9c78bd7 Splash Screen com.example.cupcake#233735 z=2147483647} no children}] reparent to OffscreenRoot
08-13 16:19:54.149  1111  1111 I SurfaceFlinger: [LayerHierarchy{RequestedLayerState{9c78bd7 Splash Screen com.example.cupcake#233735 z=2147483647} no children}] RelativeParent to null
08-13 16:19:54.149  1111  1111 I SurfaceFlinger: [LayerHierarchy{RequestedLayerState{Surface(name=a98d2db com.example.cupcake/androidx.activity.ComponentActivity)/@0xb35b14c - animation-leash of starting_reveal#233743} no children}] reparent to OffscreenRoot
08-13 16:19:54.149  1111  1111 I SurfaceFlinger: [LayerHierarchy{RequestedLayerState{Surface(name=a98d2db com.example.cupcake/androidx.activity.ComponentActivity)/@0xb35b14c - animation-leash of starting_reveal#233743} no children}] RelativeParent to null
08-13 16:19:54.150  6225  4501 I NetworkScheduler: (REDACTED) Error inserting %s
08-13 16:19:54.150  1111  1111 I SurfaceFlinger: id=233737 Removed Splash Screen com.example.cupcake$_2127#233737 (179)
08-13 16:19:54.150  1111  1111 I SurfaceFlinger: id=233735 Removed 9c78bd7 Splash Screen com.example.cupcake#233735 (179)
08-13 16:19:54.153  2742  2742 I HoneySpace.TaskListViewModel: onTaskRemoved : 2228
08-13 16:19:54.153  2742  2742 I HoneySpace.TaskListViewModel: onTaskRemoved : 2228
08-13 16:19:54.153  2742  2742 I HoneySpace.TaskListPot: taskRemoveId, taskId = 2228
08-13 16:19:54.153  2742  2742 I HoneySpace.StackRecentsView: INVALID_TASK_POSITION 2228
08-13 16:19:54.159  1111  1111 I SurfaceFlinger: destroyed Splash Screen com.example.cupcake$_2127#233737
08-13 16:19:54.159  1111  1111 I SurfaceFlinger: destroyed 9c78bd7 Splash Screen com.example.cupcake#233735
08-13 16:19:54.159  2742  2742 I SearchHoneyPot: onViewCreated: onStop
08-13 16:19:54.159  2742  2742 I HoneySpace.ContentsAnimator: end call
08-13 16:19:54.159  1111  1111 I Layer   : id=233735 Destroyed 9c78bd7 Splash Screen com.example.cupcake#233735
08-13 16:19:54.159  2742  2742 I VRI[LauncherActivity]@3489192: stopped(true) old = false
08-13 16:19:54.160  1111  1111 I Layer   : id=233737 Destroyed Splash Screen com.example.cupcake$_2127#233737
08-13 16:19:54.161  2742  4826 I HoneySpace.HoneyAppWidgetHost: stopListening, host: @fcf5abe
08-13 16:19:54.162  2742  2887 I HoneySpace.TopTaskSource: onTaskRemoved: 2228
08-13 16:19:54.168  1282  4402 I AppWidgetServiceImpl: stopListening callbacks : null
08-13 16:19:54.168 22781 22781 I bmex    : onStop
08-13 16:19:54.170  1244  6944 I CameraService: onUidStateChanged: uid=10222, procState is changed. (3 -> 5)
08-13 16:19:54.171  1244  1348 I CameraService: onUidStateChanged: uid=10219, procState is changed. (3 -> 5)
08-13 16:19:54.172  2742  2742 I HoneySpace.Launcher: !@Boot_EBS_D: Launcher.onStop()
08-13 16:19:54.172  2742  4782 I HoneySpace.Memory-Monitor: scheduleTrim
08-13 16:19:54.173  2742  2742 I HoneySpace.OneUiSpace: onSaveInstanceState honeyScreen=s3.Z@5e3b71f
08-13 16:19:54.180  1282  1444 D PkgPredictorService-SecIpmManagerServiceImpl: bg information pid:2742 uid:10132 pkgName:com.sec.android.app.launcher
08-13 16:19:54.180  2494  2494 V PhoneGlobals: handleServiceStateChanged
08-13 16:19:54.181  2494  2494 D NotificationMgr: updateNetworkSelection, Use Samsung codes instead of AOSP codes
08-13 16:19:54.181  2494  2494 V PhoneGlobals: subId=2, mDefaultDataSubId=2, ss roaming=false
08-13 16:19:54.181  2127  2127 D SystemUIService: SYSUI_RAM_OPTIMIZATION onTrimMemory=20
08-13 16:19:54.182  1111  1111 I SurfaceFlinger: [LayerHierarchy{RequestedLayerState{com.sec.android.app.launcher/com.sec.android.app.launcher.activities.LauncherActivity$_2742#233723} no children}] reparent to OffscreenRoot
08-13 16:19:54.182  1111  1111 I SurfaceFlinger: [LayerHierarchy{RequestedLayerState{com.sec.android.app.launcher/com.sec.android.app.launcher.activities.LauncherActivity$_2742#233723} no children}] RelativeParent to null
08-13 16:19:54.183  1111  1111 I SurfaceFlinger: id=233723 Removed com.sec.android.app.launcher/com.sec.android.app.launcher.activities.LauncherActivity$_2742#233723 (177)
08-13 16:19:54.187  1282  4402 D PhoneRestrictionPolicy: isOperationAllowed >>> slotNum: 0 function: 1
08-13 16:19:54.188  2494  2494 V PhoneGlobals: updateDataRoamingStatus
08-13 16:19:54.188  2494  2494 V PhoneGlobals: updateDataRoamingStatus dataAllowed=true, disallowReasons=[], dataIsNowRoaming=false, RoamingNumeric=28601, CallingReason=3
08-13 16:19:54.188  2494  2494 V PhoneGlobals: handleServiceStateChanged
08-13 16:19:54.188  2494  2494 D NotificationMgr: updateNetworkSelection, Use Samsung codes instead of AOSP codes
08-13 16:19:54.188  2494  2494 V PhoneGlobals: subId=-1, mDefaultDataSubId=2, ss roaming=false
08-13 16:19:54.191  1111  1111 I SurfaceFlinger: destroyed com.sec.android.app.launcher/com.sec.android.app.launcher.activities.LauncherActivity$_2742#233723
08-13 16:19:54.192  1111  1111 I Layer   : id=233723 Destroyed com.sec.android.app.launcher/com.sec.android.app.launcher.activities.LauncherActivity$_2742#233723
08-13 16:19:54.195  2494  2494 I Telephony: TelecomAccountRegistry$TelecomAccountTelephonyCallback: onServiceStateChanged: newState=0, mServiceState=0
08-13 16:19:54.205  2494  2494 I Telephony: TelecomAccountRegistry$AccountEntry: isRttCurrentlySupported -- regular acct,, hasVoiceAvailability: true, isRttSupported: false, alwaysAllowWhileRoaming: false, isRoaming: false, isOnWfc: false
08-13 16:19:54.182  2127  2127 D CentralSurfaces: SYSUI_RAM_OPTIMIZATION onTrimMemory=20
08-13 16:19:54.209  2127  2390 D HWUI    : CacheManager::trimMemory(20)
08-13 16:19:54.219  2127  2127 D MultiSIMController: onReceive() - action = android.intent.action.SERVICE_STATE
08-13 16:19:54.225  2127  2127 D MobileIconViewModel: [mobile] (0/2) connected=true dataConnected=true dataType=DefaultIcon(iconGroup=IconGroup(4.5G)) networkType=LTE simCard=ETC
08-13 16:19:54.231  1282  1941 D ConnectivityService: Update of LinkProperties for [217 CELLULAR]; created=748383417; firstConnected=748383420
08-13 16:19:54.232  1282  1941 D ConnectivityService: Setting tx/rx TCP buffers to 2097152,4194304,8388608,512000,2097152,4194304
08-13 16:19:54.234  1282  1941 D ConnectivityService: notifyType CALLBACK_IP_CHANGED for [217 CELLULAR]
08-13 16:19:54.238  1282  1941 D ConnectivityService: Update of LinkProperties for [218 CELLULAR]; created=748383625; firstConnected=748383625
08-13 16:19:54.238  1282  1941 D ConnectivityService: notifyType CALLBACK_IP_CHANGED for [218 CELLULAR]
08-13 16:19:54.240  6225  6225 D BoundBrokerSvc: onUnbind: Intent { act=com.google.android.gms.libs.gmscorelogger.service.START dat=chimera-action:/... cmp=com.google.android.gms/.chimera.PersistentDirectBootAwareApiService }
08-13 16:19:54.240  2535  2776 I PdnController: handleMessage: what 111
08-13 16:19:54.240  2535  2776 I PdnController: onLinkPropertiesChanged: networkType=11
08-13 16:19:54.240  2535  2776 I RegiGvnBase: getCurrentPcscfIp: 2a02:4e0:300:6::6
08-13 16:19:54.244  2127  2127 D CarrierTextController: carrierTextForSimState(2)-(order: 0) : Turkcell
08-13 16:19:54.244  2127  2127 D CarrierTextController: setCarrierText : Turkcell allSimsMissing : false anySimReady : true
08-13 16:19:54.244  2127  2127 D CarrierTextController: carrierTextForSimState(2)-(order: 0) : Turkcell
08-13 16:19:54.244  2127  2127 D CarrierTextController: setCarrierText : Turkcell allSimsMissing : false anySimReady : true
08-13 16:19:54.244  2127  2127 D CarrierTextController: carrierTextForSimState(2)-(order: 0) : Turkcell
08-13 16:19:54.244  2127  2127 D CarrierTextController: setCarrierText : Turkcell allSimsMissing : false anySimReady : true
08-13 16:19:54.244  2127  2127 D FaceWidgetPagesController: onRefreshCarrierInfo()
08-13 16:19:54.245  2494  2627 I LocationAccessPolicy: checkLocationPermission - callingUid: 10043, callingPid: 2127, result: DENIED_SOFT
08-13 16:19:54.245  2494  2627 I LocationAccessPolicy: checkLocationPermission - callingUid: 10043, callingPid: 2127, result: DENIED_SOFT
08-13 16:19:54.247  2127  2127 D FaceWidgetClockRoamManager: isNetworkRoamingState id=2
08-13 16:19:54.247  2127  2127 D FaceWidgetClockRoamManager: isNetworkRoamingState false
08-13 16:19:54.247  2127  2127 D FaceWidgetClockRoamManager: onRefreshCarrierInfo(pre, now): false, false
08-13 16:19:54.247  2127  2127 D FaceWidgetClockPage: onRefreshCarrierInfo : isChanged false mIsRoaming false
08-13 16:19:54.248  2127  2127 D MultiSIMController: MESSAGE_UPDATE_SERVICE_STATE
08-13 16:19:54.253  2127  2127 D ShadeCarrierGroup: handleUpdateCarrierInfo [Turkcell] isLatin=false
08-13 16:19:54.265  2127  2127 D SecKeyguardClockPositionAlgorithm: getTopMargin scale = 1.2690217, clockContainerHeight = 389, scaleMarginY = -41
08-13 16:19:54.265  2127  2127 W View    : requestLayout() improperly called by com.android.systemui.qs.SecQSGradationDrawableView{8f69e8c V.E...... ......ID 0,0-1080,332 #7f0a0978 app:id/qs_gradation_view} during layout: running second layout pass
08-13 16:19:54.265  2127  2127 W View    : requestLayout() improperly called by android.widget.FrameLayout{19859d5 V.E...... ......ID 0,148-1080,2298 #7f0a0976 app:id/qs_frame} during layout: running second layout pass
08-13 16:19:54.266  2127  2127 D SecKeyguardClockPositionAlgorithm: getTopMargin scale = 1.2690217, clockContainerHeight = 389, scaleMarginY = -41
08-13 16:19:54.311  4855  4855 I [SC_ScreenRecorder]_FloatingButtonView: 00:00:21
08-13 16:19:54.326  1282  1615 V GrammaticalInflectionUtils: AttributionSource: AttributionSource { uid = 10419, packageName = null, attributionTag = null, token = android.os.Binder@88f1d92, deviceId = 0, next = null } does not have READ_SYSTEM_GRAMMATICAL_GENDER permission.
