08-13 16:19:44.541  2127  2140 W ndroid.systemui: ApkAssets: Deleting an ApkAssets object '<empty> and /data/app/~~r0QAziuqkX6qyZnJJ6AB8w==/com.google.android.apps.photos-ncWKqDKe4EKQRcrZBoPG4A==/base.apk' with 2 weak references
08-13 16:19:44.541  2127  2140 W ndroid.systemui: ApkAssets: Deleting an ApkAssets object '<empty> and /data/app/~~r0QAziuqkX6qyZnJJ6AB8w==/com.google.android.apps.photos-ncWKqDKe4EKQRcrZBoPG4A==/split_config.arm64_v8a.apk' with 2 weak references
08-13 16:19:44.541  2127  2140 W ndroid.systemui: ApkAssets: Deleting an ApkAssets object '<empty> and /data/app/~~r0QAziuqkX6qyZnJJ6AB8w==/com.google.android.apps.photos-ncWKqDKe4EKQRcrZBoPG4A==/split_config.tr.apk' with 2 weak references
08-13 16:19:44.542  2127  2140 W ndroid.systemui: ApkAssets: Deleting an ApkAssets object '<empty> and /data/app/~~r0QAziuqkX6qyZnJJ6AB8w==/com.google.android.apps.photos-ncWKqDKe4EKQRcrZBoPG4A==/split_config.xxhdpi.apk' with 2 weak references
08-13 16:19:44.547  5804  5872 W RippleDrawable: Thread doesn't have a looper. Skipping animation.
08-13 16:19:44.547  2127  2140 W ndroid.systemui: ApkAssets: Deleting an ApkAssets object '<empty> and /data/app/~~-_z0hWZv5B3eZiPUTDq9pA==/com.samsung.android.forest-5RtyNMBTXGT0u1H3hFjESA==/base.apk' with 1 weak references
08-13 16:19:44.547  2127  2140 W ndroid.systemui: ApkAssets: Deleting an ApkAssets object '<empty> and /data/app/~~UALvZ9UIJ3ze-twdhsl8Aw==/com.finazzi.distquake-2vsJOJBsl_NNUII-HxpysA==/base.apk' with 1 weak references
08-13 16:19:44.548  2127  2140 W ndroid.systemui: ApkAssets: Deleting an ApkAssets object '<empty> and /data/app/~~UALvZ9UIJ3ze-twdhsl8Aw==/com.finazzi.distquake-2vsJOJBsl_NNUII-HxpysA==/split_config.arm64_v8a.apk' with 1 weak references
08-13 16:19:44.548  2127  2140 W ndroid.systemui: ApkAssets: Deleting an ApkAssets object '<empty> and /data/app/~~UALvZ9UIJ3ze-twdhsl8Aw==/com.finazzi.distquake-2vsJOJBsl_NNUII-HxpysA==/split_config.tr.apk' with 1 weak references
08-13 16:19:44.548  2127  2140 W ndroid.systemui: ApkAssets: Deleting an ApkAssets object '<empty> and /data/app/~~UALvZ9UIJ3ze-twdhsl8Aw==/com.finazzi.distquake-2vsJOJBsl_NNUII-HxpysA==/split_config.xxhdpi.apk' with 1 weak references
08-13 16:19:44.548  2127  2140 W ndroid.systemui: ApkAssets: Deleting an ApkAssets object '<empty> and /data/app/~~NWS5qy5oVDjgPE8pbAhNxw==/com.garanti.cepsubesi-0T80hrB5rowEmkHAQPlI1g==/base.apk' with 1 weak references
08-13 16:19:44.548  2127  2140 W ndroid.systemui: ApkAssets: Deleting an ApkAssets object '<empty> and /data/app/~~NWS5qy5oVDjgPE8pbAhNxw==/com.garanti.cepsubesi-0T80hrB5rowEmkHAQPlI1g==/split_config.arm64_v8a.apk' with 1 weak references
08-13 16:19:44.548  2127  2140 W ndroid.systemui: ApkAssets: Deleting an ApkAssets object '<empty> and /data/app/~~iAh8AMltr-awoCb_q0xfKw==/com.google.android.apps.youtube.music-9i4rgI-7Kx9W19aWxJ1FOQ==/base.apk' with 1 weak references
08-13 16:19:44.549  2127  2140 W ndroid.systemui: ApkAssets: Deleting an ApkAssets object '<empty> and /data/app/~~iAh8AMltr-awoCb_q0xfKw==/com.google.android.apps.youtube.music-9i4rgI-7Kx9W19aWxJ1FOQ==/split_config.tr.apk' with 1 weak references
08-13 16:19:44.549  2127  2140 W ndroid.systemui: ApkAssets: Deleting an ApkAssets object '<empty> and /data/app/~~G8K5rWV6D8Ft2wTUWwvrVw==/com.linkedin.android-DabzAzVX3QpLf9Tupw7NvQ==/base.apk' with 1 weak references
08-13 16:19:44.549  2127  2140 W ndroid.systemui: ApkAssets: Deleting an ApkAssets object '<empty> and /data/app/~~G8K5rWV6D8Ft2wTUWwvrVw==/com.linkedin.android-DabzAzVX3QpLf9Tupw7NvQ==/split_config.arm64_v8a.apk' with 1 weak references
08-13 16:19:44.549  2127  2140 W ndroid.systemui: ApkAssets: Deleting an ApkAssets object '<empty> and /data/app/~~G8K5rWV6D8Ft2wTUWwvrVw==/com.linkedin.android-DabzAzVX3QpLf9Tupw7NvQ==/split_config.tr.apk' with 1 weak references
08-13 16:19:44.549  2127  2140 W ndroid.systemui: ApkAssets: Deleting an ApkAssets object '<empty> and /data/app/~~G8K5rWV6D8Ft2wTUWwvrVw==/com.linkedin.android-DabzAzVX3QpLf9Tupw7NvQ==/split_config.xxhdpi.apk' with 1 weak references
08-13 16:19:44.550  2127  2140 W ndroid.systemui: ApkAssets: Deleting an ApkAssets object '<empty> and /data/app/~~BFjMsxUKzNm7qOaxac_5eg==/com.github.android-mUtD4_JTiAcpnVoBX-D5Qg==/base.apk' with 1 weak references
08-13 16:19:44.550  2127  2140 W ndroid.systemui: ApkAssets: Deleting an ApkAssets object '<empty> and /data/app/~~BFjMsxUKzNm7qOaxac_5eg==/com.github.android-mUtD4_JTiAcpnVoBX-D5Qg==/split_config.arm64_v8a.apk' with 1 weak references
08-13 16:19:44.550  2127  2140 W ndroid.systemui: ApkAssets: Deleting an ApkAssets object '<empty> and /data/app/~~BFjMsxUKzNm7qOaxac_5eg==/com.github.android-mUtD4_JTiAcpnVoBX-D5Qg==/split_config.xxhdpi.apk' with 1 weak references
08-13 16:19:44.550  2127  2140 W ndroid.systemui: ApkAssets: Deleting an ApkAssets object '<empty> and /system/priv-app/GalleryWidget/GalleryWidget.apk' with 1 weak references
08-13 16:19:44.551  2127  2140 W ndroid.systemui: ApkAssets: Deleting an ApkAssets object '<empty> and /data/app/~~T--JMRBZzN0Nr7bPitoLkg==/com.microsoft.office.outlook-96jTPvz8eckPAralNXeGKQ==/base.apk' with 1 weak references
08-13 16:19:44.551  2127  2140 W ndroid.systemui: ApkAssets: Deleting an ApkAssets object '<empty> and /data/app/~~RjsHfWpfRtyHgk0apH8MjA==/com.openai.chatgpt-DAMK9tCDgIePlOJy_w4J9g==/base.apk' with 1 weak references
08-13 16:19:44.552  2127  2140 W ndroid.systemui: ApkAssets: Deleting an ApkAssets object '<empty> and /data/app/~~RjsHfWpfRtyHgk0apH8MjA==/com.openai.chatgpt-DAMK9tCDgIePlOJy_w4J9g==/split_config.arm64_v8a.apk' with 1 weak references
08-13 16:19:44.552  2127  2140 W ndroid.systemui: ApkAssets: Deleting an ApkAssets object '<empty> and /data/app/~~RjsHfWpfRtyHgk0apH8MjA==/com.openai.chatgpt-DAMK9tCDgIePlOJy_w4J9g==/split_config.tr.apk' with 1 weak references
08-13 16:19:44.552  2127  2140 W ndroid.systemui: ApkAssets: Deleting an ApkAssets object '<empty> and /data/app/~~RjsHfWpfRtyHgk0apH8MjA==/com.openai.chatgpt-DAMK9tCDgIePlOJy_w4J9g==/split_config.xxhdpi.apk' with 1 weak references
08-13 16:19:44.552  2127  2140 W ndroid.systemui: ApkAssets: Deleting an ApkAssets object '<empty> and /data/app/~~fPh6e4OoI2X5n0FRZ2BMCw==/com.samsung.android.app.notes-AN37pj8tEIZd0VUIy6IAkw==/base.apk' with 1 weak references
08-13 16:19:44.553  2127  2140 W ndroid.systemui: ApkAssets: Deleting an ApkAssets object '<empty> and /data/app/~~yETCQZtGIXdxH211OuDRBQ==/com.samsung.android.goodlock-_JR3WeKC4kMkkT11WrNpYA==/base.apk' with 1 weak references
08-13 16:19:44.553  2127  2140 W ndroid.systemui: ApkAssets: Deleting an ApkAssets object '<empty> and /data/app/~~9l4vRSdOoCFL6doU9fZU9g==/com.samsung.android.oneconnect-qq6vkE4v3_M3dUick-fx1w==/base.apk' with 1 weak references
08-13 16:19:44.553  2127  2140 W ndroid.systemui: ApkAssets: Deleting an ApkAssets object '<empty> and /data/app/~~b72jcYh7au_T_GrJcy83tw==/com.shazam.android-MT3hkddXn4zNJj1gWHthBA==/base.apk' with 1 weak references
08-13 16:19:44.554  2127  2140 W ndroid.systemui: ApkAssets: Deleting an ApkAssets object '<empty> and /data/app/~~b72jcYh7au_T_GrJcy83tw==/com.shazam.android-MT3hkddXn4zNJj1gWHthBA==/split_config.arm64_v8a.apk' with 1 weak references
08-13 16:19:44.554  2127  2140 W ndroid.systemui: ApkAssets: Deleting an ApkAssets object '<empty> and /data/app/~~b72jcYh7au_T_GrJcy83tw==/com.shazam.android-MT3hkddXn4zNJj1gWHthBA==/split_config.tr.apk' with 1 weak references
08-13 16:19:44.554  2127  2140 W ndroid.systemui: ApkAssets: Deleting an ApkAssets object '<empty> and /data/app/~~b72jcYh7au_T_GrJcy83tw==/com.shazam.android-MT3hkddXn4zNJj1gWHthBA==/split_config.xxhdpi.apk' with 1 weak references
08-13 16:19:44.554  2127  2140 W ndroid.systemui: ApkAssets: Deleting an ApkAssets object '<empty> and /data/app/~~yx7IvbRC6z7u1aub3h6ywg==/com.samsung.accessory.berrymgr-ePKd8vjgPIB4DoTTPZYDwg==/base.apk' with 1 weak references
08-13 16:19:44.557  1070  1070 I sehhealth-service: updateLrpSysfs: write: 328
08-13 16:19:44.557  5777  5884 D nativeloader: Load /data/app/~~DtrMh1smNIoFi2BeB1Qqng==/com.google.android.apps.maps-eCM3IQSqWI-MIZ5msIcQxw==/split_config.arm64_v8a.apk!/lib/arm64-v8a/libnative_crash_handler_jni.so using class loader ns clns-7 (caller=/data/app/~~DtrMh1smNIoFi2BeB1Qqng==/com.google.android.apps.maps-eCM3IQSqWI-MIZ5msIcQxw==/base.apk!classes2.dex): ok
08-13 16:19:44.558  2127  2140 W ndroid.systemui: ApkAssets: Deleting an ApkAssets object '<empty> and /data/app/~~y0A-Xn8c5v9VgDIoVT95HQ==/com.ofsayt.offside-VfF1kk9MmtR7VI47ZmCM0A==/base.apk' with 1 weak references
08-13 16:19:44.558  2127  2140 W ndroid.systemui: ApkAssets: Deleting an ApkAssets object '<empty> and /data/app/~~y0A-Xn8c5v9VgDIoVT95HQ==/com.ofsayt.offside-VfF1kk9MmtR7VI47ZmCM0A==/split_config.arm64_v8a.apk' with 1 weak references
08-13 16:19:44.558  2127  2140 W ndroid.systemui: ApkAssets: Deleting an ApkAssets object '<empty> and /data/app/~~y0A-Xn8c5v9VgDIoVT95HQ==/com.ofsayt.offside-VfF1kk9MmtR7VI47ZmCM0A==/split_config.tr.apk' with 1 weak references
08-13 16:19:44.558  2127  2140 W ndroid.systemui: ApkAssets: Deleting an ApkAssets object '<empty> and /data/app/~~y0A-Xn8c5v9VgDIoVT95HQ==/com.ofsayt.offside-VfF1kk9MmtR7VI47ZmCM0A==/split_config.xxhdpi.apk' with 1 weak references
08-13 16:19:44.558  2127  2140 W ndroid.systemui: ApkAssets: Deleting an ApkAssets object '<empty> and /data/app/~~QAbGSNFTZhhVZ11UHMYCgQ==/com.xiaomi.wearable-rVdmIV-3SC58-xR9TUUd8g==/base.apk' with 1 weak references
08-13 16:19:44.559  5777  5893 W Settings: Setting device_provisioned has moved from android.provider.Settings.System to android.provider.Settings.Global, returning read-only value.
08-13 16:19:44.559  2127  2140 W ndroid.systemui: ApkAssets: Deleting an ApkAssets object '<empty> and /data/app/~~QAbGSNFTZhhVZ11UHMYCgQ==/com.xiaomi.wearable-rVdmIV-3SC58-xR9TUUd8g==/split_config.arm64_v8a.apk' with 1 weak references
08-13 16:19:44.559  2127  2140 W ndroid.systemui: ApkAssets: Deleting an ApkAssets object '<empty> and /data/app/~~QAbGSNFTZhhVZ11UHMYCgQ==/com.xiaomi.wearable-rVdmIV-3SC58-xR9TUUd8g==/split_config.tr.apk' with 1 weak references
08-13 16:19:44.559  2127  2140 W ndroid.systemui: ApkAssets: Deleting an ApkAssets object '<empty> and /data/app/~~QAbGSNFTZhhVZ11UHMYCgQ==/com.xiaomi.wearable-rVdmIV-3SC58-xR9TUUd8g==/split_config.xxhdpi.apk' with 1 weak references
08-13 16:19:44.559  2127  2140 W ndroid.systemui: ApkAssets: Deleting an ApkAssets object '<empty> and /data/app/~~Lb4f-pjSpaYAMS8uxiwmXw==/com.ziraat.ziraatmobil--TvEgEdR4aAd2-Hcu73_JA==/base.apk' with 1 weak references
08-13 16:19:44.560  2127  2140 W ndroid.systemui: ApkAssets: Deleting an ApkAssets object '<empty> and /data/app/~~Lb4f-pjSpaYAMS8uxiwmXw==/com.ziraat.ziraatmobil--TvEgEdR4aAd2-Hcu73_JA==/split_config.arm64_v8a.apk' with 1 weak references
08-13 16:19:44.560  2127  2140 W ndroid.systemui: ApkAssets: Deleting an ApkAssets object '<empty> and /system/priv-app/SamsungCamera/SamsungCamera.apk' with 1 weak references
08-13 16:19:44.560  2127  2140 W ndroid.systemui: ApkAssets: Deleting an ApkAssets object '<empty> and /system/app/SamsungCalendar/SamsungCalendar.apk' with 1 weak references
08-13 16:19:44.561  2127  2140 W ndroid.systemui: ApkAssets: Deleting an ApkAssets object '<empty> and /system/app/SmartReminder/SmartReminder.apk' with 1 weak references
08-13 16:19:44.561  2127  2140 W ndroid.systemui: ApkAssets: Deleting an ApkAssets object '<empty> and /system/priv-app/OMCAgent5/OMCAgent5.apk' with 1 weak references
08-13 16:19:44.561  2127  2140 W ndroid.systemui: ApkAssets: Deleting an ApkAssets object '<empty> and /data/app/~~ybJHOGd9tzJXfzKi-z-WUg==/com.google.android.youtube-unOhLosbPJwUROgEj90xeQ==/base.apk' with 1 weak references
08-13 16:19:44.562  2127  2140 W ndroid.systemui: ApkAssets: Deleting an ApkAssets object '<empty> and /data/app/~~ybJHOGd9tzJXfzKi-z-WUg==/com.google.android.youtube-unOhLosbPJwUROgEj90xeQ==/split_config.arm64_v8a.apk' with 1 weak references
08-13 16:19:44.562  2127  2140 W ndroid.systemui: ApkAssets: Deleting an ApkAssets object '<empty> and /data/app/~~ybJHOGd9tzJXfzKi-z-WUg==/com.google.android.youtube-unOhLosbPJwUROgEj90xeQ==/split_config.tr.apk' with 1 weak references
08-13 16:19:44.562  2127  2140 W ndroid.systemui: ApkAssets: Deleting an ApkAssets object '<empty> and /data/app/~~ybJHOGd9tzJXfzKi-z-WUg==/com.google.android.youtube-unOhLosbPJwUROgEj90xeQ==/split_config.xxhdpi.apk' with 1 weak references
08-13 16:19:44.562  2127  2140 W ndroid.systemui: ApkAssets: Deleting an ApkAssets object '<empty> and /data/app/~~Abg8cGkmWkjGOFoqBnpNTw==/com.google.android.googlequicksearchbox-7EFirArtPJoL4d4wWeTQuQ==/base.apk' with 1 weak references
08-13 16:19:44.563  2127  2140 W ndroid.systemui: ApkAssets: Deleting an ApkAssets object '<empty> and /data/app/~~Abg8cGkmWkjGOFoqBnpNTw==/com.google.android.googlequicksearchbox-7EFirArtPJoL4d4wWeTQuQ==/split_config.xxhdpi.apk' with 1 weak references
08-13 16:19:44.563  2127  2140 W ndroid.systemui: ApkAssets: Deleting an ApkAssets object '<empty> and /data/app/~~Abg8cGkmWkjGOFoqBnpNTw==/com.google.android.googlequicksearchbox-7EFirArtPJoL4d4wWeTQuQ==/split_lens_ondevice_engine_feature_module.apk' with 1 weak references
08-13 16:19:44.563  2127  2140 W ndroid.systemui: ApkAssets: Deleting an ApkAssets object '<empty> and /data/app/~~Abg8cGkmWkjGOFoqBnpNTw==/com.google.android.googlequicksearchbox-7EFirArtPJoL4d4wWeTQuQ==/split_lens_ondevice_engine_play_ml_module.apk' with 1 weak references
08-13 16:19:44.563  2127  2140 W ndroid.systemui: ApkAssets: Deleting an ApkAssets object '<empty> and /data/app/~~Abg8cGkmWkjGOFoqBnpNTw==/com.google.android.googlequicksearchbox-7EFirArtPJoL4d4wWeTQuQ==/split_tclib_native_feature_module.apk' with 1 weak references
08-13 16:19:44.563  2127  2140 W ndroid.systemui: ApkAssets: Deleting an ApkAssets object '<empty> and /system/priv-app/SamsungContacts/SamsungContacts.apk' with 1 weak references
08-13 16:19:44.563  2127  2140 W ndroid.systemui: ApkAssets: Deleting an ApkAssets object '<empty> and /system/priv-app/SamsungSmartSuggestions/SamsungSmartSuggestions.apk' with 1 weak references
08-13 16:19:44.564  2127  2140 W ndroid.systemui: ApkAssets: Deleting an ApkAssets object '<empty> and /data/app/~~DtrMh1smNIoFi2BeB1Qqng==/com.google.android.apps.maps-eCM3IQSqWI-MIZ5msIcQxw==/base.apk' with 1 weak references
08-13 16:19:44.564  2127  2140 W ndroid.systemui: ApkAssets: Deleting an ApkAssets object '<empty> and /data/app/~~DtrMh1smNIoFi2BeB1Qqng==/com.google.android.apps.maps-eCM3IQSqWI-MIZ5msIcQxw==/split_config.arm64_v8a.apk' with 1 weak references
08-13 16:19:44.564  2127  2140 W ndroid.systemui: ApkAssets: Deleting an ApkAssets object '<empty> and /data/app/~~DtrMh1smNIoFi2BeB1Qqng==/com.google.android.apps.maps-eCM3IQSqWI-MIZ5msIcQxw==/split_config.tr.apk' with 1 weak references
08-13 16:19:44.564  2127  2140 W ndroid.systemui: ApkAssets: Deleting an ApkAssets object '<empty> and /data/app/~~DtrMh1smNIoFi2BeB1Qqng==/com.google.android.apps.maps-eCM3IQSqWI-MIZ5msIcQxw==/split_config.xxhdpi.apk' with 1 weak references
08-13 16:19:44.564  2127  2140 W ndroid.systemui: ApkAssets: Deleting an ApkAssets object '<empty> and /system/priv-app/SamsungMagnifier3/SamsungMagnifier3.apk' with 1 weak references
08-13 16:19:44.565  2127  2140 W ndroid.systemui: ApkAssets: Deleting an ApkAssets object '<empty> and /data/app/~~3CoeK-hHY08uepB58R8GoA==/com.google.android.gm-h99Et_XgVWj5CLDaKg__8g==/base.apk' with 1 weak references
08-13 16:19:44.565  2127  2140 W ndroid.systemui: ApkAssets: Deleting an ApkAssets object '<empty> and /data/app/~~3CoeK-hHY08uepB58R8GoA==/com.google.android.gm-h99Et_XgVWj5CLDaKg__8g==/split_config.arm64_v8a.apk' with 1 weak references
08-13 16:19:44.565  2127  2140 W ndroid.systemui: ApkAssets: Deleting an ApkAssets object '<empty> and /data/app/~~3CoeK-hHY08uepB58R8GoA==/com.google.android.gm-h99Et_XgVWj5CLDaKg__8g==/split_config.tr.apk' with 1 weak references
08-13 16:19:44.565  2127  2140 W ndroid.systemui: ApkAssets: Deleting an ApkAssets object '<empty> and /data/app/~~3CoeK-hHY08uepB58R8GoA==/com.google.android.gm-h99Et_XgVWj5CLDaKg__8g==/split_config.xxhdpi.apk' with 1 weak references
08-13 16:19:44.567  2952  3092 W EventReceiver_FLP: BroadcastReceiver, SEC_BATTERY_EVENT
08-13 16:19:44.568  2530  2530 I NfcWirelessCharge: chargeMode: 2, isWirelessCharging: false
08-13 16:19:44.568  2127  2140 W System  : A resource failed to call release.
08-13 16:19:44.568  2127  2140 W System  : A resource failed to call release.
08-13 16:19:44.568  2127  2140 W System  : A resource failed to call release.
08-13 16:19:44.568  2127  2140 W System  : A resource failed to call release.
08-13 16:19:44.569  2127  2140 W System  : A resource failed to call release.
08-13 16:19:44.569  2127  2140 W System  : A resource failed to call release.
08-13 16:19:44.571  2127  2127 I AODBatteryManager: updateBatteryData: ACTION_BATTERY_CHANGED
08-13 16:19:44.571  2127  2127 I AODBatteryManager: saveBatteryData : AOD BatteryData [mBatteryLevel=95, mBatteryStatus=CHARGING, mBatteryPlugType=USB, mBatteryPlugged=true, mRemainingChargeTime=732000, mBatteryChargingType=1, mBatteryChargerType=NORMAL, mBatteryOnline=NOT_DEFINED, mBatterySwellingMode=NONE, mBatteryProtectMode=false, mBatteryProtectModeType=3, mSleepChargingEvent=null, mSleepChargingEventFinishTime=null, mBatteryHealth=2, mIsDirectPowerMode=false, mIsUsbRestriction=false]
08-13 16:19:44.571  2127  2127 I PowerUI : mBootCompleted = true |  mFullyConnected = true
08-13 16:19:44.571  2127  2127 D PowerUI : oldMisalign : false, curMisalign : false
08-13 16:19:44.567  2952  3092 I EventReceiver_FLP: BroadcastReceiver finished
08-13 16:19:44.572  1282  1921 D MotionRecognitionService: [SAR]  onReceive : ACTION_BATTERY_CHANGED, Plugged: 2
08-13 16:19:44.572  1282  1690 D SemInputExternalReceiver: extraChargerBroadcastReceiver: com.samsung.server.BatteryService.action.SEC_BATTERY_EVENT
08-13 16:19:44.572  2127  2127 D PowerUI.Notification: showChargingNotice - There is no change charging status, so return!
08-13 16:19:44.572  6225  4821 I NetworkScheduler: (REDACTED) Error inserting %s
08-13 16:19:44.573  1282  1282 I SAccessoryManager_SAccessoryManager: onReceive: com.samsung.server.BatteryService.action.SEC_BATTERY_EVENT, misc_event: 65536, plug event: 2
08-13 16:19:44.573  1282  1282 D SAccessoryManager_SAccessoryManager: batteryChanged: 2
08-13 16:19:44.573  1282  1282 D SAccessoryManager_CoverAuthenticator: plugType = 2
08-13 16:19:44.573  1282  1282 I SAccessoryManager_SAccessoryManager: wpc auth  mode = -19
08-13 16:19:44.573  1282  1282 I SAccessoryManager_SAccessoryManager: do not auth wireless charging
08-13 16:19:44.573  2127  2127 D PowerUI : SUPPORT_WIRELESS_CHARGER_FOD_POPUP - oldWirelessFodState : false, mWirelessFodState : false
08-13 16:19:44.573  2127  2127 D PowerUI : SUPPORT_WATER_PROTECTION_POPUP - oldBatteryWaterConnector : false, mBatteryWaterConnector : false, oldHiccupState : false, mIsHiccupState : false
08-13 16:19:44.573  2127  2127 D PowerUI : USB damage detection - oldTemperatureHiccupState : false, mTemperatureHiccupState : false
08-13 16:19:44.573  2127  2127 D SamsungBatteryMeterDrawable: onBatteryLevelChanged isSomethingChanged: false
08-13 16:19:44.573  2127  2127 D SamsungBatteryMeterDrawable: onBatteryLevelChanged isSomethingChanged: false
08-13 16:19:44.573  2127  2127 D SamsungBatteryMeterDrawable: onBatteryLevelChanged isSomethingChanged: false
08-13 16:19:44.574  2127  2127 D SamsungBatteryMeterDrawable: onBatteryLevelChanged isSomethingChanged: false
08-13 16:19:44.574  2127  2127 D KeyguardUpdateMonitor: handleBatteryUpdate
08-13 16:19:44.575  2494  2494 D SemBigDataInfoController: Intent: android.intent.action.BATTERY_CHANGED
08-13 16:19:44.578  2494  2494 D SemBigDataInfoController: Intent: android.intent.action.BATTERY_CHANGED
08-13 16:19:44.580  2127  2127 D SecKeyguardClockPositionAlgorithm: getTopMargin scale = 1.2690217, clockContainerHeight = 389, scaleMarginY = -41
08-13 16:19:44.581  2127  2127 W View    : requestLayout() improperly called by com.android.systemui.qs.SecQSGradationDrawableView{8f69e8c V.E...... ......ID 0,0-1080,332 #7f0a0978 app:id/qs_gradation_view} during layout: running second layout pass
08-13 16:19:44.581  2127  2127 W View    : requestLayout() improperly called by android.widget.FrameLayout{19859d5 V.E...... ......ID 0,148-1080,2298 #7f0a0976 app:id/qs_frame} during layout: running second layout pass
08-13 16:19:44.581  2127  2127 D SecKeyguardClockPositionAlgorithm: getTopMargin scale = 1.2690217, clockContainerHeight = 389, scaleMarginY = -41
08-13 16:19:44.583  2127  2140 W System  : A resource failed to call HardwareBuffer.close.
08-13 16:19:44.583  2127  2140 W System  : A resource failed to call release.
08-13 16:19:44.583  2127  2140 W System  : A resource failed to call release.
08-13 16:19:44.587  1111  1747 D NativeSemDvfsManager: acquire:: timeout = 2000 mIsAcquired = 1  mTagName : SurfaceFlinger
08-13 16:19:44.588  1111  1747 E NativeCustomFrequencyManager: [NativeCFMS] BpCustomFrequencyManager::acquire()
08-13 16:19:44.588  1062  1149 I HYPER-HAL: [RequestManager.cpp]acquire(): Acquired ID : 2230216  [1111 / 1000]    HINT : SF_GPU_MINLOCK    list : [TIMEOUT / 2000]
08-13 16:19:44.593  1062  5734 I HYPER-HAL: [RequestManager.cpp]releaseLocked(): Released ID : 849577
08-13 16:19:44.627  2742  6184 I HoneySpace.NotificationListener: onNotificationPosted com.samsung.android.app.smartcapture: 0|com.samsung.android.app.smartcapture|1332|null|10190: 0
08-13 16:19:44.627  2742  6184 I HoneySpace.BadgeDataSourceImpl: Get notification count. PK(p='com.samsung.android.app.smartcapture', u=UserHandle{0}) - forceBadgeCount: false, notification listener: 1, badge provider: 0
08-13 16:19:44.628 23813 23813 I NotifySyncService_23813_23813: onNotificationPosted Id:1332 key:0|com.samsung.android.app.smartcapture|1332|null|10190 PackageName:com.samsung.android.app.smartcapture IsOngoing:true PostTime:1755091184400 currentDeviceModel.connected: false
08-13 16:19:44.629 23813 23813 I NotifySyncService_23813_23813: onNotificationPosted Id:1332 , appName : Samsung yakalama
08-13 16:19:44.629 23813 23813 I NotifySyncService_23813_23813:  isOngoing = true isIncomingCall = false
08-13 16:19:44.630 23813 21995 I NotifyLogUtils_23813_21995: isIgnoringBatteryOptimizations true
08-13 16:19:44.630 23813 21993 I AccountManagerService_23813_21993: log: getAccounts: accountType com.xiaomi, caller's uid 10349, pid 23813
08-13 16:19:44.630 23813 21993 I SecureDatabase_23813_21993: log: query: accounts, columns=[_id,type,name], selection=null, selectionArgs=null, groupBy=null, having=null, orderBy=null, limit=null
08-13 16:19:44.631 23813 21993 I SecureDatabase_23813_21993: log: query: cursor count=1
08-13 16:19:44.631 23813 21993 I SecureDatabase_23813_21993: log: query: row=[1,com.xiaomi,6521150625]
08-13 16:19:44.632 23813 21993 I AccountManagerService_23813_21993: log: validateAccountsAndPopulateCache>>>accountId=1 accountType=com.xiaomi accountName=6521150625
08-13 16:19:44.632 23813 21993 I AccountManagerService_23813_21993: log: getAccounts: accountType com.xiaomi, caller's uid 10349, pid 23813
08-13 16:19:44.632 23813 21993 I SecureDatabase_23813_21993: log: query: accounts, columns=[_id,type,name], selection=null, selectionArgs=null, groupBy=null, having=null, orderBy=null, limit=null
08-13 16:19:44.632 23813 21993 I SecureDatabase_23813_21993: log: query: cursor count=1
08-13 16:19:44.632 23813 21993 I SecureDatabase_23813_21993: log: query: row=[1,com.xiaomi,6521150625]
08-13 16:19:44.632 23813 21993 I AccountManagerService_23813_21993: log: validateAccountsAndPopulateCache>>>accountId=1 accountType=com.xiaomi accountName=6521150625
08-13 16:19:44.634  2127  2127 D InterruptionStateProvider:  no Heads up : edgelighting enabled app. 0|com.samsung.android.app.smartcapture|1332|null|10190
08-13 16:19:44.635  5596  5596 I Choreographer: Skipped 43 frames!  The application may be doing too much work on its main thread.
08-13 16:19:44.636  2127  2127 D SubscreenNotificationListCoordinator: onAfterRenderList() isSubScreen = false, pluginLockMode = 0, doNotShowOnCover = false
08-13 16:19:44.637 23813 30394 W FA      : Failed to retrieve Firebase Instance Id
08-13 16:19:44.638  2127  2127 I LockscreenNotificationIconsOnlyController: onNotificationInfoUpdated 0
08-13 16:19:44.638  2127  2127 I AODNotificationManager: updateNotification()
08-13 16:19:44.648 23813 30394 W FA      : Failed to retrieve Firebase Instance Id
08-13 16:19:44.658 23813 30394 W FA      : Failed to retrieve Firebase Instance Id
08-13 16:19:44.664 23813 30394 W FA      : Failed to retrieve Firebase Instance Id
08-13 16:19:44.668  3974  4027 E d       : (Berry)(1.16)handleAudioPathTask() : can't get dual play mode - Attempt to invoke virtual method 'boolean android.bluetooth.BluetoothA2dp.semIsDualPlayMode()' on a null object reference
08-13 16:19:44.670 23813 30394 W FA      : Failed to retrieve Firebase Instance Id
08-13 16:19:44.674  6225  4427 I NetworkScheduler: (REDACTED) Error inserting %s
08-13 16:19:44.676 23813 30394 W FA      : Failed to retrieve Firebase Instance Id
08-13 16:19:44.684 23813 30394 W FA      : Failed to retrieve Firebase Instance Id
08-13 16:19:44.690 23813 30394 W FA      : Failed to retrieve Firebase Instance Id
08-13 16:19:44.706  6225  4821 I NetworkScheduler: (REDACTED) Error inserting %s
08-13 16:19:44.752  1282  2477 V GrammaticalInflectionUtils: AttributionSource: AttributionSource { uid = 10210, packageName = null, attributionTag = null, token = android.os.Binder@88f1d92, deviceId = 0, next = null } does not have READ_SYSTEM_GRAMMATICAL_GENDER permission.
08-13 16:19:44.765  1034  1034 D Zygote  : Forked child process 5919
08-13 16:19:44.776  5919  5919 I on.gearhead:car: Using CollectorTypeCMC GC.
08-13 16:19:44.781 19715 19720 I adbd    : jdwp connection from 5919
08-13 16:19:44.782  1062  5733 I HYPER-HAL: [RequestManager.cpp]releaseLocked(): Released ID : 9603167
08-13 16:19:44.784  5919  5919 D nativeloader: Load libframework-connectivity-tiramisu-jni.so using APEX ns com_android_tethering for caller /apex/com.android.tethering/javalib/framework-connectivity-t.jar: ok
08-13 16:19:44.788  5919  5919 D ActivityThread: setConscryptValidator
08-13 16:19:44.789  5919  5919 D ActivityThread: setConscryptValidator - put
08-13 16:19:44.832  2127  2127 D Bubbles : onEntryUpdated : shouldBubbleUp=false ,key=0|com.samsung.android.app.smartcapture|1332|null|10190
08-13 16:19:44.833  2127  2127 D InterruptionStateProvider:  no Heads up : edgelighting enabled app. 0|com.samsung.android.app.smartcapture|1332|null|10190
08-13 16:19:44.840  5919  5919 D ApplicationLoaders: Returning zygote-cached class loader: /system/framework/org.apache.http.legacy.jar
08-13 16:19:44.840  5919  5919 D ApplicationLoaders: Returning zygote-cached class loader: /system_ext/framework/androidx.window.extensions.jar
08-13 16:19:44.840  5919  5919 D ApplicationLoaders: Returning zygote-cached class loader: /system_ext/framework/androidx.window.sidecar.jar
08-13 16:19:44.844  2127  2127 D SubscreenNotificationListCoordinator: onAfterRenderList() isSubScreen = false, pluginLockMode = 0, doNotShowOnCover = false
08-13 16:19:44.844  2127  2127 D SecKeyguardClockPositionAlgorithm: getTopMargin scale = 1.2690217, clockContainerHeight = 389, scaleMarginY = -41
08-13 16:19:44.853  2127  2127 I LockscreenNotificationIconsOnlyController: onNotificationInfoUpdated 0
08-13 16:19:44.854  2127  2127 I AODNotificationManager: updateNotification()
08-13 16:19:44.854  5777  5891 D nativeloader: Load /data/app/~~DtrMh1smNIoFi2BeB1Qqng==/com.google.android.apps.maps-eCM3IQSqWI-MIZ5msIcQxw==/split_config.arm64_v8a.apk!/lib/arm64-v8a/libgmm-jni.so using class loader ns clns-7 (caller=/data/app/~~DtrMh1smNIoFi2BeB1Qqng==/com.google.android.apps.maps-eCM3IQSqWI-MIZ5msIcQxw==/base.apk): ok
08-13 16:19:44.865  2127  2816 D LocalImageResolver: Couldn't use ImageDecoder for drawable, falling back to non-resized load.
08-13 16:19:44.867  2127  2816 D LocalImageResolver: Couldn't use ImageDecoder for drawable, falling back to non-resized load.
08-13 16:19:44.887  2127  2127 I AppIconSolution: return adaptive icon for com.samsung.android.app.smartcapture, isNight = true
08-13 16:19:44.895  2127  2127 D SecKeyguardClockPositionAlgorithm: getTopMargin scale = 1.2690217, clockContainerHeight = 389, scaleMarginY = -41
08-13 16:19:44.902  2127  2127 D S.S.N.  : entryViewBound parent :0|com.samsung.android.app.smartcapture|1332|null|10190
08-13 16:19:44.905  2127  2127 I AppIconSolution: return adaptive icon for com.samsung.android.app.smartcapture, isNight = true
08-13 16:19:44.915  2127  2127 D SubscreenNotificationListCoordinator: onAfterRenderList() isSubScreen = false, pluginLockMode = 0, doNotShowOnCover = false
08-13 16:19:44.914  1282  1615 D BluetoothManagerService: mDisableBleCallbacks count 22, isSwitching: false
08-13 16:19:44.918  2127  2127 D SecKeyguardClockPositionAlgorithm: getTopMargin scale = 1.2690217, clockContainerHeight = 389, scaleMarginY = -41
08-13 16:19:44.920  5777  5904 I BluetoothAdapter: BluetoothAdapter() : com.google.android.apps.maps
08-13 16:19:44.927  2127  2127 I LockscreenNotificationIconsOnlyController: onNotificationInfoUpdated 0
08-13 16:19:44.927  2127  2127 I AODNotificationManager: updateNotification()
08-13 16:19:44.951  1111  1111 I SurfaceFlinger: SFWD update time=308415536514938
08-13 16:19:44.953  2742  2742 I HoneySpace.StackedWidgetFastRecyclerView: playHideIndicatorAnimation
08-13 16:19:44.957  2742  2742 I HoneySpace.StackedWidgetFastRecyclerView: playHideIndicatorAnimation
08-13 16:19:44.971  5777  5880 D ConnectivityManager: StackLog: [android.net.ConnectivityManager.sendRequestForNetwork(ConnectivityManager.java:4736)] [android.net.ConnectivityManager.registerDefaultNetworkCallbackForUid(ConnectivityManager.java:5461)] [android.net.ConnectivityManager.registerDefaultNetworkCallback(ConnectivityManager.java:5428)] [android.net.ConnectivityManager.registerDefaultNetworkCallback(ConnectivityManager.java:5402)] [a$$ExternalSyntheticApiModelOutline0.m(D8$$SyntheticClass:50)] [jnw.b(PG:59)] [jnc.n(PG:9)] [jmz.a(PG:1)] [jch.<init>(PG:97)] [aesl.<init>(PG:1)] [jnn.a(PG:7)] [jnp.a(PG:148)] [jbm.d(PG:5)] [awmv.<init>(PG:3)] [mlo.k(PG:1534)] [mlo.a(PG:62)] [ckbh.d(PG:10)] [ckbh.a(PG:7)] [bjlb.k(PG:45)] [bjkv.run(PG:774)] [java.util.concurrent.Executors$RunnableAdapter.call(Executors.java:524)] [bsuf.call(PG:13)] [awhx.run(PG:23)] [java.util.concurrent.ThreadPoolExecutor.runWorker(ThreadPoolExecutor.java:1156)] [java.util.concurrent.ThreadPoolExecutor$Worker.run(ThreadPoolExecutor.java:651)] [aubx.run(PG:758)] [java.lang.Thread.run(Thread.java:1119)]
08-13 16:19:44.977  5919  5919 W on.gearhead:car: Failed to find entry 'classes.dex': Entry not found
08-13 16:19:44.980  5919  5919 W on.gearhead:car: Failed to find entry 'classes.dex': Entry not found
08-13 16:19:44.985  5919  5919 W on.gearhead:car: Failed to find entry 'classes.dex': Entry not found
08-13 16:19:44.986  5919  5919 D nativeloader: Configuring clns-7 for other apk /data/app/~~kybX6e-t69KrqBDniPOh4Q==/com.google.android.projection.gearhead-K6WE62yZhN4a7y-_YK32dg==/base.apk:/data/app/~~kybX6e-t69KrqBDniPOh4Q==/com.google.android.projection.gearhead-K6WE62yZhN4a7y-_YK32dg==/split_config.arm64_v8a.apk:/data/app/~~kybX6e-t69KrqBDniPOh4Q==/com.google.android.projection.gearhead-K6WE62yZhN4a7y-_YK32dg==/split_config.tr.apk:/data/app/~~kybX6e-t69KrqBDniPOh4Q==/com.google.android.projection.gearhead-K6WE62yZhN4a7y-_YK32dg==/split_config.xxhdpi.apk. target_sdk_version=36, uses_libraries=, library_path=/data/app/~~kybX6e-t69KrqBDniPOh4Q==/com.google.android.projection.gearhead-K6WE62yZhN4a7y-_YK32dg==/lib/arm64:/data/app/~~kybX6e-t69KrqBDniPOh4Q==/com.google.android.projection.gearhead-K6WE62yZhN4a7y-_YK32dg==/base.apk!/lib/arm64-v8a:/data/app/~~kybX6e-t69KrqBDniPOh4Q==/com.google.android.projection.gearhead-K6WE62yZhN4a7y-_YK32dg==/split_config.arm64_v8a.apk!/lib/arm64-v8a:/data/app/~~kybX6e-t69KrqBDniPOh4Q==/com.google.android.projection.gearhe
08-13 16:19:44.995  1282  3084 D ConnectivityService: requestNetwork for uid/pid:10237/5777 activeRequest: null callbackRequest: 49325 [NetworkRequest [ REQUEST id=49326, [ Capabilities: INTERNET&NOT_RESTRICTED&TRUSTED&NOT_VCN_MANAGED&NOT_BANDWIDTH_CONSTRAINED Uid: 10237 RequestorUid: 10237 RequestorPkg: com.google.android.apps.maps UnderlyingNetworks: Null] ]] callback flags: 0 order: 2147483647 isUidTracked: false declaredMethods: AVAIL|LOST
08-13 16:19:44.996  1282  1941 D ConnectivityService:    accepting network in place of null for NetworkRequest [ REQUEST id=49326, [ Capabilities: INTERNET&NOT_RESTRICTED&TRUSTED&NOT_VCN_MANAGED&NOT_BANDWIDTH_CONSTRAINED Uid: 10237 RequestorUid: 10237 RequestorPkg: com.google.android.apps.maps UnderlyingNetworks: Null] ]
08-13 16:19:44.997  1282  1927 D OemPaidWifiNetworkFactory: got request NetworkRequest [ REQUEST id=49326, [ Capabilities: INTERNET&NOT_RESTRICTED&TRUSTED&NOT_VCN_MANAGED&NOT_BANDWIDTH_CONSTRAINED Uid: 10237 RequestorUid: 10237 RequestorPkg: com.google.android.apps.maps UnderlyingNetworks: Null] ]
08-13 16:19:44.997  1282  1927 D MultiInternetWifiNetworkFactory: got request NetworkRequest [ REQUEST id=49326, [ Capabilities: INTERNET&NOT_RESTRICTED&TRUSTED&NOT_VCN_MANAGED&NOT_BANDWIDTH_CONSTRAINED Uid: 10237 RequestorUid: 10237 RequestorPkg: com.google.android.apps.maps UnderlyingNetworks: Null] ]
08-13 16:19:44.999  1282  1927 D WifiNetworkFactory: got request NetworkRequest [ REQUEST id=49326, [ Capabilities: INTERNET&NOT_RESTRICTED&TRUSTED&NOT_VCN_MANAGED&NOT_BANDWIDTH_CONSTRAINED Uid: 10237 RequestorUid: 10237 RequestorPkg: com.google.android.apps.maps UnderlyingNetworks: Null] ]
08-13 16:19:44.999  1282  1927 D UntrustedWifiNetworkFactory: got request NetworkRequest [ REQUEST id=49326, [ Capabilities: INTERNET&NOT_RESTRICTED&TRUSTED&NOT_VCN_MANAGED&NOT_BANDWIDTH_CONSTRAINED Uid: 10237 RequestorUid: 10237 RequestorPkg: com.google.android.apps.maps UnderlyingNetworks: Null] ]
08-13 16:19:45.000  1282  1941 D ConnectivityService: Rematched networks [computed 0ms] [applied 1ms] [issued 2]
08-13 16:19:45.000  1282  1941 D ConnectivityService: NetworkReassignment :
08-13 16:19:45.000  1282  1941 D ConnectivityService:   49326 : null → 217
08-13 16:19:45.008  2742  2742 I HoneySpace.StackedWidgetFastRecyclerView: playHideIndicatorAnimation onAnimationEnd isTouchDownInStackedWidget : false
08-13 16:19:45.008  2742  2742 I HoneySpace.StackedWidgetAdapter: updateLabelVisibility true true
08-13 16:19:45.008  2742  2742 I HoneySpace.StackedWidgetFastRecyclerView: playHideIndicatorAnimation onAnimationEnd isTouchDownInStackedWidget : false
08-13 16:19:45.008  2742  2742 I HoneySpace.StackedWidgetAdapter: updateLabelVisibility true true
08-13 16:19:45.030  5919  5919 V GraphicsEnvironment: Currently set values for:
08-13 16:19:45.030  5919  5919 V GraphicsEnvironment:   angle_gl_driver_selection_pkgs=[]
08-13 16:19:45.030  5919  5919 V GraphicsEnvironment:   angle_gl_driver_selection_values=[]
08-13 16:19:45.030  5919  5919 V GraphicsEnvironment: Global.Settings values are invalid: number of packages: 0, number of values: 0
08-13 16:19:45.030  5919  5919 V GraphicsEnvironment: Neither updatable production driver nor prerelease driver is supported.
08-13 16:19:45.047  6207  6207 D BoundBrokerSvc: onBind: Intent { act=com.google.android.gms.mdisync.service.START dat=chimera-action:/... cmp=com.google.android.gms/.chimera.GmsApiService }
08-13 16:19:45.047  6207  6207 D BoundBrokerSvc: Loading bound service for intent: Intent { act=com.google.android.gms.mdisync.service.START dat=chimera-action:/... cmp=com.google.android.gms/.chimera.GmsApiService }
08-13 16:19:45.067  5777  5878 W System  : ClassLoader referenced unknown path:
08-13 16:19:45.070  5777  5878 D nativeloader: Configuring clns-8 for other apk . target_sdk_version=36, uses_libraries=, library_path=/data/app/~~xM4Ee-Uqx8b9CkCZgCEgvg==/com.google.android.gms-a8kCRVFYKJeoGN_17pmJaQ==/lib/arm64:/data/app/~~xM4Ee-Uqx8b9CkCZgCEgvg==/com.google.android.gms-a8kCRVFYKJeoGN_17pmJaQ==/base.apk!/lib/arm64-v8a, permitted_path=/data:/mnt/expand:/data/user/0/com.google.android.gms
08-13 16:19:45.087  5596  5596 I Choreographer: Skipped 36 frames!  The application may be doing too much work on its main thread.
08-13 16:19:45.089  5919  5919 I CAR.GH  : onCreate
08-13 16:19:45.127  6207  6875 I MdiSyncModule: (REDACTED) Receiving API connection from package '%s'...
08-13 16:19:45.129  6207  6875 I MdiSyncModule: API connection successful!
08-13 16:19:45.142  5919  5919 I GH.PrimesMgr: transmitting to prod
08-13 16:19:45.154  1282  1469 I libprocessgroup: Removed cgroup /sys/fs/cgroup/uid_1000/pid_4015
08-13 16:19:45.155  1034  1034 I Zygote  : Process 4015 exited due to signal 9 (Killed)
08-13 16:19:45.164  5919  5919 I CAR.GH  : Process: CAR
08-13 16:19:45.165  5919  5919 I CAR.GH  : Channel: PROD
08-13 16:19:45.188  5919  5919 I CAR.GH  : onCreate completed
08-13 16:19:45.200  5919  5919 I GH.CAR  : onCreate
08-13 16:19:45.248  5919  5919 I GH.CAR  : GearheadCarStartupService.onBind
08-13 16:19:45.271  1282  3019 W LocationManagerService: onFreezeStateChanged, uid[10324]=false
08-13 16:19:45.281  5596  5596 D CompatChangeReporter: Compat change id reported: 270674727; UID 10418; state: ENABLED
08-13 16:19:45.314  4855  4855 I [SC_ScreenRecorder]_FloatingButtonView: 00:00:12
08-13 16:19:45.325  1066  4972 I ExynosC2H264EncComponent: [onUpdateC2Work] got SYNC FRAME
08-13 16:19:45.365  5919  5933 I GH.CAR  : gearheadCarServiceBinder in mainHandler: true
08-13 16:19:45.389  6225  4821 I SemanticLocation: No subscriptions found [CONTEXT service_id=173 ]
08-13 16:19:45.390  1282  1469 I libprocessgroup: Removed cgroup /sys/fs/cgroup/uid_10324/pid_4099
08-13 16:19:45.392  1034  1034 I Zygote  : Process 4099 exited due to signal 9 (Killed)
08-13 16:19:45.436  5919  5933 I GH.CAR  : Using GearheadCarServiceBinder in CarMessageService.
08-13 16:19:45.437  5919  5933 I GH.DelegateMngCarSvc: Retries remaining initialized to 20
08-13 16:19:45.438  5919  5933 I GH.CAR  : Using Gearhead for projection services. All aboard! 🚀
08-13 16:19:45.438  5919  5933 I GH.DelegateICarSupplier: Android is R+, so connecting to Gearhead car chimera service.
08-13 16:19:45.438  5919  5933 I GH.DelegateMngCarSvc: Skipping delegate acquisition on init().
08-13 16:19:45.442  5919  5933 I GH.CarService: Setting delegate: gii@8e9150
08-13 16:19:45.443  5919  5933 I CAR.SERVICE: Setting CSB delegate, previous value null updated to hiv@da6f49
08-13 16:19:45.443  5919  5933 I GH.CAR  : Setting validator car info suppliers
08-13 16:19:45.443  5919  5933 I GH.CAR  : ICar delegate chain:
08-13 16:19:45.443  5919  5933 I GH.CAR  : 	hjq@65fd04e
08-13 16:19:45.443  5919  5933 I GH.CAR  : 	-> gii@8e9150
08-13 16:19:45.443  5919  5933 I GH.CAR  : 	-> hiv@da6f49
08-13 16:19:45.460  5919  5933 W DynamiteModule: Local module descriptor class for com.google.android.gms.googlecertificates not found.
08-13 16:19:45.479  5919  5933 I DynamiteModule: Considering local module com.google.android.gms.googlecertificates:0 and remote module com.google.android.gms.googlecertificates:7
08-13 16:19:45.479  5919  5933 I DynamiteModule: Selected remote version of com.google.android.gms.googlecertificates, version >= 7
08-13 16:19:45.479  5919  5933 V DynamiteModule: Dynamite loader version >= 2, using loadModule2NoCrashUtils
08-13 16:19:45.493  5919  5933 W System  : ClassLoader referenced unknown path:
08-13 16:19:45.493  5919  5933 D nativeloader: Configuring clns-8 for other apk . target_sdk_version=36, uses_libraries=, library_path=/data/app/~~xM4Ee-Uqx8b9CkCZgCEgvg==/com.google.android.gms-a8kCRVFYKJeoGN_17pmJaQ==/lib/arm64:/data/app/~~xM4Ee-Uqx8b9CkCZgCEgvg==/com.google.android.gms-a8kCRVFYKJeoGN_17pmJaQ==/base.apk!/lib/arm64-v8a, permitted_path=/data:/mnt/expand:/data/user/0/com.google.android.gms
08-13 16:19:45.499  5596  5596 I Choreographer: Skipped 31 frames!  The application may be doing too much work on its main thread.
08-13 16:19:45.532  2742  6184 I HoneySpace.NotificationListener: onNotificationPosted com.samsung.android.app.smartcapture: 0|com.samsung.android.app.smartcapture|1332|null|10190: 0
08-13 16:19:45.532  2742  6184 I HoneySpace.BadgeDataSourceImpl: Get notification count. PK(p='com.samsung.android.app.smartcapture', u=UserHandle{0}) - forceBadgeCount: false, notification listener: 1, badge provider: 0
08-13 16:19:45.533  2127  2127 D InterruptionStateProvider:  no Heads up : edgelighting enabled app. 0|com.samsung.android.app.smartcapture|1332|null|10190
08-13 16:19:45.533 23813 23813 I NotifySyncService_23813_23813: onNotificationPosted Id:1332 key:0|com.samsung.android.app.smartcapture|1332|null|10190 PackageName:com.samsung.android.app.smartcapture IsOngoing:true PostTime:1755091185319 currentDeviceModel.connected: false
08-13 16:19:45.533 23813 23813 I NotifySyncService_23813_23813: onNotificationPosted Id:1332 , appName : Samsung yakalama
08-13 16:19:45.533 23813 23813 I NotifySyncService_23813_23813:  isOngoing = true isIncomingCall = false
08-13 16:19:45.533 23813 21993 I NotifyLogUtils_23813_21993: isIgnoringBatteryOptimizations true
08-13 16:19:45.534 23813 21995 I AccountManagerService_23813_21995: log: getAccounts: accountType com.xiaomi, caller's uid 10349, pid 23813
08-13 16:19:45.534 23813 21995 I SecureDatabase_23813_21995: log: query: accounts, columns=[_id,type,name], selection=null, selectionArgs=null, groupBy=null, having=null, orderBy=null, limit=null
08-13 16:19:45.535 23813 21995 I SecureDatabase_23813_21995: log: query: cursor count=1
08-13 16:19:45.535 23813 21995 I SecureDatabase_23813_21995: log: query: row=[1,com.xiaomi,6521150625]
08-13 16:19:45.535 23813 21995 I AccountManagerService_23813_21995: log: validateAccountsAndPopulateCache>>>accountId=1 accountType=com.xiaomi accountName=6521150625
08-13 16:19:45.536 23813 21995 I AccountManagerService_23813_21995: log: getAccounts: accountType com.xiaomi, caller's uid 10349, pid 23813
08-13 16:19:45.536 23813 21995 I SecureDatabase_23813_21995: log: query: accounts, columns=[_id,type,name], selection=null, selectionArgs=null, groupBy=null, having=null, orderBy=null, limit=null
08-13 16:19:45.536 23813 21995 I SecureDatabase_23813_21995: log: query: cursor count=1
08-13 16:19:45.536 23813 21995 I SecureDatabase_23813_21995: log: query: row=[1,com.xiaomi,6521150625]
08-13 16:19:45.536 23813 21995 I AccountManagerService_23813_21995: log: validateAccountsAndPopulateCache>>>accountId=1 accountType=com.xiaomi accountName=6521150625
08-13 16:19:45.540 23813 30394 W FA      : Failed to retrieve Firebase Instance Id
08-13 16:19:45.541  2127  2127 D SubscreenNotificationListCoordinator: onAfterRenderList() isSubScreen = false, pluginLockMode = 0, doNotShowOnCover = false
08-13 16:19:45.542  2127  2127 I LockscreenNotificationIconsOnlyController: onNotificationInfoUpdated 0
08-13 16:19:45.543  2127  2127 I AODNotificationManager: updateNotification()
08-13 16:19:45.545  6207 30474 D AdvertisingIdClient: AdvertisingIdClient already created.
08-13 16:19:45.546  6207 30474 W AdvertisingIdSettings: Package com.xiaomi.wearable failed Ad Id permission check. Apps that target Android SDK 33 or higher should declare com.google.android.gms.permission.AD_ID in the app manifest to access Ad Id.
08-13 16:19:45.547  6207 30474 I AdvertisingIdClient: shouldSendLog 760216926
08-13 16:19:45.547  6207 30474 I AdvertisingIdClient: GetInfoInternal elapse 2ms
08-13 16:19:45.548 23813 30394 W FA      : Failed to retrieve Firebase Instance Id
08-13 16:19:45.557 23813 30394 W FA      : Failed to retrieve Firebase Instance Id
08-13 16:19:45.565  1282  2477 V GrammaticalInflectionUtils: AttributionSource: AttributionSource { uid = 10419, packageName = null, attributionTag = null, token = android.os.Binder@88f1d92, deviceId = 0, next = null } does not have READ_SYSTEM_GRAMMATICAL_GENDER permission.
08-13 16:19:45.568  1282  2936 I SemDvfsHyPerManager: acquire hyper - AMS_APP_SWITCH/1282@26, type = -999
08-13 16:19:45.568  1062  1149 I HYPER-HAL: [RequestManager.cpp]acquire(): Acquired ID : 856112  [1282 / 26]    HINT : AMS_APP_SWITCH    list :
08-13 16:19:45.570 23813 30394 W FA      : Failed to retrieve Firebase Instance Id
08-13 16:19:45.571  1111  1732 I SurfaceFlinger: id=233560 createSurf, flag=24004, Task=2220#233560
08-13 16:19:45.572  4368  4368 I SemDvfsHyPerManager: acquire hyper - APP_START_SHORT/4368@14, type = -999
08-13 16:19:45.573  1062  1149 I HYPER-HAL: [RequestManager.cpp]acquire(): Acquired ID : 9603167  [4368 / 14]    HINT : APP_START    list : [TIMEOUT / 1500]
08-13 16:19:45.574  1111  1732 I SurfaceFlinger: id=233561 createSurf, flag=84004, ActivityRecord{572c131 u0 com.example.cupcake.test/androidx.test.core.app.InstrumentationActivityInvoker$EmptyActivity t2220}#233561
08-13 16:19:45.575  1111  1111 I SurfaceFlinger: [Task=2220#233560] attach to parent LayerHierarchy{RequestedLayerState{DefaultTaskDisplayArea_d0#11 parentId=10} 9 children}
08-13 16:19:45.575  1111  1111 I SurfaceFlinger: [ActivityRecord{572c131 u0 com.example.cupcake.test/androidx.test.core.app.InstrumentationActivityInvoker$EmptyActivity t2220}#233561] attach to parent LayerHierarchy{RequestedLayerState{Task=2220#233560 parentId=11} 1 children}
08-13 16:19:45.582 23813 30394 W FA      : Failed to retrieve Firebase Instance Id
08-13 16:19:45.586  1282  2477 I SemDvfsHyPerManager: acquire hyper - AMS_APP_LAUNCH/1282@21, type = -999
08-13 16:19:45.587  1062  1149 I HYPER-HAL: [RequestManager.cpp]acquire(): Acquired ID : 849577  [1282 / 21]    HINT : AMS_APP_LAUNCH    list :
08-13 16:19:45.591  3157  3157 E pageboostd: Received HALT command code 2
08-13 16:19:45.594  5596  5596 D LifecycleMonitor: Lifecycle status change: androidx.activity.ComponentActivity@2a25801 in: PAUSED
08-13 16:19:45.594  5596  5596 V ActivityScenario: Update currentActivityStage to PAUSED, currentActivity=androidx.activity.ComponentActivity@2a25801
08-13 16:19:45.595  4368  4368 I SemDvfsHyPerManager: acquire hyper - APP_START/4368@16, type = -999
08-13 16:19:45.596  2127  2334 I ViewRootImpl: dVRR is disabled
08-13 16:19:45.597  2127  2390 D NativeCustomFrequencyManager: [NativeCFMS] BpCustomFrequencyManager::BpCustomFrequencyManager()
08-13 16:19:45.598 23813 30394 W FA      : Failed to retrieve Firebase Instance Id
08-13 16:19:45.600  1282  4478 D InputDispatcher: Focused application(0): ActivityRecord{572c131 u0 com.example.cupcake.test/androidx.test.core.app.InstrumentationActivityInvoker$EmptyActivity t2220}
08-13 16:19:45.601  1244  6944 I CameraService: onUidStateChanged: uid=10043, procState is changed. (0 -> 1)
08-13 16:19:45.604  1062  1149 I HYPER-HAL: [RequestManager.cpp]acquire(): Acquired ID : 9611936  [4368 / 16]    HINT : APP_START    list :
08-13 16:19:45.605  1282  4902 D GraphicsStatsService: requestRenderEngineFor(com.example.cupcake.test)
08-13 16:19:45.614  2742  2887 I HoneySpace.TopTaskSource: onTaskMovedToFront : taskId = 2220, displayId = 0
08-13 16:19:45.616  2742  2889 I HoneySpace.TopTaskUseCase: topTaskId 2220, DisplayId : 0
08-13 16:19:45.622  1282  2477 D InputTransport: Input channel constructed: 'e8fd88f', fd=1020
08-13 16:19:45.622  1282  2477 D InputTransport: Input channel constructed: 'e8fd88f', fd=1025
08-13 16:19:45.622  1282  2477 D InputTransport: Input channel constructed: 'e8fd88f', fd=1026
08-13 16:19:45.622  1111  1163 I SurfaceFlinger: id=233562 createSurf, flag=84004, e8fd88f Splash Screen com.example.cupcake.test#233562
08-13 16:19:45.624 23813 30394 W FA      : Failed to retrieve Firebase Instance Id
08-13 16:19:45.625  1111  1111 I SurfaceFlinger: [e8fd88f Splash Screen com.example.cupcake.test#233562] attach to parent LayerHierarchy{RequestedLayerState{ActivityRecord{572c131 u0 com.example.cupcake.test/androidx.test.core.app.InstrumentationActivityInvoker$EmptyActivity t2220}#233561 parentId=233560} 1 children}
08-13 16:19:45.630  1282  2477 D InputTransport: Input channel destroyed: 'e8fd88f', fd=1026
08-13 16:19:45.635  6225  4821 I NetworkScheduler: (REDACTED) Error inserting %s
08-13 16:19:45.635  2127  2334 D InputTransport: Input channel constructed: 'e8fd88f', fd=521
