08-13 16:19:54.911  5596  5677 I TestRunner: started: cupcakeNavHost_clickNextOnPickupScreen_navigatesToSummaryScreen(com.example.cupcake.test.CupcakeScreenNavigationTest)
08-13 16:19:54.913  2742 28910 I HoneySpace.RecentTasks: onRecentTasksChanged
08-13 16:19:54.915  2127  2127 D SecKeyguardClockPositionAlgorithm: getTopMargin scale = 1.2690217, clockContainerHeight = 389, scaleMarginY = -41
08-13 16:19:54.922  1111  1111 I SurfaceFlinger: destroyed Surface(name=39a4c69 InputMethod)/@0x97414dd - animation-leash of insets_animation#233744
08-13 16:19:54.922  1111  1111 I SurfaceFlinger: destroyed com.example.cupcake/androidx.activity.ComponentActivity$_5596#233738
08-13 16:19:54.922  1111  1111 I SurfaceFlinger: destroyed a98d2db com.example.cupcake/androidx.activity.ComponentActivity#233736
08-13 16:19:54.922  1111  1111 I SurfaceFlinger: [Task=2229#233772] attach to parent OffscreenRoot
08-13 16:19:54.922  1111  1111 I SurfaceFlinger: [LayerHierarchy{RequestedLayerState{ActivityRecord{d80f800 u0 com.example.cupcake/androidx.activity.ComponentActivity t2229}#233734} 2 children}] reparent to OffscreenRoot
08-13 16:19:54.922  1111  1111 I SurfaceFlinger: [LayerHierarchy{RequestedLayerState{ActivityRecord{d80f800 u0 com.example.cupcake/androidx.activity.ComponentActivity t2229}#233734} 2 children}] RelativeParent to null
08-13 16:19:54.922  1111  1111 I SurfaceFlinger: [LayerHierarchy{RequestedLayerState{Task=2229#233733 z=3} no children}] reparent to OffscreenRoot
08-13 16:19:54.922  1111  1111 I SurfaceFlinger: [LayerHierarchy{RequestedLayerState{Task=2229#233733 z=3} no children}] RelativeParent to null
08-13 16:19:54.922  5596  5677 D IdlingRegistry: Registering idling resources: [androidx.compose.ui.test.EspressoLink@a9f14d3]
08-13 16:19:54.922  1282  1745 V WindowManager: Relayout Window{b96c9e3 u0 Splash Screen com.example.cupcake.test}: viewVisibility=8 req=1080x2340 ty=3 d0
08-13 16:19:54.923  1111  1111 I Layer   : id=233736 Destroyed a98d2db com.example.cupcake/androidx.activity.ComponentActivity#233736
08-13 16:19:54.923  1111  1111 I Layer   : id=233744 Destroyed Surface(name=39a4c69 InputMethod)/@0x97414dd - animation-leash of insets_animation#233744
08-13 16:19:54.923  1111  1111 I Layer   : id=233738 Destroyed com.example.cupcake/androidx.activity.ComponentActivity$_5596#233738
08-13 16:19:54.923  1111  1111 I SurfaceFlinger: id=233734 Removed ActivityRecord{d80f800 u0 com.example.cupcake/androidx.activity.ComponentActivity t2229}#233734 (189)
08-13 16:19:54.924  1282  1745 V WindowManager: Relayout hash=b96c9e3, pid=2127, syncId=-1: mAttrs={(0,0)(fillxfill) sim={adjust=pan} layoutInDisplayCutoutMode=always ty=APPLICATION_STARTING fmt=TRANSLUCENT
08-13 16:19:54.924  1282  1745 V WindowManager:   fl=81030118
08-13 16:19:54.924  1282  1745 V WindowManager:   pfl=10000810
08-13 16:19:54.924  1282  1745 V WindowManager:   apr=18
08-13 16:19:54.924  1282  1745 V WindowManager:   bhv=1
08-13 16:19:54.924  1282  1745 V WindowManager:   fitSides=0
08-13 16:19:54.924  1282  1745 V WindowManager:   frameRateBoostOnTouch=true
08-13 16:19:54.924  1282  1745 V WindowManager:   dvrrWindowFrameRateHint=true naviIconColor=0}
08-13 16:19:54.924 23813 30394 W FA      : Failed to retrieve Firebase Instance Id
08-13 16:19:54.925  2127  2334 I VRI[test]@118cdad: Relayout returned: old=(0,0,1080,2340) new=(0,0,1080,2340) relayoutAsync=false req=(1080,2340)8 dur=3 res=0x2 s={false 0x0} ch=true seqId=0
08-13 16:19:54.925  2127  2334 D VRI[test]@118cdad: Not drawing due to not visible. Reason=View.GONE
08-13 16:19:54.925  2127  2334 W WindowOnBackDispatcher: sendCancelIfRunning: isInProgress=false callback=android.view.ViewRootImpl$$ExternalSyntheticLambda15@f2197a9
08-13 16:19:54.926  2742  2742 I HoneySpace.WallpaperAnimator: startWallpaperAnimation, isOpen-false, from:1.3, to:1.0, duration:1200
08-13 16:19:54.926  2742  2742 I HoneySpace.WallpaperAnimator: wallpaper animation start [170925526]
08-13 16:19:54.926  2742  2742 I HoneySpace.RectFAnimation: animateToFinalPosition RectF(37.83374, 282.6745, 1042.1663, 2426.23)
08-13 16:19:54.926  2742  2742 I HoneySpace.RectFAnimation: animateToFinalPosition RectF(153.36517, 528.0148, 926.6348, 2081.8467)
08-13 16:19:54.927  2742  4755 I VRI[LauncherActivity]@3489192: mWNT: t=0xb40000760921db50 mBlastBufferQueue=0xb4000075191609b0 fn= 13 HdrRenderState mRenderHdrSdrRatio=1.0 caller= com.android.systemui.shared.launcher.ViewRootImplCompat.mergeWithNextTransaction:4 com.honeyspace.transition.utils.SurfaceTransactionApplier.scheduleApply$lambda$1:26 com.honeyspace.transition.utils.SurfaceTransactionApplier.b:0
08-13 16:19:54.928  2127  2127 I WallpaperService: resized: system, reportDraw=false, forceLayout=false, displayId=0
08-13 16:19:54.928  2127  2127 I VRI[StatusBar]@1c497cd: handleResized, frames=ClientWindowFrames{frame=[0,0][1080,80] display=[0,0][1080,2340] parentFrame=[0,0][0,0]} displayId=0 dragResizing=false compatScale=1.0 frameChanged=false attachedFrameChanged=false configChanged=false displayChanged=false compatScaleChanged=false dragResizingChanged=false
08-13 16:19:54.928  2127  2127 I VRI[NavigationBar0]@9ffebdc: handleResized, frames=ClientWindowFrames{frame=[0,2205][1080,2340] display=[0,0][1080,2340] parentFrame=[0,0][0,0]} displayId=0 dragResizing=false compatScale=1.0 frameChanged=false attachedFrameChanged=false configChanged=false displayChanged=false compatScaleChanged=false dragResizingChanged=false
08-13 16:19:54.928  2127  2127 I LockscreenNotificationIconsOnlyController: onNotificationInfoUpdated 0
08-13 16:19:54.928  2127  2127 I AODNotificationManager: updateNotification()
08-13 16:19:54.929  2127  2436 I WallpaperService: handleResized: which=5, reportDraw=false
08-13 16:19:54.930  2127  2436 I WallpaperService: updateSurface system forceRelayout=true forceReport=false redrawNeeded=false myWidth=-1 myHeight=-1 fixedSize=false x = 0 y = 0 mWidth=-1 mHeight=-1
08-13 16:19:54.930  2742  2742 I VRI[LauncherActivity]@3489192: handleResized, frames=ClientWindowFrames{frame=[0,0][1080,2340] display=[0,0][1080,2340] parentFrame=[0,0][0,0]} displayId=0 dragResizing=false compatScale=1.0 frameChanged=false attachedFrameChanged=false configChanged=false displayChanged=false compatScaleChanged=false dragResizingChanged=false
08-13 16:19:54.930  2127  2436 I WallpaperService: maxBounds : Rect(0, 0 - 1080, 2340) , mDeviceHeight : 2340, mDeviceWidth : 1080,mDeviceRotation  : 0
08-13 16:19:54.930  2127  2436 I WallpaperService: updateSurface: invoke Session.relayout
08-13 16:19:54.930  2742  2742 I HoneySpace.TaskListViewModel: onTaskRemoved : 2229
08-13 16:19:54.930  2742  4754 I VRI[LauncherActivity]@3489192: mWNT: t=0xb400007609166f10 mBlastBufferQueue=0xb4000075191609b0 fn= 14 HdrRenderState mRenderHdrSdrRatio=1.0 caller= com.android.systemui.shared.launcher.ViewRootImplCompat.mergeWithNextTransaction:4 com.honeyspace.transition.utils.SurfaceTransactionApplier.scheduleApply$lambda$1:26 com.honeyspace.transition.utils.SurfaceTransactionApplier.b:0
08-13 16:19:54.930  2742  2742 I HoneySpace.TaskListViewModel: onTaskRemoved : 2229
08-13 16:19:54.930  2742  2742 I HoneySpace.TaskListPot: taskRemoveId, taskId = 2229
08-13 16:19:54.930  2742  2742 I HoneySpace.StackRecentsView: INVALID_TASK_POSITION 2229
08-13 16:19:54.930  2742  2742 I HoneySpace.TaskListViewModel: onTaskRemoved : 2229
08-13 16:19:54.930  2742  2742 I HoneySpace.TaskListViewModel: onTaskRemoved : 2229
08-13 16:19:54.930  2742  2742 I HoneySpace.TaskListPot: taskRemoveId, taskId = 2229
08-13 16:19:54.930  2742  2742 I HoneySpace.StackRecentsView: INVALID_TASK_POSITION 2229
08-13 16:19:54.931  2742  2887 I HoneySpace.TopTaskSource: onTaskRemoved: 2229
08-13 16:19:54.931  2127  2334 I VRI[test]@118cdad: dispatchDetachedFromWindow
08-13 16:19:54.932  2742  2742 I InputMethodManager: startInputInner - IInputMethodManagerGlobalInvoker.startInputOrWindowGainedFocus
08-13 16:19:54.932  1282  4478 D InputTransport: Input channel destroyed: 'b96c9e3', fd=932
08-13 16:19:54.932  1282  4478 W InputManager-JNI: Input channel object 'b96c9e3 Splash Screen com.example.cupcake.test (client)' was disposed without first being removed with the input manager!
08-13 16:19:54.932  1282  4478 D InputTransport: Input channel destroyed: 'b96c9e3', fd=981
08-13 16:19:54.933  5596  5677 W Settings: Setting always_finish_activities has moved from android.provider.Settings.System to android.provider.Settings.Global, returning read-only value.
08-13 16:19:54.933  2742  2742 I HoneySpace.RectFAnimation: animateToFinalPosition RectF(153.36517, 558.1561, 926.6348, 2111.9878)
08-13 16:19:54.933  2742  2742 I HoneySpace.RectFAnimation: animateToFinalPosition RectF(172.83319, 598.982, 907.1668, 2054.6807)
08-13 16:19:54.934  1244  6944 I CameraService: onUidStateChanged: uid=10043, procState is changed. (1 -> 0)
08-13 16:19:54.934  1111  1162 I SurfaceFlinger: id=233772 Removed Task=2229#233772 (189)
08-13 16:19:54.935  2127  2334 D InputTransport: Input channel destroyed: 'b96c9e3', fd=480
08-13 16:19:54.936  1282  1696 I ImeTracker: com.sec.android.app.launcher:756b817a: onRequestHide at ORIGIN_SERVER reason HIDE_UNSPECIFIED_WINDOW fromUser false
08-13 16:19:54.937  1282  1696 I ImeTracker: com.sec.android.app.launcher:756b817a: onCancelled at PHASE_SERVER_SHOULD_HIDE
08-13 16:19:54.937  1282  1696 D InputTransport: Input channel constructed: 'ClientS', fd=981
08-13 16:19:54.938  1282  1696 D InputTransport: Input channel destroyed: 'ClientS', fd=981
08-13 16:19:54.939  1282  1447 I SurfaceControl: apply, lowDebugName=RemoveStartingRevealAnim, caller=android.view.SurfaceControl$Transaction.apply:3122 android.view.SurfaceControl$Transaction.apply:3078 com.android.server.wm.WindowAnimator.animate:380 com.android.server.wm.WindowAnimator$$ExternalSyntheticLambda1.doFrame:14 android.view.Choreographer$CallbackRecord.run:1749 android.view.Choreographer$CallbackRecord.run:1760
08-13 16:19:54.940 23813 30394 W FA      : Failed to retrieve Firebase Instance Id
08-13 16:19:54.940  1282  4402 V WindowManager: Relayout Window{866bb5d u0 com.android.systemui.wallpapers.ImageWallpaper}: viewVisibility=0 req=-1x-1 ty=2013 d0
08-13 16:19:54.941  5596  5596 D InputTransport: Input channel destroyed: 'ClientS', fd=147
08-13 16:19:54.943  2742  2887 I HoneySpace.TopTaskSource: onTaskRemoved: 2229
08-13 16:19:54.945  1062  6158 I HYPER-HAL: [RequestManager.cpp]releaseLocked(): Released ID : 850882
08-13 16:19:54.948  1282  4402 V WindowManager: Relayout hash=866bb5d, pid=2127, syncId=-1: mAttrs={(0,0)(fillxfill) gr=TOP START CENTER layoutInDisplayCutoutMode=always ty=WALLPAPER fmt=RGBX_8888 wanim=0x1030323
08-13 16:19:54.948  1282  4402 V WindowManager:   fl=10318
08-13 16:19:54.948  1282  4402 V WindowManager:   pfl=14
08-13 16:19:54.948  1282  4402 V WindowManager:   bhv=1
08-13 16:19:54.948  1282  4402 V WindowManager:   frameRateBoostOnTouch=true
08-13 16:19:54.948  1282  4402 V WindowManager:   dvrrWindowFrameRateHint=true naviIconColor=0}
08-13 16:19:54.949  2127  2436 I BLASTBufferQueue_Java: update, w= 1080 h= 2340 mName = Wallpaper mNativeObject= 0xb4000075190bd210 sc.mNativeObject= 0xb4000076190b77d0 format= 2 caller= android.service.wallpaper.WallpaperService$Engine.getOrCreateBLASTSurface:2887 android.service.wallpaper.WallpaperService$Engine.updateSurface:1643 android.service.wallpaper.WallpaperService$IWallpaperEngineWrapper.handleResized:3483 android.service.wallpaper.WallpaperService$IWallpaperEngineWrapper.executeMessage:3402 com.android.internal.os.HandlerCaller$MyHandler.handleMessage:44 android.os.Handler.dispatchMessage:107
08-13 16:19:54.949  2127  2436 I BLASTBufferQueue: [Wallpaper#1](f:0,a:1,s:0) update width=1080 height=2340 format=2 mTransformHint=0
08-13 16:19:54.952  1111  1111 I SurfaceFlinger: SFWD update time=308425537668662
08-13 16:19:54.952  1111  1111 I SurfaceFlinger: Layer [Splash Screen com.example.cupcake.test$_2127#233749] hidden!! flag(1)
08-13 16:19:54.952  1111  1111 I SurfaceFlinger: destroyed Task=2229#233772
08-13 16:19:54.952  1111  1111 I SurfaceFlinger: destroyed ActivityRecord{d80f800 u0 com.example.cupcake/androidx.activity.ComponentActivity t2229}#233734
08-13 16:19:54.952  1111  1111 I SurfaceFlinger: destroyed edbd132 ActivityRecordInputSink com.example.cupcake/androidx.activity.ComponentActivity#233742
08-13 16:19:54.952  1111  1111 I SurfaceFlinger: [LayerHierarchy{RequestedLayerState{Surface(name=4243179 com.example.cupcake.test/androidx.test.core.app.InstrumentationActivityInvoker$EmptyActivity)/@0x4a77faf - animation-leash of starting_reveal#233769} 1 children}] reparent to OffscreenRoot
08-13 16:19:54.952  1111  1111 I SurfaceFlinger: [LayerHierarchy{RequestedLayerState{Surface(name=4243179 com.example.cupcake.test/androidx.test.core.app.InstrumentationActivityInvoker$EmptyActivity)/@0x4a77faf - animation-leash of starting_reveal#233769} 1 children}] RelativeParent to null
08-13 16:19:54.952  1111  1111 I SurfaceFlinger: [LayerHierarchy{RequestedLayerState{b96c9e3 Splash Screen com.example.cupcake.test#233748 z=2147483647} 1 children}] reparent to OffscreenRoot
08-13 16:19:54.952  1111  1111 I SurfaceFlinger: [LayerHierarchy{RequestedLayerState{b96c9e3 Splash Screen com.example.cupcake.test#233748 z=2147483647} 1 children}] RelativeParent to null
08-13 16:19:54.952  1111  1111 I SurfaceFlinger: [LayerHierarchy{RequestedLayerState{Splash Screen com.example.cupcake.test$_2127#233749} no children}] reparent to OffscreenRoot
08-13 16:19:54.952  1111  1111 I SurfaceFlinger: [LayerHierarchy{RequestedLayerState{Splash Screen com.example.cupcake.test$_2127#233749} no children}] RelativeParent to null
08-13 16:19:54.952  1111  1111 I SurfaceFlinger: [LayerHierarchy{RequestedLayerState{4243179 com.example.cupcake.test/androidx.test.core.app.InstrumentationActivityInvoker$EmptyActivity#233750 parentId=233747} 1 children}] reparent to LayerHierarchy{RequestedLayerState{ActivityRecord{b7d32e5 u0 com.example.cupcake.test/androidx.test.core.app.InstrumentationActivityInvoker$EmptyActivity t2230}#233747 parentId=233746} 2 children}
08-13 16:19:54.954  1111  1111 I Layer   : id=233742 Destroyed edbd132 ActivityRecordInputSink com.example.cupcake/androidx.activity.ComponentActivity#233742
08-13 16:19:54.954  1111  1111 I Layer   : id=233734 Destroyed ActivityRecord{d80f800 u0 com.example.cupcake/androidx.activity.ComponentActivity t2229}#233734
08-13 16:19:54.954  1111  1111 I Layer   : id=233772 Destroyed Task=2229#233772
08-13 16:19:54.956  4917  4917 I HBD     : HoneyBoardService onFinishInput
08-13 16:19:54.956  4917  4917 I HBD     : a IC have been unbinding,  RemoteInputConnection{idHash=#3d2b2e6}
08-13 16:19:54.956  4917  4917 I HBD     : HoneyBoardService [PF_CL][onFinishInput]  0 ms
08-13 16:19:54.957  2742  2742 I HoneySpace.RectFAnimation: animateToFinalPosition RectF(172.83319, 703.7043, 907.1668, 2159.403)
08-13 16:19:54.957  4917  4917 I HBD     : HoneyBoardService [IMI] onStartInput - caller pid : 2742 , caller uid : 10132
08-13 16:19:54.957  4917  4917 I HBD     : t updateConfigs
08-13 16:19:54.957  4917  4917 I HBD     : t isEnabledNightMode : true
08-13 16:19:54.957  2742  2742 I HoneySpace.RectFAnimation: animateToFinalPosition RectF(235.43387, 832.7272, 844.56616, 1978.2938)
08-13 16:19:54.957  4917  4917 I HBD     : a IC have been binding, RemoteInputConnection{idHash=#71c7027}
08-13 16:19:54.957  4917  4917 I HBD     : g [EditorInputType]setPrivateImeOptionsToTable privateImeOptions ( null )
08-13 16:19:54.957  4917  4917 I HBD     : b incognitoMode : false
08-13 16:19:54.957  2742 28910 I HoneySpace.HistoryViewModel@160600677@OneUI: Illegal access. Unknown type. skip load history items
08-13 16:19:54.957  4917  4917 I HBD     : b needOff = true , isForceOff = false, isNullInputClass : true
08-13 16:19:54.958  4917  4917 I HBD     : g getDefaultInputRange : UNKNOWN
08-13 16:19:54.958  4917  4917 I HBD     : g getDefaultInputRange : UNKNOWN
08-13 16:19:54.958  4917  4917 I HBD     : g getDefaultInputRange : UNKNOWN
08-13 16:19:54.958  2742  4755 I VRI[LauncherActivity]@3489192: mWNT: t=0xb400007609137cd0 mBlastBufferQueue=0xb4000075191609b0 fn= 15 HdrRenderState mRenderHdrSdrRatio=1.0 caller= com.android.systemui.shared.launcher.ViewRootImplCompat.mergeWithNextTransaction:4 com.honeyspace.transition.utils.SurfaceTransactionApplier.scheduleApply$lambda$1:26 com.honeyspace.transition.utils.SurfaceTransactionApplier.b:0
08-13 16:19:54.959  2127  2127 D SystemUIService: SYSUI_RAM_OPTIMIZATION onTrimMemory=20
08-13 16:19:54.959  2127  2127 D CentralSurfaces: SYSUI_RAM_OPTIMIZATION onTrimMemory=20
08-13 16:19:54.963  4917  4917 I HBD     : b needOff = true , isForceOff = false, isNullInputClass : true
08-13 16:19:54.963  4917  4917 I HBD     : b update cached prediction status : false
08-13 16:19:54.963  2742  4754 I VRI[LauncherActivity]@3489192: mWNT: t=0xb400007609307c50 mBlastBufferQueue=0xb4000075191609b0 fn= 16 HdrRenderState mRenderHdrSdrRatio=1.0 caller= com.android.systemui.shared.launcher.ViewRootImplCompat.mergeWithNextTransaction:4 com.honeyspace.transition.utils.SurfaceTransactionApplier.scheduleApply$lambda$1:26 com.honeyspace.transition.utils.SurfaceTransactionApplier.b:0
08-13 16:19:54.963  4917  4917 I HBD     : g getDefaultInputRange : UNKNOWN
08-13 16:19:54.963  4917  4917 I HBD     : a currentState : 0
08-13 16:19:54.963  4917  4917 I HBD     : a [UpdatePolicy] [post] a: 0 cl: 4325376 kit: [0/26] vt: 0 ir: 1
08-13 16:19:54.965  1111  1162 I SurfaceFlinger: id=233773 createSurf, flag=24004, Surface(name=39a4c69 InputMethod)/@0x97414dd - animation-leash of insets_animation#233773
08-13 16:19:54.967 23813 30394 W FA      : Failed to retrieve Firebase Instance Id
08-13 16:19:54.967  4917  4917 I HBD     : a [NRIC] resetNoResponseState
08-13 16:19:54.967  4917  4917 I HBD     : b needOff = true , isForceOff = false, isNullInputClass : true
08-13 16:19:54.967  4917  4917 I HBD     : b update cached prediction status : false
08-13 16:19:54.967  4917  4917 I HBD     : c [AiWriter] setContact : com.sec.android.app.launcher
08-13 16:19:54.967  4917  4917 I HBD     : a [AiWriter] setContact : com.sec.android.app.launcher
08-13 16:19:54.968  2127  2390 D HWUI    : CacheManager::trimMemory(20)
08-13 16:19:54.968  4917  4917 I HBD     : b needOff = true , isForceOff = false, isNullInputClass : true
08-13 16:19:54.968  4917  4917 I HBD     : b getTBC , flag: 1 , start: 0 , end: 0 , length: 0 , composingLength: 0 , isKCC: false
08-13 16:19:54.969  2742  2742 I HoneySpace.RectFAnimation: animateToFinalPosition RectF(235.43387, 884.06104, 844.56616, 2029.6277)
08-13 16:19:54.969  2742  2742 I HoneySpace.RectFAnimation: animateToFinalPosition RectF(263.52106, 941.0959, 816.47894, 1949.5679)
08-13 16:19:54.969  1111  1111 D SurfaceFlinger: Display 4633128672291735932 HWC layers:
08-13 16:19:54.969  1111  1111 D SurfaceFlinger:        DEVICE |   0xb4000079e28c6110 | 0000 | RGBA_8888    |  113.0  245.0  967.0 2095.0 |    0    0 1080 2340 | Wallpaper BBQ wrapper 5_system#82 (19)
08-13 16:19:54.969  1111  1111 D SurfaceFlinger:        DEVICE |   0xb4000079e28a0a90 | 0001 | RGBA_8888    |    0.0    0.0 1080.0 2340.0 |    0    0 1080 2340 | com.sec.android.app.launcher/com.sec[...]vities.LauncherActivity$_2742#233763 (13)
08-13 16:19:54.969  1111  1111 D SurfaceFlinger:        CLIENT |   0xb4000079e292f2d0 | 0001 | RGBA_8888    |    0.0    6.0 1076.0 2336.0 |    3   11 1077 2335 | com.example.cupcake.test/androidx.te[...]tyInvoker$EmptyActivity$_5736#233758 (1)
08-13 16:19:54.969  1111  1111 D SurfaceFlinger:        DEVICE |   0xb4000079e28c9c90 | 0001 | RGBA_8888    |    0.0    0.0 1080.0   80.0 |    0    0 1080   80 | StatusBar$_2127#106 (79511)
08-13 16:19:54.969  1111  1111 D SurfaceFlinger:        DEVICE |   0xb4000079e293aa90 | 0001 | RGBA_8888    |    0.0    0.0 1080.0  135.0 |    0 2205 1080 2340 | NavigationBar0$_2127#101 (129893)
08-13 16:19:54.969  1111  1111 D SurfaceFlinger:        DEVICE |   0xb4000079e28ad3d0 | 0001 | RGBA_8888    |    0.0  249.0 1034.0  827.0 |   46    0 1080  578 | $_4855#233489 (389)
08-13 16:19:54.969  1111  1111 D SurfaceFlinger:
08-13 16:19:54.971  1111  1111 I SurfaceFlinger: [Surface(name=39a4c69 InputMethod)/@0x97414dd - animation-leash of insets_animation#233773] attach to parent LayerHierarchy{RequestedLayerState{WindowToken{72c0868 type=2011 android.os.Binder@fb66f8b}#121 parentId=16} 2 children}
08-13 16:19:54.972  1111  1111 I SurfaceFlinger: id=233749 Removed Splash Screen com.example.cupcake.test$_2127#233749 (187)
08-13 16:19:54.978  2742  2742 I HoneySpace.RectFAnimation: animateToFinalPosition RectF(263.52106, 978.507, 816.47894, 1986.979)
08-13 16:19:54.979  2742  2742 I HoneySpace.RectFAnimation: animateToFinalPosition RectF(282.993, 1018.0474, 797.00696, 1931.4763)
08-13 16:19:54.979  2742  4755 I VRI[LauncherActivity]@3489192: mWNT: t=0xb4000076091c0f50 mBlastBufferQueue=0xb4000075191609b0 fn= 17 HdrRenderState mRenderHdrSdrRatio=1.0 caller= com.android.systemui.shared.launcher.ViewRootImplCompat.mergeWithNextTransaction:4 com.honeyspace.transition.utils.SurfaceTransactionApplier.scheduleApply$lambda$1:26 com.honeyspace.transition.utils.SurfaceTransactionApplier.b:0
08-13 16:19:54.980  1282  3179 V GrammaticalInflectionUtils: AttributionSource: AttributionSource { uid = 10418, packageName = null, attributionTag = null, token = android.os.Binder@88f1d92, deviceId = 0, next = null } does not have READ_SYSTEM_GRAMMATICAL_GENDER permission.
08-13 16:19:54.984  1111  1162 I SurfaceFlinger: id=233774 createSurf, flag=24004, Task=2231#233774
08-13 16:19:54.984 23813 30394 W FA      : Failed to retrieve Firebase Instance Id
08-13 16:19:54.984  1282  2936 I SemDvfsHyPerManager: acquire hyper - AMS_APP_SWITCH/1282@26, type = -999
08-13 16:19:54.985  1062  1149 I HYPER-HAL: [RequestManager.cpp]acquire(): Acquired ID : 856112  [1282 / 26]    HINT : AMS_APP_SWITCH    list :
08-13 16:19:54.985  6225  4427 I NetworkScheduler: (REDACTED) Error inserting %s
08-13 16:19:54.988  1111  1111 I SurfaceFlinger: destroyed Splash Screen com.example.cupcake.test$_2127#233749
08-13 16:19:54.987  1111  1162 I SurfaceFlinger: id=233775 createSurf, flag=84004, ActivityRecord{cba1084 u0 com.example.cupcake/androidx.activity.ComponentActivity t2231}#233775
08-13 16:19:54.988  1111  1111 I SurfaceFlinger: [ActivityRecord{cba1084 u0 com.example.cupcake/androidx.activity.ComponentActivity t2231}#233775] attach to parent LayerHierarchy{RequestedLayerState{Task=2231#233774 parentId=11} 1 children}
08-13 16:19:54.988  1111  1111 I SurfaceFlinger: [Task=2231#233774] attach to parent LayerHierarchy{RequestedLayerState{DefaultTaskDisplayArea_d0#11 parentId=10} 8 children}
08-13 16:19:54.989  4368  4368 I SemDvfsHyPerManager: acquire hyper - APP_START_SHORT/4368@14, type = -999
08-13 16:19:54.989  1111  1111 I Layer   : id=233749 Destroyed Splash Screen com.example.cupcake.test$_2127#233749
08-13 16:19:54.989  1062  1149 I HYPER-HAL: [RequestManager.cpp]acquire(): Acquired ID : 9603167  [4368 / 14]    HINT : APP_START    list : [TIMEOUT / 1500]
08-13 16:19:54.996  2742  4754 I VRI[LauncherActivity]@3489192: mWNT: t=0xb40000760911c210 mBlastBufferQueue=0xb4000075191609b0 fn= 18 HdrRenderState mRenderHdrSdrRatio=1.0 caller= com.android.systemui.shared.launcher.ViewRootImplCompat.mergeWithNextTransaction:4 com.honeyspace.transition.utils.SurfaceTransactionApplier.scheduleApply$lambda$1:26 com.honeyspace.transition.utils.SurfaceTransactionApplier.b:0
08-13 16:19:54.996  2742  2742 I HoneySpace.RectFAnimation: animateToFinalPosition RectF(282.993, 1089.0881, 797.00696, 2002.5168)
08-13 16:19:54.997  2742  2742 I HoneySpace.RectFAnimation: animateToFinalPosition RectF(317.75763, 1158.407, 762.2424, 1905.2142)
08-13 16:19:54.999  4917  4917 I HBD     : a [PF_KL][HBIC] getTextBeforeCursor t, 31
08-13 16:19:54.999  4917  4917 I HBD     : E EBD si S 0
08-13 16:19:55.000  4917  4917 I HBD     : m updateContactDBLanguage : 4325376
08-13 16:19:55.000  4917  4917 I HBD     : g isCoverDisplay : false, cached selected json info : SelectedLanguageInfo(languageVersion=4.1, currentLanguageOrder=0, selectedLanguageList=[SelectedLanguage(id=4325376, isUsed=true, engName=Turkish, inputType=turkish_qwerty, activeOptionList=[auto_replace, auto_spacing], bilingualId=-1, isUsedBilingual=false)])
08-13 16:19:55.000  4917  4917 I HBD     : g updateSelectedLanguageCache is succeeded. Turkish
08-13 16:19:55.001  4917  4917 I HBD     : h writeToFile path : /data/user/0/com.samsung.android.honeyboard/files/selected.json
08-13 16:19:55.001  4917  4917 I HBD     : h writeToFile json : {"version":"4.1","currentLanguageOrder":0,"selected":[{"activeOptionList":["auto_replace","auto_spacing"],"bilingualId":-1,"engName":"Turkish","id":4325376,"inputType":"turkish_qwerty","isUsed":true,"isUsedBilingual":false}]}
08-13 16:19:55.005 23813 30394 W FA      : Failed to retrieve Firebase Instance Id
08-13 16:19:55.005  4917  4917 I HBD     : h writeToFile complete
08-13 16:19:55.005  2742  2742 I HoneySpace.RectFAnimation: animateToFinalPosition RectF(317.75763, 1195.3136, 762.2424, 1942.1208)
08-13 16:19:55.005  2742  2742 I HoneySpace.RectFAnimation: animateToFinalPosition RectF(334.71106, 1228.6759, 745.28894, 1895.29)
08-13 16:19:55.006  4917  6164 I HBD     : h Write selected lang for DE
08-13 16:19:55.006  4917  4917 I HBD     : g isCoverDisplay : false, cached selected json info : SelectedLanguageInfo(languageVersion=4.1, currentLanguageOrder=0, selectedLanguageList=[SelectedLanguage(id=4325376, isUsed=true, engName=Turkish, inputType=turkish_qwerty, activeOptionList=[auto_replace, auto_spacing], bilingualId=-1, isUsedBilingual=false)])
08-13 16:19:55.006  4917  6164 I HBD     : h writeToFile path : /data/user_de/0/com.samsung.android.honeyboard/files/selected.json
08-13 16:19:55.006  4917  6164 I HBD     : h writeToFile json : {"version":"4.1","currentLanguageOrder":0,"selected":[{"activeOptionList":["auto_replace","auto_spacing"],"bilingualId":-1,"engName":"Turkish","id":4325376,"inputType":"turkish_qwerty","isUsed":true,"isUsedBilingual":false}]}
08-13 16:19:55.006  4917  4917 I HBD     : p updateActionOptionFromPreference
08-13 16:19:55.007  4917  4917 I HBD     : p before lang.activeOptionList =  [Ljava.lang.String;@ff6a2f
08-13 16:19:55.007  4917  4917 I HBD     : p after lang.activeOptionList = [Ljava.lang.String;@ab8c7d
08-13 16:19:55.007  4917  4917 I HBD     : h writeToFile path : /data/user/0/com.samsung.android.honeyboard/files/selected.json
08-13 16:19:55.007  4917  4917 I HBD     : h writeToFile json : {"version":"4.1","currentLanguageOrder":0,"selected":[{"activeOptionList":["auto_replace","auto_spacing"],"bilingualId":-1,"engName":"Turkish","id":4325376,"inputType":"turkish_qwerty","isUsed":true,"isUsedBilingual":false}]}
08-13 16:19:55.008  1282  3179 I SemDvfsHyPerManager: acquire hyper - AMS_APP_LAUNCH/1282@21, type = -999
08-13 16:19:55.009  1062  1149 I HYPER-HAL: [RequestManager.cpp]acquire(): Acquired ID : 849577  [1282 / 21]    HINT : AMS_APP_LAUNCH    list :
08-13 16:19:55.011  2742  4755 I VRI[LauncherActivity]@3489192: mWNT: t=0xb400007609176b10 mBlastBufferQueue=0xb4000075191609b0 fn= 19 HdrRenderState mRenderHdrSdrRatio=1.0 caller= com.android.systemui.shared.launcher.ViewRootImplCompat.mergeWithNextTransaction:4 com.honeyspace.transition.utils.SurfaceTransactionApplier.scheduleApply$lambda$1:26 com.honeyspace.transition.utils.SurfaceTransactionApplier.b:0
08-13 16:19:55.011  4917  4917 I HBD     : h writeToFile complete
08-13 16:19:55.013  2127  2334 I ViewRootImpl: dVRR is disabled
08-13 16:19:55.013  4917  4917 I HBD     : n normal : updateLanguage : Turkish
08-13 16:19:55.013  4917  6165 I HBD     : h Write selected lang for DE
08-13 16:19:55.013  4917  6165 I HBD     : h writeToFile path : /data/user_de/0/com.samsung.android.honeyboard/files/selected.json
08-13 16:19:55.013  4917  6165 I HBD     : h writeToFile json : {"version":"4.1","currentLanguageOrder":0,"selected":[{"activeOptionList":["auto_replace","auto_spacing"],"bilingualId":-1,"engName":"Turkish","id":4325376,"inputType":"turkish_qwerty","isUsed":true,"isUsedBilingual":false}]}
08-13 16:19:55.014  4917  4917 I HBD     : g isCoverDisplay : false, cached selected json info : SelectedLanguageInfo(languageVersion=4.1, currentLanguageOrder=0, selectedLanguageList=[SelectedLanguage(id=4325376, isUsed=true, engName=Turkish, inputType=turkish_qwerty, activeOptionList=[auto_replace, auto_spacing], bilingualId=-1, isUsedBilingual=false)])
08-13 16:19:55.014  4917  4917 I HBD     : g isCoverDisplay : false, cached selected json info : SelectedLanguageInfo(languageVersion=4.1, currentLanguageOrder=0, selectedLanguageList=[SelectedLanguage(id=4325376, isUsed=true, engName=Turkish, inputType=turkish_qwerty, activeOptionList=[auto_replace, auto_spacing], bilingualId=-1, isUsedBilingual=false)])
08-13 16:19:55.014  4917  4917 I HBD     : p updateActionOptionFromPreference
08-13 16:19:55.014  4917  4917 I HBD     : p before lang.activeOptionList =  [Ljava.lang.String;@ab8c7d
08-13 16:19:55.014  4917  4917 I HBD     : p after lang.activeOptionList = [Ljava.lang.String;@4834840
08-13 16:19:55.015  4368  4368 I SemDvfsHyPerManager: acquire hyper - APP_START/4368@16, type = -999
08-13 16:19:55.015  4917  4917 I HBD     : h writeToFile path : /data/user/0/com.samsung.android.honeyboard/files/selected.json
08-13 16:19:55.015  4917  4917 I HBD     : h writeToFile json : {"version":"4.1","currentLanguageOrder":0,"selected":[{"activeOptionList":["auto_replace","auto_spacing"],"bilingualId":-1,"engName":"Turkish","id":4325376,"inputType":"turkish_qwerty","isUsed":true,"isUsedBilingual":false}]}
08-13 16:19:55.015  3157  3157 E pageboostd: Received HALT command code 2
08-13 16:19:55.016  2127  2390 D NativeCustomFrequencyManager: [NativeCFMS] BpCustomFrequencyManager::BpCustomFrequencyManager()
08-13 16:19:55.016  4917  6164 I HBD     : h writeToFile complete
08-13 16:19:55.016  1062  1149 I HYPER-HAL: [RequestManager.cpp]acquire(): Acquired ID : 9611936  [4368 / 16]    HINT : APP_START    list :
08-13 16:19:55.017  1282  4371 D InputTransport: Input channel constructed: '370ec1c', fd=981
08-13 16:19:55.017  1282  4371 D InputTransport: Input channel constructed: '370ec1c', fd=1007
08-13 16:19:55.017  1282  4371 D InputTransport: Input channel constructed: '370ec1c', fd=1018
08-13 16:19:55.018  4917  4917 I HBD     : h writeToFile complete
08-13 16:19:55.018  4917  6165 I HBD     : h writeToFile complete
08-13 16:19:55.018  1111  1223 I SurfaceFlinger: id=233776 createSurf, flag=84004, 370ec1c Splash Screen com.example.cupcake#233776
08-13 16:19:55.020  1282  4371 D InputTransport: Input channel destroyed: '370ec1c', fd=1018
08-13 16:19:55.020  1111  1111 I SurfaceFlinger: [370ec1c Splash Screen com.example.cupcake#233776] attach to parent LayerHierarchy{RequestedLayerState{ActivityRecord{cba1084 u0 com.example.cupcake/androidx.activity.ComponentActivity t2231}#233775 parentId=233774} 1 children}
08-13 16:19:55.020  4917  4917 I HBD     : n normal : updateLanguage : Turkish
08-13 16:19:55.021  4917  4917 I HBD     : g isCoverDisplay : false, cached selected json info : SelectedLanguageInfo(languageVersion=4.1, currentLanguageOrder=0, selectedLanguageList=[SelectedLanguage(id=4325376, isUsed=true, engName=Turkish, inputType=turkish_qwerty, activeOptionList=[auto_replace, auto_spacing], bilingualId=-1, isUsedBilingual=false)])
08-13 16:19:55.021  4917  4917 I HBD     : g isCoverDisplay : false, cached selected json info : SelectedLanguageInfo(languageVersion=4.1, currentLanguageOrder=0, selectedLanguageList=[SelectedLanguage(id=4325376, isUsed=true, engName=Turkish, inputType=turkish_qwerty, activeOptionList=[auto_replace, auto_spacing], bilingualId=-1, isUsedBilingual=false)])
08-13 16:19:55.021  4917  4917 I HBD     : g updateSelectedLanguageCache is succeeded. Turkish
08-13 16:19:55.021  1244  6944 I CameraService: onUidStateChanged: uid=10043, procState is changed. (0 -> 1)
08-13 16:19:55.021  4917  4917 I HBD     : h writeToFile path : /data/user/0/com.samsung.android.honeyboard/files/selected.json
08-13 16:19:55.021  4917  4917 I HBD     : h writeToFile json : {"version":"4.1","currentLanguageOrder":0,"selected":[{"activeOptionList":["auto_replace","auto_spacing"],"bilingualId":-1,"engName":"Turkish","id":4325376,"inputType":"turkish_qwerty","isUsed":true,"isUsedBilingual":false}]}
08-13 16:19:55.022  4917  6166 I HBD     : h Write selected lang for DE
08-13 16:19:55.022  4917  6166 I HBD     : h writeToFile path : /data/user_de/0/com.samsung.android.honeyboard/files/selected.json
08-13 16:19:55.022  4917  6166 I HBD     : h writeToFile json : {"version":"4.1","currentLanguageOrder":0,"selected":[{"activeOptionList":["auto_replace","auto_spacing"],"bilingualId":-1,"engName":"Turkish","id":4325376,"inputType":"turkish_qwerty","isUsed":true,"isUsedBilingual":false}]}
08-13 16:19:55.022  2127  2334 D InputTransport: Input channel constructed: '370ec1c', fd=480
08-13 16:19:55.022  4917  4917 I HBD     : h writeToFile complete
08-13 16:19:55.022  2127  2334 I InsetsController: onStateChanged: host=Splash Screen com.example.cupcake, from=android.view.ViewRootImpl.setView:1999, state=InsetsState: {mDisplayFrame=Rect(0, 0 - 1080, 2340), mDisplayCutout=DisplayCutout{insets=Rect(0, 80 - 0, 0) waterfall=Insets{left=0, top=0, right=0, bottom=0} boundingRect={Bounds=[Rect(0, 0 - 0, 0), Rect(511, 0 - 569, 80), Rect(0, 0 - 0, 0), Rect(0, 0 - 0, 0)]} cutoutPathParserInfo={CutoutPathParserInfo{displayWidth=1080 displayHeight=2340 physicalDisplayWidth=1080 physicalDisplayHeight=2340 density={2.8125} cutoutSpec={M 0,0 M 0,7.822222222222222‬‬ a 10.31111111111111‬,10.31111111111111‬ 0 1,0 0,20.62222222222222‬ a 10.31111111111111‬,10.31111111111111‬ 0 1,0 0,-20.62222222222222‬ Z @dp} rotation={0} scale={1.0} physicalPixelDisplaySizeRatio={1.0}}} sideOverrides={}}, mRoundedCorners=RoundedCorners{[RoundedCorner{position=TopLeft, radius=113, center=Point(113, 113)}, RoundedCorner{position=TopRight, radius=113, center=Point(967, 113)}, RoundedCorner{position=BottomRight, radius=113, center=Point(967, 2227)}, RoundedCorner{position=BottomLeft, radius=113, center=Point(113, 2227)}]}  mRoundedCornerFrame=Rect(0, 0 - 1080, 2340), mPrivacyIndicatorBounds=PrivacyIndicatorBounds {static bounds=Rect(956, 0 - 1080, 80) rotation=0}, mDisplayShape=DisplayShape{ spec=-311912193 displayWidth=1080 displayHeight=2340 physicalPixelDisplaySizeRatio=1.0 rotation=0 offsetX=0 offsetY=0 scale=1.0}, mSources= { InsetsSource: {b9640000 mType=statusBars mFrame=[0,0][1080,80] mVisible=true mFlags= mSideHint=TOP mBoundingRects=null}, InsetsSource: {b9640005 mType=mandatorySystemGestures mFrame=[0,0][1080,114] mVisible=true mFlags= mSideHint=TOP mBoundingRects=null}, InsetsSource: {b9640006 mType=tappableElement mFrame=[0,0][1080,80] mVisible=true mFlags= mSideHint=TOP mBoundingRects=null}, InsetsSource: {d8440001 mType=navigationBars mFrame=[0,2298][1080,2340] mVisible=true mFlags=SUPPRESS_SCRIM mSideHint=BOTTOM mBoundingRects=null}, InsetsSource: {d8440004 mType=systemGestures mFrame=[0,0][63,2340] mVisible=true mFlags= mSideHint=LEFT mBoundingRects=null}, InsetsSource: {d8440005 mType=mandatorySystemGestures mFrame=[0,2250][1080,2340] mVisible=true mFlags= mSideHint=BOTTOM mBoundingRects=null}, InsetsSource: {d8440006 mType=tappableElement mFrame=[0,0][0,0] mVisible=true mFlags= mSideHint=NONE mBoundingRects=null}, InsetsSource: {d8440024 mType=systemGestures mFrame=[1017,0][1080,2340] mVisible=true mFlags= mSideHint=RIGHT mBoundingRects=null}, InsetsSource: {27 mType=displayCutout mFrame=[0,0][1080,80] mVisible=true mFlags= mSideHint=TOP mBoundingRects=null} }
08-13 16:19:55.022  2127  2334 I VRI[cupcake]@3156a0d: synced displayState. AttachInfo displayState=2
08-13 16:19:55.023  4917  4917 I HBD     : g isCoverDisplay : false, cached selected json info : SelectedLanguageInfo(languageVersion=4.1, currentLanguageOrder=0, selectedLanguageList=[SelectedLanguage(id=4325376, isUsed=true, engName=Turkish, inputType=turkish_qwerty, activeOptionList=[auto_replace, auto_spacing], bilingualId=-1, isUsedBilingual=false)])
08-13 16:19:55.023  4917  4917 I HBD     : g updateSelectedLanguageCache is succeeded. Turkish
08-13 16:19:55.024  2742  2742 I HoneySpace.RectFAnimation: animateToFinalPosition RectF(334.71106, 1289.9629, 745.28894, 1956.577)
08-13 16:19:55.024  4917  4917 I HBD     : h writeToFile path : /data/user/0/com.samsung.android.honeyboard/files/selected.json
08-13 16:19:55.024  4917  4917 I HBD     : h writeToFile json : {"version":"4.1","currentLanguageOrder":0,"selected":[{"activeOptionList":["auto_replace","auto_spacing"],"bilingualId":-1,"engName":"Turkish","id":4325376,"inputType":"turkish_qwerty","isUsed":true,"isUsedBilingual":false}]}
08-13 16:19:55.024  2742  2742 I HoneySpace.RectFAnimation: animateToFinalPosition RectF(361.23492, 1340.6274, 718.7651, 1885.4595)
08-13 16:19:55.025  4917  6167 I HBD     : h Write selected lang for DE
08-13 16:19:55.025  4917  6167 I HBD     : h writeToFile path : /data/user_de/0/com.samsung.android.honeyboard/files/selected.json
08-13 16:19:55.025  4917  6167 I HBD     : h writeToFile json : {"version":"4.1","currentLanguageOrder":0,"selected":[{"activeOptionList":["auto_replace","auto_spacing"],"bilingualId":-1,"engName":"Turkish","id":4325376,"inputType":"turkish_qwerty","isUsed":true,"isUsedBilingual":false}]}
08-13 16:19:55.025  2742  4754 I VRI[LauncherActivity]@3489192: mWNT: t=0xb4000076091225d0 mBlastBufferQueue=0xb4000075191609b0 fn= 20 HdrRenderState mRenderHdrSdrRatio=1.0 caller= com.android.systemui.shared.launcher.ViewRootImplCompat.mergeWithNextTransaction:4 com.honeyspace.transition.utils.SurfaceTransactionApplier.scheduleApply$lambda$1:26 com.honeyspace.transition.utils.SurfaceTransactionApplier.b:0
08-13 16:19:55.026  4917  4917 I HBD     : h writeToFile complete
08-13 16:19:55.027  4917  6168 I HBD     : h Write selected lang for DE
08-13 16:19:55.027  4917  6168 I HBD     : h writeToFile path : /data/user_de/0/com.samsung.android.honeyboard/files/selected.json
08-13 16:19:55.027  4917  6168 I HBD     : h writeToFile json : {"version":"4.1","currentLanguageOrder":0,"selected":[{"activeOptionList":["auto_replace","auto_spacing"],"bilingualId":-1,"engName":"Turkish","id":4325376,"inputType":"turkish_qwerty","isUsed":true,"isUsedBilingual":false}]}
08-13 16:19:55.028  4917  4917 I HBD     : a [UpdatePolicy] [post] a: 31 cl: 4325376 kit: [0/26] vt: 0 ir: 1
08-13 16:19:55.028  1282  3681 D SecContentProvider: query(), uri = 17 selection = isSettingsChangesAllowed
08-13 16:19:55.028  4917  6167 I HBD     : h writeToFile complete
08-13 16:19:55.028  4917  4917 I HBD     : HoneyBoardService [PF_OP][onStartInput]  71 ms
08-13 16:19:55.032  1111  1111 I SurfaceFlinger: [LayerHierarchy{RequestedLayerState{ImeContainer#16 parentId=123 relativeParentId=124 z=1} 1 children}] reparent to LayerHierarchy{RequestedLayerState{ActivityRecord{b3168b5 u0 com.sec.android.app.launcher/.activities.LauncherActivity t6}#123 parentId=122} 3 children}
08-13 16:19:55.032  1111  1111 I SurfaceFlinger: [LayerHierarchy{RequestedLayerState{ImeContainer#16 parentId=123 relativeParentId=124 z=1} 1 children}] RelativeParent to LayerHierarchy{RequestedLayerState{c2c214a com.sec.android.app.launcher/com.sec.android.app.launcher.activities.LauncherActivity#124 parentId=123} 2 children}
08-13 16:19:55.032  1111  1111 I SurfaceFlinger: [LayerHierarchy{RequestedLayerState{39a4c69 InputMethod#135 parentId=233773} no children}] reparent to LayerHierarchy{RequestedLayerState{Surface(name=39a4c69 InputMethod)/@0x97414dd - animation-leash of insets_animation#233773 parentId=121} 1 children}
08-13 16:19:55.032  1111  1111 I SurfaceFlinger: [LayerHierarchy{RequestedLayerState{Surface(name=39a4c69 InputMethod)/@0x97414dd - animation-leash of insets_animation#233771} no children}] reparent to OffscreenRoot
08-13 16:19:55.032  1111  1111 I SurfaceFlinger: [LayerHierarchy{RequestedLayerState{Surface(name=39a4c69 InputMethod)/@0x97414dd - animation-leash of insets_animation#233771} no children}] RelativeParent to null
08-13 16:19:55.033  4917  6166 I HBD     : h writeToFile complete
08-13 16:19:55.033  1282  3084 D SecContentProvider: query(), uri = 17 selection = isSettingsChangesAllowed
08-13 16:19:55.035  1111  1111 I BpBinder: onLastStrongRef automatically unlinking death recipients:
08-13 16:19:55.035  1111  1111 I SurfaceFlinger: id=233771 Removed Surface(name=39a4c69 InputMethod)/@0x97414dd - animation-leash of insets_animation#233771 (189)
08-13 16:19:55.035  4917 27871 I HBD     : p updated Sub Types. Turkish
08-13 16:19:55.036  1282  1615 D SecContentProvider: query(), uri = 17 selection = isSettingsChangesAllowed
08-13 16:19:55.036  4917   921 I HBD     : h [SKE_SPECIFIC] specific model[com.sec.android.app.launcher] loaded, 5178807 ns
08-13 16:19:55.037  1282  1615 D SecContentProvider: query(), uri = 17 selection = isSettingsChangesAllowed
08-13 16:19:55.038  4917 27939 I HBD     : p updated Sub Types. Turkish
08-13 16:19:55.038  2742  2742 I HoneySpace.CapturedBlurManager: capturedBlurView: pause(25347631)
08-13 16:19:55.038  2742  2742 I HoneySpace.Launcher: !@Boot_EBS_D: Launcher.onPause()
08-13 16:19:55.038  2742  2742 I HoneySpace.Launcher: updateLauncherShowing true -> false
08-13 16:19:55.039  4917  6172 I HBD     : a InputMethodSubtype is set as local:tr
08-13 16:19:55.042  2742  1821 I HoneySpace.SPayHandler: updateSpayHandler launcher activity is paused false
08-13 16:19:55.042  2742  4755 I VRI[LauncherActivity]@3489192: mWNT: t=0xb4000076090c4f50 mBlastBufferQueue=0xb4000075191609b0 fn= 21 HdrRenderState mRenderHdrSdrRatio=1.0 caller= com.android.systemui.shared.launcher.ViewRootImplCompat.mergeWithNextTransaction:4 com.honeyspace.transition.utils.SurfaceTransactionApplier.scheduleApply$lambda$1:26 com.honeyspace.transition.utils.SurfaceTransactionApplier.b:0
08-13 16:19:55.048  6225  5259 I NetworkScheduler: (REDACTED) Error inserting %s
08-13 16:19:55.050  1111  1111 I SurfaceFlinger: destroyed Surface(name=39a4c69 InputMethod)/@0x97414dd - animation-leash of insets_animation#233771
08-13 16:19:55.051  1111  1111 I Layer   : id=233771 Destroyed Surface(name=39a4c69 InputMethod)/@0x97414dd - animation-leash of insets_animation#233771
08-13 16:19:55.052  1282  3084 D InputDispatcher: Focused application(0): ActivityRecord{cba1084 u0 com.example.cupcake/androidx.activity.ComponentActivity t2231}
08-13 16:19:55.053  1282  4402 D GraphicsStatsService: requestRenderEngineFor(com.example.cupcake)
08-13 16:19:55.056  4917  6173 I HBD     : a InputMethodSubtype is set as local:tr
08-13 16:19:55.059  4917  6168 E AtomicFile: Failed to rename /data/user_de/0/com.samsung.android.honeyboard/files/selected.json.new to /data/user_de/0/com.samsung.android.honeyboard/files/selected.json
08-13 16:19:55.060  2742  2742 I HoneySpace.RectFAnimation: animateToFinalPosition RectF(361.23492, 1442.3907, 718.7651, 1987.2228)
08-13 16:19:55.060  2742  2742 I HoneySpace.RectFAnimation: animateToFinalPosition RectF(400.84882, 1515.4724, 679.1512, 1884.6381)
08-13 16:19:55.061  4917  6168 I HBD     : h writeToFile complete
08-13 16:19:55.065  2742  4754 I VRI[LauncherActivity]@3489192: mWNT: t=0xb400007609123ad0 mBlastBufferQueue=0xb4000075191609b0 fn= 22 HdrRenderState mRenderHdrSdrRatio=1.0 caller= com.android.systemui.shared.launcher.ViewRootImplCompat.mergeWithNextTransaction:4 com.honeyspace.transition.utils.SurfaceTransactionApplier.scheduleApply$lambda$1:26 com.honeyspace.transition.utils.SurfaceTransactionApplier.b:0
08-13 16:19:55.068  2742  2742 I InsetsSourceConsumer: applyRequestedVisibilityToControl: visible=false, type=ime, host=com.sec.android.app.launcher/com.sec.android.app.launcher.activities.LauncherActivity
08-13 16:19:55.069  2742  2887 I HoneySpace.TopTaskSource: onTaskMovedToFront : taskId = 2231, displayId = 0
08-13 16:19:55.069  2742  2742 I HoneySpace.RectFAnimation: animateToFinalPosition RectF(400.84882, 1538.8818, 679.1512, 1908.0475)
08-13 16:19:55.069  2742  2742 I HoneySpace.RectFAnimation: animateToFinalPosition RectF(409.17972, 1553.4655, 670.8203, 1887.5764)
08-13 16:19:55.069  2742  2889 I HoneySpace.TopTaskUseCase: topTaskId 2231, DisplayId : 0
08-13 16:19:55.071  2127  2127 D NavigationBar: setImeWindowStatus displayId=0 vis=0 backDisposition=0 showImeSwitcher=false imeShown=false
08-13 16:19:55.072  2127  2334 I VRI[cupcake]@3156a0d: setView = android.widget.FrameLayout@329ae2f IsHRR=false TM=true
08-13 16:19:55.072  2127  2390 D HWUI    : HWUI - treat SMPTE_170M as sRGB
08-13 16:19:55.072  2742  4755 I VRI[LauncherActivity]@3489192: mWNT: t=0xb400007609134f50 mBlastBufferQueue=0xb4000075191609b0 fn= 23 HdrRenderState mRenderHdrSdrRatio=1.0 caller= com.android.systemui.shared.launcher.ViewRootImplCompat.mergeWithNextTransaction:4 com.honeyspace.transition.utils.SurfaceTransactionApplier.scheduleApply$lambda$1:26 com.honeyspace.transition.utils.SurfaceTransactionApplier.b:0
08-13 16:19:55.073  5596  5596 D LifecycleMonitor: Lifecycle status change: androidx.activity.ComponentActivity@89577e6 in: PRE_ON_CREATE
08-13 16:19:55.074  5596  5596 V ActivityScenario: Activity lifecycle changed event received but ignored because the reported transition was not ON_CREATE while the last known transition was PRE_ON_CREATE
08-13 16:19:55.074  4917  4917 I InputMethodService: scheduleImeSurfaceRemoval: canceled, mShowInputRequested=false, mWindowVisible=false, IsmWindowNull=false, IsmImeSurfaceRemoverRunnableNotNull=true
08-13 16:19:55.078  1111  1111 E SurfaceFlinger: alpha changed 1.000 -> 0.000 - Surface(name=39a4c69 InputMethod)/@0x97414dd - animation-leash of insets_animation#233773
08-13 16:19:55.079  1111  1111 I SurfaceFlinger: [LayerHierarchy{RequestedLayerState{ImeContainer#16 parentId=123 relativeParentId=123 z=1} 1 children}] RelativeParent to null
08-13 16:19:55.079  1282  1967 D AS.MultiSoundManager: mForegroundUid = 10418
08-13 16:19:55.081 21624 21938 I Rubin   : [92] U9.g.x(Unknown Source) : Notify com.samsung.android.rubin.inferenceengine.contextanalytics.engine.loggers.AppUsageLogger's database is updated.
08-13 16:19:55.081  5596  5596 I DecorView: setWindowBackground: isPopOver=false color=fffafafa d=android.graphics.drawable.ColorDrawable@ca6d8c3
08-13 16:19:55.082  2742  2100 I HoneySpace.RecentTasks: onRecentTasksChanged
08-13 16:19:55.083  5596  5596 D LifecycleMonitor: Lifecycle status change: androidx.activity.ComponentActivity@89577e6 in: CREATED
08-13 16:19:55.083  5596  5596 V ActivityScenario: Update currentActivityStage to CREATED, currentActivity=androidx.activity.ComponentActivity@89577e6
08-13 16:19:55.084  5596  5596 D LifecycleMonitor: Lifecycle status change: androidx.activity.ComponentActivity@89577e6 in: STARTED
08-13 16:19:55.084  5596  5596 V ActivityScenario: Update currentActivityStage to STARTED, currentActivity=androidx.activity.ComponentActivity@89577e6
08-13 16:19:55.084  2742 28910 I HoneySpace.RecentTasks: onRecentTasksChanged
08-13 16:19:55.085  5596  5596 D LifecycleMonitor: Lifecycle status change: androidx.activity.ComponentActivity@89577e6 in: RESUMED
08-13 16:19:55.085  5596  5596 V ActivityScenario: Update currentActivityStage to RESUMED, currentActivity=androidx.activity.ComponentActivity@89577e6
08-13 16:19:55.086  1282  1444 D PkgPredictorService-SecIpmManagerServiceImpl: onForegroundActivitiesChanged pid:5596 uid:10418
08-13 16:19:55.086  1282  1444 D NetworkPolicy: already checked 10418
08-13 16:19:55.087  5596  5596 I ViewRootImpl: dVRR is disabled
08-13 16:19:55.088  2742  2742 I HoneySpace.RectFAnimation: animateToFinalPosition RectF(409.17972, 1590.5994, 670.8203, 1924.7103)
08-13 16:19:55.088  2742  2742 I HoneySpace.RectFAnimation: animateToFinalPosition RectF(421.78812, 1611.9899, 658.2119, 1894.6847)
08-13 16:19:55.088  5596  5687 D NativeCustomFrequencyManager: [NativeCFMS] BpCustomFrequencyManager::BpCustomFrequencyManager()
08-13 16:19:55.088  1282  4402 V WindowManager: Relayout Window{370ec1c u0 Splash Screen com.example.cupcake}: viewVisibility=0 req=1080x2340 ty=3 d0
08-13 16:19:55.089  1111  1162 I SurfaceFlinger: id=233777 createSurf, flag=44004, Splash Screen com.example.cupcake$_2127#233777
08-13 16:19:55.093  1111  1209 D SurfaceFlinger: [input] setFocusedWindow: <null>
08-13 16:19:55.093  1111  1111 I SurfaceFlinger: [Splash Screen com.example.cupcake$_2127#233777] attach to parent LayerHierarchy{RequestedLayerState{370ec1c Splash Screen com.example.cupcake#233776 parentId=233775 z=2147483647} 1 children}
08-13 16:19:55.093  1282  3179 D InputDispatcher: Once focus requested (0): <null>
08-13 16:19:55.093  1282  3179 D InputDispatcher: Focus request (0): <null> but waiting because NO_WINDOW
08-13 16:19:55.093  1282  3179 D InputDispatcher: Focus left window (0): c2c214a com.sec.android.app.launcher/com.sec.android.app.launcher.activities.LauncherActivity
08-13 16:19:55.094  2742 31133 I HoneySpace.HistoryViewModel@160600677@OneUI: Illegal access. Unknown type. skip load history items
08-13 16:19:55.097  2742  2742 I HoneySpace.RectFAnimation: animateToFinalPosition RectF(421.78812, 1628.2732, 658.2119, 1910.968)
08-13 16:19:55.097  2742  4754 I VRI[LauncherActivity]@3489192: mWNT: t=0xb40000760919b8d0 mBlastBufferQueue=0xb4000075191609b0 fn= 24 HdrRenderState mRenderHdrSdrRatio=1.0 caller= com.android.systemui.shared.launcher.ViewRootImplCompat.mergeWithNextTransaction:4 com.honeyspace.transition.utils.SurfaceTransactionApplier.scheduleApply$lambda$1:26 com.honeyspace.transition.utils.SurfaceTransactionApplier.b:0
08-13 16:19:55.097  2742  2742 I HoneySpace.RectFAnimation: animateToFinalPosition RectF(427.08026, 1636.8726, 652.91974, 1898.897)
08-13 16:19:55.098  1282  4478 D InputTransport: Input channel constructed: 'b8e167 ', fd=932
