08-13 16:19:51.815  2742  4754 I VRI[LauncherActivity]@3489192: mWNT: t=0xb40000760937ce90 mBlastBufferQueue=0xb4000075190eebd0 fn= 35 HdrRenderState mRenderHdrSdrRatio=1.0 caller= com.android.systemui.shared.launcher.ViewRootImplCompat.mergeWithNextTransaction:4 com.honeyspace.transition.utils.SurfaceTransactionApplier.scheduleApply$lambda$1:26 com.honeyspace.transition.utils.SurfaceTransactionApplier.b:0
08-13 16:19:51.815  1282  1444 D NetworkPolicy: already checked 10418
08-13 16:19:51.816  5596  5711 D VRI[ComponentActivity]@c412dcc: Received frameDrawingCallback syncResult=0 frameNum=1.
08-13 16:19:51.816 23813 30394 W FA      : Failed to retrieve Firebase Instance Id
08-13 16:19:51.816  5596  5711 I VRI[ComponentActivity]@c412dcc: mWNT: t=0xb4000076090f7990 mBlastBufferQueue=0xb4000075190cded0 fn= 1 HdrRenderState mRenderHdrSdrRatio=1.0 caller= android.view.ViewRootImpl$11.onFrameDraw:15016 android.view.ThreadedRenderer$1.onFrameDraw:761 <bottom of call stack>
08-13 16:19:51.816  5596  5711 I VRI[ComponentActivity]@c412dcc: Setting up sync and frameCommitCallback
08-13 16:19:51.820  5596  5687 I BLASTBufferQueue: [VRI[ComponentActivity]@c412dcc#5](f:0,a:0,s:0) onFrameAvailable the first frame is available
08-13 16:19:51.821  5596  5687 I VRI[ComponentActivity]@c412dcc: Received frameCommittedCallback lastAttemptedDrawFrameNum=1 didProduceBuffer=true
08-13 16:19:51.821  2742  1824 I HoneySpace.HistoryViewModel@160600677@OneUI: Illegal access. Unknown type. skip load history items
08-13 16:19:51.821  5596  5687 D HWUI    : CFMS:: SetUp Pid : 5596    Tid : 5687
08-13 16:19:51.821  1111  1223 I SurfaceFlinger: [com.example.cupcake/androidx.activity.ComponentActivity$_5596#233698] setTransactionState with the first frame. bufferData(ID: 24034636988436, frameNumber: 1)
08-13 16:19:51.822  5596  5596 D VRI[ComponentActivity]@c412dcc: reportDrawFinished seqId=0
08-13 16:19:51.824  2742  2742 I HoneySpace.RectFAnimation: animateToFinalPosition RectF(463.30518, 1805.7693, 616.6948, 1957.7319)
08-13 16:19:51.824  2742  2742 I HoneySpace.RectFAnimation: animateToFinalPosition RectF(463.7537, 1805.9854, 616.24634, 1957.4285)
08-13 16:19:51.825  2742  4755 I VRI[LauncherActivity]@3489192: mWNT: t=0xb400007609303b90 mBlastBufferQueue=0xb4000075190eebd0 fn= 36 HdrRenderState mRenderHdrSdrRatio=1.0 caller= com.android.systemui.shared.launcher.ViewRootImplCompat.mergeWithNextTransaction:4 com.honeyspace.transition.utils.SurfaceTransactionApplier.scheduleApply$lambda$1:26 com.honeyspace.transition.utils.SurfaceTransactionApplier.b:0
08-13 16:19:51.828  2127  2937 D VRI[cupcake]@1da36f4: Received frameDrawingCallback syncResult=0 frameNum=1.
08-13 16:19:51.828  2127  2937 I VRI[cupcake]@1da36f4: mWNT: t=0xb4000076091e34d0 mBlastBufferQueue=0xb4000075191062d0 fn= 1 HdrRenderState mRenderHdrSdrRatio=1.0 caller= android.view.ViewRootImpl$11.onFrameDraw:15016 android.view.ThreadedRenderer$1.onFrameDraw:761 <bottom of call stack>
08-13 16:19:51.830  2127  2937 I VRI[cupcake]@1da36f4: Setting up sync and frameCommitCallback
08-13 16:19:51.831  2127  2390 I BLASTBufferQueue: [VRI[cupcake]@1da36f4#13528](f:0,a:0,s:0) onFrameAvailable the first frame is available
08-13 16:19:51.833  2127  2390 I VRI[cupcake]@1da36f4: Received frameCommittedCallback lastAttemptedDrawFrameNum=1 didProduceBuffer=true
08-13 16:19:51.834  1111  1223 I SurfaceFlinger: [Splash Screen com.example.cupcake$_2127#233697] setTransactionState with the first frame. bufferData(ID: 9135395538204, frameNumber: 1)
08-13 16:19:51.834  2742  2887 I HoneySpace.TopTaskSource: onTaskFocusChanged(): taskId = 2227
08-13 16:19:51.834  2742  2887 I HoneySpace.TopTaskSource: onTaskMovedToFront : taskId = 2227, displayId = 0
08-13 16:19:51.835  2127  2390 D HWUI    : CFMS:: SetUp Pid : 2127    Tid : 2390
08-13 16:19:51.836  1282  4402 I SemDvfsHyPerManager: acquire hyper - AMS_RESUME_TAIL/1282@22, type = -999
08-13 16:19:51.837  1282  4402 I SemDvfsHyPerManager: acquire hyper - AMS_ACT_LAZY/1282@23, type = -999
08-13 16:19:51.837  1062  1149 I HYPER-HAL: [RequestManager.cpp]acquire(): Acquired ID : 850882  [1282 / 22]    HINT : AMS_RESUME_TAIL    list :
08-13 16:19:51.839  1062  1149 I HYPER-HAL: [RequestManager.cpp]releaseLocked(): Released ID : 856112
08-13 16:19:51.839  2127  2334 D VRI[cupcake]@1da36f4: reportDrawFinished seqId=0
08-13 16:19:51.842  2742  2742 I ImeFocusController: onPreWindowFocus: skipped hasWindowFocus=false mHasImeFocus=true
08-13 16:19:51.843  2742  2742 I ImeFocusController: onPostWindowFocus: skipped hasWindowFocus=false mHasImeFocus=true
08-13 16:19:51.843  2742  2742 I HoneySpace.RectFAnimation: animateToFinalPosition RectF(463.7537, 1806.2319, 616.24634, 1957.675)
08-13 16:19:51.843  2742  2742 I HoneySpace.RectFAnimation: animateToFinalPosition RectF(464.1454, 1806.4207, 615.8546, 1957.4102)
08-13 16:19:51.845  2742  4754 I VRI[LauncherActivity]@3489192: mWNT: t=0xb4000076092c8fd0 mBlastBufferQueue=0xb4000075190eebd0 fn= 37 HdrRenderState mRenderHdrSdrRatio=1.0 caller= com.android.systemui.shared.launcher.ViewRootImplCompat.mergeWithNextTransaction:4 com.honeyspace.transition.utils.SurfaceTransactionApplier.scheduleApply$lambda$1:26 com.honeyspace.transition.utils.SurfaceTransactionApplier.b:0
08-13 16:19:51.853  5596  5596 I InsetsSourceConsumer: applyRequestedVisibilityToControl: visible=true, type=navigationBars, host=com.example.cupcake/androidx.activity.ComponentActivity
08-13 16:19:51.853  2742  4755 I VRI[LauncherActivity]@3489192: mWNT: t=0xb4000076092b46d0 mBlastBufferQueue=0xb4000075190eebd0 fn= 38 HdrRenderState mRenderHdrSdrRatio=1.0 caller= com.android.systemui.shared.launcher.ViewRootImplCompat.mergeWithNextTransaction:4 com.honeyspace.transition.utils.SurfaceTransactionApplier.scheduleApply$lambda$1:26 com.honeyspace.transition.utils.SurfaceTransactionApplier.b:0
08-13 16:19:51.853  2742  2742 I HoneySpace.RectFAnimation: animateToFinalPosition RectF(464.1454, 1806.3282, 615.8546, 1957.3177)
08-13 16:19:51.853  2742  2742 I HoneySpace.RectFAnimation: animateToFinalPosition RectF(464.31784, 1806.4113, 615.6821, 1957.2013)
08-13 16:19:51.854  5596  5596 I InsetsSourceConsumer: applyRequestedVisibilityToControl: visible=true, type=statusBars, host=com.example.cupcake/androidx.activity.ComponentActivity
08-13 16:19:51.856  2127  2127 I {OngoingActivityController}: onTaskFocusChanged focused:false, baseActivity:ComponentInfo{com.sec.android.app.launcher/com.sec.android.app.launcher.Launcher}
08-13 16:19:51.857  1111  1111 I SurfaceFlinger: [LayerHierarchy{RequestedLayerState{8a94d40 NavigationBar0#88 parentId=233699} 1 children}] reparent to LayerHierarchy{RequestedLayerState{Surface(name=8a94d40 NavigationBar0)/@0x65d636d - animation-leash of insets_animation#233699 parentId=87} 1 children}
08-13 16:19:51.857  1111  1111 I SurfaceFlinger: [LayerHierarchy{RequestedLayerState{e0324bb StatusBar#95 parentId=233700} 1 children}] reparent to LayerHierarchy{RequestedLayerState{Surface(name=e0324bb StatusBar)/@0x8487ff0 - animation-leash of insets_animation#233700 parentId=94} 1 children}
08-13 16:19:51.857  1111  1111 I SurfaceFlinger: [LayerHierarchy{RequestedLayerState{Surface(name=8a94d40 NavigationBar0)/@0x65d636d - animation-leash of insets_animation#233684} no children}] reparent to OffscreenRoot
08-13 16:19:51.857  1111  1111 I SurfaceFlinger: [LayerHierarchy{RequestedLayerState{Surface(name=8a94d40 NavigationBar0)/@0x65d636d - animation-leash of insets_animation#233684} no children}] RelativeParent to null
08-13 16:19:51.857  1111  1111 I SurfaceFlinger: [LayerHierarchy{RequestedLayerState{Surface(name=e0324bb StatusBar)/@0x8487ff0 - animation-leash of insets_animation#233685} no children}] reparent to OffscreenRoot
08-13 16:19:51.857  1111  1111 I SurfaceFlinger: [LayerHierarchy{RequestedLayerState{Surface(name=e0324bb StatusBar)/@0x8487ff0 - animation-leash of insets_animation#233685} no children}] RelativeParent to null
08-13 16:19:51.858  2127  2127 I {OngoingActivityController}: onTaskFocusChanged focused:true, baseActivity:ComponentInfo{com.example.cupcake/androidx.activity.ComponentActivity}
08-13 16:19:51.859  1111  1111 I SurfaceFlinger: id=233684 Removed Surface(name=8a94d40 NavigationBar0)/@0x65d636d - animation-leash of insets_animation#233684 (183)
08-13 16:19:51.859  1111  1111 I SurfaceFlinger: id=233685 Removed Surface(name=e0324bb StatusBar)/@0x8487ff0 - animation-leash of insets_animation#233685 (183)
08-13 16:19:51.859  2127  2127 I {OngoingActivityDataHelper}: setBaseActivityComponentName:ComponentInfo{com.example.cupcake/androidx.activity.ComponentActivity}
08-13 16:19:51.860  2127  2127 D Bubbles : onEntryUpdated : shouldBubbleUp=false ,key=0|com.samsung.android.app.smartcapture|1332|null|10190
08-13 16:19:51.860  2127  2127 D InterruptionStateProvider:  no Heads up : edgelighting enabled app. 0|com.samsung.android.app.smartcapture|1332|null|10190
08-13 16:19:51.862  2127  2127 D SubscreenNotificationListCoordinator: onAfterRenderList() isSubScreen = false, pluginLockMode = 0, doNotShowOnCover = false
08-13 16:19:51.862  1111  1732 I SurfaceFlinger: id=233701 createSurf, flag=84004, Transition Root: Task=2227#233701
08-13 16:19:51.863  2127  2127 D SecKeyguardClockPositionAlgorithm: getTopMargin scale = 1.2690217, clockContainerHeight = 389, scaleMarginY = -41
08-13 16:19:51.868  1282  1447 I SurfaceControlRegistry: show, t=StartTransaction_SyncId<20536> sc=ActivityRecord{f1dc00e u0 com.example.cupcake/androidx.activity.ComponentActivity t2227}, caller=android.view.SurfaceControl$Transaction.show:3232 com.android.server.wm.Transition.onTransactionReady:2273 com.android.server.wm.BLASTSyncEngine$SyncGroup.finishNow:195 com.android.server.wm.BLASTSyncEngine.onSurfacePlacement:269 com.android.server.wm.RootWindowContainer.performSurfacePlacementNoTrace:459 com.android.server.wm.RootWindowContainer.performSurfacePlacement:9
08-13 16:19:51.869  1111  1209 D SurfaceFlinger: [input] setFocusedWindow: 1ae5d6e com.example.cupcake/androidx.activity.ComponentActivity
08-13 16:19:51.869  1111  1111 I SurfaceFlinger: destroyed Surface(name=8a94d40 NavigationBar0)/@0x65d636d - animation-leash of insets_animation#233684
08-13 16:19:51.869  1111  1111 I SurfaceFlinger: destroyed Surface(name=e0324bb StatusBar)/@0x8487ff0 - animation-leash of insets_animation#233685
08-13 16:19:51.869  1111  1111 I SurfaceFlinger: [Transition Root: Task=2227#233701] attach to parent LayerHierarchy{RequestedLayerState{DefaultTaskDisplayArea_d0#11 parentId=10} 9 children}
08-13 16:19:51.871  1111  1111 I Layer   : id=233684 Destroyed Surface(name=8a94d40 NavigationBar0)/@0x65d636d - animation-leash of insets_animation#233684
08-13 16:19:51.871  1111  1111 I Layer   : id=233685 Destroyed Surface(name=e0324bb StatusBar)/@0x8487ff0 - animation-leash of insets_animation#233685
08-13 16:19:51.872  2127  2127 D NavigationBar: onSystemBarAttributesChanged() -  displayId:0, appearance:512, packageName: com.example.cupcake (), navbarColorManagedByIme:false
08-13 16:19:51.872  2127  2127 D SysUiState: SysUiState changed: old=0x10000000 new=0x10020000
08-13 16:19:51.873  2127  2127 I LockscreenNotificationIconsOnlyController: onNotificationInfoUpdated 0
08-13 16:19:51.873  2127  2127 I AODNotificationManager: updateNotification()
08-13 16:19:51.875  2742  2742 I HoneySpace.RectFAnimation: animateToFinalPosition RectF(464.31784, 1805.8632, 615.6821, 1956.6532)
08-13 16:19:51.875  1282  2477 D InputDispatcher: Once focus requested (0): 1ae5d6e com.example.cupcake/androidx.activity.ComponentActivity
08-13 16:19:51.875  2742  2742 I HoneySpace.RectFAnimation: animateToFinalPosition RectF(464.57324, 1805.9863, 615.42676, 1956.4805)
08-13 16:19:51.876  1282  2477 D InputDispatcher: Focus request (0): 1ae5d6e com.example.cupcake/androidx.activity.ComponentActivity but waiting because NOT_VISIBLE
08-13 16:19:51.878  2742  1823 I HoneySpace.SystemUiRepository: systemUiFlags: allow_gesture|awake
08-13 16:19:51.884  2742  4754 I VRI[LauncherActivity]@3489192: mWNT: t=0xb400007609229f50 mBlastBufferQueue=0xb4000075190eebd0 fn= 39 HdrRenderState mRenderHdrSdrRatio=1.0 caller= com.android.systemui.shared.launcher.ViewRootImplCompat.mergeWithNextTransaction:4 com.honeyspace.transition.utils.SurfaceTransactionApplier.scheduleApply$lambda$1:26 com.honeyspace.transition.utils.SurfaceTransactionApplier.b:0
08-13 16:19:51.887  2127  2816 D LocalImageResolver: Couldn't use ImageDecoder for drawable, falling back to non-resized load.
08-13 16:19:51.888  1282  1443 I PkgPredictorService-SecIpmManagerServiceImpl: reportToNAP uid:10418 com.example.cupcake/androidx.activity.ComponentActivity thisTime:230
08-13 16:19:51.888  1282  1443 D PkgPredictorService-SecIpmManagerServiceImpl: reportToNAP: mHeavyLaunchCounter is false
08-13 16:19:51.889  2127  2303 I SurfaceControlRegistry: hide, t=FinishTransaction_SyncId<20536> sc=Task=1, caller=android.view.SurfaceControl$Transaction.hide:3258 com.android.wm.shell.transition.Transitions.dispatchReady:929 com.android.wm.shell.transition.Transitions.onTransitionReady:244 com.android.wm.shell.transition.Transitions$TransitionPlayerImpl$$ExternalSyntheticLambda0.run:13 android.os.Handler.handleCallback:959 android.os.Handler.dispatchMessage:100
08-13 16:19:51.889  2127  2303 I SurfaceControlRegistry: show, t=StartTransaction_SyncId<20536> sc=Task=2227, caller=android.view.SurfaceControl$Transaction.show:3232 com.android.wm.shell.transition.Transitions.dispatchReady:934 com.android.wm.shell.transition.Transitions.onTransitionReady:244 com.android.wm.shell.transition.Transitions$TransitionPlayerImpl$$ExternalSyntheticLambda0.run:13 android.os.Handler.handleCallback:959 android.os.Handler.dispatchMessage:100
08-13 16:19:51.889  2127  2303 I SurfaceControlRegistry: show, t=FinishTransaction_SyncId<20536> sc=Task=2227, caller=android.view.SurfaceControl$Transaction.show:3232 com.android.wm.shell.transition.Transitions.dispatchReady:988 com.android.wm.shell.transition.Transitions.onTransitionReady:244 com.android.wm.shell.transition.Transitions$TransitionPlayerImpl$$ExternalSyntheticLambda0.run:13 android.os.Handler.handleCallback:959 android.os.Handler.dispatchMessage:100
08-13 16:19:51.891  2127  2816 D LocalImageResolver: Couldn't use ImageDecoder for drawable, falling back to non-resized load.
08-13 16:19:51.896  1111  1162 I SurfaceFlinger: id=233702 createSurf, flag=84000, b198b10 ActivityRecordInputSink com.example.cupcake/androidx.activity.ComponentActivity#233702
08-13 16:19:51.897 23813 30394 W FA      : Failed to retrieve Firebase Instance Id
08-13 16:19:51.900  2127  2127 I AppIconSolution: return adaptive icon for com.samsung.android.app.smartcapture, isNight = true
08-13 16:19:51.902  2742  4755 I VRI[LauncherActivity]@3489192: mWNT: t=0xb40000760933b490 mBlastBufferQueue=0xb4000075190eebd0 fn= 40 HdrRenderState mRenderHdrSdrRatio=1.0 caller= com.android.systemui.shared.launcher.ViewRootImplCompat.mergeWithNextTransaction:4 com.honeyspace.transition.utils.SurfaceTransactionApplier.scheduleApply$lambda$1:26 com.honeyspace.transition.utils.SurfaceTransactionApplier.b:0
08-13 16:19:51.907  1282  1443 I ActivityTaskManager: Displayed com.example.cupcake/androidx.activity.ComponentActivity for user 0: +230ms
08-13 16:19:51.908  2742  2742 I HoneySpace.RectFAnimation: animateToFinalPosition RectF(464.57324, 1804.6732, 615.42676, 1955.1674)
08-13 16:19:51.909  2742  2742 I HoneySpace.RectFAnimation: animateToFinalPosition RectF(464.7963, 1804.7806, 615.20374, 1955.0165)
08-13 16:19:51.909  1111  1111 I SurfaceFlinger: [b198b10 ActivityRecordInputSink com.example.cupcake/androidx.activity.ComponentActivity#233702] attach to parent LayerHierarchy{RequestedLayerState{ActivityRecord{f1dc00e u0 com.example.cupcake/androidx.activity.ComponentActivity t2227}#233694 parentId=233693} 3 children}
08-13 16:19:51.910  3157  3157 E pageboostd: Received HALT command code 2
08-13 16:19:51.910  2127  2127 D SecKeyguardClockPositionAlgorithm: getTopMargin scale = 1.2690217, clockContainerHeight = 389, scaleMarginY = -41
08-13 16:19:51.910  2742  2885 I HoneySpace.TaskbarEventTracker: invokeEvent() called with: event = SystemUiStateChanged(stateFlags=268566528)
08-13 16:19:51.913  2127  2127 D S.S.N.  : entryViewBound parent :0|com.samsung.android.app.smartcapture|1332|null|10190
08-13 16:19:51.916  2742  1824 I HoneySpace.RecentTasks: onRecentTasksChanged
08-13 16:19:51.916  2127  2127 I AppIconSolution: return adaptive icon for com.samsung.android.app.smartcapture, isNight = true
08-13 16:19:51.925  2127  2127 D SamsungLightBarControlHelper: updateStatusBar (BLACK icon) numStacks:1, StatusBarMode:MODE_TRANSPARENT, lightBarBounds:[Rect(0, 0 - 1080, 2340)], StatusBarState:SHADE, packageName:, isWhiteKeyguardStatusBar:false
08-13 16:19:51.925  2127  2127 D SamsungLightBarControlHelper: onStatusBarAppearanceChanged() -  sbModeChanged:false, statusBarMode:0, barState:MODE_TRANSPARENT, isKeyguardShowing:false, navbarColorManagedByIme:false, (AppearanceRegion{LIGHT_STATUS_BARS bounds=[0,0][1080,2340]}, )
08-13 16:19:51.925  2127  2127 D NavigationBar: onSystemBarAttributesChanged() -  displayId:0, appearance:528, packageName: com.example.cupcake (APPEARANCE_LIGHT_NAVIGATION_BARS ), navbarColorManagedByIme:false
08-13 16:19:51.925  2742  4754 I VRI[LauncherActivity]@3489192: mWNT: t=0xb4000076091e9890 mBlastBufferQueue=0xb4000075190eebd0 fn= 41 HdrRenderState mRenderHdrSdrRatio=1.0 caller= com.android.systemui.shared.launcher.ViewRootImplCompat.mergeWithNextTransaction:4 com.honeyspace.transition.utils.SurfaceTransactionApplier.scheduleApply$lambda$1:26 com.honeyspace.transition.utils.SurfaceTransactionApplier.b:0
08-13 16:19:51.926  2742  1824 I HoneySpace.HistoryViewModel@160600677@OneUI: Illegal access. Unknown type. skip load history items
08-13 16:19:51.926  2742  2742 I HoneySpace.RectFAnimation: animateToFinalPosition RectF(464.7963, 1803.923, 615.20374, 1954.1588)
08-13 16:19:51.926  2127  2127 D SubscreenNotificationListCoordinator: onAfterRenderList() isSubScreen = false, pluginLockMode = 0, doNotShowOnCover = false
08-13 16:19:51.926  2742  2742 I HoneySpace.RectFAnimation: animateToFinalPosition RectF(465.0, 1804.0211, 615.0, 1954.0211)
08-13 16:19:51.926  2742  5546 I HoneySpace.ShellAnimationRunner: onAnimationCancelled
08-13 16:19:51.931  2742  2742 I HoneySpace.ShellAnimationRunner: finishExistingAnimation, com.honeyspace.transition.anim.AnimationResult@6d803f3
08-13 16:19:51.932  2742  2742 I HoneySpace.AnimationResult: finish, false
08-13 16:19:51.932  2742  2742 I HoneySpace.AppCloseAnimationDelegate: onAnimationCancelled
08-13 16:19:51.935  2742  4755 I VRI[LauncherActivity]@3489192: mWNT: t=0xb40000760936b690 mBlastBufferQueue=0xb4000075190eebd0 fn= 42 HdrRenderState mRenderHdrSdrRatio=1.0 caller= com.android.systemui.shared.launcher.ViewRootImplCompat.mergeWithNextTransaction:4 com.honeyspace.transition.utils.SurfaceTransactionApplier.scheduleApply$lambda$1:26 com.honeyspace.transition.utils.SurfaceTransactionApplier.b:0
08-13 16:19:51.935  2127  2303 I SurfaceControlRegistry: apply, t=FinishTransaction_SyncId<20535>, caller=android.view.SurfaceControl$Transaction.apply:3135 android.view.SurfaceControl$Transaction.apply:3122 android.view.SurfaceControl$Transaction.apply:3078 com.android.wm.shell.transition.Transitions.onFinish:308 com.android.wm.shell.transition.Transitions$$ExternalSyntheticLambda8.onTransitionFinished:10 com.android.wm.shell.transition.RemoteTransitionHandler$1$$ExternalSyntheticLambda0.run:78
08-13 16:19:51.936  2742  2742 I HoneySpace.RectFAnimation: animateToFinalPosition RectF(465.0, 1803.4869, 615.0, 1953.4869)
08-13 16:19:51.938  5736  5736 I VRI[InstrumentationActivityInvoker$EmptyActivity]@a0a1866: handleAppVisibility mAppVisible = true visible = false
08-13 16:19:51.938  2127  2127 D SecKeyguardClockPositionAlgorithm: getTopMargin scale = 1.2690217, clockContainerHeight = 389, scaleMarginY = -41
08-13 16:19:51.938  5736  5736 D VRI[InstrumentationActivityInvoker$EmptyActivity]@a0a1866: visibilityChanged oldVisibility=true newVisibility=false
08-13 16:19:51.941  2742  2742 I HoneySpace.Launcher: onEnterAnimationComplete
08-13 16:19:51.941  1282  3019 W LocationManagerService: onFreezeStateChanged, uid[10270]=true
08-13 16:19:51.941  2742  2742 I HoneySpace.RectFAnimation: animateToFinalPosition RectF(465.0, 1803.2932, 615.0, 1953.2932)
08-13 16:19:51.941  2742 10793 I HoneySpace.AnimationResult: asyncFinishRunnable run
08-13 16:19:51.947  2127  2127 I LockscreenNotificationIconsOnlyController: onNotificationInfoUpdated 0
08-13 16:19:51.947  2127  2127 I AODNotificationManager: updateNotification()
08-13 16:19:51.948  1111  1111 I SurfaceFlinger: Layer [Task=2226#233668] hidden!! flag(1)
08-13 16:19:51.948  1111  1111 I SurfaceFlinger: Layer [com.example.cupcake.test/androidx.te[...]tyInvoker$EmptyActivity$_5736#233673] hidden!! flag(1)
08-13 16:19:51.948  1111  1111 I SurfaceFlinger: Layer [ActivityRecord{928d82 u0 com.example[...]yInvoker$EmptyActivity t2226}#233669] hidden!! flag(1)
08-13 16:19:51.948  1111  1111 I SurfaceFlinger: [LayerHierarchy{RequestedLayerState{Task=1#52 parentId=11} 2 children}] reparent to LayerHierarchy{RequestedLayerState{DefaultTaskDisplayArea_d0#11 parentId=10} 10 children}
08-13 16:19:51.948  1111  1111 I SurfaceFlinger: [LayerHierarchy{RequestedLayerState{WallpaperWindowToken{b638ffb token=android.os.Binder@64ddd8a}#74 parentId=9 z=1} 1 children}] reparent to LayerHierarchy{RequestedLayerState{Leaf:1:1#9 parentId=8} 2 children}
08-13 16:19:51.948  1111  1111 I SurfaceFlinger: [LayerHierarchy{RequestedLayerState{Task=2226#233668 parentId=11 z=4} 1 children}] reparent to LayerHierarchy{RequestedLayerState{DefaultTaskDisplayArea_d0#11 parentId=10} 11 children}
08-13 16:19:51.948  1111  1111 I SurfaceFlinger: [LayerHierarchy{RequestedLayerState{Transition Root: Task=1#233686} 2 children}] reparent to OffscreenRoot
08-13 16:19:51.948  1111  1111 I SurfaceFlinger: [LayerHierarchy{RequestedLayerState{Transition Root: Task=1#233686} 2 children}] RelativeParent to null
08-13 16:19:51.948  1282  1444 D PkgPredictorService-SecIpmManagerServiceImpl: bg information pid:5736 uid:10419 pkgName:com.example.cupcake.test
08-13 16:19:51.948  2742  4754 I VRI[LauncherActivity]@3489192: mWNT: t=0xb4000076092f7410 mBlastBufferQueue=0xb4000075190eebd0 fn= 43 HdrRenderState mRenderHdrSdrRatio=1.0 caller= com.android.systemui.shared.launcher.ViewRootImplCompat.mergeWithNextTransaction:4 com.honeyspace.transition.utils.SurfaceTransactionApplier.scheduleApply$lambda$1:26 com.honeyspace.transition.utils.SurfaceTransactionApplier.b:0
08-13 16:19:51.949  1111  1111 I SurfaceFlinger: id=233670 Removed 1283aa6 Splash Screen com.example.cupcake.test#233670 (183)
08-13 16:19:51.949  1111  1111 I SurfaceFlinger: id=233686 Removed Transition Root: Task=1#233686 (183)
08-13 16:19:51.949  5736  5756 D HWUI    : CacheManager::trimMemory(20)
08-13 16:19:51.955  2742  2742 I HoneySpace.AnimationResult: completeCallback run
08-13 16:19:51.955  2742  2742 I HoneySpace.RectFAnimation: animateToFinalPosition RectF(465.0, 1802.5776, 615.0, 1952.5776)
08-13 16:19:51.956  2742  2108 I HoneySpace.RecentTasks: onRecentTasksChanged
08-13 16:19:51.958  2742  4755 I VRI[LauncherActivity]@3489192: mWNT: t=0xb400007609359790 mBlastBufferQueue=0xb4000075190eebd0 fn= 44 HdrRenderState mRenderHdrSdrRatio=1.0 caller= com.android.systemui.shared.launcher.ViewRootImplCompat.mergeWithNextTransaction:4 com.honeyspace.transition.utils.SurfaceTransactionApplier.scheduleApply$lambda$1:26 com.honeyspace.transition.utils.SurfaceTransactionApplier.b:0
08-13 16:19:51.961  1282  4902 V WindowManager: Relayout Window{67b6919 u0 com.example.cupcake.test/androidx.test.core.app.InstrumentationActivityInvoker$EmptyActivity}: viewVisibility=8 req=1080x2340 ty=1 d0
08-13 16:19:51.965  1111  1111 D SurfaceFlinger: Display 4633128672291735932 HWC layers:
08-13 16:19:51.965  1111  1111 D SurfaceFlinger:        DEVICE |   0xb4000079e28c6110 | 0000 | RGBA_8888    |    2.0    4.0 1078.0 2336.0 |    0    0 1080 2340 | Wallpaper BBQ wrapper 5_system#82 (19)
08-13 16:19:51.965  1111  1111 D SurfaceFlinger:        DEVICE |   0xb4000079e2913b90 | 0001 | RGBA_8888    |    0.0    0.0 1080.0 2340.0 |    0    0 1080 2340 | com.sec.android.app.launcher/com.sec[...]vities.LauncherActivity$_2742#233683 (41)
08-13 16:19:51.965  1111  1111 D SurfaceFlinger:        DEVICE |   0xb4000079e28be850 | 0001 | RGBA_8888    |    0.0    0.0 1080.0   80.0 |    0    0 1080   80 | StatusBar$_2127#106 (79453)
08-13 16:19:51.965  1111  1111 D SurfaceFlinger:        DEVICE |   0xb4000079e2935310 | 0001 | RGBA_8888    |    0.0    0.0 1080.0  135.0 |    0 2205 1080 2340 | NavigationBar0$_2127#101 (129844)
08-13 16:19:51.965  1111  1111 D SurfaceFlinger:        DEVICE |   0xb4000079e2910550 | 0001 | RGBA_8888    |    0.0  249.0 1034.0  827.0 |   46    0 1080  578 | $_4855#233489 (386)
08-13 16:19:51.965  1111  1111 D SurfaceFlinger:
08-13 16:19:51.966  1111  1111 E SurfaceFlinger: alpha changed 0.000 -> 0.000 - Surface(name=Task=2226)/@0x7825dad_transition-leash#233688
08-13 16:19:51.966  1111  1111 I SurfaceFlinger: Layer [ActivityRecord{f1dc00e u0 com.exampl[...]vity.ComponentActivity t2227}#233694] hidden!! flag(0)
08-13 16:19:51.966  1111  1111 I SurfaceFlinger: Layer [Transition Root: Task=2227#233701] hidden!! flag(0)
08-13 16:19:51.966  1111  1111 I SurfaceFlinger: Layer [Task=2227#233693] hidden!! flag(0)
08-13 16:19:51.966  1111  1111 E SurfaceFlinger: alpha changed 1.000 -> 0.000 - Task=2227#233693
08-13 16:19:51.966  1111  1111 I SurfaceFlinger: Layer [7d362d4 Splash Screen com.example.cupcake#233695] hidden!! flag(0)
08-13 16:19:51.966  1111  1111 I SurfaceFlinger: Layer [com.example.cupcake/androidx.activity.ComponentActivity$_5596#233698] hidden!! flag(0)
08-13 16:19:51.966  1111  1111 I SurfaceFlinger: Layer [1ae5d6e com.example.cupcake/androidx.activity.ComponentActivity#233696] hidden!! flag(0)
08-13 16:19:51.966  1111  1111 I SurfaceFlinger: Layer [Splash Screen com.example.cupcake$_2127#233697] hidden!! flag(0)
08-13 16:19:51.966  1111  1111 E SurfaceFlinger: alpha changed 0.000 -> 0.000 - Task=2227#233693
08-13 16:19:51.966  1111  1111 E SurfaceFlinger: alpha changed 0.000 -> 0.000 - Task=2227#233693
08-13 16:19:51.966  1111  1111 I SurfaceFlinger: destroyed 1283aa6 Splash Screen com.example.cupcake.test#233670
08-13 16:19:51.966  1111  1111 I SurfaceFlinger: destroyed Transition Root: Task=1#233686
08-13 16:19:51.966  1111  1111 I SurfaceFlinger: [LayerHierarchy{RequestedLayerState{Task=1#52 parentId=233701 z=3} 2 children}] reparent to LayerHierarchy{RequestedLayerState{Transition Root: Task=2227#233701 parentId=11 z=3} 1 children}
08-13 16:19:51.966  1111  1111 I SurfaceFlinger: [LayerHierarchy{RequestedLayerState{WallpaperWindowToken{b638ffb token=android.os.Binder@64ddd8a}#74 parentId=233701 z=1} 1 children}] reparent to LayerHierarchy{RequestedLayerState{Transition Root: Task=2227#233701 parentId=11 z=3} 2 children}
08-13 16:19:51.966  1111  1111 I SurfaceFlinger: [LayerHierarchy{RequestedLayerState{Task=2227#233693 parentId=233701 z=7} 1 children}] reparent to LayerHierarchy{RequestedLayerState{Transition Root: Task=2227#233701 parentId=11 z=3} 3 children}
08-13 16:19:51.969  2742  2108 I HoneySpace.HistoryViewModel@160600677@OneUI: Illegal access. Unknown type. skip load history items
08-13 16:19:51.969  1111  1111 I Layer   : id=233670 Destroyed 1283aa6 Splash Screen com.example.cupcake.test#233670
08-13 16:19:51.969  1111  1111 I Layer   : id=233686 Destroyed Transition Root: Task=1#233686
08-13 16:19:51.971  1282  4902 V WindowManager: Relayout hash=67b6919, pid=5736, syncId=-1: mAttrs={(0,0)(fillxfill) sim={adjust=pan forwardNavigation} layoutInDisplayCutoutMode=always ty=BASE_APPLICATION
08-13 16:19:51.971  1282  4902 V WindowManager:   fl=81810100
08-13 16:19:51.971  1282  4902 V WindowManager:   pfl=100088c0
08-13 16:19:51.971  1282  4902 V WindowManager:   bhv=1
08-13 16:19:51.971  1282  4902 V WindowManager:   fitSides=0
08-13 16:19:51.971  1282  4902 V WindowManager:   frameRateBoostOnTouch=true
08-13 16:19:51.971  1282  4902 V WindowManager:   dvrrWindowFrameRateHint=true naviIconColor=0}
08-13 16:19:51.974  2742  2742 I HoneySpace.RectFAnimation: animateToFinalPosition RectF(465.0, 1801.714, 615.0, 1951.714)
08-13 16:19:51.976  2742  4754 I VRI[LauncherActivity]@3489192: mWNT: t=0xb40000760936d450 mBlastBufferQueue=0xb4000075190eebd0 fn= 45 HdrRenderState mRenderHdrSdrRatio=1.0 caller= com.android.systemui.shared.launcher.ViewRootImplCompat.mergeWithNextTransaction:4 com.honeyspace.transition.utils.SurfaceTransactionApplier.scheduleApply$lambda$1:26 com.honeyspace.transition.utils.SurfaceTransactionApplier.b:0
08-13 16:19:51.978  5736  5736 I VRI[InstrumentationActivityInvoker$EmptyActivity]@a0a1866: Relayout returned: old=(0,0,1080,2340) new=(0,0,1080,2340) relayoutAsync=false req=(1080,2340)8 dur=17 res=0x2 s={false 0x0} ch=true seqId=0
08-13 16:19:51.978  1111  1223 I SurfaceFlinger: id=233703 createSurf, flag=24000, Surface(name=1ae5d6e com.example.cupcake/androidx.activity.ComponentActivity)/@0x4ee9e78 - animation-leash of starting_reveal#233703
08-13 16:19:51.979  5736  5736 D VRI[InstrumentationActivityInvoker$EmptyActivity]@a0a1866: Not drawing due to not visible. Reason=!mAppVisible && !mForceDecorViewVisibility
08-13 16:19:51.979  1111  1111 E SurfaceFlinger: alpha changed 0.000 -> 0.180 - Task=2227#233693
08-13 16:19:51.979  1111  1111 I SurfaceFlinger: [Surface(name=1ae5d6e com.example.cupcake/androidx.activity.ComponentActivity)/@0x4ee9e78 - animation-leash of starting_reveal#233703] attach to parent LayerHierarchy{RequestedLayerState{ActivityRecord{f1dc00e u0 com.example.cupcake/androidx.activity.ComponentActivity t2227}#233694 parentId=233693} 4 children}
08-13 16:19:51.979  6225  4821 I NetworkScheduler: (REDACTED) Error inserting %s
08-13 16:19:51.980  5736  5756 D HWUI    : CacheManager::trimMemory(40)
08-13 16:19:51.980  5736  5736 I VRI[InstrumentationActivityInvoker$EmptyActivity]@a0a1866: stopped(true) old = false
08-13 16:19:51.980  5736  5736 D VRI[InstrumentationActivityInvoker$EmptyActivity]@a0a1866: WindowStopped on com.example.cupcake.test/androidx.test.core.app.InstrumentationActivityInvoker$EmptyActivity set to true
08-13 16:19:51.985  2127  2303 D ShellTaskOrganizer: removeStartingWindow, removalInfo=StartingWindowRemovalInfo{taskId=2227 frame=Rect(0, 0 - 1080, 2340) playRevealAnimation=true roundedCornerRadius=0.0 deferRemoveMode=0 windowlessSurface=false removeImmediately=false}
08-13 16:19:51.988  2742  2742 I HoneySpace.RectFAnimation: animateToFinalPosition RectF(465.0, 1801.1613, 615.0, 1951.1613)
08-13 16:19:51.988  1282  1447 I SurfaceControl: apply, lowDebugName=CreateStartingRevealAnim, caller=android.view.SurfaceControl$Transaction.apply:3122 android.view.SurfaceControl$Transaction.apply:3078 com.android.server.wm.WindowAnimator.animate:380 com.android.server.wm.WindowAnimator$$ExternalSyntheticLambda1.doFrame:14 android.view.Choreographer$CallbackRecord.run:1749 android.view.Choreographer$CallbackRecord.run:1760
08-13 16:19:51.988  2742  4755 I VRI[LauncherActivity]@3489192: mWNT: t=0xb40000760934c590 mBlastBufferQueue=0xb4000075190eebd0 fn= 46 HdrRenderState mRenderHdrSdrRatio=1.0 caller= com.android.systemui.shared.launcher.ViewRootImplCompat.mergeWithNextTransaction:4 com.honeyspace.transition.utils.SurfaceTransactionApplier.scheduleApply$lambda$1:26 com.honeyspace.transition.utils.SurfaceTransactionApplier.b:0
08-13 16:19:51.990  1111  1111 D SurfaceFlinger: Display 4633128672291735932 HWC layers:
08-13 16:19:51.990  1111  1111 D SurfaceFlinger:        DEVICE |   0xb4000079e28c6110 | 0000 | RGBA_8888    |    0.0    0.0 1080.0 2340.0 |    0    0 1080 2340 | Wallpaper BBQ wrapper 5_system#82 (19)
08-13 16:19:51.990  1111  1111 D SurfaceFlinger:        DEVICE |   0xb4000079e287f850 | 0001 | RGBA_8888    |    0.0    0.0 1080.0 2340.0 |    0    0 1080 2340 | com.sec.android.app.launcher/com.sec[...]vities.LauncherActivity$_2742#233683 (43)
08-13 16:19:51.990  1111  1111 D SurfaceFlinger:        CLIENT |   0xb4000079e28c0990 | 0001 | RGBA_8888    |    0.0    0.0 1080.0 2340.0 |   75  162 1005 2178 | com.example.cupcake/androidx.activity.ComponentActivity$_5596#233698 (1)
08-13 16:19:51.990  1111  1111 D SurfaceFlinger:        CLIENT |   0xb4000079e2938b10 | 0001 | RGBA_8888    |    0.0    0.0 1080.0 2340.0 |   75  162 1005 2178 | Splash Screen com.example.cupcake$_2127#233697 (1)
08-13 16:19:51.990  1111  1111 D SurfaceFlinger:        DEVICE |   0xb4000079e28c9c90 | 0001 | RGBA_8888    |    0.0    0.0 1080.0   80.0 |    0    0 1080   80 | StatusBar$_2127#106 (79455)
08-13 16:19:51.990  1111  1111 D SurfaceFlinger:        DEVICE |   0xb4000079e2935310 | 0001 | RGBA_8888    |    0.0    0.0 1080.0  135.0 |    0 2205 1080 2340 | NavigationBar0$_2127#101 (12984
08-13 16:19:51.990  1111  1111 D SurfaceFlinger: 4)
08-13 16:19:51.990  1111  1111 D SurfaceFlinger:        DEVICE |   0xb4000079e2910550 | 0001 | RGBA_8888    |    0.0  249.0 1034.0  827.0 |   46    0 1080  578 | $_4855#233489 (386)
08-13 16:19:51.990  1111  1111 D SurfaceFlinger:
08-13 16:19:51.991  1111  1111 I SurfaceFlinger: [LayerHierarchy{RequestedLayerState{1ae5d6e com.example.cupcake/androidx.activity.ComponentActivity#233696 parentId=233703} 1 children}] reparent to LayerHierarchy{RequestedLayerState{Surface(name=1ae5d6e com.example.cupcake/androidx.activity.ComponentActivity)/@0x4ee9e78 - animation-leash of starting_reveal#233703 parentId=233694} 1 children}
08-13 16:19:51.992  1282  4902 D InputDispatcher: Focus entered window (0): 1ae5d6e com.example.cupcake/androidx.activity.ComponentActivity
08-13 16:19:51.993  1062  6089 I HYPER-HAL: [RequestManager.cpp]releaseLocked(): Released ID : 857422
08-13 16:19:51.994  5596  5596 D VRI[ComponentActivity]@c412dcc: mThreadedRenderer.initializeIfNeeded()#2 mSurface={isValid=true 0xb4000075e91617a0}
08-13 16:19:51.995  5596  5596 D InputMethodManagerUtils: startInputInner - Id : 0
08-13 16:19:51.995  5596  5596 I InputMethodManager: startInputInner - IInputMethodManagerGlobalInvoker.startInputOrWindowGainedFocus
08-13 16:19:51.997  1282  1696 I ImeTracker: com.example.cupcake:32f67af1: onRequestHide at ORIGIN_SERVER reason HIDE_UNSPECIFIED_WINDOW fromUser false
08-13 16:19:51.997  1282  1696 I ImeTracker: com.example.cupcake:32f67af1: onCancelled at PHASE_SERVER_SHOULD_HIDE
08-13 16:19:51.998  1282  1696 D InputTransport: Input channel constructed: 'ClientS', fd=1025
08-13 16:19:51.998  4917  4917 I HBD     : HoneyBoardService onFinishInput
08-13 16:19:51.998  5596  5618 D InputTransport: Input channel constructed: 'ClientS', fd=145
08-13 16:19:51.998  4917  4917 I HBD     : a IC have been unbinding,  RemoteInputConnection{idHash=#cd4bbe3}
08-13 16:19:51.998  4917  4917 I HBD     : HoneyBoardService [PF_CL][onFinishInput]  0 ms
08-13 16:19:51.998  1282  1696 D InputTransport: Input channel destroyed: 'ClientS', fd=1025
08-13 16:19:51.998  4917  4917 I HBD     : HoneyBoardService [IMI] onStartInput - caller pid : 5596 , caller uid : 10418
08-13 16:19:51.998  4917  4917 I HBD     : t updateConfigs
08-13 16:19:51.998  4917  4917 I HBD     : t isEnabledNightMode : true
08-13 16:19:51.998  4917  4917 I HBD     : a IC have been binding, RemoteInputConnection{idHash=#18cf8a4}
08-13 16:19:51.998  4917  4917 I HBD     : g [EditorInputType]setPrivateImeOptionsToTable privateImeOptions ( null )
08-13 16:19:51.998  4917  4917 I HBD     : b incognitoMode : false
08-13 16:19:51.999  4917  4917 I HBD     : b needOff = true , isForceOff = false, isNullInputClass : true
08-13 16:19:51.999  4917  4917 I HBD     : g getDefaultInputRange : UNKNOWN
08-13 16:19:51.999  4917  4917 I HBD     : g getDefaultInputRange : UNKNOWN
08-13 16:19:51.999  4917  4917 I HBD     : g getDefaultInputRange : UNKNOWN
08-13 16:19:51.999  5736  5736 W WindowOnBackDispatcher: sendCancelIfRunning: isInProgress=false callback=android.view.ViewRootImpl$$ExternalSyntheticLambda15@98f54f2
08-13 16:19:51.999  4917  4917 I HBD     : b needOff = true , isForceOff = false, isNullInputClass : true
08-13 16:19:51.999  4917  4917 I HBD     : b update cached prediction status : false
08-13 16:19:51.999  4917  4917 I HBD     : g getDefaultInputRange : UNKNOWN
08-13 16:19:51.999  1111  1162 I SurfaceFlinger: id=233704 createSurf, flag=24004, Surface(name=39a4c69 InputMethod)/@0x97414dd - animation-leash of insets_animation#233704
08-13 16:19:51.999  4917  4917 I HBD     : a currentState : 0
08-13 16:19:52.000  4917  4917 I HBD     : a [UpdatePolicy] [post] a: 0 cl: 4325376 kit: [0/26] vt: 0 ir: 1
08-13 16:19:52.001  4917  4917 I HBD     : a [NRIC] resetNoResponseState
08-13 16:19:52.001  4917  4917 I HBD     : b needOff = true , isForceOff = false, isNullInputClass : true
08-13 16:19:52.001  4917  4917 I HBD     : b update cached prediction status : false
08-13 16:19:52.001  4917  4917 I HBD     : c [AiWriter] setContact : com.example.cupcake
08-13 16:19:52.001  4917  4917 I HBD     : a [AiWriter] setContact : com.example.cupcake
08-13 16:19:52.001  4917  4917 I HBD     : b needOff = true , isForceOff = false, isNullInputClass : true
08-13 16:19:52.001  4917  4917 I HBD     : b getTBC , flag: 1 , start: 0 , end: 0 , length: 0 , composingLength: 0 , isKCC: false
08-13 16:19:52.002  4917  4917 I HBD     : E EBD si S 0
08-13 16:19:52.002  4917  4917 I HBD     : m updateContactDBLanguage : 0
08-13 16:19:52.002  4917  4917 I HBD     : a [UpdatePolicy] [post] a: 31 cl: 4325376 kit: [0/26] vt: 0 ir: 1
08-13 16:19:52.003  4917  4917 I HBD     : HoneyBoardService [PF_OP][onStartInput]  5 ms
08-13 16:19:52.005  5736  5736 I VRI[InstrumentationActivityInvoker$EmptyActivity]@a0a1866: dispatchDetachedFromWindow
08-13 16:19:52.005  1282  4376 D InputTransport: Input channel destroyed: '67b6919', fd=981
08-13 16:19:52.006  1282  4376 W InputManager-JNI: Input channel object '67b6919 com.example.cupcake.test/androidx.test.core.app.InstrumentationActivityInvoker$EmptyActivity (client)' was disposed without first being removed with the input manager!
08-13 16:19:52.006  1282  4376 D InputTransport: Input channel destroyed: '67b6919', fd=1026
08-13 16:19:52.006  4917 27939 I HBD     : h [SKE_SPECIFIC] specific model[com.example.cupcake] loaded, 2519693 ns
08-13 16:19:52.008  5736  5736 D InputTransport: Input channel destroyed: '67b6919', fd=125
08-13 16:19:52.010  1111  1111 I SurfaceFlinger: [Surface(name=39a4c69 InputMethod)/@0x97414dd - animation-leash of insets_animation#233704] attach to parent LayerHierarchy{RequestedLayerState{WindowToken{72c0868 type=2011 android.os.Binder@fb66f8b}#121 parentId=16} 2 children}
08-13 16:19:52.012  1111  1223 I SurfaceFlinger: id=233678 Removed fa03664 ActivityRecordInputSink com.example.cupcake.test/androidx.test.core.app.InstrumentationActivityInvoker$EmptyActivity#233678 (183)
08-13 16:19:52.013  1111  1223 I SurfaceFlinger: id=233705 createSurf, flag=24004, Task=2226#233705
08-13 16:19:52.016  5596  5596 I InsetsSourceConsumer: applyRequestedVisibilityToControl: visible=false, type=ime, host=com.example.cupcake/androidx.activity.ComponentActivity
08-13 16:19:52.020  4917  4917 I InputMethodService: scheduleImeSurfaceRemoval: canceled, mShowInputRequested=false, mWindowVisible=false, IsmWindowNull=false, IsmImeSurfaceRemoverRunnableNotNull=true
08-13 16:19:52.021  2742  2742 I HoneySpace.RectFAnimation: animateToFinalPosition RectF(465.0, 1799.9272, 615.0, 1949.9272)
08-13 16:19:52.021  2742  4754 I VRI[LauncherActivity]@3489192: mWNT: t=0xb4000076093698d0 mBlastBufferQueue=0xb4000075190eebd0 fn= 47 HdrRenderState mRenderHdrSdrRatio=1.0 caller= com.android.systemui.shared.launcher.ViewRootImplCompat.mergeWithNextTransaction:4 com.honeyspace.transition.utils.SurfaceTransactionApplier.scheduleApply$lambda$1:26 com.honeyspace.transition.utils.SurfaceTransactionApplier.b:0
08-13 16:19:52.022  2742  1824 I HoneySpace.RecentTasks: onRecentTasksChanged
08-13 16:19:52.030  2742  4755 I VRI[LauncherActivity]@3489192: mWNT: t=0xb400007609384910 mBlastBufferQueue=0xb4000075190eebd0 fn= 48 HdrRenderState mRenderHdrSdrRatio=1.0 caller= com.android.systemui.shared.launcher.ViewRootImplCompat.mergeWithNextTransaction:4 com.honeyspace.transition.utils.SurfaceTransactionApplier.scheduleApply$lambda$1:26 com.honeyspace.transition.utils.SurfaceTransactionApplier.b:0
08-13 16:19:52.031  1111  1111 E SurfaceFlinger: alpha changed 1.000 -> 0.000 - Surface(name=39a4c69 InputMethod)/@0x97414dd - animation-leash of insets_animation#233704
08-13 16:19:52.031  1111  1111 I SurfaceFlinger: [LayerHierarchy{RequestedLayerState{ImeContainer#16 parentId=233694 relativeParentId=233694 z=3} 1 children}] reparent to LayerHierarchy{RequestedLayerState{ActivityRecord{f1dc00e u0 com.example.cupcake/androidx.activity.ComponentActivity t2227}#233694 parentId=233693} 4 children}
08-13 16:19:52.031  1111  1111 I SurfaceFlinger: [LayerHierarchy{RequestedLayerState{ImeContainer#16 parentId=233694 relativeParentId=233694 z=3} 1 children}] RelativeParent to null
08-13 16:19:52.031  1111  1111 I SurfaceFlinger: [LayerHierarchy{RequestedLayerState{39a4c69 InputMethod#135 parentId=233704} no children}] reparent to LayerHierarchy{RequestedLayerState{Surface(name=39a4c69 InputMethod)/@0x97414dd - animation-leash of insets_animation#233704 parentId=121} 1 children}
08-13 16:19:52.031  1111  1111 I SurfaceFlinger: [LayerHierarchy{RequestedLayerState{Surface(name=39a4c69 InputMethod)/@0x97414dd - animation-leash of insets_animation#233691} no children}] reparent to OffscreenRoot
08-13 16:19:52.031  1111  1111 I SurfaceFlinger: [LayerHierarchy{RequestedLayerState{Surface(name=39a4c69 InputMethod)/@0x97414dd - animation-leash of insets_animation#233691} no children}] RelativeParent to null
08-13 16:19:52.031  1111  1111 I SurfaceFlinger: [LayerHierarchy{RequestedLayerState{Task=2226#233668 z=4} 1 children}] reparent to OffscreenRoot
08-13 16:19:52.031  1111  1111 I SurfaceFlinger: [LayerHierarchy{RequestedLayerState{Task=2226#233668 z=4} 1 children}] RelativeParent to null
08-13 16:19:52.031  1111  1111 I SurfaceFlinger: [LayerHierarchy{RequestedLayerState{ActivityRecord{928d82 u0 com.example.cupcake.test/androidx.test.core.app.InstrumentationActivityInvoker$EmptyActivity t2226}#233669} 2 children}] reparent to OffscreenRoot
08-13 16:19:52.031  1111  1111 I SurfaceFlinger: [LayerHierarchy{RequestedLayerState{ActivityRecord{928d82 u0 com.example.cupcake.test/androidx.test.core.app.InstrumentationActivityInvoker$EmptyActivity t2226}#233669} 2 children}] RelativeParent to null
08-13 16:19:52.031  1111  1111 I SurfaceFlinger: [LayerHierarchy{RequestedLayerState{67b6919 com.example.cupcake.test/androidx.test.core.app.InstrumentationActivityInvoker$EmptyActivity#233672} 1 children}] reparent to OffscreenRoot
08-13 16:19:52.031  1111  1111 I SurfaceFlinger: [LayerHierarchy{RequestedLayerState{67b6919 com.example.cupcake.test/androidx.test.core.app.InstrumentationActivityInvoker$EmptyActivity#233672} 1 children}] RelativeParent to null
08-13 16:19:52.031  1111  1111 I SurfaceFlinger: [LayerHierarchy{RequestedLayerState{com.example.cupcake.test/androidx.test.core.app.InstrumentationActivityInvoker$EmptyActivity$_5736#233673} no children}] reparent to OffscreenRoot
08-13 16:19:52.031  1111  1111 I SurfaceFlinger: [LayerHierarchy{RequestedLayerState{com.example.cupcake.test/androidx.test.core.app.InstrumentationActivityInvoker$EmptyActivity$_5736#233673} no children}] RelativeParent to null
08-13 16:19:52.031  1111  1111 I SurfaceFlinger: [Task=2226#233705] attach to parent OffscreenRoot
08-13 16:19:52.032  2742  2753 I id.app.launcher: NativeAlloc concurrent mark compact GC freed 30MB AllocSpace bytes, 111(6264KB) LOS objects, 63% free, 27MB/75MB, paused 6.610ms,10.128ms total 575.964ms
08-13 16:19:52.033  1111  1111 I SurfaceFlinger: id=233669 Removed ActivityRecord{928d82 u0 com.example.cupcake.test/androidx.test.core.app.InstrumentationActivityInvoker$EmptyActivity t2226}#233669 (184)
08-13 16:19:52.033  1111  1111 I SurfaceFlinger: id=233673 Removed com.example.cupcake.test/androidx.test.core.app.InstrumentationActivityInvoker$EmptyActivity$_5736#233673 (184)
08-13 16:19:52.033  1111  1111 I SurfaceFlinger: id=233672 Removed 67b6919 com.example.cupcake.test/androidx.test.core.app.InstrumentationActivityInvoker$EmptyActivity#233672 (184)
08-13 16:19:52.033  1111  1111 I SurfaceFlinger: id=233691 Removed Surface(name=39a4c69 InputMethod)/@0x97414dd - animation-leash of insets_animation#233691 (184)
08-13 16:19:52.033  2742  2742 I HoneySpace.RectFAnimation: animateToFinalPosition RectF(465.0, 1799.5121, 615.0, 1949.5121)
08-13 16:19:52.034  1111  1730 I SurfaceFlinger: id=233705 Removed Task=2226#233705 (184)
08-13 16:19:52.037  2742  1824 I HoneySpace.HistoryViewModel@160600677@OneUI: Illegal access. Unknown type. skip load history items
08-13 16:19:52.043  2742  4754 I VRI[LauncherActivity]@3489192: mWNT: t=0xb4000076092feb10 mBlastBufferQueue=0xb4000075190eebd0 fn= 49 HdrRenderState mRenderHdrSdrRatio=1.0 caller= com.android.systemui.shared.launcher.ViewRootImplCompat.mergeWithNextTransaction:4 com.honeyspace.transition.utils.SurfaceTransactionApplier.scheduleApply$lambda$1:26 com.honeyspace.transition.utils.SurfaceTransactionApplier.b:0
08-13 16:19:52.044  2127  2938 I VRI[cupcake]@1da36f4: mWNT: t=0xb4000076091b4b50 mBlastBufferQueue=0xb4000075191062d0 fn= 2 HdrRenderState mRenderHdrSdrRatio=1.0 caller= android.view.SyncRtSurfaceTransactionApplier.applyTransaction:96 android.view.SyncRtSurfaceTransactionApplier.lambda$scheduleApply$0:69 android.view.SyncRtSurfaceTransactionApplier.$r8$lambda$afI4fXg3U3-nBZQEDQMiNy-B06s:0
08-13 16:19:52.044  2742  2742 I HoneySpace.TaskListViewModel: onTaskRemoved : 2226
08-13 16:19:52.044  2742  2742 I HoneySpace.TaskListViewModel: onTaskRemoved : 2226
08-13 16:19:52.044  2742  2742 I HoneySpace.TaskListPot: taskRemoveId, taskId = 2226
08-13 16:19:52.044  2742  2742 I HoneySpace.StackRecentsView: INVALID_TASK_POSITION 2226
08-13 16:19:52.044  2127  2938 I VRI[cupcake]@1da36f4: mWNT: t=0xb400007609205350 mBlastBufferQueue=0xb4000075191062d0 fn= 2 HdrRenderState mRenderHdrSdrRatio=1.0 caller= android.view.SyncRtSurfaceTransactionApplier.applyTransaction:96 android.view.SyncRtSurfaceTransactionApplier.lambda$scheduleApply$0:69 android.view.SyncRtSurfaceTransactionApplier.$r8$lambda$afI4fXg3U3-nBZQEDQMiNy-B06s:0
08-13 16:19:52.044  2742  2742 I HoneySpace.TaskListViewModel: onTaskRemoved : 2226
08-13 16:19:52.044  2742  2742 I HoneySpace.TaskListViewModel: onTaskRemoved : 2226
08-13 16:19:52.044  2742  2742 I HoneySpace.TaskListPot: taskRemoveId, taskId = 2226
08-13 16:19:52.044  2742  2742 I HoneySpace.StackRecentsView: INVALID_TASK_POSITION 2226
08-13 16:19:52.045  2742  2742 I HoneySpace.RectFAnimation: animateToFinalPosition RectF(465.0, 1799.1921, 615.0, 1949.1921)
08-13 16:19:52.045  2742  2887 I HoneySpace.TopTaskSource: onTaskRemoved: 2226
08-13 16:19:52.048  1111  1111 I SurfaceFlinger: destroyed Surface(name=39a4c69 InputMethod)/@0x97414dd - animation-leash of insets_animation#233691
08-13 16:19:52.048  1111  1111 I SurfaceFlinger: destroyed Task=2226#233705
08-13 16:19:52.048  1111  1111 I SurfaceFlinger: destroyed ActivityRecord{928d82 u0 com.example.cupcake.test/androidx.test.core.app.InstrumentationActivityInvoker$EmptyActivity t2226}#233669
08-13 16:19:52.048  1111  1111 I SurfaceFlinger: destroyed 67b6919 com.example.cupcake.test/androidx.test.core.app.InstrumentationActivityInvoker$EmptyActivity#233672
08-13 16:19:52.048  1111  1111 I SurfaceFlinger: destroyed com.example.cupcake.test/androidx.test.core.app.InstrumentationActivityInvoker$EmptyActivity$_5736#233673
08-13 16:19:52.048  1111  1111 I SurfaceFlinger: destroyed fa03664 ActivityRecordInputSink com.example.cupcake.test/androidx.test.core.app.InstrumentationActivityInvoker$EmptyActivity#233678
08-13 16:19:52.048  2742  2887 I HoneySpace.TopTaskSource: onTaskRemoved: 2226
08-13 16:19:52.049  2127  2127 D NavigationBar: setImeWindowStatus displayId=0 vis=0 backDisposition=0 showImeSwitcher=false imeShown=false
08-13 16:19:52.051  1111  1111 I Layer   : id=233678 Destroyed fa03664 ActivityRecordInputSink com.example.cupcake.test/androidx.test.core.app.InstrumentationActivityInvoker$EmptyActivity#233678
08-13 16:19:52.051  1111  1111 I Layer   : id=233673 Destroyed com.example.cupcake.test/androidx.test.core.app.InstrumentationActivityInvoker$EmptyActivity$_5736#233673
08-13 16:19:52.051  1111  1111 I Layer   : id=233691 Destroyed Surface(name=39a4c69 InputMethod)/@0x97414dd - animation-leash of insets_animation#233691
08-13 16:19:52.051  1111  1111 I Layer   : id=233705 Destroyed Task=2226#233705
08-13 16:19:52.051  1111  1111 I Layer   : id=233669 Destroyed ActivityRecord{928d82 u0 com.example.cupcake.test/androidx.test.core.app.InstrumentationActivityInvoker$EmptyActivity t2226}#233669
08-13 16:19:52.051  1111  1111 I Layer   : id=233672 Destroyed 67b6919 com.example.cupcake.test/androidx.test.core.app.InstrumentationActivityInvoker$EmptyActivity#233672
08-13 16:19:52.056  2742  2742 I HoneySpace.RectFAnimation: animateToFinalPosition RectF(465.0, 1798.8751, 615.0, 1948.8751)
08-13 16:19:52.057  2742  4755 I VRI[LauncherActivity]@3489192: mWNT: t=0xb4000076091e96d0 mBlastBufferQueue=0xb4000075190eebd0 fn= 50 HdrRenderState mRenderHdrSdrRatio=1.0 caller= com.android.systemui.shared.launcher.ViewRootImplCompat.mergeWithNextTransaction:4 com.honeyspace.transition.utils.SurfaceTransactionApplier.scheduleApply$lambda$1:26 com.honeyspace.transition.utils.SurfaceTransactionApplier.b:0
08-13 16:19:52.062  1244  6944 I CameraService: onUidStateChanged: uid=10043, procState is changed. (1 -> 0)
08-13 16:19:52.066  2127  2127 D SystemUIService: SYSUI_RAM_OPTIMIZATION onTrimMemory=20
