08-13 16:19:58.926  5596  5677 I TestRunner: started: cupcakeNavHost_clickNextOnFlavorScreen_navigatesToPickupScreen(com.example.cupcake.test.CupcakeScreenNavigationTest)
08-13 16:19:58.927  1282  3084 V WindowManager: Relayout hash=a769aa5, pid=2127, syncId=-1: mAttrs={(0,0)(fillxfill) sim={adjust=pan} layoutInDisplayCutoutMode=always ty=APPLICATION_STARTING fmt=TRANSLUCENT
08-13 16:19:58.927  1282  3084 V WindowManager:   fl=81030118
08-13 16:19:58.927  1282  3084 V WindowManager:   pfl=10000810
08-13 16:19:58.927  1282  3084 V WindowManager:   apr=18
08-13 16:19:58.927  1282  3084 V WindowManager:   bhv=1
08-13 16:19:58.927  1282  3084 V WindowManager:   fitSides=0
08-13 16:19:58.927  1282  3084 V WindowManager:   frameRateBoostOnTouch=true
08-13 16:19:58.927  1282  3084 V WindowManager:   dvrrWindowFrameRateHint=true naviIconColor=0}
08-13 16:19:58.930 23813 30394 W FA      : Failed to retrieve Firebase Instance Id
08-13 16:19:58.930  2742  2742 I HoneySpace.RectFAnimation: animateToFinalPosition RectF(295.19904, 1139.9153, 784.80096, 1993.7662)
08-13 16:19:58.930  2742  2742 I HoneySpace.RectFAnimation: animateToFinalPosition RectF(329.7972, 1208.1406, 750.20276, 1897.9983)
08-13 16:19:58.931  2742  4755 I VRI[LauncherActivity]@3489192: mWNT: t=0xb400007609215490 mBlastBufferQueue=0xb4000075191609b0 fn= 16 HdrRenderState mRenderHdrSdrRatio=1.0 caller= com.android.systemui.shared.launcher.ViewRootImplCompat.mergeWithNextTransaction:4 com.honeyspace.transition.utils.SurfaceTransactionApplier.scheduleApply$lambda$1:26 com.honeyspace.transition.utils.SurfaceTransactionApplier.b:0
08-13 16:19:58.932  1282  1696 I ImeTracker: com.sec.android.app.launcher:8e8939cc: onRequestHide at ORIGIN_SERVER reason HIDE_UNSPECIFIED_WINDOW fromUser false
08-13 16:19:58.933  1282  1696 I ImeTracker: com.sec.android.app.launcher:8e8939cc: onCancelled at PHASE_SERVER_SHOULD_HIDE
08-13 16:19:58.936  2127  2334 I VRI[test]@5517fd7: Relayout returned: old=(0,0,1080,2340) new=(0,0,1080,2340) relayoutAsync=false req=(1080,2340)8 dur=45 res=0x2 s={false 0x0} ch=true seqId=0
08-13 16:19:58.937  2127  2334 D VRI[test]@5517fd7: Not drawing due to not visible. Reason=View.GONE
08-13 16:19:58.937  2127  2334 W WindowOnBackDispatcher: sendCancelIfRunning: isInProgress=false callback=android.view.ViewRootImpl$$ExternalSyntheticLambda15@444273
08-13 16:19:58.938  1111  1730 I SurfaceFlinger: id=233817 Removed 2b563e4 ActivityRecordInputSink com.example.cupcake/androidx.activity.ComponentActivity#233817 (200)
08-13 16:19:58.938  1111  1111 I SurfaceFlinger: destroyed com.example.cupcake/androidx.activity.ComponentActivity$_5596#233813
08-13 16:19:58.938  1111  1111 I SurfaceFlinger: destroyed Surface(name=39a4c69 InputMethod)/@0x97414dd - animation-leash of insets_animation#233819
08-13 16:19:58.938  1111  1111 I SurfaceFlinger: destroyed 43eac26 com.example.cupcake/androidx.activity.ComponentActivity#233811
08-13 16:19:58.939  1111  1730 I SurfaceFlinger: id=233844 createSurf, flag=24004, Task=2233#233844
08-13 16:19:58.940  5596  5596 D InputTransport: Input channel destroyed: 'ClientS', fd=144
08-13 16:19:58.940  1111  1111 I Layer   : id=233811 Destroyed 43eac26 com.example.cupcake/androidx.activity.ComponentActivity#233811
08-13 16:19:58.941  1111  1111 I Layer   : id=233813 Destroyed com.example.cupcake/androidx.activity.ComponentActivity$_5596#233813
08-13 16:19:58.941  1111  1111 I Layer   : id=233819 Destroyed Surface(name=39a4c69 InputMethod)/@0x97414dd - animation-leash of insets_animation#233819
08-13 16:19:58.945  2127  2127 I AppIconSolution: return adaptive icon for com.samsung.android.app.smartcapture, isNight = true
08-13 16:19:58.951  2742  2742 I VRI[LauncherActivity]@3489192: handleResized, frames=ClientWindowFrames{frame=[0,0][1080,2340] display=[0,0][1080,2340] parentFrame=[0,0][0,0]} displayId=0 dragResizing=false compatScale=1.0 frameChanged=false attachedFrameChanged=false configChanged=false displayChanged=false compatScaleChanged=false dragResizingChanged=false
08-13 16:19:58.951  5596  5677 D IdlingRegistry: Registering idling resources: [androidx.compose.ui.test.EspressoLink@15f27f4]
08-13 16:19:58.952  2742  2742 I HoneySpace.RectFAnimation: animateToFinalPosition RectF(329.7972, 1280.293, 750.20276, 1970.1506)
08-13 16:19:58.952  2742  2742 I HoneySpace.RectFAnimation: animateToFinalPosition RectF(361.23486, 1340.6273, 718.76514, 1885.4596)
08-13 16:19:58.953  1111  1111 I SurfaceFlinger: [Task=2233#233844] attach to parent Root
08-13 16:19:58.955  1282  1696 D InputTransport: Input channel constructed: 'ClientS', fd=1007
08-13 16:19:58.954  2742  4754 I VRI[LauncherActivity]@3489192: mWNT: t=0xb4000076091fbe90 mBlastBufferQueue=0xb4000075191609b0 fn= 17 HdrRenderState mRenderHdrSdrRatio=1.0 caller= com.android.systemui.shared.launcher.ViewRootImplCompat.mergeWithNextTransaction:4 com.honeyspace.transition.utils.SurfaceTransactionApplier.scheduleApply$lambda$1:26 com.honeyspace.transition.utils.SurfaceTransactionApplier.b:0
08-13 16:19:58.956  2127  2334 I VRI[test]@5517fd7: dispatchDetachedFromWindow
08-13 16:19:58.956  2127  2127 D SecKeyguardClockPositionAlgorithm: getTopMargin scale = 1.2690217, clockContainerHeight = 389, scaleMarginY = -41
08-13 16:19:58.957  1282  4376 D InputTransport: Input channel destroyed: 'a769aa5', fd=932
08-13 16:19:58.957  1282  4376 W InputManager-JNI: Input channel object 'a769aa5 Splash Screen com.example.cupcake.test (client)' was disposed without first being removed with the input manager!
08-13 16:19:58.957  1282  4376 D InputTransport: Input channel destroyed: 'a769aa5', fd=981
08-13 16:19:58.958  4917  4917 I HBD     : HoneyBoardService onFinishInput
08-13 16:19:58.959  4917  4917 I HBD     : a IC have been unbinding,  RemoteInputConnection{idHash=#e2cd27a}
08-13 16:19:58.959  4917  4917 I HBD     : HoneyBoardService [PF_CL][onFinishInput]  1 ms
08-13 16:19:58.959  4917  4917 I HBD     : HoneyBoardService [IMI] onStartInput - caller pid : 2742 , caller uid : 10132
08-13 16:19:58.959  4917  4917 I HBD     : t updateConfigs
08-13 16:19:58.960  2127  2334 D InputTransport: Input channel destroyed: 'a769aa5', fd=457
08-13 16:19:58.959  4917  4917 I HBD     : t isEnabledNightMode : true
08-13 16:19:58.960  4917  4917 I HBD     : a IC have been binding, RemoteInputConnection{idHash=#592fa2b}
08-13 16:19:58.960  4917  4917 I HBD     : g [EditorInputType]setPrivateImeOptionsToTable privateImeOptions ( null )
08-13 16:19:58.960  4917  4917 I HBD     : b incognitoMode : false
08-13 16:19:58.960  4917  4917 I HBD     : b needOff = true , isForceOff = false, isNullInputClass : true
08-13 16:19:58.961  4917  4917 I HBD     : g getDefaultInputRange : UNKNOWN
08-13 16:19:58.961  4917  4917 I HBD     : g getDefaultInputRange : UNKNOWN
08-13 16:19:58.961  4917  4917 I HBD     : g getDefaultInputRange : UNKNOWN
08-13 16:19:58.961  2742  2742 I HoneySpace.RectFAnimation: animateToFinalPosition RectF(361.23486, 1368.683, 718.76514, 1913.5153)
08-13 16:19:58.961  2742  2742 I HoneySpace.RectFAnimation: animateToFinalPosition RectF(372.70642, 1390.5461, 707.2936, 1882.8259)
08-13 16:19:58.961  2742  4755 I VRI[LauncherActivity]@3489192: mWNT: t=0xb4000076091f2b90 mBlastBufferQueue=0xb4000075191609b0 fn= 18 HdrRenderState mRenderHdrSdrRatio=1.0 caller= com.android.systemui.shared.launcher.ViewRootImplCompat.mergeWithNextTransaction:4 com.honeyspace.transition.utils.SurfaceTransactionApplier.scheduleApply$lambda$1:26 com.honeyspace.transition.utils.SurfaceTransactionApplier.b:0
08-13 16:19:58.962  4917  4917 I HBD     : b needOff = true , isForceOff = false, isNullInputClass : true
08-13 16:19:58.962  4917  4917 I HBD     : b update cached prediction status : false
08-13 16:19:58.962  4917  4917 I HBD     : g getDefaultInputRange : UNKNOWN
08-13 16:19:58.962  4917  4917 I HBD     : a currentState : 0
08-13 16:19:58.963  4917  4917 I HBD     : a [UpdatePolicy] [post] a: 0 cl: 4325376 kit: [0/26] vt: 0 ir: 1
08-13 16:19:58.966  1282  1696 D InputTransport: Input channel destroyed: 'ClientS', fd=1007
08-13 16:19:58.968  2127  2127 I WallpaperService: resized: system, reportDraw=false, forceLayout=false, displayId=0
08-13 16:19:58.968  2127  2436 I WallpaperService: handleResized: which=5, reportDraw=false
08-13 16:19:58.968  2127  2436 I WallpaperService: updateSurface system forceRelayout=true forceReport=false redrawNeeded=false myWidth=-1 myHeight=-1 fixedSize=false x = 0 y = 0 mWidth=-1 mHeight=-1
08-13 16:19:58.968  2127  2127 I VRI[StatusBar]@1c497cd: handleResized, frames=ClientWindowFrames{frame=[0,0][1080,80] display=[0,0][1080,2340] parentFrame=[0,0][0,0]} displayId=0 dragResizing=false compatScale=1.0 frameChanged=false attachedFrameChanged=false configChanged=false displayChanged=false compatScaleChanged=false dragResizingChanged=false
08-13 16:19:58.968  2127  2127 I VRI[NavigationBar0]@9ffebdc: handleResized, frames=ClientWindowFrames{frame=[0,2205][1080,2340] display=[0,0][1080,2340] parentFrame=[0,0][0,0]} displayId=0 dragResizing=false compatScale=1.0 frameChanged=false attachedFrameChanged=false configChanged=false displayChanged=false compatScaleChanged=false dragResizingChanged=false
08-13 16:19:58.969  2742  1824 I HoneySpace.RecentTasks: onRecentTasksChanged
08-13 16:19:58.970  2127  2436 I WallpaperService: maxBounds : Rect(0, 0 - 1080, 2340) , mDeviceHeight : 2340, mDeviceWidth : 1080,mDeviceRotation  : 0
08-13 16:19:58.970  2127  2436 I WallpaperService: updateSurface: invoke Session.relayout
08-13 16:19:58.971  1111  1111 I SurfaceFlinger: Layer [Splash Screen com.example.cupcake.test$_2127#233823] hidden!! flag(1)
08-13 16:19:58.971  1111  1111 I SurfaceFlinger: [LayerHierarchy{RequestedLayerState{Task=2233#233808 z=3} 1 children}] reparent to OffscreenRoot
08-13 16:19:58.971  1111  1111 I SurfaceFlinger: [LayerHierarchy{RequestedLayerState{Task=2233#233808 z=3} 1 children}] RelativeParent to null
08-13 16:19:58.971  1111  1111 I SurfaceFlinger: [LayerHierarchy{RequestedLayerState{ActivityRecord{ca13702 u0 com.example.cupcake/androidx.activity.ComponentActivity t2233}#233809} 2 children}] reparent to OffscreenRoot
08-13 16:19:58.971  1111  1111 I SurfaceFlinger: [LayerHierarchy{RequestedLayerState{ActivityRecord{ca13702 u0 com.example.cupcake/androidx.activity.ComponentActivity t2233}#233809} 2 children}] RelativeParent to null
08-13 16:19:58.971  1111  1111 I SurfaceFlinger: [LayerHierarchy{RequestedLayerState{Task=2233#233844 z=3} no children}] reparent to OffscreenRoot
08-13 16:19:58.971  1111  1111 I SurfaceFlinger: [LayerHierarchy{RequestedLayerState{Task=2233#233844 z=3} no children}] RelativeParent to null
08-13 16:19:58.972  1111  1111 I SurfaceFlinger: id=233844 Removed Task=2233#233844 (198)
08-13 16:19:58.972  1111  1111 I SurfaceFlinger: id=233809 Removed ActivityRecord{ca13702 u0 com.example.cupcake/androidx.activity.ComponentActivity t2233}#233809 (198)
08-13 16:19:58.973  2127  2127 D S.S.N.  : entryViewBound parent :0|com.samsung.android.app.smartcapture|1332|null|10190
08-13 16:19:58.973  2742  4754 I VRI[LauncherActivity]@3489192: mWNT: t=0xb4000076092a35d0 mBlastBufferQueue=0xb4000075191609b0 fn= 19 HdrRenderState mRenderHdrSdrRatio=1.0 caller= com.android.systemui.shared.launcher.ViewRootImplCompat.mergeWithNextTransaction:4 com.honeyspace.transition.utils.SurfaceTransactionApplier.scheduleApply$lambda$1:26 com.honeyspace.transition.utils.SurfaceTransactionApplier.b:0
08-13 16:19:58.974  2742  2742 I HoneySpace.RectFAnimation: animateToFinalPosition RectF(372.70642, 1427.9814, 707.2936, 1920.261)
08-13 16:19:58.974  4917  4917 I HBD     : a [NRIC] resetNoResponseState
08-13 16:19:58.974  2742  2742 I HoneySpace.RectFAnimation: animateToFinalPosition RectF(387.36108, 1454.9835, 692.6389, 1882.3582)
08-13 16:19:58.974  4917  4917 I HBD     : b needOff = true , isForceOff = false, isNullInputClass : true
08-13 16:19:58.974  4917  4917 I HBD     : b update cached prediction status : false
08-13 16:19:58.974  4917  4917 I HBD     : c [AiWriter] setContact : com.sec.android.app.launcher
08-13 16:19:58.974  4917  4917 I HBD     : a [AiWriter] setContact : com.sec.android.app.launcher
08-13 16:19:58.975  4917  4917 I HBD     : b needOff = true , isForceOff = false, isNullInputClass : true
08-13 16:19:58.975  4917  4917 I HBD     : b getTBC , flag: 1 , start: 0 , end: 0 , length: 0 , composingLength: 0 , isKCC: false
08-13 16:19:58.975  2127  2127 I AppIconSolution: return adaptive icon for com.samsung.android.app.smartcapture, isNight = true
08-13 16:19:58.975  5596  5677 W Settings: Setting always_finish_activities has moved from android.provider.Settings.System to android.provider.Settings.Global, returning read-only value.
08-13 16:19:58.984  2127  2127 D SubscreenNotificationListCoordinator: onAfterRenderList() isSubScreen = false, pluginLockMode = 0, doNotShowOnCover = false
08-13 16:19:58.985  1282  1447 I SurfaceControl: apply, lowDebugName=RemoveStartingRevealAnim, caller=android.view.SurfaceControl$Transaction.apply:3122 android.view.SurfaceControl$Transaction.apply:3078 com.android.server.wm.WindowAnimator.animate:380 com.android.server.wm.WindowAnimator$$ExternalSyntheticLambda1.doFrame:14 android.view.Choreographer$CallbackRecord.run:1749 android.view.Choreographer$CallbackRecord.run:1760
08-13 16:19:58.985  1282  2477 V WindowManager: Relayout Window{866bb5d u0 com.android.systemui.wallpapers.ImageWallpaper}: viewVisibility=0 req=-1x-1 ty=2013 d0
08-13 16:19:58.987  1111  1111 D SurfaceFlinger: Display 4633128672291735932 HWC layers:
08-13 16:19:58.987  1111  1111 D SurfaceFlinger:        DEVICE |   0xb4000079e28c6110 | 0000 | RGBA_8888    |   58.0  125.0 1022.0 2215.0 |    0    0 1080 2340 | Wallpaper BBQ wrapper 5_system#82 (19)
08-13 16:19:58.987  1111  1111 D SurfaceFlinger:        DEVICE |   0xb4000079e28a7550 | 0001 | RGBA_8888    |    0.0    0.0 1080.0 2340.0 |    0    0 1080 2340 | com.sec.android.app.launcher/com.sec[...]vities.LauncherActivity$_2742#233835 (16)
08-13 16:19:58.987  1111  1111 D SurfaceFlinger:        CLIENT |   0xb4000079e295cad0 | 0001 | RGBA_8888    |    0.0   37.0 1080.0 2036.0 |  154  664  926 2092 | com.example.cupcake.test/androidx.te[...]tyInvoker$EmptyActivity$_5736#233825 (1)
08-13 16:19:58.987  1111  1111 D SurfaceFlinger:        DEVICE |   0xb4000079e28be850 | 0001 | RGBA_8888    |    0.0    0.0 1080.0   80.0 |    0    0 1080   80 | StatusBar$_2127#106 (79565)
08-13 16:19:58.987  1111  1111 D SurfaceFlinger:        DEVICE |   0xb4000079e2935310 | 0001 | RGBA_8888    |    0.0    0.0 1080.0  135.0 |    0 2205 1080 2340 | NavigationBar0$_2127#101 (129964)
08-13 16:19:58.987  1111  1111 D SurfaceFlinger:        DEVICE |   0xb4000079e28ad3d0 | 0001 | RGBA_8888    |    0.0  249.0 1034.0  827.0 |   46    0 1080  578 | $_4855#233489 (393)
08-13 16:19:58.987  1111  1111 D SurfaceFlinger:
08-13 16:19:58.987  2127  2127 D SecKeyguardClockPositionAlgorithm: getTopMargin scale = 1.2690217, clockContainerHeight = 389, scaleMarginY = -41
08-13 16:19:58.988  1111  1111 I SurfaceFlinger: destroyed ActivityRecord{ca13702 u0 com.example.cupcake/androidx.activity.ComponentActivity t2233}#233809
08-13 16:19:58.988  1111  1111 I SurfaceFlinger: destroyed Task=2233#233844
08-13 16:19:58.988  1111  1111 I SurfaceFlinger: destroyed 2b563e4 ActivityRecordInputSink com.example.cupcake/androidx.activity.ComponentActivity#233817
08-13 16:19:58.988  1111  1111 I SurfaceFlinger: [LayerHierarchy{RequestedLayerState{Surface(name=33a6f91 com.example.cupcake.test/androidx.test.core.app.InstrumentationActivityInvoker$EmptyActivity)/@0xeeb3497 - animation-leash of starting_reveal#233842} 1 children}] reparent to OffscreenRoot
08-13 16:19:58.988  1111  1111 I SurfaceFlinger: [LayerHierarchy{RequestedLayerState{Surface(name=33a6f91 com.example.cupcake.test/androidx.test.core.app.InstrumentationActivityInvoker$EmptyActivity)/@0xeeb3497 - animation-leash of starting_reveal#233842} 1 children}] RelativeParent to null
08-13 16:19:58.988  1111  1111 I SurfaceFlinger: [LayerHierarchy{RequestedLayerState{a769aa5 Splash Screen com.example.cupcake.test#233822 z=2147483647} 1 children}] reparent to OffscreenRoot
08-13 16:19:58.988  1111  1111 I SurfaceFlinger: [LayerHierarchy{RequestedLayerState{a769aa5 Splash Screen com.example.cupcake.test#233822 z=2147483647} 1 children}] RelativeParent to null
08-13 16:19:58.988  1111  1111 I SurfaceFlinger: [LayerHierarchy{RequestedLayerState{Splash Screen com.example.cupcake.test$_2127#233823} no children}] reparent to OffscreenRoot
08-13 16:19:58.988  1111  1111 I SurfaceFlinger: [LayerHierarchy{RequestedLayerState{Splash Screen com.example.cupcake.test$_2127#233823} no children}] RelativeParent to null
08-13 16:19:58.988  1111  1111 I SurfaceFlinger: [LayerHierarchy{RequestedLayerState{33a6f91 com.example.cupcake.test/androidx.test.core.app.InstrumentationActivityInvoker$EmptyActivity#233824 parentId=233821} 1 children}] reparent to LayerHierarchy{RequestedLayerState{ActivityRecord{e7f583b u0 com.example.cupcake.test/androidx.test.core.app.InstrumentationActivityInvoker$EmptyActivity t2234}#233821 parentId=233820} 2 children}
08-13 16:19:58.989  1282  2477 V WindowManager: Relayout hash=866bb5d, pid=2127, syncId=-1: mAttrs={(0,0)(fillxfill) gr=TOP START CENTER layoutInDisplayCutoutMode=always ty=WALLPAPER fmt=RGBX_8888 wanim=0x1030323
08-13 16:19:58.989  1282  2477 V WindowManager:   fl=10318
08-13 16:19:58.989  1282  2477 V WindowManager:   pfl=14
08-13 16:19:58.989  1282  2477 V WindowManager:   bhv=1
08-13 16:19:58.989  1282  2477 V WindowManager:   frameRateBoostOnTouch=true
08-13 16:19:58.989  1282  2477 V WindowManager:   dvrrWindowFrameRateHint=true naviIconColor=0}
08-13 16:19:58.991  1111  1111 I Layer   : id=233817 Destroyed 2b563e4 ActivityRecordInputSink com.example.cupcake/androidx.activity.ComponentActivity#233817
08-13 16:19:58.991  1111  1111 I Layer   : id=233844 Destroyed Task=2233#233844
08-13 16:19:58.991  1111  1111 I Layer   : id=233809 Destroyed ActivityRecord{ca13702 u0 com.example.cupcake/androidx.activity.ComponentActivity t2233}#233809
08-13 16:19:58.991  1111  1111 I SurfaceFlinger: id=233823 Removed Splash Screen com.example.cupcake.test$_2127#233823 (195)
08-13 16:19:58.991  2127  2127 I LockscreenNotificationIconsOnlyController: onNotificationInfoUpdated 0
08-13 16:19:58.992  2127  2127 I AODNotificationManager: updateNotification()
08-13 16:19:58.992  2127  2436 I BLASTBufferQueue_Java: update, w= 1080 h= 2340 mName = Wallpaper mNativeObject= 0xb4000075190bd210 sc.mNativeObject= 0xb4000076190b77d0 format= 2 caller= android.service.wallpaper.WallpaperService$Engine.getOrCreateBLASTSurface:2887 android.service.wallpaper.WallpaperService$Engine.updateSurface:1643 android.service.wallpaper.WallpaperService$IWallpaperEngineWrapper.handleResized:3483 android.service.wallpaper.WallpaperService$IWallpaperEngineWrapper.executeMessage:3402 com.android.internal.os.HandlerCaller$MyHandler.handleMessage:44 android.os.Handler.dispatchMessage:107
08-13 16:19:58.992  2127  2436 I BLASTBufferQueue: [Wallpaper#1](f:0,a:1,s:0) update width=1080 height=2340 format=2 mTransformHint=0
08-13 16:19:58.993  1111  1732 I SurfaceFlinger: id=233845 createSurf, flag=24004, Surface(name=39a4c69 InputMethod)/@0x97414dd - animation-leash of insets_animation#233845
08-13 16:19:58.996  2742  2742 I HoneySpace.RectFAnimation: animateToFinalPosition RectF(387.36108, 1510.1465, 692.6389, 1937.5211)
08-13 16:19:58.996  2742  2742 I HoneySpace.RectFAnimation: animateToFinalPosition RectF(407.59442, 1546.2245, 672.4056, 1886.8785)
08-13 16:19:58.996  2742  4755 I VRI[LauncherActivity]@3489192: mWNT: t=0xb4000076092a5fd0 mBlastBufferQueue=0xb4000075191609b0 fn= 20 HdrRenderState mRenderHdrSdrRatio=1.0 caller= com.android.systemui.shared.launcher.ViewRootImplCompat.mergeWithNextTransaction:4 com.honeyspace.transition.utils.SurfaceTransactionApplier.scheduleApply$lambda$1:26 com.honeyspace.transition.utils.SurfaceTransactionApplier.b:0
08-13 16:19:59.004  1111  1111 I SurfaceFlinger: destroyed Splash Screen com.example.cupcake.test$_2127#233823
08-13 16:19:59.004  1111  1111 I SurfaceFlinger: [LayerHierarchy{RequestedLayerState{ImeContainer#16 parentId=123 relativeParentId=124 z=1} 1 children}] reparent to LayerHierarchy{RequestedLayerState{ActivityRecord{b3168b5 u0 com.sec.android.app.launcher/.activities.LauncherActivity t6}#123 parentId=122} 3 children}
08-13 16:19:59.004  1111  1111 I SurfaceFlinger: [LayerHierarchy{RequestedLayerState{ImeContainer#16 parentId=123 relativeParentId=124 z=1} 1 children}] RelativeParent to LayerHierarchy{RequestedLayerState{c2c214a com.sec.android.app.launcher/com.sec.android.app.launcher.activities.LauncherActivity#124 parentId=123} 2 children}
08-13 16:19:59.004  1111  1111 I SurfaceFlinger: [LayerHierarchy{RequestedLayerState{39a4c69 InputMethod#135 parentId=233845} no children}] reparent to LayerHierarchy{RequestedLayerState{Surface(name=39a4c69 InputMethod)/@0x97414dd - animation-leash of insets_animation#233845 parentId=121} 1 children}
08-13 16:19:59.004  1111  1111 I SurfaceFlinger: [LayerHierarchy{RequestedLayerState{Surface(name=39a4c69 InputMethod)/@0x97414dd - animation-leash of insets_animation#233843} no children}] reparent to OffscreenRoot
08-13 16:19:59.004  1111  1111 I SurfaceFlinger: [LayerHierarchy{RequestedLayerState{Surface(name=39a4c69 InputMethod)/@0x97414dd - animation-leash of insets_animation#233843} no children}] RelativeParent to null
08-13 16:19:59.004  1111  1111 I SurfaceFlinger: [Surface(name=39a4c69 InputMethod)/@0x97414dd - animation-leash of insets_animation#233845] attach to parent LayerHierarchy{RequestedLayerState{WindowToken{72c0868 type=2011 android.os.Binder@fb66f8b}#121 parentId=16} 1 children}
08-13 16:19:59.005  2742  1824 I HoneySpace.HistoryViewModel@160600677@OneUI: Illegal access. Unknown type. skip load history items
08-13 16:19:59.005  1111  1111 I Layer   : id=233823 Destroyed Splash Screen com.example.cupcake.test$_2127#233823
08-13 16:19:59.005  1111  1111 I SurfaceFlinger: id=233843 Removed Surface(name=39a4c69 InputMethod)/@0x97414dd - animation-leash of insets_animation#233843 (195)
08-13 16:19:59.006  4917  4917 I HBD     : a [PF_KL][HBIC] getTextBeforeCursor t, 31
08-13 16:19:59.006  2742  2742 I HoneySpace.RectFAnimation: animateToFinalPosition RectF(407.59442, 1568.0221, 672.4056, 1908.6761)
08-13 16:19:59.006  4917  4917 I HBD     : E EBD si S 0
08-13 16:19:59.006  2742  2742 I HoneySpace.RectFAnimation: animateToFinalPosition RectF(415.13947, 1580.9777, 664.86053, 1890.4905)
08-13 16:19:59.006  4917  4917 I HBD     : m updateContactDBLanguage : 4325376
08-13 16:19:59.007  2742  4754 I VRI[LauncherActivity]@3489192: mWNT: t=0xb4000076091ac110 mBlastBufferQueue=0xb4000075191609b0 fn= 21 HdrRenderState mRenderHdrSdrRatio=1.0 caller= com.android.systemui.shared.launcher.ViewRootImplCompat.mergeWithNextTransaction:4 com.honeyspace.transition.utils.SurfaceTransactionApplier.scheduleApply$lambda$1:26 com.honeyspace.transition.utils.SurfaceTransactionApplier.b:0
08-13 16:19:59.007  4917  4917 I HBD     : g isCoverDisplay : false, cached selected json info : SelectedLanguageInfo(languageVersion=4.1, currentLanguageOrder=0, selectedLanguageList=[SelectedLanguage(id=4325376, isUsed=true, engName=Turkish, inputType=turkish_qwerty, activeOptionList=[auto_replace, auto_spacing], bilingualId=-1, isUsedBilingual=false)])
08-13 16:19:59.007  4917  4917 I HBD     : g updateSelectedLanguageCache is succeeded. Turkish
08-13 16:19:59.008  1282  3084 V GrammaticalInflectionUtils: AttributionSource: AttributionSource { uid = 10418, packageName = null, attributionTag = null, token = android.os.Binder@88f1d92, deviceId = 0, next = null } does not have READ_SYSTEM_GRAMMATICAL_GENDER permission.
08-13 16:19:59.009  4917  4917 I HBD     : h writeToFile path : /data/user/0/com.samsung.android.honeyboard/files/selected.json
08-13 16:19:59.009  4917  4917 I HBD     : h writeToFile json : {"version":"4.1","currentLanguageOrder":0,"selected":[{"activeOptionList":["auto_replace","auto_spacing"],"bilingualId":-1,"engName":"Turkish","id":4325376,"inputType":"turkish_qwerty","isUsed":true,"isUsedBilingual":false}]}
08-13 16:19:59.013  6225  4821 I NetworkScheduler: (REDACTED) Error inserting %s
08-13 16:19:59.015  1111  1111 I SurfaceFlinger: destroyed Surface(name=39a4c69 InputMethod)/@0x97414dd - animation-leash of insets_animation#233843
08-13 16:19:59.016  4917  4917 I HBD     : h writeToFile complete
08-13 16:19:59.017  1111  1732 I SurfaceFlinger: id=233846 createSurf, flag=24004, Task=2235#233846
08-13 16:19:59.017  1111  1111 I Layer   : id=233843 Destroyed Surface(name=39a4c69 InputMethod)/@0x97414dd - animation-leash of insets_animation#233843
08-13 16:19:59.018  4917  6276 I HBD     : h Write selected lang for DE
08-13 16:19:59.018  4917  4917 I HBD     : g isCoverDisplay : false, cached selected json info : SelectedLanguageInfo(languageVersion=4.1, currentLanguageOrder=0, selectedLanguageList=[SelectedLanguage(id=4325376, isUsed=true, engName=Turkish, inputType=turkish_qwerty, activeOptionList=[auto_replace, auto_spacing], bilingualId=-1, isUsedBilingual=false)])
08-13 16:19:59.018  4917  6276 I HBD     : h writeToFile path : /data/user_de/0/com.samsung.android.honeyboard/files/selected.json
08-13 16:19:59.018  4917  4917 I HBD     : p updateActionOptionFromPreference
08-13 16:19:59.018  4917  6276 I HBD     : h writeToFile json : {"version":"4.1","currentLanguageOrder":0,"selected":[{"activeOptionList":["auto_replace","auto_spacing"],"bilingualId":-1,"engName":"Turkish","id":4325376,"inputType":"turkish_qwerty","isUsed":true,"isUsedBilingual":false}]}
08-13 16:19:59.018  4917  4917 I HBD     : p before lang.activeOptionList =  [Ljava.lang.String;@1f04122
08-13 16:19:59.018  4917  4917 I HBD     : p after lang.activeOptionList = [Ljava.lang.String;@cd89021
08-13 16:19:59.020  4917  4917 I HBD     : h writeToFile path : /data/user/0/com.samsung.android.honeyboard/files/selected.json
08-13 16:19:59.020  4917  4917 I HBD     : h writeToFile json : {"version":"4.1","currentLanguageOrder":0,"selected":[{"activeOptionList":["auto_replace","auto_spacing"],"bilingualId":-1,"engName":"Turkish","id":4325376,"inputType":"turkish_qwerty","isUsed":true,"isUsedBilingual":false}]}
08-13 16:19:59.020  1282  2936 I SemDvfsHyPerManager: acquire hyper - AMS_APP_SWITCH/1282@26, type = -999
08-13 16:19:59.021  1062  1149 I HYPER-HAL: [RequestManager.cpp]acquire(): Acquired ID : 856112  [1282 / 26]    HINT : AMS_APP_SWITCH    list :
08-13 16:19:59.021  4917  4917 I HBD     : h writeToFile complete
08-13 16:19:59.022  4917  4917 I HBD     : n normal : updateLanguage : Turkish
08-13 16:19:59.022  4917  4917 I HBD     : g isCoverDisplay : false, cached selected json info : SelectedLanguageInfo(languageVersion=4.1, currentLanguageOrder=0, selectedLanguageList=[SelectedLanguage(id=4325376, isUsed=true, engName=Turkish, inputType=turkish_qwerty, activeOptionList=[auto_replace, auto_spacing], bilingualId=-1, isUsedBilingual=false)])
08-13 16:19:59.022  4917  4917 I HBD     : g isCoverDisplay : false, cached selected json info : SelectedLanguageInfo(languageVersion=4.1, currentLanguageOrder=0, selectedLanguageList=[SelectedLanguage(id=4325376, isUsed=true, engName=Turkish, inputType=turkish_qwerty, activeOptionList=[auto_replace, auto_spacing], bilingualId=-1, isUsedBilingual=false)])
08-13 16:19:59.022  4917  4917 I HBD     : p updateActionOptionFromPreference
08-13 16:19:59.022  4917  4917 I HBD     : p before lang.activeOptionList =  [Ljava.lang.String;@cd89021
08-13 16:19:59.022  4917  4917 I HBD     : p after lang.activeOptionList = [Ljava.lang.String;@6174b34
08-13 16:19:59.023  1111  1732 I SurfaceFlinger: id=233847 createSurf, flag=84004, ActivityRecord{4d69c20 u0 com.example.cupcake/androidx.activity.ComponentActivity t2235}#233847
08-13 16:19:59.023  4917  4917 I HBD     : h writeToFile path : /data/user/0/com.samsung.android.honeyboard/files/selected.json
08-13 16:19:59.023  4917  4917 I HBD     : h writeToFile json : {"version":"4.1","currentLanguageOrder":0,"selected":[{"activeOptionList":["auto_replace","auto_spacing"],"bilingualId":-1,"engName":"Turkish","id":4325376,"inputType":"turkish_qwerty","isUsed":true,"isUsedBilingual":false}]}
08-13 16:19:59.023  4368  4368 I SemDvfsHyPerManager: acquire hyper - APP_START_SHORT/4368@14, type = -999
08-13 16:19:59.023  2742  4755 I VRI[LauncherActivity]@3489192: mWNT: t=0xb40000760921fc90 mBlastBufferQueue=0xb4000075191609b0 fn= 22 HdrRenderState mRenderHdrSdrRatio=1.0 caller= com.android.systemui.shared.launcher.ViewRootImplCompat.mergeWithNextTransaction:4 com.honeyspace.transition.utils.SurfaceTransactionApplier.scheduleApply$lambda$1:26 com.honeyspace.transition.utils.SurfaceTransactionApplier.b:0
08-13 16:19:59.023  4917  6283 I HBD     : h Write selected lang for DE
08-13 16:19:59.024  4917  6283 I HBD     : h writeToFile path : /data/user_de/0/com.samsung.android.honeyboard/files/selected.json
08-13 16:19:59.024  4917  6283 I HBD     : h writeToFile json : {"version":"4.1","currentLanguageOrder":0,"selected":[{"activeOptionList":["auto_replace","auto_spacing"],"bilingualId":-1,"engName":"Turkish","id":4325376,"inputType":"turkish_qwerty","isUsed":true,"isUsedBilingual":false}]}
08-13 16:19:59.024  2742  2742 I InsetsSourceConsumer: applyRequestedVisibilityToControl: visible=false, type=ime, host=com.sec.android.app.launcher/com.sec.android.app.launcher.activities.LauncherActivity
08-13 16:19:59.025  4917  4917 I HBD     : h writeToFile complete
08-13 16:19:59.026  4917  4917 I HBD     : n normal : updateLanguage : Turkish
08-13 16:19:59.027  4917  4917 I HBD     : g isCoverDisplay : false, cached selected json info : SelectedLanguageInfo(languageVersion=4.1, currentLanguageOrder=0, selectedLanguageList=[SelectedLanguage(id=4325376, isUsed=true, engName=Turkish, inputType=turkish_qwerty, activeOptionList=[auto_replace, auto_spacing], bilingualId=-1, isUsedBilingual=false)])
08-13 16:19:59.027  1062  1149 I HYPER-HAL: [RequestManager.cpp]acquire(): Acquired ID : 9603167  [4368 / 14]    HINT : APP_START    list : [TIMEOUT / 1500]
08-13 16:19:59.027  2742  2742 I HoneySpace.RectFAnimation: animateToFinalPosition RectF(415.13947, 1620.5381, 664.86053, 1930.0509)
08-13 16:19:59.027  4917  4917 I HBD     : g isCoverDisplay : false, cached selected json info : SelectedLanguageInfo(languageVersion=4.1, currentLanguageOrder=0, selectedLanguageList=[SelectedLanguage(id=4325376, isUsed=true, engName=Turkish, inputType=turkish_qwerty, activeOptionList=[auto_replace, auto_spacing], bilingualId=-1, isUsedBilingual=false)])
08-13 16:19:59.027  2742  2742 I HoneySpace.RectFAnimation: animateToFinalPosition RectF(428.17386, 1642.0715, 651.8262, 1899.8245)
08-13 16:19:59.027  4917  4917 I HBD     : g updateSelectedLanguageCache is succeeded. Turkish
08-13 16:19:59.028  4917  6276 I HBD     : h writeToFile complete
08-13 16:19:59.028  4917  4917 I HBD     : h writeToFile path : /data/user/0/com.samsung.android.honeyboard/files/selected.json
08-13 16:19:59.028  4917  6285 I HBD     : h Write selected lang for DE
08-13 16:19:59.028  4917  4917 I HBD     : h writeToFile json : {"version":"4.1","currentLanguageOrder":0,"selected":[{"activeOptionList":["auto_replace","auto_spacing"],"bilingualId":-1,"engName":"Turkish","id":4325376,"inputType":"turkish_qwerty","isUsed":true,"isUsedBilingual":false}]}
08-13 16:19:59.028  4917  6285 I HBD     : h writeToFile path : /data/user_de/0/com.samsung.android.honeyboard/files/selected.json
08-13 16:19:59.028  4917  6285 I HBD     : h writeToFile json : {"version":"4.1","currentLanguageOrder":0,"selected":[{"activeOptionList":["auto_replace","auto_spacing"],"bilingualId":-1,"engName":"Turkish","id":4325376,"inputType":"turkish_qwerty","isUsed":true,"isUsedBilingual":false}]}
08-13 16:19:59.030  1111  1111 E SurfaceFlinger: alpha changed 1.000 -> 0.000 - Surface(name=39a4c69 InputMethod)/@0x97414dd - animation-leash of insets_animation#233845
08-13 16:19:59.030  1111  1111 I SurfaceFlinger: [Task=2235#233846] attach to parent LayerHierarchy{RequestedLayerState{DefaultTaskDisplayArea_d0#11 parentId=10} 8 children}
08-13 16:19:59.030  1111  1111 I SurfaceFlinger: [ActivityRecord{4d69c20 u0 com.example.cupcake/androidx.activity.ComponentActivity t2235}#233847] attach to parent LayerHierarchy{RequestedLayerState{Task=2235#233846 parentId=11} 1 children}
08-13 16:19:59.031  4917  4917 I HBD     : h writeToFile complete
08-13 16:19:59.032  4917  4917 I HBD     : g isCoverDisplay : false, cached selected json info : SelectedLanguageInfo(languageVersion=4.1, currentLanguageOrder=0, selectedLanguageList=[SelectedLanguage(id=4325376, isUsed=true, engName=Turkish, inputType=turkish_qwerty, activeOptionList=[auto_replace, auto_spacing], bilingualId=-1, isUsedBilingual=false)])
08-13 16:19:59.032  4917  4917 I HBD     : g updateSelectedLanguageCache is succeeded. Turkish
08-13 16:19:59.033  4917  4917 I HBD     : h writeToFile path : /data/user/0/com.samsung.android.honeyboard/files/selected.json
08-13 16:19:59.033  4917  4917 I HBD     : h writeToFile json : {"version":"4.1","currentLanguageOrder":0,"selected":[{"activeOptionList":["auto_replace","auto_spacing"],"bilingualId":-1,"engName":"Turkish","id":4325376,"inputType":"turkish_qwerty","isUsed":true,"isUsedBilingual":false}]}
08-13 16:19:59.034  4917  4917 I HBD     : h writeToFile complete
08-13 16:19:59.035  4917  4917 I HBD     : a [UpdatePolicy] [post] a: 31 cl: 4325376 kit: [0/26] vt: 0 ir: 1
08-13 16:19:59.035  4917  4917 I HBD     : HoneyBoardService [PF_OP][onStartInput]  76 ms
08-13 16:19:59.035  4917  4917 I InputMethodService: scheduleImeSurfaceRemoval: removeImeSurface is posted.
08-13 16:19:59.036  2127  2127 D NavigationBar: setImeWindowStatus displayId=0 vis=0 backDisposition=0 showImeSwitcher=false imeShown=false
08-13 16:19:59.036  4917  6288 I HBD     : h Write selected lang for DE
08-13 16:19:59.036  4917  6288 I HBD     : h writeToFile path : /data/user_de/0/com.samsung.android.honeyboard/files/selected.json
08-13 16:19:59.036  4917  6288 I HBD     : h writeToFile json : {"version":"4.1","currentLanguageOrder":0,"selected":[{"activeOptionList":["auto_replace","auto_spacing"],"bilingualId":-1,"engName":"Turkish","id":4325376,"inputType":"turkish_qwerty","isUsed":true,"isUsedBilingual":false}]}
08-13 16:19:59.039  2742  2742 I HoneySpace.RectFAnimation: animateToFinalPosition RectF(428.17386, 1662.6493, 651.8262, 1920.4022)
08-13 16:19:59.039  1282  3681 D SecContentProvider: query(), uri = 17 selection = isSettingsChangesAllowed
08-13 16:19:59.039  2742  2742 I HoneySpace.RectFAnimation: animateToFinalPosition RectF(434.61526, 1672.7438, 645.38477, 1906.2325)
08-13 16:19:59.040  2742  4754 I VRI[LauncherActivity]@3489192: mWNT: t=0xb4000076091c9290 mBlastBufferQueue=0xb4000075191609b0 fn= 23 HdrRenderState mRenderHdrSdrRatio=1.0 caller= com.android.systemui.shared.launcher.ViewRootImplCompat.mergeWithNextTransaction:4 com.honeyspace.transition.utils.SurfaceTransactionApplier.scheduleApply$lambda$1:26 com.honeyspace.transition.utils.SurfaceTransactionApplier.b:0
08-13 16:19:59.041  4917  6286 I HBD     : h Write selected lang for DE
08-13 16:19:59.041  4917  6286 I HBD     : h writeToFile path : /data/user_de/0/com.samsung.android.honeyboard/files/selected.json
08-13 16:19:59.041  4917  6286 I HBD     : h writeToFile json : {"version":"4.1","currentLanguageOrder":0,"selected":[{"activeOptionList":["auto_replace","auto_spacing"],"bilingualId":-1,"engName":"Turkish","id":4325376,"inputType":"turkish_qwerty","isUsed":true,"isUsedBilingual":false}]}
08-13 16:19:59.042  4917  6285 I HBD     : h writeToFile complete
08-13 16:19:59.042  4917  6283 E AtomicFile: Failed to rename /data/user_de/0/com.samsung.android.honeyboard/files/selected.json.new to /data/user_de/0/com.samsung.android.honeyboard/files/selected.json
08-13 16:19:59.042  4917  6283 I HBD     : h writeToFile complete
08-13 16:19:59.043  1282  1745 D SecContentProvider: query(), uri = 17 selection = isSettingsChangesAllowed
08-13 16:19:59.043  4917  4917 I InputMethodService: scheduleImeSurfaceRemoval: canceled, mShowInputRequested=false, mWindowVisible=false, IsmWindowNull=false, IsmImeSurfaceRemoverRunnableNotNull=true
08-13 16:19:59.048  1282  3084 I SemDvfsHyPerManager: acquire hyper - AMS_APP_LAUNCH/1282@21, type = -999
08-13 16:19:59.049  1062  1149 I HYPER-HAL: [RequestManager.cpp]acquire(): Acquired ID : 849577  [1282 / 21]    HINT : AMS_APP_LAUNCH    list :
08-13 16:19:59.050  4917 27939 I HBD     : p updated Sub Types. Turkish
08-13 16:19:59.052  1244  1348 I CameraService: onUidStateChanged: uid=10043, procState is changed. (0 -> 1)
08-13 16:19:59.053  3157  3157 E pageboostd: Received HALT command code 2
08-13 16:19:59.053  4368  4368 I SemDvfsHyPerManager: acquire hyper - APP_START/4368@16, type = -999
08-13 16:19:59.054  2127  2334 I ViewRootImpl: dVRR is disabled
08-13 16:19:59.054  1282  3681 D SecContentProvider: query(), uri = 17 selection = isSettingsChangesAllowed
08-13 16:19:59.055  2127  2390 D NativeCustomFrequencyManager: [NativeCFMS] BpCustomFrequencyManager::BpCustomFrequencyManager()
08-13 16:19:59.055  1062  1149 I HYPER-HAL: [RequestManager.cpp]acquire(): Acquired ID : 9611936  [4368 / 16]    HINT : APP_START    list :
08-13 16:19:59.056  1282  3681 D SecContentProvider: query(), uri = 17 selection = isSettingsChangesAllowed
08-13 16:19:59.056  4917 27871 I HBD     : p updated Sub Types. Turkish
08-13 16:19:59.060  1282  1745 D InputTransport: Input channel constructed: '57b9713', fd=981
08-13 16:19:59.060  1282  1745 D InputTransport: Input channel constructed: '57b9713', fd=1007
08-13 16:19:59.060  1282  1745 D InputTransport: Input channel constructed: '57b9713', fd=1018
08-13 16:19:59.060  4917  6290 I HBD     : a InputMethodSubtype is set as local:tr
08-13 16:19:59.060  1111  1732 I SurfaceFlinger: id=233848 createSurf, flag=84004, 57b9713 Splash Screen com.example.cupcake#233848
08-13 16:19:59.063  2742  4755 I VRI[LauncherActivity]@3489192: mWNT: t=0xb40000760920f450 mBlastBufferQueue=0xb4000075191609b0 fn= 24 HdrRenderState mRenderHdrSdrRatio=1.0 caller= com.android.systemui.shared.launcher.ViewRootImplCompat.mergeWithNextTransaction:4 com.honeyspace.transition.utils.SurfaceTransactionApplier.scheduleApply$lambda$1:26 com.honeyspace.transition.utils.SurfaceTransactionApplier.b:0
08-13 16:19:59.064  2742  2742 I HoneySpace.RectFAnimation: animateToFinalPosition RectF(434.61526, 1703.7616, 645.38477, 1937.2504)
08-13 16:19:59.064  2742  2742 I HoneySpace.RectFAnimation: animateToFinalPosition RectF(443.88843, 1717.4506, 636.1116, 1918.0353)
08-13 16:19:59.064  1282  1745 D InputTransport: Input channel destroyed: '57b9713', fd=1018
08-13 16:19:59.065  4917  6288 E AtomicFile: Failed to rename /data/user_de/0/com.samsung.android.honeyboard/files/selected.json.new to /data/user_de/0/com.samsung.android.honeyboard/files/selected.json
08-13 16:19:59.065  4917  6288 I HBD     : h writeToFile complete
08-13 16:19:59.067  4917  6292 I HBD     : a InputMethodSubtype is set as local:tr
08-13 16:19:59.069  2127  2334 D InputTransport: Input channel constructed: '57b9713', fd=447
08-13 16:19:59.069  2127  2334 I InsetsController: onStateChanged: host=Splash Screen com.example.cupcake, from=android.view.ViewRootImpl.setView:1999, state=InsetsState: {mDisplayFrame=Rect(0, 0 - 1080, 2340), mDisplayCutout=DisplayCutout{insets=Rect(0, 80 - 0, 0) waterfall=Insets{left=0, top=0, right=0, bottom=0} boundingRect={Bounds=[Rect(0, 0 - 0, 0), Rect(511, 0 - 569, 80), Rect(0, 0 - 0, 0), Rect(0, 0 - 0, 0)]} cutoutPathParserInfo={CutoutPathParserInfo{displayWidth=1080 displayHeight=2340 physicalDisplayWidth=1080 physicalDisplayHeight=2340 density={2.8125} cutoutSpec={M 0,0 M 0,7.822222222222222‬‬ a 10.31111111111111‬,10.31111111111111‬ 0 1,0 0,20.62222222222222‬ a 10.31111111111111‬,10.31111111111111‬ 0 1,0 0,-20.62222222222222‬ Z @dp} rotation={0} scale={1.0} physicalPixelDisplaySizeRatio={1.0}}} sideOverrides={}}, mRoundedCorners=RoundedCorners{[RoundedCorner{position=TopLeft, radius=113, center=Point(113, 113)}, RoundedCorner{position=TopRight, radius=113, center=Point(967, 113)}, RoundedCorner{position=BottomRight, radius=113, center=Point(967, 2227)}, RoundedCorner{position=BottomLeft, radius=113, center=Point(113, 2227)}]}  mRoundedCornerFrame=Rect(0, 0 - 1080, 2340), mPrivacyIndicatorBounds=PrivacyIndicatorBounds {static bounds=Rect(956, 0 - 1080, 80) rotation=0}, mDisplayShape=DisplayShape{ spec=-311912193 displayWidth=1080 displayHeight=2340 physicalPixelDisplaySizeRatio=1.0 rotation=0 offsetX=0 offsetY=0 scale=1.0}, mSources= { InsetsSource: {b9640000 mType=statusBars mFrame=[0,0][1080,80] mVisible=true mFlags= mSideHint=TOP mBoundingRects=null}, InsetsSource: {b9640005 mType=mandatorySystemGestures mFrame=[0,0][1080,114] mVisible=true mFlags= mSideHint=TOP mBoundingRects=null}, InsetsSource: {b9640006 mType=tappableElement mFrame=[0,0][1080,80] mVisible=true mFlags= mSideHint=TOP mBoundingRects=null}, InsetsSource: {d8440001 mType=navigationBars mFrame=[0,2298][1080,2340] mVisible=true mFlags=SUPPRESS_SCRIM mSideHint=BOTTOM mBoundingRects=null}, InsetsSource: {d8440004 mType=systemGestures mFrame=[0,0][63,2340] mVisible=true mFlags= mSideHint=LEFT mBoundingRects=null}, InsetsSource: {d8440005 mType=mandatorySystemGestures mFrame=[0,2250][1080,2340] mVisible=true mFlags= mSideHint=BOTTOM mBoundingRects=null}, InsetsSource: {d8440006 mType=tappableElement mFrame=[0,0][0,0] mVisible=true mFlags= mSideHint=NONE mBoundingRects=null}, InsetsSource: {d8440024 mType=systemGestures mFrame=[1017,0][1080,2340] mVisible=true mFlags= mSideHint=RIGHT mBoundingRects=null}, InsetsSource: {27 mType=displayCutout mFrame=[0,0][1080,80] mVisible=true mFlags= mSideHint=TOP mBoundingRects=null} }
08-13 16:19:59.070  2127  2334 I VRI[cupcake]@1afc534: synced displayState. AttachInfo displayState=2
08-13 16:19:59.071  4917   921 I HBD     : h [SKE_SPECIFIC] specific model[com.sec.android.app.launcher] loaded, 29535115 ns
08-13 16:19:59.072  4917  6286 E AtomicFile: Failed to rename /data/user_de/0/com.samsung.android.honeyboard/files/selected.json.new to /data/user_de/0/com.samsung.android.honeyboard/files/selected.json
08-13 16:19:59.072  4917  6286 I HBD     : h writeToFile complete
08-13 16:19:59.072  1111  1111 I SurfaceFlinger: [57b9713 Splash Screen com.example.cupcake#233848] attach to parent LayerHierarchy{RequestedLayerState{ActivityRecord{4d69c20 u0 com.example.cupcake/androidx.activity.ComponentActivity t2235}#233847 parentId=233846} 1 children}
08-13 16:19:59.074  2742  4754 I VRI[LauncherActivity]@3489192: mWNT: t=0xb400007609232610 mBlastBufferQueue=0xb4000075191609b0 fn= 25 HdrRenderState mRenderHdrSdrRatio=1.0 caller= com.android.systemui.shared.launcher.ViewRootImplCompat.mergeWithNextTransaction:4 com.honeyspace.transition.utils.SurfaceTransactionApplier.scheduleApply$lambda$1:26 com.honeyspace.transition.utils.SurfaceTransactionApplier.b:0
08-13 16:19:59.076  2742  2742 I HoneySpace.CapturedBlurManager: capturedBlurView: pause(25347631)
08-13 16:19:59.076  2742  2742 I HoneySpace.Launcher: !@Boot_EBS_D: Launcher.onPause()
08-13 16:19:59.077  2742  2742 I HoneySpace.Launcher: updateLauncherShowing true -> false
08-13 16:19:59.078  2742  2100 I HoneySpace.SPayHandler: updateSpayHandler launcher activity is paused false
08-13 16:19:59.080  2127  2334 I VRI[cupcake]@1afc534: setView = android.widget.FrameLayout@5b73459 IsHRR=false TM=true
08-13 16:19:59.081  2127  2390 D HWUI    : HWUI - treat SMPTE_170M as sRGB
08-13 16:19:59.086  1282  3681 D InputDispatcher: Focused application(0): ActivityRecord{4d69c20 u0 com.example.cupcake/androidx.activity.ComponentActivity t2235}
08-13 16:19:59.089  1111  1111 I BpBinder: onLastStrongRef automatically unlinking death recipients:
08-13 16:19:59.090  1282  4478 D GraphicsStatsService: requestRenderEngineFor(com.example.cupcake)
08-13 16:19:59.091  2742  2742 I HoneySpace.TaskListViewModel: onTaskRemoved : 2233
08-13 16:19:59.091  2742  2742 I HoneySpace.TaskListViewModel: onTaskRemoved : 2233
08-13 16:19:59.091  2742  2742 I HoneySpace.TaskListPot: taskRemoveId, taskId = 2233
08-13 16:19:59.091  2742  2742 I HoneySpace.StackRecentsView: INVALID_TASK_POSITION 2233
08-13 16:19:59.091  2742  2742 I HoneySpace.TaskListViewModel: onTaskRemoved : 2233
08-13 16:19:59.091  2742  2742 I HoneySpace.TaskListViewModel: onTaskRemoved : 2233
08-13 16:19:59.091  2742  2742 I HoneySpace.TaskListPot: taskRemoveId, taskId = 2233
08-13 16:19:59.091  2742  2742 I HoneySpace.StackRecentsView: INVALID_TASK_POSITION 2233
08-13 16:19:59.091  2742  2887 I HoneySpace.TopTaskSource: onTaskRemoved: 2233
08-13 16:19:59.092  2742  2742 I HoneySpace.RectFAnimation: animateToFinalPosition RectF(443.88843, 1743.8783, 636.1116, 1944.463)
08-13 16:19:59.092  2742  2742 I HoneySpace.RectFAnimation: animateToFinalPosition RectF(451.39905, 1753.75, 628.60095, 1930.6062)
08-13 16:19:59.095  2742  2742 I HoneySpace.RectFAnimation: animateToFinalPosition RectF(451.39905, 1756.0465, 628.60095, 1932.9027)
08-13 16:19:59.095  2742  2742 I HoneySpace.RectFAnimation: animateToFinalPosition RectF(452.0373, 1756.8853, 627.9627, 1931.7251)
08-13 16:19:59.096  2742  4755 I VRI[LauncherActivity]@3489192: mWNT: t=0xb40000760929de50 mBlastBufferQueue=0xb4000075191609b0 fn= 26 HdrRenderState mRenderHdrSdrRatio=1.0 caller= com.android.systemui.shared.launcher.ViewRootImplCompat.mergeWithNextTransaction:4 com.honeyspace.transition.utils.SurfaceTransactionApplier.scheduleApply$lambda$1:26 com.honeyspace.transition.utils.SurfaceTransactionApplier.b:0
08-13 16:19:59.098  2742  4754 I VRI[LauncherActivity]@3489192: mWNT: t=0xb40000760922f190 mBlastBufferQueue=0xb4000075191609b0 fn= 27 HdrRenderState mRenderHdrSdrRatio=1.0 caller= com.android.systemui.shared.launcher.ViewRootImplCompat.mergeWithNextTransaction:4 com.honeyspace.transition.utils.SurfaceTransactionApplier.scheduleApply$lambda$1:26 com.honeyspace.transition.utils.SurfaceTransactionApplier.b:0
08-13 16:19:59.099  1282  1967 D AS.MultiSoundManager: mForegroundUid = 10418
08-13 16:19:59.099  2742  2742 I HoneySpace.RectFAnimation: animateToFinalPosition RectF(452.0373, 1760.5063, 627.9627, 1935.3462)
08-13 16:19:59.100  2742  2742 I HoneySpace.RectFAnimation: animateToFinalPosition RectF(453.04013, 1761.5532, 626.95984, 1933.8767)
08-13 16:19:59.101  1111  1111 I SurfaceFlinger: [LayerHierarchy{RequestedLayerState{ImeContainer#16 parentId=123 relativeParentId=123 z=1} 1 children}] RelativeParent to null
08-13 16:19:59.103  2742  4755 I VRI[LauncherActivity]@3489192: mWNT: t=0xb400007609243710 mBlastBufferQueue=0xb4000075191609b0 fn= 27 HdrRenderState mRenderHdrSdrRatio=1.0 caller= com.android.systemui.shared.launcher.ViewRootImplCompat.mergeWithNextTransaction:4 com.honeyspace.transition.utils.SurfaceTransactionApplier.scheduleApply$lambda$1:26 com.honeyspace.transition.utils.SurfaceTransactionApplier.b:0
08-13 16:19:59.103  5596  5596 D LifecycleMonitor: Lifecycle status change: androidx.activity.ComponentActivity@40d8fdb in: PRE_ON_CREATE
08-13 16:19:59.104  5596  5596 V ActivityScenario: Activity lifecycle changed event received but ignored because the reported transition was not ON_CREATE while the last known transition was PRE_ON_CREATE
08-13 16:19:59.107  1282  2477 V WindowManager: Relayout Window{57b9713 u0 Splash Screen com.example.cupcake}: viewVisibility=0 req=1080x2340 ty=3 d0
08-13 16:19:59.107  1282  1444 D PkgPredictorService-SecIpmManagerServiceImpl: onForegroundActivitiesChanged pid:5596 uid:10418
08-13 16:19:59.107  1111  1732 I SurfaceFlinger: id=233849 createSurf, flag=44004, Splash Screen com.example.cupcake$_2127#233849
08-13 16:19:59.108  2742  2887 I HoneySpace.TopTaskSource: onTaskRemoved: 2233
08-13 16:19:59.108  2742  2742 I HoneySpace.RectFAnimation: animateToFinalPosition RectF(453.04013, 1766.8369, 626.95984, 1939.1604)
08-13 16:19:59.108  2742  2742 I HoneySpace.RectFAnimation: animateToFinalPosition RectF(454.49722, 1768.3251, 625.5028, 1937.0717)
08-13 16:19:59.108 21624 21938 I Rubin   : [92] U9.g.x(Unknown Source) : Notify com.samsung.android.rubin.inferenceengine.contextanalytics.engine.loggers.AppUsageLogger's database is updated.
08-13 16:19:59.110  5596  5596 I DecorView: setWindowBackground: isPopOver=false color=fffafafa d=android.graphics.drawable.ColorDrawable@7167624
08-13 16:19:59.111  2742  4754 I VRI[LauncherActivity]@3489192: mWNT: t=0xb4000076091c5390 mBlastBufferQueue=0xb4000075191609b0 fn= 28 HdrRenderState mRenderHdrSdrRatio=1.0 caller= com.android.systemui.shared.launcher.ViewRootImplCompat.mergeWithNextTransaction:4 com.honeyspace.transition.utils.SurfaceTransactionApplier.scheduleApply$lambda$1:26 com.honeyspace.transition.utils.SurfaceTransactionApplier.b:0
08-13 16:19:59.112  5596  5596 D LifecycleMonitor: Lifecycle status change: androidx.activity.ComponentActivity@40d8fdb in: CREATED
08-13 16:19:59.113  5596  5596 V ActivityScenario: Update currentActivityStage to CREATED, currentActivity=androidx.activity.ComponentActivity@40d8fdb
08-13 16:19:59.114  5596  5596 D LifecycleMonitor: Lifecycle status change: androidx.activity.ComponentActivity@40d8fdb in: STARTED
08-13 16:19:59.114  1111  1111 I SurfaceFlinger: [Splash Screen com.example.cupcake$_2127#233849] attach to parent LayerHierarchy{RequestedLayerState{57b9713 Splash Screen com.example.cupcake#233848 parentId=233847 z=2147483647} 1 children}
08-13 16:19:59.114  5596  5596 V ActivityScenario: Update currentActivityStage to STARTED, currentActivity=androidx.activity.ComponentActivity@40d8fdb
08-13 16:19:59.116  5596  5596 D LifecycleMonitor: Lifecycle status change: androidx.activity.ComponentActivity@40d8fdb in: RESUMED
