08-13 16:19:54.620  1282  4402 D InputDispatcher: Once focus requested (0): 4243179 com.example.cupcake.test/androidx.test.core.app.InstrumentationActivityInvoker$EmptyActivity
08-13 16:19:54.620  1111  1111 I Layer   : id=233755 Destroyed Surface(name=e0324bb StatusBar)/@0x8487ff0 - animation-leash of insets_animation#233755
08-13 16:19:54.620  1111  1111 I Layer   : id=233754 Destroyed Surface(name=8a94d40 NavigationBar0)/@0x65d636d - animation-leash of insets_animation#233754
08-13 16:19:54.620  1282  4402 D InputDispatcher: Focus request (0): 4243179 com.example.cupcake.test/androidx.test.core.app.InstrumentationActivityInvoker$EmptyActivity but waiting because NOT_VISIBLE
08-13 16:19:54.621  2742  2742 I VRI[LauncherActivity]@3489192: stopped(false) old = true
08-13 16:19:54.626  2742  2742 I HoneySpace.Launcher: !@Boot_EBS_D: Launcher.onStart()
08-13 16:19:54.629  1070  1070 I sehhealth-service: updateLrpSysfs: write: 344
08-13 16:19:54.631  2127  2127 D NavigationBar: onSystemBarAttributesChanged() -  displayId:0, appearance:24, packageName: com.example.cupcake.test (APPEARANCE_LIGHT_STATUS_BARS APPEARANCE_LIGHT_NAVIGATION_BARS ), navbarColorManagedByIme:false
08-13 16:19:54.634  2742  2742 I HoneySpace.Launcher: !@Boot_EBS_D: Launcher.onResume()
08-13 16:19:54.634  2127  2334 I InsetsSourceConsumer: applyRequestedVisibilityToControl: visible=true, type=navigationBars, host=Splash Screen com.example.cupcake.test
08-13 16:19:54.635  2127  2334 I InsetsSourceConsumer: applyRequestedVisibilityToControl: visible=true, type=statusBars, host=Splash Screen com.example.cupcake.test
08-13 16:19:54.635  2742  2742 I HoneySpace.Launcher: updateLauncherShowing false -> true
08-13 16:19:54.635  2742  1821 I HoneySpace.Memory-Monitor: cancelTrimIfNeeded
08-13 16:19:54.635  2742  2742 I HoneySpace.ShellTransitionManager: myHomeResumed
08-13 16:19:54.636  2742  2742 I HoneySpace.CapturedBlurManager: capturedBlurView: resume(25347631)
08-13 16:19:54.636  2742  2742 I HoneySpace.ResumeTimer: last resume updated : 308425221
08-13 16:19:54.636  2742  1821 I HoneySpace.PredictionDataSourceImpl: requestPredictionUpdate 0 true
08-13 16:19:54.636  2742  2742 I HoneySpace.StackedWidgetFastRecyclerView: playShowAndHideIndicatorAnimation
08-13 16:19:54.636  2742  2742 I HoneySpace.StackedWidgetFastRecyclerView: playShowIndicatorAnimation
08-13 16:19:54.636  2742  2742 I HoneySpace.StackedWidgetAdapter: updateLabelVisibility false true
08-13 16:19:54.636  2742  2742 I HoneySpace.StackedWidgetFastRecyclerView: playShowAndHideIndicatorAnimation
08-13 16:19:54.636  2742  2742 I HoneySpace.StackedWidgetFastRecyclerView: playShowIndicatorAnimation
08-13 16:19:54.636  2742  2742 I HoneySpace.StackedWidgetAdapter: updateLabelVisibility false true
08-13 16:19:54.636  2742  2742 I SearchHoneyPot: onViewCreated: onResume
08-13 16:19:54.637  2742  1821 I HoneySpace.PredictionDataSourceImpl: requestPredictionUpdate 1 true
08-13 16:19:54.638  1282  1447 I SemDvfsHyPerManager: acquire hyper - AMS_RESUME_TAIL/1282@22, type = -999
08-13 16:19:54.638  1282  1447 I SemDvfsHyPerManager: acquire hyper - AMS_ACT_LAZY/1282@23, type = -999
08-13 16:19:54.639  1062  1149 I HYPER-HAL: [RequestManager.cpp]acquire(): Acquired ID : 850882  [1282 / 22]    HINT : AMS_RESUME_TAIL    list :
08-13 16:19:54.639  2742  4826 I HoneySpace.HoneyAppWidgetHost: called startListening, host: @fcf5abe
08-13 16:19:54.640  2742  4826 I AppWidgetHost: semStartListening()
08-13 16:19:54.641  1111  1111 I SurfaceFlinger: [LayerHierarchy{RequestedLayerState{8a94d40 NavigationBar0#88 parentId=233761} 1 children}] reparent to LayerHierarchy{RequestedLayerState{Surface(name=8a94d40 NavigationBar0)/@0x65d636d - animation-leash of insets_animation#233761 parentId=87} 1 children}
08-13 16:19:54.641  1111  1111 I SurfaceFlinger: [LayerHierarchy{RequestedLayerState{e0324bb StatusBar#95 parentId=233762} 1 children}] reparent to LayerHierarchy{RequestedLayerState{Surface(name=e0324bb StatusBar)/@0x8487ff0 - animation-leash of insets_animation#233762 parentId=94} 1 children}
08-13 16:19:54.641  1111  1111 I SurfaceFlinger: [LayerHierarchy{RequestedLayerState{Surface(name=8a94d40 NavigationBar0)/@0x65d636d - animation-leash of insets_animation#233759} no children}] reparent to OffscreenRoot
08-13 16:19:54.641  1111  1111 I SurfaceFlinger: [LayerHierarchy{RequestedLayerState{Surface(name=8a94d40 NavigationBar0)/@0x65d636d - animation-leash of insets_animation#233759} no children}] RelativeParent to null
08-13 16:19:54.642  1111  1111 I SurfaceFlinger: [LayerHierarchy{RequestedLayerState{Surface(name=e0324bb StatusBar)/@0x8487ff0 - animation-leash of insets_animation#233760} no children}] reparent to OffscreenRoot
08-13 16:19:54.642  1111  1111 I SurfaceFlinger: [LayerHierarchy{RequestedLayerState{Surface(name=e0324bb StatusBar)/@0x8487ff0 - animation-leash of insets_animation#233760} no children}] RelativeParent to null
08-13 16:19:54.642  1062  1149 I HYPER-HAL: [RequestManager.cpp]releaseLocked(): Released ID : 856112
08-13 16:19:54.643  1111  1111 I SurfaceFlinger: id=233760 Removed Surface(name=e0324bb StatusBar)/@0x8487ff0 - animation-leash of insets_animation#233760 (189)
08-13 16:19:54.643  1111  1111 I SurfaceFlinger: id=233759 Removed Surface(name=8a94d40 NavigationBar0)/@0x65d636d - animation-leash of insets_animation#233759 (189)
08-13 16:19:54.643  1111  1111 I BpBinder: onLastStrongRef automatically unlinking death recipients:
08-13 16:19:54.643  1282  1443 I PkgPredictorService-SecIpmManagerServiceImpl: reportToNAP uid:10419 com.example.cupcake.test/androidx.test.core.app.InstrumentationActivityInvoker$EmptyActivity thisTime:314
08-13 16:19:54.643  1282  1443 D PkgPredictorService-SecIpmManagerServiceImpl: reportToNAP: mHeavyLaunchCounter is false
08-13 16:19:54.646 22781 22781 I bmex    : onStart
08-13 16:19:54.647  2742  2100 I HoneySpace.HistoryViewModel@160600677@OneUI: Illegal access. Unknown type. skip load history items
08-13 16:19:54.647 22781 22781 I bmex    : onResume
08-13 16:19:54.650  1282  1443 I ActivityTaskManager: Displayed com.example.cupcake.test/androidx.test.core.app.InstrumentationActivityInvoker$EmptyActivity for user 0: +314ms
08-13 16:19:54.650  1282  4478 V WindowManager: Relayout Window{c2c214a u0 com.sec.android.app.launcher/com.sec.android.app.launcher.activities.LauncherActivity}: viewVisibility=0 req=1080x2340 ty=1 d0
08-13 16:19:54.651  1111  1732 I SurfaceFlinger: id=233763 createSurf, flag=44004, com.sec.android.app.launcher/com.sec.android.app.launcher.activities.LauncherActivity$_2742#233763
08-13 16:19:54.652  1111  1111 I SurfaceFlinger: destroyed Surface(name=8a94d40 NavigationBar0)/@0x65d636d - animation-leash of insets_animation#233759
08-13 16:19:54.652  1111  1111 I SurfaceFlinger: destroyed Surface(name=e0324bb StatusBar)/@0x8487ff0 - animation-leash of insets_animation#233760
08-13 16:19:54.652  1111  1111 I SurfaceFlinger: [com.sec.android.app.launcher/com.sec.android.app.launcher.activities.LauncherActivity$_2742#233763] attach to parent LayerHierarchy{RequestedLayerState{c2c214a com.sec.android.app.launcher/com.sec.android.app.launcher.activities.LauncherActivity#124 parentId=123} 1 children}
08-13 16:19:54.653  1282  2840 D PkgPredictorService-SecIpmManagerServiceImpl: ACTION_FOREGROUND_FINISH_EVENT sCurForegroundApp :com.example.cupcake.test
08-13 16:19:54.654  1111  1111 I Layer   : id=233760 Destroyed Surface(name=e0324bb StatusBar)/@0x8487ff0 - animation-leash of insets_animation#233760
08-13 16:19:54.654  1111  1111 I Layer   : id=233759 Destroyed Surface(name=8a94d40 NavigationBar0)/@0x65d636d - animation-leash of insets_animation#233759
08-13 16:19:54.654  1111  1209 D SurfaceFlinger: [input] setFocusedWindow: <null>
08-13 16:19:54.655  2742  4789 I HoneySpace.SPayHandler: updateSpayHandler, show = true, defaultPage = true
08-13 16:19:54.655  1282  1444 D PkgPredictorService-SecIpmManagerServiceImpl: onForegroundActivitiesChanged pid:2742 uid:10132
08-13 16:19:54.657  1282  2840 V PkgPredictorService-SecIpmManagerServiceImpl: discard foreground app:com.sec.android.app.launcher 1|true
08-13 16:19:54.658  1282  3084 I AppWidgetServiceImpl: startListening callbacks : com.android.internal.appwidget.IAppWidgetHost$Stub$Proxy@c4d5f5 intervalEnsure:760488781 intervalHostLock:760488781 LhostId:HostId{user:0, app:10132, hostId:1024, pkg:com.sec.android.app.launcher}
08-13 16:19:54.660  1282  1908 D InputDispatcher: Once focus requested (0): <null>
08-13 16:19:54.662  3157  3157 E pageboostd: Received HALT command code 2
08-13 16:19:54.664  2742  4826 I HoneySpace.HoneyAppWidgetHost: success hidden_semStartListening - result: true, host: @fcf5abe
08-13 16:19:54.670  1111  1163 I SurfaceFlinger: id=233764 createSurf, flag=24000, Surface(name=8a94d40 NavigationBar0)/@0x65d636d - animation-leash of insets_animation#233764
08-13 16:19:54.672  1111  1111 I SurfaceFlinger: [Surface(name=8a94d40 NavigationBar0)/@0x65d636d - animation-leash of insets_animation#233764] attach to parent LayerHierarchy{RequestedLayerState{WindowToken{4aa5472 type=2019 android.os.BinderProxy@bd187d4}#87 parentId=31} 2 children}
08-13 16:19:54.677  2742  1821 I HoneySpace.RecentTasks: onRecentTasksChanged
08-13 16:19:54.681  1111  1730 I SurfaceFlinger: id=233765 createSurf, flag=24000, Surface(name=e0324bb StatusBar)/@0x8487ff0 - animation-leash of insets_animation#233765
08-13 16:19:54.685  1282  4478 I SystemKeyManager: requested systemKeyInfo size=2 focusedWindow=com.sec.android.app.launcher/com.sec.android.app.launcher.activities.LauncherActivity
08-13 16:19:54.686  1282  4478 V WindowManager: Relayout hash=c2c214a, pid=2742, syncId=-1: mAttrs={(0,0)(fillxfill) sim={adjust=nothing forwardNavigation} layoutInDisplayCutoutMode=always ty=BASE_APPLICATION fmt=TRANSPARENT wanim=0x1030301
08-13 16:19:54.686  1282  4478 V WindowManager:   fl=81910100
08-13 16:19:54.686  1282  4478 V WindowManager:   pfl=10008840
08-13 16:19:54.686  1282  4478 V WindowManager:   bhv=2
08-13 16:19:54.686  1282  4478 V WindowManager:   fitSides=0
08-13 16:19:54.686  1282  4478 V WindowManager:   frameRateBoostOnTouch=true
08-13 16:19:54.686  1282  4478 V WindowManager:   dvrrWindowFrameRateHint=true screenDimDuration=200000 naviIconColor=0}
08-13 16:19:54.687  1111  1111 I SurfaceFlinger: [Surface(name=e0324bb StatusBar)/@0x8487ff0 - animation-leash of insets_animation#233765] attach to parent LayerHierarchy{RequestedLayerState{WindowToken{b8fcd4a type=2000 android.os.BinderProxy@ecaaeec}#94 parentId=19} 2 children}
08-13 16:19:54.688  2742  2742 I BLASTBufferQueue_Java: new BLASTBufferQueue, mName= VRI[LauncherActivity]@3489192 mNativeObject= 0xb4000075191609b0 sc.mNativeObject= 0xb4000076190ffa10 caller= android.view.ViewRootImpl.updateBlastSurfaceIfNeeded:3397 android.view.ViewRootImpl.relayoutWindow:11361 android.view.ViewRootImpl.performTraversals:4544 android.view.ViewRootImpl.doTraversal:3708 android.view.ViewRootImpl$TraversalRunnable.run:12542 android.view.Choreographer$CallbackRecord.run:1751 android.view.Choreographer$CallbackRecord.run:1760 android.view.Choreographer.doCallbacks:1216 android.view.Choreographer.doFrame:1142 android.view.Choreographer$FrameDisplayEventReceiver.run:1707
08-13 16:19:54.688  2742  2742 I BLASTBufferQueue_Java: update, w= 1080 h= 2340 mName = VRI[LauncherActivity]@3489192 mNativeObject= 0xb4000075191609b0 sc.mNativeObject= 0xb4000076190ffa10 format= -2 caller= android.graphics.BLASTBufferQueue.<init>:88 android.view.ViewRootImpl.updateBlastSurfaceIfNeeded:3397 android.view.ViewRootImpl.relayoutWindow:11361 android.view.ViewRootImpl.performTraversals:4544 android.view.ViewRootImpl.doTraversal:3708 android.view.ViewRootImpl$TraversalRunnable.run:12542
08-13 16:19:54.689  2742  2742 I VRI[LauncherActivity]@3489192: Relayout returned: old=(0,0,1080,2340) new=(0,0,1080,2340) relayoutAsync=false req=(1080,2340)0 dur=44 res=0x3 s={true 0xb4000075e987b900} ch=true seqId=0
08-13 16:19:54.695  2127  2529 I WallpaperService: dispatchAppVisibility: system, visible=true , mLidState = -1
08-13 16:19:54.696  2742  2742 I VRI[LauncherActivity]@3489192: Creating new active sync group VRI[LauncherActivity]@3489192#73
08-13 16:19:54.697  2127  2436 I WallpaperService: updateSurface system forceRelayout=false forceReport=false redrawNeeded=false myWidth=-1 myHeight=-1 fixedSize=false x = 0 y = 0 mWidth=-1 mHeight=-1
08-13 16:19:54.697  2127  2436 I WallpaperService: reportVisibility: visibility changed. visible=true
08-13 16:19:54.697  2127  2436 I ImageWallpaper_5[Image]:  onVisibilityChanged: visible=true , displayId=0
08-13 16:19:54.702  1282  2477 D SyntheticPasswordManager.SDP: Inside fromBytes() - result.pinLength : -1
08-13 16:19:54.702  1282  2477 D SyntheticPasswordManager.SDP: 2. result.secureMode : 0
08-13 16:19:54.702  1282  1444 D NetworkPolicy: already checked 10132
08-13 16:19:54.704  1244 15899 I CameraService: onUidStateChanged: uid=10222, procState is changed. (5 -> 3)
08-13 16:19:54.704  1282  1336 I system_server: Background concurrent mark compact GC freed 42MB AllocSpace bytes, 448(8960KB) LOS objects, 25% free, 143MB/191MB, paused 7.357ms,13.107ms total 871.715ms
08-13 16:19:54.704  1111  1111 I SurfaceFlinger: [LayerHierarchy{RequestedLayerState{8a94d40 NavigationBar0#88 parentId=233764} 1 children}] reparent to LayerHierarchy{RequestedLayerState{Surface(name=8a94d40 NavigationBar0)/@0x65d636d - animation-leash of insets_animation#233764 parentId=87} 1 children}
08-13 16:19:54.704  1111  1111 I SurfaceFlinger: [LayerHierarchy{RequestedLayerState{e0324bb StatusBar#95 parentId=233765} 1 children}] reparent to LayerHierarchy{RequestedLayerState{Surface(name=e0324bb StatusBar)/@0x8487ff0 - animation-leash of insets_animation#233765 parentId=94} 1 children}
08-13 16:19:54.704  1111  1111 I SurfaceFlinger: [LayerHierarchy{RequestedLayerState{Surface(name=e0324bb StatusBar)/@0x8487ff0 - animation-leash of insets_animation#233762} no children}] reparent to OffscreenRoot
08-13 16:19:54.704  1111  1111 I SurfaceFlinger: [LayerHierarchy{RequestedLayerState{Surface(name=e0324bb StatusBar)/@0x8487ff0 - animation-leash of insets_animation#233762} no children}] RelativeParent to null
08-13 16:19:54.704  1111  1111 I SurfaceFlinger: [LayerHierarchy{RequestedLayerState{Surface(name=8a94d40 NavigationBar0)/@0x65d636d - animation-leash of insets_animation#233761} no children}] reparent to OffscreenRoot
08-13 16:19:54.704  1111  1111 I SurfaceFlinger: [LayerHierarchy{RequestedLayerState{Surface(name=8a94d40 NavigationBar0)/@0x65d636d - animation-leash of insets_animation#233761} no children}] RelativeParent to null
08-13 16:19:54.704  1244  1348 I CameraService: onUidStateChanged: uid=10219, procState is changed. (5 -> 3)
08-13 16:19:54.706  1111  1111 I SurfaceFlinger: id=233762 Removed Surface(name=e0324bb StatusBar)/@0x8487ff0 - animation-leash of insets_animation#233762 (190)
08-13 16:19:54.706  1111  1111 I SurfaceFlinger: id=233761 Removed Surface(name=8a94d40 NavigationBar0)/@0x65d636d - animation-leash of insets_animation#233761 (190)
08-13 16:19:54.713  2127  2127 E {OngoingActivityController}: getTaskInfo find task 2230 fail. taskInfoList.size:2
08-13 16:19:54.713  2127  2127 I {OngoingActivityController}: onTaskFocusChanged focused:false, baseActivity:null
08-13 16:19:54.714  2127  2127 I {OngoingActivityController}: onTaskFocusChanged focused:true, baseActivity:ComponentInfo{com.sec.android.app.launcher/com.sec.android.app.launcher.Launcher}
08-13 16:19:54.715  2127  2127 I {OngoingActivityDataHelper}: setBaseActivityComponentName:ComponentInfo{com.sec.android.app.launcher/com.sec.android.app.launcher.Launcher}
08-13 16:19:54.715  2127  2127 D NavigationBar: onSystemBarAttributesChanged() -  displayId:0, appearance:16, packageName: com.sec.android.app.launcher (APPEARANCE_LIGHT_NAVIGATION_BARS ), navbarColorManagedByIme:false
08-13 16:19:54.715  2127  2127 D SysUiState: SysUiState changed: old=0x10020000 new=0x10000000
08-13 16:19:54.716  2742  2108 I HoneySpace.HistoryViewModel@160600677@OneUI: Illegal access. Unknown type. skip load history items
08-13 16:19:54.719  1111  1111 I SurfaceFlinger: destroyed Surface(name=e0324bb StatusBar)/@0x8487ff0 - animation-leash of insets_animation#233762
08-13 16:19:54.719  1111  1111 I SurfaceFlinger: destroyed Surface(name=8a94d40 NavigationBar0)/@0x65d636d - animation-leash of insets_animation#233761
08-13 16:19:54.721  1111  1111 I Layer   : id=233761 Destroyed Surface(name=8a94d40 NavigationBar0)/@0x65d636d - animation-leash of insets_animation#233761
08-13 16:19:54.721  1111  1111 I Layer   : id=233762 Destroyed Surface(name=e0324bb StatusBar)/@0x8487ff0 - animation-leash of insets_animation#233762
08-13 16:19:54.728  2742  1821 I HoneySpace.RecentTasks: onRecentTasksChanged
08-13 16:19:54.729  2742  2108 I HoneySpace.SystemUiRepository: systemUiFlags: awake
08-13 16:19:54.731  2742  4754 I VRI[LauncherActivity]@3489192: mWNT: t=0xb400007609133c10 mBlastBufferQueue=0xb4000075191609b0 fn= 1 HdrRenderState mRenderHdrSdrRatio=1.0 caller= android.view.ViewRootImpl$11.onFrameDraw:15016 android.view.ThreadedRenderer$1.onFrameDraw:761 <bottom of call stack>
08-13 16:19:54.732  2742  4754 I VRI[LauncherActivity]@3489192: Setting up sync and frameCommitCallback
08-13 16:19:54.733  2742  4573 I BLASTBufferQueue: [VRI[LauncherActivity]@3489192#6993](f:0,a:0,s:0) onFrameAvailable the first frame is available
08-13 16:19:54.734  2742  4573 I VRI[LauncherActivity]@3489192: Received frameCommittedCallback lastAttemptedDrawFrameNum=1 didProduceBuffer=true
08-13 16:19:54.734  1111  1223 I SurfaceFlinger: [com.sec.android.app.launcher/com.sec.android.app.launcher.activities.LauncherActivity$_2742#233763] setTransactionState with the first frame. bufferData(ID: 11776800376938, frameNumber: 1)
08-13 16:19:54.734  3974  4027 E d       : (Berry)(1.16)handleAudioPathTask() : can't get dual play mode - Attempt to invoke virtual method 'boolean android.bluetooth.BluetoothA2dp.semIsDualPlayMode()' on a null object reference
08-13 16:19:54.736  1111  1209 D SurfaceFlinger: [input] setFocusedWindow: c2c214a com.sec.android.app.launcher/com.sec.android.app.launcher.activities.LauncherActivity
08-13 16:19:54.736  1282  4402 D InputDispatcher: Once focus requested (0): c2c214a com.sec.android.app.launcher/com.sec.android.app.launcher.activities.LauncherActivity
08-13 16:19:54.736  1282  4402 D InputDispatcher: Focus request (0): c2c214a com.sec.android.app.launcher/com.sec.android.app.launcher.activities.LauncherActivity but waiting because NO_WINDOW
08-13 16:19:54.739  1282  4478 I AccessibilityManagerService: semIsAccessibilityServiceEnabled()
08-13 16:19:54.739  1282  1745 I AccessibilityManagerService: semIsAccessibilityServiceEnabled()
08-13 16:19:54.746  1282  4902 I AccessibilityManagerService: semIsAccessibilityServiceEnabled()
08-13 16:19:54.747  1111  1163 I SurfaceFlinger: id=233766 createSurf, flag=84004, Transition Root: Task=1#233766
08-13 16:19:54.747  1282  1338 W System  : A resource failed to call HardwareBuffer.close.
08-13 16:19:54.748  1282  1338 W System  : A resource failed to call HardwareBuffer.close.
08-13 16:19:54.748  1282  1447 I SurfaceControlRegistry: show, t=StartTransaction_SyncId<20541> sc=ActivityRecord{b3168b5 u0 com.sec.android.app.launcher/.activities.LauncherActivity t6}, caller=android.view.SurfaceControl$Transaction.show:3232 com.android.server.wm.Transition.onTransactionReady:2273 com.android.server.wm.BLASTSyncEngine$SyncGroup.finishNow:195 com.android.server.wm.BLASTSyncEngine.onSurfacePlacement:269 com.android.server.wm.RootWindowContainer.performSurfacePlacementNoTrace:459 com.android.server.wm.RootWindowContainer.performSurfacePlacement:9
08-13 16:19:54.748  1282  1447 I SurfaceControlRegistry: show, t=StartTransaction_SyncId<20541> sc=Task=6, caller=android.view.SurfaceControl$Transaction.show:3232 com.android.server.wm.Transition.onTransactionReady:2300 com.android.server.wm.BLASTSyncEngine$SyncGroup.finishNow:195 com.android.server.wm.BLASTSyncEngine.onSurfacePlacement:269 com.android.server.wm.RootWindowContainer.performSurfacePlacementNoTrace:459 com.android.server.wm.RootWindowContainer.performSurfacePlacement:9
08-13 16:19:54.749  6225   776 I NearbySharing: Network state changed: NetworkState(isRestricted=false, isOnline=true, isCongested=false, isMetered=true, isWifiConnected=false)
08-13 16:19:54.751  2742  2742 I InsetsSourceConsumer: applyRequestedVisibilityToControl: visible=true, type=navigationBars, host=com.sec.android.app.launcher/com.sec.android.app.launcher.activities.LauncherActivity
08-13 16:19:54.752  2742  2742 I InsetsSourceConsumer: applyRequestedVisibilityToControl: visible=true, type=statusBars, host=com.sec.android.app.launcher/com.sec.android.app.launcher.activities.LauncherActivity
08-13 16:19:54.754  2742  2887 I HoneySpace.TopTaskSource: onTaskMovedToFront : taskId = 6, displayId = 0
08-13 16:19:54.754  2742  2887 I HoneySpace.TopTaskSource: onTaskFocusChanged(): taskId = 6
08-13 16:19:54.754  2742  2887 I HoneySpace.TopTaskSource: onTaskMovedToFront : taskId = 6, displayId = 0
08-13 16:19:54.755  2742  2885 I HoneySpace.TaskbarEventTracker: invokeEvent() called with: event = SystemUiStateChanged(stateFlags=268435456)
08-13 16:19:54.759  2742  2889 I HoneySpace.TopTaskUseCase: topTaskId 6, DisplayId : 0
08-13 16:19:54.761  1282  1338 W System  : A resource failed to call release.
08-13 16:19:54.761  1282  1447 D ScreenCapture: [Capture_TEST] : setIsScreenShotBySystem false
08-13 16:19:54.762 23813 23813 I NotifySyncService_23813_23813: onNotificationPosted Id:1332 key:0|com.samsung.android.app.smartcapture|1332|null|10190 PackageName:com.samsung.android.app.smartcapture IsOngoing:true PostTime:1755091194314 currentDeviceModel.connected: false
08-13 16:19:54.762 23813 23813 I NotifySyncService_23813_23813: onNotificationPosted Id:1332 , appName : Samsung yakalama
08-13 16:19:54.762 23813 23813 I NotifySyncService_23813_23813:  isOngoing = true isIncomingCall = false
08-13 16:19:54.764  1111  1111 I SurfaceFlinger: [Transition Root: Task=1#233766] attach to parent LayerHierarchy{RequestedLayerState{DefaultTaskDisplayArea_d0#11 parentId=10} 9 children}
08-13 16:19:54.764 23813 21995 I AccountManagerService_23813_21995: log: getAccounts: accountType com.xiaomi, caller's uid 10349, pid 23813
08-13 16:19:54.765 23813 21995 I SecureDatabase_23813_21995: log: query: accounts, columns=[_id,type,name], selection=null, selectionArgs=null, groupBy=null, having=null, orderBy=null, limit=null
08-13 16:19:54.765  1282  1338 W System  : A resource failed to call HardwareBuffer.close.
08-13 16:19:54.766  1282  1338 W System  : A resource failed to call release.
08-13 16:19:54.766 23813 21995 I SecureDatabase_23813_21995: log: query: cursor count=1
08-13 16:19:54.767 23813 21995 I SecureDatabase_23813_21995: log: query: row=[1,com.xiaomi,6521150625]
08-13 16:19:54.767 23813 21995 I AccountManagerService_23813_21995: log: validateAccountsAndPopulateCache>>>accountId=1 accountType=com.xiaomi accountName=6521150625
08-13 16:19:54.770 23813 21991 I NotifyLogUtils_23813_21991: isIgnoringBatteryOptimizations true
08-13 16:19:54.773 23813 21995 I AccountManagerService_23813_21995: log: getAccounts: accountType com.xiaomi, caller's uid 10349, pid 23813
08-13 16:19:54.774 23813 21995 I SecureDatabase_23813_21995: log: query: accounts, columns=[_id,type,name], selection=null, selectionArgs=null, groupBy=null, having=null, orderBy=null, limit=null
08-13 16:19:54.775 23813 21995 I SecureDatabase_23813_21995: log: query: cursor count=1
08-13 16:19:54.775 23813 21995 I SecureDatabase_23813_21995: log: query: row=[1,com.xiaomi,6521150625]
08-13 16:19:54.775 23813 21995 I AccountManagerService_23813_21995: log: validateAccountsAndPopulateCache>>>accountId=1 accountType=com.xiaomi accountName=6521150625
08-13 16:19:54.775  1282  1338 W System  : A resource failed to call release.
08-13 16:19:54.777  1282  1338 W System  : A resource failed to call HardwareBuffer.close.
08-13 16:19:54.777  1282  1338 W System  : A resource failed to call release.
08-13 16:19:54.779  1282  1338 W System  : A resource failed to call HardwareBuffer.close.
08-13 16:19:54.787  1111  1111 I SurfaceFlinger: [StatusBar$_2127#106] setDefaultFrameRateCompatibility: NoVote
08-13 16:19:54.788  1282  1338 W System  : A resource failed to call release.
08-13 16:19:54.792  1282  1338 W System  : A resource failed to call HardwareBuffer.close.
08-13 16:19:54.793  1282  1338 W System  : A resource failed to call release.
08-13 16:19:54.803  2127  2127 D SamsungLightBarControlHelper: updateStatusBar (WHITE icon) numStacks:1, StatusBarMode:MODE_TRANSPARENT, lightBarBounds:[], StatusBarState:SHADE, packageName:, isWhiteKeyguardStatusBar:false
08-13 16:19:54.804  1282  1338 W System  : A resource failed to call release.
08-13 16:19:54.804  2127  2127 D SamsungLightBarControlHelper: onStatusBarAppearanceChanged() -  sbModeChanged:false, statusBarMode:0, barState:MODE_TRANSPARENT, isKeyguardShowing:false, navbarColorManagedByIme:false, (AppearanceRegion{ bounds=[0,0][1080,2340]}, )
08-13 16:19:54.804  2127  2127 D NavigationBar: onSystemBarAttributesChanged() -  displayId:0, appearance:0, packageName: com.sec.android.app.launcher, navbarColorManagedByIme:false
08-13 16:19:54.806  2742  5283 I HoneySpace.PredictionDataSourceImpl: TYPE_SUGGESTED_APPS updated: 9
08-13 16:19:54.810  2742  5288 I HoneySpace.PredictionDataSourceImpl: TYPE_RECOMMENDED_WIDGETS updated: 14
08-13 16:19:54.811 23813 30394 W FA      : Failed to retrieve Firebase Instance Id
08-13 16:19:54.813  2127  2127 D Bubbles : onEntryUpdated : shouldBubbleUp=false ,key=0|com.samsung.android.app.smartcapture|1332|null|10190
08-13 16:19:54.813 21624 21938 I Rubin   : [92] U9.g.x(Unknown Source) : Notify com.samsung.android.rubin.inferenceengine.contextanalytics.engine.loggers.AppUsageLogger's database is updated.
08-13 16:19:54.814  2127  2127 D InterruptionStateProvider:  no Heads up : edgelighting enabled app. 0|com.samsung.android.app.smartcapture|1332|null|10190
08-13 16:19:54.817  1111  1111 I SurfaceFlinger: Layer [Task=6#122] hidden!! flag(0)
08-13 16:19:54.817  1111  1111 I SurfaceFlinger: Layer [Task=1#52] hidden!! flag(0)
08-13 16:19:54.818  2127  2127 D SubscreenNotificationListCoordinator: onAfterRenderList() isSubScreen = false, pluginLockMode = 0, doNotShowOnCover = false
08-13 16:19:54.819  2127  2303 I SurfaceControlRegistry: apply, t=FinishTransaction_SyncId<20540>, caller=android.view.SurfaceControl$Transaction.apply:3135 android.view.SurfaceControl$Transaction.apply:3122 android.view.SurfaceControl$Transaction.apply:3078 com.android.wm.shell.transition.Transitions.onFinish:308 com.android.wm.shell.transition.Transitions$$ExternalSyntheticLambda8.onTransitionFinished:10 com.android.wm.shell.transition.DefaultTransitionHandler$$ExternalSyntheticLambda6.run:36
08-13 16:19:54.822  2742  1821 I HoneySpace.HistoryViewModel@160600677@OneUI: Illegal access. Unknown type. skip load history items
08-13 16:19:54.822  2127  2127 D SecKeyguardClockPositionAlgorithm: getTopMargin scale = 1.2690217, clockContainerHeight = 389, scaleMarginY = -41
08-13 16:19:54.823  2127  2303 I SurfaceControlRegistry: show, t=StartTransaction_SyncId<20541> sc=WallpaperWindowToken{b638ffb token=android.os.Binder@64ddd8a}, caller=android.view.SurfaceControl$Transaction.show:3232 com.android.wm.shell.transition.Transitions.dispatchReady:798 com.android.wm.shell.transition.Transitions.onTransitionReady:244 com.android.wm.shell.transition.Transitions$TransitionPlayerImpl$$ExternalSyntheticLambda0.run:13 android.os.Handler.handleCallback:959 android.os.Handler.dispatchMessage:100
08-13 16:19:54.823  2127  2303 I SurfaceControlRegistry: hide, t=FinishTransaction_SyncId<20541> sc=Task=2230, caller=android.view.SurfaceControl$Transaction.hide:3258 com.android.wm.shell.transition.Transitions.dispatchReady:929 com.android.wm.shell.transition.Transitions.onTransitionReady:244 com.android.wm.shell.transition.Transitions$TransitionPlayerImpl$$ExternalSyntheticLambda0.run:13 android.os.Handler.handleCallback:959 android.os.Handler.dispatchMessage:100
08-13 16:19:54.823  2127  2303 I SurfaceControlRegistry: show, t=StartTransaction_SyncId<20541> sc=Task=1, caller=android.view.SurfaceControl$Transaction.show:3232 com.android.wm.shell.transition.Transitions.dispatchReady:934 com.android.wm.shell.transition.Transitions.onTransitionReady:244 com.android.wm.shell.transition.Transitions$TransitionPlayerImpl$$ExternalSyntheticLambda0.run:13 android.os.Handler.handleCallback:959 android.os.Handler.dispatchMessage:100
08-13 16:19:54.823  2127  2303 I SurfaceControlRegistry: show, t=FinishTransaction_SyncId<20541> sc=Task=1, caller=android.view.SurfaceControl$Transaction.show:3232 com.android.wm.shell.transition.Transitions.dispatchReady:988 com.android.wm.shell.transition.Transitions.onTransitionReady:244 com.android.wm.shell.transition.Transitions$TransitionPlayerImpl$$ExternalSyntheticLambda0.run:13 android.os.Handler.handleCallback:959 android.os.Handler.dispatchMessage:100
08-13 16:19:54.823  2127  2303 I SurfaceControlRegistry: show, t=StartTransaction_SyncId<20541> sc=Transition Root: Task=1, caller=android.view.SurfaceControl$Transaction.show:3232 com.android.wm.shell.transition.Transitions.playTransition:81 com.android.wm.shell.transition.Transitions.processReadyQueue:250 com.android.wm.shell.transition.Transitions.dispatchReady:1007 com.android.wm.shell.transition.Transitions.onTransitionReady:244 com.android.wm.shell.transition.Transitions$TransitionPlayerImpl$$ExternalSyntheticLambda0.run:13
08-13 16:19:54.826  2127  2127 I LockscreenNotificationIconsOnlyController: onNotificationInfoUpdated 0
08-13 16:19:54.826  1111  1111 I SurfaceFlinger: Layer [Task=2229#233733] hidden!! flag(1)
08-13 16:19:54.826  1111  1111 I SurfaceFlinger: [LayerHierarchy{RequestedLayerState{DimTransitionLayer for Surface(name=Task=2230)/@0x77e2448#233756 z=-1} no children}] reparent to OffscreenRoot
08-13 16:19:54.826  1111  1111 I SurfaceFlinger: [LayerHierarchy{RequestedLayerState{DimTransitionLayer for Surface(name=Task=2230)/@0x77e2448#233756 z=-1} no children}] RelativeParent to null
08-13 16:19:54.826  1111  1111 I SurfaceFlinger: [LayerHierarchy{RequestedLayerState{Task=2229#233733 parentId=11 z=3} 2 children}] reparent to LayerHierarchy{RequestedLayerState{DefaultTaskDisplayArea_d0#11 parentId=10} 10 children}
08-13 16:19:54.826  1111  1111 I SurfaceFlinger: [LayerHierarchy{RequestedLayerState{Task=2230#233746 parentId=11 z=4} 1 children}] reparent to LayerHierarchy{RequestedLayerState{DefaultTaskDisplayArea_d0#11 parentId=10} 11 children}
08-13 16:19:54.826  1111  1111 I SurfaceFlinger: [LayerHierarchy{RequestedLayerState{Transition Root: Task=2230#233751 z=4} no children}] reparent to OffscreenRoot
08-13 16:19:54.826  1111  1111 I SurfaceFlinger: [LayerHierarchy{RequestedLayerState{Transition Root: Task=2230#233751 z=4} no children}] RelativeParent to null
08-13 16:19:54.826  2127  2127 I AODNotificationManager: updateNotification()
08-13 16:19:54.826  1111  1111 I SurfaceFlinger: [LayerHierarchy{RequestedLayerState{Right Edge Extension#233752 z=-2147483648} 1 children}] reparent to OffscreenRoot
08-13 16:19:54.826  1111  1111 I SurfaceFlinger: [LayerHierarchy{RequestedLayerState{Right Edge Extension#233752 z=-2147483648} 1 children}] RelativeParent to null
08-13 16:19:54.827  2742 28910 I HoneySpace.RecentTasks: onRecentTasksChanged
08-13 16:19:54.828  1111  1111 I SurfaceFlinger: id=233753 Removed [BBQ] Right Edge Extension#233752#233753 (189)
08-13 16:19:54.828  1111  1111 I SurfaceFlinger: id=233751 Removed Transition Root: Task=2230#233751 (189)
08-13 16:19:54.828  1111  1111 I SurfaceFlinger: id=233752 Removed Right Edge Extension#233752 (189)
08-13 16:19:54.828  5596  5596 I VRI[ComponentActivity]@8fa3cae: stopped(true) old = false
08-13 16:19:54.828  5596  5596 D VRI[ComponentActivity]@8fa3cae: WindowStopped on com.example.cupcake/androidx.activity.ComponentActivity set to true
08-13 16:19:54.829  1111  1223 I SurfaceFlinger: id=233767 createSurf, flag=84000, Surface(name=Task=1)/@0x7b16fa1_transition-leash#233767
08-13 16:19:54.829  2742  3854 I SurfaceControlRegistry: show, t=StartTransaction_SyncId<20541> sc=Task=1, caller=android.view.SurfaceControl$Transaction.show:3232 P.g.a:125 P.g.o:0 P.g.n:0 com.android.systemui.animation.RemoteAnimationTargetCompat.wrap:48 com.android.systemui.animation.RemoteAnimationTargetCompat.wrapApps:10
08-13 16:19:54.830  1111  1223 I SurfaceFlinger: id=233768 createSurf, flag=84000, Surface(name=Task=2230)/@0xeabb987_transition-leash#233768
08-13 16:19:54.830  2742  3854 I SurfaceControlRegistry: show, t=StartTransaction_SyncId<20541> sc=Task=2230, caller=android.view.SurfaceControl$Transaction.show:3232 P.g.a:125 P.g.o:0 P.g.n:0 com.android.systemui.animation.RemoteAnimationTargetCompat.wrap:48 com.android.systemui.animation.RemoteAnimationTargetCompat.wrapApps:10
08-13 16:19:54.832  5596  5687 D HWUI    : CacheManager::trimMemory(20)
08-13 16:19:54.833 21624 21938 I Rubin   : [92] com.samsung.android.rubin.inferenceengine.contextanalytics.engine.monitors.moment.exercise.ExercisingWithCmhMonitor.isSatisfiedByCmh(Unknown Source) : isSatisfiedByCmh is false
08-13 16:19:54.834  1111  1111 D SurfaceFlinger: Display 4633128672291735932 HWC layers:
08-13 16:19:54.834  1111  1111 D SurfaceFlinger:        DEVICE |   0xb4000079e2942f90 | 0001 | RGBA_8888    |    0.0    0.0 1080.0 2340.0 |    0    0 1080 2340 | Splash Screen com.example.cupcake.test$_2127#233749 (1)
08-13 16:19:54.834  1111  1111 D SurfaceFlinger:        DEVICE |   0xb4000079e28be850 | 0001 | RGBA_8888    |    0.0    0.0 1080.0   80.0 |    0    0 1080   80 | StatusBar$_2127#106 (79505)
08-13 16:19:54.834  1111  1111 D SurfaceFlinger:        DEVICE |   0xb4000079e293aa90 | 0001 | RGBA_8888    |    0.0    0.0 1080.0  135.0 |    0 2205 1080 2340 | NavigationBar0$_2127#101 (129893)
08-13 16:19:54.834  1111  1111 D SurfaceFlinger:        DEVICE |   0xb4000079e28ad3d0 | 0001 | RGBA_8888    |    0.0  249.0 1034.0  827.0 |   46    0 1080  578 | $_4855#233489 (389)
08-13 16:19:54.834  1111  1111 D SurfaceFlinger:
08-13 16:19:54.835  1111  1111 I SurfaceFlinger: Layer [com.example.cupcake/androidx.activity.ComponentActivity$_5596#233738] hidden!! flag(1)
08-13 16:19:54.835  1111  1111 I SurfaceFlinger: Layer [ActivityRecord{d80f800 u0 com.exampl[...]vity.ComponentActivity t2229}#233734] hidden!! flag(1)
08-13 16:19:54.835  1111  1111 I SurfaceFlinger: Layer [Transition Root: Task=1#233766] hidden!! flag(0)
08-13 16:19:54.835  1111  1111 I SurfaceFlinger: Layer [WallpaperWindowToken{b638ffb token=android.os.Binder@64ddd8a}#74] hidden!! flag(0)
08-13 16:19:54.836  1111  1111 I SurfaceFlinger: Layer [com.sec.android.app.launcher/com.sec[...]vities.LauncherActivity$_2742#233763] hidden!! flag(0)
08-13 16:19:54.836  1111  1111 E SurfaceFlinger: alpha changed 1.000 -> 0.000 - Surface(name=Task=1)/@0x7b16fa1_transition-leash#233767
08-13 16:19:54.836  1111  1111 I SurfaceFlinger: Layer [ActivityRecord{b3168b5 u0 com.sec.an[...].activities.LauncherActivity t6}#123] hidden!! flag(0)
08-13 16:19:54.836  1111  1111 I SurfaceFlinger: Layer [com.example.cupcake.test/androidx.te[...]tyInvoker$EmptyActivity$_5736#233758] hidden!! flag(0)
08-13 16:19:54.836  1111  1111 I SurfaceFlinger: Layer [com.android.systemui.wallpapers.ImageWallpaper$_2127#81] hidden!! flag(0)
08-13 16:19:54.836  1111  1111 I SurfaceFlinger: destroyed Transition Root: Task=2230#233751
08-13 16:19:54.836  1111  1111 I SurfaceFlinger: destroyed Right Edge Extension#233752
08-13 16:19:54.836  1111  1111 I SurfaceFlinger: destroyed [BBQ] Right Edge Extension#233752#233753
08-13 16:19:54.836  1111  1111 I SurfaceFlinger: [LayerHierarchy{RequestedLayerState{Task=1#52 parentId=233767} 2 children}] reparent to LayerHierarchy{RequestedLayerState{Surface(name=Task=1)/@0x7b16fa1_transition-leash#233767 parentId=233766 z=2} 1 children}
08-13 16:19:54.836  1111  1111 I SurfaceFlinger: [LayerHierarchy{RequestedLayerState{Task=2230#233746 parentId=233768} 1 children}] reparent to LayerHierarchy{RequestedLayerState{Surface(name=Task=2230)/@0xeabb987_transition-leash#233768 parentId=233766 z=5} 1 children}
08-13 16:19:54.836  1111  1111 I SurfaceFlinger: [Surface(name=Task=2230)/@0xeabb987_transition-leash#233768] attach to parent LayerHierarchy{RequestedLayerState{Transition Root: Task=1#233766 parentId=11} 1 children}
08-13 16:19:54.836  1111  1111 I SurfaceFlinger: [Surface(name=Task=1)/@0x7b16fa1_transition-leash#233767] attach to parent LayerHierarchy{RequestedLayerState{Transition Root: Task=1#233766 parentId=11} 2 children}
08-13 16:19:54.837  1111  1111 I Layer   : id=233753 Destroyed [BBQ] Right Edge Extension#233752#233753
08-13 16:19:54.837  1111  1111 I Layer   : id=233752 Destroyed Right Edge Extension#233752
08-13 16:19:54.837  1111  1111 I Layer   : id=233751 Destroyed Transition Root: Task=2230#233751
08-13 16:19:54.839  5596  5596 D LifecycleMonitor: Lifecycle status change: androidx.activity.ComponentActivity@3a07e7b in: STOPPED
08-13 16:19:54.839  5596  5596 V ActivityScenario: Update currentActivityStage to STOPPED, currentActivity=androidx.activity.ComponentActivity@3a07e7b
08-13 16:19:54.835  2742  2100 I HoneySpace.RecentTasks: onRecentTasksChanged
08-13 16:19:54.842  2127  2816 D LocalImageResolver: Couldn't use ImageDecoder for drawable, falling back to non-resized load.
08-13 16:19:54.843  2742  3854 I SurfaceControlRegistry: apply, t=StartTransaction_SyncId<20541>, caller=android.view.SurfaceControl$Transaction.apply:3135 android.view.SurfaceControl$Transaction.apply:3122 android.view.SurfaceControl$Transaction.apply:3078 com.android.systemui.animation.RemoteAnimationRunnerCompat$1.startAnimation:634 android.window.IRemoteTransition$Stub.onTransact:158 android.os.Binder.execTransactInternal:1541
08-13 16:19:54.843  2742 28910 I HoneySpace.HistoryViewModel@160600677@OneUI: Illegal access. Unknown type. skip load history items
08-13 16:19:54.843  2742  3854 I HoneySpace.ShellAnimationRunner: [onAnimationStart] appTarget(0) : taskId-1, mode-0
08-13 16:19:54.843  2742  3854 I HoneySpace.ShellAnimationRunner: cookie: -2147483648
08-13 16:19:54.843  2742  3854 I HoneySpace.ShellAnimationRunner: [onAnimationStart] appTarget(1) : taskId-2230, mode-1
08-13 16:19:54.843  2742  2742 I HoneySpace.ShellAnimationRunner: this , com.honeyspace.transition.ShellAnimationRunner@f416450
08-13 16:19:54.843  2742  2742 I HoneySpace.ShellAnimationRunner: finishExistingAnimation, null
08-13 16:19:54.843  2742  2742 I HoneySpace.AppCloseAnimationDelegate: onAnimationStart
08-13 16:19:54.843  2742  2742 I HoneySpace.AppCloseAnimationDelegate: findTargetView() called with: targets = com.honeyspace.transition.remote.RemoteAnimationTargets@9987852, centerMostInfo = null
08-13 16:19:54.843  2742  2742 I HoneySpace.AppCloseAnimationDelegate: findTargetValue [cookie--2147483648, pkgName-com.example.cupcake.test]
08-13 16:19:54.844  2742  2742 I HoneySpace.AppCloseAnimationDelegate: findTargetView found:null, null
08-13 16:19:54.844  1111  1111 D SurfaceFlinger: Display 4633128672291735932 HWC layers:
08-13 16:19:54.844  1111  1111 D SurfaceFlinger:        DEVICE |   0xb4000079e292f2d0 | 0001 | RGBA_8888    |    0.0    0.0 1080.0 2340.0 |    0    0 1080 2340 | com.example.cupcake.test/androidx.te[...]tyInvoker$EmptyActivity$_5736#233758 (1)
08-13 16:19:54.844  1111  1111 D SurfaceFlinger:        DEVICE |   0xb4000079e2942f90 | 0001 | RGBA_8888    |    0.0    0.0 1080.0 2340.0 |    0    0 1080 2340 | Splash Screen com.example.cupcake.test$_2127#233749 (1)
08-13 16:19:54.844  1111  1111 D SurfaceFlinger:        DEVICE |   0xb4000079e28ca710 | 0001 | RGBA_8888    |    0.0    0.0 1080.0   80.0 |    0    0 1080   80 | StatusBar$_2127#106 (79506)
08-13 16:19:54.844  1111  1111 D SurfaceFlinger:        DEVICE |   0xb4000079e293aa90 | 0001 | RGBA_8888    |    0.0    0.0 1080.0  135.0 |    0 2205 1080 2340 | NavigationBar0$_2127#101 (129893)
08-13 16:19:54.844  1111  1111 D SurfaceFlinger:        DEVICE |   0xb4000079e28ad3d0 | 0001 | RGBA_8888    |    0.0  249.0 1034.0  827.0 |   46    0 1080  578 | $_4855#233489 (389)
08-13 16:19:54.844  1111  1111 D SurfaceFlinger:
08-13 16:19:54.844  2742  2742 I HoneySpace.AppCloseAnimationDelegate: getCloseAnimator : isGestureClosing-true, target-null
08-13 16:19:54.844  2742  2742 I HoneySpace.FloatingAnimator: playerCount : 1
08-13 16:19:54.844  2742  2742 I HoneySpace.FloatingAnimator: [Player:A(54.844)] create
08-13 16:19:54.844  2742  2742 I HoneySpace.AppCloseAnimationDelegate: playFloatingIconAnim, appPlayer: A(54.844)
08-13 16:19:54.844  2742  2742 I HoneySpace.TransitionUtils: [getRotationChange] home-0, app-0
08-13 16:19:54.844  2742  2742 I HoneySpace.TransitionUtils: getWindowTargetBounds: Rect(0, 0 - 1080, 2340)
08-13 16:19:54.844  2742  2742 I HoneySpace.FloatingAnimator: setup no target anim
08-13 16:19:54.844  1111  1162 I SurfaceFlinger: id=233769 createSurf, flag=24000, Surface(name=4243179 com.example.cupcake.test/androidx.test.core.app.InstrumentationActivityInvoker$EmptyActivity)/@0x4a77faf - animation-leash of starting_reveal#233769
08-13 16:19:54.844  2742  2742 I HoneySpace.SpringAnimPlayer: [Player:A(54.844)] spring onAnimationStart
08-13 16:19:54.844  2742  2742 I HoneySpace.ContentsAnimator: from : 0.0
08-13 16:19:54.844  1111  1111 I SurfaceFlinger: [Surface(name=4243179 com.example.cupcake.test/androidx.test.core.app.InstrumentationActivityInvoker$EmptyActivity)/@0x4a77faf - animation-leash of starting_reveal#233769] attach to parent LayerHierarchy{RequestedLayerState{ActivityRecord{b7d32e5 u0 com.example.cupcake.test/androidx.test.core.app.InstrumentationActivityInvoker$EmptyActivity t2230}#233747 parentId=233746} 4 children}
08-13 16:19:54.844  2742  2742 I HoneySpace.HoneyScreenManagerImpl: Close floating task bar
08-13 16:19:54.845  2742  2742 I HoneySpace.WorkspaceViewModel: StartContentAnimation, type: AppClose, inProgress: true
08-13 16:19:54.845  2742  2742 I HoneySpace.ContentsAnimator: ContentsAnimator start [130319121]
08-13 16:19:54.845  2742  2742 I HoneySpace.AnimationResult: setAnimation, animation: false
08-13 16:19:54.845  2742  2742 I HoneySpace.AppTransitionAnimationAwait: proceed 0
08-13 16:19:54.845  2742  2742 I HoneySpace.AppTransitionAnimationAwait: prepare refCnt:1 timeout:800
08-13 16:19:54.847  2127  2816 D LocalImageResolver: Couldn't use ImageDecoder for drawable, falling back to non-resized load.
08-13 16:19:54.849  2742 10793 I HoneySpace.WallpaperAnimator: createWallpaperSurface
08-13 16:19:54.850  2127  2127 I AppIconSolution: return adaptive icon for com.samsung.android.app.smartcapture, isNight = true
08-13 16:19:54.850  2742  2100 I HoneySpace.HistoryViewModel@160600677@OneUI: Illegal access. Unknown type. skip load history items
08-13 16:19:54.853  2127  2303 D ShellTaskOrganizer: removeStartingWindow, removalInfo=StartingWindowRemovalInfo{taskId=2230 frame=Rect(0, 0 - 1080, 2340) playRevealAnimation=true roundedCornerRadius=0.0 deferRemoveMode=0 windowlessSurface=false removeImmediately=false}
08-13 16:19:54.854  2742  2742 I HoneySpace.RectFAnimation: animateToFinalPosition RectF(0.0, 0.0, 1080.0, 2340.0)
08-13 16:19:54.854  2742  2742 I HoneySpace.RectFAnimation: animateToFinalPosition RectF(0.0, 0.0, 1080.0, 2340.0)
08-13 16:19:54.854  2742  2742 I HoneySpace.RectFAnimation: animateToFinalPosition RectF(0.0, 0.0, 1080.0, 2340.0)
08-13 16:19:54.857  1066  4972 I ExynosC2H264EncComponent: [onUpdateC2Work] got SYNC FRAME
08-13 16:19:54.858  2742  2742 I HoneySpace.RectFAnimation: animateToFinalPosition RectF(0.0, 0.0, 1080.0, 2340.0)
08-13 16:19:54.858  2742  4755 I VRI[LauncherActivity]@3489192: mWNT: t=0xb40000760921b690 mBlastBufferQueue=0xb4000075191609b0 fn= 9 HdrRenderState mRenderHdrSdrRatio=1.0 caller= com.android.systemui.shared.launcher.ViewRootImplCompat.mergeWithNextTransaction:4 com.honeyspace.transition.utils.SurfaceTransactionApplier.scheduleApply$lambda$1:26 com.honeyspace.transition.utils.SurfaceTransactionApplier.b:0
08-13 16:19:54.858  2742  2742 I HoneySpace.RectFAnimation: animateToFinalPosition RectF(0.0, 0.9630127, 1080.0, 2340.963)
08-13 16:19:54.858  2742  2742 I HoneySpace.RectFAnimation: animateToFinalPosition RectF(0.9239502, 2.972168, 1079.076, 2338.1428)
08-13 16:19:54.859  2742  2742 I HoneySpace.RectFAnimation: animateToFinalPosition RectF(0.9239502, 2.972168, 1079.076, 2338.1428)
08-13 16:19:54.860  1282  1444 D PkgPredictorService-SecIpmManagerServiceImpl: bg information pid:5596 uid:10418 pkgName:com.example.cupcake
08-13 16:19:54.861  1282  1447 I SurfaceControl: apply, lowDebugName=CreateStartingRevealAnim, caller=android.view.SurfaceControl$Transaction.apply:3122 android.view.SurfaceControl$Transaction.apply:3078 com.android.server.wm.WindowAnimator.animate:380 com.android.server.wm.WindowAnimator$$ExternalSyntheticLambda1.doFrame:14 android.view.Choreographer$CallbackRecord.run:1749 android.view.Choreographer$CallbackRecord.run:1760
08-13 16:19:54.864  2127  2127 D SecKeyguardClockPositionAlgorithm: getTopMargin scale = 1.2690217, clockContainerHeight = 389, scaleMarginY = -41
08-13 16:19:54.864  1111  1730 I SurfaceFlinger: id=233770 createSurf, flag=24000, Surface(name=RemoteWallpaperAnim:1:1)/@0xcc52fc5 - animation-leash of remote_wallpaper#233770
08-13 16:19:54.865  2742  4754 I VRI[LauncherActivity]@3489192: mWNT: t=0xb40000760914d050 mBlastBufferQueue=0xb4000075191609b0 fn= 10 HdrRenderState mRenderHdrSdrRatio=1.0 caller= com.android.systemui.shared.launcher.ViewRootImplCompat.mergeWithNextTransaction:4 com.honeyspace.transition.utils.SurfaceTransactionApplier.scheduleApply$lambda$1:26 com.honeyspace.transition.utils.SurfaceTransactionApplier.b:0
08-13 16:19:54.865  2127  2938 I VRI[test]@118cdad: mWNT: t=0xb400007609262650 mBlastBufferQueue=0xb400007519118890 fn= 2 HdrRenderState mRenderHdrSdrRatio=1.0 caller= android.view.SyncRtSurfaceTransactionApplier.applyTransaction:96 android.view.SyncRtSurfaceTransactionApplier.lambda$scheduleApply$0:69 android.view.SyncRtSurfaceTransactionApplier.$r8$lambda$afI4fXg3U3-nBZQEDQMiNy-B06s:0
08-13 16:19:54.865  2127  2938 I VRI[test]@118cdad: mWNT: t=0xb4000076091f8bd0 mBlastBufferQueue=0xb400007519118890 fn= 2 HdrRenderState mRenderHdrSdrRatio=1.0 caller= android.view.SyncRtSurfaceTransactionApplier.applyTransaction:96 android.view.SyncRtSurfaceTransactionApplier.lambda$scheduleApply$0:69 android.view.SyncRtSurfaceTransactionApplier.$r8$lambda$afI4fXg3U3-nBZQEDQMiNy-B06s:0
08-13 16:19:54.866  1111  1111 E SurfaceFlinger: alpha changed 0.000 -> 1.000 - Surface(name=Task=1)/@0x7b16fa1_transition-leash#233767
08-13 16:19:54.866  1111  1111 I SurfaceFlinger: [LayerHierarchy{RequestedLayerState{4243179 com.example.cupcake.test/androidx.test.core.app.InstrumentationActivityInvoker$EmptyActivity#233750 parentId=233769} 1 children}] reparent to LayerHierarchy{RequestedLayerState{Surface(name=4243179 com.example.cupcake.test/androidx.test.core.app.InstrumentationActivityInvoker$EmptyActivity)/@0x4a77faf - animation-leash of starting_reveal#233769 parentId=233747} 1 children}
08-13 16:19:54.866  1111  1111 I SurfaceFlinger: [Surface(name=RemoteWallpaperAnim:1:1)/@0xcc52fc5 - animation-leash of remote_wallpaper#233770] attach to parent LayerHierarchy{RequestedLayerState{OneHanded:0:14#4 parentId=3} 5 children}
08-13 16:19:54.867  2742  2742 I HoneySpace.RectFAnimation: animateToFinalPosition RectF(0.9239502, 13.096802, 1079.076, 2348.2676)
08-13 16:19:54.867  2742  2742 I HoneySpace.RectFAnimation: animateToFinalPosition RectF(10.251953, 33.324585, 1069.748, 2319.8735)
08-13 16:19:54.868  2742  2742 I HoneySpace.RectFAnimation: animateToFinalPosition RectF(10.251953, 33.324585, 1069.748, 2319.8735)
08-13 16:19:54.868 23813 30394 W FA      : Failed to retrieve Firebase Instance Id
08-13 16:19:54.869  1282  1447 I SurfaceControl: apply, lowDebugName=startRemoteWallpaperAnimation_143892070, caller=android.view.SurfaceControl$Transaction.apply:3122 android.view.SurfaceControl$Transaction.apply:3078 com.android.server.wm.WindowAnimator.animate:380 com.android.server.wm.WindowAnimator$$ExternalSyntheticLambda1.doFrame:14 android.view.Choreographer$CallbackRecord.run:1749 android.view.Choreographer$CallbackRecord.run:1760
08-13 16:19:54.869  5596  5596 D LifecycleMonitor: Lifecycle status change: androidx.activity.ComponentActivity@3a07e7b in: DESTROYED
08-13 16:19:54.869  5596  5596 V ActivityScenario: Update currentActivityStage to DESTROYED, currentActivity=null
08-13 16:19:54.870  5596  5596 W WindowOnBackDispatcher: sendCancelIfRunning: isInProgress=false callback=android.view.ViewRootImpl$$ExternalSyntheticLambda15@33175ba
08-13 16:19:54.870  2742  4755 I VRI[LauncherActivity]@3489192: mWNT: t=0xb400007609142850 mBlastBufferQueue=0xb4000075191609b0 fn= 11 HdrRenderState mRenderHdrSdrRatio=1.0 caller= com.android.systemui.shared.launcher.ViewRootImplCompat.mergeWithNextTransaction:4 com.honeyspace.transition.utils.SurfaceTransactionApplier.scheduleApply$lambda$1:26 com.honeyspace.transition.utils.SurfaceTransactionApplier.b:0
08-13 16:19:54.874  2742  2742 I HoneySpace.RectFAnimation: animateToFinalPosition RectF(10.251953, 46.082825, 1069.748, 2332.6318)
08-13 16:19:54.875  2742  2742 I HoneySpace.RectFAnimation: animateToFinalPosition RectF(21.495972, 70.3786, 1058.504, 2298.528)
08-13 16:19:54.879  2742  4754 I VRI[LauncherActivity]@3489192: mWNT: t=0xb400007609226050 mBlastBufferQueue=0xb4000075191609b0 fn= 12 HdrRenderState mRenderHdrSdrRatio=1.0 caller= com.android.systemui.shared.launcher.ViewRootImplCompat.mergeWithNextTransaction:4 com.honeyspace.transition.utils.SurfaceTransactionApplier.scheduleApply$lambda$1:26 com.honeyspace.transition.utils.SurfaceTransactionApplier.b:0
