08-13 16:19:50.471  5596  5677 I TestRunner: started: cupcakeNAvHost_verifyBackNavigationNotShownOnStartOrderScreen(com.example.cupcake.test.CupcakeScreenNavigationTest)
08-13 16:19:50.474  1111  1111 I SurfaceFlinger: [LayerHierarchy{RequestedLayerState{com.example.cupcake/androidx.activity.ComponentActivity$_5596#233626} no children}] reparent to OffscreenRoot
08-13 16:19:50.474  1111  1111 I SurfaceFlinger: [LayerHierarchy{RequestedLayerState{com.example.cupcake/androidx.activity.ComponentActivity$_5596#233626} no children}] RelativeParent to null
08-13 16:19:50.474  1111  1111 I SurfaceFlinger: [LayerHierarchy{RequestedLayerState{ActivityRecord{af9273 u0 com.example.cupcake/androidx.activity.ComponentActivity t2223}#233619} 2 children}] reparent to OffscreenRoot
08-13 16:19:50.474  1111  1111 I SurfaceFlinger: [LayerHierarchy{RequestedLayerState{ActivityRecord{af9273 u0 com.example.cupcake/androidx.activity.ComponentActivity t2223}#233619} 2 children}] RelativeParent to null
08-13 16:19:50.474  1111  1111 I SurfaceFlinger: [LayerHierarchy{RequestedLayerState{f3ff9f9 com.example.cupcake/androidx.activity.ComponentActivity#233622} no children}] reparent to OffscreenRoot
08-13 16:19:50.474  1111  1111 I SurfaceFlinger: [LayerHierarchy{RequestedLayerState{f3ff9f9 com.example.cupcake/androidx.activity.ComponentActivity#233622} no children}] RelativeParent to null
08-13 16:19:50.474  1111  1111 I SurfaceFlinger: [LayerHierarchy{RequestedLayerState{Task=2223#233618 z=3} no children}] reparent to OffscreenRoot
08-13 16:19:50.474  1111  1111 I SurfaceFlinger: [LayerHierarchy{RequestedLayerState{Task=2223#233618 z=3} no children}] RelativeParent to null
08-13 16:19:50.474  1111  1111 I SurfaceFlinger: [LayerHierarchy{RequestedLayerState{Task=2223#233653 z=3} no children}] reparent to OffscreenRoot
08-13 16:19:50.474  1111  1111 I SurfaceFlinger: [LayerHierarchy{RequestedLayerState{Task=2223#233653 z=3} no children}] RelativeParent to null
08-13 16:19:50.475  5596  5677 D IdlingRegistry: Registering idling resources: [androidx.compose.ui.test.EspressoLink@49ce4f]
08-13 16:19:50.475  1111  1111 I SurfaceFlinger: id=233653 Removed Task=2223#233653 (166)
08-13 16:19:50.475  1111  1111 I SurfaceFlinger: id=233619 Removed ActivityRecord{af9273 u0 com.example.cupcake/androidx.activity.ComponentActivity t2223}#233619 (166)
08-13 16:19:50.475  1111  1111 I SurfaceFlinger: id=233622 Removed f3ff9f9 com.example.cupcake/androidx.activity.ComponentActivity#233622 (166)
08-13 16:19:50.475  1111  1111 I SurfaceFlinger: id=233626 Removed com.example.cupcake/androidx.activity.ComponentActivity$_5596#233626 (166)
08-13 16:19:50.477  5596  5677 W Settings: Setting always_finish_activities has moved from android.provider.Settings.System to android.provider.Settings.Global, returning read-only value.
08-13 16:19:50.482  1111  1111 I SurfaceFlinger: destroyed com.example.cupcake/androidx.activity.ComponentActivity$_5596#233626
08-13 16:19:50.483  1111  1111 I SurfaceFlinger: destroyed Task=2223#233653
08-13 16:19:50.483  1111  1111 I SurfaceFlinger: destroyed ActivityRecord{af9273 u0 com.example.cupcake/androidx.activity.ComponentActivity t2223}#233619
08-13 16:19:50.483  1111  1111 I SurfaceFlinger: destroyed dc5abad ActivityRecordInputSink com.example.cupcake/androidx.activity.ComponentActivity#233629
08-13 16:19:50.483  1111  1111 I SurfaceFlinger: destroyed f3ff9f9 com.example.cupcake/androidx.activity.ComponentActivity#233622
08-13 16:19:50.483  1282  4371 V GrammaticalInflectionUtils: AttributionSource: AttributionSource { uid = 10418, packageName = null, attributionTag = null, token = android.os.Binder@88f1d92, deviceId = 0, next = null } does not have READ_SYSTEM_GRAMMATICAL_GENDER permission.
08-13 16:19:50.484  1111  1111 I Layer   : id=233629 Destroyed dc5abad ActivityRecordInputSink com.example.cupcake/androidx.activity.ComponentActivity#233629
08-13 16:19:50.484  1111  1111 I Layer   : id=233622 Destroyed f3ff9f9 com.example.cupcake/androidx.activity.ComponentActivity#233622
08-13 16:19:50.484  1111  1111 I Layer   : id=233619 Destroyed ActivityRecord{af9273 u0 com.example.cupcake/androidx.activity.ComponentActivity t2223}#233619
08-13 16:19:50.484  1111  1111 I Layer   : id=233626 Destroyed com.example.cupcake/androidx.activity.ComponentActivity$_5596#233626
08-13 16:19:50.485  1111  1111 I Layer   : id=233653 Destroyed Task=2223#233653
08-13 16:19:50.485  1282  2936 I SemDvfsHyPerManager: acquire hyper - AMS_APP_SWITCH/1282@26, type = -999
08-13 16:19:50.486  1062  1149 I HYPER-HAL: [RequestManager.cpp]acquire(): Acquired ID : 856112  [1282 / 26]    HINT : AMS_APP_SWITCH    list :
08-13 16:19:50.486  1111  1223 I SurfaceFlinger: id=233654 createSurf, flag=24004, Task=2225#233654
08-13 16:19:50.487  4368  4368 I SemDvfsHyPerManager: acquire hyper - APP_START_SHORT/4368@14, type = -999
08-13 16:19:50.487  1062  1149 I HYPER-HAL: [RequestManager.cpp]acquire(): Acquired ID : 9603167  [4368 / 14]    HINT : APP_START    list : [TIMEOUT / 1500]
08-13 16:19:50.489  1111  1223 I SurfaceFlinger: id=233655 createSurf, flag=84004, ActivityRecord{706d10a u0 com.example.cupcake/androidx.activity.ComponentActivity t2225}#233655
08-13 16:19:50.497  1282  4371 I SemDvfsHyPerManager: acquire hyper - AMS_APP_LAUNCH/1282@21, type = -999
08-13 16:19:50.497  1062  1149 I HYPER-HAL: [RequestManager.cpp]acquire(): Acquired ID : 849577  [1282 / 21]    HINT : AMS_APP_LAUNCH    list :
08-13 16:19:50.498  3157  3157 E pageboostd: Received HALT command code 2
08-13 16:19:50.501  4368  4368 I SemDvfsHyPerManager: acquire hyper - APP_START/4368@16, type = -999
08-13 16:19:50.501  1244 15899 I CameraService: onUidStateChanged: uid=10043, procState is changed. (0 -> 1)
08-13 16:19:50.501  2127  2334 I ViewRootImpl: dVRR is disabled
08-13 16:19:50.501  1062  1149 I HYPER-HAL: [RequestManager.cpp]acquire(): Acquired ID : 9611936  [4368 / 16]    HINT : APP_START    list :
08-13 16:19:50.502  2127  2390 D NativeCustomFrequencyManager: [NativeCFMS] BpCustomFrequencyManager::BpCustomFrequencyManager()
08-13 16:19:50.505  2742  2742 I HoneySpace.CapturedBlurManager: capturedBlurView: pause(25347631)
08-13 16:19:50.505  2742  2742 I HoneySpace.Launcher: !@Boot_EBS_D: Launcher.onPause()
08-13 16:19:50.505  2742  1821 I HoneySpace.SPayHandler: updateSpayHandler launcher activity is paused false
08-13 16:19:50.506  1282  1908 D InputTransport: Input channel constructed: 'ca7b62d', fd=932
08-13 16:19:50.506  1282  1908 D InputTransport: Input channel constructed: 'ca7b62d', fd=981
08-13 16:19:50.506  2742  1824 I HoneySpace.RecentTasks: onRecentTasksChanged
08-13 16:19:50.506  1282  1908 D InputTransport: Input channel constructed: 'ca7b62d', fd=1007
08-13 16:19:50.506  2742  2742 I HoneySpace.Launcher: updateLauncherShowing true -> false
08-13 16:19:50.506  1111  1162 I SurfaceFlinger: id=233656 createSurf, flag=84004, ca7b62d Splash Screen com.example.cupcake#233656
08-13 16:19:50.506  2742  1821 I HoneySpace.RecentTasks: onRecentTasksChanged
08-13 16:19:50.507  1111  1111 I SurfaceFlinger: [Task=2225#233654] attach to parent LayerHierarchy{RequestedLayerState{DefaultTaskDisplayArea_d0#11 parentId=10} 8 children}
08-13 16:19:50.507  1111  1111 I SurfaceFlinger: [ActivityRecord{706d10a u0 com.example.cupcake/androidx.activity.ComponentActivity t2225}#233655] attach to parent LayerHierarchy{RequestedLayerState{Task=2225#233654 parentId=11} 1 children}
08-13 16:19:50.507  1111  1111 I SurfaceFlinger: [ca7b62d Splash Screen com.example.cupcake#233656] attach to parent LayerHierarchy{RequestedLayerState{ActivityRecord{706d10a u0 com.example.cupcake/androidx.activity.ComponentActivity t2225}#233655 parentId=233654} 1 children}
08-13 16:19:50.507  1282  1908 D InputTransport: Input channel destroyed: 'ca7b62d', fd=1007
08-13 16:19:50.509  2127  2334 D InputTransport: Input channel constructed: 'ca7b62d', fd=413
08-13 16:19:50.510  2127  2334 I InsetsController: onStateChanged: host=Splash Screen com.example.cupcake, from=android.view.ViewRootImpl.setView:1999, state=InsetsState: {mDisplayFrame=Rect(0, 0 - 1080, 2340), mDisplayCutout=DisplayCutout{insets=Rect(0, 80 - 0, 0) waterfall=Insets{left=0, top=0, right=0, bottom=0} boundingRect={Bounds=[Rect(0, 0 - 0, 0), Rect(511, 0 - 569, 80), Rect(0, 0 - 0, 0), Rect(0, 0 - 0, 0)]} cutoutPathParserInfo={CutoutPathParserInfo{displayWidth=1080 displayHeight=2340 physicalDisplayWidth=1080 physicalDisplayHeight=2340 density={2.8125} cutoutSpec={M 0,0 M 0,7.822222222222222‬‬ a 10.31111111111111‬,10.31111111111111‬ 0 1,0 0,20.62222222222222‬ a 10.31111111111111‬,10.31111111111111‬ 0 1,0 0,-20.62222222222222‬ Z @dp} rotation={0} scale={1.0} physicalPixelDisplaySizeRatio={1.0}}} sideOverrides={}}, mRoundedCorners=RoundedCorners{[RoundedCorner{position=TopLeft, radius=113, center=Point(113, 113)}, RoundedCorner{position=TopRight, radius=113, center=Point(967, 113)}, RoundedCorner{position=BottomRight, radius=113, center=Point(967, 2227)}, RoundedCorner{position=BottomLeft, radius=113, center=Point(113, 2227)}]}  mRoundedCornerFrame=Rect(0, 0 - 1080, 2340), mPrivacyIndicatorBounds=PrivacyIndicatorBounds {static bounds=Rect(956, 0 - 1080, 80) rotation=0}, mDisplayShape=DisplayShape{ spec=-311912193 displayWidth=1080 displayHeight=2340 physicalPixelDisplaySizeRatio=1.0 rotation=0 offsetX=0 offsetY=0 scale=1.0}, mSources= { InsetsSource: {b9640000 mType=statusBars mFrame=[0,0][1080,80] mVisible=true mFlags= mSideHint=TOP mBoundingRects=null}, InsetsSource: {b9640005 mType=mandatorySystemGestures mFrame=[0,0][1080,114] mVisible=true mFlags= mSideHint=TOP mBoundingRects=null}, InsetsSource: {b9640006 mType=tappableElement mFrame=[0,0][1080,80] mVisible=true mFlags= mSideHint=TOP mBoundingRects=null}, InsetsSource: {d8440001 mType=navigationBars mFrame=[0,2298][1080,2340] mVisible=true mFlags=SUPPRESS_SCRIM mSideHint=BOTTOM mBoundingRects=null}, InsetsSource: {d8440004 mType=systemGestures mFrame=[0,0][63,2340] mVisible=true mFlags= mSideHint=LEFT mBoundingRects=null}, InsetsSource: {d8440005 mType=mandatorySystemGestures mFrame=[0,2250][1080,2340] mVisible=true mFlags= mSideHint=BOTTOM mBoundingRects=null}, InsetsSource: {d8440006 mType=tappableElement mFrame=[0,0][0,0] mVisible=true mFlags= mSideHint=NONE mBoundingRects=null}, InsetsSource: {d8440024 mType=systemGestures mFrame=[1017,0][1080,2340] mVisible=true mFlags= mSideHint=RIGHT mBoundingRects=null}, InsetsSource: {27 mType=displayCutout mFrame=[0,0][1080,80] mVisible=true mFlags= mSideHint=TOP mBoundingRects=null} }
08-13 16:19:50.510  2127  2334 I VRI[cupcake]@b24c1b: synced displayState. AttachInfo displayState=2
08-13 16:19:50.512  1282  4371 D InputDispatcher: Focused application(0): ActivityRecord{706d10a u0 com.example.cupcake/androidx.activity.ComponentActivity t2225}
08-13 16:19:50.513  1282  3179 D GraphicsStatsService: requestRenderEngineFor(com.example.cupcake)
08-13 16:19:50.515  2742  2887 I HoneySpace.TopTaskSource: onTaskMovedToFront : taskId = 2225, displayId = 0
08-13 16:19:50.516  2127  2334 I VRI[cupcake]@b24c1b: setView = android.widget.FrameLayout@e26caf6 IsHRR=false TM=true
08-13 16:19:50.518  2127  2390 D HWUI    : HWUI - treat SMPTE_170M as sRGB
08-13 16:19:50.519  2742  2889 I HoneySpace.TopTaskUseCase: topTaskId 2225, DisplayId : 0
08-13 16:19:50.520  1282  1967 D AS.MultiSoundManager: mForegroundUid = 10418
08-13 16:19:50.521  5596  5596 D LifecycleMonitor: Lifecycle status change: androidx.activity.ComponentActivity@d721612 in: PRE_ON_CREATE
08-13 16:19:50.522  5596  5596 V ActivityScenario: Activity lifecycle changed event received but ignored because the reported transition was not ON_CREATE while the last known transition was PRE_ON_CREATE
08-13 16:19:50.522  2742  2108 I HoneySpace.HistoryViewModel@160600677@OneUI: Illegal access. Unknown type. skip load history items
08-13 16:19:50.522  1282  1444 D PkgPredictorService-SecIpmManagerServiceImpl: onForegroundActivitiesChanged pid:5596 uid:10418
08-13 16:19:50.522  1282  4402 V WindowManager: Relayout Window{ca7b62d u0 Splash Screen com.example.cupcake}: viewVisibility=0 req=1080x2340 ty=3 d0
08-13 16:19:50.522  1111  1730 I SurfaceFlinger: id=233657 createSurf, flag=44004, Splash Screen com.example.cupcake$_2127#233657
08-13 16:19:50.523  2742  2887 I HoneySpace.TopTaskSource: onTaskFocusChanged(): taskId = 2225
08-13 16:19:50.523  2742  2887 I HoneySpace.TopTaskSource: onTaskMovedToFront : taskId = 2225, displayId = 0
08-13 16:19:50.524  1111  1111 I SurfaceFlinger: [LayerHierarchy{RequestedLayerState{ImeContainer#16 parentId=123 relativeParentId=123 z=1} 1 children}] RelativeParent to null
08-13 16:19:50.524  1111  1111 I SurfaceFlinger: [Splash Screen com.example.cupcake$_2127#233657] attach to parent LayerHierarchy{RequestedLayerState{ca7b62d Splash Screen com.example.cupcake#233656 parentId=233655 z=2147483647} 1 children}
08-13 16:19:50.525  1111  1111 I BpBinder: onLastStrongRef automatically unlinking death recipients:
08-13 16:19:50.525  1282  4402 V WindowManager: Relayout hash=ca7b62d, pid=2127, syncId=-1: mAttrs={(0,0)(fillxfill) sim={adjust=pan} layoutInDisplayCutoutMode=always ty=APPLICATION_STARTING fmt=TRANSLUCENT wanim=0x1030312
08-13 16:19:50.525  1282  4402 V WindowManager:   fl=81030118
08-13 16:19:50.525  1282  4402 V WindowManager:   pfl=10000810
08-13 16:19:50.525  1282  4402 V WindowManager:   apr=18
08-13 16:19:50.525  1282  4402 V WindowManager:   bhv=1
08-13 16:19:50.525  1282  4402 V WindowManager:   fitSides=0
08-13 16:19:50.525  1282  4402 V WindowManager:   frameRateBoostOnTouch=true
08-13 16:19:50.525  1282  4402 V WindowManager:   dvrrWindowFrameRateHint=true naviIconColor=0}
08-13 16:19:50.526  1282  1444 D NetworkPolicy: already checked 10418
08-13 16:19:50.526  5596  5596 I DecorView: setWindowBackground: isPopOver=false color=fffafafa d=android.graphics.drawable.ColorDrawable@2cc137
08-13 16:19:50.528  5596  5596 D LifecycleMonitor: Lifecycle status change: androidx.activity.ComponentActivity@d721612 in: CREATED
08-13 16:19:50.528  5596  5596 V ActivityScenario: Update currentActivityStage to CREATED, currentActivity=androidx.activity.ComponentActivity@d721612
08-13 16:19:50.528  2127  2334 I InsetsController: onStateChanged: host=Splash Screen com.example.cupcake, from=android.view.ViewRootImpl.relayoutWindow:11304, state=InsetsState: {mDisplayFrame=Rect(0, 0 - 1080, 2340), mDisplayCutout=DisplayCutout{insets=Rect(0, 80 - 0, 0) waterfall=Insets{left=0, top=0, right=0, bottom=0} boundingRect={Bounds=[Rect(0, 0 - 0, 0), Rect(511, 0 - 569, 80), Rect(0, 0 - 0, 0), Rect(0, 0 - 0, 0)]} cutoutPathParserInfo={CutoutPathParserInfo{displayWidth=1080 displayHeight=2340 physicalDisplayWidth=1080 physicalDisplayHeight=2340 density={2.8125} cutoutSpec={M 0,0 M 0,7.822222222222222‬‬ a 10.31111111111111‬,10.31111111111111‬ 0 1,0 0,20.62222222222222‬ a 10.31111111111111‬,10.31111111111111‬ 0 1,0 0,-20.62222222222222‬ Z @dp} rotation={0} scale={1.0} physicalPixelDisplaySizeRatio={1.0}}} sideOverrides={}}, mRoundedCorners=RoundedCorners{[RoundedCorner{position=TopLeft, radius=113, center=Point(113, 113)}, RoundedCorner{position=TopRight, radius=113, center=Point(967, 113)}, RoundedCorner{position=BottomRight, radius=113, center=Point(967, 2227)}, RoundedCorner{position=BottomLeft, radius=113, center=Point(113, 2227)}]}  mRoundedCornerFrame=Rect(0, 0 - 1080, 2340), mPrivacyIndicatorBounds=PrivacyIndicatorBounds {static bounds=Rect(956, 0 - 1080, 80) rotation=0}, mDisplayShape=DisplayShape{ spec=-311912193 displayWidth=1080 displayHeight=2340 physicalPixelDisplaySizeRatio=1.0 rotation=0 offsetX=0 offsetY=0 scale=1.0}, mSources= { InsetsSource: {b9640000 mType=statusBars mFrame=[0,0][1080,80] mVisible=true mFlags= mSideHint=TOP mBoundingRects=null}, InsetsSource: {b9640005 mType=mandatorySystemGestures mFrame=[0,0][1080,114] mVisible=true mFlags= mSideHint=TOP mBoundingRects=null}, InsetsSource: {b9640006 mType=tappableElement mFrame=[0,0][1080,80] mVisible=true mFlags= mSideHint=TOP mBoundingRects=null}, InsetsSource: {d8440001 mType=navigationBars mFrame=[0,2298][1080,2340] mVisible=true mFlags=SUPPRESS_SCRIM mSideHint=BOTTOM mBoundingRects=null}, InsetsSource: {d8440004 mType=systemGestures mFrame=[0,0][63,2340] mVisible=true mFlags= mSideHint=LEFT mBoundingRects=null}, InsetsSource: {d8440005 mType=mandatorySystemGestures mFrame=[0,2250][1080,2340] mVisible=true mFlags= mSideHint=BOTTOM mBoundingRects=null}, InsetsSource: {d8440006 mType=tappableElement mFrame=[0,0][0,0] mVisible=true mFlags= mSideHint=NONE mBoundingRects=null}, InsetsSource: {d8440024 mType=systemGestures mFrame=[1017,0][1080,2340] mVisible=true mFlags= mSideHint=RIGHT mBoundingRects=null}, InsetsSource: {3 mType=ime mFrame=[0,0][0,0] mVisible=false mFlags= mSideHint=NONE mBoundingRects=null}, InsetsSource: {27 mType=displayCutout mFrame=[0,0][1080,80] mVisible=true mFlags= mSideHint=TOP mBoundingRects=null} }
08-13 16:19:50.529  5596  5596 D LifecycleMonitor: Lifecycle status change: androidx.activity.ComponentActivity@d721612 in: STARTED
08-13 16:19:50.529  5596  5596 V ActivityScenario: Update currentActivityStage to STARTED, currentActivity=androidx.activity.ComponentActivity@d721612
08-13 16:19:50.531  2127  2127 I {OngoingActivityController}: onTaskFocusChanged focused:false, baseActivity:ComponentInfo{com.sec.android.app.launcher/com.sec.android.app.launcher.Launcher}
08-13 16:19:50.531  5596  5596 D LifecycleMonitor: Lifecycle status change: androidx.activity.ComponentActivity@d721612 in: RESUMED
08-13 16:19:50.531  5596  5596 V ActivityScenario: Update currentActivityStage to RESUMED, currentActivity=androidx.activity.ComponentActivity@d721612
08-13 16:19:50.531  2127  2334 I BLASTBufferQueue_Java: new BLASTBufferQueue, mName= VRI[cupcake]@b24c1b mNativeObject= 0xb4000075190db350 sc.mNativeObject= 0xb4000076190e0990 caller= android.view.ViewRootImpl.updateBlastSurfaceIfNeeded:3397 android.view.ViewRootImpl.relayoutWindow:11361 android.view.ViewRootImpl.performTraversals:4544 android.view.ViewRootImpl.doTraversal:3708 android.view.ViewRootImpl$TraversalRunnable.run:12542 android.view.Choreographer$CallbackRecord.run:1751 android.view.Choreographer$CallbackRecord.run:1760 android.view.Choreographer.doCallbacks:1216 android.view.Choreographer.doFrame:1142 android.view.Choreographer$FrameDisplayEventReceiver.run:1707
08-13 16:19:50.532  2127  2334 I BLASTBufferQueue_Java: update, w= 1080 h= 2340 mName = VRI[cupcake]@b24c1b mNativeObject= 0xb4000075190db350 sc.mNativeObject= 0xb4000076190e0990 format= -3 caller= android.graphics.BLASTBufferQueue.<init>:88 android.view.ViewRootImpl.updateBlastSurfaceIfNeeded:3397 android.view.ViewRootImpl.relayoutWindow:11361 android.view.ViewRootImpl.performTraversals:4544 android.view.ViewRootImpl.doTraversal:3708 android.view.ViewRootImpl$TraversalRunnable.run:12542
08-13 16:19:50.532  2127  2334 I VRI[cupcake]@b24c1b: Relayout returned: old=(0,0,1080,2340) new=(0,0,1080,2340) relayoutAsync=false req=(1080,2340)0 dur=9 res=0x3 s={true 0xb4000075e94f7090} ch=true seqId=0
08-13 16:19:50.532  2127  2334 I VRI[cupcake]@b24c1b: performConfigurationChange setNightDimText nightDimLevel=0
08-13 16:19:50.533  2127  2127 I {OngoingActivityController}: onTaskFocusChanged focused:true, baseActivity:ComponentInfo{com.example.cupcake/androidx.activity.ComponentActivity}
08-13 16:19:50.533  2127  2334 D VRI[cupcake]@b24c1b: mThreadedRenderer.initialize() mSurface={isValid=true 0xb4000075e94f7090} hwInitialized=true
08-13 16:19:50.534  5596  5596 I ViewRootImpl: dVRR is disabled
08-13 16:19:50.534  5596  5687 D NativeCustomFrequencyManager: [NativeCFMS] BpCustomFrequencyManager::BpCustomFrequencyManager()
08-13 16:19:50.534  2127  2334 D VRI[cupcake]@b24c1b: reportNextDraw android.view.ViewRootImpl.performTraversals:5193 android.view.ViewRootImpl.doTraversal:3708 android.view.ViewRootImpl$TraversalRunnable.run:12542 android.view.Choreographer$CallbackRecord.run:1751 android.view.Choreographer$CallbackRecord.run:1760
08-13 16:19:50.534  2127  2334 D VRI[cupcake]@b24c1b: Setup new sync=wmsSync-VRI[cupcake]@b24c1b#88
08-13 16:19:50.535  2127  2334 I VRI[cupcake]@b24c1b: Creating new active sync group VRI[cupcake]@b24c1b#89
08-13 16:19:50.535  2127  2334 D VRI[cupcake]@b24c1b: registerCallbacksForSync syncBuffer=false
08-13 16:19:50.535  2127  2937 D VRI[cupcake]@b24c1b: Received frameDrawingCallback syncResult=0 frameNum=1.
08-13 16:19:50.535  2127  2937 I VRI[cupcake]@b24c1b: mWNT: t=0xb4000076091aadd0 mBlastBufferQueue=0xb4000075190db350 fn= 1 HdrRenderState mRenderHdrSdrRatio=1.0 caller= android.view.ViewRootImpl$11.onFrameDraw:15016 android.view.ThreadedRenderer$1.onFrameDraw:761 <bottom of call stack>
08-13 16:19:50.535  2127  2937 I VRI[cupcake]@b24c1b: Setting up sync and frameCommitCallback
08-13 16:19:50.537  2742  1824 I HoneySpace.HistoryViewModel@160600677@OneUI: Illegal access. Unknown type. skip load history items
08-13 16:19:50.537  2127  2127 I {OngoingActivityDataHelper}: setBaseActivityComponentName:ComponentInfo{com.example.cupcake/androidx.activity.ComponentActivity}
08-13 16:19:50.538  1282  4402 D InputTransport: Input channel constructed: '5d4994f', fd=1018
08-13 16:19:50.538  1282  4402 D InputTransport: Input channel constructed: '5d4994f', fd=1020
08-13 16:19:50.538  1282  4402 D InputTransport: Input channel constructed: '5d4994f', fd=1025
08-13 16:19:50.538  1111  1162 I SurfaceFlinger: id=233658 createSurf, flag=84004, 5d4994f com.example.cupcake/androidx.activity.ComponentActivity#233658
08-13 16:19:50.540  1282  4402 D InputTransport: Input channel destroyed: '5d4994f', fd=1025
08-13 16:19:50.541  1111  1111 I SurfaceFlinger: [5d4994f com.example.cupcake/androidx.activity.ComponentActivity#233658] attach to parent LayerHierarchy{RequestedLayerState{ActivityRecord{706d10a u0 com.example.cupcake/androidx.activity.ComponentActivity t2225}#233655 parentId=233654} 2 children}
08-13 16:19:50.541  5596  5596 D InputTransport: Input channel constructed: '5d4994f', fd=132
08-13 16:19:50.542  5596  5596 I InsetsController: onStateChanged: host=com.example.cupcake/androidx.activity.ComponentActivity, from=android.view.ViewRootImpl.setView:1999, state=InsetsState: {mDisplayFrame=Rect(0, 0 - 1080, 2340), mDisplayCutout=DisplayCutout{insets=Rect(0, 80 - 0, 0) waterfall=Insets{left=0, top=0, right=0, bottom=0} boundingRect={Bounds=[Rect(0, 0 - 0, 0), Rect(511, 0 - 569, 80), Rect(0, 0 - 0, 0), Rect(0, 0 - 0, 0)]} cutoutPathParserInfo={CutoutPathParserInfo{displayWidth=1080 displayHeight=2340 physicalDisplayWidth=1080 physicalDisplayHeight=2340 density={2.8125} cutoutSpec={M 0,0 M 0,7.822222222222222‬‬ a 10.31111111111111‬,10.31111111111111‬ 0 1,0 0,20.62222222222222‬ a 10.31111111111111‬,10.31111111111111‬ 0 1,0 0,-20.62222222222222‬ Z @dp} rotation={0} scale={1.0} physicalPixelDisplaySizeRatio={1.0}}} sideOverrides={}}, mRoundedCorners=RoundedCorners{[RoundedCorner{position=TopLeft, radius=113, center=Point(113, 113)}, RoundedCorner{position=TopRight, radius=113, center=Point(967, 113)}, RoundedCorner{position=BottomRight, radius=113, center=Point(967, 2227)}, RoundedCorner{position=BottomLeft, radius=113, center=Point(113, 2227)}]}  mRoundedCornerFrame=Rect(0, 0 - 1080, 2340), mPrivacyIndicatorBounds=PrivacyIndicatorBounds {static bounds=Rect(956, 0 - 1080, 80) rotation=0}, mDisplayShape=DisplayShape{ spec=-311912193 displayWidth=1080 displayHeight=2340 physicalPixelDisplaySizeRatio=1.0 rotation=0 offsetX=0 offsetY=0 scale=1.0}, mSources= { InsetsSource: {b9640000 mType=statusBars mFrame=[0,0][1080,80] mVisible=true mFlags= mSideHint=TOP mBoundingRects=null}, InsetsSource: {b9640005 mType=mandatorySystemGestures mFrame=[0,0][1080,114] mVisible=true mFlags= mSideHint=TOP mBoundingRects=null}, InsetsSource: {b9640006 mType=tappableElement mFrame=[0,0][1080,80] mVisible=true mFlags= mSideHint=TOP mBoundingRects=null}, InsetsSource: {d8440001 mType=navigationBars mFrame=[0,2298][1080,2340] mVisible=true mFlags=SUPPRESS_SCRIM mSideHint=BOTTOM mBoundingRects=null}, InsetsSource: {d8440004 mType=systemGestures mFrame=[0,0][63,2340] mVisible=true mFlags= mSideHint=LEFT mBoundingRects=null}, InsetsSource: {d8440005 mType=mandatorySystemGestures mFrame=[0,2250][1080,2340] mVisible=true mFlags= mSideHint=BOTTOM mBoundingRects=null}, InsetsSource: {d8440006 mType=tappableElement mFrame=[0,0][0,0] mVisible=true mFlags= mSideHint=NONE mBoundingRects=null}, InsetsSource: {d8440024 mType=systemGestures mFrame=[1017,0][1080,2340] mVisible=true mFlags= mSideHint=RIGHT mBoundingRects=null}, InsetsSource: {3 mType=ime mFrame=[0,0][0,0] mVisible=false mFlags= mSideHint=NONE mBoundingRects=null}, InsetsSource: {27 mType=displayCutout mFrame=[0,0][1080,80] mVisible=true mFlags= mSideHint=TOP mBoundingRects=null} }
08-13 16:19:50.542  2127  2390 I BLASTBufferQueue: [VRI[cupcake]@b24c1b#13525](f:0,a:0,s:0) onFrameAvailable the first frame is available
08-13 16:19:50.543  5596  5596 I VRI[ComponentActivity]@394bc09: synced displayState. AttachInfo displayState=2
08-13 16:19:50.545  1111  1162 I SurfaceFlinger: [Splash Screen com.example.cupcake$_2127#233657] setTransactionState with the first frame. bufferData(ID: 9135395538181, frameNumber: 1)
08-13 16:19:50.545  2127  2390 I VRI[cupcake]@b24c1b: Received frameCommittedCallback lastAttemptedDrawFrameNum=1 didProduceBuffer=true
08-13 16:19:50.545  2127  2390 D HWUI    : CFMS:: SetUp Pid : 2127    Tid : 2390
08-13 16:19:50.546 21624 21938 I Rubin   : [92] U9.g.x(Unknown Source) : Notify com.samsung.android.rubin.inferenceengine.contextanalytics.engine.loggers.AppUsageLogger's database is updated.
08-13 16:19:50.546  2127  2334 D VRI[cupcake]@b24c1b: reportDrawFinished seqId=0
08-13 16:19:50.547  5596  5596 I VRI[ComponentActivity]@394bc09: setView = com.android.internal.policy.DecorView@9a8b63c IsHRR=false TM=true
08-13 16:19:50.548  5596  5687 D HWUI    : HWUI - treat SMPTE_170M as sRGB
08-13 16:19:50.555  1111  1209 D SurfaceFlinger: [input] setFocusedWindow: <null>
08-13 16:19:50.555  1282  4376 D InputDispatcher: Once focus requested (0): <null>
08-13 16:19:50.555  1111  1162 I SurfaceFlinger: id=233659 createSurf, flag=84004, Transition Root: Task=2225#233659
08-13 16:19:50.555  1282  4376 D InputDispatcher: Focus request (0): <null> but waiting because NO_WINDOW
08-13 16:19:50.555  1282  4376 D InputDispatcher: Focus left window (0): c2c214a com.sec.android.app.launcher/com.sec.android.app.launcher.activities.LauncherActivity
08-13 16:19:50.559  1282  1447 I SurfaceControlRegistry: show, t=StartTransaction_SyncId<20533> sc=ActivityRecord{706d10a u0 com.example.cupcake/androidx.activity.ComponentActivity t2225}, caller=android.view.SurfaceControl$Transaction.show:3232 com.android.server.wm.Transition.onTransactionReady:2273 com.android.server.wm.BLASTSyncEngine$SyncGroup.finishNow:195 com.android.server.wm.BLASTSyncEngine.onSurfacePlacement:269 com.android.server.wm.RootWindowContainer.performSurfacePlacementNoTrace:459 com.android.server.wm.RootWindowContainer.performSurfacePlacement:9
08-13 16:19:50.565  2742  2742 I ImeFocusController: onPreWindowFocus: skipped hasWindowFocus=false mHasImeFocus=true
08-13 16:19:50.570  2742  2742 I ImeFocusController: onPostWindowFocus: skipped hasWindowFocus=false mHasImeFocus=true
08-13 16:19:50.570  2742  6184 I HoneySpace.NotificationListener: onNotificationPosted com.samsung.android.app.smartcapture: 0|com.samsung.android.app.smartcapture|1332|null|10190: 0
08-13 16:19:50.570  2742  6184 I HoneySpace.BadgeDataSourceImpl: Get notification count. PK(p='com.samsung.android.app.smartcapture', u=UserHandle{0}) - forceBadgeCount: false, notification listener: 1, badge provider: 0
08-13 16:19:50.574  1111  1162 I SurfaceFlinger: id=233660 createSurf, flag=24000, Surface(name=8a94d40 NavigationBar0)/@0x65d636d - animation-leash of insets_animation#233660
08-13 16:19:50.574  2127  2303 I SurfaceControlRegistry: hide, t=FinishTransaction_SyncId<20533> sc=Task=1, caller=android.view.SurfaceControl$Transaction.hide:3258 com.android.wm.shell.transition.Transitions.dispatchReady:929 com.android.wm.shell.transition.Transitions.onTransitionReady:244 com.android.wm.shell.transition.Transitions$TransitionPlayerImpl$$ExternalSyntheticLambda0.run:13 android.os.Handler.handleCallback:959 android.os.Handler.dispatchMessage:100
08-13 16:19:50.574  2127  2303 I SurfaceControlRegistry: show, t=StartTransaction_SyncId<20533> sc=Task=2225, caller=android.view.SurfaceControl$Transaction.show:3232 com.android.wm.shell.transition.Transitions.dispatchReady:934 com.android.wm.shell.transition.Transitions.onTransitionReady:244 com.android.wm.shell.transition.Transitions$TransitionPlayerImpl$$ExternalSyntheticLambda0.run:13 android.os.Handler.handleCallback:959 android.os.Handler.dispatchMessage:100
08-13 16:19:50.574  2127  2303 I SurfaceControlRegistry: show, t=FinishTransaction_SyncId<20533> sc=Task=2225, caller=android.view.SurfaceControl$Transaction.show:3232 com.android.wm.shell.transition.Transitions.dispatchReady:988 com.android.wm.shell.transition.Transitions.onTransitionReady:244 com.android.wm.shell.transition.Transitions$TransitionPlayerImpl$$ExternalSyntheticLambda0.run:13 android.os.Handler.handleCallback:959 android.os.Handler.dispatchMessage:100
08-13 16:19:50.575  2127  2303 I SurfaceControlRegistry: show, t=StartTransaction_SyncId<20533> sc=Transition Root: Task=2225, caller=android.view.SurfaceControl$Transaction.show:3232 com.android.wm.shell.transition.Transitions.playTransition:81 com.android.wm.shell.transition.Transitions.processReadyQueue:250 com.android.wm.shell.transition.Transitions.dispatchReady:1007 com.android.wm.shell.transition.Transitions.onTransitionReady:244 com.android.wm.shell.transition.Transitions$TransitionPlayerImpl$$ExternalSyntheticLambda0.run:13
08-13 16:19:50.576  2127  2303 I SurfaceControlRegistry: apply, t=StartTransaction_SyncId<20533>, caller=android.view.SurfaceControl$Transaction.apply:3135 android.view.SurfaceControl$Transaction.apply:3122 android.view.SurfaceControl$Transaction.apply:3078 com.android.wm.shell.transition.DefaultTransitionHandler.startAnimation:2823 com.android.wm.shell.transition.Transitions.dispatchTransition:93 com.android.wm.shell.transition.Transitions.playTransition:700
08-13 16:19:50.577  1111  1730 I SurfaceFlinger: id=233661 createSurf, flag=24000, Surface(name=e0324bb StatusBar)/@0x8487ff0 - animation-leash of insets_animation#233661
08-13 16:19:50.577  2127  2127 D InterruptionStateProvider:  no Heads up : edgelighting enabled app. 0|com.samsung.android.app.smartcapture|1332|null|10190
08-13 16:19:50.579  2127  2127 D SamsungLightBarControlHelper: updateStatusBar (BLACK icon) numStacks:1, StatusBarMode:MODE_TRANSPARENT, lightBarBounds:[Rect(0, 0 - 1080, 2340)], StatusBarState:SHADE, packageName:, isWhiteKeyguardStatusBar:false
08-13 16:19:50.580  2127  2127 D SamsungLightBarControlHelper: onStatusBarAppearanceChanged() -  sbModeChanged:false, statusBarMode:0, barState:MODE_TRANSPARENT, isKeyguardShowing:false, navbarColorManagedByIme:false, (AppearanceRegion{LIGHT_STATUS_BARS bounds=[0,0][1080,2340]}, )
08-13 16:19:50.580  2127  2127 D NavigationBar: onSystemBarAttributesChanged() -  displayId:0, appearance:24, packageName: com.example.cupcake (APPEARANCE_LIGHT_STATUS_BARS APPEARANCE_LIGHT_NAVIGATION_BARS ), navbarColorManagedByIme:false
08-13 16:19:50.580  2127  2127 D SysUiState: SysUiState changed: old=0x10000000 new=0x10020000
08-13 16:19:50.580  1282  4402 V WindowManager: Relayout Window{5d4994f u0 com.example.cupcake/androidx.activity.ComponentActivity}: viewVisibility=0 req=1080x2340 ty=1 d0
08-13 16:19:50.580  1111  1730 I SurfaceFlinger: id=233662 createSurf, flag=44004, com.example.cupcake/androidx.activity.ComponentActivity$_5596#233662
08-13 16:19:50.581  2742  2108 I HoneySpace.SystemUiRepository: systemUiFlags: allow_gesture|awake
08-13 16:19:50.581  2742  2885 I HoneySpace.TaskbarEventTracker: invokeEvent() called with: event = SystemUiStateChanged(stateFlags=268566528)
08-13 16:19:50.582  1111  1111 I SurfaceFlinger: Layer [Transition Root: Task=2225#233659] hidden!! flag(0)
08-13 16:19:50.582  1111  1111 I SurfaceFlinger: Layer [Task=2225#233654] hidden!! flag(0)
08-13 16:19:50.582  1111  1111 E SurfaceFlinger: alpha changed 1.000 -> 0.000 - Task=2225#233654
08-13 16:19:50.582  1111  1111 I SurfaceFlinger: Layer [ActivityRecord{706d10a u0 com.exampl[...]vity.ComponentActivity t2225}#233655] hidden!! flag(0)
08-13 16:19:50.582  1111  1111 I SurfaceFlinger: Layer [ca7b62d Splash Screen com.example.cupcake#233656] hidden!! flag(0)
08-13 16:19:50.582  1111  1111 I SurfaceFlinger: Layer [Splash Screen com.example.cupcake$_2127#233657] hidden!! flag(0)
08-13 16:19:50.582  1111  1111 I SurfaceFlinger: Layer [5d4994f com.example.cupcake/androidx.activity.ComponentActivity#233658] hidden!! flag(0)
08-13 16:19:50.582  1111  1111 E SurfaceFlinger: alpha changed 0.000 -> 0.000 - Task=2225#233654
08-13 16:19:50.582  1111  1111 I SurfaceFlinger: [LayerHierarchy{RequestedLayerState{Task=1#52 parentId=233659 z=3} 2 children}] reparent to LayerHierarchy{RequestedLayerState{Transition Root: Task=2225#233659 parentId=11 z=3} 1 children}
08-13 16:19:50.582  1111  1111 I SurfaceFlinger: [LayerHierarchy{RequestedLayerState{WallpaperWindowToken{b638ffb token=android.os.Binder@64ddd8a}#74 parentId=233659 z=1} 1 children}] reparent to LayerHierarchy{RequestedLayerState{Transition Root: Task=2225#233659 parentId=11 z=3} 2 children}
08-13 16:19:50.582  1111  1111 I SurfaceFlinger: [LayerHierarchy{RequestedLayerState{Task=2225#233654 parentId=233659 z=7} 1 children}] reparent to LayerHierarchy{RequestedLayerState{Transition Root: Task=2225#233659 parentId=11 z=3} 3 children}
08-13 16:19:50.582  1111  1111 I SurfaceFlinger: [Transition Root: Task=2225#233659] attach to parent LayerHierarchy{RequestedLayerState{DefaultTaskDisplayArea_d0#11 parentId=10} 7 children}
08-13 16:19:50.582  1111  1111 I SurfaceFlinger: [Surface(name=8a94d40 NavigationBar0)/@0x65d636d - animation-leash of insets_animation#233660] attach to parent LayerHierarchy{RequestedLayerState{WindowToken{4aa5472 type=2019 android.os.BinderProxy@bd187d4}#87 parentId=31} 2 children}
08-13 16:19:50.582  1111  1111 I SurfaceFlinger: [Surface(name=e0324bb StatusBar)/@0x8487ff0 - animation-leash of insets_animation#233661] attach to parent LayerHierarchy{RequestedLayerState{WindowToken{b8fcd4a type=2000 android.os.BinderProxy@ecaaeec}#94 parentId=19} 2 children}
08-13 16:19:50.582  1111  1111 I SurfaceFlinger: [com.example.cupcake/androidx.activity.ComponentActivity$_5596#233662] attach to parent LayerHierarchy{RequestedLayerState{5d4994f com.example.cupcake/androidx.activity.ComponentActivity#233658 parentId=233655} 1 children}
08-13 16:19:50.583  1111  1730 I SurfaceFlinger: id=233663 createSurf, flag=24000, Surface(name=8a94d40 NavigationBar0)/@0x65d636d - animation-leash of insets_animation#233663
08-13 16:19:50.584  2127  2127 D SubscreenNotificationListCoordinator: onAfterRenderList() isSubScreen = false, pluginLockMode = 0, doNotShowOnCover = false
08-13 16:19:50.586  1111  1163 I SurfaceFlinger: id=233664 createSurf, flag=24000, Surface(name=e0324bb StatusBar)/@0x8487ff0 - animation-leash of insets_animation#233664
08-13 16:19:50.588  2127  2127 I LockscreenNotificationIconsOnlyController: onNotificationInfoUpdated 0
08-13 16:19:50.588  2127  2127 I AODNotificationManager: updateNotification()
08-13 16:19:50.589  1282  4402 I SystemKeyManager: requested systemKeyInfo size=2 focusedWindow=com.example.cupcake/androidx.activity.ComponentActivity
08-13 16:19:50.589  1282  4402 V WindowManager: Relayout hash=5d4994f, pid=5596, syncId=-1: mAttrs={(0,0)(fillxfill) sim={adjust=pan forwardNavigation} layoutInDisplayCutoutMode=always ty=BASE_APPLICATION wanim=0x1030312
08-13 16:19:50.589  1282  4402 V WindowManager:   fl=81810100
08-13 16:19:50.589  1282  4402 V WindowManager:   pfl=100088c0
08-13 16:19:50.589  1282  4402 V WindowManager:   apr=210
08-13 16:19:50.589  1282  4402 V WindowManager:   bhv=1
08-13 16:19:50.589  1282  4402 V WindowManager:   fitSides=0
08-13 16:19:50.589  1282  4402 V WindowManager:   frameRateBoostOnTouch=true
08-13 16:19:50.589  1282  4402 V WindowManager:   dvrrWindowFrameRateHint=true naviIconColor=0}
08-13 16:19:50.591  5596  5596 I BLASTBufferQueue_Java: new BLASTBufferQueue, mName= VRI[ComponentActivity]@394bc09 mNativeObject= 0xb4000075190ce830 sc.mNativeObject= 0xb4000076190b92d0 caller= android.view.ViewRootImpl.updateBlastSurfaceIfNeeded:3397 android.view.ViewRootImpl.relayoutWindow:11361 android.view.ViewRootImpl.performTraversals:4544 android.view.ViewRootImpl.doTraversal:3708 android.view.ViewRootImpl$TraversalRunnable.run:12542 android.view.Choreographer$CallbackRecord.run:1751 android.view.Choreographer$CallbackRecord.run:1760 android.view.Choreographer.doCallbacks:1216 android.view.Choreographer.doFrame:1142 android.view.Choreographer$FrameDisplayEventReceiver.run:1707
08-13 16:19:50.591  5596  5596 I BLASTBufferQueue_Java: update, w= 1080 h= 2340 mName = VRI[ComponentActivity]@394bc09 mNativeObject= 0xb4000075190ce830 sc.mNativeObject= 0xb4000076190b92d0 format= -1 caller= android.graphics.BLASTBufferQueue.<init>:88 android.view.ViewRootImpl.updateBlastSurfaceIfNeeded:3397 android.view.ViewRootImpl.relayoutWindow:11361 android.view.ViewRootImpl.performTraversals:4544 android.view.ViewRootImpl.doTraversal:3708 android.view.ViewRootImpl$TraversalRunnable.run:12542
08-13 16:19:50.591  1111  1111 I SurfaceFlinger: [Surface(name=8a94d40 NavigationBar0)/@0x65d636d - animation-leash of insets_animation#233663] attach to parent LayerHierarchy{RequestedLayerState{WindowToken{4aa5472 type=2019 android.os.BinderProxy@bd187d4}#87 parentId=31} 3 children}
08-13 16:19:50.591  1111  1111 I SurfaceFlinger: [Surface(name=e0324bb StatusBar)/@0x8487ff0 - animation-leash of insets_animation#233664] attach to parent LayerHierarchy{RequestedLayerState{WindowToken{b8fcd4a type=2000 android.os.BinderProxy@ecaaeec}#94 parentId=19} 3 children}
08-13 16:19:50.592  5596  5596 I VRI[ComponentActivity]@394bc09: Relayout returned: old=(0,0,1080,2340) new=(0,0,1080,2340) relayoutAsync=false req=(1080,2340)0 dur=38 res=0x3 s={true 0xb4000075e90f4e70} ch=true seqId=0
08-13 16:19:50.592  5596  5596 I VRI[ComponentActivity]@394bc09: performConfigurationChange setNightDimText nightDimLevel=0
08-13 16:19:50.593  5596  5596 D VRI[ComponentActivity]@394bc09: mThreadedRenderer.initialize() mSurface={isValid=true 0xb4000075e90f4e70} hwInitialized=true
08-13 16:19:50.594  5596  5596 D VRI[ComponentActivity]@394bc09: reportNextDraw android.view.ViewRootImpl.performTraversals:5193 android.view.ViewRootImpl.doTraversal:3708 android.view.ViewRootImpl$TraversalRunnable.run:12542 android.view.Choreographer$CallbackRecord.run:1751 android.view.Choreographer$CallbackRecord.run:1760
08-13 16:19:50.594  5596  5596 D VRI[ComponentActivity]@394bc09: Setup new sync=wmsSync-VRI[ComponentActivity]@394bc09#8
08-13 16:19:50.594  5596  5596 I VRI[ComponentActivity]@394bc09: Creating new active sync group VRI[ComponentActivity]@394bc09#9
08-13 16:19:50.597  5596  5596 D VRI[ComponentActivity]@394bc09: registerCallbacksForSync syncBuffer=false
08-13 16:19:50.599  2127  2127 D NavigationBar: onSystemBarAttributesChanged() -  displayId:0, appearance:528, packageName: com.example.cupcake (APPEARANCE_LIGHT_NAVIGATION_BARS ), navbarColorManagedByIme:false
08-13 16:19:50.599  5596  5712 D VRI[ComponentActivity]@394bc09: Received frameDrawingCallback syncResult=0 frameNum=1.
08-13 16:19:50.599  5596  5712 I VRI[ComponentActivity]@394bc09: mWNT: t=0xb4000076090e90d0 mBlastBufferQueue=0xb4000075190ce830 fn= 1 HdrRenderState mRenderHdrSdrRatio=1.0 caller= android.view.ViewRootImpl$11.onFrameDraw:15016 android.view.ThreadedRenderer$1.onFrameDraw:761 <bottom of call stack>
08-13 16:19:50.600  1111  1111 E SurfaceFlinger: alpha changed 0.000 -> 0.180 - Task=2225#233654
08-13 16:19:50.601 21624 21938 I Rubin   : [92] com.samsung.android.rubin.inferenceengine.contextanalytics.engine.monitors.moment.exercise.ExercisingWithCmhMonitor.isSatisfiedByCmh(Unknown Source) : isSatisfiedByCmh is false
08-13 16:19:50.602  5596  5712 I VRI[ComponentActivity]@394bc09: Setting up sync and frameCommitCallback
08-13 16:19:50.606  1111  1730 I SurfaceFlinger: id=233665 createSurf, flag=84000, db9cac ActivityRecordInputSink com.example.cupcake/androidx.activity.ComponentActivity#233665
08-13 16:19:50.606 22781 22781 I bmex    : onPause
08-13 16:19:50.607  5596  5687 I BLASTBufferQueue: [VRI[ComponentActivity]@394bc09#4](f:0,a:0,s:0) onFrameAvailable the first frame is available
08-13 16:19:50.607  5596  5687 I VRI[ComponentActivity]@394bc09: Received frameCommittedCallback lastAttemptedDrawFrameNum=1 didProduceBuffer=true
08-13 16:19:50.608  1111  1163 I SurfaceFlinger: [com.example.cupcake/androidx.activity.ComponentActivity$_5596#233662] setTransactionState with the first frame. bufferData(ID: 24034636988432, frameNumber: 1)
08-13 16:19:50.609  5596  5687 D HWUI    : CFMS:: SetUp Pid : 5596    Tid : 5687
08-13 16:19:50.611  1111  1111 D SurfaceFlinger: Display 4633128672291735932 HWC layers:
08-13 16:19:50.611  1111  1111 D SurfaceFlinger:        DEVICE |   0xb4000079e28c6110 | 0000 | RGBA_8888    |    0.0    0.0 1080.0 2340.0 |    0    0 1080 2340 | Wallpaper BBQ wrapper 5_system#82 (19)
08-13 16:19:50.611  1111  1111 D SurfaceFlinger:        DEVICE |   0xb4000079e28e30d0 | 0001 | RGBA_8888    |    0.0    0.0 1080.0 2340.0 |    0    0 1080 2340 | com.sec.android.app.launcher/com.sec[...]vities.LauncherActivity$_2742#233643 (66)
08-13 16:19:50.611  1111  1111 D SurfaceFlinger:        CLIENT |   0xb4000079e2944110 | 0001 | RGBA_8888    |    0.0    0.0 1080.0 2340.0 |   75  162 1005 2178 | Splash Screen com.example.cupcake$_2127#233657 (1)
08-13 16:19:50.611  1111  1111 D SurfaceFlinger:        DEVICE |   0xb4000079e28c9c90 | 0001 | RGBA_8888    |    0.0    0.0 1080.0   80.0 |    0    0 1080   80 | StatusBar$_2127#106 (79419)
08-13 16:19:50.611  1111  1111 D SurfaceFlinger:        DEVICE |   0xb4000079e29075d0 | 0001 | RGBA_8888    |    0.0    0.0 1080.0  135.0 |    0 2205 1080 2340 | NavigationBar0$_2127#101 (129814)
08-13 16:19:50.611  1111  1111 D SurfaceFlinger:        DEVICE |   0xb4000079e28ad3d0 | 0001 | RGBA_8888    |    0.0  249.0 1034.0  827.0 |   46    0 1080  578 | $_4855#233489 (385)
08-13 16:19:50.611  1111  1111 D SurfaceFlinger:
08-13 16:19:50.611  1111  1111 I SurfaceFlinger: [db9cac ActivityRecordInputSink com.example.cupcake/androidx.activity.ComponentActivity#233665] attach to parent LayerHierarchy{RequestedLayerState{ActivityRecord{706d10a u0 com.example.cupcake/androidx.activity.ComponentActivity t2225}#233655 parentId=233654} 3 children}
08-13 16:19:50.614  5596  5596 D VRI[ComponentActivity]@394bc09: reportDrawFinished seqId=0
08-13 16:19:50.615  5596  5596 I InsetsSourceConsumer: applyRequestedVisibilityToControl: visible=true, type=navigationBars, host=com.example.cupcake/androidx.activity.ComponentActivity
08-13 16:19:50.615  5596  5596 I InsetsSourceConsumer: applyRequestedVisibilityToControl: visible=true, type=statusBars, host=com.example.cupcake/androidx.activity.ComponentActivity
08-13 16:19:50.617  1282  1615 I SemDvfsHyPerManager: acquire hyper - AMS_RESUME_TAIL/1282@22, type = -999
08-13 16:19:50.617  1282  1615 I SemDvfsHyPerManager: acquire hyper - AMS_ACT_LAZY/1282@23, type = -999
08-13 16:19:50.618  1062  1149 I HYPER-HAL: [RequestManager.cpp]acquire(): Acquired ID : 850882  [1282 / 22]    HINT : AMS_RESUME_TAIL    list :
08-13 16:19:50.619  1062  1149 I HYPER-HAL: [RequestManager.cpp]releaseLocked(): Released ID : 856112
08-13 16:19:50.620  1111  1162 I SurfaceFlinger: id=233666 createSurf, flag=24000, Surface(name=5d4994f com.example.cupcake/androidx.activity.ComponentActivity)/@0xfef1536 - animation-leash of starting_reveal#233666
08-13 16:19:50.621  2742  2100 I HoneySpace.RecentTasks: onRecentTasksChanged
08-13 16:19:50.627  1111  1111 I SurfaceFlinger: [LayerHierarchy{RequestedLayerState{8a94d40 NavigationBar0#88 parentId=233663} 1 children}] reparent to LayerHierarchy{RequestedLayerState{Surface(name=8a94d40 NavigationBar0)/@0x65d636d - animation-leash of insets_animation#233663 parentId=87} 1 children}
08-13 16:19:50.627  1111  1111 I SurfaceFlinger: [LayerHierarchy{RequestedLayerState{e0324bb StatusBar#95 parentId=233664} 1 children}] reparent to LayerHierarchy{RequestedLayerState{Surface(name=e0324bb StatusBar)/@0x8487ff0 - animation-leash of insets_animation#233664 parentId=94} 1 children}
08-13 16:19:50.627  1111  1111 I SurfaceFlinger: [LayerHierarchy{RequestedLayerState{Surface(name=e0324bb StatusBar)/@0x8487ff0 - animation-leash of insets_animation#233645} no children}] reparent to OffscreenRoot
08-13 16:19:50.627  1111  1111 I SurfaceFlinger: [LayerHierarchy{RequestedLayerState{Surface(name=e0324bb StatusBar)/@0x8487ff0 - animation-leash of insets_animation#233645} no children}] RelativeParent to null
08-13 16:19:50.627  1111  1111 I SurfaceFlinger: [LayerHierarchy{RequestedLayerState{Surface(name=8a94d40 NavigationBar0)/@0x65d636d - animation-leash of insets_animation#233644} no children}] reparent to OffscreenRoot
08-13 16:19:50.627  1111  1111 I SurfaceFlinger: [LayerHierarchy{RequestedLayerState{Surface(name=8a94d40 NavigationBar0)/@0x65d636d - animation-leash of insets_animation#233644} no children}] RelativeParent to null
08-13 16:19:50.627  1111  1111 I SurfaceFlinger: [LayerHierarchy{RequestedLayerState{Surface(name=8a94d40 NavigationBar0)/@0x65d636d - animation-leash of insets_animation#233660} no children}] reparent to OffscreenRoot
08-13 16:19:50.627  1111  1111 I SurfaceFlinger: [LayerHierarchy{RequestedLayerState{Surface(name=8a94d40 NavigationBar0)/@0x65d636d - animation-leash of insets_animation#233660} no children}] RelativeParent to null
08-13 16:19:50.627  1111  1111 I SurfaceFlinger: [LayerHierarchy{RequestedLayerState{Surface(name=e0324bb StatusBar)/@0x8487ff0 - animation-leash of insets_animation#233661} no children}] reparent to OffscreenRoot
08-13 16:19:50.627  1111  1111 I SurfaceFlinger: [LayerHierarchy{RequestedLayerState{Surface(name=e0324bb StatusBar)/@0x8487ff0 - animation-leash of insets_animation#233661} no children}] RelativeParent to null
08-13 16:19:50.627  1111  1111 I SurfaceFlinger: [Surface(name=5d4994f com.example.cupcake/androidx.activity.ComponentActivity)/@0xfef1536 - animation-leash of starting_reveal#233666] attach to parent LayerHierarchy{RequestedLayerState{ActivityRecord{706d10a u0 com.example.cupcake/androidx.activity.ComponentActivity t2225}#233655 parentId=233654} 4 children}
08-13 16:19:50.630  1111  1747 D NativeSemDvfsManager: acquire:: timeout = 2000 mIsAcquired = 1  mTagName : SurfaceFlinger
08-13 16:19:50.630  1111  1111 I SurfaceFlinger: id=233661 Removed Surface(name=e0324bb StatusBar)/@0x8487ff0 - animation-leash of insets_animation#233661 (174)
08-13 16:19:50.630  1111  1111 I SurfaceFlinger: id=233645 Removed Surface(name=e0324bb StatusBar)/@0x8487ff0 - animation-leash of insets_animation#233645 (174)
08-13 16:19:50.630  1111  1111 I SurfaceFlinger: id=233660 Removed Surface(name=8a94d40 NavigationBar0)/@0x65d636d - animation-leash of insets_animation#233660 (174)
08-13 16:19:50.630  1111  1111 I SurfaceFlinger: id=233644 Removed Surface(name=8a94d40 NavigationBar0)/@0x65d636d - animation-leash of insets_animation#233644 (174)
08-13 16:19:50.630  1111  1747 E NativeCustomFrequencyManager: [NativeCFMS] BpCustomFrequencyManager::acquire()
08-13 16:19:50.632  1062  1149 I HYPER-HAL: [RequestManager.cpp]acquire(): Acquired ID : 2230216  [1111 / 1000]    HINT : SF_GPU_MINLOCK    list : [TIMEOUT / 2000]
08-13 16:19:50.633  1282  1447 I SurfaceControl: apply, lowDebugName=CreateStartingRevealAnim, caller=android.view.SurfaceControl$Transaction.apply:3122 android.view.SurfaceControl$Transaction.apply:3078 com.android.server.wm.WindowAnimator.animate:380 com.android.server.wm.WindowAnimator$$ExternalSyntheticLambda1.doFrame:14 android.view.Choreographer$CallbackRecord.run:1749 android.view.Choreographer$CallbackRecord.run:1760
08-13 16:19:50.635  1282  1443 I PkgPredictorService-SecIpmManagerServiceImpl: reportToNAP uid:10418 com.example.cupcake/androidx.activity.ComponentActivity thisTime:146
08-13 16:19:50.635  1282  1443 D PkgPredictorService-SecIpmManagerServiceImpl: reportToNAP: mHeavyLaunchCounter is false
08-13 16:19:50.636  2127  2303 D ShellTaskOrganizer: removeStartingWindow, removalInfo=StartingWindowRemovalInfo{taskId=2225 frame=Rect(0, 0 - 1080, 2340) playRevealAnimation=true roundedCornerRadius=0.0 deferRemoveMode=0 windowlessSurface=false removeImmediately=false}
08-13 16:19:50.637  1282  1443 I ActivityTaskManager: Displayed com.example.cupcake/androidx.activity.ComponentActivity for user 0: +146ms
08-13 16:19:50.638  1066  4972 I ExynosC2H264EncComponent: [onUpdateC2Work] got SYNC FRAME
08-13 16:19:50.640  3157  3157 E pageboostd: Received HALT command code 2
08-13 16:19:50.640  2742  2100 I HoneySpace.HistoryViewModel@160600677@OneUI: Illegal access. Unknown type. skip load history items
08-13 16:19:50.649  1111  1209 D SurfaceFlinger: [input] setFocusedWindow: 5d4994f com.example.cupcake/androidx.activity.ComponentActivity
08-13 16:19:50.649  1111  1111 I SurfaceFlinger: Layer [com.example.cupcake/androidx.activity.ComponentActivity$_5596#233662] hidden!! flag(0)
08-13 16:19:50.649  1111  1111 I SurfaceFlinger: destroyed Surface(name=e0324bb StatusBar)/@0x8487ff0 - animation-leash of insets_animation#233645
08-13 16:19:50.649  1111  1111 I SurfaceFlinger: destroyed Surface(name=8a94d40 NavigationBar0)/@0x65d636d - animation-leash of insets_animation#233644
08-13 16:19:50.649  1111  1111 I SurfaceFlinger: destroyed Surface(name=8a94d40 NavigationBar0)/@0x65d636d - animation-leash of insets_animation#233660
