08-13 16:19:42.868  1111  1223 D PermissionCache: checking android.permission.INTERNAL_SYSTEM_WINDOW for uid=10419 => denied (203 us)
08-13 16:19:42.868  1111  1732 W ServiceManagerCppClient: Permission failure: android.permission.INTERNAL_SYSTEM_WINDOW from uid=10419 pid=5736
08-13 16:19:42.868  1111  1732 D PermissionCache: checking android.permission.INTERNAL_SYSTEM_WINDOW for uid=10419 => denied (213 us)
08-13 16:19:42.869  5736  5736 I VRI[InstrumentationActivityInvoker$EmptyActivity]@73b2e07: performConfigurationChange setNightDimText nightDimLevel=0
08-13 16:19:42.870  5736  5736 D VRI[InstrumentationActivityInvoker$EmptyActivity]@73b2e07: mThreadedRenderer.initialize() mSurface={isValid=true 0xb4000075e90e8210} hwInitialized=true
08-13 16:19:42.872  5596  5596 I VRI[ComponentActivity]@2461abf: handleAppVisibility mAppVisible = true visible = false
08-13 16:19:42.872  5596  5596 D VRI[ComponentActivity]@2461abf: visibilityChanged oldVisibility=true newVisibility=false
08-13 16:19:42.873  5736  5736 D VRI[InstrumentationActivityInvoker$EmptyActivity]@73b2e07: reportNextDraw android.view.ViewRootImpl.performTraversals:5193 android.view.ViewRootImpl.doTraversal:3708 android.view.ViewRootImpl$TraversalRunnable.run:12542 android.view.Choreographer$CallbackRecord.run:1751 android.view.Choreographer$CallbackRecord.run:1760
08-13 16:19:42.874  5736  5736 D VRI[InstrumentationActivityInvoker$EmptyActivity]@73b2e07: Setup new sync=wmsSync-VRI[InstrumentationActivityInvoker$EmptyActivity]@73b2e07#0
08-13 16:19:42.874  5736  5736 I VRI[InstrumentationActivityInvoker$EmptyActivity]@73b2e07: Creating new active sync group VRI[InstrumentationActivityInvoker$EmptyActivity]@73b2e07#1
08-13 16:19:42.874  1111  1111 I SurfaceFlinger: [com.example.cupcake.test/androidx.test.core.app.InstrumentationActivityInvoker$EmptyActivity$_5736#233531] attach to parent LayerHierarchy{RequestedLayerState{409fe38 com.example.cupcake.test/androidx.test.core.app.InstrumentationActivityInvoker$EmptyActivity#233530 parentId=233520} 1 children}
08-13 16:19:42.874  1111  1111 I SurfaceFlinger: [Surface(name=8a94d40 NavigationBar0)/@0x65d636d - animation-leash of insets_animation#233532] attach to parent LayerHierarchy{RequestedLayerState{WindowToken{4aa5472 type=2019 android.os.BinderProxy@bd187d4}#87 parentId=31} 2 children}
08-13 16:19:42.874  1111  1111 I SurfaceFlinger: [Surface(name=e0324bb StatusBar)/@0x8487ff0 - animation-leash of insets_animation#233533] attach to parent LayerHierarchy{RequestedLayerState{WindowToken{b8fcd4a type=2000 android.os.BinderProxy@ecaaeec}#94 parentId=19} 2 children}
08-13 16:19:42.880  5596  5687 D HWUI    : CacheManager::trimMemory(20)
08-13 16:19:42.882  5736  5736 D VRI[InstrumentationActivityInvoker$EmptyActivity]@73b2e07: registerCallbacksForSync syncBuffer=false
08-13 16:19:42.885  1282  3681 V WindowManager: Relayout Window{1018d3c u0 com.example.cupcake/androidx.activity.ComponentActivity}: viewVisibility=8 req=1080x2340 ty=1 d0
08-13 16:19:42.889  1282  3681 V WindowManager: Relayout hash=1018d3c, pid=5596, syncId=-1: mAttrs={(0,0)(fillxfill) sim={adjust=pan forwardNavigation} layoutInDisplayCutoutMode=always ty=BASE_APPLICATION wanim=0x1030312
08-13 16:19:42.889  1282  3681 V WindowManager:   fl=81810100
08-13 16:19:42.889  1282  3681 V WindowManager:   pfl=100088c0
08-13 16:19:42.889  1282  3681 V WindowManager:   apr=210
08-13 16:19:42.889  1282  3681 V WindowManager:   bhv=1
08-13 16:19:42.889  1282  3681 V WindowManager:   fitSides=0
08-13 16:19:42.889  1282  3681 V WindowManager:   frameRateBoostOnTouch=true
08-13 16:19:42.889  1282  3681 V WindowManager:   dvrrWindowFrameRateHint=true naviIconColor=0}
08-13 16:19:42.889  1111  1111 I SurfaceFlinger: [LayerHierarchy{RequestedLayerState{8a94d40 NavigationBar0#88 parentId=233532} 1 children}] reparent to LayerHierarchy{RequestedLayerState{Surface(name=8a94d40 NavigationBar0)/@0x65d636d - animation-leash of insets_animation#233532 parentId=87} 1 children}
08-13 16:19:42.889  1111  1111 I SurfaceFlinger: [LayerHierarchy{RequestedLayerState{e0324bb StatusBar#95 parentId=233533} 1 children}] reparent to LayerHierarchy{RequestedLayerState{Surface(name=e0324bb StatusBar)/@0x8487ff0 - animation-leash of insets_animation#233533 parentId=94} 1 children}
08-13 16:19:42.889  1111  1111 I SurfaceFlinger: [LayerHierarchy{RequestedLayerState{Surface(name=8a94d40 NavigationBar0)/@0x65d636d - animation-leash of insets_animation#233524} no children}] reparent to OffscreenRoot
08-13 16:19:42.889  1111  1111 I SurfaceFlinger: [LayerHierarchy{RequestedLayerState{Surface(name=8a94d40 NavigationBar0)/@0x65d636d - animation-leash of insets_animation#233524} no children}] RelativeParent to null
08-13 16:19:42.889  1111  1111 I SurfaceFlinger: [LayerHierarchy{RequestedLayerState{Surface(name=e0324bb StatusBar)/@0x8487ff0 - animation-leash of insets_animation#233525} no children}] reparent to OffscreenRoot
08-13 16:19:42.889  1111  1111 I SurfaceFlinger: [LayerHierarchy{RequestedLayerState{Surface(name=e0324bb StatusBar)/@0x8487ff0 - animation-leash of insets_animation#233525} no children}] RelativeParent to null
08-13 16:19:42.891  1111  1111 I SurfaceFlinger: id=233524 Removed Surface(name=8a94d40 NavigationBar0)/@0x65d636d - animation-leash of insets_animation#233524 (174)
08-13 16:19:42.891  1111  1111 I SurfaceFlinger: id=233525 Removed Surface(name=e0324bb StatusBar)/@0x8487ff0 - animation-leash of insets_animation#233525 (174)
08-13 16:19:42.892  5736  5770 D VRI[InstrumentationActivityInvoker$EmptyActivity]@73b2e07: Received frameDrawingCallback syncResult=0 frameNum=1.
08-13 16:19:42.892  5736  5770 I VRI[InstrumentationActivityInvoker$EmptyActivity]@73b2e07: mWNT: t=0xb4000076090d2d90 mBlastBufferQueue=0xb4000075190ac230 fn= 1 HdrRenderState mRenderHdrSdrRatio=1.0 caller= android.view.ViewRootImpl$11.onFrameDraw:15016 android.view.ThreadedRenderer$1.onFrameDraw:761 <bottom of call stack>
08-13 16:19:42.892  5736  5770 I VRI[InstrumentationActivityInvoker$EmptyActivity]@73b2e07: Setting up sync and frameCommitCallback
08-13 16:19:42.896  5596  5596 I VRI[ComponentActivity]@2461abf: Relayout returned: old=(0,0,1080,2340) new=(0,0,1080,2340) relayoutAsync=false req=(1080,2340)8 dur=11 res=0x2 s={false 0x0} ch=true seqId=0
08-13 16:19:42.896  5596  5596 D VRI[ComponentActivity]@2461abf: Not drawing due to not visible. Reason=!mAppVisible && !mForceDecorViewVisibility
08-13 16:19:42.900  1111  1111 I SurfaceFlinger: destroyed Surface(name=8a94d40 NavigationBar0)/@0x65d636d - animation-leash of insets_animation#233524
08-13 16:19:42.900  1111  1111 I SurfaceFlinger: destroyed Surface(name=e0324bb StatusBar)/@0x8487ff0 - animation-leash of insets_animation#233525
08-13 16:19:42.901  1111  1209 D SurfaceFlinger: [input] setFocusedWindow: 409fe38 com.example.cupcake.test/androidx.test.core.app.InstrumentationActivityInvoker$EmptyActivity
08-13 16:19:42.901  1282  3681 D InputDispatcher: Once focus requested (0): 409fe38 com.example.cupcake.test/androidx.test.core.app.InstrumentationActivityInvoker$EmptyActivity
08-13 16:19:42.901  1282  3681 D InputDispatcher: Focus request (0): 409fe38 com.example.cupcake.test/androidx.test.core.app.InstrumentationActivityInvoker$EmptyActivity but waiting because NO_WINDOW
08-13 16:19:42.901  1111  1111 I Layer   : id=233525 Destroyed Surface(name=e0324bb StatusBar)/@0x8487ff0 - animation-leash of insets_animation#233525
08-13 16:19:42.901  1111  1111 I Layer   : id=233524 Destroyed Surface(name=8a94d40 NavigationBar0)/@0x65d636d - animation-leash of insets_animation#233524
08-13 16:19:42.905  5596  5596 I VRI[ComponentActivity]@2461abf: stopped(true) old = false
08-13 16:19:42.905  5596  5596 D VRI[ComponentActivity]@2461abf: WindowStopped on com.example.cupcake/androidx.activity.ComponentActivity set to true
08-13 16:19:42.906  5596  5687 D HWUI    : CacheManager::trimMemory(20)
08-13 16:19:42.907  5596  5596 D LifecycleMonitor: Lifecycle status change: androidx.activity.ComponentActivity@fe50a0b in: STOPPED
08-13 16:19:42.908  5596  5596 V ActivityScenario: Update currentActivityStage to STOPPED, currentActivity=androidx.activity.ComponentActivity@fe50a0b
08-13 16:19:42.915  5736  5756 I BLASTBufferQueue: [VRI[InstrumentationActivityInvoker$EmptyActivity]@73b2e07#0](f:0,a:0,s:0) onFrameAvailable the first frame is available
08-13 16:19:42.916  5736  5756 I VRI[InstrumentationActivityInvoker$EmptyActivity]@73b2e07: Received frameCommittedCallback lastAttemptedDrawFrameNum=1 didProduceBuffer=true
08-13 16:19:42.917  1111  1730 I SurfaceFlinger: [com.example.cupcake.test/androidx.test.core.app.InstrumentationActivityInvoker$EmptyActivity$_5736#233531] setTransactionState with the first frame. bufferData(ID: 24635932409856, frameNumber: 1)
08-13 16:19:42.917  5736  5756 D HWUI    : CFMS:: SetUp Pid : 5736    Tid : 5756
08-13 16:19:42.918  5736  5736 D VRI[InstrumentationActivityInvoker$EmptyActivity]@73b2e07: reportDrawFinished seqId=0
08-13 16:19:42.919  1282  4407 W ServiceManagerCppClient: Permission failure: android.permission.ACCESS_SURFACE_FLINGER from uid=10419 pid=0
08-13 16:19:42.919  1282  4407 D PermissionCache: checking android.permission.ACCESS_SURFACE_FLINGER for uid=10419 => denied (166 us)
08-13 16:19:42.919  1282  4407 W ServiceManagerCppClient: Permission failure: android.permission.ROTATE_SURFACE_FLINGER from uid=10419 pid=0
08-13 16:19:42.919  1282  4407 D PermissionCache: checking android.permission.ROTATE_SURFACE_FLINGER for uid=10419 => denied (45 us)
08-13 16:19:42.919  1282  4407 W ServiceManagerCppClient: Permission failure: android.permission.INTERNAL_SYSTEM_WINDOW from uid=10419 pid=0
08-13 16:19:42.919  1282  4407 D PermissionCache: checking android.permission.INTERNAL_SYSTEM_WINDOW for uid=10419 => denied (33 us)
08-13 16:19:42.920  5736  5736 I InsetsSourceConsumer: applyRequestedVisibilityToControl: visible=true, type=navigationBars, host=com.example.cupcake.test/androidx.test.core.app.InstrumentationActivityInvoker$EmptyActivity
08-13 16:19:42.920  5736  5736 I InsetsSourceConsumer: applyRequestedVisibilityToControl: visible=true, type=statusBars, host=com.example.cupcake.test/androidx.test.core.app.InstrumentationActivityInvoker$EmptyActivity
08-13 16:19:42.925  1282  1444 D PkgPredictorService-SecIpmManagerServiceImpl: bg information pid:5596 uid:10418 pkgName:com.example.cupcake
08-13 16:19:42.936  1282  3084 I SemDvfsHyPerManager: acquire hyper - AMS_APP_HOME/1282@27, type = -999
08-13 16:19:42.936  1062  1149 I HYPER-HAL: [RequestManager.cpp]acquire(): Acquired ID : 857422  [1282 / 27]    HINT : AMS_APP_HOME    list :
08-13 16:19:42.937  4368  4368 I SemDvfsHyPerManager: acquire hyper - APP_START_HOME/4368@15, type = -999
08-13 16:19:42.938  2742  2742 I VRI[LauncherActivity]@3489192: handleAppVisibility mAppVisible = false visible = true
08-13 16:19:42.939  1282  3084 D InputDispatcher: Focused application(0): ActivityRecord{b3168b5 u0 com.sec.android.app.launcher/.activities.LauncherActivity t6}
08-13 16:19:42.939  1062  1149 I HYPER-HAL: [RequestManager.cpp]acquire(): Acquired ID : 9607551  [4368 / 15]    HINT : APP_START    list : [KERNEL_APP_START_NOTIFY / 0] [TIMEOUT / 1500]
08-13 16:19:42.939  1282  1967 D AS.MultiSoundManager: mForegroundUid = 10132
08-13 16:19:42.939  1111  1730 I SurfaceFlinger: id=233534 createSurf, flag=24000, Surface(name=8a94d40 NavigationBar0)/@0x65d636d - animation-leash of insets_animation#233534
08-13 16:19:42.940  5596  5596 D LifecycleMonitor: Lifecycle status change: androidx.activity.ComponentActivity@fe50a0b in: DESTROYED
08-13 16:19:42.940  5596  5596 V ActivityScenario: Update currentActivityStage to DESTROYED, currentActivity=null
08-13 16:19:42.940  1111  1732 I SurfaceFlinger: id=233535 createSurf, flag=24000, Surface(name=e0324bb StatusBar)/@0x8487ff0 - animation-leash of insets_animation#233535
08-13 16:19:42.941  1244 15899 I CameraService: onUidStateChanged: uid=10219, procState is changed. (3 -> 5)
08-13 16:19:42.943  5596  5596 W WindowOnBackDispatcher: sendCancelIfRunning: isInProgress=false callback=android.view.ViewRootImpl$$ExternalSyntheticLambda15@414e98d
08-13 16:19:42.945  2742  2742 I VRI[LauncherActivity]@3489192: stopped(false) old = true
08-13 16:19:42.946  2742  2742 I HoneySpace.Launcher: !@Boot_EBS_D: Launcher.onStart()
08-13 16:19:42.947  2742  2742 I HoneySpace.Launcher: !@Boot_EBS_D: Launcher.onResume()
08-13 16:19:42.948  2742  2742 I HoneySpace.Launcher: updateLauncherShowing false -> true
08-13 16:19:42.949  2742  2742 I HoneySpace.ShellTransitionManager: myHomeResumed
08-13 16:19:42.949  2742  2742 I HoneySpace.CapturedBlurManager: capturedBlurView: resume(25347631)
08-13 16:19:42.949  2742  2742 I HoneySpace.ResumeTimer: last resume updated : 308413534
08-13 16:19:42.949  2742  2742 I HoneySpace.StackedWidgetFastRecyclerView: playShowAndHideIndicatorAnimation
08-13 16:19:42.949  2742  4826 I HoneySpace.HoneyAppWidgetHost: called startListening, host: @fcf5abe
08-13 16:19:42.949  2742  4826 I AppWidgetHost: semStartListening()
08-13 16:19:42.951  2742  1824 I HoneySpace.Memory-Monitor: cancelTrimIfNeeded
08-13 16:19:42.952  2742  2101 I HoneySpace.PredictionDataSourceImpl: requestPredictionUpdate 0 true
08-13 16:19:42.952  1282  1628 V GrammaticalInflectionUtils: AttributionSource: AttributionSource { uid = 10237, packageName = null, attributionTag = null, token = android.os.Binder@88f1d92, deviceId = 0, next = null } does not have READ_SYSTEM_GRAMMATICAL_GENDER permission.
08-13 16:19:42.952  1282  3179 I AppWidgetServiceImpl: startListening callbacks : com.android.internal.appwidget.IAppWidgetHost$Stub$Proxy@65858f1 intervalEnsure:760477075 intervalHostLock:760477075 LhostId:HostId{user:0, app:10132, hostId:1024, pkg:com.sec.android.app.launcher}
08-13 16:19:42.953  2742  2742 I HoneySpace.StackedWidgetFastRecyclerView: playShowIndicatorAnimation
08-13 16:19:42.953  2742  2742 I HoneySpace.StackedWidgetAdapter: updateLabelVisibility false true
08-13 16:19:42.953  2742  2742 I HoneySpace.StackedWidgetFastRecyclerView: playShowAndHideIndicatorAnimation
08-13 16:19:42.953  2742  2742 I HoneySpace.StackedWidgetFastRecyclerView: playShowIndicatorAnimation
08-13 16:19:42.953  2742  2742 I HoneySpace.StackedWidgetAdapter: updateLabelVisibility false true
08-13 16:19:42.953  2742  2742 I SearchHoneyPot: onViewCreated: onResume
08-13 16:19:42.956  2742  2101 I HoneySpace.PredictionDataSourceImpl: requestPredictionUpdate 1 true
08-13 16:19:42.957  2742  4826 I HoneySpace.HoneyAppWidgetHost: success hidden_semStartListening - result: true, host: @fcf5abe
08-13 16:19:42.959  2127  2127 D NavigationBar: onSystemBarAttributesChanged() -  displayId:0, appearance:24, packageName: com.example.cupcake.test (APPEARANCE_LIGHT_STATUS_BARS APPEARANCE_LIGHT_NAVIGATION_BARS ), navbarColorManagedByIme:false
08-13 16:19:42.961  1282  4407 V WindowManager: Relayout Window{c2c214a u0 com.sec.android.app.launcher/com.sec.android.app.launcher.activities.LauncherActivity}: viewVisibility=0 req=1080x2340 ty=1 d0
08-13 16:19:42.961  1111  1732 I SurfaceFlinger: id=233536 createSurf, flag=44004, com.sec.android.app.launcher/com.sec.android.app.launcher.activities.LauncherActivity$_2742#233536
08-13 16:19:42.962  5596  5687 D HWUI    : CacheManager::trimMemory(20)
08-13 16:19:42.962  1282  4407 I SemDvfsHyPerManager: acquire hyper - AMS_RESUME_TAIL/1282@22, type = -999
08-13 16:19:42.963  1282  4407 I SemDvfsHyPerManager: acquire hyper - AMS_ACT_LAZY/1282@23, type = -999
08-13 16:19:42.963  1062  1149 I HYPER-HAL: [RequestManager.cpp]acquire(): Acquired ID : 850882  [1282 / 22]    HINT : AMS_RESUME_TAIL    list :
08-13 16:19:42.963  1062  1149 I HYPER-HAL: [RequestManager.cpp]releaseLocked(): Released ID : 856112
08-13 16:19:42.966  5596  5596 I VRI[ComponentActivity]@2461abf: dispatchDetachedFromWindow
08-13 16:19:42.966  1111  1111 I SurfaceFlinger: [LayerHierarchy{RequestedLayerState{8a94d40 NavigationBar0#88 parentId=233534} 1 children}] reparent to LayerHierarchy{RequestedLayerState{Surface(name=8a94d40 NavigationBar0)/@0x65d636d - animation-leash of insets_animation#233534 parentId=87} 1 children}
08-13 16:19:42.966  1111  1111 I SurfaceFlinger: [LayerHierarchy{RequestedLayerState{e0324bb StatusBar#95 parentId=233535} 1 children}] reparent to LayerHierarchy{RequestedLayerState{Surface(name=e0324bb StatusBar)/@0x8487ff0 - animation-leash of insets_animation#233535 parentId=94} 1 children}
08-13 16:19:42.966  1111  1111 I SurfaceFlinger: [LayerHierarchy{RequestedLayerState{Surface(name=e0324bb StatusBar)/@0x8487ff0 - animation-leash of insets_animation#233533} no children}] reparent to OffscreenRoot
08-13 16:19:42.966  1111  1111 I SurfaceFlinger: [LayerHierarchy{RequestedLayerState{Surface(name=e0324bb StatusBar)/@0x8487ff0 - animation-leash of insets_animation#233533} no children}] RelativeParent to null
08-13 16:19:42.966  1111  1111 I SurfaceFlinger: [LayerHierarchy{RequestedLayerState{Surface(name=8a94d40 NavigationBar0)/@0x65d636d - animation-leash of insets_animation#233532} no children}] reparent to OffscreenRoot
08-13 16:19:42.966  1111  1111 I SurfaceFlinger: [LayerHierarchy{RequestedLayerState{Surface(name=8a94d40 NavigationBar0)/@0x65d636d - animation-leash of insets_animation#233532} no children}] RelativeParent to null
08-13 16:19:42.966  1111  1111 I SurfaceFlinger: [Surface(name=8a94d40 NavigationBar0)/@0x65d636d - animation-leash of insets_animation#233534] attach to parent LayerHierarchy{RequestedLayerState{WindowToken{4aa5472 type=2019 android.os.BinderProxy@bd187d4}#87 parentId=31} 1 children}
08-13 16:19:42.966  1111  1111 I SurfaceFlinger: [Surface(name=e0324bb StatusBar)/@0x8487ff0 - animation-leash of insets_animation#233535] attach to parent LayerHierarchy{RequestedLayerState{WindowToken{b8fcd4a type=2000 android.os.BinderProxy@ecaaeec}#94 parentId=19} 1 children}
08-13 16:19:42.966  1111  1111 I SurfaceFlinger: [com.sec.android.app.launcher/com.sec.android.app.launcher.activities.LauncherActivity$_2742#233536] attach to parent LayerHierarchy{RequestedLayerState{c2c214a com.sec.android.app.launcher/com.sec.android.app.launcher.activities.LauncherActivity#124 parentId=123} 1 children}
08-13 16:19:42.967  1111  1111 I BpBinder: onLastStrongRef automatically unlinking death recipients:
08-13 16:19:42.969  1111  1732 I SurfaceFlinger: id=233532 Removed Surface(name=8a94d40 NavigationBar0)/@0x65d636d - animation-leash of insets_animation#233532 (175)
08-13 16:19:42.970  1111  1732 I SurfaceFlinger: id=233533 Removed Surface(name=e0324bb StatusBar)/@0x8487ff0 - animation-leash of insets_animation#233533 (175)
08-13 16:19:42.971  1282  1443 I PkgPredictorService-SecIpmManagerServiceImpl: reportToNAP uid:10419 com.example.cupcake.test/androidx.test.core.app.InstrumentationActivityInvoker$EmptyActivity thisTime:600
08-13 16:19:42.971  1282  1443 D PkgPredictorService-SecIpmManagerServiceImpl: reportToNAP: mHeavyLaunchCounter is false
08-13 16:19:42.971  2742  4789 I HoneySpace.SPayHandler: updateSpayHandler, show = true, defaultPage = true
08-13 16:19:42.971  1282  2840 D PkgPredictorService-SecIpmManagerServiceImpl: ACTION_FOREGROUND_FINISH_EVENT sCurForegroundApp :com.example.cupcake.test
08-13 16:19:42.973  1282  1443 I ActivityTaskManager: Displayed com.example.cupcake.test/androidx.test.core.app.InstrumentationActivityInvoker$EmptyActivity for user 0: +600ms
08-13 16:19:42.973  1111  1162 I SurfaceFlinger: id=233537 createSurf, flag=24000, Surface(name=8a94d40 NavigationBar0)/@0x65d636d - animation-leash of insets_animation#233537
08-13 16:19:42.974  1034  1034 D Zygote  : Forked child process 5777
08-13 16:19:42.974  3157  3157 E pageboostd: Received HALT command code 2
08-13 16:19:42.974 22781 22781 I bmex    : onStart
08-13 16:19:42.974 22781 22781 I bmex    : onResume
08-13 16:19:42.975  1111  1730 I SurfaceFlinger: id=233538 createSurf, flag=24000, Surface(name=e0324bb StatusBar)/@0x8487ff0 - animation-leash of insets_animation#233538
08-13 16:19:42.976  2127  2334 I InsetsSourceConsumer: applyRequestedVisibilityToControl: visible=true, type=navigationBars, host=Splash Screen com.example.cupcake.test
08-13 16:19:42.977  2127  2334 I InsetsSourceConsumer: applyRequestedVisibilityToControl: visible=true, type=statusBars, host=Splash Screen com.example.cupcake.test
08-13 16:19:42.977  1282  4407 I SystemKeyManager: requested systemKeyInfo size=2 focusedWindow=com.sec.android.app.launcher/com.sec.android.app.launcher.activities.LauncherActivity
08-13 16:19:42.978  1282  4407 V WindowManager: Relayout hash=c2c214a, pid=2742, syncId=-1: mAttrs={(0,0)(fillxfill) sim={adjust=nothing forwardNavigation} layoutInDisplayCutoutMode=always ty=BASE_APPLICATION fmt=TRANSPARENT wanim=0x1030301
08-13 16:19:42.978  1282  4407 V WindowManager:   fl=81910100
08-13 16:19:42.978  1282  4407 V WindowManager:   pfl=10008840
08-13 16:19:42.978  1282  4407 V WindowManager:   bhv=2
08-13 16:19:42.978  1282  4407 V WindowManager:   fitSides=0
08-13 16:19:42.978  1282  4407 V WindowManager:   frameRateBoostOnTouch=true
08-13 16:19:42.978  1282  4407 V WindowManager:   dvrrWindowFrameRateHint=true screenDimDuration=200000 naviIconColor=0}
08-13 16:19:42.979  1111  1111 I SurfaceFlinger: destroyed Surface(name=e0324bb StatusBar)/@0x8487ff0 - animation-leash of insets_animation#233533
08-13 16:19:42.979  1111  1111 I SurfaceFlinger: destroyed Surface(name=8a94d40 NavigationBar0)/@0x65d636d - animation-leash of insets_animation#233532
08-13 16:19:42.979  1111  1111 I SurfaceFlinger: [Surface(name=e0324bb StatusBar)/@0x8487ff0 - animation-leash of insets_animation#233538] attach to parent LayerHierarchy{RequestedLayerState{WindowToken{b8fcd4a type=2000 android.os.BinderProxy@ecaaeec}#94 parentId=19} 2 children}
08-13 16:19:42.979  1111  1111 I SurfaceFlinger: [Surface(name=8a94d40 NavigationBar0)/@0x65d636d - animation-leash of insets_animation#233537] attach to parent LayerHierarchy{RequestedLayerState{WindowToken{4aa5472 type=2019 android.os.BinderProxy@bd187d4}#87 parentId=31} 2 children}
08-13 16:19:42.979  2742  2742 I InsetsController: onStateChanged: host=com.sec.android.app.launcher/com.sec.android.app.launcher.activities.LauncherActivity, from=android.view.ViewRootImpl.relayoutWindow:11304, state=InsetsState: {mDisplayFrame=Rect(0, 0 - 1080, 2340), mDisplayCutout=DisplayCutout{insets=Rect(0, 80 - 0, 0) waterfall=Insets{left=0, top=0, right=0, bottom=0} boundingRect={Bounds=[Rect(0, 0 - 0, 0), Rect(511, 0 - 569, 80), Rect(0, 0 - 0, 0), Rect(0, 0 - 0, 0)]} cutoutPathParserInfo={CutoutPathParserInfo{displayWidth=1080 displayHeight=2340 physicalDisplayWidth=1080 physicalDisplayHeight=2340 density={2.8125} cutoutSpec={M 0,0 M 0,7.822222222222222‬‬ a 10.31111111111111‬,10.31111111111111‬ 0 1,0 0,20.62222222222222‬ a 10.31111111111111‬,10.31111111111111‬ 0 1,0 0,-20.62222222222222‬ Z @dp} rotation={0} scale={1.0} physicalPixelDisplaySizeRatio={1.0}}} sideOverrides={}}, mRoundedCorners=RoundedCorners{[RoundedCorner{position=TopLeft, radius=113, center=Point(113, 113)}, RoundedCorner{position=TopRight, radius=113, center=Point(967, 113)}, RoundedCorner{position=BottomRight, radius=113, center=Point(967, 2227)}, RoundedCorner{position=BottomLeft, radius=113, center=Point(113, 2227)}]}  mRoundedCornerFrame=Rect(0, 0 - 1080, 2340), mPrivacyIndicatorBounds=PrivacyIndicatorBounds {static bounds=Rect(956, 0 - 1080, 80) rotation=0}, mDisplayShape=DisplayShape{ spec=-311912193 displayWidth=1080 displayHeight=2340 physicalPixelDisplaySizeRatio=1.0 rotation=0 offsetX=0 offsetY=0 scale=1.0}, mSources= { InsetsSource: {b9640000 mType=statusBars mFrame=[0,0][1080,80] mVisible=true mFlags= mSideHint=TOP mBoundingRects=null}, InsetsSource: {b9640005 mType=mandatorySystemGestures mFrame=[0,0][1080,114] mVisible=true mFlags= mSideHint=TOP mBoundingRects=null}, InsetsSource: {b9640006 mType=tappableElement mFrame=[0,0][1080,80] mVisible=true mFlags= mSideHint=TOP mBoundingRects=null}, InsetsSource: {d8440001 mType=navigationBars mFrame=[0,2298][1080,2340] mVisible=true mFlags=SUPPRESS_SCRIM mSideHint=BOTTOM mBoundingRects=null}, InsetsSource: {d8440004 mType=systemGestures mFrame=[0,0][63,2340] mVisible=true mFlags= mSideHint=LEFT mBoundingRects=null}, InsetsSource: {d8440005 mType=mandatorySystemGestures mFrame=[0,2250][1080,2340] mVisible=true mFlags= mSideHint=BOTTOM mBoundingRects=null}, InsetsSource: {d8440006 mType=tappableElement mFrame=[0,0][0,0] mVisible=true mFlags= mSideHint=NONE mBoundingRects=null}, InsetsSource: {d8440024 mType=systemGestures mFrame=[1017,0][1080,2340] mVisible=true mFlags= mSideHint=RIGHT mBoundingRects=null}, InsetsSource: {27 mType=displayCutout mFrame=[0,0][1080,80] mVisible=true mFlags= mSideHint=TOP mBoundingRects=null} }
08-13 16:19:42.980  1111  1111 I Layer   : id=233533 Destroyed Surface(name=e0324bb StatusBar)/@0x8487ff0 - animation-leash of insets_animation#233533
08-13 16:19:42.980  1111  1111 I Layer   : id=233532 Destroyed Surface(name=8a94d40 NavigationBar0)/@0x65d636d - animation-leash of insets_animation#233532
08-13 16:19:42.982  2742  2742 I BLASTBufferQueue_Java: new BLASTBufferQueue, mName= VRI[LauncherActivity]@3489192 mNativeObject= 0xb4000075191a0790 sc.mNativeObject= 0xb40000761915b390 caller= android.view.ViewRootImpl.updateBlastSurfaceIfNeeded:3397 android.view.ViewRootImpl.relayoutWindow:11361 android.view.ViewRootImpl.performTraversals:4544 android.view.ViewRootImpl.doTraversal:3708 android.view.ViewRootImpl$TraversalRunnable.run:12542 android.view.Choreographer$CallbackRecord.run:1751 android.view.Choreographer$CallbackRecord.run:1760 android.view.Choreographer.doCallbacks:1216 android.view.Choreographer.doFrame:1142 android.view.Choreographer$FrameDisplayEventReceiver.run:1707
08-13 16:19:42.982  2742  2742 I BLASTBufferQueue_Java: update, w= 1080 h= 2340 mName = VRI[LauncherActivity]@3489192 mNativeObject= 0xb4000075191a0790 sc.mNativeObject= 0xb40000761915b390 format= -2 caller= android.graphics.BLASTBufferQueue.<init>:88 android.view.ViewRootImpl.updateBlastSurfaceIfNeeded:3397 android.view.ViewRootImpl.relayoutWindow:11361 android.view.ViewRootImpl.performTraversals:4544 android.view.ViewRootImpl.doTraversal:3708 android.view.ViewRootImpl$TraversalRunnable.run:12542
08-13 16:19:42.983  2742  2742 I VRI[LauncherActivity]@3489192: Relayout returned: old=(0,0,1080,2340) new=(0,0,1080,2340) relayoutAsync=false req=(1080,2340)0 dur=26 res=0x3 s={true 0xb4000075e9768ef0} ch=true seqId=0
08-13 16:19:42.987  2742  2742 I VRI[LauncherActivity]@3489192: Creating new active sync group VRI[LauncherActivity]@3489192#61
08-13 16:19:42.991  1111  1111 I SurfaceFlinger: [LayerHierarchy{RequestedLayerState{8a94d40 NavigationBar0#88 parentId=233537} 1 children}] reparent to LayerHierarchy{RequestedLayerState{Surface(name=8a94d40 NavigationBar0)/@0x65d636d - animation-leash of insets_animation#233537 parentId=87} 1 children}
08-13 16:19:42.991  1111  1111 I SurfaceFlinger: [LayerHierarchy{RequestedLayerState{e0324bb StatusBar#95 parentId=233538} 1 children}] reparent to LayerHierarchy{RequestedLayerState{Surface(name=e0324bb StatusBar)/@0x8487ff0 - animation-leash of insets_animation#233538 parentId=94} 1 children}
08-13 16:19:42.991  1111  1111 I SurfaceFlinger: [LayerHierarchy{RequestedLayerState{Surface(name=8a94d40 NavigationBar0)/@0x65d636d - animation-leash of insets_animation#233534} no children}] reparent to OffscreenRoot
08-13 16:19:42.991  1111  1111 I SurfaceFlinger: [LayerHierarchy{RequestedLayerState{Surface(name=8a94d40 NavigationBar0)/@0x65d636d - animation-leash of insets_animation#233534} no children}] RelativeParent to null
08-13 16:19:42.991  1111  1111 I SurfaceFlinger: [LayerHierarchy{RequestedLayerState{Surface(name=e0324bb StatusBar)/@0x8487ff0 - animation-leash of insets_animation#233535} no children}] reparent to OffscreenRoot
08-13 16:19:42.991  1111  1111 I SurfaceFlinger: [LayerHierarchy{RequestedLayerState{Surface(name=e0324bb StatusBar)/@0x8487ff0 - animation-leash of insets_animation#233535} no children}] RelativeParent to null
08-13 16:19:42.994  2127  3578 I WallpaperService: dispatchAppVisibility: system, visible=true , mLidState = -1
08-13 16:19:43.000  2127  2436 I WallpaperService: updateSurface system forceRelayout=false forceReport=false redrawNeeded=false myWidth=-1 myHeight=-1 fixedSize=false x = 0 y = 0 mWidth=-1 mHeight=-1
08-13 16:19:43.000  2127  2436 I WallpaperService: reportVisibility: visibility changed. visible=true
08-13 16:19:43.000  2127  2436 I ImageWallpaper_5[Image]:  onVisibilityChanged: visible=true , displayId=0
08-13 16:19:43.005  1111  1209 D SurfaceFlinger: [input] setFocusedWindow: c2c214a com.sec.android.app.launcher/com.sec.android.app.launcher.activities.LauncherActivity
08-13 16:19:43.005 21624 21938 I Rubin   : [92] U9.g.x(Unknown Source) : Notify com.samsung.android.rubin.inferenceengine.contextanalytics.engine.loggers.AppUsageLogger's database is updated.
08-13 16:19:43.005  1282  2382 D SyntheticPasswordManager.SDP: Inside fromBytes() - result.pinLength : -1
08-13 16:19:43.005  1282  2382 D SyntheticPasswordManager.SDP: 2. result.secureMode : 0
08-13 16:19:43.005  1282  4407 D InputDispatcher: Once focus requested (0): c2c214a com.sec.android.app.launcher/com.sec.android.app.launcher.activities.LauncherActivity
08-13 16:19:43.005  1282  4407 D InputDispatcher: Focus request (0): c2c214a com.sec.android.app.launcher/com.sec.android.app.launcher.activities.LauncherActivity but waiting because NO_WINDOW
08-13 16:19:43.012  1282  3681 D InputTransport: Input channel destroyed: '1018d3c', fd=1261
08-13 16:19:43.012  1282  3681 W InputManager-JNI: Input channel object '1018d3c com.example.cupcake/androidx.activity.ComponentActivity (client)' was disposed without first being removed with the input manager!
08-13 16:19:43.012  1282  3681 D InputTransport: Input channel destroyed: '1018d3c', fd=1262
08-13 16:19:43.013  1111  1163 I SurfaceFlinger: id=233539 createSurf, flag=24004, Surface(name=39a4c69 InputMethod)/@0x97414dd - animation-leash of insets_animation#233539
08-13 16:19:43.015  2742  4754 I VRI[LauncherActivity]@3489192: mWNT: t=0xb4000076091d4350 mBlastBufferQueue=0xb4000075191a0790 fn= 1 HdrRenderState mRenderHdrSdrRatio=1.0 caller= android.view.ViewRootImpl$11.onFrameDraw:15016 android.view.ThreadedRenderer$1.onFrameDraw:761 <bottom of call stack>
08-13 16:19:43.015  2742  4754 I VRI[LauncherActivity]@3489192: Setting up sync and frameCommitCallback
08-13 16:19:43.015  5596  5596 D InputTransport: Input channel destroyed: '1018d3c', fd=132
08-13 16:19:43.016  1111  1111 I SurfaceFlinger: [Surface(name=39a4c69 InputMethod)/@0x97414dd - animation-leash of insets_animation#233539] attach to parent LayerHierarchy{RequestedLayerState{WindowToken{72c0868 type=2011 android.os.Binder@fb66f8b}#121 parentId=16} 2 children}
08-13 16:19:43.017  1111  1163 I SurfaceFlinger: id=233534 Removed Surface(name=8a94d40 NavigationBar0)/@0x65d636d - animation-leash of insets_animation#233534 (176)
08-13 16:19:43.017  1111  1163 I SurfaceFlinger: id=233535 Removed Surface(name=e0324bb StatusBar)/@0x8487ff0 - animation-leash of insets_animation#233535 (176)
08-13 16:19:43.017  2742  4573 I BLASTBufferQueue: [VRI[LauncherActivity]@3489192#6987](f:0,a:0,s:0) onFrameAvailable the first frame is available
08-13 16:19:43.018  2742  4573 I VRI[LauncherActivity]@3489192: Received frameCommittedCallback lastAttemptedDrawFrameNum=1 didProduceBuffer=true
08-13 16:19:43.018  1111  1223 I SurfaceFlinger: [com.sec.android.app.launcher/com.sec.android.app.launcher.activities.LauncherActivity$_2742#233536] setTransactionState with the first frame. bufferData(ID: 11776800376904, frameNumber: 1)
08-13 16:19:43.022  1282  1444 D PkgPredictorService-SecIpmManagerServiceImpl: onForegroundActivitiesChanged pid:2742 uid:10132
08-13 16:19:43.022  1282  2840 V PkgPredictorService-SecIpmManagerServiceImpl: discard foreground app:com.sec.android.app.launcher 1|true
08-13 16:19:43.024  2742  2742 I InsetsSourceConsumer: applyRequestedVisibilityToControl: visible=true, type=navigationBars, host=com.sec.android.app.launcher/com.sec.android.app.launcher.activities.LauncherActivity
08-13 16:19:43.024  1111  1111 I SurfaceFlinger: destroyed Surface(name=8a94d40 NavigationBar0)/@0x65d636d - animation-leash of insets_animation#233534
08-13 16:19:43.024  1111  1111 I SurfaceFlinger: destroyed Surface(name=e0324bb StatusBar)/@0x8487ff0 - animation-leash of insets_animation#233535
08-13 16:19:43.025  1111  1111 I Layer   : id=233535 Destroyed Surface(name=e0324bb StatusBar)/@0x8487ff0 - animation-leash of insets_animation#233535
08-13 16:19:43.025  1111  1111 I Layer   : id=233534 Destroyed Surface(name=8a94d40 NavigationBar0)/@0x65d636d - animation-leash of insets_animation#233534
08-13 16:19:43.026  5777  5777 I droid.apps.maps: Using CollectorTypeCMC GC.
08-13 16:19:43.027  2742  2742 I InsetsSourceConsumer: applyRequestedVisibilityToControl: visible=true, type=statusBars, host=com.sec.android.app.launcher/com.sec.android.app.launcher.activities.LauncherActivity
08-13 16:19:43.026  1282  1444 D NetworkPolicy: already checked 10132
08-13 16:19:43.028  1244 15899 I CameraService: onUidStateChanged: uid=10222, procState is changed. (5 -> 3)
08-13 16:19:43.029  1244 15899 I CameraService: onUidStateChanged: uid=10219, procState is changed. (5 -> 3)
08-13 16:19:43.030  1111  1730 I SurfaceFlinger: id=233540 createSurf, flag=24004, Task=2217#233540
08-13 16:19:43.032  1111  1223 I SurfaceFlinger: id=233513 Removed 7d6b903 ActivityRecordInputSink com.example.cupcake/androidx.activity.ComponentActivity#233513 (175)
08-13 16:19:43.033  1111  1111 I SurfaceFlinger: [Task=2217#233540] attach to parent Root
08-13 16:19:43.036  1111  1162 I SurfaceFlinger: id=233541 createSurf, flag=84004, Transition Root: Task=1#233541
08-13 16:19:43.036  2742  2101 I HoneySpace.RecentTasks: onRecentTasksChanged
08-13 16:19:43.039  1282  1447 I SurfaceControlRegistry: show, t=StartTransaction_SyncId<20525> sc=ActivityRecord{b3168b5 u0 com.sec.android.app.launcher/.activities.LauncherActivity t6}, caller=android.view.SurfaceControl$Transaction.show:3232 com.android.server.wm.Transition.onTransactionReady:2273 com.android.server.wm.BLASTSyncEngine$SyncGroup.finishNow:195 com.android.server.wm.BLASTSyncEngine.onSurfacePlacement:269 com.android.server.wm.RootWindowContainer.performSurfacePlacementNoTrace:459 com.android.server.wm.RootWindowContainer.performSurfacePlacement:9
08-13 16:19:43.039  1282  1447 I SurfaceControlRegistry: show, t=StartTransaction_SyncId<20525> sc=Task=6, caller=android.view.SurfaceControl$Transaction.show:3232 com.android.server.wm.Transition.onTransactionReady:2300 com.android.server.wm.BLASTSyncEngine$SyncGroup.finishNow:195 com.android.server.wm.BLASTSyncEngine.onSurfacePlacement:269 com.android.server.wm.RootWindowContainer.performSurfacePlacementNoTrace:459 com.android.server.wm.RootWindowContainer.performSurfacePlacement:9
08-13 16:19:43.044  2127  2127 D NavigationBar: onSystemBarAttributesChanged() -  displayId:0, appearance:16, packageName: com.sec.android.app.launcher (APPEARANCE_LIGHT_NAVIGATION_BARS ), navbarColorManagedByIme:false
08-13 16:19:43.044  2127  2127 D SysUiState: SysUiState changed: old=0x10020000 new=0x10000000
08-13 16:19:43.046  2742  1823 I HoneySpace.SystemUiRepository: systemUiFlags: awake
08-13 16:19:43.048  2742  2885 I HoneySpace.TaskbarEventTracker: invokeEvent() called with: event = SystemUiStateChanged(stateFlags=268435456)
08-13 16:19:43.049  1282  1447 D ScreenCapture: [Capture_TEST] : setIsScreenShotBySystem false
08-13 16:19:43.051 19715 19720 I adbd    : jdwp connection from 5777
08-13 16:19:43.053  1282  3179 I AccessibilityManagerService: semIsAccessibilityServiceEnabled()
08-13 16:19:43.053  1111  1111 I SurfaceFlinger: [StatusBar$_2127#106] setDefaultFrameRateCompatibility: NoVote
08-13 16:19:43.054  1282  3084 I AccessibilityManagerService: semIsAccessibilityServiceEnabled()
08-13 16:19:43.054  5596  5677 D IdlingRegistry: Unregistering idling resources: [androidx.compose.ui.test.EspressoLink@c30ab15]
08-13 16:19:43.054  1282  1908 I AccessibilityManagerService: semIsAccessibilityServiceEnabled()
08-13 16:19:43.055  5596  5677 I TestRunner: finished: cupcakeNavHost_clickCancelOnFlavorScreen_navigatesToStartOrderScreen(com.example.cupcake.test.CupcakeScreenNavigationTest)
