08-13 16:19:59.116  5596  5596 V ActivityScenario: Update currentActivityStage to RESUMED, currentActivity=androidx.activity.ComponentActivity@40d8fdb
08-13 16:19:59.117  2742  2742 I HoneySpace.RectFAnimation: animateToFinalPosition RectF(454.49722, 1773.5703, 625.5028, 1942.3169)
08-13 16:19:59.117  2742  2742 I HoneySpace.RectFAnimation: animateToFinalPosition RectF(455.94, 1775.0437, 624.06, 1940.2488)
08-13 16:19:59.117  1282  1444 D NetworkPolicy: already checked 10418
08-13 16:19:59.118  1282  2477 V WindowManager: Relayout hash=57b9713, pid=2127, syncId=-1: mAttrs={(0,0)(fillxfill) sim={adjust=pan} layoutInDisplayCutoutMode=always ty=APPLICATION_STARTING fmt=TRANSLUCENT wanim=0x1030312
08-13 16:19:59.118  1282  2477 V WindowManager:   fl=81030118
08-13 16:19:59.118  1282  2477 V WindowManager:   pfl=10000810
08-13 16:19:59.118  1282  2477 V WindowManager:   apr=18
08-13 16:19:59.118  1282  2477 V WindowManager:   bhv=1
08-13 16:19:59.118  1282  2477 V WindowManager:   fitSides=0
08-13 16:19:59.118  1282  2477 V WindowManager:   frameRateBoostOnTouch=true
08-13 16:19:59.118  1282  2477 V WindowManager:   dvrrWindowFrameRateHint=true naviIconColor=0}
08-13 16:19:59.118  5596  5596 I ViewRootImpl: dVRR is disabled
08-13 16:19:59.119  5596  5687 D NativeCustomFrequencyManager: [NativeCFMS] BpCustomFrequencyManager::BpCustomFrequencyManager()
08-13 16:19:59.119  2742  4755 I VRI[LauncherActivity]@3489192: mWNT: t=0xb4000076091e8c50 mBlastBufferQueue=0xb4000075191609b0 fn= 29 HdrRenderState mRenderHdrSdrRatio=1.0 caller= com.android.systemui.shared.launcher.ViewRootImplCompat.mergeWithNextTransaction:4 com.honeyspace.transition.utils.SurfaceTransactionApplier.scheduleApply$lambda$1:26 com.honeyspace.transition.utils.SurfaceTransactionApplier.b:0
08-13 16:19:59.121  2127  2334 I InsetsController: onStateChanged: host=Splash Screen com.example.cupcake, from=android.view.ViewRootImpl.relayoutWindow:11304, state=InsetsState: {mDisplayFrame=Rect(0, 0 - 1080, 2340), mDisplayCutout=DisplayCutout{insets=Rect(0, 80 - 0, 0) waterfall=Insets{left=0, top=0, right=0, bottom=0} boundingRect={Bounds=[Rect(0, 0 - 0, 0), Rect(511, 0 - 569, 80), Rect(0, 0 - 0, 0), Rect(0, 0 - 0, 0)]} cutoutPathParserInfo={CutoutPathParserInfo{displayWidth=1080 displayHeight=2340 physicalDisplayWidth=1080 physicalDisplayHeight=2340 density={2.8125} cutoutSpec={M 0,0 M 0,7.822222222222222‬‬ a 10.31111111111111‬,10.31111111111111‬ 0 1,0 0,20.62222222222222‬ a 10.31111111111111‬,10.31111111111111‬ 0 1,0 0,-20.62222222222222‬ Z @dp} rotation={0} scale={1.0} physicalPixelDisplaySizeRatio={1.0}}} sideOverrides={}}, mRoundedCorners=RoundedCorners{[RoundedCorner{position=TopLeft, radius=113, center=Point(113, 113)}, RoundedCorner{position=TopRight, radius=113, center=Point(967, 113)}, RoundedCorner{position=BottomRight, radius=113, center=Point(967, 2227)}, RoundedCorner{position=BottomLeft, radius=113, center=Point(113, 2227)}]}  mRoundedCornerFrame=Rect(0, 0 - 1080, 2340), mPrivacyIndicatorBounds=PrivacyIndicatorBounds {static bounds=Rect(956, 0 - 1080, 80) rotation=0}, mDisplayShape=DisplayShape{ spec=-311912193 displayWidth=1080 displayHeight=2340 physicalPixelDisplaySizeRatio=1.0 rotation=0 offsetX=0 offsetY=0 scale=1.0}, mSources= { InsetsSource: {b9640000 mType=statusBars mFrame=[0,0][1080,80] mVisible=true mFlags= mSideHint=TOP mBoundingRects=null}, InsetsSource: {b9640005 mType=mandatorySystemGestures mFrame=[0,0][1080,114] mVisible=true mFlags= mSideHint=TOP mBoundingRects=null}, InsetsSource: {b9640006 mType=tappableElement mFrame=[0,0][1080,80] mVisible=true mFlags= mSideHint=TOP mBoundingRects=null}, InsetsSource: {d8440001 mType=navigationBars mFrame=[0,2298][1080,2340] mVisible=true mFlags=SUPPRESS_SCRIM mSideHint=BOTTOM mBoundingRects=null}, InsetsSource: {d8440004 mType=systemGestures mFrame=[0,0][63,2340] mVisible=true mFlags= mSideHint=LEFT mBoundingRects=null}, InsetsSource: {d8440005 mType=mandatorySystemGestures mFrame=[0,2250][1080,2340] mVisible=true mFlags= mSideHint=BOTTOM mBoundingRects=null}, InsetsSource: {d8440006 mType=tappableElement mFrame=[0,0][0,0] mVisible=true mFlags= mSideHint=NONE mBoundingRects=null}, InsetsSource: {d8440024 mType=systemGestures mFrame=[1017,0][1080,2340] mVisible=true mFlags= mSideHint=RIGHT mBoundingRects=null}, InsetsSource: {3 mType=ime mFrame=[0,0][0,0] mVisible=false mFlags= mSideHint=NONE mBoundingRects=null}, InsetsSource: {27 mType=displayCutout mFrame=[0,0][1080,80] mVisible=true mFlags= mSideHint=TOP mBoundingRects=null} }
08-13 16:19:59.121  1282  3681 D InputTransport: Input channel constructed: 'ebb4998', fd=1018
08-13 16:19:59.121  1282  3681 D InputTransport: Input channel constructed: 'ebb4998', fd=1026
08-13 16:19:59.123  1282  3681 D InputTransport: Input channel constructed: 'ebb4998', fd=932
08-13 16:19:59.124  1111  1162 I SurfaceFlinger: id=233850 createSurf, flag=84004, ebb4998 com.example.cupcake/androidx.activity.ComponentActivity#233850
08-13 16:19:59.124  2127  2334 I BLASTBufferQueue_Java: new BLASTBufferQueue, mName= VRI[cupcake]@1afc534 mNativeObject= 0xb400007519148310 sc.mNativeObject= 0xb4000076190e4710 caller= android.view.ViewRootImpl.updateBlastSurfaceIfNeeded:3397 android.view.ViewRootImpl.relayoutWindow:11361 android.view.ViewRootImpl.performTraversals:4544 android.view.ViewRootImpl.doTraversal:3708 android.view.ViewRootImpl$TraversalRunnable.run:12542 android.view.Choreographer$CallbackRecord.run:1751 android.view.Choreographer$CallbackRecord.run:1760 android.view.Choreographer.doCallbacks:1216 android.view.Choreographer.doFrame:1142 android.view.Choreographer$FrameDisplayEventReceiver.run:1707
08-13 16:19:59.125  2127  2334 I BLASTBufferQueue_Java: update, w= 1080 h= 2340 mName = VRI[cupcake]@1afc534 mNativeObject= 0xb400007519148310 sc.mNativeObject= 0xb4000076190e4710 format= -3 caller= android.graphics.BLASTBufferQueue.<init>:88 android.view.ViewRootImpl.updateBlastSurfaceIfNeeded:3397 android.view.ViewRootImpl.relayoutWindow:11361 android.view.ViewRootImpl.performTraversals:4544 android.view.ViewRootImpl.doTraversal:3708 android.view.ViewRootImpl$TraversalRunnable.run:12542
08-13 16:19:59.125  2127  2334 I VRI[cupcake]@1afc534: Relayout returned: old=(0,0,1080,2340) new=(0,0,1080,2340) relayoutAsync=false req=(1080,2340)0 dur=35 res=0x3 s={true 0xb4000075e95a9dd0} ch=true seqId=0
08-13 16:19:59.126  1111  1111 I SurfaceFlinger: [ebb4998 com.example.cupcake/androidx.activity.ComponentActivity#233850] attach to parent LayerHierarchy{RequestedLayerState{ActivityRecord{4d69c20 u0 com.example.cupcake/androidx.activity.ComponentActivity t2235}#233847 parentId=233846} 2 children}
08-13 16:19:59.126  2127  2334 I VRI[cupcake]@1afc534: performConfigurationChange setNightDimText nightDimLevel=0
08-13 16:19:59.126  2127  2334 D VRI[cupcake]@1afc534: mThreadedRenderer.initialize() mSurface={isValid=true 0xb4000075e95a9dd0} hwInitialized=true
08-13 16:19:59.127  1111  1209 D SurfaceFlinger: [input] setFocusedWindow: <null>
08-13 16:19:59.128  2127  2334 D VRI[cupcake]@1afc534: reportNextDraw android.view.ViewRootImpl.performTraversals:5193 android.view.ViewRootImpl.doTraversal:3708 android.view.ViewRootImpl$TraversalRunnable.run:12542 android.view.Choreographer$CallbackRecord.run:1751 android.view.Choreographer$CallbackRecord.run:1760
08-13 16:19:59.128  2127  2334 D VRI[cupcake]@1afc534: Setup new sync=wmsSync-VRI[cupcake]@1afc534#8
08-13 16:19:59.128  1282  4478 D InputDispatcher: Once focus requested (0): <null>
08-13 16:19:59.128  2127  2334 I VRI[cupcake]@1afc534: Creating new active sync group VRI[cupcake]@1afc534#9
08-13 16:19:59.128  1282  4478 D InputDispatcher: Focus request (0): <null> but waiting because NO_WINDOW
08-13 16:19:59.128  1282  4478 D InputDispatcher: Focus left window (0): c2c214a com.sec.android.app.launcher/com.sec.android.app.launcher.activities.LauncherActivity
08-13 16:19:59.128  1282  3681 D InputTransport: Input channel destroyed: 'ebb4998', fd=932
08-13 16:19:59.128  2127  2334 D VRI[cupcake]@1afc534: registerCallbacksForSync syncBuffer=false
08-13 16:19:59.129  5596  5596 D InputTransport: Input channel constructed: 'ebb4998', fd=98
08-13 16:19:59.130  5596  5596 I InsetsController: onStateChanged: host=com.example.cupcake/androidx.activity.ComponentActivity, from=android.view.ViewRootImpl.setView:1999, state=InsetsState: {mDisplayFrame=Rect(0, 0 - 1080, 2340), mDisplayCutout=DisplayCutout{insets=Rect(0, 80 - 0, 0) waterfall=Insets{left=0, top=0, right=0, bottom=0} boundingRect={Bounds=[Rect(0, 0 - 0, 0), Rect(511, 0 - 569, 80), Rect(0, 0 - 0, 0), Rect(0, 0 - 0, 0)]} cutoutPathParserInfo={CutoutPathParserInfo{displayWidth=1080 displayHeight=2340 physicalDisplayWidth=1080 physicalDisplayHeight=2340 density={2.8125} cutoutSpec={M 0,0 M 0,7.822222222222222‬‬ a 10.31111111111111‬,10.31111111111111‬ 0 1,0 0,20.62222222222222‬ a 10.31111111111111‬,10.31111111111111‬ 0 1,0 0,-20.62222222222222‬ Z @dp} rotation={0} scale={1.0} physicalPixelDisplaySizeRatio={1.0}}} sideOverrides={}}, mRoundedCorners=RoundedCorners{[RoundedCorner{position=TopLeft, radius=113, center=Point(113, 113)}, RoundedCorner{position=TopRight, radius=113, center=Point(967, 113)}, RoundedCorner{position=BottomRight, radius=113, center=Point(967, 2227)}, RoundedCorner{position=BottomLeft, radius=113, center=Point(113, 2227)}]}  mRoundedCornerFrame=Rect(0, 0 - 1080, 2340), mPrivacyIndicatorBounds=PrivacyIndicatorBounds {static bounds=Rect(956, 0 - 1080, 80) rotation=0}, mDisplayShape=DisplayShape{ spec=-311912193 displayWidth=1080 displayHeight=2340 physicalPixelDisplaySizeRatio=1.0 rotation=0 offsetX=0 offsetY=0 scale=1.0}, mSources= { InsetsSource: {b9640000 mType=statusBars mFrame=[0,0][1080,80] mVisible=true mFlags= mSideHint=TOP mBoundingRects=null}, InsetsSource: {b9640005 mType=mandatorySystemGestures mFrame=[0,0][1080,114] mVisible=true mFlags= mSideHint=TOP mBoundingRects=null}, InsetsSource: {b9640006 mType=tappableElement mFrame=[0,0][1080,80] mVisible=true mFlags= mSideHint=TOP mBoundingRects=null}, InsetsSource: {d8440001 mType=navigationBars mFrame=[0,2298][1080,2340] mVisible=true mFlags=SUPPRESS_SCRIM mSideHint=BOTTOM mBoundingRects=null}, InsetsSource: {d8440004 mType=systemGestures mFrame=[0,0][63,2340] mVisible=true mFlags= mSideHint=LEFT mBoundingRects=null}, InsetsSource: {d8440005 mType=mandatorySystemGestures mFrame=[0,2250][1080,2340] mVisible=true mFlags= mSideHint=BOTTOM mBoundingRects=null}, InsetsSource: {d8440006 mType=tappableElement mFrame=[0,0][0,0] mVisible=true mFlags= mSideHint=NONE mBoundingRects=null}, InsetsSource: {d8440024 mType=systemGestures mFrame=[1017,0][1080,2340] mVisible=true mFlags= mSideHint=RIGHT mBoundingRects=null}, InsetsSource: {3 mType=ime mFrame=[0,0][0,0] mVisible=false mFlags= mSideHint=NONE mBoundingRects=null}, InsetsSource: {27 mType=displayCutout mFrame=[0,0][1080,80] mVisible=true mFlags= mSideHint=TOP mBoundingRects=null} }
08-13 16:19:59.130  5596  5596 I VRI[ComponentActivity]@c0e418e: synced displayState. AttachInfo displayState=2
08-13 16:19:59.131  2742  2742 I HoneySpace.WorkspaceViewModel: StartContentAnimation, type: AppClose, inProgress: false
08-13 16:19:59.131  2742  2742 I HoneySpace.HomescreenPot: playContentAnimator end, skip alpha: false, paramType = AppClose, state = com.honeyspace.sdk.HomeScreen$Normal@5a264ca -> com.honeyspace.sdk.HomeScreen$Normal@5a264ca
08-13 16:19:59.131  2742  2742 I StickerOperator: restoreOverlapStickers, 0, 171236902
08-13 16:19:59.131  2742  2742 I HoneySpace.SPayHandler: updateSpayHandler launcher activity is paused false
08-13 16:19:59.131  2742  2742 I HoneySpace.HoneyScreenManagerImpl: transitionAnimator is ended, onCancel: false
08-13 16:19:59.131  2742  2742 I HoneySpace.ContentsAnimator: ContentsAnimator end [26310792]
08-13 16:19:59.132  2742  2742 I HoneySpace.RectFAnimation: animateToFinalPosition RectF(455.94, 1782.3094, 624.06, 1947.5145)
08-13 16:19:59.132  2742  2742 I HoneySpace.RectFAnimation: animateToFinalPosition RectF(457.94525, 1784.3572, 622.05475, 1944.6399)
08-13 16:19:59.132  2742  2100 I HoneySpace.RecentTasks: onRecentTasksChanged
08-13 16:19:59.132  2127  2938 D VRI[cupcake]@1afc534: Received frameDrawingCallback syncResult=0 frameNum=1.
08-13 16:19:59.133  5596  5596 I VRI[ComponentActivity]@c0e418e: setView = com.android.internal.policy.DecorView@792c945 IsHRR=false TM=true
08-13 16:19:59.134  2742  2108 I HoneySpace.RecentTasks: onRecentTasksChanged
08-13 16:19:59.135  5596  5687 D HWUI    : HWUI - treat SMPTE_170M as sRGB
08-13 16:19:59.135  2127  2938 I VRI[cupcake]@1afc534: mWNT: t=0xb400007609203210 mBlastBufferQueue=0xb400007519148310 fn= 1 HdrRenderState mRenderHdrSdrRatio=1.0 caller= android.view.ViewRootImpl$11.onFrameDraw:15016 android.view.ThreadedRenderer$1.onFrameDraw:761 <bottom of call stack>
08-13 16:19:59.135  2127  2938 I VRI[cupcake]@1afc534: Setting up sync and frameCommitCallback
08-13 16:19:59.135  2127  2390 I BLASTBufferQueue: [VRI[cupcake]@1afc534#13539](f:0,a:0,s:0) onFrameAvailable the first frame is available
08-13 16:19:59.136 21624 21938 I Rubin   : [92] com.samsung.android.rubin.inferenceengine.contextanalytics.engine.monitors.moment.exercise.ExercisingWithCmhMonitor.isSatisfiedByCmh(Unknown Source) : isSatisfiedByCmh is false
08-13 16:19:59.136  2127  2390 I VRI[cupcake]@1afc534: Received frameCommittedCallback lastAttemptedDrawFrameNum=1 didProduceBuffer=true
08-13 16:19:59.136  1111  1163 I SurfaceFlinger: [Splash Screen com.example.cupcake$_2127#233849] setTransactionState with the first frame. bufferData(ID: 9135395538274, frameNumber: 1)
08-13 16:19:59.137  2127  2390 D HWUI    : CFMS:: SetUp Pid : 2127    Tid : 2390
08-13 16:19:59.137  2127  2334 D VRI[cupcake]@1afc534: reportDrawFinished seqId=0
08-13 16:19:59.140  1282  4376 V WindowManager: Relayout Window{ebb4998 u0 com.example.cupcake/androidx.activity.ComponentActivity}: viewVisibility=0 req=1080x2340 ty=1 d0
08-13 16:19:59.140  1111  1730 I SurfaceFlinger: id=233851 createSurf, flag=44004, com.example.cupcake/androidx.activity.ComponentActivity$_5596#233851
08-13 16:19:59.141  2742  4754 I VRI[LauncherActivity]@3489192: mWNT: t=0xb4000076091d2e50 mBlastBufferQueue=0xb4000075191609b0 fn= 30 HdrRenderState mRenderHdrSdrRatio=1.0 caller= com.android.systemui.shared.launcher.ViewRootImplCompat.mergeWithNextTransaction:4 com.honeyspace.transition.utils.SurfaceTransactionApplier.scheduleApply$lambda$1:26 com.honeyspace.transition.utils.SurfaceTransactionApplier.b:0
08-13 16:19:59.143  2742  2742 I HoneySpace.RectFAnimation: animateToFinalPosition RectF(457.94525, 1788.6494, 622.05475, 1948.9321)
08-13 16:19:59.143  2742  2742 I HoneySpace.RectFAnimation: animateToFinalPosition RectF(459.1463, 1789.876, 620.8537, 1947.2104)
08-13 16:19:59.148  2742  1824 I HoneySpace.HistoryViewModel@160600677@OneUI: Illegal access. Unknown type. skip load history items
08-13 16:19:59.149  1111  1162 I SurfaceFlinger: id=233852 createSurf, flag=24000, Surface(name=8a94d40 NavigationBar0)/@0x65d636d - animation-leash of insets_animation#233852
08-13 16:19:59.150  1111  1111 I SurfaceFlinger: [com.example.cupcake/androidx.activity.ComponentActivity$_5596#233851] attach to parent LayerHierarchy{RequestedLayerState{ebb4998 com.example.cupcake/androidx.activity.ComponentActivity#233850 parentId=233847} 1 children}
08-13 16:19:59.150  1111  1111 I SurfaceFlinger: [Surface(name=8a94d40 NavigationBar0)/@0x65d636d - animation-leash of insets_animation#233852] attach to parent LayerHierarchy{RequestedLayerState{WindowToken{4aa5472 type=2019 android.os.BinderProxy@bd187d4}#87 parentId=31} 2 children}
08-13 16:19:59.152  1111  1223 I SurfaceFlinger: id=233853 createSurf, flag=24000, Surface(name=e0324bb StatusBar)/@0x8487ff0 - animation-leash of insets_animation#233853
08-13 16:19:59.155  1282  4376 I SystemKeyManager: requested systemKeyInfo size=2 focusedWindow=com.example.cupcake/androidx.activity.ComponentActivity
08-13 16:19:59.155  1282  4376 V WindowManager: Relayout hash=ebb4998, pid=5596, syncId=-1: mAttrs={(0,0)(fillxfill) sim={adjust=pan forwardNavigation} layoutInDisplayCutoutMode=always ty=BASE_APPLICATION wanim=0x1030312
08-13 16:19:59.155  1282  4376 V WindowManager:   fl=81810100
08-13 16:19:59.155  1282  4376 V WindowManager:   pfl=100088c0
08-13 16:19:59.155  1282  4376 V WindowManager:   apr=210
08-13 16:19:59.155  1282  4376 V WindowManager:   bhv=1
08-13 16:19:59.155  1282  4376 V WindowManager:   fitSides=0
08-13 16:19:59.155  1282  4376 V WindowManager:   frameRateBoostOnTouch=true
08-13 16:19:59.155  1282  4376 V WindowManager:   dvrrWindowFrameRateHint=true naviIconColor=0}
08-13 16:19:59.158  5596  5596 I BLASTBufferQueue_Java: new BLASTBufferQueue, mName= VRI[ComponentActivity]@c0e418e mNativeObject= 0xb4000075190d3fb0 sc.mNativeObject= 0xb4000076190bf210 caller= android.view.ViewRootImpl.updateBlastSurfaceIfNeeded:3397 android.view.ViewRootImpl.relayoutWindow:11361 android.view.ViewRootImpl.performTraversals:4544 android.view.ViewRootImpl.doTraversal:3708 android.view.ViewRootImpl$TraversalRunnable.run:12542 android.view.Choreographer$CallbackRecord.run:1751 android.view.Choreographer$CallbackRecord.run:1760 android.view.Choreographer.doCallbacks:1216 android.view.Choreographer.doFrame:1142 android.view.Choreographer$FrameDisplayEventReceiver.run:1707
08-13 16:19:59.158  5596  5596 I BLASTBufferQueue_Java: update, w= 1080 h= 2340 mName = VRI[ComponentActivity]@c0e418e mNativeObject= 0xb4000075190d3fb0 sc.mNativeObject= 0xb4000076190bf210 format= -1 caller= android.graphics.BLASTBufferQueue.<init>:88 android.view.ViewRootImpl.updateBlastSurfaceIfNeeded:3397 android.view.ViewRootImpl.relayoutWindow:11361 android.view.ViewRootImpl.performTraversals:4544 android.view.ViewRootImpl.doTraversal:3708 android.view.ViewRootImpl$TraversalRunnable.run:12542
08-13 16:19:59.159  5596  5596 I VRI[ComponentActivity]@c0e418e: Relayout returned: old=(0,0,1080,2340) new=(0,0,1080,2340) relayoutAsync=false req=(1080,2340)0 dur=17 res=0x3 s={true 0xb4000075e9189ed0} ch=true seqId=0
08-13 16:19:59.159  2742  2742 I ImeFocusController: onPreWindowFocus: skipped hasWindowFocus=false mHasImeFocus=true
08-13 16:19:59.160  5596  5596 I VRI[ComponentActivity]@c0e418e: performConfigurationChange setNightDimText nightDimLevel=0
08-13 16:19:59.160  5596  5596 D VRI[ComponentActivity]@c0e418e: mThreadedRenderer.initialize() mSurface={isValid=true 0xb4000075e9189ed0} hwInitialized=true
08-13 16:19:59.161  1111  1111 I SurfaceFlinger: [LayerHierarchy{RequestedLayerState{8a94d40 NavigationBar0#88 parentId=233852} 1 children}] reparent to LayerHierarchy{RequestedLayerState{Surface(name=8a94d40 NavigationBar0)/@0x65d636d - animation-leash of insets_animation#233852 parentId=87} 1 children}
08-13 16:19:59.161  2742  2742 I ImeFocusController: onPostWindowFocus: skipped hasWindowFocus=false mHasImeFocus=true
08-13 16:19:59.161  1111  1111 I SurfaceFlinger: [LayerHierarchy{RequestedLayerState{e0324bb StatusBar#95 parentId=233853} 1 children}] reparent to LayerHierarchy{RequestedLayerState{Surface(name=e0324bb StatusBar)/@0x8487ff0 - animation-leash of insets_animation#233853 parentId=94} 1 children}
08-13 16:19:59.161  1111  1111 I SurfaceFlinger: [LayerHierarchy{RequestedLayerState{Surface(name=e0324bb StatusBar)/@0x8487ff0 - animation-leash of insets_animation#233837} no children}] reparent to OffscreenRoot
08-13 16:19:59.161  1111  1111 I SurfaceFlinger: [LayerHierarchy{RequestedLayerState{Surface(name=e0324bb StatusBar)/@0x8487ff0 - animation-leash of insets_animation#233837} no children}] RelativeParent to null
08-13 16:19:59.161  1111  1111 I SurfaceFlinger: [LayerHierarchy{RequestedLayerState{Surface(name=8a94d40 NavigationBar0)/@0x65d636d - animation-leash of insets_animation#233836} no children}] reparent to OffscreenRoot
08-13 16:19:59.161  1111  1111 I SurfaceFlinger: [LayerHierarchy{RequestedLayerState{Surface(name=8a94d40 NavigationBar0)/@0x65d636d - animation-leash of insets_animation#233836} no children}] RelativeParent to null
08-13 16:19:59.161  1111  1111 I SurfaceFlinger: [Surface(name=e0324bb StatusBar)/@0x8487ff0 - animation-leash of insets_animation#233853] attach to parent LayerHierarchy{RequestedLayerState{WindowToken{b8fcd4a type=2000 android.os.BinderProxy@ecaaeec}#94 parentId=19} 1 children}
08-13 16:19:59.161  5596  5596 D VRI[ComponentActivity]@c0e418e: reportNextDraw android.view.ViewRootImpl.performTraversals:5193 android.view.ViewRootImpl.doTraversal:3708 android.view.ViewRootImpl$TraversalRunnable.run:12542 android.view.Choreographer$CallbackRecord.run:1751 android.view.Choreographer$CallbackRecord.run:1760
08-13 16:19:59.162  5596  5596 D VRI[ComponentActivity]@c0e418e: Setup new sync=wmsSync-VRI[ComponentActivity]@c0e418e#18
08-13 16:19:59.162  5596  5596 I VRI[ComponentActivity]@c0e418e: Creating new active sync group VRI[ComponentActivity]@c0e418e#19
08-13 16:19:59.162  2742  2742 I HoneySpace.RectFAnimation: animateToFinalPosition RectF(459.1463, 1795.5461, 620.8537, 1952.8806)
08-13 16:19:59.162  2742  2742 I HoneySpace.RectFAnimation: animateToFinalPosition RectF(460.7873, 1796.568, 619.2127, 1951.4464)
08-13 16:19:59.162  5596  5596 D VRI[ComponentActivity]@c0e418e: registerCallbacksForSync syncBuffer=false
08-13 16:19:59.162  2742  2887 I HoneySpace.TopTaskSource: onTaskMovedToFront : taskId = 2235, displayId = 0
08-13 16:19:59.164  2742  4755 I VRI[LauncherActivity]@3489192: mWNT: t=0xb40000760926e510 mBlastBufferQueue=0xb4000075191609b0 fn= 31 HdrRenderState mRenderHdrSdrRatio=1.0 caller= com.android.systemui.shared.launcher.ViewRootImplCompat.mergeWithNextTransaction:4 com.honeyspace.transition.utils.SurfaceTransactionApplier.scheduleApply$lambda$1:26 com.honeyspace.transition.utils.SurfaceTransactionApplier.b:0
08-13 16:19:59.164  5596  5711 D VRI[ComponentActivity]@c0e418e: Received frameDrawingCallback syncResult=0 frameNum=1.
08-13 16:19:59.165  5596  5711 I VRI[ComponentActivity]@c0e418e: mWNT: t=0xb4000076091042d0 mBlastBufferQueue=0xb4000075190d3fb0 fn= 1 HdrRenderState mRenderHdrSdrRatio=1.0 caller= android.view.ViewRootImpl$11.onFrameDraw:15016 android.view.ThreadedRenderer$1.onFrameDraw:761 <bottom of call stack>
08-13 16:19:59.165  5596  5711 I VRI[ComponentActivity]@c0e418e: Setting up sync and frameCommitCallback
08-13 16:19:59.167  2742  2889 I HoneySpace.TopTaskUseCase: topTaskId 2235, DisplayId : 0
08-13 16:19:59.167  1111  1162 I SurfaceFlinger: id=233854 createSurf, flag=84004, Transition Root: Task=2235#233854
08-13 16:19:59.168  2742  2100 I HoneySpace.HistoryViewModel@160600677@OneUI: Illegal access. Unknown type. skip load history items
08-13 16:19:59.171  2742  2742 I HoneySpace.RectFAnimation: animateToFinalPosition RectF(460.7873, 1798.5942, 619.2127, 1953.4727)
08-13 16:19:59.171  2742  2742 I HoneySpace.RectFAnimation: animateToFinalPosition RectF(461.4062, 1798.8925, 618.5938, 1953.0541)
08-13 16:19:59.171  2742  2887 I HoneySpace.TopTaskSource: onTaskFocusChanged(): taskId = 2235
08-13 16:19:59.171  2742  2887 I HoneySpace.TopTaskSource: onTaskMovedToFront : taskId = 2235, displayId = 0
08-13 16:19:59.171  2742  4754 I VRI[LauncherActivity]@3489192: mWNT: t=0xb4000076091d0610 mBlastBufferQueue=0xb4000075191609b0 fn= 32 HdrRenderState mRenderHdrSdrRatio=1.0 caller= com.android.systemui.shared.launcher.ViewRootImplCompat.mergeWithNextTransaction:4 com.honeyspace.transition.utils.SurfaceTransactionApplier.scheduleApply$lambda$1:26 com.honeyspace.transition.utils.SurfaceTransactionApplier.b:0
08-13 16:19:59.171  5596  5687 I BLASTBufferQueue: [VRI[ComponentActivity]@c0e418e#9](f:0,a:0,s:0) onFrameAvailable the first frame is available
08-13 16:19:59.172  5596  5687 I VRI[ComponentActivity]@c0e418e: Received frameCommittedCallback lastAttemptedDrawFrameNum=1 didProduceBuffer=true
08-13 16:19:59.172  1111  1162 I SurfaceFlinger: [com.example.cupcake/androidx.activity.ComponentActivity$_5596#233851] setTransactionState with the first frame. bufferData(ID: 24034636988452, frameNumber: 1)
08-13 16:19:59.173  1282  1447 I SurfaceControlRegistry: show, t=StartTransaction_SyncId<20547> sc=ActivityRecord{4d69c20 u0 com.example.cupcake/androidx.activity.ComponentActivity t2235}, caller=android.view.SurfaceControl$Transaction.show:3232 com.android.server.wm.Transition.onTransactionReady:2273 com.android.server.wm.BLASTSyncEngine$SyncGroup.finishNow:195 com.android.server.wm.BLASTSyncEngine.onSurfacePlacement:269 com.android.server.wm.RootWindowContainer.performSurfacePlacementNoTrace:459 com.android.server.wm.RootWindowContainer.performSurfacePlacement:9
08-13 16:19:59.173  5596  5687 D HWUI    : CFMS:: SetUp Pid : 5596    Tid : 5687
08-13 16:19:59.173  5596  5596 D VRI[ComponentActivity]@c0e418e: reportDrawFinished seqId=0
08-13 16:19:59.174  5596  5596 I InsetsSourceConsumer: applyRequestedVisibilityToControl: visible=true, type=navigationBars, host=com.example.cupcake/androidx.activity.ComponentActivity
08-13 16:19:59.174  5596  5596 I InsetsSourceConsumer: applyRequestedVisibilityToControl: visible=true, type=statusBars, host=com.example.cupcake/androidx.activity.ComponentActivity
08-13 16:19:59.177  1111  1111 I SurfaceFlinger: [Transition Root: Task=2235#233854] attach to parent LayerHierarchy{RequestedLayerState{DefaultTaskDisplayArea_d0#11 parentId=10} 9 children}
08-13 16:19:59.180 22781 22781 I bmex    : onPause
08-13 16:19:59.183  1111  1162 I SurfaceFlinger: id=233836 Removed Surface(name=8a94d40 NavigationBar0)/@0x65d636d - animation-leash of insets_animation#233836 (203)
08-13 16:19:59.183  2742  4755 I VRI[LauncherActivity]@3489192: mWNT: t=0xb4000076091b9850 mBlastBufferQueue=0xb4000075191609b0 fn= 33 HdrRenderState mRenderHdrSdrRatio=1.0 caller= com.android.systemui.shared.launcher.ViewRootImplCompat.mergeWithNextTransaction:4 com.honeyspace.transition.utils.SurfaceTransactionApplier.scheduleApply$lambda$1:26 com.honeyspace.transition.utils.SurfaceTransactionApplier.b:0
08-13 16:19:59.184  1111  1162 I SurfaceFlinger: id=233837 Removed Surface(name=e0324bb StatusBar)/@0x8487ff0 - animation-leash of insets_animation#233837 (203)
08-13 16:19:59.184  2742  2742 I HoneySpace.RectFAnimation: animateToFinalPosition RectF(461.4062, 1801.3392, 618.5938, 1955.5009)
08-13 16:19:59.185  2742  2742 I HoneySpace.RectFAnimation: animateToFinalPosition RectF(462.20486, 1801.7239, 617.79517, 1954.9607)
08-13 16:19:59.189  1111  1111 I SurfaceFlinger: destroyed Surface(name=e0324bb StatusBar)/@0x8487ff0 - animation-leash of insets_animation#233837
08-13 16:19:59.189  1111  1111 I SurfaceFlinger: destroyed Surface(name=8a94d40 NavigationBar0)/@0x65d636d - animation-leash of insets_animation#233836
08-13 16:19:59.190  2127  2303 I SurfaceControlRegistry: hide, t=FinishTransaction_SyncId<20547> sc=Task=1, caller=android.view.SurfaceControl$Transaction.hide:3258 com.android.wm.shell.transition.Transitions.dispatchReady:929 com.android.wm.shell.transition.Transitions.onTransitionReady:244 com.android.wm.shell.transition.Transitions$TransitionPlayerImpl$$ExternalSyntheticLambda0.run:13 android.os.Handler.handleCallback:959 android.os.Handler.dispatchMessage:100
08-13 16:19:59.190  2127  2303 I SurfaceControlRegistry: show, t=StartTransaction_SyncId<20547> sc=Task=2235, caller=android.view.SurfaceControl$Transaction.show:3232 com.android.wm.shell.transition.Transitions.dispatchReady:934 com.android.wm.shell.transition.Transitions.onTransitionReady:244 com.android.wm.shell.transition.Transitions$TransitionPlayerImpl$$ExternalSyntheticLambda0.run:13 android.os.Handler.handleCallback:959 android.os.Handler.dispatchMessage:100
08-13 16:19:59.190  2127  2303 I SurfaceControlRegistry: show, t=FinishTransaction_SyncId<20547> sc=Task=2235, caller=android.view.SurfaceControl$Transaction.show:3232 com.android.wm.shell.transition.Transitions.dispatchReady:988 com.android.wm.shell.transition.Transitions.onTransitionReady:244 com.android.wm.shell.transition.Transitions$TransitionPlayerImpl$$ExternalSyntheticLambda0.run:13 android.os.Handler.handleCallback:959 android.os.Handler.dispatchMessage:100
08-13 16:19:59.191  1111  1111 I Layer   : id=233837 Destroyed Surface(name=e0324bb StatusBar)/@0x8487ff0 - animation-leash of insets_animation#233837
08-13 16:19:59.191  1111  1111 I Layer   : id=233836 Destroyed Surface(name=8a94d40 NavigationBar0)/@0x65d636d - animation-leash of insets_animation#233836
08-13 16:19:59.191  1111  1162 I SurfaceFlinger: id=233855 createSurf, flag=84000, c7a9052 ActivityRecordInputSink com.example.cupcake/androidx.activity.ComponentActivity#233855
08-13 16:19:59.193  2742  6279 I HoneySpace.ShellAnimationRunner: onAnimationCancelled
08-13 16:19:59.197  1282  1447 I SemDvfsHyPerManager: acquire hyper - AMS_RESUME_TAIL/1282@22, type = -999
08-13 16:19:59.197  2127  2303 I SurfaceControlRegistry: apply, t=FinishTransaction_SyncId<20546>, caller=android.view.SurfaceControl$Transaction.apply:3135 android.view.SurfaceControl$Transaction.apply:3122 android.view.SurfaceControl$Transaction.apply:3078 com.android.wm.shell.transition.Transitions.onFinish:308 com.android.wm.shell.transition.Transitions$$ExternalSyntheticLambda8.onTransitionFinished:10 com.android.wm.shell.transition.RemoteTransitionHandler$1$$ExternalSyntheticLambda0.run:78
08-13 16:19:59.197  1282  1447 I SemDvfsHyPerManager: acquire hyper - AMS_ACT_LAZY/1282@23, type = -999
08-13 16:19:59.197  1062  1149 I HYPER-HAL: [RequestManager.cpp]acquire(): Acquired ID : 850882  [1282 / 22]    HINT : AMS_RESUME_TAIL    list :
08-13 16:19:59.197  2742  2742 I HoneySpace.RectFAnimation: animateToFinalPosition RectF(462.20486, 1803.3416, 617.79517, 1956.5784)
08-13 16:19:59.197  2742  2742 I HoneySpace.RectFAnimation: animateToFinalPosition RectF(462.79727, 1803.627, 617.20276, 1956.1777)
08-13 16:19:59.199  2742  4754 I VRI[LauncherActivity]@3489192: mWNT: t=0xb40000760910bb90 mBlastBufferQueue=0xb4000075191609b0 fn= 34 HdrRenderState mRenderHdrSdrRatio=1.0 caller= com.android.systemui.shared.launcher.ViewRootImplCompat.mergeWithNextTransaction:4 com.honeyspace.transition.utils.SurfaceTransactionApplier.scheduleApply$lambda$1:26 com.honeyspace.transition.utils.SurfaceTransactionApplier.b:0
08-13 16:19:59.201  1062  1149 I HYPER-HAL: [RequestManager.cpp]releaseLocked(): Released ID : 856112
08-13 16:19:59.202  1282  1443 I PkgPredictorService-SecIpmManagerServiceImpl: reportToNAP uid:10418 com.example.cupcake/androidx.activity.ComponentActivity thisTime:199
08-13 16:19:59.202  1282  1443 D PkgPredictorService-SecIpmManagerServiceImpl: reportToNAP: mHeavyLaunchCounter is false
08-13 16:19:59.202  1111  1111 I SurfaceFlinger: Layer [Task=2234#233820] hidden!! flag(1)
08-13 16:19:59.202  1111  1111 I SurfaceFlinger: [LayerHierarchy{RequestedLayerState{Task=1#52 parentId=11} 2 children}] reparent to LayerHierarchy{RequestedLayerState{DefaultTaskDisplayArea_d0#11 parentId=10} 10 children}
08-13 16:19:59.202  1111  1111 I SurfaceFlinger: [LayerHierarchy{RequestedLayerState{WallpaperWindowToken{b638ffb token=android.os.Binder@64ddd8a}#74 parentId=9 z=1} 1 children}] reparent to LayerHierarchy{RequestedLayerState{Leaf:1:1#9 parentId=8} 2 children}
08-13 16:19:59.202  1111  1111 I SurfaceFlinger: [LayerHierarchy{RequestedLayerState{Task=2234#233820 parentId=11 z=4} 1 children}] reparent to LayerHierarchy{RequestedLayerState{DefaultTaskDisplayArea_d0#11 parentId=10} 11 children}
08-13 16:19:59.202  1111  1111 I SurfaceFlinger: [LayerHierarchy{RequestedLayerState{Transition Root: Task=1#233838} 2 children}] reparent to OffscreenRoot
08-13 16:19:59.202  1111  1111 I SurfaceFlinger: [LayerHierarchy{RequestedLayerState{Transition Root: Task=1#233838} 2 children}] RelativeParent to null
08-13 16:19:59.202  1111  1111 I SurfaceFlinger: [c7a9052 ActivityRecordInputSink com.example.cupcake/androidx.activity.ComponentActivity#233855] attach to parent LayerHierarchy{RequestedLayerState{ActivityRecord{4d69c20 u0 com.example.cupcake/androidx.activity.ComponentActivity t2235}#233847 parentId=233846} 3 children}
08-13 16:19:59.205  1111  1111 I SurfaceFlinger: id=233822 Removed a769aa5 Splash Screen com.example.cupcake.test#233822 (202)
08-13 16:19:59.208  5736  5736 I VRI[InstrumentationActivityInvoker$EmptyActivity]@32da486: handleAppVisibility mAppVisible = true visible = false
08-13 16:19:59.208  5736  5736 D VRI[InstrumentationActivityInvoker$EmptyActivity]@32da486: visibilityChanged oldVisibility=true newVisibility=false
08-13 16:19:59.209  2127  2127 I {OngoingActivityController}: onTaskFocusChanged focused:false, baseActivity:ComponentInfo{com.sec.android.app.launcher/com.sec.android.app.launcher.Launcher}
08-13 16:19:59.213  2742  2742 I HoneySpace.ShellAnimationRunner: finishExistingAnimation, com.honeyspace.transition.anim.AnimationResult@56419fa
08-13 16:19:59.213  2742  2742 I HoneySpace.AnimationResult: finish, false
08-13 16:19:59.213  2742  2742 I HoneySpace.AppCloseAnimationDelegate: onAnimationCancelled
08-13 16:19:59.213  1282  1443 I ActivityTaskManager: Displayed com.example.cupcake/androidx.activity.ComponentActivity for user 0: +199ms
08-13 16:19:59.213  2127  2127 I {OngoingActivityController}: onTaskFocusChanged focused:true, baseActivity:ComponentInfo{com.example.cupcake/androidx.activity.ComponentActivity}
08-13 16:19:59.214  2742  2742 I HoneySpace.RectFAnimation: animateToFinalPosition RectF(462.79727, 1804.9126, 617.20276, 1957.4634)
08-13 16:19:59.214  2742  4755 I VRI[LauncherActivity]@3489192: mWNT: t=0xb4000076092844d0 mBlastBufferQueue=0xb4000075191609b0 fn= 35 HdrRenderState mRenderHdrSdrRatio=1.0 caller= com.android.systemui.shared.launcher.ViewRootImplCompat.mergeWithNextTransaction:4 com.honeyspace.transition.utils.SurfaceTransactionApplier.scheduleApply$lambda$1:26 com.honeyspace.transition.utils.SurfaceTransactionApplier.b:0
08-13 16:19:59.214  2742  2742 I HoneySpace.RectFAnimation: animateToFinalPosition RectF(463.36832, 1805.1877, 616.6317, 1957.0771)
08-13 16:19:59.215  2742 10793 I HoneySpace.AnimationResult: asyncFinishRunnable run
08-13 16:19:59.216  3157  3157 E pageboostd: Received HALT command code 2
08-13 16:19:59.217  1111  1111 D SurfaceFlinger: Display 4633128672291735932 HWC layers:
08-13 16:19:59.217  1111  1111 D SurfaceFlinger:        DEVICE |   0xb4000079e28c6110 | 0000 | RGBA_8888    |   12.0   26.0 1068.0 2314.0 |    0    0 1080 2340 | Wallpaper BBQ wrapper 5_system#82 (19)
08-13 16:19:59.217  1111  1111 D SurfaceFlinger:        DEVICE |   0xb4000079e28a7550 | 0001 | RGBA_8888    |    0.0    0.0 1080.0 2340.0 |    0    0 1080 2340 | com.sec.android.app.launcher/com.sec[...]vities.LauncherActivity$_2742#233835 (32)
08-13 16:19:59.217  1111  1111 D SurfaceFlinger:        DEVICE |   0xb4000079e28c9c90 | 0001 | RGBA_8888    |    0.0    0.0 1080.0   80.0 |    0    0 1080   80 | StatusBar$_2127#106 (79567)
08-13 16:19:59.217  1111  1111 D SurfaceFlinger:        DEVICE |   0xb4000079e2935310 | 0001 | RGBA_8888    |    0.0    0.0 1080.0  135.0 |    0 2205 1080 2340 | NavigationBar0$_2127#101 (129964)
08-13 16:19:59.217  1111  1111 D SurfaceFlinger:        DEVICE |   0xb4000079e28ad3d0 | 0001 | RGBA_8888    |    0.0  249.0 1034.0  827.0 |   46    0 1080  578 | $_4855#233489 (393)
08-13 16:19:59.217  1111  1111 D SurfaceFlinger:
08-13 16:19:59.218  1111  1209 D SurfaceFlinger: [input] setFocusedWindow: ebb4998 com.example.cupcake/androidx.activity.ComponentActivity
08-13 16:19:59.218  1111  1111 I SurfaceFlinger: Layer [ActivityRecord{4d69c20 u0 com.exampl[...]vity.ComponentActivity t2235}#233847] hidden!! flag(0)
08-13 16:19:59.218  1111  1111 I SurfaceFlinger: Layer [Transition Root: Task=2235#233854] hidden!! flag(0)
08-13 16:19:59.218  1111  1111 I SurfaceFlinger: Layer [Splash Screen com.example.cupcake$_2127#233849] hidden!! flag(0)
08-13 16:19:59.218  1111  1111 I SurfaceFlinger: Layer [ebb4998 com.example.cupcake/androidx.activity.ComponentActivity#233850] hidden!! flag(0)
08-13 16:19:59.218  1111  1111 I SurfaceFlinger: Layer [57b9713 Splash Screen com.example.cupcake#233848] hidden!! flag(0)
08-13 16:19:59.218  1111  1111 I SurfaceFlinger: Layer [Task=2235#233846] hidden!! flag(0)
08-13 16:19:59.218  1111  1111 E SurfaceFlinger: alpha changed 1.000 -> 0.000 - Task=2235#233846
08-13 16:19:59.218  1111  1111 E SurfaceFlinger: alpha changed 0.000 -> 0.000 - Task=2235#233846
08-13 16:19:59.218  1111  1111 I SurfaceFlinger: Layer [com.example.cupcake.test/androidx.te[...]tyInvoker$EmptyActivity$_5736#233825] hidden!! flag(1)
08-13 16:19:59.218  1111  1111 I SurfaceFlinger: Layer [ActivityRecord{e7f583b u0 com.exampl[...]yInvoker$EmptyActivity t2234}#233821] hidden!! flag(1)
08-13 16:19:59.218  1282  3681 D InputDispatcher: Once focus requested (0): ebb4998 com.example.cupcake/androidx.activity.ComponentActivity
08-13 16:19:59.218  1111  1111 I SurfaceFlinger: destroyed a769aa5 Splash Screen com.example.cupcake.test#233822
08-13 16:19:59.218  1111  1111 I SurfaceFlinger: [LayerHierarchy{RequestedLayerState{Task=1#52 parentId=233854 z=3} 2 children}] reparent to LayerHierarchy{RequestedLayerState{Transition Root: Task=2235#233854 parentId=11 z=3} 1 children}
08-13 16:19:59.218  1282  3681 D InputDispatcher: Focus request (0): ebb4998 com.example.cupcake/androidx.activity.ComponentActivity but waiting because NO_WINDOW
08-13 16:19:59.218  1111  1111 I SurfaceFlinger: [LayerHierarchy{RequestedLayerState{WallpaperWindowToken{b638ffb token=android.os.Binder@64ddd8a}#74 parentId=233854 z=1} 1 children}] reparent to LayerHierarchy{RequestedLayerState{Transition Root: Task=2235#233854 parentId=11 z=3} 2 children}
08-13 16:19:59.218  1111  1111 I SurfaceFlinger: [LayerHierarchy{RequestedLayerState{Transition Root: Task=1#233838} 2 children}] reparent to OffscreenRoot
08-13 16:19:59.218  1111  1111 I SurfaceFlinger: [LayerHierarchy{RequestedLayerState{Transition Root: Task=1#233838} 2 children}] RelativeParent to null
08-13 16:19:59.218  1111  1111 I SurfaceFlinger: [LayerHierarchy{RequestedLayerState{Task=2235#233846 parentId=233854 z=7} 1 children}] reparent to LayerHierarchy{RequestedLayerState{Transition Root: Task=2235#233854 parentId=11 z=3} 3 children}
08-13 16:19:59.218  2127  2127 I {OngoingActivityDataHelper}: setBaseActivityComponentName:ComponentInfo{com.example.cupcake/androidx.activity.ComponentActivity}
08-13 16:19:59.219  2127  2127 D NavigationBar: onSystemBarAttributesChanged() -  displayId:0, appearance:512, packageName: com.example.cupcake (), navbarColorManagedByIme:false
08-13 16:19:59.219  2127  2127 D SysUiState: SysUiState changed: old=0x10000000 new=0x10020000
08-13 16:19:59.219  1111  1111 I Layer   : id=233822 Destroyed a769aa5 Splash Screen com.example.cupcake.test#233822
08-13 16:19:59.219  2127  2127 D NavigationBar: onSystemBarAttributesChanged() -  displayId:0, appearance:528, packageName: com.example.cupcake (APPEARANCE_LIGHT_NAVIGATION_BARS ), navbarColorManagedByIme:false
08-13 16:19:59.219  1111  1111 I SurfaceFlinger: id=233838 Removed Transition Root: Task=1#233838 (201)
08-13 16:19:59.222  2742  2742 I HoneySpace.Launcher: onEnterAnimationComplete
08-13 16:19:59.222  2742  2742 I HoneySpace.AnimationResult: completeCallback run
08-13 16:19:59.222  2127  2127 D SamsungLightBarControlHelper: updateStatusBar (BLACK icon) numStacks:1, StatusBarMode:MODE_TRANSPARENT, lightBarBounds:[Rect(0, 0 - 1080, 2340)], StatusBarState:SHADE, packageName:, isWhiteKeyguardStatusBar:false
08-13 16:19:59.222  2742  2742 I HoneySpace.RectFAnimation: animateToFinalPosition RectF(463.36832, 1805.5889, 616.6317, 1957.4783)
08-13 16:19:59.222  2742  2742 I HoneySpace.RectFAnimation: animateToFinalPosition RectF(463.6, 1805.7004, 616.4, 1957.3218)
08-13 16:19:59.222  2127  2127 D SamsungLightBarControlHelper: onStatusBarAppearanceChanged() -  sbModeChanged:false, statusBarMode:0, barState:MODE_TRANSPARENT, isKeyguardShowing:false, navbarColorManagedByIme:false, (AppearanceRegion{LIGHT_STATUS_BARS bounds=[0,0][1080,2340]}, )
08-13 16:19:59.222  2742  1823 I HoneySpace.RecentTasks: onRecentTasksChanged
08-13 16:19:59.223  5736  5756 D HWUI    : CacheManager::trimMemory(20)
08-13 16:19:59.223  2742  2108 I HoneySpace.SystemUiRepository: systemUiFlags: allow_gesture|awake
08-13 16:19:59.224  2742  4754 I VRI[LauncherActivity]@3489192: mWNT: t=0xb40000760926dfd0 mBlastBufferQueue=0xb4000075191609b0 fn= 36 HdrRenderState mRenderHdrSdrRatio=1.0 caller= com.android.systemui.shared.launcher.ViewRootImplCompat.mergeWithNextTransaction:4 com.honeyspace.transition.utils.SurfaceTransactionApplier.scheduleApply$lambda$1:26 com.honeyspace.transition.utils.SurfaceTransactionApplier.b:0
08-13 16:19:59.224  1111  1223 I SurfaceFlinger: id=233856 createSurf, flag=24000, Surface(name=ebb4998 com.example.cupcake/androidx.activity.ComponentActivity)/@0xac0970e - animation-leash of starting_reveal#233856
08-13 16:19:59.225  1111  1111 I SurfaceFlinger: destroyed Transition Root: Task=1#233838
08-13 16:19:59.225  1111  1111 I SurfaceFlinger: [Surface(name=ebb4998 com.example.cupcake/androidx.activity.ComponentActivity)/@0xac0970e - animation-leash of starting_reveal#233856] attach to parent LayerHierarchy{RequestedLayerState{ActivityRecord{4d69c20 u0 com.example.cupcake/androidx.activity.ComponentActivity t2235}#233847 parentId=233846} 4 children}
08-13 16:19:59.226  1111  1111 I Layer   : id=233838 Destroyed Transition Root: Task=1#233838
08-13 16:19:59.235  2742  2742 I HoneySpace.RectFAnimation: animateToFinalPosition RectF(463.6, 1806.087, 616.4, 1957.7084)
08-13 16:19:59.236  2742  2742 I HoneySpace.RectFAnimation: animateToFinalPosition RectF(463.93494, 1806.2484, 616.06506, 1957.4818)
08-13 16:19:59.239  1282  4902 V WindowManager: Relayout Window{33a6f91 u0 com.example.cupcake.test/androidx.test.core.app.InstrumentationActivityInvoker$EmptyActivity}: viewVisibility=8 req=1080x2340 ty=1 d0
08-13 16:19:59.239  2742  4755 I VRI[LauncherActivity]@3489192: mWNT: t=0xb400007609214690 mBlastBufferQueue=0xb4000075191609b0 fn= 37 HdrRenderState mRenderHdrSdrRatio=1.0 caller= com.android.systemui.shared.launcher.ViewRootImplCompat.mergeWithNextTransaction:4 com.honeyspace.transition.utils.SurfaceTransactionApplier.scheduleApply$lambda$1:26 com.honeyspace.transition.utils.SurfaceTransactionApplier.b:0
08-13 16:19:59.242  1111  1111 E SurfaceFlinger: alpha changed 0.000 -> 0.160 - Task=2235#233846
08-13 16:19:59.242  1111  1111 I SurfaceFlinger: Layer [com.example.cupcake/androidx.activity.ComponentActivity$_5596#233851] hidden!! flag(0)
08-13 16:19:59.247  1282  4902 V WindowManager: Relayout hash=33a6f91, pid=5736, syncId=-1: mAttrs={(0,0)(fillxfill) sim={adjust=pan forwardNavigation} layoutInDisplayCutoutMode=always ty=BASE_APPLICATION
08-13 16:19:59.247  1282  4902 V WindowManager:   fl=81810100
08-13 16:19:59.247  1282  4902 V WindowManager:   pfl=100088c0
08-13 16:19:59.247  1282  4902 V WindowManager:   bhv=1
08-13 16:19:59.247  1282  4902 V WindowManager:   fitSides=0
08-13 16:19:59.247  1282  4902 V WindowManager:   frameRateBoostOnTouch=true
08-13 16:19:59.247  1282  4902 V WindowManager:   dvrrWindowFrameRateHint=true naviIconColor=0}
08-13 16:19:59.248  2742  2885 I HoneySpace.TaskbarEventTracker: invokeEvent() called with: event = SystemUiStateChanged(stateFlags=268566528)
08-13 16:19:59.248  2742  2742 I HoneySpace.RectFAnimation: animateToFinalPosition RectF(463.93494, 1806.3138, 616.06506, 1957.5472)
08-13 16:19:59.249  2742  2742 I HoneySpace.RectFAnimation: animateToFinalPosition RectF(464.1794, 1806.4316, 615.82056, 1957.3818)
08-13 16:19:59.250  2742  4754 I VRI[LauncherActivity]@3489192: mWNT: t=0xb400007609239b50 mBlastBufferQueue=0xb4000075191609b0 fn= 38 HdrRenderState mRenderHdrSdrRatio=1.0 caller= com.android.systemui.shared.launcher.ViewRootImplCompat.mergeWithNextTransaction:4 com.honeyspace.transition.utils.SurfaceTransactionApplier.scheduleApply$lambda$1:26 com.honeyspace.transition.utils.SurfaceTransactionApplier.b:0
08-13 16:19:59.254  1111  1111 D SurfaceFlinger: Display 4633128672291735932 HWC layers:
08-13 16:19:59.254  1111  1111 D SurfaceFlinger:        DEVICE |   0xb4000079e28c6110 | 0000 | RGBA_8888    |    0.0    0.0 1080.0 2340.0 |    0    0 1080 2340 | Wallpaper BBQ wrapper 5_system#82 (19)
08-13 16:19:59.254  1111  1111 D SurfaceFlinger:        DEVICE |   0xb4000079e293dd50 | 0001 | RGBA_8888    |    0.0    0.0 1080.0 2340.0 |    0    0 1080 2340 | com.sec.android.app.launcher/com.sec[...]vities.LauncherActivity$_2742#233835 (35)
08-13 16:19:59.254  1111  1111 D SurfaceFlinger:        CLIENT |   0xb4000079e28d4490 | 0001 | RGBA_8888    |    0.0    0.0 1080.0 2340.0 |   66  144 1014 2196 | com.example.cupcake/androidx.activity.ComponentActivity$_5596#233851 (1)
08-13 16:19:59.254  1111  1111 D SurfaceFlinger:        CLIENT |   0xb4000079e29220d0 | 0001 | RGBA_8888    |    0.0    0.0 1080.0 2340.0 |   66  144 1014 2196 | Splash Screen com.example.cupcake$_2127#233849 (1)
08-13 16:19:59.254  1111  1111 D SurfaceFlinger:        DEVICE |   0xb4000079e28bb590 | 0001 | RGBA_8888    |    0.0    0.0 1080.0   80.0 |    0    0 1080   80 | StatusBar$_2127#106 (79568)
08-13 16:19:59.254  1111  1111 D SurfaceFlinger:        DEVICE |   0xb4000079e293aa90 | 0001 | RGBA_8888    |    0.0    0.0 1080.0  135.0 |    0 2205 1080 2340 | NavigationBar0$_2127#101 (12996
08-13 16:19:59.254  1111  1111 D SurfaceFlinger: 5)
08-13 16:19:59.254  1111  1111 D SurfaceFlinger:        DEVICE |   0xb4000079e28ad3d0 | 0001 | RGBA_8888    |    0.0  249.0 1034.0  827.0 |   46    0 1080  578 | $_4855#233489 (393)
08-13 16:19:59.254  1111  1111 D SurfaceFlinger:
08-13 16:19:59.255  2127  2303 D ShellTaskOrganizer: removeStartingWindow, removalInfo=StartingWindowRemovalInfo{taskId=2235 frame=Rect(0, 0 - 1080, 2340) playRevealAnimation=true roundedCornerRadius=0.0 deferRemoveMode=0 windowlessSurface=false removeImmediately=false}
08-13 16:19:59.262  1282  3084 D InputDispatcher: Focus entered window (0): ebb4998 com.example.cupcake/androidx.activity.ComponentActivity
08-13 16:19:59.262  2742  1823 I HoneySpace.HistoryViewModel@160600677@OneUI: Illegal access. Unknown type. skip load history items
08-13 16:19:59.263  1282  1447 I SurfaceControl: apply, lowDebugName=CreateStartingRevealAnim, caller=android.view.SurfaceControl$Transaction.apply:3122 android.view.SurfaceControl$Transaction.apply:3078 com.android.server.wm.WindowAnimator.animate:380 com.android.server.wm.WindowAnimator$$ExternalSyntheticLambda1.doFrame:14 android.view.Choreographer$CallbackRecord.run:1749 android.view.Choreographer$CallbackRecord.run:1760
08-13 16:19:59.265  2742  2742 I HoneySpace.RectFAnimation: animateToFinalPosition RectF(464.1794, 1806.194, 615.82056, 1957.1442)
08-13 16:19:59.265  2742  2742 I HoneySpace.RectFAnimation: animateToFinalPosition RectF(464.42313, 1806.3114, 615.5769, 1956.9794)
08-13 16:19:59.266  1282  1444 D PkgPredictorService-SecIpmManagerServiceImpl: bg information pid:5736 uid:10419 pkgName:com.example.cupcake.test
08-13 16:19:59.267  5596  5596 D VRI[ComponentActivity]@c0e418e: mThreadedRenderer.initializeIfNeeded()#2 mSurface={isValid=true 0xb4000075e9189ed0}
08-13 16:19:59.267  5596  5596 D InputMethodManagerUtils: startInputInner - Id : 0
08-13 16:19:59.267  5596  5596 I InputMethodManager: startInputInner - IInputMethodManagerGlobalInvoker.startInputOrWindowGainedFocus
08-13 16:19:59.267  2742  4755 I VRI[LauncherActivity]@3489192: mWNT: t=0xb4000076091b9310 mBlastBufferQueue=0xb4000075191609b0 fn= 39 HdrRenderState mRenderHdrSdrRatio=1.0 caller= com.android.systemui.shared.launcher.ViewRootImplCompat.mergeWithNextTransaction:4 com.honeyspace.transition.utils.SurfaceTransactionApplier.scheduleApply$lambda$1:26 com.honeyspace.transition.utils.SurfaceTransactionApplier.b:0
08-13 16:19:59.273  5736  5736 I VRI[InstrumentationActivityInvoker$EmptyActivity]@32da486: Relayout returned: old=(0,0,1080,2340) new=(0,0,1080,2340) relayoutAsync=false req=(1080,2340)8 dur=46 res=0x2 s={false 0x0} ch=true seqId=0
08-13 16:19:59.273  5736  5736 D VRI[InstrumentationActivityInvoker$EmptyActivity]@32da486: Not drawing due to not visible. Reason=!mAppVisible && !mForceDecorViewVisibility
08-13 16:19:59.274  1282  1696 I ImeTracker: com.example.cupcake:445bc09d: onRequestHide at ORIGIN_SERVER reason HIDE_UNSPECIFIED_WINDOW fromUser false
08-13 16:19:59.275  2127  2937 I VRI[cupcake]@1afc534: mWNT: t=0xb400007609298350 mBlastBufferQueue=0xb400007519148310 fn= 2 HdrRenderState mRenderHdrSdrRatio=1.0 caller= android.view.SyncRtSurfaceTransactionApplier.applyTransaction:96 android.view.SyncRtSurfaceTransactionApplier.lambda$scheduleApply$0:69 android.view.SyncRtSurfaceTransactionApplier.$r8$lambda$afI4fXg3U3-nBZQEDQMiNy-B06s:0
08-13 16:19:59.275  1282  1696 I ImeTracker: com.example.cupcake:445bc09d: onCancelled at PHASE_SERVER_SHOULD_HIDE
08-13 16:19:59.275  2127  2937 I VRI[cupcake]@1afc534: mWNT: t=0xb400007609208d10 mBlastBufferQueue=0xb400007519148310 fn= 2 HdrRenderState mRenderHdrSdrRatio=1.0 caller= android.view.SyncRtSurfaceTransactionApplier.applyTransaction:96 android.view.SyncRtSurfaceTransactionApplier.lambda$scheduleApply$0:69 android.view.SyncRtSurfaceTransactionApplier.$r8$lambda$afI4fXg3U3-nBZQEDQMiNy-B06s:0
08-13 16:19:59.275  2742  1821 I HoneySpace.RecentTasks: onRecentTasksChanged
08-13 16:19:59.275  5736  5756 D HWUI    : CacheManager::trimMemory(40)
08-13 16:19:59.277  1111  1111 I SurfaceFlinger: [LayerHierarchy{RequestedLayerState{ebb4998 com.example.cupcake/androidx.activity.ComponentActivity#233850 parentId=233856} 1 children}] reparent to LayerHierarchy{RequestedLayerState{Surface(name=ebb4998 com.example.cupcake/androidx.activity.ComponentActivity)/@0xac0970e - animation-leash of starting_reveal#233856 parentId=233847} 1 children}
08-13 16:19:59.277  1282  1696 D InputTransport: Input channel constructed: 'ClientS', fd=1027
08-13 16:19:59.277  1282  1696 D InputTransport: Input channel destroyed: 'ClientS', fd=1027
