08-13 16:19:57.293  5596  5677 I TestRunner: started: cupcakeNavHost_clickCancelOnPickupScreen_navigatesToStartOrderScreen(com.example.cupcake.test.CupcakeScreenNavigationTest)
08-13 16:19:57.295  1111  1111 I SurfaceFlinger: destroyed 9366d16 ActivityRecordInputSink com.example.cupcake/androidx.activity.ComponentActivity#233783
08-13 16:19:57.295  1111  1111 I SurfaceFlinger: destroyed Task=2231#233807
08-13 16:19:57.295  1111  1111 I SurfaceFlinger: destroyed com.example.cupcake/androidx.activity.ComponentActivity$_5596#233779
08-13 16:19:57.295  1111  1111 I SurfaceFlinger: destroyed b8e167 com.example.cupcake/androidx.activity.ComponentActivity#233778
08-13 16:19:57.295  1111  1111 I SurfaceFlinger: destroyed ActivityRecord{cba1084 u0 com.example.cupcake/androidx.activity.ComponentActivity t2231}#233775
08-13 16:19:57.296  2742  2887 I HoneySpace.TopTaskSource: onTaskRemoved: 2231
08-13 16:19:57.297  1111  1111 I Layer   : id=233783 Destroyed 9366d16 ActivityRecordInputSink com.example.cupcake/androidx.activity.ComponentActivity#233783
08-13 16:19:57.297  1111  1111 I Layer   : id=233807 Destroyed Task=2231#233807
08-13 16:19:57.297  1111  1111 I Layer   : id=233775 Destroyed ActivityRecord{cba1084 u0 com.example.cupcake/androidx.activity.ComponentActivity t2231}#233775
08-13 16:19:57.298  1111  1111 I Layer   : id=233779 Destroyed com.example.cupcake/androidx.activity.ComponentActivity$_5596#233779
08-13 16:19:57.298  1111  1111 I Layer   : id=233778 Destroyed b8e167 com.example.cupcake/androidx.activity.ComponentActivity#233778
08-13 16:19:57.301  5596  5677 D IdlingRegistry: Registering idling resources: [androidx.compose.ui.test.EspressoLink@4848102]
08-13 16:19:57.304  5596  5677 W Settings: Setting always_finish_activities has moved from android.provider.Settings.System to android.provider.Settings.Global, returning read-only value.
08-13 16:19:57.310  4855  4855 I [SC_ScreenRecorder]_FloatingButtonView: 00:00:24
08-13 16:19:57.311  1282  3179 V GrammaticalInflectionUtils: AttributionSource: AttributionSource { uid = 10418, packageName = null, attributionTag = null, token = android.os.Binder@88f1d92, deviceId = 0, next = null } does not have READ_SYSTEM_GRAMMATICAL_GENDER permission.
08-13 16:19:57.312  1282  2936 I SemDvfsHyPerManager: acquire hyper - AMS_APP_SWITCH/1282@26, type = -999
08-13 16:19:57.313  1111  1732 I SurfaceFlinger: id=233808 createSurf, flag=24004, Task=2233#233808
08-13 16:19:57.313  1062  1149 I HYPER-HAL: [RequestManager.cpp]acquire(): Acquired ID : 856112  [1282 / 26]    HINT : AMS_APP_SWITCH    list :
08-13 16:19:57.315  1111  1732 I SurfaceFlinger: id=233809 createSurf, flag=84004, ActivityRecord{ca13702 u0 com.example.cupcake/androidx.activity.ComponentActivity t2233}#233809
08-13 16:19:57.315  4368  4368 I SemDvfsHyPerManager: acquire hyper - APP_START_SHORT/4368@14, type = -999
08-13 16:19:57.316  1062  1149 I HYPER-HAL: [RequestManager.cpp]acquire(): Acquired ID : 9603167  [4368 / 14]    HINT : APP_START    list : [TIMEOUT / 1500]
08-13 16:19:57.324  1111  1111 I SurfaceFlinger: [Task=2233#233808] attach to parent LayerHierarchy{RequestedLayerState{DefaultTaskDisplayArea_d0#11 parentId=10} 8 children}
08-13 16:19:57.324  1111  1111 I SurfaceFlinger: [ActivityRecord{ca13702 u0 com.example.cupcake/androidx.activity.ComponentActivity t2233}#233809] attach to parent LayerHierarchy{RequestedLayerState{Task=2233#233808 parentId=11} 1 children}
08-13 16:19:57.324  1282  3179 I SemDvfsHyPerManager: acquire hyper - AMS_APP_LAUNCH/1282@21, type = -999
08-13 16:19:57.325  1062  1149 I HYPER-HAL: [RequestManager.cpp]acquire(): Acquired ID : 849577  [1282 / 21]    HINT : AMS_APP_LAUNCH    list :
08-13 16:19:57.325  1244  6944 I CameraService: onUidStateChanged: uid=10043, procState is changed. (0 -> 1)
08-13 16:19:57.325  2127  2334 I ViewRootImpl: dVRR is disabled
08-13 16:19:57.326  3157  3157 E pageboostd: Received HALT command code 2
08-13 16:19:57.326  2742  2742 I HoneySpace.CapturedBlurManager: capturedBlurView: pause(25347631)
08-13 16:19:57.326  2127  2390 D NativeCustomFrequencyManager: [NativeCFMS] BpCustomFrequencyManager::BpCustomFrequencyManager()
08-13 16:19:57.326  2742  2742 I HoneySpace.Launcher: !@Boot_EBS_D: Launcher.onPause()
08-13 16:19:57.326  2742  1823 I HoneySpace.SPayHandler: updateSpayHandler launcher activity is paused false
08-13 16:19:57.327  2742  2742 I HoneySpace.Launcher: updateLauncherShowing true -> false
08-13 16:19:57.331  2742  1821 I HoneySpace.RecentTasks: onRecentTasksChanged
08-13 16:19:57.331  2742  2101 I HoneySpace.RecentTasks: onRecentTasksChanged
08-13 16:19:57.332  4368  4368 I SemDvfsHyPerManager: acquire hyper - APP_START/4368@16, type = -999
08-13 16:19:57.333  1282  3681 D InputDispatcher: Focused application(0): ActivityRecord{ca13702 u0 com.example.cupcake/androidx.activity.ComponentActivity t2233}
08-13 16:19:57.333  1062  1149 I HYPER-HAL: [RequestManager.cpp]acquire(): Acquired ID : 9611936  [4368 / 16]    HINT : APP_START    list :
08-13 16:19:57.333  1111  1111 I BpBinder: onLastStrongRef automatically unlinking death recipients:
08-13 16:19:57.335  1282  1745 D GraphicsStatsService: requestRenderEngineFor(com.example.cupcake)
08-13 16:19:57.337  2742  2887 I HoneySpace.TopTaskSource: onTaskMovedToFront : taskId = 2233, displayId = 0
08-13 16:19:57.338  2742  2889 I HoneySpace.TopTaskUseCase: topTaskId 2233, DisplayId : 0
08-13 16:19:57.342  2742  1823 I HoneySpace.HistoryViewModel@160600677@OneUI: Illegal access. Unknown type. skip load history items
08-13 16:19:57.343  1282  1967 D AS.MultiSoundManager: mForegroundUid = 10418
08-13 16:19:57.344  1282  1444 D PkgPredictorService-SecIpmManagerServiceImpl: onForegroundActivitiesChanged pid:5596 uid:10418
08-13 16:19:57.345  5596  5596 D LifecycleMonitor: Lifecycle status change: androidx.activity.ComponentActivity@4920581 in: PRE_ON_CREATE
08-13 16:19:57.345  1282  1444 D NetworkPolicy: already checked 10418
08-13 16:19:57.345  5596  5596 V ActivityScenario: Activity lifecycle changed event received but ignored because the reported transition was not ON_CREATE while the last known transition was PRE_ON_CREATE
08-13 16:19:57.346  2742  1821 I HoneySpace.HistoryViewModel@160600677@OneUI: Illegal access. Unknown type. skip load history items
08-13 16:19:57.348  5596  5596 I DecorView: setWindowBackground: isPopOver=false color=fffafafa d=android.graphics.drawable.ColorDrawable@7232eb2
08-13 16:19:57.349  1111  1111 I SurfaceFlinger: [LayerHierarchy{RequestedLayerState{ImeContainer#16 parentId=123 relativeParentId=123 z=1} 1 children}] RelativeParent to null
08-13 16:19:57.349  5596  5596 D LifecycleMonitor: Lifecycle status change: androidx.activity.ComponentActivity@4920581 in: CREATED
08-13 16:19:57.349  1282  3179 D InputTransport: Input channel constructed: 'bb7968b', fd=932
08-13 16:19:57.349  1282  3179 D InputTransport: Input channel constructed: 'bb7968b', fd=981
08-13 16:19:57.349  5596  5596 V ActivityScenario: Update currentActivityStage to CREATED, currentActivity=androidx.activity.ComponentActivity@4920581
08-13 16:19:57.349  1282  3179 D InputTransport: Input channel constructed: 'bb7968b', fd=1007
08-13 16:19:57.350  1111  1732 I SurfaceFlinger: id=233810 createSurf, flag=84004, bb7968b Splash Screen com.example.cupcake#233810
08-13 16:19:57.350  5596  5596 D LifecycleMonitor: Lifecycle status change: androidx.activity.ComponentActivity@4920581 in: STARTED
08-13 16:19:57.350  5596  5596 V ActivityScenario: Update currentActivityStage to STARTED, currentActivity=androidx.activity.ComponentActivity@4920581
08-13 16:19:57.351  5596  5596 D LifecycleMonitor: Lifecycle status change: androidx.activity.ComponentActivity@4920581 in: RESUMED
08-13 16:19:57.351  5596  5596 V ActivityScenario: Update currentActivityStage to RESUMED, currentActivity=androidx.activity.ComponentActivity@4920581
08-13 16:19:57.352  1282  3179 D InputTransport: Input channel destroyed: 'bb7968b', fd=1007
08-13 16:19:57.353  5596  5596 I ViewRootImpl: dVRR is disabled
08-13 16:19:57.353  2742  2887 I HoneySpace.TopTaskSource: onTaskFocusChanged(): taskId = 2233
08-13 16:19:57.354  2742  2887 I HoneySpace.TopTaskSource: onTaskMovedToFront : taskId = 2233, displayId = 0
08-13 16:19:57.355  5596  5687 D NativeCustomFrequencyManager: [NativeCFMS] BpCustomFrequencyManager::BpCustomFrequencyManager()
08-13 16:19:57.355 21624 21938 I Rubin   : [92] U9.g.x(Unknown Source) : Notify com.samsung.android.rubin.inferenceengine.contextanalytics.engine.loggers.AppUsageLogger's database is updated.
08-13 16:19:57.355  2127  2334 D InputTransport: Input channel constructed: 'bb7968b', fd=522
08-13 16:19:57.355  1111  1209 D SurfaceFlinger: [input] setFocusedWindow: <null>
08-13 16:19:57.356  2127  2334 I InsetsController: onStateChanged: host=Splash Screen com.example.cupcake, from=android.view.ViewRootImpl.setView:1999, state=InsetsState: {mDisplayFrame=Rect(0, 0 - 1080, 2340), mDisplayCutout=DisplayCutout{insets=Rect(0, 80 - 0, 0) waterfall=Insets{left=0, top=0, right=0, bottom=0} boundingRect={Bounds=[Rect(0, 0 - 0, 0), Rect(511, 0 - 569, 80), Rect(0, 0 - 0, 0), Rect(0, 0 - 0, 0)]} cutoutPathParserInfo={CutoutPathParserInfo{displayWidth=1080 displayHeight=2340 physicalDisplayWidth=1080 physicalDisplayHeight=2340 density={2.8125} cutoutSpec={M 0,0 M 0,7.822222222222222‬‬ a 10.31111111111111‬,10.31111111111111‬ 0 1,0 0,20.62222222222222‬ a 10.31111111111111‬,10.31111111111111‬ 0 1,0 0,-20.62222222222222‬ Z @dp} rotation={0} scale={1.0} physicalPixelDisplaySizeRatio={1.0}}} sideOverrides={}}, mRoundedCorners=RoundedCorners{[RoundedCorner{position=TopLeft, radius=113, center=Point(113, 113)}, RoundedCorner{position=TopRight, radius=113, center=Point(967, 113)}, RoundedCorner{position=BottomRight, radius=113, center=Point(967, 2227)}, RoundedCorner{position=BottomLeft, radius=113, center=Point(113, 2227)}]}  mRoundedCornerFrame=Rect(0, 0 - 1080, 2340), mPrivacyIndicatorBounds=PrivacyIndicatorBounds {static bounds=Rect(956, 0 - 1080, 80) rotation=0}, mDisplayShape=DisplayShape{ spec=-311912193 displayWidth=1080 displayHeight=2340 physicalPixelDisplaySizeRatio=1.0 rotation=0 offsetX=0 offsetY=0 scale=1.0}, mSources= { InsetsSource: {b9640000 mType=statusBars mFrame=[0,0][1080,80] mVisible=true mFlags= mSideHint=TOP mBoundingRects=null}, InsetsSource: {b9640005 mType=mandatorySystemGestures mFrame=[0,0][1080,114] mVisible=true mFlags= mSideHint=TOP mBoundingRects=null}, InsetsSource: {b9640006 mType=tappableElement mFrame=[0,0][1080,80] mVisible=true mFlags= mSideHint=TOP mBoundingRects=null}, InsetsSource: {d8440001 mType=navigationBars mFrame=[0,2298][1080,2340] mVisible=true mFlags=SUPPRESS_SCRIM mSideHint=BOTTOM mBoundingRects=null}, InsetsSource: {d8440004 mType=systemGestures mFrame=[0,0][63,2340] mVisible=true mFlags= mSideHint=LEFT mBoundingRects=null}, InsetsSource: {d8440005 mType=mandatorySystemGestures mFrame=[0,2250][1080,2340] mVisible=true mFlags= mSideHint=BOTTOM mBoundingRects=null}, InsetsSource: {d8440006 mType=tappableElement mFrame=[0,0][0,0] mVisible=true mFlags= mSideHint=NONE mBoundingRects=null}, InsetsSource: {d8440024 mType=systemGestures mFrame=[1017,0][1080,2340] mVisible=true mFlags= mSideHint=RIGHT mBoundingRects=null}, InsetsSource: {3 mType=ime mFrame=[0,0][0,0] mVisible=false mFlags= mSideHint=NONE mBoundingRects=null}, InsetsSource: {27 mType=displayCutout mFrame=[0,0][1080,80] mVisible=true mFlags= mSideHint=TOP mBoundingRects=null} }
08-13 16:19:57.356  1282  3179 D InputDispatcher: Focus left window (0): c2c214a com.sec.android.app.launcher/com.sec.android.app.launcher.activities.LauncherActivity
08-13 16:19:57.356  2127  2127 I {OngoingActivityController}: onTaskFocusChanged focused:false, baseActivity:ComponentInfo{com.sec.android.app.launcher/com.sec.android.app.launcher.Launcher}
08-13 16:19:57.356  2127  2334 I VRI[cupcake]@6a437b2: synced displayState. AttachInfo displayState=2
08-13 16:19:57.358  2127  2127 I {OngoingActivityController}: onTaskFocusChanged focused:true, baseActivity:ComponentInfo{com.example.cupcake/androidx.activity.ComponentActivity}
08-13 16:19:57.358  1282  4902 D InputTransport: Input channel constructed: '43eac26', fd=1007
08-13 16:19:57.358  1282  4902 D InputTransport: Input channel constructed: '43eac26', fd=1018
08-13 16:19:57.358  2742  2742 I ImeFocusController: onPreWindowFocus: skipped hasWindowFocus=false mHasImeFocus=true
08-13 16:19:57.359  1282  1745 D InputDispatcher: Once focus requested (0): <null>
08-13 16:19:57.359  1282  4902 D InputTransport: Input channel constructed: '43eac26', fd=1020
08-13 16:19:57.359  1111  1732 I SurfaceFlinger: id=233811 createSurf, flag=84004, 43eac26 com.example.cupcake/androidx.activity.ComponentActivity#233811
08-13 16:19:57.359  2742  2742 I ImeFocusController: onPostWindowFocus: skipped hasWindowFocus=false mHasImeFocus=true
08-13 16:19:57.362  1282  4902 D InputTransport: Input channel destroyed: '43eac26', fd=1020
08-13 16:19:57.362  5596  5596 D InputTransport: Input channel constructed: '43eac26', fd=98
08-13 16:19:57.363  2127  2127 I {OngoingActivityDataHelper}: setBaseActivityComponentName:ComponentInfo{com.example.cupcake/androidx.activity.ComponentActivity}
08-13 16:19:57.363  5596  5596 I InsetsController: onStateChanged: host=com.example.cupcake/androidx.activity.ComponentActivity, from=android.view.ViewRootImpl.setView:1999, state=InsetsState: {mDisplayFrame=Rect(0, 0 - 1080, 2340), mDisplayCutout=DisplayCutout{insets=Rect(0, 80 - 0, 0) waterfall=Insets{left=0, top=0, right=0, bottom=0} boundingRect={Bounds=[Rect(0, 0 - 0, 0), Rect(511, 0 - 569, 80), Rect(0, 0 - 0, 0), Rect(0, 0 - 0, 0)]} cutoutPathParserInfo={CutoutPathParserInfo{displayWidth=1080 displayHeight=2340 physicalDisplayWidth=1080 physicalDisplayHeight=2340 density={2.8125} cutoutSpec={M 0,0 M 0,7.822222222222222‬‬ a 10.31111111111111‬,10.31111111111111‬ 0 1,0 0,20.62222222222222‬ a 10.31111111111111‬,10.31111111111111‬ 0 1,0 0,-20.62222222222222‬ Z @dp} rotation={0} scale={1.0} physicalPixelDisplaySizeRatio={1.0}}} sideOverrides={}}, mRoundedCorners=RoundedCorners{[RoundedCorner{position=TopLeft, radius=113, center=Point(113, 113)}, RoundedCorner{position=TopRight, radius=113, center=Point(967, 113)}, RoundedCorner{position=BottomRight, radius=113, center=Point(967, 2227)}, RoundedCorner{position=BottomLeft, radius=113, center=Point(113, 2227)}]}  mRoundedCornerFrame=Rect(0, 0 - 1080, 2340), mPrivacyIndicatorBounds=PrivacyIndicatorBounds {static bounds=Rect(956, 0 - 1080, 80) rotation=0}, mDisplayShape=DisplayShape{ spec=-311912193 displayWidth=1080 displayHeight=2340 physicalPixelDisplaySizeRatio=1.0 rotation=0 offsetX=0 offsetY=0 scale=1.0}, mSources= { InsetsSource: {b9640000 mType=statusBars mFrame=[0,0][1080,80] mVisible=true mFlags= mSideHint=TOP mBoundingRects=null}, InsetsSource: {b9640005 mType=mandatorySystemGestures mFrame=[0,0][1080,114] mVisible=true mFlags= mSideHint=TOP mBoundingRects=null}, InsetsSource: {b9640006 mType=tappableElement mFrame=[0,0][1080,80] mVisible=true mFlags= mSideHint=TOP mBoundingRects=null}, InsetsSource: {d8440001 mType=navigationBars mFrame=[0,2298][1080,2340] mVisible=true mFlags=SUPPRESS_SCRIM mSideHint=BOTTOM mBoundingRects=null}, InsetsSource: {d8440004 mType=systemGestures mFrame=[0,0][63,2340] mVisible=true mFlags= mSideHint=LEFT mBoundingRects=null}, InsetsSource: {d8440005 mType=mandatorySystemGestures mFrame=[0,2250][1080,2340] mVisible=true mFlags= mSideHint=BOTTOM mBoundingRects=null}, InsetsSource: {d8440006 mType=tappableElement mFrame=[0,0][0,0] mVisible=true mFlags= mSideHint=NONE mBoundingRects=null}, InsetsSource: {d8440024 mType=systemGestures mFrame=[1017,0][1080,2340] mVisible=true mFlags= mSideHint=RIGHT mBoundingRects=null}, InsetsSource: {3 mType=ime mFrame=[0,0][0,0] mVisible=false mFlags= mSideHint=NONE mBoundingRects=null}, InsetsSource: {27 mType=displayCutout mFrame=[0,0][1080,80] mVisible=true mFlags= mSideHint=TOP mBoundingRects=null} }
08-13 16:19:57.363  5596  5596 I VRI[ComponentActivity]@f2e05ac: synced displayState. AttachInfo displayState=2
08-13 16:19:57.366  1111  1111 I SurfaceFlinger: [bb7968b Splash Screen com.example.cupcake#233810] attach to parent LayerHierarchy{RequestedLayerState{ActivityRecord{ca13702 u0 com.example.cupcake/androidx.activity.ComponentActivity t2233}#233809 parentId=233808} 1 children}
08-13 16:19:57.366  1111  1111 I SurfaceFlinger: [43eac26 com.example.cupcake/androidx.activity.ComponentActivity#233811] attach to parent LayerHierarchy{RequestedLayerState{ActivityRecord{ca13702 u0 com.example.cupcake/androidx.activity.ComponentActivity t2233}#233809 parentId=233808} 2 children}
08-13 16:19:57.366  2127  2334 I VRI[cupcake]@6a437b2: setView = android.widget.FrameLayout@9bec6ac IsHRR=false TM=true
08-13 16:19:57.367  2127  2390 D HWUI    : HWUI - treat SMPTE_170M as sRGB
08-13 16:19:57.369  5596  5596 I VRI[ComponentActivity]@f2e05ac: setView = com.android.internal.policy.DecorView@3b47a7b IsHRR=false TM=true
08-13 16:19:57.371  5596  5687 D HWUI    : HWUI - treat SMPTE_170M as sRGB
08-13 16:19:57.372  1282  4402 V WindowManager: Relayout Window{bb7968b u0 Splash Screen com.example.cupcake}: viewVisibility=0 req=1080x2340 ty=3 d0
08-13 16:19:57.372  1111  1162 I SurfaceFlinger: id=233812 createSurf, flag=44004, Splash Screen com.example.cupcake$_2127#233812
08-13 16:19:57.373 21624 21938 I Rubin   : [92] com.samsung.android.rubin.inferenceengine.contextanalytics.engine.monitors.moment.exercise.ExercisingWithCmhMonitor.isSatisfiedByCmh(Unknown Source) : isSatisfiedByCmh is false
08-13 16:19:57.375  1111  1111 I SurfaceFlinger: [Splash Screen com.example.cupcake$_2127#233812] attach to parent LayerHierarchy{RequestedLayerState{bb7968b Splash Screen com.example.cupcake#233810 parentId=233809 z=2147483647} 1 children}
08-13 16:19:57.379  1282  4402 V WindowManager: Relayout hash=bb7968b, pid=2127, syncId=-1: mAttrs={(0,0)(fillxfill) sim={adjust=pan} layoutInDisplayCutoutMode=always ty=APPLICATION_STARTING fmt=TRANSLUCENT wanim=0x1030312
08-13 16:19:57.379  1282  4402 V WindowManager:   fl=81030118
08-13 16:19:57.379  1282  4402 V WindowManager:   pfl=10000810
08-13 16:19:57.379  1282  4402 V WindowManager:   apr=18
08-13 16:19:57.379  1282  4402 V WindowManager:   bhv=1
08-13 16:19:57.379  1282  4402 V WindowManager:   fitSides=0
08-13 16:19:57.379  1282  4402 V WindowManager:   frameRateBoostOnTouch=true
08-13 16:19:57.379  1282  4402 V WindowManager:   dvrrWindowFrameRateHint=true naviIconColor=0}
08-13 16:19:57.380  1282  3179 V WindowManager: Relayout Window{43eac26 u0 com.example.cupcake/androidx.activity.ComponentActivity}: viewVisibility=0 req=1080x2340 ty=1 d0
08-13 16:19:57.380  1111  1162 I SurfaceFlinger: id=233813 createSurf, flag=44004, com.example.cupcake/androidx.activity.ComponentActivity$_5596#233813
08-13 16:19:57.386  2127  2334 I BLASTBufferQueue_Java: new BLASTBufferQueue, mName= VRI[cupcake]@6a437b2 mNativeObject= 0xb4000075191573b0 sc.mNativeObject= 0xb40000761912d310 caller= android.view.ViewRootImpl.updateBlastSurfaceIfNeeded:3397 android.view.ViewRootImpl.relayoutWindow:11361 android.view.ViewRootImpl.performTraversals:4544 android.view.ViewRootImpl.doTraversal:3708 android.view.ViewRootImpl$TraversalRunnable.run:12542 android.view.Choreographer$CallbackRecord.run:1751 android.view.Choreographer$CallbackRecord.run:1760 android.view.Choreographer.doCallbacks:1216 android.view.Choreographer.doFrame:1142 android.view.Choreographer$FrameDisplayEventReceiver.run:1707
08-13 16:19:57.386  2127  2334 I BLASTBufferQueue_Java: update, w= 1080 h= 2340 mName = VRI[cupcake]@6a437b2 mNativeObject= 0xb4000075191573b0 sc.mNativeObject= 0xb40000761912d310 format= -3 caller= android.graphics.BLASTBufferQueue.<init>:88 android.view.ViewRootImpl.updateBlastSurfaceIfNeeded:3397 android.view.ViewRootImpl.relayoutWindow:11361 android.view.ViewRootImpl.performTraversals:4544 android.view.ViewRootImpl.doTraversal:3708 android.view.ViewRootImpl$TraversalRunnable.run:12542
08-13 16:19:57.387  2127  2334 I VRI[cupcake]@6a437b2: Relayout returned: old=(0,0,1080,2340) new=(0,0,1080,2340) relayoutAsync=false req=(1080,2340)0 dur=14 res=0x3 s={true 0xb4000075e9680e20} ch=true seqId=0
08-13 16:19:57.387  1111  1732 I SurfaceFlinger: id=233814 createSurf, flag=24000, Surface(name=8a94d40 NavigationBar0)/@0x65d636d - animation-leash of insets_animation#233814
08-13 16:19:57.387  2127  2334 I VRI[cupcake]@6a437b2: performConfigurationChange setNightDimText nightDimLevel=0
08-13 16:19:57.388  2127  2334 D VRI[cupcake]@6a437b2: mThreadedRenderer.initialize() mSurface={isValid=true 0xb4000075e9680e20} hwInitialized=true
08-13 16:19:57.389  2127  2334 D VRI[cupcake]@6a437b2: reportNextDraw android.view.ViewRootImpl.performTraversals:5193 android.view.ViewRootImpl.doTraversal:3708 android.view.ViewRootImpl$TraversalRunnable.run:12542 android.view.Choreographer$CallbackRecord.run:1751 android.view.Choreographer$CallbackRecord.run:1760
08-13 16:19:57.389  2127  2334 D VRI[cupcake]@6a437b2: Setup new sync=wmsSync-VRI[cupcake]@6a437b2#4
08-13 16:19:57.389  2127  2334 I VRI[cupcake]@6a437b2: Creating new active sync group VRI[cupcake]@6a437b2#5
08-13 16:19:57.389  1111  1162 I SurfaceFlinger: id=233815 createSurf, flag=24000, Surface(name=e0324bb StatusBar)/@0x8487ff0 - animation-leash of insets_animation#233815
08-13 16:19:57.390  2127  2334 D VRI[cupcake]@6a437b2: registerCallbacksForSync syncBuffer=false
08-13 16:19:57.391  1111  1111 I SurfaceFlinger: [com.example.cupcake/androidx.activity.ComponentActivity$_5596#233813] attach to parent LayerHierarchy{RequestedLayerState{43eac26 com.example.cupcake/androidx.activity.ComponentActivity#233811 parentId=233809} 1 children}
08-13 16:19:57.391  1111  1111 I SurfaceFlinger: [Surface(name=8a94d40 NavigationBar0)/@0x65d636d - animation-leash of insets_animation#233814] attach to parent LayerHierarchy{RequestedLayerState{WindowToken{4aa5472 type=2019 android.os.BinderProxy@bd187d4}#87 parentId=31} 2 children}
08-13 16:19:57.391  1111  1111 I SurfaceFlinger: [Surface(name=e0324bb StatusBar)/@0x8487ff0 - animation-leash of insets_animation#233815] attach to parent LayerHierarchy{RequestedLayerState{WindowToken{b8fcd4a type=2000 android.os.BinderProxy@ecaaeec}#94 parentId=19} 2 children}
08-13 16:19:57.391  2127  2937 D VRI[cupcake]@6a437b2: Received frameDrawingCallback syncResult=0 frameNum=1.
08-13 16:19:57.391  2127  2937 I VRI[cupcake]@6a437b2: mWNT: t=0xb400007609288910 mBlastBufferQueue=0xb4000075191573b0 fn= 1 HdrRenderState mRenderHdrSdrRatio=1.0 caller= android.view.ViewRootImpl$11.onFrameDraw:15016 android.view.ThreadedRenderer$1.onFrameDraw:761 <bottom of call stack>
08-13 16:19:57.391  2127  2937 I VRI[cupcake]@6a437b2: Setting up sync and frameCommitCallback
08-13 16:19:57.392  1282  3179 I SystemKeyManager: requested systemKeyInfo size=2 focusedWindow=com.example.cupcake/androidx.activity.ComponentActivity
08-13 16:19:57.392  2127  2127 D NavigationBar: onSystemBarAttributesChanged() -  displayId:0, appearance:512, packageName: com.example.cupcake (), navbarColorManagedByIme:false
08-13 16:19:57.392  2127  2127 D SysUiState: SysUiState changed: old=0x10000000 new=0x10020000
08-13 16:19:57.392  1282  3179 V WindowManager: Relayout hash=43eac26, pid=5596, syncId=-1: mAttrs={(0,0)(fillxfill) sim={adjust=pan forwardNavigation} layoutInDisplayCutoutMode=always ty=BASE_APPLICATION wanim=0x1030312
08-13 16:19:57.392  1282  3179 V WindowManager:   fl=81810100
08-13 16:19:57.392  1282  3179 V WindowManager:   pfl=100088c0
08-13 16:19:57.392  1282  3179 V WindowManager:   apr=210
08-13 16:19:57.392  1282  3179 V WindowManager:   bhv=1
08-13 16:19:57.392  1282  3179 V WindowManager:   fitSides=0
08-13 16:19:57.392  1282  3179 V WindowManager:   frameRateBoostOnTouch=true
08-13 16:19:57.392  1282  3179 V WindowManager:   dvrrWindowFrameRateHint=true naviIconColor=0}
08-13 16:19:57.393  2742  2108 I HoneySpace.SystemUiRepository: systemUiFlags: allow_gesture|awake
08-13 16:19:57.394  5596  5596 I BLASTBufferQueue_Java: new BLASTBufferQueue, mName= VRI[ComponentActivity]@f2e05ac mNativeObject= 0xb4000075190cf190 sc.mNativeObject= 0xb4000076190bd650 caller= android.view.ViewRootImpl.updateBlastSurfaceIfNeeded:3397 android.view.ViewRootImpl.relayoutWindow:11361 android.view.ViewRootImpl.performTraversals:4544 android.view.ViewRootImpl.doTraversal:3708 android.view.ViewRootImpl$TraversalRunnable.run:12542 android.view.Choreographer$CallbackRecord.run:1751 android.view.Choreographer$CallbackRecord.run:1760 android.view.Choreographer.doCallbacks:1216 android.view.Choreographer.doFrame:1142 android.view.Choreographer$FrameDisplayEventReceiver.run:1707
08-13 16:19:57.394  5596  5596 I BLASTBufferQueue_Java: update, w= 1080 h= 2340 mName = VRI[ComponentActivity]@f2e05ac mNativeObject= 0xb4000075190cf190 sc.mNativeObject= 0xb4000076190bd650 format= -1 caller= android.graphics.BLASTBufferQueue.<init>:88 android.view.ViewRootImpl.updateBlastSurfaceIfNeeded:3397 android.view.ViewRootImpl.relayoutWindow:11361 android.view.ViewRootImpl.performTraversals:4544 android.view.ViewRootImpl.doTraversal:3708 android.view.ViewRootImpl$TraversalRunnable.run:12542
08-13 16:19:57.394  5596  5596 I VRI[ComponentActivity]@f2e05ac: Relayout returned: old=(0,0,1080,2340) new=(0,0,1080,2340) relayoutAsync=false req=(1080,2340)0 dur=14 res=0x3 s={true 0xb4000075e9125de0} ch=true seqId=0
08-13 16:19:57.395  5596  5596 I VRI[ComponentActivity]@f2e05ac: performConfigurationChange setNightDimText nightDimLevel=0
08-13 16:19:57.395  2742  2885 I HoneySpace.TaskbarEventTracker: invokeEvent() called with: event = SystemUiStateChanged(stateFlags=268566528)
08-13 16:19:57.396  5596  5596 D VRI[ComponentActivity]@f2e05ac: mThreadedRenderer.initialize() mSurface={isValid=true 0xb4000075e9125de0} hwInitialized=true
08-13 16:19:57.397  5596  5596 D VRI[ComponentActivity]@f2e05ac: reportNextDraw android.view.ViewRootImpl.performTraversals:5193 android.view.ViewRootImpl.doTraversal:3708 android.view.ViewRootImpl$TraversalRunnable.run:12542 android.view.Choreographer$CallbackRecord.run:1751 android.view.Choreographer$CallbackRecord.run:1760
08-13 16:19:57.397  5596  5596 D VRI[ComponentActivity]@f2e05ac: Setup new sync=wmsSync-VRI[ComponentActivity]@f2e05ac#16
08-13 16:19:57.397  5596  5596 I VRI[ComponentActivity]@f2e05ac: Creating new active sync group VRI[ComponentActivity]@f2e05ac#17
08-13 16:19:57.398  5596  5596 D VRI[ComponentActivity]@f2e05ac: registerCallbacksForSync syncBuffer=false
08-13 16:19:57.399  2127  2390 I BLASTBufferQueue: [VRI[cupcake]@6a437b2#13536](f:0,a:0,s:0) onFrameAvailable the first frame is available
08-13 16:19:57.399  5596  5712 D VRI[ComponentActivity]@f2e05ac: Received frameDrawingCallback syncResult=0 frameNum=1.
08-13 16:19:57.399  5596  5712 I VRI[ComponentActivity]@f2e05ac: mWNT: t=0xb4000076090f93d0 mBlastBufferQueue=0xb4000075190cf190 fn= 1 HdrRenderState mRenderHdrSdrRatio=1.0 caller= android.view.ViewRootImpl$11.onFrameDraw:15016 android.view.ThreadedRenderer$1.onFrameDraw:761 <bottom of call stack>
08-13 16:19:57.400  5596  5712 I VRI[ComponentActivity]@f2e05ac: Setting up sync and frameCommitCallback
08-13 16:19:57.401  2127  2390 I VRI[cupcake]@6a437b2: Received frameCommittedCallback lastAttemptedDrawFrameNum=1 didProduceBuffer=true
08-13 16:19:57.401  1111  1163 I SurfaceFlinger: [Splash Screen com.example.cupcake$_2127#233812] setTransactionState with the first frame. bufferData(ID: 9135395538254, frameNumber: 1)
08-13 16:19:57.402  2127  2390 D HWUI    : CFMS:: SetUp Pid : 2127    Tid : 2390
08-13 16:19:57.402  2127  2334 D VRI[cupcake]@6a437b2: reportDrawFinished seqId=0
08-13 16:19:57.405  5596  5687 I BLASTBufferQueue: [VRI[ComponentActivity]@f2e05ac#8](f:0,a:0,s:0) onFrameAvailable the first frame is available
08-13 16:19:57.406  5596  5687 I VRI[ComponentActivity]@f2e05ac: Received frameCommittedCallback lastAttemptedDrawFrameNum=1 didProduceBuffer=true
08-13 16:19:57.406  1111  1162 I SurfaceFlinger: [com.example.cupcake/androidx.activity.ComponentActivity$_5596#233813] setTransactionState with the first frame. bufferData(ID: 24034636988448, frameNumber: 1)
08-13 16:19:57.408  1111  1162 I SurfaceFlinger: id=233816 createSurf, flag=84004, Transition Root: Task=2233#233816
08-13 16:19:57.409  5596  5687 D HWUI    : CFMS:: SetUp Pid : 5596    Tid : 5687
08-13 16:19:57.409  1111  1111 I SurfaceFlinger: [LayerHierarchy{RequestedLayerState{8a94d40 NavigationBar0#88 parentId=233814} 1 children}] reparent to LayerHierarchy{RequestedLayerState{Surface(name=8a94d40 NavigationBar0)/@0x65d636d - animation-leash of insets_animation#233814 parentId=87} 1 children}
08-13 16:19:57.409  1111  1111 I SurfaceFlinger: [LayerHierarchy{RequestedLayerState{e0324bb StatusBar#95 parentId=233815} 1 children}] reparent to LayerHierarchy{RequestedLayerState{Surface(name=e0324bb StatusBar)/@0x8487ff0 - animation-leash of insets_animation#233815 parentId=94} 1 children}
08-13 16:19:57.409  1111  1111 I SurfaceFlinger: [LayerHierarchy{RequestedLayerState{Surface(name=e0324bb StatusBar)/@0x8487ff0 - animation-leash of insets_animation#233799} no children}] reparent to OffscreenRoot
08-13 16:19:57.409  1111  1111 I SurfaceFlinger: [LayerHierarchy{RequestedLayerState{Surface(name=e0324bb StatusBar)/@0x8487ff0 - animation-leash of insets_animation#233799} no children}] RelativeParent to null
08-13 16:19:57.409  1111  1111 I SurfaceFlinger: [LayerHierarchy{RequestedLayerState{Surface(name=8a94d40 NavigationBar0)/@0x65d636d - animation-leash of insets_animation#233798} no children}] reparent to OffscreenRoot
08-13 16:19:57.409  1111  1111 I SurfaceFlinger: [LayerHierarchy{RequestedLayerState{Surface(name=8a94d40 NavigationBar0)/@0x65d636d - animation-leash of insets_animation#233798} no children}] RelativeParent to null
08-13 16:19:57.409  1111  1111 I SurfaceFlinger: [Transition Root: Task=2233#233816] attach to parent LayerHierarchy{RequestedLayerState{DefaultTaskDisplayArea_d0#11 parentId=10} 9 children}
08-13 16:19:57.410  5596  5596 D VRI[ComponentActivity]@f2e05ac: reportDrawFinished seqId=0
08-13 16:19:57.413  5596  5596 I InsetsSourceConsumer: applyRequestedVisibilityToControl: visible=true, type=navigationBars, host=com.example.cupcake/androidx.activity.ComponentActivity
08-13 16:19:57.414  5596  5596 I InsetsSourceConsumer: applyRequestedVisibilityToControl: visible=true, type=statusBars, host=com.example.cupcake/androidx.activity.ComponentActivity
08-13 16:19:57.414  1282  1447 I SurfaceControlRegistry: show, t=StartTransaction_SyncId<20544> sc=ActivityRecord{ca13702 u0 com.example.cupcake/androidx.activity.ComponentActivity t2233}, caller=android.view.SurfaceControl$Transaction.show:3232 com.android.server.wm.Transition.onTransactionReady:2273 com.android.server.wm.BLASTSyncEngine$SyncGroup.finishNow:195 com.android.server.wm.BLASTSyncEngine.onSurfacePlacement:269 com.android.server.wm.RootWindowContainer.performSurfacePlacementNoTrace:459 com.android.server.wm.RootWindowContainer.performSurfacePlacement:9
08-13 16:19:57.415  1111  1732 I SurfaceFlinger: id=233798 Removed Surface(name=8a94d40 NavigationBar0)/@0x65d636d - animation-leash of insets_animation#233798 (189)
08-13 16:19:57.415  1111  1732 I SurfaceFlinger: id=233799 Removed Surface(name=e0324bb StatusBar)/@0x8487ff0 - animation-leash of insets_animation#233799 (189)
08-13 16:19:57.419  1111  1111 I SurfaceFlinger: destroyed Surface(name=e0324bb StatusBar)/@0x8487ff0 - animation-leash of insets_animation#233799
08-13 16:19:57.419  1111  1111 I SurfaceFlinger: destroyed Surface(name=8a94d40 NavigationBar0)/@0x65d636d - animation-leash of insets_animation#233798
08-13 16:19:57.419  1111  1111 I Layer   : id=233798 Destroyed Surface(name=8a94d40 NavigationBar0)/@0x65d636d - animation-leash of insets_animation#233798
08-13 16:19:57.420  1111  1111 I Layer   : id=233799 Destroyed Surface(name=e0324bb StatusBar)/@0x8487ff0 - animation-leash of insets_animation#233799
08-13 16:19:57.421  1111  1209 D SurfaceFlinger: [input] setFocusedWindow: 43eac26 com.example.cupcake/androidx.activity.ComponentActivity
08-13 16:19:57.421  1282  4402 D InputDispatcher: Once focus requested (0): 43eac26 com.example.cupcake/androidx.activity.ComponentActivity
08-13 16:19:57.421  1282  4402 D InputDispatcher: Focus request (0): 43eac26 com.example.cupcake/androidx.activity.ComponentActivity but waiting because NOT_VISIBLE
08-13 16:19:57.424  2127  2303 I SurfaceControlRegistry: hide, t=FinishTransaction_SyncId<20544> sc=Task=1, caller=android.view.SurfaceControl$Transaction.hide:3258 com.android.wm.shell.transition.Transitions.dispatchReady:929 com.android.wm.shell.transition.Transitions.onTransitionReady:244 com.android.wm.shell.transition.Transitions$TransitionPlayerImpl$$ExternalSyntheticLambda0.run:13 android.os.Handler.handleCallback:959 android.os.Handler.dispatchMessage:100
08-13 16:19:57.424  2127  2303 I SurfaceControlRegistry: show, t=StartTransaction_SyncId<20544> sc=Task=2233, caller=android.view.SurfaceControl$Transaction.show:3232 com.android.wm.shell.transition.Transitions.dispatchReady:934 com.android.wm.shell.transition.Transitions.onTransitionReady:244 com.android.wm.shell.transition.Transitions$TransitionPlayerImpl$$ExternalSyntheticLambda0.run:13 android.os.Handler.handleCallback:959 android.os.Handler.dispatchMessage:100
08-13 16:19:57.424  2127  2303 I SurfaceControlRegistry: show, t=FinishTransaction_SyncId<20544> sc=Task=2233, caller=android.view.SurfaceControl$Transaction.show:3232 com.android.wm.shell.transition.Transitions.dispatchReady:988 com.android.wm.shell.transition.Transitions.onTransitionReady:244 com.android.wm.shell.transition.Transitions$TransitionPlayerImpl$$ExternalSyntheticLambda0.run:13 android.os.Handler.handleCallback:959 android.os.Handler.dispatchMessage:100
08-13 16:19:57.424  2127  2303 I SurfaceControlRegistry: show, t=StartTransaction_SyncId<20544> sc=Transition Root: Task=2233, caller=android.view.SurfaceControl$Transaction.show:3232 com.android.wm.shell.transition.Transitions.playTransition:81 com.android.wm.shell.transition.Transitions.processReadyQueue:250 com.android.wm.shell.transition.Transitions.dispatchReady:1007 com.android.wm.shell.transition.Transitions.onTransitionReady:244 com.android.wm.shell.transition.Transitions$TransitionPlayerImpl$$ExternalSyntheticLambda0.run:13
08-13 16:19:57.426  1111  1732 I SurfaceFlinger: id=233817 createSurf, flag=84000, 2b563e4 ActivityRecordInputSink com.example.cupcake/androidx.activity.ComponentActivity#233817
08-13 16:19:57.428  2127  2303 I SurfaceControlRegistry: apply, t=StartTransaction_SyncId<20544>, caller=android.view.SurfaceControl$Transaction.apply:3135 android.view.SurfaceControl$Transaction.apply:3122 android.view.SurfaceControl$Transaction.apply:3078 com.android.wm.shell.transition.DefaultTransitionHandler.startAnimation:2823 com.android.wm.shell.transition.Transitions.dispatchTransition:93 com.android.wm.shell.transition.Transitions.playTransition:700
08-13 16:19:57.428  2127  2127 D SamsungLightBarControlHelper: updateStatusBar (BLACK icon) numStacks:1, StatusBarMode:MODE_TRANSPARENT, lightBarBounds:[Rect(0, 0 - 1080, 2340)], StatusBarState:SHADE, packageName:, isWhiteKeyguardStatusBar:false
08-13 16:19:57.429  2127  2127 D SamsungLightBarControlHelper: onStatusBarAppearanceChanged() -  sbModeChanged:false, statusBarMode:0, barState:MODE_TRANSPARENT, isKeyguardShowing:false, navbarColorManagedByIme:false, (AppearanceRegion{LIGHT_STATUS_BARS bounds=[0,0][1080,2340]}, )
08-13 16:19:57.429  2127  2127 D NavigationBar: onSystemBarAttributesChanged() -  displayId:0, appearance:528, packageName: com.example.cupcake (APPEARANCE_LIGHT_NAVIGATION_BARS ), navbarColorManagedByIme:false
08-13 16:19:57.429 22781 22781 I bmex    : onPause
08-13 16:19:57.431  1282  2477 I SemDvfsHyPerManager: acquire hyper - AMS_RESUME_TAIL/1282@22, type = -999
08-13 16:19:57.431  1282  2477 I SemDvfsHyPerManager: acquire hyper - AMS_ACT_LAZY/1282@23, type = -999
08-13 16:19:57.432  1062  1149 I HYPER-HAL: [RequestManager.cpp]acquire(): Acquired ID : 850882  [1282 / 22]    HINT : AMS_RESUME_TAIL    list :
08-13 16:19:57.432  1111  1111 I SurfaceFlinger: Layer [ActivityRecord{ca13702 u0 com.exampl[...]vity.ComponentActivity t2233}#233809] hidden!! flag(0)
08-13 16:19:57.433  1111  1111 I SurfaceFlinger: Layer [43eac26 com.example.cupcake/androidx.activity.ComponentActivity#233811] hidden!! flag(0)
08-13 16:19:57.433  1111  1111 I SurfaceFlinger: Layer [bb7968b Splash Screen com.example.cupcake#233810] hidden!! flag(0)
08-13 16:19:57.433  1111  1111 I SurfaceFlinger: Layer [Task=2233#233808] hidden!! flag(0)
08-13 16:19:57.433  1111  1111 E SurfaceFlinger: alpha changed 1.000 -> 0.000 - Task=2233#233808
08-13 16:19:57.433  1111  1111 I SurfaceFlinger: Layer [Transition Root: Task=2233#233816] hidden!! flag(0)
08-13 16:19:57.433  1111  1111 I SurfaceFlinger: Layer [Splash Screen com.example.cupcake$_2127#233812] hidden!! flag(0)
08-13 16:19:57.433  1111  1111 E SurfaceFlinger: alpha changed 0.000 -> 0.000 - Task=2233#233808
08-13 16:19:57.433  1111  1111 I SurfaceFlinger: [LayerHierarchy{RequestedLayerState{Task=1#52 parentId=233816 z=3} 2 children}] reparent to LayerHierarchy{RequestedLayerState{Transition Root: Task=2233#233816 parentId=11 z=3} 1 children}
08-13 16:19:57.433  1111  1111 I SurfaceFlinger: [LayerHierarchy{RequestedLayerState{WallpaperWindowToken{b638ffb token=android.os.Binder@64ddd8a}#74 parentId=233816 z=1} 1 children}] reparent to LayerHierarchy{RequestedLayerState{Transition Root: Task=2233#233816 parentId=11 z=3} 2 children}
08-13 16:19:57.433  1111  1111 I SurfaceFlinger: [LayerHierarchy{RequestedLayerState{Task=2233#233808 parentId=233816 z=7} 1 children}] reparent to LayerHierarchy{RequestedLayerState{Transition Root: Task=2233#233816 parentId=11 z=3} 3 children}
08-13 16:19:57.433  1111  1111 I SurfaceFlinger: [2b563e4 ActivityRecordInputSink com.example.cupcake/androidx.activity.ComponentActivity#233817] attach to parent LayerHierarchy{RequestedLayerState{ActivityRecord{ca13702 u0 com.example.cupcake/androidx.activity.ComponentActivity t2233}#233809 parentId=233808} 3 children}
08-13 16:19:57.435  1062  1149 I HYPER-HAL: [RequestManager.cpp]releaseLocked(): Released ID : 856112
08-13 16:19:57.440  1282  1443 I PkgPredictorService-SecIpmManagerServiceImpl: reportToNAP uid:10418 com.example.cupcake/androidx.activity.ComponentActivity thisTime:127
08-13 16:19:57.440  1282  1443 D PkgPredictorService-SecIpmManagerServiceImpl: reportToNAP: mHeavyLaunchCounter is false
08-13 16:19:57.440  1111  1163 I SurfaceFlinger: id=233818 createSurf, flag=24000, Surface(name=43eac26 com.example.cupcake/androidx.activity.ComponentActivity)/@0x462d92d - animation-leash of starting_reveal#233818
08-13 16:19:57.442  1282  1443 I ActivityTaskManager: Displayed com.example.cupcake/androidx.activity.ComponentActivity for user 0: +127ms
08-13 16:19:57.442  1111  1111 I SurfaceFlinger: [Surface(name=43eac26 com.example.cupcake/androidx.activity.ComponentActivity)/@0x462d92d - animation-leash of starting_reveal#233818] attach to parent LayerHierarchy{RequestedLayerState{ActivityRecord{ca13702 u0 com.example.cupcake/androidx.activity.ComponentActivity t2233}#233809 parentId=233808} 4 children}
08-13 16:19:57.442  3157  3157 E pageboostd: Received HALT command code 2
08-13 16:19:57.450  2127  2303 D ShellTaskOrganizer: removeStartingWindow, removalInfo=StartingWindowRemovalInfo{taskId=2233 frame=Rect(0, 0 - 1080, 2340) playRevealAnimation=true roundedCornerRadius=0.0 deferRemoveMode=0 windowlessSurface=false removeImmediately=false}
08-13 16:19:57.451  1111  1111 E SurfaceFlinger: alpha changed 0.000 -> 0.180 - Task=2233#233808
08-13 16:19:57.451  1111  1111 I SurfaceFlinger: Layer [com.example.cupcake/androidx.activity.ComponentActivity$_5596#233813] hidden!! flag(0)
08-13 16:19:57.457  1282  1447 I SurfaceControl: apply, lowDebugName=CreateStartingRevealAnim, caller=android.view.SurfaceControl$Transaction.apply:3122 android.view.SurfaceControl$Transaction.apply:3078 com.android.server.wm.WindowAnimator.animate:380 com.android.server.wm.WindowAnimator$$ExternalSyntheticLambda1.doFrame:14 android.view.Choreographer$CallbackRecord.run:1749 android.view.Choreographer$CallbackRecord.run:1760
08-13 16:19:57.460  2742  2108 I HoneySpace.RecentTasks: onRecentTasksChanged
08-13 16:19:57.460  2127  2938 I VRI[cupcake]@6a437b2: mWNT: t=0xb400007609295790 mBlastBufferQueue=0xb4000075191573b0 fn= 2 HdrRenderState mRenderHdrSdrRatio=1.0 caller= android.view.SyncRtSurfaceTransactionApplier.applyTransaction:96 android.view.SyncRtSurfaceTransactionApplier.lambda$scheduleApply$0:69 android.view.SyncRtSurfaceTransactionApplier.$r8$lambda$afI4fXg3U3-nBZQEDQMiNy-B06s:0
08-13 16:19:57.462  2127  2938 I VRI[cupcake]@6a437b2: mWNT: t=0xb4000076091f6fd0 mBlastBufferQueue=0xb4000075191573b0 fn= 2 HdrRenderState mRenderHdrSdrRatio=1.0 caller= android.view.SyncRtSurfaceTransactionApplier.applyTransaction:96 android.view.SyncRtSurfaceTransactionApplier.lambda$scheduleApply$0:69 android.view.SyncRtSurfaceTransactionApplier.$r8$lambda$afI4fXg3U3-nBZQEDQMiNy-B06s:0
08-13 16:19:57.463  1111  1111 D SurfaceFlinger: Display 4633128672291735932 HWC layers:
08-13 16:19:57.463  1111  1111 D SurfaceFlinger:        DEVICE |   0xb4000079e28c6110 | 0000 | RGBA_8888    |    0.0    0.0 1080.0 2340.0 |    0    0 1080 2340 | Wallpaper BBQ wrapper 5_system#82 (19)
08-13 16:19:57.463  1111  1111 D SurfaceFlinger:        DEVICE |   0xb4000079e28cac50 | 0001 | RGBA_8888    |    0.0    0.0 1080.0 2340.0 |    0    0 1080 2340 | com.sec.android.app.launcher/com.sec[...]vities.LauncherActivity$_2742#233797 (70)
08-13 16:19:57.463  1111  1111 D SurfaceFlinger:        CLIENT |   0xb4000079e293c850 | 0001 | RGBA_8888    |    0.0    0.0 1080.0 2340.0 |   75  162 1005 2178 | com.example.cupcake/androidx.activity.ComponentActivity$_5596#233813 (1)
08-13 16:19:57.463  1111  1111 D SurfaceFlinger:        CLIENT |   0xb4000079e28f5dd0 | 0001 | RGBA_8888    |    0.0    0.0 1080.0 2340.0 |   75  162 1005 2178 | Splash Screen com.example.cupcake$_2127#233812 (1)
08-13 16:19:57.463  1111  1111 D SurfaceFlinger:        DEVICE |   0xb4000079e28bb590 | 0001 | RGBA_8888    |    0.0    0.0 1080.0   80.0 |    0    0 1080   80 | StatusBar$_2127#106 (79536)
08-13 16:19:57.463  1111  1111 D SurfaceFlinger:        DEVICE |   0xb4000079e29075d0 | 0001 | RGBA_8888    |    0.0    0.0 1080.0  135.0 |    0 2205 1080 2340 | NavigationBar0$_2127#101 (12994
08-13 16:19:57.463  1111  1111 D SurfaceFlinger: 2)
08-13 16:19:57.463  1111  1111 D SurfaceFlinger:        DEVICE |   0xb4000079e289e790 | 0001 | RGBA_8888    |    0.0  249.0 1034.0  827.0 |   46    0 1080  578 | $_4855#233489 (392)
08-13 16:19:57.463  1111  1111 D SurfaceFlinger:
08-13 16:19:57.463  2742  1823 I HoneySpace.HistoryViewModel@160600677@OneUI: Illegal access. Unknown type. skip load history items
08-13 16:19:57.464  1111  1111 I SurfaceFlinger: [LayerHierarchy{RequestedLayerState{43eac26 com.example.cupcake/androidx.activity.ComponentActivity#233811 parentId=233818} 1 children}] reparent to LayerHierarchy{RequestedLayerState{Surface(name=43eac26 com.example.cupcake/androidx.activity.ComponentActivity)/@0x462d92d - animation-leash of starting_reveal#233818 parentId=233809} 1 children}
08-13 16:19:57.464  1282  3179 D InputDispatcher: Focus entered window (0): 43eac26 com.example.cupcake/androidx.activity.ComponentActivity
08-13 16:19:57.469  5596  5596 D VRI[ComponentActivity]@f2e05ac: mThreadedRenderer.initializeIfNeeded()#2 mSurface={isValid=true 0xb4000075e9125de0}
08-13 16:19:57.469  5596  5596 D InputMethodManagerUtils: startInputInner - Id : 0
08-13 16:19:57.469  5596  5596 I InputMethodManager: startInputInner - IInputMethodManagerGlobalInvoker.startInputOrWindowGainedFocus
08-13 16:19:57.473  2127  2937 I VRI[cupcake]@6a437b2: mWNT: t=0xb400007609439250 mBlastBufferQueue=0xb4000075191573b0 fn= 3 HdrRenderState mRenderHdrSdrRatio=1.0 caller= android.view.SyncRtSurfaceTransactionApplier.applyTransaction:96 android.view.SyncRtSurfaceTransactionApplier.lambda$scheduleApply$0:69 android.view.SyncRtSurfaceTransactionApplier.$r8$lambda$afI4fXg3U3-nBZQEDQMiNy-B06s:0
08-13 16:19:57.475  1282  1696 I ImeTracker: com.example.cupcake:ef6ac94d: onRequestHide at ORIGIN_SERVER reason HIDE_UNSPECIFIED_WINDOW fromUser false
08-13 16:19:57.476  1282  1696 I ImeTracker: com.example.cupcake:ef6ac94d: onCancelled at PHASE_SERVER_SHOULD_HIDE
08-13 16:19:57.478  1282  1696 D InputTransport: Input channel constructed: 'ClientS', fd=1025
08-13 16:19:57.478  1282  1696 D InputTransport: Input channel destroyed: 'ClientS', fd=1025
08-13 16:19:57.480  4917  4917 I HBD     : HoneyBoardService onFinishInput
08-13 16:19:57.480  5596  5991 D InputTransport: Input channel constructed: 'ClientS', fd=144
08-13 16:19:57.480  4917  4917 I HBD     : a IC have been unbinding,  RemoteInputConnection{idHash=#9c118b1}
08-13 16:19:57.480  4917  4917 I HBD     : HoneyBoardService [PF_CL][onFinishInput]  0 ms
08-13 16:19:57.480  4917  4917 I HBD     : HoneyBoardService [IMI] onStartInput - caller pid : 5596 , caller uid : 10418
08-13 16:19:57.480  4917  4917 I HBD     : t updateConfigs
08-13 16:19:57.481  4917  4917 I HBD     : t isEnabledNightMode : true
08-13 16:19:57.481  4917  4917 I HBD     : a IC have been binding, RemoteInputConnection{idHash=#e2cd27a}
08-13 16:19:57.481  4917  4917 I HBD     : g [EditorInputType]setPrivateImeOptionsToTable privateImeOptions ( null )
08-13 16:19:57.481  4917  4917 I HBD     : b incognitoMode : false
08-13 16:19:57.481  4917  4917 I HBD     : b needOff = true , isForceOff = false, isNullInputClass : true
08-13 16:19:57.481  4917  4917 I HBD     : g getDefaultInputRange : UNKNOWN
08-13 16:19:57.481  4917  4917 I HBD     : g getDefaultInputRange : UNKNOWN
08-13 16:19:57.481  4917  4917 I HBD     : g getDefaultInputRange : UNKNOWN
08-13 16:19:57.481  4917  4917 I HBD     : b needOff = true , isForceOff = false, isNullInputClass : true
08-13 16:19:57.482  4917  4917 I HBD     : b update cached prediction status : false
08-13 16:19:57.482  4917  4917 I HBD     : g getDefaultInputRange : UNKNOWN
08-13 16:19:57.482  4917  4917 I HBD     : a currentState : 0
08-13 16:19:57.482  1111  1162 I SurfaceFlinger: id=233819 createSurf, flag=24004, Surface(name=39a4c69 InputMethod)/@0x97414dd - animation-leash of insets_animation#233819
08-13 16:19:57.485  1111  1111 I SurfaceFlinger: [Surface(name=39a4c69 InputMethod)/@0x97414dd - animation-leash of insets_animation#233819] attach to parent LayerHierarchy{RequestedLayerState{WindowToken{72c0868 type=2011 android.os.Binder@fb66f8b}#121 parentId=16} 2 children}
08-13 16:19:57.488  4917  4917 I HBD     : a [UpdatePolicy] [post] a: 0 cl: 4325376 kit: [0/26] vt: 0 ir: 1
08-13 16:19:57.490  4917  4917 I HBD     : a [NRIC] resetNoResponseState
08-13 16:19:57.490  4917  4917 I HBD     : b needOff = true , isForceOff = false, isNullInputClass : true
08-13 16:19:57.490  4917  4917 I HBD     : b update cached prediction status : false
08-13 16:19:57.490  4917  4917 I HBD     : c [AiWriter] setContact : com.example.cupcake
08-13 16:19:57.490  4917  4917 I HBD     : a [AiWriter] setContact : com.example.cupcake
08-13 16:19:57.490  4917  4917 I HBD     : b needOff = true , isForceOff = false, isNullInputClass : true
08-13 16:19:57.491  4917  4917 I HBD     : b getTBC , flag: 1 , start: 0 , end: 0 , length: 0 , composingLength: 0 , isKCC: false
08-13 16:19:57.492  4917  4917 I HBD     : E EBD si S 0
08-13 16:19:57.492  4917  4917 I HBD     : m updateContactDBLanguage : 0
08-13 16:19:57.493  4917  4917 I HBD     : a [UpdatePolicy] [post] a: 31 cl: 4325376 kit: [0/26] vt: 0 ir: 1
08-13 16:19:57.494  4917  4917 I HBD     : HoneyBoardService [PF_OP][onStartInput]  14 ms
08-13 16:19:57.500  5596  5596 I InsetsSourceConsumer: applyRequestedVisibilityToControl: visible=false, type=ime, host=com.example.cupcake/androidx.activity.ComponentActivity
08-13 16:19:57.504 23813 23813 I NotifySyncService_23813_23813: onNotificationPosted Id:1332 key:0|com.samsung.android.app.smartcapture|1332|null|10190 PackageName:com.samsung.android.app.smartcapture IsOngoing:true PostTime:1755091196317 currentDeviceModel.connected: false
08-13 16:19:57.505  2127  2938 I VRI[cupcake]@6a437b2: mWNT: t=0xb400007609248950 mBlastBufferQueue=0xb4000075191573b0 fn= 4 HdrRenderState mRenderHdrSdrRatio=1.0 caller= android.view.SyncRtSurfaceTransactionApplier.applyTransaction:96 android.view.SyncRtSurfaceTransactionApplier.lambda$scheduleApply$0:69 android.view.SyncRtSurfaceTransactionApplier.$r8$lambda$afI4fXg3U3-nBZQEDQMiNy-B06s:0
08-13 16:19:57.505 23813 23813 I NotifySyncService_23813_23813: onNotificationPosted Id:1332 , appName : Samsung yakalama
08-13 16:19:57.505 23813 23813 I NotifySyncService_23813_23813:  isOngoing = true isIncomingCall = false
08-13 16:19:57.506 23813 21991 I NotifyLogUtils_23813_21991: isIgnoringBatteryOptimizations true
08-13 16:19:57.507 23813 21991 I AccountManagerService_23813_21991: log: getAccounts: accountType com.xiaomi, caller's uid 10349, pid 23813
08-13 16:19:57.508  1111  1111 E SurfaceFlinger: alpha changed 1.000 -> 0.000 - Surface(name=39a4c69 InputMethod)/@0x97414dd - animation-leash of insets_animation#233819
08-13 16:19:57.508 23813 21991 I SecureDatabase_23813_21991: log: query: accounts, columns=[_id,type,name], selection=null, selectionArgs=null, groupBy=null, having=null, orderBy=null, limit=null
08-13 16:19:57.508  1111  1111 I SurfaceFlinger: [LayerHierarchy{RequestedLayerState{ImeContainer#16 parentId=233809 relativeParentId=233809 z=3} 1 children}] reparent to LayerHierarchy{RequestedLayerState{ActivityRecord{ca13702 u0 com.example.cupcake/androidx.activity.ComponentActivity t2233}#233809 parentId=233808} 4 children}
