08-13 16:19:41.208  1111  1111 I SurfaceFlinger: [Surface(name=39a4c69 InputMethod)/@0x97414dd - animation-leash of insets_animation#233518] attach to parent LayerHierarchy{RequestedLayerState{WindowToken{72c0868 type=2011 android.os.Binder@fb66f8b}#121 parentId=16} 1 children}
08-13 16:19:41.210  1111  1111 I SurfaceFlinger: id=233507 Removed dc39ee0 Splash Screen com.example.cupcake#233507 (168)
08-13 16:19:41.210  1111  1111 I SurfaceFlinger: id=233508 Removed Splash Screen com.example.cupcake$_2127#233508 (168)
08-13 16:19:41.211  1244 15899 I CameraService: onUidStateChanged: uid=10222, procState is changed. (3 -> 5)
08-13 16:19:41.212  2127  2390 D HWUI    : CacheManager::trimMemory(20)
08-13 16:19:41.212  1244 15899 I CameraService: onUidStateChanged: uid=10219, procState is changed. (3 -> 5)
08-13 16:19:41.220  4917 27871 I HBD     : h [SKE_SPECIFIC] specific model[com.example.cupcake] loaded, 25641115 ns
08-13 16:19:41.224  1111  1111 D SurfaceFlinger: Display 4633128672291735932 HWC layers:
08-13 16:19:41.224  1111  1111 D SurfaceFlinger:        DEVICE |   0xb4000079e28e9650 | 0001 | RGBA_8888    |    0.0    0.0 1080.0 2340.0 |    0    0 1080 2340 | com.example.cupcake/androidx.activity.ComponentActivity$_5596#233514 (1)
08-13 16:19:41.224  1111  1111 D SurfaceFlinger:        DEVICE |   0xb4000079e28ca710 | 0001 | RGBA_8888    |    0.0    0.0 1080.0   80.0 |    0    0 1080   80 | StatusBar$_2127#106 (79310)
08-13 16:19:41.224  1111  1111 D SurfaceFlinger:        DEVICE |   0xb4000079e293aa90 | 0001 | RGBA_8888    |    0.0    0.0 1080.0  135.0 |    0 2205 1080 2340 | NavigationBar0$_2127#101 (129681)
08-13 16:19:41.224  1111  1111 D SurfaceFlinger:        DEVICE |   0xb4000079e28c8410 | 0001 | RGBA_8888    |    0.0  249.0 1034.0  827.0 |   46    0 1080  578 | $_4855#233489 (375)
08-13 16:19:41.224  1111  1111 D SurfaceFlinger:
08-13 16:19:41.225  1111  1111 I SurfaceFlinger: destroyed dc39ee0 Splash Screen com.example.cupcake#233507
08-13 16:19:41.225  1111  1111 I SurfaceFlinger: destroyed Splash Screen com.example.cupcake$_2127#233508
08-13 16:19:41.226  1111  1111 I Layer   : id=233507 Destroyed dc39ee0 Splash Screen com.example.cupcake#233507
08-13 16:19:41.226  1111  1111 I Layer   : id=233508 Destroyed Splash Screen com.example.cupcake$_2127#233508
08-13 16:19:41.233  1282  3681 V WindowManager: Relayout Window{c2c214a u0 com.sec.android.app.launcher/com.sec.android.app.launcher.activities.LauncherActivity}: viewVisibility=8 req=1080x2340 ty=1 d0
08-13 16:19:41.238  1282  3681 V WindowManager: Relayout hash=c2c214a, pid=2742, syncId=-1: mAttrs={(0,0)(fillxfill) sim={adjust=nothing forwardNavigation} layoutInDisplayCutoutMode=always ty=BASE_APPLICATION fmt=TRANSPARENT wanim=0x1030301
08-13 16:19:41.238  1282  3681 V WindowManager:   fl=81910100
08-13 16:19:41.238  1282  3681 V WindowManager:   pfl=10008840
08-13 16:19:41.238  1282  3681 V WindowManager:   bhv=2
08-13 16:19:41.238  1282  3681 V WindowManager:   fitSides=0
08-13 16:19:41.238  1282  3681 V WindowManager:   frameRateBoostOnTouch=true
08-13 16:19:41.238  1282  3681 V WindowManager:   dvrrWindowFrameRateHint=true screenDimDuration=200000 naviIconColor=0}
08-13 16:19:41.239  1111  1163 I SurfaceFlinger: id=233463 Removed Surface(name=39a4c69 InputMethod)/@0x97414dd - animation-leash of insets_animation#233463 (166)
08-13 16:19:41.244  2742  2742 I VRI[LauncherActivity]@3489192: Relayout returned: old=(0,0,1080,2340) new=(0,0,1080,2340) relayoutAsync=false req=(1080,2340)8 dur=7 res=0x2 s={false 0x0} ch=true seqId=0
08-13 16:19:41.244  1111  1111 I SurfaceFlinger: destroyed Surface(name=39a4c69 InputMethod)/@0x97414dd - animation-leash of insets_animation#233463
08-13 16:19:41.246  2742  2742 I SearchHoneyPot: onViewCreated: onStop
08-13 16:19:41.246  1111  1111 I Layer   : id=233463 Destroyed Surface(name=39a4c69 InputMethod)/@0x97414dd - animation-leash of insets_animation#233463
08-13 16:19:41.257 22781 22781 I bmex    : onStop
08-13 16:19:41.259  2742  4826 I HoneySpace.HoneyAppWidgetHost: stopListening, host: @fcf5abe
08-13 16:19:41.259  1282  3681 I AppWidgetServiceImpl: stopListening callbacks : null
08-13 16:19:41.261  2742  2742 I HoneySpace.ContentsAnimator: end call
08-13 16:19:41.263  2742  2742 I VRI[LauncherActivity]@3489192: stopped(true) old = false
08-13 16:19:41.268  1066  4972 I ExynosC2H264EncComponent: [onUpdateC2Work] got SYNC FRAME
08-13 16:19:41.272  2742  2742 I HoneySpace.Launcher: !@Boot_EBS_D: Launcher.onStop()
08-13 16:19:41.273  2742  4782 I HoneySpace.Memory-Monitor: scheduleTrim
08-13 16:19:41.276  2742  2742 I HoneySpace.OneUiSpace: onSaveInstanceState honeyScreen=s3.Z@5e3b71f
08-13 16:19:41.279  2127  2127 D NavBarStateManager: NavBarStates(0) canUseNavBarBackgroundFrame: true
08-13 16:19:41.291  1111  1111 I SurfaceFlinger: [LayerHierarchy{RequestedLayerState{com.sec.android.app.launcher/com.sec.android.app.launcher.activities.LauncherActivity$_2742#233455} no children}] reparent to OffscreenRoot
08-13 16:19:41.291  1111  1111 I SurfaceFlinger: [LayerHierarchy{RequestedLayerState{com.sec.android.app.launcher/com.sec.android.app.launcher.activities.LauncherActivity$_2742#233455} no children}] RelativeParent to null
08-13 16:19:41.295  1111  1223 I SurfaceFlinger: id=233455 Removed com.sec.android.app.launcher/com.sec.android.app.launcher.activities.LauncherActivity$_2742#233455 (165)
08-13 16:19:41.299  1111  1111 I SurfaceFlinger: destroyed com.sec.android.app.launcher/com.sec.android.app.launcher.activities.LauncherActivity$_2742#233455
08-13 16:19:41.300  1111  1111 I Layer   : id=233455 Destroyed com.sec.android.app.launcher/com.sec.android.app.launcher.activities.LauncherActivity$_2742#233455
08-13 16:19:41.311  1282  1444 D PkgPredictorService-SecIpmManagerServiceImpl: bg information pid:2742 uid:10132 pkgName:com.sec.android.app.launcher
08-13 16:19:41.310  4855  4855 I [SC_ScreenRecorder]_FloatingButtonView: 00:00:08
08-13 16:19:41.344 32078 32078 I DWBr    : onTrimMemory(40)
08-13 16:19:41.344 32078 32078 E DWBg    : LocalPkgManager MemoryTrimmable
08-13 16:19:41.344 32078 32078 E DWBn    : UsageDataManager MemoryTrimmable
08-13 16:19:41.344 32078 32078 I DWBn    : Retrieve CLEAR_CACHED_DATA
08-13 16:19:41.344 32078 32078 I DWBn    : No Request Data
08-13 16:19:41.344 32078 32078 I DWBr    : onTrimMemory(40)
08-13 16:19:41.345 32078 32078 E DWBg    : LocalPkgManager MemoryTrimmable
08-13 16:19:41.345 32078 32078 E DWBn    : UsageDataManager MemoryTrimmable
08-13 16:19:41.345 32078 32078 I DWBn    : Retrieve CLEAR_CACHED_DATA
08-13 16:19:41.345 32078 32078 I DWBn    : No Request Data
08-13 16:19:41.350 32078 32078 I DWBAppTimerReceiver: com.samsung.android.forest.PACKAGE_ADDED received
08-13 16:19:41.351  1282  3019 W LocationManagerService: onFreezeStateChanged, uid[10288]=true
08-13 16:19:41.351  1282  3019 W LocationManagerService: onFreezeStateChanged, uid[10329]=true
08-13 16:19:41.404 32078 32078 I DWBContentProvider: update (content://com.samsung.android.forest.db/persistenceParentalcontrol)
08-13 16:19:41.411  1062  5714 I HYPER-HAL: [RequestManager.cpp]releaseLocked(): Released ID : 850882
08-13 16:19:41.415 32078 32078 I DWBb    : isChild ? false
08-13 16:19:41.424 32078 32078 I DWBh    : onPackageAdded : com.example.cupcake.test
08-13 16:19:41.444  1282  3019 W LocationManagerService: onFreezeStateChanged, uid[10329]=false
08-13 16:19:41.458  5596  5596 I Choreographer: Skipped 31 frames!  The application may be doing too much work on its main thread.
08-13 16:19:41.482 32078 32078 I DWBAppTimerReceiver: com.samsung.android.forest.PACKAGE_REMOVED received
08-13 16:19:41.502 32078 32078 I DWBContentProvider: update (content://com.samsung.android.forest.db/persistenceParentalcontrol)
08-13 16:19:41.506 32078 32078 I DWBb    : isChild ? false
08-13 16:19:41.510 32078 32078 I DWBh    : onPackageDeleted : com.example.cupcake.test
08-13 16:19:41.526 32078 32078 I DWBr    : onTrimMemory(40)
08-13 16:19:41.526 32078 32078 E DWBg    : LocalPkgManager MemoryTrimmable
08-13 16:19:41.526 32078 32078 E DWBn    : UsageDataManager MemoryTrimmable
08-13 16:19:41.526 32078 32078 I DWBn    : Retrieve CLEAR_CACHED_DATA
08-13 16:19:41.526 32078 32078 I DWBn    : No Request Data
08-13 16:19:41.538 32078  5720 I SEP_UNION_SemUnionManager: getUnionService(semeventdelegator)
08-13 16:19:41.551  2742  6184 I HoneySpace.NotificationListener: onNotificationPosted com.samsung.android.app.smartcapture: 0|com.samsung.android.app.smartcapture|1332|null|10190: 0
08-13 16:19:41.551  2742  6184 I HoneySpace.BadgeDataSourceImpl: Get notification count. PK(p='com.samsung.android.app.smartcapture', u=UserHandle{0}) - forceBadgeCount: false, notification listener: 1, badge provider: 0
08-13 16:19:41.555  1282  3084 D SEP_UNION_SemDeviceInfoManagerService: Unregister intent = android.intent.action.PACKAGE_FULLY_REMOVED, , package = com.samsung.android.forest, userId = 0
08-13 16:19:41.556  1282  3084 D SEP_UNION_SemDeviceInfoManagerService: Unregister intent = android.intent.action.PACKAGE_ADDED, , package = com.samsung.android.forest, userId = 0
08-13 16:19:41.556  1282  3084 D SEP_UNION_SemDeviceInfoManagerService: No item for the calling package in the component list.
08-13 16:19:41.556  2127  2127 D InterruptionStateProvider:  no Heads up : edgelighting enabled app. 0|com.samsung.android.app.smartcapture|1332|null|10190
08-13 16:19:41.558  2127  2127 D SubscreenNotificationListCoordinator: onAfterRenderList() isSubScreen = false, pluginLockMode = 0, doNotShowOnCover = false
08-13 16:19:41.561 23813 23813 I NotifySyncService_23813_23813: onNotificationPosted Id:1332 key:0|com.samsung.android.app.smartcapture|1332|null|10190 PackageName:com.samsung.android.app.smartcapture IsOngoing:true PostTime:1755091181327 currentDeviceModel.connected: false
08-13 16:19:41.561  2127  2127 I LockscreenNotificationIconsOnlyController: onNotificationInfoUpdated 0
08-13 16:19:41.562  2127  2127 I AODNotificationManager: updateNotification()
08-13 16:19:41.562 23813 23813 I NotifySyncService_23813_23813: onNotificationPosted Id:1332 , appName : Samsung yakalama
08-13 16:19:41.564 23813 23813 I NotifySyncService_23813_23813:  isOngoing = true isIncomingCall = false
08-13 16:19:41.565 23813 21995 I AccountManagerService_23813_21995: log: getAccounts: accountType com.xiaomi, caller's uid 10349, pid 23813
08-13 16:19:41.565 23813 21995 I SecureDatabase_23813_21995: log: query: accounts, columns=[_id,type,name], selection=null, selectionArgs=null, groupBy=null, having=null, orderBy=null, limit=null
08-13 16:19:41.565 23813 21995 I SecureDatabase_23813_21995: log: query: cursor count=1
08-13 16:19:41.565 23813 21995 I SecureDatabase_23813_21995: log: query: row=[1,com.xiaomi,6521150625]
08-13 16:19:41.565 23813 21995 I AccountManagerService_23813_21995: log: validateAccountsAndPopulateCache>>>accountId=1 accountType=com.xiaomi accountName=6521150625
08-13 16:19:41.566 23813 21993 I NotifyLogUtils_23813_21993: isIgnoringBatteryOptimizations true
08-13 16:19:41.566 23813 21995 I AccountManagerService_23813_21995: log: getAccounts: accountType com.xiaomi, caller's uid 10349, pid 23813
08-13 16:19:41.566 23813 21995 I SecureDatabase_23813_21995: log: query: accounts, columns=[_id,type,name], selection=null, selectionArgs=null, groupBy=null, having=null, orderBy=null, limit=null
08-13 16:19:41.566 23813 21995 I SecureDatabase_23813_21995: log: query: cursor count=1
08-13 16:19:41.566 23813 21995 I SecureDatabase_23813_21995: log: query: row=[1,com.xiaomi,6521150625]
08-13 16:19:41.566 23813 21995 I AccountManagerService_23813_21995: log: validateAccountsAndPopulateCache>>>accountId=1 accountType=com.xiaomi accountName=6521150625
08-13 16:19:41.571  1111  1747 D NativeSemDvfsManager: acquire:: timeout = 2000 mIsAcquired = 1  mTagName : SurfaceFlinger
08-13 16:19:41.571  1111  1747 E NativeCustomFrequencyManager: [NativeCFMS] BpCustomFrequencyManager::acquire()
08-13 16:19:41.572  1062  1149 I HYPER-HAL: [RequestManager.cpp]acquire(): Acquired ID : 2230216  [1111 / 1000]    HINT : SF_GPU_MINLOCK    list : [TIMEOUT / 2000]
08-13 16:19:41.577 23813 30394 W FA      : Failed to retrieve Firebase Instance Id
08-13 16:19:41.587 23813 30394 W FA      : Failed to retrieve Firebase Instance Id
08-13 16:19:41.591  6225   776 I NearbySharing: Network state changed: NetworkState(isRestricted=false, isOnline=true, isCongested=false, isMetered=true, isWifiConnected=false)
08-13 16:19:41.596 23813 30394 W FA      : Failed to retrieve Firebase Instance Id
08-13 16:19:41.596  5596  5609 I example.cupcake: Compiler allocated 7416KB to compile void android.view.ViewRootImpl.performTraversals()
08-13 16:19:41.604 23813 30394 W FA      : Failed to retrieve Firebase Instance Id
08-13 16:19:41.617  6225  4501 I NetworkScheduler: (REDACTED) Error inserting %s
08-13 16:19:41.621 23813 30394 W FA      : Failed to retrieve Firebase Instance Id
08-13 16:19:41.628 23813 30394 W FA      : Failed to retrieve Firebase Instance Id
08-13 16:19:41.636 23813 30394 W FA      : Failed to retrieve Firebase Instance Id
08-13 16:19:41.646 23813 30394 W FA      : Failed to retrieve Firebase Instance Id
08-13 16:19:41.652  3974  4027 E d       : (Berry)(1.16)handleAudioPathTask() : can't get dual play mode - Attempt to invoke virtual method 'boolean android.bluetooth.BluetoothA2dp.semIsDualPlayMode()' on a null object reference
08-13 16:19:41.663  6225  5259 I NetworkScheduler: (REDACTED) Error inserting %s
08-13 16:19:41.682 19872 21126 I CategoryBloomFilter: BloomFilterSize:- 2778349
08-13 16:19:41.695  1282  5721 D SemInputDeviceManager: setProperty: (0) CMD,GRIP_DATA,1,45,7,15,702
08-13 16:19:41.697  1282  1692 D SemInputDevice:TSP: SetPropertyTask: CMD,set_grip_data,1,45,7,15,702 [08-13 16:19:41.696]
08-13 16:19:41.699  1072  1072 I sysinput:Touch: writeInformation:249, OK
08-13 16:19:41.699  1282  1692 D SysinputHAL_V1_3(V1_2): runTspCmdNoRead(TSP(1)): set_grip_data,1,45,7,15,702 ret=0
08-13 16:19:41.748  5596  5596 I InsetsSourceConsumer: applyRequestedVisibilityToControl: visible=false, type=ime, host=com.example.cupcake/androidx.activity.ComponentActivity
08-13 16:19:41.749  1111  1111 E SurfaceFlinger: alpha changed 1.000 -> 0.000 - Surface(name=39a4c69 InputMethod)/@0x97414dd - animation-leash of insets_animation#233518
08-13 16:19:41.754  2127  2127 D NavigationBar: setImeWindowStatus displayId=0 vis=0 backDisposition=0 showImeSwitcher=false imeShown=false
08-13 16:19:41.757  2127  2127 D Bubbles : onEntryUpdated : shouldBubbleUp=false ,key=0|com.samsung.android.app.smartcapture|1332|null|10190
08-13 16:19:41.758  2127  2127 D InterruptionStateProvider:  no Heads up : edgelighting enabled app. 0|com.samsung.android.app.smartcapture|1332|null|10190
08-13 16:19:41.759  4917  4917 I InputMethodService: scheduleImeSurfaceRemoval: removeImeSurface is posted.
08-13 16:19:41.762 19872 21126 I AppClassifier: Category not present in BloomFilter, Checking in Manifest:- com.example.cupcake
08-13 16:19:41.764 19872 21126 I AppClassifier: Category not found in BF and Manifest for pkg :- com.example.cupcake
08-13 16:19:41.768  2127  2127 D SubscreenNotificationListCoordinator: onAfterRenderList() isSubScreen = false, pluginLockMode = 0, doNotShowOnCover = false
08-13 16:19:41.769  2127  2127 D SecKeyguardClockPositionAlgorithm: getTopMargin scale = 1.2690217, clockContainerHeight = 389, scaleMarginY = -41
08-13 16:19:41.779  2127  2127 I LockscreenNotificationIconsOnlyController: onNotificationInfoUpdated 0
08-13 16:19:41.779  2127  2127 I AODNotificationManager: updateNotification()
08-13 16:19:41.782  2127  2816 D LocalImageResolver: Couldn't use ImageDecoder for drawable, falling back to non-resized load.
08-13 16:19:41.784  2127  2816 D LocalImageResolver: Couldn't use ImageDecoder for drawable, falling back to non-resized load.
08-13 16:19:41.793  5596  5596 I Choreographer: Skipped 33 frames!  The application may be doing too much work on its main thread.
08-13 16:19:41.798  2127  2127 I AppIconSolution: return adaptive icon for com.samsung.android.app.smartcapture, isNight = true
08-13 16:19:41.800 19872 21126 I SCS@AiSearch user 0: (IndexManager) [androidx.work-3] entering in updateIndex():
08-13 16:19:41.800 19872 21126 I SCS@AiSearch user 0: (IndexManager) [UPDATE] index=com.samsung.android.apps, size=1, documents=[com.example.cupcake@0@com.example.cupcake.MainActivity]
08-13 16:19:41.800 19872 21126 I SCS@AiSearch user 0: (IndexManager) [androidx.work-3] entering in updateDocumentList():  index: com.samsung.android.apps, updateList.size:1
08-13 16:19:41.801 19872 21126 I SCS@AiSearch user 0: (IndexManager) getIndexWriter(): indexName com.samsung.android.apps
08-13 16:19:41.801  1244  6944 I CameraService: onUidStateChanged: uid=10219, procState is changed. (5 -> 3)
08-13 16:19:41.810  2127  2127 D S.S.N.  : entryViewBound parent :0|com.samsung.android.app.smartcapture|1332|null|10190
08-13 16:19:41.810 19872 21126 I SCS@AiSearch user 0: (TransliterationAnalyzer) Does not need transliteration. Will do nothing
08-13 16:19:41.812  2127  2127 I AppIconSolution: return adaptive icon for com.samsung.android.app.smartcapture, isNight = true
08-13 16:19:41.812  6225  6282 I FontLog : (REDACTED) Received query %s, URI %s
08-13 16:19:41.814  6225  6282 I FontLog : (REDACTED) Query [%s] resolved to %s
08-13 16:19:41.815  6225  6282 I FontLog : (REDACTED) Fetch %s end status %s
08-13 16:19:41.816 19872 21126 I SCS@AiSearch user 0: (IndexManager) [UPDATE] Done indexName: com.samsung.android.apps updateList.size():1
08-13 16:19:41.816 19872 21126 I SCS@AiSearch user 0: (IndexSearcherManager) [androidx.work-3] entering in refreshSearcherManager():  refreshSearcherManager for com.samsung.android.apps
08-13 16:19:41.821  6225  6282 I FontLog : (REDACTED) Pulling font file for id = %d, cache size = %d
08-13 16:19:41.822  2127  2127 D SubscreenNotificationListCoordinator: onAfterRenderList() isSubScreen = false, pluginLockMode = 0, doNotShowOnCover = false
08-13 16:19:41.827  2127  2127 D SecKeyguardClockPositionAlgorithm: getTopMargin scale = 1.2690217, clockContainerHeight = 389, scaleMarginY = -41
08-13 16:19:41.830  2127  2127 I LockscreenNotificationIconsOnlyController: onNotificationInfoUpdated 0
08-13 16:19:41.830  2127  2127 I AODNotificationManager: updateNotification()
08-13 16:19:41.832  6225  6282 I FontLog : (REDACTED) Pulling font file for id = %d, cache size = %d
08-13 16:19:41.852  1282  1336 I system_server: Background concurrent mark compact GC freed 59MB AllocSpace bytes, 165(5184KB) LOS objects, 26% free, 131MB/179MB, paused 2.668ms,12.113ms total 744.639ms
08-13 16:19:41.859  1282  1338 W system_server: ApkAssets: Deleting an ApkAssets object '<empty> and /data/app/~~3CoeK-hHY08uepB58R8GoA==/com.google.android.gm-h99Et_XgVWj5CLDaKg__8g==/base.apk' with 1 weak references
08-13 16:19:41.860  1282  1338 W system_server: ApkAssets: Deleting an ApkAssets object '<empty> and /data/app/~~3CoeK-hHY08uepB58R8GoA==/com.google.android.gm-h99Et_XgVWj5CLDaKg__8g==/split_config.arm64_v8a.apk' with 1 weak references
08-13 16:19:41.860  1282  1338 W system_server: ApkAssets: Deleting an ApkAssets object '<empty> and /data/app/~~3CoeK-hHY08uepB58R8GoA==/com.google.android.gm-h99Et_XgVWj5CLDaKg__8g==/split_config.tr.apk' with 1 weak references
08-13 16:19:41.860  1282  1338 W system_server: ApkAssets: Deleting an ApkAssets object '<empty> and /data/app/~~3CoeK-hHY08uepB58R8GoA==/com.google.android.gm-h99Et_XgVWj5CLDaKg__8g==/split_config.xxhdpi.apk' with 1 weak references
08-13 16:19:41.860  1282  1338 W system_server: ApkAssets: Deleting an ApkAssets object '<empty> and /data/app/~~xM4Ee-Uqx8b9CkCZgCEgvg==/com.google.android.gms-a8kCRVFYKJeoGN_17pmJaQ==/base.apk' with 1 weak references
08-13 16:19:41.860  1282  1338 W system_server: ApkAssets: Deleting an ApkAssets object '<empty> and /data/app/~~xM4Ee-Uqx8b9CkCZgCEgvg==/com.google.android.gms-a8kCRVFYKJeoGN_17pmJaQ==/split_AdsDynamite_installtime.apk' with 1 weak references
08-13 16:19:41.861  1282  1338 W system_server: ApkAssets: Deleting an ApkAssets object '<empty> and /data/app/~~xM4Ee-Uqx8b9CkCZgCEgvg==/com.google.android.gms-a8kCRVFYKJeoGN_17pmJaQ==/split_CronetDynamite_installtime.apk' with 1 weak references
08-13 16:19:41.861  1282  1338 W system_server: ApkAssets: Deleting an ApkAssets object '<empty> and /data/app/~~xM4Ee-Uqx8b9CkCZgCEgvg==/com.google.android.gms-a8kCRVFYKJeoGN_17pmJaQ==/split_DynamiteLoader_installtime.apk' with 1 weak references
08-13 16:19:41.861  1282  1338 W system_server: ApkAssets: Deleting an ApkAssets object '<empty> and /data/app/~~xM4Ee-Uqx8b9CkCZgCEgvg==/com.google.android.gms-a8kCRVFYKJeoGN_17pmJaQ==/split_DynamiteModulesA_installtime.apk' with 1 weak references
08-13 16:19:41.861  1282  1338 W system_server: ApkAssets: Deleting an ApkAssets object '<empty> and /data/app/~~xM4Ee-Uqx8b9CkCZgCEgvg==/com.google.android.gms-a8kCRVFYKJeoGN_17pmJaQ==/split_DynamiteModulesC_installtime.apk' with 1 weak references
08-13 16:19:41.861  1282  1338 W system_server: ApkAssets: Deleting an ApkAssets object '<empty> and /data/app/~~xM4Ee-Uqx8b9CkCZgCEgvg==/com.google.android.gms-a8kCRVFYKJeoGN_17pmJaQ==/split_GoogleCertificates_installtime.apk' with 1 weak references
08-13 16:19:41.861  1282  1338 W system_server: ApkAssets: Deleting an ApkAssets object '<empty> and /data/app/~~xM4Ee-Uqx8b9CkCZgCEgvg==/com.google.android.gms-a8kCRVFYKJeoGN_17pmJaQ==/split_MapsDynamite_installtime.apk' with 1 weak references
08-13 16:19:41.861  1282  1338 W system_server: ApkAssets: Deleting an ApkAssets object '<empty> and /data/app/~~xM4Ee-Uqx8b9CkCZgCEgvg==/com.google.android.gms-a8kCRVFYKJeoGN_17pmJaQ==/split_MeasurementDynamite_installtime.apk' with 1 weak references
08-13 16:19:41.861  1282  1338 W system_server: ApkAssets: Deleting an ApkAssets object '<empty> and /system/priv-app/InputDevices/InputDevices.apk' with 1 weak references
08-13 16:19:41.861  1282  1338 W system_server: ApkAssets: Deleting an ApkAssets object '<empty> and /data/app/~~xM4Ee-Uqx8b9CkCZgCEgvg==/com.google.android.gms-a8kCRVFYKJeoGN_17pmJaQ==/split_config.tr.apk' with 1 weak references
08-13 16:19:41.862  1282  1338 W system_server: ApkAssets: Deleting an ApkAssets object '<empty> and /data/app/~~xM4Ee-Uqx8b9CkCZgCEgvg==/com.google.android.gms-a8kCRVFYKJeoGN_17pmJaQ==/split_config.xxhdpi.apk' with 1 weak references
08-13 16:19:41.862  1282  1338 W system_server: ApkAssets: Deleting an ApkAssets object '/product/overlay/GmsQSfastpairOverlay.apk' with 1 weak references
08-13 16:19:41.862  1282  1338 W system_server: ApkAssets: Deleting an ApkAssets object '<empty> and /data/app/~~a8tuY3NoPLKebWIz5ivEnQ==/com.google.android.tts-Owu_S-AAfGUFDkFuWWJXYA==/base.apk' with 1 weak references
08-13 16:19:41.862  1282  1338 W system_server: ApkAssets: Deleting an ApkAssets object '<empty> and /data/app/~~a8tuY3NoPLKebWIz5ivEnQ==/com.google.android.tts-Owu_S-AAfGUFDkFuWWJXYA==/split_config.arm64_v8a.apk' with 1 weak references
08-13 16:19:41.862  1282  1338 W system_server: ApkAssets: Deleting an ApkAssets object '<empty> and /data/app/~~a8tuY3NoPLKebWIz5ivEnQ==/com.google.android.tts-Owu_S-AAfGUFDkFuWWJXYA==/split_config.tr.apk' with 1 weak references
08-13 16:19:41.862  1282  1338 W system_server: ApkAssets: Deleting an ApkAssets object '<empty> and /data/app/~~a8tuY3NoPLKebWIz5ivEnQ==/com.google.android.tts-Owu_S-AAfGUFDkFuWWJXYA==/split_config.xxhdpi.apk' with 1 weak references
08-13 16:19:41.863  1282  1338 W system_server: ApkAssets: Deleting an ApkAssets object '<empty> and /data/app/~~aZjbZZBzhlKuA4kl-9v6NQ==/com.samsung.android.honeyboard-6ixsjxL7h21j1M6_rD73tw==/base.apk' with 1 weak references
08-13 16:19:41.863  1282  1338 W system_server: ApkAssets: Deleting an ApkAssets object '<empty> and /product/app/GoogleCalendarSyncAdapter/GoogleCalendarSyncAdapter.apk' with 1 weak references
08-13 16:19:41.863  1282  1338 W system_server: ApkAssets: Deleting an ApkAssets object '<empty> and /system/app/SmartReminder/SmartReminder.apk' with 1 weak references
08-13 16:19:41.864  1282  1338 W system_server: ApkAssets: Deleting an ApkAssets object '<empty> and /data/app/~~xASCWL01L6ZmBvJTzQflNA==/com.samsung.android.mobileservice-5ALHOfn5V0gSW7PNJuHTKg==/base.apk' with 1 weak references
08-13 16:19:41.865  1282  1338 W system_server: ApkAssets: Deleting an ApkAssets object '<empty> and /data/app/~~Qv1HhkLI2upwCcc-f6tCYQ==/com.samsung.android.scloud-EPx4PkM4AH2h8EEmjgZrig==/base.apk' with 1 weak references
08-13 16:19:41.865  1282  1338 W system_server: ApkAssets: Deleting an ApkAssets object '<empty> and /data/app/~~j5QWeu14ay258fAvz9PoVQ==/com.google.android.apps.docs-3iM6ezkvSW1Cc1j4Lci51w==/base.apk' with 1 weak references
08-13 16:19:41.865  1282  1338 W system_server: ApkAssets: Deleting an ApkAssets object '<empty> and /data/app/~~j5QWeu14ay258fAvz9PoVQ==/com.google.android.apps.docs-3iM6ezkvSW1Cc1j4Lci51w==/split_config.arm64_v8a.apk' with 1 weak references
08-13 16:19:41.865  1282  1338 W system_server: ApkAssets: Deleting an ApkAssets object '<empty> and /data/app/~~j5QWeu14ay258fAvz9PoVQ==/com.google.android.apps.docs-3iM6ezkvSW1Cc1j4Lci51w==/split_config.tr.apk' with 1 weak references
08-13 16:19:41.866  1282  1338 W system_server: ApkAssets: Deleting an ApkAssets object '<empty> and /data/app/~~j5QWeu14ay258fAvz9PoVQ==/com.google.android.apps.docs-3iM6ezkvSW1Cc1j4Lci51w==/split_config.xxhdpi.apk' with 1 weak references
08-13 16:19:41.866  1282  1338 W system_server: ApkAssets: Deleting an ApkAssets object '<empty> and /data/app/~~T--JMRBZzN0Nr7bPitoLkg==/com.microsoft.office.outlook-96jTPvz8eckPAralNXeGKQ==/base.apk' with 1 weak references
08-13 16:19:41.866  1282  1338 W system_server: ApkAssets: Deleting an ApkAssets object '<empty> and /data/app/~~Vr-1E7zJClTuA9DminnWXg==/com.sec.android.app.sbrowser-AR8zkGRpqJsjMDLd1aI1ig==/base.apk' with 1 weak references
08-13 16:19:41.867  1282  1338 W system_server: ApkAssets: Deleting an ApkAssets object '<empty> and /data/app/~~6Lp2k3f8a3p1QkGc2rKcGg==/com.whatsapp--TeUFAvaayu3QpWb_zucXw==/base.apk' with 1 weak references
08-13 16:19:41.868  1282  1338 W system_server: ApkAssets: Deleting an ApkAssets object '<empty> and /data/app/~~aO5TgZzZBtvrLIC86qmDrA==/com.microsoft.appmanager-PGzcRnxD1NHLbxWCn7IjMw==/base.apk' with 1 weak references
08-13 16:19:41.868  1282  1338 W system_server: ApkAssets: Deleting an ApkAssets object '<empty> and /data/app/~~Yla2P3SHwessEyng2yq1Yg==/com.osp.app.signin-GAfa-v85MK-7X1ZJt4O6WA==/base.apk' with 1 weak references
08-13 16:19:41.868  1282  1338 W system_server: ApkAssets: Deleting an ApkAssets object '<empty> and /data/app/~~-0fuQxYZjHD6rkp6jCvbtQ==/com.adobe.reader-WoZtfmxsKC65N2gN7CzX8g==/base.apk' with 1 weak references
08-13 16:19:41.869  1282  1338 W system_server: ApkAssets: Deleting an ApkAssets object '<empty> and /data/app/~~-0fuQxYZjHD6rkp6jCvbtQ==/com.adobe.reader-WoZtfmxsKC65N2gN7CzX8g==/split_ExoPlayerDF.apk' with 1 weak references
08-13 16:19:41.869  1282  1338 W system_server: ApkAssets: Deleting an ApkAssets object '<empty> and /data/app/~~-0fuQxYZjHD6rkp6jCvbtQ==/com.adobe.reader-WoZtfmxsKC65N2gN7CzX8g==/split_ExoPlayerDF.config.tr.apk' with 1 weak references
08-13 16:19:41.869  1282  1338 W system_server: ApkAssets: Deleting an ApkAssets object '<empty> and /data/app/~~-0fuQxYZjHD6rkp6jCvbtQ==/com.adobe.reader-WoZtfmxsKC65N2gN7CzX8g==/split_FASOpenCVDF.apk' with 1 weak references
08-13 16:19:41.869  1282  1338 W system_server: ApkAssets: Deleting an ApkAssets object '<empty> and /data/app/~~-0fuQxYZjHD6rkp6jCvbtQ==/com.adobe.reader-WoZtfmxsKC65N2gN7CzX8g==/split_FASOpenCVDF.config.arm64_v8a.apk' with 1 weak references
08-13 16:19:41.870  1282  1338 W system_server: ApkAssets: Deleting an ApkAssets object '<empty> and /data/app/~~-0fuQxYZjHD6rkp6jCvbtQ==/com.adobe.reader-WoZtfmxsKC65N2gN7CzX8g==/split_LMCODModelDF.apk' with 1 weak references
08-13 16:19:41.870  1282  1338 W system_server: ApkAssets: Deleting an ApkAssets object '<empty> and /data/app/~~-0fuQxYZjHD6rkp6jCvbtQ==/com.adobe.reader-WoZtfmxsKC65N2gN7CzX8g==/split_LMCODModelDF.config.arm64_v8a.apk' with 1 weak references
08-13 16:19:41.870  1282  1338 W system_server: ApkAssets: Deleting an ApkAssets object '<empty> and /data/app/~~-0fuQxYZjHD6rkp6jCvbtQ==/com.adobe.reader-WoZtfmxsKC65N2gN7CzX8g==/split_OCRCoreDF.apk' with 1 weak references
08-13 16:19:41.870  1282  1338 W system_server: ApkAssets: Deleting an ApkAssets object '<empty> and /data/app/~~-0fuQxYZjHD6rkp6jCvbtQ==/com.adobe.reader-WoZtfmxsKC65N2gN7CzX8g==/split_OCRCoreDF.config.arm64_v8a.apk' with 1 weak references
08-13 16:19:41.870  1282  1338 W system_server: ApkAssets: Deleting an ApkAssets object '<empty> and /data/app/~~-0fuQxYZjHD6rkp6jCvbtQ==/com.adobe.reader-WoZtfmxsKC65N2gN7CzX8g==/split_PDFEditFontsDF.apk' with 1 weak references
08-13 16:19:41.870  1282  1338 W system_server: ApkAssets: Deleting an ApkAssets object '<empty> and /data/app/~~-0fuQxYZjHD6rkp6jCvbtQ==/com.adobe.reader-WoZtfmxsKC65N2gN7CzX8g==/split_ScanSDKDF.apk' with 1 weak references
08-13 16:19:41.870  1282  1338 W system_server: ApkAssets: Deleting an ApkAssets object '<empty> and /data/app/~~-0fuQxYZjHD6rkp6jCvbtQ==/com.adobe.reader-WoZtfmxsKC65N2gN7CzX8g==/split_ScanSDKDF.config.arm64_v8a.apk' with 1 weak references
08-13 16:19:41.870  1282  1338 W system_server: ApkAssets: Deleting an ApkAssets object '<empty> and /data/app/~~-0fuQxYZjHD6rkp6jCvbtQ==/com.adobe.reader-WoZtfmxsKC65N2gN7CzX8g==/split_ScanSDKDF.config.tr.apk' with 1 weak references
08-13 16:19:41.870  1282  1338 W system_server: ApkAssets: Deleting an ApkAssets object '<empty> and /data/app/~~-0fuQxYZjHD6rkp6jCvbtQ==/com.adobe.reader-WoZtfmxsKC65N2gN7CzX8g==/split_VADYamnetDF.apk' with 1 weak references
08-13 16:19:41.870  1282  1338 W system_server: ApkAssets: Deleting an ApkAssets object '<empty> and /data/app/~~-0fuQxYZjHD6rkp6jCvbtQ==/com.adobe.reader-WoZtfmxsKC65N2gN7CzX8g==/split_VADYamnetDF.config.arm64_v8a.apk' with 1 weak references
08-13 16:19:41.870  1282  1338 W system_server: ApkAssets: Deleting an ApkAssets object '<empty> and /data/app/~~-0fuQxYZjHD6rkp6jCvbtQ==/com.adobe.reader-WoZtfmxsKC65N2gN7CzX8g==/split_config.arm64_v8a.apk' with 1 weak references
08-13 16:19:41.870  1282  1338 W system_server: ApkAssets: Deleting an ApkAssets object '<empty> and /data/app/~~-0fuQxYZjHD6rkp6jCvbtQ==/com.adobe.reader-WoZtfmxsKC65N2gN7CzX8g==/split_config.tr.apk' with 1 weak references
08-13 16:19:41.870  1282  1338 W system_server: ApkAssets: Deleting an ApkAssets object '<empty> and /data/app/~~-0fuQxYZjHD6rkp6jCvbtQ==/com.adobe.reader-WoZtfmxsKC65N2gN7CzX8g==/split_config.xxhdpi.apk' with 1 weak references
08-13 16:19:41.870  1282  1338 W system_server: ApkAssets: Deleting an ApkAssets object '<empty> and /data/app/~~N6lMwOovgfnaLnjC-uZuDQ==/com.azure.authenticator-Lqs29u1YAJqnRywPNPCVEw==/base.apk' with 1 weak references
08-13 16:19:41.871  1282  1338 W system_server: ApkAssets: Deleting an ApkAssets object '<empty> and /data/app/~~BFjMsxUKzNm7qOaxac_5eg==/com.github.android-mUtD4_JTiAcpnVoBX-D5Qg==/base.apk' with 1 weak references
08-13 16:19:41.871  1282  1338 W system_server: ApkAssets: Deleting an ApkAssets object '<empty> and /data/app/~~BFjMsxUKzNm7qOaxac_5eg==/com.github.android-mUtD4_JTiAcpnVoBX-D5Qg==/split_config.arm64_v8a.apk' with 1 weak references
08-13 16:19:41.871  1282  1338 W system_server: ApkAssets: Deleting an ApkAssets object '<empty> and /data/app/~~BFjMsxUKzNm7qOaxac_5eg==/com.github.android-mUtD4_JTiAcpnVoBX-D5Qg==/split_config.xxhdpi.apk' with 1 weak references
08-13 16:19:41.871  1282  1338 W system_server: ApkAssets: Deleting an ApkAssets object '<empty> and /data/app/~~eYB74FqZ75Zq4qXL6bB1FQ==/com.instagram.android-KcRy76tdieLMfYvSucbDBA==/base.apk' with 1 weak references
08-13 16:19:41.871  1282  1338 W system_server: ApkAssets: Deleting an ApkAssets object '<empty> and /data/app/~~eYB74FqZ75Zq4qXL6bB1FQ==/com.instagram.android-KcRy76tdieLMfYvSucbDBA==/split_arservicesforpersonsegmentation.apk' with 1 weak references
08-13 16:19:41.871  1282  1338 W system_server: ApkAssets: Deleting an ApkAssets object '<empty> and /data/app/~~eYB74FqZ75Zq4qXL6bB1FQ==/com.instagram.android-KcRy76tdieLMfYvSucbDBA==/split_config.xxhdpi.apk' with 1 weak references
08-13 16:19:41.871  1282  1338 W system_server: ApkAssets: Deleting an ApkAssets object '<empty> and /data/app/~~eYB74FqZ75Zq4qXL6bB1FQ==/com.instagram.android-KcRy76tdieLMfYvSucbDBA==/split_executorch.apk' with 1 weak references
08-13 16:19:41.872  1282  1338 W system_server: ApkAssets: Deleting an ApkAssets object '<empty> and /data/app/~~eYB74FqZ75Zq4qXL6bB1FQ==/com.instagram.android-KcRy76tdieLMfYvSucbDBA==/split_heliumcore.apk' with 1 weak references
08-13 16:19:41.872  1282  1338 W system_server: ApkAssets: Deleting an ApkAssets object '<empty> and /data/app/~~eYB74FqZ75Zq4qXL6bB1FQ==/com.instagram.android-KcRy76tdieLMfYvSucbDBA==/split_heliumiab.apk' with 1 weak references
08-13 16:19:41.872  1282  1338 W system_server: ApkAssets: Deleting an ApkAssets object '<empty> and /data/app/~~eYB74FqZ75Zq4qXL6bB1FQ==/com.instagram.android-KcRy76tdieLMfYvSucbDBA==/split_i18n_tr_TR.apk' with 1 weak references
08-13 16:19:41.872  1282  1338 W system_server: ApkAssets: Deleting an ApkAssets object '<empty> and /data/app/~~eYB74FqZ75Zq4qXL6bB1FQ==/com.instagram.android-KcRy76tdieLMfYvSucbDBA==/split_pytorch.apk' with 1 weak references
08-13 16:19:41.872  1282  1338 W system_server: ApkAssets: Deleting an ApkAssets object '<empty> and /data/app/~~eYB74FqZ75Zq4qXL6bB1FQ==/com.instagram.android-KcRy76tdieLMfYvSucbDBA==/split_slam.apk' with 1 weak references
08-13 16:19:41.872  1282  1338 W system_server: ApkAssets: Deleting an ApkAssets object '<empty> and /data/app/~~eYB74FqZ75Zq4qXL6bB1FQ==/com.instagram.android-KcRy76tdieLMfYvSucbDBA==/split_spm.apk' with 1 weak references
08-13 16:19:41.872  1282  1338 W system_server: ApkAssets: Deleting an ApkAssets object '<empty> and /data/app/~~jEB6NUMpA1NMTMQDp_uPWw==/com.microsoft.office.officehubrow-m9IxSG8LmZb6Gxsav3m0Gg==/base.apk' with 1 weak references
08-13 16:19:41.872  1282  1338 W system_server: ApkAssets: Deleting an ApkAssets object '<empty> and /data/app/~~jEB6NUMpA1NMTMQDp_uPWw==/com.microsoft.office.officehubrow-m9IxSG8LmZb6Gxsav3m0Gg==/split_config.tr.apk' with 1 weak references
08-13 16:19:41.872  1282  1338 W system_server: ApkAssets: Deleting an ApkAssets object '<empty> and /data/app/~~jEB6NUMpA1NMTMQDp_uPWw==/com.microsoft.office.officehubrow-m9IxSG8LmZb6Gxsav3m0Gg==/split_config.xxhdpi.apk' with 1 weak references
08-13 16:19:41.873  1282  1338 W system_server: ApkAssets: Deleting an ApkAssets object '<empty> and /data/app/~~jEB6NUMpA1NMTMQDp_uPWw==/com.microsoft.office.officehubrow-m9IxSG8LmZb6Gxsav3m0Gg==/split_dynamic_videoplayback_module.apk' with 1 weak references
08-13 16:19:41.873  1282  1338 W system_server: ApkAssets: Deleting an ApkAssets object '<empty> and /data/app/~~jEB6NUMpA1NMTMQDp_uPWw==/com.microsoft.office.officehubrow-m9IxSG8LmZb6Gxsav3m0Gg==/split_lenssampledoc.apk' with 1 weak references
08-13 16:19:41.873  1282  1338 W system_server: ApkAssets: Deleting an ApkAssets object '<empty> and /data/app/~~jEB6NUMpA1NMTMQDp_uPWw==/com.microsoft.office.officehubrow-m9IxSG8LmZb6Gxsav3m0Gg==/split_mainassetpack.apk' with 1 weak references
08-13 16:19:41.873  1282  1338 W system_server: ApkAssets: Deleting an ApkAssets object '<empty> and /data/app/~~pTsnlYjxrgjoTyZdrn8itA==/com.pinterest--SsGGVEDiC0FWLeKI9a4zg==/base.apk' with 1 weak references
08-13 16:19:41.873  1282  1338 W system_server: ApkAssets: Deleting an ApkAssets object '<empty> and /data/app/~~pTsnlYjxrgjoTyZdrn8itA==/com.pinterest--SsGGVEDiC0FWLeKI9a4zg==/split_config.arm64_v8a.apk' with 1 weak references
08-13 16:19:41.873  1282  1338 W system_server: ApkAssets: Deleting an ApkAssets object '<empty> and /data/app/~~pTsnlYjxrgjoTyZdrn8itA==/com.pinterest--SsGGVEDiC0FWLeKI9a4zg==/split_config.tr.apk' with 1 weak references
08-13 16:19:41.873  1282  1338 W system_server: ApkAssets: Deleting an ApkAssets object '<empty> and /data/app/~~pTsnlYjxrgjoTyZdrn8itA==/com.pinterest--SsGGVEDiC0FWLeKI9a4zg==/split_config.xxhdpi.apk' with 1 weak references
08-13 16:19:41.873  1282  1338 W system_server: ApkAssets: Deleting an ApkAssets object '<empty> and /data/app/~~20yY6QIkFXCJXlpcyO4X6Q==/com.twitter.android-Zqcq_PTUWF5PXHUIEebDSQ==/base.apk' with 1 weak references
08-13 16:19:41.873  1282  1338 W system_server: ApkAssets: Deleting an ApkAssets object '<empty> and /data/app/~~20yY6QIkFXCJXlpcyO4X6Q==/com.twitter.android-Zqcq_PTUWF5PXHUIEebDSQ==/split_config.arm64_v8a.apk' with 1 weak references
08-13 16:19:41.873  1282  1338 W system_server: ApkAssets: Deleting an ApkAssets object '<empty> and /data/app/~~20yY6QIkFXCJXlpcyO4X6Q==/com.twitter.android-Zqcq_PTUWF5PXHUIEebDSQ==/split_config.tr.apk' with 1 weak references
08-13 16:19:41.874  1282  1338 W system_server: ApkAssets: Deleting an ApkAssets object '<empty> and /data/app/~~20yY6QIkFXCJXlpcyO4X6Q==/com.twitter.android-Zqcq_PTUWF5PXHUIEebDSQ==/split_config.xxhdpi.apk' with 1 weak references
08-13 16:19:41.874  1282  1338 W system_server: ApkAssets: Deleting an ApkAssets object '<empty> and /data/app/~~u45gjmy5aOxzYc7gB6SbBQ==/com.google.android.apps.accessibility.voiceaccess-71WQqWyAUuiW9ShZnYN-aw==/base.apk' with 1 weak references
08-13 16:19:41.874  1282  1338 W system_server: ApkAssets: Deleting an ApkAssets object '<empty> and /data/app/~~u45gjmy5aOxzYc7gB6SbBQ==/com.google.android.apps.accessibility.voiceaccess-71WQqWyAUuiW9ShZnYN-aw==/split_config.arm64_v8a.apk' with 1 weak references
08-13 16:19:41.874  1282  1338 W system_server: ApkAssets: Deleting an ApkAssets object '<empty> and /data/app/~~u45gjmy5aOxzYc7gB6SbBQ==/com.google.android.apps.accessibility.voiceaccess-71WQqWyAUuiW9ShZnYN-aw==/split_config.tr.apk' with 1 weak references
08-13 16:19:41.874  1282  1338 W system_server: ApkAssets: Deleting an ApkAssets object '<empty> and /data/app/~~u45gjmy5aOxzYc7gB6SbBQ==/com.google.android.apps.accessibility.voiceaccess-71WQqWyAUuiW9ShZnYN-aw==/split_gaze_detection_feature_module.apk' with 1 weak references
08-13 16:19:41.874  1282  1338 W system_server: ApkAssets: Deleting an ApkAssets object '<empty> and /data/app/~~u45gjmy5aOxzYc7gB6SbBQ==/com.google.android.apps.accessibility.voiceaccess-71WQqWyAUuiW9ShZnYN-aw==/split_gaze_detection_feature_module.config.arm64_v8a.apk' with 1 weak references
08-13 16:19:41.874  1282  1338 W system_server: ApkAssets: Deleting an ApkAssets object '<empty> and /data/app/~~u45gjmy5aOxzYc7gB6SbBQ==/com.google.android.apps.accessibility.voiceaccess-71WQqWyAUuiW9ShZnYN-aw==/split_voiceaccess_deepclu_feature_module.apk' with 1 weak references
08-13 16:19:41.874  1282  1338 W system_server: ApkAssets: Deleting an ApkAssets object '<empty> and /data/app/~~u45gjmy5aOxzYc7gB6SbBQ==/com.google.android.apps.accessibility.voiceaccess-71WQqWyAUuiW9ShZnYN-aw==/split_voiceaccess_deepclu_feature_module.config.arm64_v8a.apk' with 1 weak references
08-13 16:19:41.874  1282  1338 W system_server: ApkAssets: Deleting an ApkAssets object '<empty> and /data/app/~~u45gjmy5aOxzYc7gB6SbBQ==/com.google.android.apps.accessibility.voiceaccess-71WQqWyAUuiW9ShZnYN-aw==/split_voiceaccess_icon_native_feature_module.apk' with 1 weak references
08-13 16:19:41.874  1282  1338 W system_server: ApkAssets: Deleting an ApkAssets object '<empty> and /data/app/~~u45gjmy5aOxzYc7gB6SbBQ==/com.google.android.apps.accessibility.voiceaccess-71WQqWyAUuiW9ShZnYN-aw==/split_voiceaccess_icon_native_feature_module.config.arm64_v8a.apk' with 1 weak references
08-13 16:19:41.874  1282  1338 W system_server: ApkAssets: Deleting an ApkAssets object '<empty> and /system/priv-app/Accessibility/Accessibility.apk' with 1 weak references
08-13 16:19:41.875  1282  1338 W system_server: ApkAssets: Deleting an ApkAssets object '<empty> and /system/priv-app/TalkbackSE/TalkbackSE.apk' with 1 weak references
08-13 16:19:41.875  1282  1338 W system_server: ApkAssets: Deleting an ApkAssets object '<empty> and /data/app/~~Lb4f-pjSpaYAMS8uxiwmXw==/com.ziraat.ziraatmobil--TvEgEdR4aAd2-Hcu73_JA==/base.apk' with 1 weak references
08-13 16:19:41.875  1282  1338 W system_server: ApkAssets: Deleting an ApkAssets object '<empty> and /data/app/~~Lb4f-pjSpaYAMS8uxiwmXw==/com.ziraat.ziraatmobil--TvEgEdR4aAd2-Hcu73_JA==/split_config.arm64_v8a.apk' with 1 weak references
08-13 16:19:41.876  1282  1338 W system_server: ApkAssets: Deleting an ApkAssets object '<empty> and /data/app/~~3U9UVa7q1OojjGSA-9ZHkA==/com.noscroll.antiscroll-8aMW3FtzbC7Uk2hmqkta3Q==/base.apk' with 1 weak references
08-13 16:19:41.876  1282  1338 W system_server: ApkAssets: Deleting an ApkAssets object '<empty> and /data/app/~~Abg8cGkmWkjGOFoqBnpNTw==/com.google.android.googlequicksearchbox-7EFirArtPJoL4d4wWeTQuQ==/base.apk' with 1 weak references
08-13 16:19:41.876  1282  1338 W system_server: ApkAssets: Deleting an ApkAssets object '<empty> and /data/app/~~3U9UVa7q1OojjGSA-9ZHkA==/com.noscroll.antiscroll-8aMW3FtzbC7Uk2hmqkta3Q==/split_config.ar.apk' with 1 weak references
08-13 16:19:41.876  1282  1338 W system_server: ApkAssets: Deleting an ApkAssets object '<empty> and /data/app/~~3U9UVa7q1OojjGSA-9ZHkA==/com.noscroll.antiscroll-8aMW3FtzbC7Uk2hmqkta3Q==/split_config.tr.apk' with 1 weak references
08-13 16:19:41.876  1282  1338 W system_server: ApkAssets: Deleting an ApkAssets object '<empty> and /data/app/~~3U9UVa7q1OojjGSA-9ZHkA==/com.noscroll.antiscroll-8aMW3FtzbC7Uk2hmqkta3Q==/split_config.xxhdpi.apk' with 1 weak references
08-13 16:19:41.877  1282  1338 W system_server: ApkAssets: Deleting an ApkAssets object '<empty> and /data/app/~~Abg8cGkmWkjGOFoqBnpNTw==/com.google.android.googlequicksearchbox-7EFirArtPJoL4d4wWeTQuQ==/split_config.xxhdpi.apk' with 1 weak references
08-13 16:19:41.877  1282  1338 W system_server: ApkAssets: Deleting an ApkAssets object '<empty> and /data/app/~~Abg8cGkmWkjGOFoqBnpNTw==/com.google.android.googlequicksearchbox-7EFirArtPJoL4d4wWeTQuQ==/split_lens_ondevice_engine_feature_module.apk' with 1 weak references
08-13 16:19:41.877  1282  1338 W system_server: ApkAssets: Deleting an ApkAssets object '<empty> and /data/app/~~Abg8cGkmWkjGOFoqBnpNTw==/com.google.android.googlequicksearchbox-7EFirArtPJoL4d4wWeTQuQ==/split_lens_ondevice_engine_play_ml_module.apk' with 1 weak references
08-13 16:19:41.877  1282  1338 W system_server: ApkAssets: Deleting an ApkAssets object '<empty> and /data/app/~~Abg8cGkmWkjGOFoqBnpNTw==/com.google.android.googlequicksearchbox-7EFirArtPJoL4d4wWeTQuQ==/split_tclib_native_feature_module.apk' with 1 weak references
08-13 16:19:41.877  1282  1338 W system_server: ApkAssets: Deleting an ApkAssets object '<empty> and /system/priv-app/SecSettings/SecSettings.apk' with 1 weak references
08-13 16:19:41.877  1282  1338 W system_server: ApkAssets: Deleting an ApkAssets object '<empty> and /data/app/~~k8p7TrOHQP2l5Eh3JnNbgQ==/com.google.audio.hearing.visualization.accessibility.scribe-L9il5iROgVUbiaC2-jlJyw==/base.apk' with 1 weak references
08-13 16:19:41.878  1282  1338 W system_server: ApkAssets: Deleting an ApkAssets object '<empty> and /data/app/~~k8p7TrOHQP2l5Eh3JnNbgQ==/com.google.audio.hearing.visualization.accessibility.scribe-L9il5iROgVUbiaC2-jlJyw==/split_config.arm64_v8a.apk' with 1 weak references
08-13 16:19:41.878  1282  1338 W system_server: ApkAssets: Deleting an ApkAssets object '<empty> and /data/app/~~58kFMO7dmpKIroWrASYMXA==/com.sec.android.app.myfiles-tRIMnWEUMzEkoFWMstcKZg==/base.apk' with 1 weak references
08-13 16:19:41.879  1282  1338 W system_server: ApkAssets: Deleting an ApkAssets object '<empty> and /system/priv-app/SamsungContacts/SamsungContacts.apk' with 1 weak references
08-13 16:19:41.879  1282  1338 W system_server: ApkAssets: Deleting an ApkAssets object '<empty> and /system/app/SamsungCalendar/SamsungCalendar.apk' with 1 weak references
08-13 16:19:41.880  1282  1338 W system_server: ApkAssets: Deleting an ApkAssets object '<empty> and /system/priv-app/SamsungDialer/SamsungDialer.apk' with 1 weak references
08-13 16:19:41.881  1282  1338 W system_server: ApkAssets: Deleting an ApkAssets object '<empty> and /system/priv-app/SamsungMessages/SamsungMessages.apk' with 1 weak references
08-13 16:19:41.881  1282  1338 W system_server: ApkAssets: Deleting an ApkAssets object '<empty> and /system/priv-app/SamsungCamera/SamsungCamera.apk' with 1 weak references
08-13 16:19:41.882  1282  1338 W system_server: ApkAssets: Deleting an ApkAssets object '<empty> and /data/app/~~HD3ya-MYNDMOUYzdfBUz0Q==/com.sec.android.gallery3d-280kknMPJw0mB9ZCXtFsMA==/base.apk' with 1 weak references
08-13 16:19:41.882  1282  1338 W system_server: ApkAssets: Deleting an ApkAssets object '<empty> and /data/app/~~fPh6e4OoI2X5n0FRZ2BMCw==/com.samsung.android.app.notes-AN37pj8tEIZd0VUIy6IAkw==/base.apk' with 1 weak references
08-13 16:19:41.883  1282  1338 W system_server: ApkAssets: Deleting an ApkAssets object '<empty> and /data/app/~~Yh5LsWoiB1qB8c8F12v6XQ==/com.sec.android.app.clockpackage-kgQimUow2M0raDqKqZqTLQ==/base.apk' with 1 weak references
08-13 16:19:41.883  1282  1338 W system_server: ApkAssets: Deleting an ApkAssets object '<empty> and /data/app/~~po9zVylEnup_7_Pq-BIo3w==/com.sec.android.app.voicenote-oZgBPa8rzCo53QfPLj7LqA==/base.apk' with 1 weak references
08-13 16:19:41.884 19872 21126 I SCS@AiSearch user 0: (IndexSearcherManager) [androidx.work-3] leaving from refreshSearcherManager():
08-13 16:19:41.884 19872 21126 I SCS@AiSearch user 0: (IndexManager) [androidx.work-3] leaving from updateIndex, result = true():
08-13 16:19:41.884 19872 21126 I SCS@AiSearch user 0: (AppsDataObserver) [androidx.work-3] leaving from execute():  result is true
08-13 16:19:41.884 19872 21126 I SCS@AiSearch user 0: (AppsDataWorker) [androidx.work-3] leaving from doWork():
08-13 16:19:41.884 19872 32272 I SCS@AiSearch user 0: (IndexManager) [pool-24-thread-1] entering in commitIndexWriter():
08-13 16:19:41.885 19872 19914 I WM-WorkerWrapper: Worker result SUCCESS for Work [ id=9c867e3e-e6c9-495d-bd58-2b48efc8e42c, tags={ com.samsung.android.scs.ai.search.data.apps.AppsDataWorker, CMD_UPDATE_LIST } ]
08-13 16:19:41.892  1282  1338 W System  : A resource failed to call release.
08-13 16:19:41.913 19872 32272 I SCS@AiSearch user 0: (IndexManager) [pool-24-thread-1] leaving from commitIndexWriter():
08-13 16:19:41.923  5596  5596 W WindowOnBackDispatcher: OnBackInvokedCallback is not enabled for the application.
08-13 16:19:41.923  5596  5596 W WindowOnBackDispatcher: Set 'android:enableOnBackInvokedCallback="true"' in the application manifest.
08-13 16:19:42.058  1062  5684 I HYPER-HAL: [RequestManager.cpp]releaseLocked(): Released ID : 849577
08-13 16:19:42.215  5596  5596 I Choreographer: Skipped 37 frames!  The application may be doing too much work on its main thread.
08-13 16:19:42.249  1062  5682 I HYPER-HAL: [RequestManager.cpp]releaseLocked(): Released ID : 9603167
08-13 16:19:42.260  4917  4917 I InputMethodService: removeImeSurface
08-13 16:19:42.260  4917  4917 I InputMethodService: cancelImeSurfaceRemoval: removeCallbacks
08-13 16:19:42.311  4855  4855 I [SC_ScreenRecorder]_FloatingButtonView: 00:00:09
08-13 16:19:42.364  1282  4407 V GrammaticalInflectionUtils: AttributionSource: AttributionSource { uid = 10419, packageName = null, attributionTag = null, token = android.os.Binder@88f1d92, deviceId = 0, next = null } does not have READ_SYSTEM_GRAMMATICAL_GENDER permission.
08-13 16:19:42.367  1111  1163 I SurfaceFlinger: id=233519 createSurf, flag=24004, Task=2218#233519
08-13 16:19:42.367  1282  2936 I SemDvfsHyPerManager: acquire hyper - AMS_APP_SWITCH/1282@26, type = -999
08-13 16:19:42.368  1062  1149 I HYPER-HAL: [RequestManager.cpp]acquire(): Acquired ID : 856112  [1282 / 26]    HINT : AMS_APP_SWITCH    list :
08-13 16:19:42.369  1111  1163 I SurfaceFlinger: id=233520 createSurf, flag=84004, ActivityRecord{d04e285 u0 com.example.cupcake.test/androidx.test.core.app.InstrumentationActivityInvoker$EmptyActivity t2218}#233520
08-13 16:19:42.371  4368  4368 I SemDvfsHyPerManager: acquire hyper - APP_START_SHORT/4368@14, type = -999
08-13 16:19:42.372  1062  1149 I HYPER-HAL: [RequestManager.cpp]acquire(): Acquired ID : 9603167  [4368 / 14]    HINT : APP_START    list : [TIMEOUT / 1500]
08-13 16:19:42.374  1111  1111 I SurfaceFlinger: [Task=2218#233519] attach to parent LayerHierarchy{RequestedLayerState{DefaultTaskDisplayArea_d0#11 parentId=10} 9 children}
08-13 16:19:42.374  1111  1111 I SurfaceFlinger: [ActivityRecord{d04e285 u0 com.example.cupcake.test/androidx.test.core.app.InstrumentationActivityInvoker$EmptyActivity t2218}#233520] attach to parent LayerHierarchy{RequestedLayerState{Task=2218#233519 parentId=11} 1 children}
08-13 16:19:42.379  1282  4407 I SemDvfsHyPerManager: acquire hyper - AMS_APP_LAUNCH/1282@21, type = -999
08-13 16:19:42.379  1062  1149 I HYPER-HAL: [RequestManager.cpp]acquire(): Acquired ID : 849577  [1282 / 21]    HINT : AMS_APP_LAUNCH    list :
08-13 16:19:42.383  2127  2334 I ViewRootImpl: dVRR is disabled
08-13 16:19:42.383  1111  1111 I BpBinder: onLastStrongRef automatically unlinking death recipients:
08-13 16:19:42.383  5596  5596 D LifecycleMonitor: Lifecycle status change: androidx.activity.ComponentActivity@fe50a0b in: PAUSED
08-13 16:19:42.384  5596  5596 V ActivityScenario: Update currentActivityStage to PAUSED, currentActivity=androidx.activity.ComponentActivity@fe50a0b
08-13 16:19:42.385  4368  4368 I SemDvfsHyPerManager: acquire hyper - APP_START/4368@16, type = -999
08-13 16:19:42.386  1062  1149 I HYPER-HAL: [RequestManager.cpp]acquire(): Acquired ID : 9611936  [4368 / 16]    HINT : APP_START    list :
08-13 16:19:42.389  2127  2390 D NativeCustomFrequencyManager: [NativeCFMS] BpCustomFrequencyManager::BpCustomFrequencyManager()
08-13 16:19:42.392  1244 15899 I CameraService: onUidStateChanged: uid=10043, procState is changed. (0 -> 1)
