08-13 16:20:00.467  2742  2742 I HoneySpace.RectFAnimation: animateToFinalPosition RectF(3.555481, 11.483948, 1076.4446, 2332.9204)
08-13 16:20:00.468  5596  5596 I VRI[ComponentActivity]@c0e418e: Relayout returned: old=(0,0,1080,2340) new=(0,0,1080,2340) relayoutAsync=false req=(1080,2340)8 dur=5 res=0x2 s={false 0x0} ch=true seqId=0
08-13 16:20:00.468  5596  5596 D VRI[ComponentActivity]@c0e418e: Not drawing due to not visible. Reason=!mAppVisible && !mForceDecorViewVisibility
08-13 16:20:00.469  2742  4755 I VRI[LauncherActivity]@3489192: mWNT: t=0xb40000760925f710 mBlastBufferQueue=0xb4000075190bf790 fn= 3 HdrRenderState mRenderHdrSdrRatio=1.0 caller= com.android.systemui.shared.launcher.ViewRootImplCompat.mergeWithNextTransaction:4 com.honeyspace.transition.utils.SurfaceTransactionApplier.scheduleApply$lambda$1:26 com.honeyspace.transition.utils.SurfaceTransactionApplier.b:0
08-13 16:20:00.470  5596  5596 I VRI[ComponentActivity]@c0e418e: stopped(true) old = false
08-13 16:20:00.470  5596  5596 D VRI[ComponentActivity]@c0e418e: WindowStopped on com.example.cupcake/androidx.activity.ComponentActivity set to true
08-13 16:20:00.470  1111  1730 I SurfaceFlinger: id=233883 createSurf, flag=24000, Surface(name=e1cb319 com.example.cupcake.test/androidx.test.core.app.InstrumentationActivityInvoker$EmptyActivity)/@0x7d3dab2 - animation-leash of starting_reveal#233883
08-13 16:20:00.471  1111  1111 D SurfaceFlinger: Display 4633128672291735932 HWC layers:
08-13 16:20:00.471  1111  1111 D SurfaceFlinger:        DEVICE |   0xb4000079e28a2d90 | 0001 | RGBA_8888    |    0.0    0.0 1080.0 2340.0 |    0    0 1080 2340 | com.example.cupcake.test/androidx.te[...]tyInvoker$EmptyActivity$_5736#233869 (1)
08-13 16:20:00.471  1111  1111 D SurfaceFlinger:        DEVICE |   0xb4000079e292ed90 | 0001 | RGBA_8888    |    0.0    0.0 1080.0 2340.0 |    0    0 1080 2340 | Splash Screen com.example.cupcake.test$_2127#233862 (1)
08-13 16:20:00.471  1111  1111 D SurfaceFlinger:        DEVICE |   0xb4000079e28ca710 | 0001 | RGBA_8888    |    0.0    0.0 1080.0   80.0 |    0    0 1080   80 | StatusBar$_2127#106 (79590)
08-13 16:20:00.471  1111  1111 D SurfaceFlinger:        DEVICE |   0xb4000079e2935310 | 0001 | RGBA_8888    |    0.0    0.0 1080.0  135.0 |    0 2205 1080 2340 | NavigationBar0$_2127#101 (129988)
08-13 16:20:00.471  1111  1111 D SurfaceFlinger:        DEVICE |   0xb4000079e28c8410 | 0001 | RGBA_8888    |    0.0  249.0 1034.0  827.0 |   46    0 1080  578 | $_4855#233489 (395)
08-13 16:20:00.471  1111  1111 D SurfaceFlinger:
08-13 16:20:00.471  5596  5687 D HWUI    : CacheManager::trimMemory(20)
08-13 16:20:00.471  1111  1111 E SurfaceFlinger: alpha changed 0.000 -> 1.000 - Surface(name=Task=1)/@0x9b49002_transition-leash#233880
08-13 16:20:00.471  1111  1111 I SurfaceFlinger: [Surface(name=RemoteWallpaperAnim:1:1)/@0xcc52fc5 - animation-leash of remote_wallpaper#233882] attach to parent LayerHierarchy{RequestedLayerState{OneHanded:0:14#4 parentId=3} 5 children}
08-13 16:20:00.471  1111  1111 I SurfaceFlinger: [Surface(name=e1cb319 com.example.cupcake.test/androidx.test.core.app.InstrumentationActivityInvoker$EmptyActivity)/@0x7d3dab2 - animation-leash of starting_reveal#233883] attach to parent LayerHierarchy{RequestedLayerState{ActivityRecord{7803601 u0 com.example.cupcake.test/androidx.test.core.app.InstrumentationActivityInvoker$EmptyActivity t2236}#233860 parentId=233859} 4 children}
08-13 16:20:00.475  5596  5596 D LifecycleMonitor: Lifecycle status change: androidx.activity.ComponentActivity@40d8fdb in: STOPPED
08-13 16:20:00.476  5596  5596 V ActivityScenario: Update currentActivityStage to STOPPED, currentActivity=androidx.activity.ComponentActivity@40d8fdb
08-13 16:20:00.476  2742  2742 I HoneySpace.RectFAnimation: animateToFinalPosition RectF(3.555481, 23.759033, 1076.4446, 2345.1956)
08-13 16:20:00.476  2742  2742 I HoneySpace.RectFAnimation: animateToFinalPosition RectF(14.666016, 47.817688, 1065.334, 2311.4243)
08-13 16:20:00.477  2742  2742 I HoneySpace.RectFAnimation: animateToFinalPosition RectF(14.666016, 47.817688, 1065.334, 2311.4243)
08-13 16:20:00.480  2127  2303 D ShellTaskOrganizer: removeStartingWindow, removalInfo=StartingWindowRemovalInfo{taskId=2236 frame=Rect(0, 0 - 1080, 2340) playRevealAnimation=true roundedCornerRadius=0.0 deferRemoveMode=0 windowlessSurface=false removeImmediately=false}
08-13 16:20:00.483  2742  2742 I HoneySpace.RectFAnimation: animateToFinalPosition RectF(14.666016, 62.327515, 1065.334, 2325.9343)
08-13 16:20:00.483  2742  2742 I HoneySpace.RectFAnimation: animateToFinalPosition RectF(27.242676, 89.47626, 1052.7573, 2287.8257)
08-13 16:20:00.484  1111  1111 D SurfaceFlinger: Display 4633128672291735932 HWC layers:
08-13 16:20:00.484  1111  1111 D SurfaceFlinger:        DEVICE |   0xb4000079e28c6110 | 0000 | RGBA_8888    |    0.0    0.0 1080.0 2340.0 |    0    0 1080 2340 | Wallpaper BBQ wrapper 5_system#82 (19)
08-13 16:20:00.484  1111  1111 D SurfaceFlinger:        DEVICE |   0xb4000079e2942f90 | 0001 | RGBA_8888    |    0.0    0.0 1080.0 2340.0 |    0    0 1080 2340 | com.sec.android.app.launcher/com.sec[...]vities.LauncherActivity$_2742#233876 (2)
08-13 16:20:00.484  1111  1111 D SurfaceFlinger:        CLIENT |   0xb4000079e28a2d90 | 0001 | RGBA_8888    |    0.0    0.0 1080.0 2340.0 |    0    0 1080 2340 | com.example.cupcake.test/androidx.te[...]tyInvoker$EmptyActivity$_5736#233869 (1)
08-13 16:20:00.484  1111  1111 D SurfaceFlinger:        CLIENT |   0xb4000079e292ed90 | 0001 | RGBA_8888    |    0.0    0.0 1080.0 2340.0 |    0    0 1080 2340 | Splash Screen com.example.cupcake.test$_2127#233862 (1)
08-13 16:20:00.484  1111  1111 D SurfaceFlinger:        DEVICE |   0xb4000079e28c9c90 | 0001 | RGBA_8888    |    0.0    0.0 1080.0   80.0 |    0    0 1080   80 | StatusBar$_2127#106 (79591)
08-13 16:20:00.484  1111  1111 D SurfaceFlinger:        DEVICE |   0xb4000079e2935310 | 0001 | RGBA_8888    |    0.0    0.0 1080.0  135.0 |    0 2205 1080 2340 | NavigationBar0$_21
08-13 16:20:00.484  1111  1111 D SurfaceFlinger: 27#101 (129988)
08-13 16:20:00.484  1111  1111 D SurfaceFlinger:        DEVICE |   0xb4000079e28c8410 | 0001 | RGBA_8888    |    0.0  249.0 1034.0  827.0 |   46    0 1080  578 | $_4855#233489 (395)
08-13 16:20:00.484  1111  1111 D SurfaceFlinger:
08-13 16:20:00.484  2742  4754 I VRI[LauncherActivity]@3489192: mWNT: t=0xb4000076092af810 mBlastBufferQueue=0xb4000075190bf790 fn= 4 HdrRenderState mRenderHdrSdrRatio=1.0 caller= com.android.systemui.shared.launcher.ViewRootImplCompat.mergeWithNextTransaction:4 com.honeyspace.transition.utils.SurfaceTransactionApplier.scheduleApply$lambda$1:26 com.honeyspace.transition.utils.SurfaceTransactionApplier.b:0
08-13 16:20:00.486  1282  4902 D InputDispatcher: Focus entered window (0): c2c214a com.sec.android.app.launcher/com.sec.android.app.launcher.activities.LauncherActivity
08-13 16:20:00.487  2742  4755 I VRI[LauncherActivity]@3489192: mWNT: t=0xb40000760932bf90 mBlastBufferQueue=0xb4000075190bf790 fn= 5 HdrRenderState mRenderHdrSdrRatio=1.0 caller= com.android.systemui.shared.launcher.ViewRootImplCompat.mergeWithNextTransaction:4 com.honeyspace.transition.utils.SurfaceTransactionApplier.scheduleApply$lambda$1:26 com.honeyspace.transition.utils.SurfaceTransactionApplier.b:0
08-13 16:20:00.490  2127  2938 I VRI[test]@ddf07ed: mWNT: t=0xb4000076091a5490 mBlastBufferQueue=0xb40000751914e3f0 fn= 2 HdrRenderState mRenderHdrSdrRatio=1.0 caller= android.view.SyncRtSurfaceTransactionApplier.applyTransaction:96 android.view.SyncRtSurfaceTransactionApplier.lambda$scheduleApply$0:69 android.view.SyncRtSurfaceTransactionApplier.$r8$lambda$afI4fXg3U3-nBZQEDQMiNy-B06s:0
08-13 16:20:00.490  2127  2938 I VRI[test]@ddf07ed: mWNT: t=0xb4000076091a4f50 mBlastBufferQueue=0xb40000751914e3f0 fn= 2 HdrRenderState mRenderHdrSdrRatio=1.0 caller= android.view.SyncRtSurfaceTransactionApplier.applyTransaction:96 android.view.SyncRtSurfaceTransactionApplier.lambda$scheduleApply$0:69 android.view.SyncRtSurfaceTransactionApplier.$r8$lambda$afI4fXg3U3-nBZQEDQMiNy-B06s:0
08-13 16:20:00.492  1282  1447 I SurfaceControl: apply, lowDebugName=startRemoteWallpaperAnimation_57693373 CreateStartingRevealAnim, caller=android.view.SurfaceControl$Transaction.apply:3122 android.view.SurfaceControl$Transaction.apply:3078 com.android.server.wm.WindowAnimator.animate:380 com.android.server.wm.WindowAnimator$$ExternalSyntheticLambda1.doFrame:14 android.view.Choreographer$CallbackRecord.run:1749 android.view.Choreographer$CallbackRecord.run:1760
08-13 16:20:00.493  2742  1824 I HoneySpace.HistoryViewModel@160600677@OneUI: Illegal access. Unknown type. skip load history items
08-13 16:20:00.493  2742  2742 I InputMethodManager: startInputInner - IInputMethodManagerGlobalInvoker.startInputOrWindowGainedFocus
08-13 16:20:00.495  2742  2742 I HoneySpace.RectFAnimation: animateToFinalPosition RectF(27.242676, 122.49756, 1052.7573, 2320.847)
08-13 16:20:00.495  2742  2742 I HoneySpace.RectFAnimation: animateToFinalPosition RectF(54.378296, 180.79803, 1025.6217, 2239.0107)
08-13 16:20:00.498  1282  4902 I AccessibilityManagerService: semIsAccessibilityServiceEnabled()
08-13 16:20:00.498  1282  1615 I AccessibilityManagerService: semIsAccessibilityServiceEnabled()
08-13 16:20:00.499  1282  2477 I AccessibilityManagerService: semIsAccessibilityServiceEnabled()
08-13 16:20:00.500  1282  1444 D PkgPredictorService-SecIpmManagerServiceImpl: bg information pid:5596 uid:10418 pkgName:com.example.cupcake
08-13 16:20:00.503  1282  1696 I ImeTracker: com.sec.android.app.launcher:2700a463: onRequestHide at ORIGIN_SERVER reason HIDE_UNSPECIFIED_WINDOW fromUser false
08-13 16:20:00.503  1282  1696 I ImeTracker: com.sec.android.app.launcher:2700a463: onCancelled at PHASE_SERVER_SHOULD_HIDE
08-13 16:20:00.505  1282  1696 D InputTransport: Input channel constructed: 'ClientS', fd=1025
08-13 16:20:00.505  1282  1696 D InputTransport: Input channel destroyed: 'ClientS', fd=1025
08-13 16:20:00.505  5596  5596 D LifecycleMonitor: Lifecycle status change: androidx.activity.ComponentActivity@40d8fdb in: DESTROYED
08-13 16:20:00.506  5596  5596 V ActivityScenario: Update currentActivityStage to DESTROYED, currentActivity=null
08-13 16:20:00.506  1111  1111 I SurfaceFlinger: [LayerHierarchy{RequestedLayerState{RemoteWallpaperAnim:1:1#7 parentId=233882 z=1} 1 children}] reparent to LayerHierarchy{RequestedLayerState{Surface(name=RemoteWallpaperAnim:1:1)/@0xcc52fc5 - animation-leash of remote_wallpaper#233882 parentId=4} 1 children}
08-13 16:20:00.506  1111  1111 I SurfaceFlinger: [LayerHierarchy{RequestedLayerState{e1cb319 com.example.cupcake.test/androidx.test.core.app.InstrumentationActivityInvoker$EmptyActivity#233863 parentId=233883} 1 children}] reparent to LayerHierarchy{RequestedLayerState{Surface(name=e1cb319 com.example.cupcake.test/androidx.test.core.app.InstrumentationActivityInvoker$EmptyActivity)/@0x7d3dab2 - animation-leash of starting_reveal#233883 parentId=233860} 1 children}
08-13 16:20:00.506  5596  5596 W WindowOnBackDispatcher: sendCancelIfRunning: isInProgress=false callback=android.view.ViewRootImpl$$ExternalSyntheticLambda15@330e89a
08-13 16:20:00.507  4917  4917 I HBD     : HoneyBoardService onFinishInput
08-13 16:20:00.507  1111  1730 I SurfaceFlinger: id=233884 createSurf, flag=24004, Surface(name=39a4c69 InputMethod)/@0x97414dd - animation-leash of insets_animation#233884
08-13 16:20:00.507  4917  4917 I HBD     : a IC have been unbinding,  RemoteInputConnection{idHash=#884cccc}
08-13 16:20:00.507  4917  4917 I HBD     : HoneyBoardService [PF_CL][onFinishInput]  0 ms
08-13 16:20:00.507  4917  4917 I HBD     : HoneyBoardService [IMI] onStartInput - caller pid : 2742 , caller uid : 10132
08-13 16:20:00.507  4917  4917 I HBD     : t updateConfigs
08-13 16:20:00.507  4917  4917 I HBD     : t isEnabledNightMode : true
08-13 16:20:00.507  4917  4917 I HBD     : a IC have been binding, RemoteInputConnection{idHash=#8b98b15}
08-13 16:20:00.507  4917  4917 I HBD     : g [EditorInputType]setPrivateImeOptionsToTable privateImeOptions ( null )
08-13 16:20:00.507  4917  4917 I HBD     : b incognitoMode : false
08-13 16:20:00.507  4917  4917 I HBD     : b needOff = true , isForceOff = false, isNullInputClass : true
08-13 16:20:00.507  4917  4917 I HBD     : g getDefaultInputRange : UNKNOWN
08-13 16:20:00.507  4917  4917 I HBD     : g getDefaultInputRange : UNKNOWN
08-13 16:20:00.507  4917  4917 I HBD     : g getDefaultInputRange : UNKNOWN
08-13 16:20:00.508  4917  4917 I HBD     : b needOff = true , isForceOff = false, isNullInputClass : true
08-13 16:20:00.508  4917  4917 I HBD     : b update cached prediction status : false
08-13 16:20:00.509  4917  4917 I HBD     : g getDefaultInputRange : UNKNOWN
08-13 16:20:00.509  4917  4917 I HBD     : a currentState : 0
08-13 16:20:00.510  4917  4917 I HBD     : a [UpdatePolicy] [post] a: 0 cl: 4325376 kit: [0/26] vt: 0 ir: 1
08-13 16:20:00.514  5596  5687 D HWUI    : CacheManager::trimMemory(20)
08-13 16:20:00.515  2742  6279 I HoneySpace.WallpaperAnimator: onAnimationStart, wallpapers: Surface(name=Surface(name=RemoteWallpaperAnim:1:1)/@0xcc52fc5 - animation-leash of remote_wallpaper)/@0x70aace3
08-13 16:20:00.515  5596  5596 I VRI[ComponentActivity]@c0e418e: dispatchDetachedFromWindow
08-13 16:20:00.517  1282  3681 D InputTransport: Input channel destroyed: 'ebb4998', fd=1018
08-13 16:20:00.517  1282  3681 W InputManager-JNI: Input channel object 'ebb4998 com.example.cupcake/androidx.activity.ComponentActivity (client)' was disposed without first being removed with the input manager!
08-13 16:20:00.517  1282  3681 D InputTransport: Input channel destroyed: 'ebb4998', fd=1026
08-13 16:20:00.519  2127  2937 I VRI[test]@ddf07ed: mWNT: t=0xb4000076091e6cd0 mBlastBufferQueue=0xb40000751914e3f0 fn= 3 HdrRenderState mRenderHdrSdrRatio=1.0 caller= android.view.SyncRtSurfaceTransactionApplier.applyTransaction:96 android.view.SyncRtSurfaceTransactionApplier.lambda$scheduleApply$0:69 android.view.SyncRtSurfaceTransactionApplier.$r8$lambda$afI4fXg3U3-nBZQEDQMiNy-B06s:0
08-13 16:20:00.521  2742  2742 I HoneySpace.RectFAnimation: animateToFinalPosition RectF(54.378296, 276.3145, 1025.6217, 2334.527)
08-13 16:20:00.521  2742  2742 I HoneySpace.RectFAnimation: animateToFinalPosition RectF(125.11456, 426.72913, 954.88544, 2123.3906)
08-13 16:20:00.521  5596  5596 D InputTransport: Input channel destroyed: 'ebb4998', fd=98
08-13 16:20:00.522  1111  1111 I SurfaceFlinger: [Surface(name=39a4c69 InputMethod)/@0x97414dd - animation-leash of insets_animation#233884] attach to parent LayerHierarchy{RequestedLayerState{WindowToken{72c0868 type=2011 android.os.Binder@fb66f8b}#121 parentId=16} 2 children}
08-13 16:20:00.522  5596  5596 D InputTransport: Input channel destroyed: 'ClientS', fd=144
08-13 16:20:00.524  1111  1732 I SurfaceFlinger: id=233885 createSurf, flag=24004, Task=2235#233885
08-13 16:20:00.524  2742  4754 I VRI[LauncherActivity]@3489192: mWNT: t=0xb4000076092b4350 mBlastBufferQueue=0xb4000075190bf790 fn= 6 HdrRenderState mRenderHdrSdrRatio=1.0 caller= com.android.systemui.shared.launcher.ViewRootImplCompat.mergeWithNextTransaction:4 com.honeyspace.transition.utils.SurfaceTransactionApplier.scheduleApply$lambda$1:26 com.honeyspace.transition.utils.SurfaceTransactionApplier.b:0
08-13 16:20:00.524  1111  1163 I SurfaceFlinger: id=233855 Removed c7a9052 ActivityRecordInputSink com.example.cupcake/androidx.activity.ComponentActivity#233855 (181)
08-13 16:20:00.526  4917  4917 I HBD     : a [NRIC] resetNoResponseState
08-13 16:20:00.526  2742  2742 I HoneySpace.WallpaperAnimator: startWallpaperAnimation, isOpen-false, from:1.3, to:1.0, duration:1200
08-13 16:20:00.526  4917  4917 I HBD     : b needOff = true , isForceOff = false, isNullInputClass : true
08-13 16:20:00.526  4917  4917 I HBD     : b update cached prediction status : false
08-13 16:20:00.526  4917  4917 I HBD     : c [AiWriter] setContact : com.sec.android.app.launcher
08-13 16:20:00.526  2742  2742 I HoneySpace.WallpaperAnimator: wallpaper animation start [66018410]
08-13 16:20:00.526  4917  4917 I HBD     : a [AiWriter] setContact : com.sec.android.app.launcher
08-13 16:20:00.527  4917  4917 I HBD     : b needOff = true , isForceOff = false, isNullInputClass : true
08-13 16:20:00.527  4917  4917 I HBD     : b getTBC , flag: 1 , start: 0 , end: 0 , length: 0 , composingLength: 0 , isKCC: false
08-13 16:20:00.527  2742  4755 I VRI[LauncherActivity]@3489192: mWNT: t=0xb400007609275350 mBlastBufferQueue=0xb4000075190bf790 fn= 7 HdrRenderState mRenderHdrSdrRatio=1.0 caller= com.android.systemui.shared.launcher.ViewRootImplCompat.mergeWithNextTransaction:4 com.honeyspace.transition.utils.SurfaceTransactionApplier.scheduleApply$lambda$1:26 com.honeyspace.transition.utils.SurfaceTransactionApplier.b:0
08-13 16:20:00.528  2742  2742 I HoneySpace.RectFAnimation: animateToFinalPosition RectF(125.11456, 455.85657, 954.88544, 2152.518)
08-13 16:20:00.528  2742  2742 I HoneySpace.RectFAnimation: animateToFinalPosition RectF(144.92401, 497.5755, 935.076, 2093.957)
08-13 16:20:00.533  2742  1824 I HoneySpace.RecentTasks: onRecentTasksChanged
08-13 16:20:00.533  1244  6944 I CameraService: onUidStateChanged: uid=10043, procState is changed. (1 -> 0)
08-13 16:20:00.537  2127  2127 I WallpaperService: resized: system, reportDraw=false, forceLayout=false, displayId=0
08-13 16:20:00.537  4855  4855 I VRI[]@2d78463: handleResized, frames=ClientWindowFrames{frame=[46,-249][1359,578] display=[-100000,-100000][100000,100000] parentFrame=[0,0][0,0]} displayId=0 dragResizing=false compatScale=1.0 frameChanged=false attachedFrameChanged=false configChanged=false displayChanged=false compatScaleChanged=false dragResizingChanged=false
08-13 16:20:00.537  2127  2127 I VRI[StatusBar]@1c497cd: handleResized, frames=ClientWindowFrames{frame=[0,0][1080,80] display=[0,0][1080,2340] parentFrame=[0,0][0,0]} displayId=0 dragResizing=false compatScale=1.0 frameChanged=false attachedFrameChanged=false configChanged=false displayChanged=false compatScaleChanged=false dragResizingChanged=false
08-13 16:20:00.537  2127  2127 I VRI[NavigationBar0]@9ffebdc: handleResized, frames=ClientWindowFrames{frame=[0,2205][1080,2340] display=[0,0][1080,2340] parentFrame=[0,0][0,0]} displayId=0 dragResizing=false compatScale=1.0 frameChanged=false attachedFrameChanged=false configChanged=false displayChanged=false compatScaleChanged=false dragResizingChanged=false
08-13 16:20:00.537  2127  2436 I WallpaperService: handleResized: which=5, reportDraw=false
08-13 16:20:00.537  2127  2436 I WallpaperService: updateSurface system forceRelayout=true forceReport=false redrawNeeded=false myWidth=-1 myHeight=-1 fixedSize=false x = 0 y = 0 mWidth=-1 mHeight=-1
08-13 16:20:00.537  2127  2436 I WallpaperService: maxBounds : Rect(0, 0 - 1080, 2340) , mDeviceHeight : 2340, mDeviceWidth : 1080,mDeviceRotation  : 0
08-13 16:20:00.538  2127  2436 I WallpaperService: updateSurface: invoke Session.relayout
08-13 16:20:00.538  1282  3179 V WindowManager: Relayout Window{866bb5d u0 com.android.systemui.wallpapers.ImageWallpaper}: viewVisibility=0 req=-1x-1 ty=2013 d0
08-13 16:20:00.541  2742  1824 I HoneySpace.HistoryViewModel@160600677@OneUI: Illegal access. Unknown type. skip load history items
08-13 16:20:00.542  1282  3179 V WindowManager: Relayout hash=866bb5d, pid=2127, syncId=-1: mAttrs={(0,0)(fillxfill) gr=TOP START CENTER layoutInDisplayCutoutMode=always ty=WALLPAPER fmt=RGBX_8888 wanim=0x1030323
08-13 16:20:00.542  1282  3179 V WindowManager:   fl=10318
08-13 16:20:00.542  1282  3179 V WindowManager:   pfl=14
08-13 16:20:00.542  1282  3179 V WindowManager:   bhv=1
08-13 16:20:00.542  1282  3179 V WindowManager:   frameRateBoostOnTouch=true
08-13 16:20:00.542  1282  3179 V WindowManager:   dvrrWindowFrameRateHint=true naviIconColor=0}
08-13 16:20:00.542  2127  2127 D SystemUIService: SYSUI_RAM_OPTIMIZATION onTrimMemory=20
08-13 16:20:00.542  2127  2127 D CentralSurfaces: SYSUI_RAM_OPTIMIZATION onTrimMemory=20
08-13 16:20:00.544  2127  2436 I BLASTBufferQueue_Java: update, w= 1080 h= 2340 mName = Wallpaper mNativeObject= 0xb4000075190bd210 sc.mNativeObject= 0xb4000076190b77d0 format= 2 caller= android.service.wallpaper.WallpaperService$Engine.getOrCreateBLASTSurface:2887 android.service.wallpaper.WallpaperService$Engine.updateSurface:1643 android.service.wallpaper.WallpaperService$IWallpaperEngineWrapper.handleResized:3483 android.service.wallpaper.WallpaperService$IWallpaperEngineWrapper.executeMessage:3402 com.android.internal.os.HandlerCaller$MyHandler.handleMessage:44 android.os.Handler.dispatchMessage:107
08-13 16:20:00.544  2127  2436 I BLASTBufferQueue: [Wallpaper#1](f:0,a:1,s:0) update width=1080 height=2340 format=2 mTransformHint=0
08-13 16:20:00.547  1111  1111 I SurfaceFlinger: [LayerHierarchy{RequestedLayerState{ImeContainer#16 parentId=123 relativeParentId=124 z=1} 1 children}] reparent to LayerHierarchy{RequestedLayerState{ActivityRecord{b3168b5 u0 com.sec.android.app.launcher/.activities.LauncherActivity t6}#123 parentId=122} 3 children}
08-13 16:20:00.547  1111  1111 I SurfaceFlinger: [LayerHierarchy{RequestedLayerState{ImeContainer#16 parentId=123 relativeParentId=124 z=1} 1 children}] RelativeParent to LayerHierarchy{RequestedLayerState{c2c214a com.sec.android.app.launcher/com.sec.android.app.launcher.activities.LauncherActivity#124 parentId=123} 2 children}
08-13 16:20:00.547  1111  1111 I SurfaceFlinger: [LayerHierarchy{RequestedLayerState{com.example.cupcake/androidx.activity.ComponentActivity$_5596#233851} no children}] reparent to OffscreenRoot
08-13 16:20:00.547  1111  1111 I SurfaceFlinger: [LayerHierarchy{RequestedLayerState{com.example.cupcake/androidx.activity.ComponentActivity$_5596#233851} no children}] RelativeParent to null
08-13 16:20:00.547  1111  1111 I SurfaceFlinger: [LayerHierarchy{RequestedLayerState{39a4c69 InputMethod#135 parentId=233884} no children}] reparent to LayerHierarchy{RequestedLayerState{Surface(name=39a4c69 InputMethod)/@0x97414dd - animation-leash of insets_animation#233884 parentId=121} 1 children}
08-13 16:20:00.547  1111  1111 I SurfaceFlinger: [LayerHierarchy{RequestedLayerState{ActivityRecord{4d69c20 u0 com.example.cupcake/androidx.activity.ComponentActivity t2235}#233847} 2 children}] reparent to OffscreenRoot
08-13 16:20:00.547  1111  1111 I SurfaceFlinger: [LayerHierarchy{RequestedLayerState{ActivityRecord{4d69c20 u0 com.example.cupcake/androidx.activity.ComponentActivity t2235}#233847} 2 children}] RelativeParent to null
08-13 16:20:00.547  1111  1111 I SurfaceFlinger: [LayerHierarchy{RequestedLayerState{Surface(name=39a4c69 InputMethod)/@0x97414dd - animation-leash of insets_animation#233857} no children}] reparent to OffscreenRoot
08-13 16:20:00.547  1111  1111 I SurfaceFlinger: [LayerHierarchy{RequestedLayerState{Surface(name=39a4c69 InputMethod)/@0x97414dd - animation-leash of insets_animation#233857} no children}] RelativeParent to null
08-13 16:20:00.547  1111  1111 I SurfaceFlinger: [LayerHierarchy{RequestedLayerState{ebb4998 com.example.cupcake/androidx.activity.ComponentActivity#233850} no children}] reparent to OffscreenRoot
08-13 16:20:00.547  1111  1111 I SurfaceFlinger: [LayerHierarchy{RequestedLayerState{ebb4998 com.example.cupcake/androidx.activity.ComponentActivity#233850} no children}] RelativeParent to null
08-13 16:20:00.547  1111  1111 I SurfaceFlinger: [LayerHierarchy{RequestedLayerState{Task=2235#233846 z=3} no children}] reparent to OffscreenRoot
08-13 16:20:00.547  1111  1111 I SurfaceFlinger: [LayerHierarchy{RequestedLayerState{Task=2235#233846 z=3} no children}] RelativeParent to null
08-13 16:20:00.547  1111  1111 I SurfaceFlinger: [Task=2235#233885] attach to parent OffscreenRoot
08-13 16:20:00.549  5596  5677 D IdlingRegistry: Unregistering idling resources: [androidx.compose.ui.test.EspressoLink@15f27f4]
08-13 16:20:00.550  1111  1111 I SurfaceFlinger: id=233850 Removed ebb4998 com.example.cupcake/androidx.activity.ComponentActivity#233850 (181)
08-13 16:20:00.550  1111  1111 I SurfaceFlinger: id=233851 Removed com.example.cupcake/androidx.activity.ComponentActivity$_5596#233851 (181)
08-13 16:20:00.550  1111  1111 I SurfaceFlinger: id=233847 Removed ActivityRecord{4d69c20 u0 com.example.cupcake/androidx.activity.ComponentActivity t2235}#233847 (181)
08-13 16:20:00.551  1111  1111 I SurfaceFlinger: id=233857 Removed Surface(name=39a4c69 InputMethod)/@0x97414dd - animation-leash of insets_animation#233857 (181)
08-13 16:20:00.551  1062  6316 I HYPER-HAL: [RequestManager.cpp]releaseLocked(): Released ID : 850882
08-13 16:20:00.552  5596  5677 I TestRunner: finished: cupcakeNavHost_clickNextOnFlavorScreen_navigatesToPickupScreen(com.example.cupcake.test.CupcakeScreenNavigationTest)
