08-13 16:19:45.636  2127  2334 I InsetsController: onStateChanged: host=Splash Screen com.example.cupcake.test, from=android.view.ViewRootImpl.setView:1999, state=InsetsState: {mDisplayFrame=Rect(0, 0 - 1080, 2340), mDisplayCutout=DisplayCutout{insets=Rect(0, 80 - 0, 0) waterfall=Insets{left=0, top=0, right=0, bottom=0} boundingRect={Bounds=[Rect(0, 0 - 0, 0), Rect(511, 0 - 569, 80), Rect(0, 0 - 0, 0), Rect(0, 0 - 0, 0)]} cutoutPathParserInfo={CutoutPathParserInfo{displayWidth=1080 displayHeight=2340 physicalDisplayWidth=1080 physicalDisplayHeight=2340 density={2.8125} cutoutSpec={M 0,0 M 0,7.822222222222222‬‬ a 10.31111111111111‬,10.31111111111111‬ 0 1,0 0,20.62222222222222‬ a 10.31111111111111‬,10.31111111111111‬ 0 1,0 0,-20.62222222222222‬ Z @dp} rotation={0} scale={1.0} physicalPixelDisplaySizeRatio={1.0}}} sideOverrides={}}, mRoundedCorners=RoundedCorners{[RoundedCorner{position=TopLeft, radius=113, center=Point(113, 113)}, RoundedCorner{position=TopRight, radius=113, center=Point(967, 113)}, RoundedCorner{position=BottomRight, radius=113, center=Point(967, 2227)}, RoundedCorner{position=BottomLeft, radius=113, center=Point(113, 2227)}]}  mRoundedCornerFrame=Rect(0, 0 - 1080, 2340), mPrivacyIndicatorBounds=PrivacyIndicatorBounds {static bounds=Rect(956, 0 - 1080, 80) rotation=0}, mDisplayShape=DisplayShape{ spec=-311912193 displayWidth=1080 displayHeight=2340 physicalPixelDisplaySizeRatio=1.0 rotation=0 offsetX=0 offsetY=0 scale=1.0}, mSources= { InsetsSource: {b9640000 mType=statusBars mFrame=[0,0][1080,80] mVisible=true mFlags= mSideHint=TOP mBoundingRects=null}, InsetsSource: {b9640005 mType=mandatorySystemGestures mFrame=[0,0][1080,114] mVisible=true mFlags= mSideHint=TOP mBoundingRects=null}, InsetsSource: {b9640006 mType=tappableElement mFrame=[0,0][1080,80] mVisible=true mFlags= mSideHint=TOP mBoundingRects=null}, InsetsSource: {d8440001 mType=navigationBars mFrame=[0,2298][1080,2340] mVisible=true mFlags=SUPPRESS_SCRIM mSideHint=BOTTOM mBoundingRects=null}, InsetsSource: {d8440004 mType=systemGestures mFrame=[0,0][63,2340] mVisible=true mFlags= mSideHint=LEFT mBoundingRects=null}, InsetsSource: {d8440005 mType=mandatorySystemGestures mFrame=[0,2250][1080,2340] mVisible=true mFlags= mSideHint=BOTTOM mBoundingRects=null}, InsetsSource: {d8440006 mType=tappableElement mFrame=[0,0][0,0] mVisible=true mFlags= mSideHint=NONE mBoundingRects=null}, InsetsSource: {d8440024 mType=systemGestures mFrame=[1017,0][1080,2340] mVisible=true mFlags= mSideHint=RIGHT mBoundingRects=null}, InsetsSource: {3 mType=ime mFrame=[0,0][0,0] mVisible=false mFlags= mSideHint=NONE mBoundingRects=null}, InsetsSource: {27 mType=displayCutout mFrame=[0,0][1080,80] mVisible=true mFlags= mSideHint=TOP mBoundingRects=null} }
08-13 16:19:45.637  2127  2334 I VRI[test]@7285a12: synced displayState. AttachInfo displayState=2
08-13 16:19:45.637  2742  1824 I HoneySpace.RecentTasks: onRecentTasksChanged
08-13 16:19:45.638  2742  1821 I HoneySpace.RecentTasks: onRecentTasksChanged
08-13 16:19:45.640  1282  1967 D AS.MultiSoundManager: mForegroundUid = 10419
08-13 16:19:45.647  5736  5736 I DecorView: setWindowBackground: isPopOver=false color=ffffffff d=android.graphics.drawable.ColorDrawable@4d38385
08-13 16:19:45.647  2742  2887 I HoneySpace.TopTaskSource: onTaskFocusChanged(): taskId = 2220
08-13 16:19:45.647 21624 21938 I Rubin   : [92] U9.g.x(Unknown Source) : Notify com.samsung.android.rubin.inferenceengine.contextanalytics.engine.loggers.AppUsageLogger's database is updated.
08-13 16:19:45.648  2742  2887 I HoneySpace.TopTaskSource: onTaskMovedToFront : taskId = 2220, displayId = 0
08-13 16:19:45.648  1282  1444 D PkgPredictorService-SecIpmManagerServiceImpl: onForegroundActivitiesChanged pid:5736 uid:10419
08-13 16:19:45.648  1282  1444 D NetworkPolicy: already checked 10419
08-13 16:19:45.649  1282  2840 V PkgPredictorService-SecIpmManagerServiceImpl: discard foreground app:com.example.cupcake.test 1|true
08-13 16:19:45.650  1282  2049 D SemWifiTransportLayerMonitor.TcpMonitorHandler: MSG_SAVE_PACKAGE_INFO
08-13 16:19:45.650  1282  2049 D SemWifiTransportLayerFileManager: saveWifiPackageInfoToFile
08-13 16:19:45.650  1282  2049 D SemWifiTransportLayerFileManager: writeWifiPackageInfoList
08-13 16:19:45.651  2127  2127 I {OngoingActivityController}: onTaskFocusChanged focused:false, baseActivity:ComponentInfo{com.example.cupcake/androidx.activity.ComponentActivity}
08-13 16:19:45.659  1111  1111 I SurfaceFlinger: [LayerHierarchy{RequestedLayerState{ImeContainer#16 parentId=233547 relativeParentId=233547 z=1} 1 children}] RelativeParent to null
08-13 16:19:45.660  1111  1111 I BpBinder: onLastStrongRef automatically unlinking death recipients:
08-13 16:19:45.665  2127  2127 I {OngoingActivityController}: onTaskFocusChanged focused:true, baseActivity:ComponentInfo{com.example.cupcake.test/androidx.test.core.app.InstrumentationActivityInvoker$EmptyActivity}
08-13 16:19:45.666 23813 30394 W FA      : Failed to retrieve Firebase Instance Id
08-13 16:19:45.667  2127  2127 I {OngoingActivityDataHelper}: setBaseActivityComponentName:ComponentInfo{com.example.cupcake.test/androidx.test.core.app.InstrumentationActivityInvoker$EmptyActivity}
08-13 16:19:45.668  1111  1209 D SurfaceFlinger: [input] setFocusedWindow: <null>
08-13 16:19:45.671  1282  1341 D InputDispatcher: Once focus requested (0): <null>
08-13 16:19:45.671  1282  1341 D InputDispatcher: Focus request (0): <null> but waiting because NO_WINDOW
08-13 16:19:45.671  1282  1341 D InputDispatcher: Focus left window (0): ad78991 com.example.cupcake/androidx.activity.ComponentActivity
08-13 16:19:45.672  3974  4027 E d       : (Berry)(1.16)handleAudioPathTask() : can't get dual play mode - Attempt to invoke virtual method 'boolean android.bluetooth.BluetoothA2dp.semIsDualPlayMode()' on a null object reference
08-13 16:19:45.673  2127  2334 I VRI[test]@7285a12: setView = android.widget.FrameLayout@c72d60c IsHRR=false TM=true
08-13 16:19:45.674  2742 31227 I HoneySpace.HistoryViewModel@160600677@OneUI: Illegal access. Unknown type. skip load history items
08-13 16:19:45.674  2127  2390 D HWUI    : HWUI - treat SMPTE_170M as sRGB
08-13 16:19:45.677  5736  5736 I ViewRootImpl: dVRR is disabled
08-13 16:19:45.677  5736  5756 D NativeCustomFrequencyManager: [NativeCFMS] BpCustomFrequencyManager::BpCustomFrequencyManager()
08-13 16:19:45.685  5596  5596 I ImeFocusController: onPreWindowFocus: skipped hasWindowFocus=false mHasImeFocus=true
08-13 16:19:45.685  5596  5596 I ImeFocusController: onPostWindowFocus: skipped hasWindowFocus=false mHasImeFocus=true
08-13 16:19:45.687  1282  4376 D InputTransport: Input channel constructed: 'dec2438', fd=1026
08-13 16:19:45.687  1282  4376 D InputTransport: Input channel constructed: 'dec2438', fd=1032
08-13 16:19:45.688  1282  4376 D InputTransport: Input channel constructed: 'dec2438', fd=1035
08-13 16:19:45.688  1111  1730 I SurfaceFlinger: id=233563 createSurf, flag=84004, dec2438 com.example.cupcake.test/androidx.test.core.app.InstrumentationActivityInvoker$EmptyActivity#233563
08-13 16:19:45.690  1282  4376 D InputTransport: Input channel destroyed: 'dec2438', fd=1035
08-13 16:19:45.690  5736  5736 D InputTransport: Input channel constructed: 'dec2438', fd=125
08-13 16:19:45.691  5736  5736 I InsetsController: onStateChanged: host=com.example.cupcake.test/androidx.test.core.app.InstrumentationActivityInvoker$EmptyActivity, from=android.view.ViewRootImpl.setView:1999, state=InsetsState: {mDisplayFrame=Rect(0, 0 - 1080, 2340), mDisplayCutout=DisplayCutout{insets=Rect(0, 80 - 0, 0) waterfall=Insets{left=0, top=0, right=0, bottom=0} boundingRect={Bounds=[Rect(0, 0 - 0, 0), Rect(511, 0 - 569, 80), Rect(0, 0 - 0, 0), Rect(0, 0 - 0, 0)]} cutoutPathParserInfo={CutoutPathParserInfo{displayWidth=1080 displayHeight=2340 physicalDisplayWidth=1080 physicalDisplayHeight=2340 density={2.8125} cutoutSpec={M 0,0 M 0,7.822222222222222‬‬ a 10.31111111111111‬,10.31111111111111‬ 0 1,0 0,20.62222222222222‬ a 10.31111111111111‬,10.31111111111111‬ 0 1,0 0,-20.62222222222222‬ Z @dp} rotation={0} scale={1.0} physicalPixelDisplaySizeRatio={1.0}}} sideOverrides={}}, mRoundedCorners=RoundedCorners{[RoundedCorner{position=TopLeft, radius=113, center=Point(113, 113)}, RoundedCorner{position=TopRight, radius=113, center=Point(967, 113)}, RoundedCorner{position=BottomRight, radius=113, center=Point(967, 2227)}, RoundedCorner{position=BottomLeft, radius=113, center=Point(113, 2227)}]}  mRoundedCornerFrame=Rect(0, 0 - 1080, 2340), mPrivacyIndicatorBounds=PrivacyIndicatorBounds {static bounds=Rect(956, 0 - 1080, 80) rotation=0}, mDisplayShape=DisplayShape{ spec=-311912193 displayWidth=1080 displayHeight=2340 physicalPixelDisplaySizeRatio=1.0 rotation=0 offsetX=0 offsetY=0 scale=1.0}, mSources= { InsetsSource: {b9640000 mType=statusBars mFrame=[0,0][1080,80] mVisible=true mFlags= mSideHint=TOP mBoundingRects=null}, InsetsSource: {b9640005 mType=mandatorySystemGestures mFrame=[0,0][1080,114] mVisible=true mFlags= mSideHint=TOP mBoundingRects=null}, InsetsSource: {b9640006 mType=tappableElement mFrame=[0,0][1080,80] mVisible=true mFlags= mSideHint=TOP mBoundingRects=null}, InsetsSource: {d8440001 mType=navigationBars mFrame=[0,2298][1080,2340] mVisible=true mFlags=SUPPRESS_SCRIM mSideHint=BOTTOM mBoundingRects=null}, InsetsSource: {d8440004 mType=systemGestures mFrame=[0,0][63,2340] mVisible=true mFlags= mSideHint=LEFT mBoundingRects=null}, InsetsSource: {d8440005 mType=mandatorySystemGestures mFrame=[0,2250][1080,2340] mVisible=true mFlags= mSideHint=BOTTOM mBoundingRects=null}, InsetsSource: {d8440006 mType=tappableElement mFrame=[0,0][0,0] mVisible=true mFlags= mSideHint=NONE mBoundingRects=null}, InsetsSource: {d8440024 mType=systemGestures mFrame=[1017,0][1080,2340] mVisible=true mFlags= mSideHint=RIGHT mBoundingRects=null}, InsetsSource: {3 mType=ime mFrame=[0,0][0,0] mVisible=false mFlags= mSideHint=NONE mBoundingRects=null}, InsetsSource: {27 mType=displayCutout mFrame=[0,0][1080,80] mVisible=true mFlags= mSideHint=TOP mBoundingRects=null} }
08-13 16:19:45.692  1111  1111 I SurfaceFlinger: [dec2438 com.example.cupcake.test/androidx.test.core.app.InstrumentationActivityInvoker$EmptyActivity#233563] attach to parent LayerHierarchy{RequestedLayerState{ActivityRecord{572c131 u0 com.example.cupcake.test/androidx.test.core.app.InstrumentationActivityInvoker$EmptyActivity t2220}#233561 parentId=233560} 2 children}
08-13 16:19:45.693  5736  5736 I VRI[InstrumentationActivityInvoker$EmptyActivity]@d16d0e8: synced displayState. AttachInfo displayState=2
08-13 16:19:45.701 21624 21938 I Rubin   : [92] com.samsung.android.rubin.inferenceengine.contextanalytics.engine.monitors.moment.exercise.ExercisingWithCmhMonitor.isSatisfiedByCmh(Unknown Source) : isSatisfiedByCmh is false
08-13 16:19:45.702  1282  2477 V WindowManager: Relayout Window{e8fd88f u0 Splash Screen com.example.cupcake.test}: viewVisibility=0 req=1080x2340 ty=3 d0
08-13 16:19:45.703  1111  1732 I SurfaceFlinger: id=233564 createSurf, flag=44004, Splash Screen com.example.cupcake.test$_2127#233564
08-13 16:19:45.704  2742  1821 I HoneySpace.HistoryViewModel@160600677@OneUI: Illegal access. Unknown type. skip load history items
08-13 16:19:45.708  1282  2477 V WindowManager: Relayout hash=e8fd88f, pid=2127, syncId=-1: mAttrs={(0,0)(fillxfill) sim={adjust=pan} layoutInDisplayCutoutMode=always ty=APPLICATION_STARTING fmt=TRANSLUCENT
08-13 16:19:45.708  1282  2477 V WindowManager:   fl=81030118
08-13 16:19:45.708  1282  2477 V WindowManager:   pfl=10000810
08-13 16:19:45.708  1282  2477 V WindowManager:   apr=18
08-13 16:19:45.708  1282  2477 V WindowManager:   bhv=1
08-13 16:19:45.708  1282  2477 V WindowManager:   fitSides=0
08-13 16:19:45.708  1282  2477 V WindowManager:   frameRateBoostOnTouch=true
08-13 16:19:45.708  1282  2477 V WindowManager:   dvrrWindowFrameRateHint=true naviIconColor=0}
08-13 16:19:45.711  5736  5736 I VRI[InstrumentationActivityInvoker$EmptyActivity]@d16d0e8: setView = com.android.internal.policy.DecorView@ad83be7 IsHRR=false TM=true
08-13 16:19:45.713  5736  5756 D HWUI    : HWUI - treat SMPTE_170M as sRGB
08-13 16:19:45.714  1111  1111 I SurfaceFlinger: [Splash Screen com.example.cupcake.test$_2127#233564] attach to parent LayerHierarchy{RequestedLayerState{e8fd88f Splash Screen com.example.cupcake.test#233562 parentId=233561 z=2147483647} 1 children}
08-13 16:19:45.716  2127  2334 I BLASTBufferQueue_Java: new BLASTBufferQueue, mName= VRI[test]@7285a12 mNativeObject= 0xb4000075190e1430 sc.mNativeObject= 0xb400007619123710 caller= android.view.ViewRootImpl.updateBlastSurfaceIfNeeded:3397 android.view.ViewRootImpl.relayoutWindow:11361 android.view.ViewRootImpl.performTraversals:4544 android.view.ViewRootImpl.doTraversal:3708 android.view.ViewRootImpl$TraversalRunnable.run:12542 android.view.Choreographer$CallbackRecord.run:1751 android.view.Choreographer$CallbackRecord.run:1760 android.view.Choreographer.doCallbacks:1216 android.view.Choreographer.doFrame:1142 android.view.Choreographer$FrameDisplayEventReceiver.run:1707
08-13 16:19:45.716  2127  2334 I BLASTBufferQueue_Java: update, w= 1080 h= 2340 mName = VRI[test]@7285a12 mNativeObject= 0xb4000075190e1430 sc.mNativeObject= 0xb400007619123710 format= -3 caller= android.graphics.BLASTBufferQueue.<init>:88 android.view.ViewRootImpl.updateBlastSurfaceIfNeeded:3397 android.view.ViewRootImpl.relayoutWindow:11361 android.view.ViewRootImpl.performTraversals:4544 android.view.ViewRootImpl.doTraversal:3708 android.view.ViewRootImpl$TraversalRunnable.run:12542
08-13 16:19:45.717  2127  2334 I VRI[test]@7285a12: Relayout returned: old=(0,0,1080,2340) new=(0,0,1080,2340) relayoutAsync=false req=(1080,2340)0 dur=30 res=0x3 s={true 0xb4000075e9189ed0} ch=true seqId=0
08-13 16:19:45.718  2127  2334 I VRI[test]@7285a12: performConfigurationChange setNightDimText nightDimLevel=0
08-13 16:19:45.718  2127  2334 D VRI[test]@7285a12: mThreadedRenderer.initialize() mSurface={isValid=true 0xb4000075e9189ed0} hwInitialized=true
08-13 16:19:45.719  2127  2334 D VRI[test]@7285a12: reportNextDraw android.view.ViewRootImpl.performTraversals:5193 android.view.ViewRootImpl.doTraversal:3708 android.view.ViewRootImpl$TraversalRunnable.run:12542 android.view.Choreographer$CallbackRecord.run:1751 android.view.Choreographer$CallbackRecord.run:1760
08-13 16:19:45.719  2127  2334 D VRI[test]@7285a12: Setup new sync=wmsSync-VRI[test]@7285a12#78
08-13 16:19:45.719  2127  2334 I VRI[test]@7285a12: Creating new active sync group VRI[test]@7285a12#79
08-13 16:19:45.719  2127  2334 D VRI[test]@7285a12: registerCallbacksForSync syncBuffer=false
08-13 16:19:45.721  2742  1824 I HoneySpace.RecentTasks: onRecentTasksChanged
08-13 16:19:45.725  2127  2938 D VRI[test]@7285a12: Received frameDrawingCallback syncResult=0 frameNum=1.
08-13 16:19:45.726  2127  2938 I VRI[test]@7285a12: mWNT: t=0xb40000760918e510 mBlastBufferQueue=0xb4000075190e1430 fn= 1 HdrRenderState mRenderHdrSdrRatio=1.0 caller= android.view.ViewRootImpl$11.onFrameDraw:15016 android.view.ThreadedRenderer$1.onFrameDraw:761 <bottom of call stack>
08-13 16:19:45.726  1282  4376 V WindowManager: Relayout Window{dec2438 u0 com.example.cupcake.test/androidx.test.core.app.InstrumentationActivityInvoker$EmptyActivity}: viewVisibility=0 req=1080x2340 ty=1 d0
08-13 16:19:45.727  1111  1163 I SurfaceFlinger: id=233565 createSurf, flag=44004, com.example.cupcake.test/androidx.test.core.app.InstrumentationActivityInvoker$EmptyActivity$_5736#233565
08-13 16:19:45.727  2742  1824 I HoneySpace.HistoryViewModel@160600677@OneUI: Illegal access. Unknown type. skip load history items
08-13 16:19:45.728  2127  2938 I VRI[test]@7285a12: Setting up sync and frameCommitCallback
08-13 16:19:45.730  1111  1162 I SurfaceFlinger: id=233566 createSurf, flag=24000, Surface(name=8a94d40 NavigationBar0)/@0x65d636d - animation-leash of insets_animation#233566
08-13 16:19:45.731  2127  2390 I BLASTBufferQueue: [VRI[test]@7285a12#13519](f:0,a:0,s:0) onFrameAvailable the first frame is available
08-13 16:19:45.732  2127  2390 I VRI[test]@7285a12: Received frameCommittedCallback lastAttemptedDrawFrameNum=1 didProduceBuffer=true
08-13 16:19:45.732  1111  1730 I SurfaceFlinger: [Splash Screen com.example.cupcake.test$_2127#233564] setTransactionState with the first frame. bufferData(ID: 9135395538139, frameNumber: 1)
08-13 16:19:45.732  2127  2390 D HWUI    : CFMS:: SetUp Pid : 2127    Tid : 2390
08-13 16:19:45.733  2127  2334 D VRI[test]@7285a12: reportDrawFinished seqId=0
08-13 16:19:45.733  2127  2127 D Bubbles : onEntryUpdated : shouldBubbleUp=false ,key=0|com.samsung.android.app.smartcapture|1332|null|10190
08-13 16:19:45.733  2127  2127 D InterruptionStateProvider:  no Heads up : edgelighting enabled app. 0|com.samsung.android.app.smartcapture|1332|null|10190
08-13 16:19:45.733  1111  1730 I SurfaceFlinger: id=233567 createSurf, flag=24000, Surface(name=e0324bb StatusBar)/@0x8487ff0 - animation-leash of insets_animation#233567
08-13 16:19:45.736  1282  4376 I SystemKeyManager: requested systemKeyInfo size=2 focusedWindow=com.example.cupcake.test/androidx.test.core.app.InstrumentationActivityInvoker$EmptyActivity
08-13 16:19:45.736  1282  4376 V WindowManager: Relayout hash=dec2438, pid=5736, syncId=-1: mAttrs={(0,0)(fillxfill) sim={adjust=pan forwardNavigation} layoutInDisplayCutoutMode=always ty=BASE_APPLICATION
08-13 16:19:45.736  1282  4376 V WindowManager:   fl=81810100
08-13 16:19:45.736  1282  4376 V WindowManager:   pfl=100088c0
08-13 16:19:45.736  1282  4376 V WindowManager:   bhv=1
08-13 16:19:45.736  1282  4376 V WindowManager:   fitSides=0
08-13 16:19:45.736  1282  4376 V WindowManager:   frameRateBoostOnTouch=true
08-13 16:19:45.736  1282  4376 V WindowManager:   dvrrWindowFrameRateHint=true naviIconColor=0}
08-13 16:19:45.741  5736  5736 I BLASTBufferQueue_Java: new BLASTBufferQueue, mName= VRI[InstrumentationActivityInvoker$EmptyActivity]@d16d0e8 mNativeObject= 0xb4000075190ad810 sc.mNativeObject= 0xb4000076190b2010 caller= android.view.ViewRootImpl.updateBlastSurfaceIfNeeded:3397 android.view.ViewRootImpl.relayoutWindow:11361 android.view.ViewRootImpl.performTraversals:4544 android.view.ViewRootImpl.doTraversal:3708 android.view.ViewRootImpl$TraversalRunnable.run:12542 android.view.Choreographer$CallbackRecord.run:1751 android.view.Choreographer$CallbackRecord.run:1760 android.view.Choreographer.doCallbacks:1216 android.view.Choreographer.doFrame:1142 android.view.Choreographer$FrameDisplayEventReceiver.run:1707
08-13 16:19:45.741  5736  5736 I BLASTBufferQueue_Java: update, w= 1080 h= 2340 mName = VRI[InstrumentationActivityInvoker$EmptyActivity]@d16d0e8 mNativeObject= 0xb4000075190ad810 sc.mNativeObject= 0xb4000076190b2010 format= -1 caller= android.graphics.BLASTBufferQueue.<init>:88 android.view.ViewRootImpl.updateBlastSurfaceIfNeeded:3397 android.view.ViewRootImpl.relayoutWindow:11361 android.view.ViewRootImpl.performTraversals:4544 android.view.ViewRootImpl.doTraversal:3708 android.view.ViewRootImpl$TraversalRunnable.run:12542
08-13 16:19:45.742  5736  5736 I VRI[InstrumentationActivityInvoker$EmptyActivity]@d16d0e8: Relayout returned: old=(0,0,1080,2340) new=(0,0,1080,2340) relayoutAsync=false req=(1080,2340)0 dur=22 res=0x3 s={true 0xb4000075e90ec630} ch=true seqId=0
08-13 16:19:45.743  5736  5736 I VRI[InstrumentationActivityInvoker$EmptyActivity]@d16d0e8: performConfigurationChange setNightDimText nightDimLevel=0
08-13 16:19:45.743  2127  2127 D SubscreenNotificationListCoordinator: onAfterRenderList() isSubScreen = false, pluginLockMode = 0, doNotShowOnCover = false
08-13 16:19:45.744  5736  5736 D VRI[InstrumentationActivityInvoker$EmptyActivity]@d16d0e8: mThreadedRenderer.initialize() mSurface={isValid=true 0xb4000075e90ec630} hwInitialized=true
08-13 16:19:45.744  2127  2127 D SecKeyguardClockPositionAlgorithm: getTopMargin scale = 1.2690217, clockContainerHeight = 389, scaleMarginY = -41
08-13 16:19:45.746  5736  5736 D VRI[InstrumentationActivityInvoker$EmptyActivity]@d16d0e8: reportNextDraw android.view.ViewRootImpl.performTraversals:5193 android.view.ViewRootImpl.doTraversal:3708 android.view.ViewRootImpl$TraversalRunnable.run:12542 android.view.Choreographer$CallbackRecord.run:1751 android.view.Choreographer$CallbackRecord.run:1760
08-13 16:19:45.746  2127  2127 I LockscreenNotificationIconsOnlyController: onNotificationInfoUpdated 0
08-13 16:19:45.746  2127  2127 I AODNotificationManager: updateNotification()
08-13 16:19:45.746  5736  5736 D VRI[InstrumentationActivityInvoker$EmptyActivity]@d16d0e8: Setup new sync=wmsSync-VRI[InstrumentationActivityInvoker$EmptyActivity]@d16d0e8#2
08-13 16:19:45.746  5736  5736 I VRI[InstrumentationActivityInvoker$EmptyActivity]@d16d0e8: Creating new active sync group VRI[InstrumentationActivityInvoker$EmptyActivity]@d16d0e8#3
08-13 16:19:45.746  1111  1111 I SurfaceFlinger: [LayerHierarchy{RequestedLayerState{8a94d40 NavigationBar0#88 parentId=233566} 1 children}] reparent to LayerHierarchy{RequestedLayerState{Surface(name=8a94d40 NavigationBar0)/@0x65d636d - animation-leash of insets_animation#233566 parentId=87} 1 children}
08-13 16:19:45.746  1111  1111 I SurfaceFlinger: [LayerHierarchy{RequestedLayerState{e0324bb StatusBar#95 parentId=233567} 1 children}] reparent to LayerHierarchy{RequestedLayerState{Surface(name=e0324bb StatusBar)/@0x8487ff0 - animation-leash of insets_animation#233567 parentId=94} 1 children}
08-13 16:19:45.746  1111  1111 I SurfaceFlinger: [LayerHierarchy{RequestedLayerState{Surface(name=8a94d40 NavigationBar0)/@0x65d636d - animation-leash of insets_animation#233552} no children}] reparent to OffscreenRoot
08-13 16:19:45.746  1111  1111 I SurfaceFlinger: [LayerHierarchy{RequestedLayerState{Surface(name=8a94d40 NavigationBar0)/@0x65d636d - animation-leash of insets_animation#233552} no children}] RelativeParent to null
08-13 16:19:45.746  1111  1111 I SurfaceFlinger: [LayerHierarchy{RequestedLayerState{Surface(name=e0324bb StatusBar)/@0x8487ff0 - animation-leash of insets_animation#233553} no children}] reparent to OffscreenRoot
08-13 16:19:45.746  1111  1111 I SurfaceFlinger: [LayerHierarchy{RequestedLayerState{Surface(name=e0324bb StatusBar)/@0x8487ff0 - animation-leash of insets_animation#233553} no children}] RelativeParent to null
08-13 16:19:45.746  1111  1111 I SurfaceFlinger: [com.example.cupcake.test/androidx.test.core.app.InstrumentationActivityInvoker$EmptyActivity$_5736#233565] attach to parent LayerHierarchy{RequestedLayerState{dec2438 com.example.cupcake.test/androidx.test.core.app.InstrumentationActivityInvoker$EmptyActivity#233563 parentId=233561} 1 children}
08-13 16:19:45.746  1111  1111 I SurfaceFlinger: [Surface(name=8a94d40 NavigationBar0)/@0x65d636d - animation-leash of insets_animation#233566] attach to parent LayerHierarchy{RequestedLayerState{WindowToken{4aa5472 type=2019 android.os.BinderProxy@bd187d4}#87 parentId=31} 1 children}
08-13 16:19:45.746  1111  1111 I SurfaceFlinger: [Surface(name=e0324bb StatusBar)/@0x8487ff0 - animation-leash of insets_animation#233567] attach to parent LayerHierarchy{RequestedLayerState{WindowToken{b8fcd4a type=2000 android.os.BinderProxy@ecaaeec}#94 parentId=19} 1 children}
08-13 16:19:45.747  5736  5736 D VRI[InstrumentationActivityInvoker$EmptyActivity]@d16d0e8: registerCallbacksForSync syncBuffer=false
08-13 16:19:45.747  1111  1111 I SurfaceFlinger: id=233553 Removed Surface(name=e0324bb StatusBar)/@0x8487ff0 - animation-leash of insets_animation#233553 (161)
08-13 16:19:45.747  1111  1111 I SurfaceFlinger: id=233552 Removed Surface(name=8a94d40 NavigationBar0)/@0x65d636d - animation-leash of insets_animation#233552 (161)
08-13 16:19:45.752  1244  6944 I CameraService: onUidStateChanged: uid=10219, procState is changed. (3 -> 5)
08-13 16:19:45.753  2127  2816 D LocalImageResolver: Couldn't use ImageDecoder for drawable, falling back to non-resized load.
08-13 16:19:45.755  1111  1111 I SurfaceFlinger: destroyed Surface(name=8a94d40 NavigationBar0)/@0x65d636d - animation-leash of insets_animation#233552
08-13 16:19:45.755  1111  1111 I SurfaceFlinger: destroyed Surface(name=e0324bb StatusBar)/@0x8487ff0 - animation-leash of insets_animation#233553
08-13 16:19:45.756  5736  5771 D VRI[InstrumentationActivityInvoker$EmptyActivity]@d16d0e8: Received frameDrawingCallback syncResult=0 frameNum=1.
08-13 16:19:45.756  1111  1111 I Layer   : id=233552 Destroyed Surface(name=8a94d40 NavigationBar0)/@0x65d636d - animation-leash of insets_animation#233552
08-13 16:19:45.756  5736  5771 I VRI[InstrumentationActivityInvoker$EmptyActivity]@d16d0e8: mWNT: t=0xb4000076090d6050 mBlastBufferQueue=0xb4000075190ad810 fn= 1 HdrRenderState mRenderHdrSdrRatio=1.0 caller= android.view.ViewRootImpl$11.onFrameDraw:15016 android.view.ThreadedRenderer$1.onFrameDraw:761 <bottom of call stack>
08-13 16:19:45.756  1111  1111 I Layer   : id=233553 Destroyed Surface(name=e0324bb StatusBar)/@0x8487ff0 - animation-leash of insets_animation#233553
08-13 16:19:45.756  5736  5771 I VRI[InstrumentationActivityInvoker$EmptyActivity]@d16d0e8: Setting up sync and frameCommitCallback
08-13 16:19:45.759  2127  2127 I AppIconSolution: return adaptive icon for com.samsung.android.app.smartcapture, isNight = true
08-13 16:19:45.759  5736  5756 I BLASTBufferQueue: [VRI[InstrumentationActivityInvoker$EmptyActivity]@d16d0e8#1](f:0,a:0,s:0) onFrameAvailable the first frame is available
08-13 16:19:45.760  2127  2816 D LocalImageResolver: Couldn't use ImageDecoder for drawable, falling back to non-resized load.
08-13 16:19:45.760  5736  5756 I VRI[InstrumentationActivityInvoker$EmptyActivity]@d16d0e8: Received frameCommittedCallback lastAttemptedDrawFrameNum=1 didProduceBuffer=true
08-13 16:19:45.760  1111  1730 I SurfaceFlinger: [com.example.cupcake.test/androidx.test.core.app.InstrumentationActivityInvoker$EmptyActivity$_5736#233565] setTransactionState with the first frame. bufferData(ID: 24635932409860, frameNumber: 1)
08-13 16:19:45.761  5736  5756 D HWUI    : CFMS:: SetUp Pid : 5736    Tid : 5756
08-13 16:19:45.761  5736  5736 D VRI[InstrumentationActivityInvoker$EmptyActivity]@d16d0e8: reportDrawFinished seqId=0
08-13 16:19:45.765  6225  4501 I NetworkScheduler: (REDACTED) Error inserting %s
08-13 16:19:45.766  2127  2127 D SecKeyguardClockPositionAlgorithm: getTopMargin scale = 1.2690217, clockContainerHeight = 389, scaleMarginY = -41
08-13 16:19:45.769  2127  2127 D S.S.N.  : entryViewBound parent :0|com.samsung.android.app.smartcapture|1332|null|10190
08-13 16:19:45.771  2127  2127 I AppIconSolution: return adaptive icon for com.samsung.android.app.smartcapture, isNight = true
08-13 16:19:45.772  5736  5736 I InsetsSourceConsumer: applyRequestedVisibilityToControl: visible=true, type=navigationBars, host=com.example.cupcake.test/androidx.test.core.app.InstrumentationActivityInvoker$EmptyActivity
08-13 16:19:45.772  5736  5736 I InsetsSourceConsumer: applyRequestedVisibilityToControl: visible=true, type=statusBars, host=com.example.cupcake.test/androidx.test.core.app.InstrumentationActivityInvoker$EmptyActivity
08-13 16:19:45.775  1282  4402 I SemDvfsHyPerManager: acquire hyper - AMS_APP_HOME/1282@27, type = -999
08-13 16:19:45.775  1062  1149 I HYPER-HAL: [RequestManager.cpp]acquire(): Acquired ID : 857422  [1282 / 27]    HINT : AMS_APP_HOME    list :
08-13 16:19:45.778  1282  4402 D InputDispatcher: Focused application(0): ActivityRecord{b3168b5 u0 com.sec.android.app.launcher/.activities.LauncherActivity t6}
08-13 16:19:45.779  1111  1162 I SurfaceFlinger: id=233568 createSurf, flag=24000, Surface(name=8a94d40 NavigationBar0)/@0x65d636d - animation-leash of insets_animation#233568
08-13 16:19:45.779  1282  1967 D AS.MultiSoundManager: mForegroundUid = 10132
08-13 16:19:45.781  1111  1162 I SurfaceFlinger: id=233569 createSurf, flag=24000, Surface(name=e0324bb StatusBar)/@0x8487ff0 - animation-leash of insets_animation#233569
08-13 16:19:45.784  1111  1111 I SurfaceFlinger: [Surface(name=8a94d40 NavigationBar0)/@0x65d636d - animation-leash of insets_animation#233568] attach to parent LayerHierarchy{RequestedLayerState{WindowToken{4aa5472 type=2019 android.os.BinderProxy@bd187d4}#87 parentId=31} 2 children}
08-13 16:19:45.784  1111  1111 I SurfaceFlinger: [Surface(name=e0324bb StatusBar)/@0x8487ff0 - animation-leash of insets_animation#233569] attach to parent LayerHierarchy{RequestedLayerState{WindowToken{b8fcd4a type=2000 android.os.BinderProxy@ecaaeec}#94 parentId=19} 2 children}
08-13 16:19:45.784  1111  1209 D SurfaceFlinger: [input] setFocusedWindow: dec2438 com.example.cupcake.test/androidx.test.core.app.InstrumentationActivityInvoker$EmptyActivity
08-13 16:19:45.786  1282  1745 D InputDispatcher: Once focus requested (0): dec2438 com.example.cupcake.test/androidx.test.core.app.InstrumentationActivityInvoker$EmptyActivity
08-13 16:19:45.786  1282  1745 D InputDispatcher: Focus request (0): dec2438 com.example.cupcake.test/androidx.test.core.app.InstrumentationActivityInvoker$EmptyActivity but waiting because NOT_VISIBLE
08-13 16:19:45.787  2127  2127 D SubscreenNotificationListCoordinator: onAfterRenderList() isSubScreen = false, pluginLockMode = 0, doNotShowOnCover = false
08-13 16:19:45.787  4368  4368 I SemDvfsHyPerManager: acquire hyper - APP_START_HOME/4368@15, type = -999
08-13 16:19:45.788  1062  1149 I HYPER-HAL: [RequestManager.cpp]acquire(): Acquired ID : 9607551  [4368 / 15]    HINT : APP_START    list : [KERNEL_APP_START_NOTIFY / 0] [TIMEOUT / 1500]
08-13 16:19:45.790  2127  2127 D SecKeyguardClockPositionAlgorithm: getTopMargin scale = 1.2690217, clockContainerHeight = 389, scaleMarginY = -41
08-13 16:19:45.791  2742  2742 I VRI[LauncherActivity]@3489192: stopped(false) old = true
08-13 16:19:45.796  2742  2742 I HoneySpace.Launcher: !@Boot_EBS_D: Launcher.onStart()
08-13 16:19:45.796  2127  2127 D NavigationBar: onSystemBarAttributesChanged() -  displayId:0, appearance:16, packageName: com.example.cupcake.test (APPEARANCE_LIGHT_NAVIGATION_BARS ), navbarColorManagedByIme:false
08-13 16:19:45.797  2742  2742 I HoneySpace.Launcher: !@Boot_EBS_D: Launcher.onResume()
08-13 16:19:45.797  2742  2742 I HoneySpace.Launcher: updateLauncherShowing false -> true
08-13 16:19:45.798  2742  2742 I HoneySpace.ShellTransitionManager: myHomeResumed
08-13 16:19:45.798  2742  2742 I HoneySpace.CapturedBlurManager: capturedBlurView: resume(25347631)
08-13 16:19:45.798  2742  2742 I HoneySpace.ResumeTimer: last resume updated : 308416383
08-13 16:19:45.798  2742  2742 I HoneySpace.StackedWidgetFastRecyclerView: playShowAndHideIndicatorAnimation
08-13 16:19:45.798  2742  2742 I HoneySpace.StackedWidgetFastRecyclerView: playShowIndicatorAnimation
08-13 16:19:45.798  2742  2742 I HoneySpace.StackedWidgetAdapter: updateLabelVisibility false true
08-13 16:19:45.798  2742  4826 I HoneySpace.HoneyAppWidgetHost: called startListening, host: @fcf5abe
08-13 16:19:45.798  2742  2742 I HoneySpace.StackedWidgetFastRecyclerView: playShowAndHideIndicatorAnimation
08-13 16:19:45.798  2742  2742 I HoneySpace.StackedWidgetFastRecyclerView: playShowIndicatorAnimation
08-13 16:19:45.798  2742  2742 I HoneySpace.StackedWidgetAdapter: updateLabelVisibility false true
08-13 16:19:45.798  2742  4826 I AppWidgetHost: semStartListening()
08-13 16:19:45.798  2742  2742 I SearchHoneyPot: onViewCreated: onResume
08-13 16:19:45.799  1282  1745 I AppWidgetServiceImpl: startListening callbacks : com.android.internal.appwidget.IAppWidgetHost$Stub$Proxy@be08662 intervalEnsure:760479922 intervalHostLock:760479922 LhostId:HostId{user:0, app:10132, hostId:1024, pkg:com.sec.android.app.launcher}
08-13 16:19:45.799  2742  1823 I HoneySpace.Memory-Monitor: cancelTrimIfNeeded
08-13 16:19:45.799  2742  2742 I VRI[LauncherActivity]@3489192: handleAppVisibility mAppVisible = false visible = true
08-13 16:19:45.799  2742  1823 I HoneySpace.PredictionDataSourceImpl: requestPredictionUpdate 0 true
08-13 16:19:45.799  2742  4826 I HoneySpace.HoneyAppWidgetHost: success hidden_semStartListening - result: true, host: @fcf5abe
08-13 16:19:45.800  2742  1823 I HoneySpace.PredictionDataSourceImpl: requestPredictionUpdate 1 true
08-13 16:19:45.801  2742  4789 I HoneySpace.SPayHandler: updateSpayHandler, show = true, defaultPage = true
08-13 16:19:45.802  2742  2108 I HoneySpace.RecentTasks: onRecentTasksChanged
08-13 16:19:45.808  1111  1111 I SurfaceFlinger: [LayerHierarchy{RequestedLayerState{8a94d40 NavigationBar0#88 parentId=233568} 1 children}] reparent to LayerHierarchy{RequestedLayerState{Surface(name=8a94d40 NavigationBar0)/@0x65d636d - animation-leash of insets_animation#233568 parentId=87} 1 children}
08-13 16:19:45.808  1111  1111 I SurfaceFlinger: [LayerHierarchy{RequestedLayerState{e0324bb StatusBar#95 parentId=233569} 1 children}] reparent to LayerHierarchy{RequestedLayerState{Surface(name=e0324bb StatusBar)/@0x8487ff0 - animation-leash of insets_animation#233569 parentId=94} 1 children}
08-13 16:19:45.808  1111  1111 I SurfaceFlinger: [LayerHierarchy{RequestedLayerState{Surface(name=e0324bb StatusBar)/@0x8487ff0 - animation-leash of insets_animation#233567} no children}] reparent to OffscreenRoot
08-13 16:19:45.809  1111  1111 I SurfaceFlinger: [LayerHierarchy{RequestedLayerState{Surface(name=e0324bb StatusBar)/@0x8487ff0 - animation-leash of insets_animation#233567} no children}] RelativeParent to null
08-13 16:19:45.809  1111  1111 I SurfaceFlinger: [LayerHierarchy{RequestedLayerState{Surface(name=8a94d40 NavigationBar0)/@0x65d636d - animation-leash of insets_animation#233566} no children}] reparent to OffscreenRoot
08-13 16:19:45.809  1111  1111 I SurfaceFlinger: [LayerHierarchy{RequestedLayerState{Surface(name=8a94d40 NavigationBar0)/@0x65d636d - animation-leash of insets_animation#233566} no children}] RelativeParent to null
08-13 16:19:45.810  1111  1111 I SurfaceFlinger: id=233567 Removed Surface(name=e0324bb StatusBar)/@0x8487ff0 - animation-leash of insets_animation#233567 (161)
08-13 16:19:45.810  1111  1111 I SurfaceFlinger: id=233566 Removed Surface(name=8a94d40 NavigationBar0)/@0x65d636d - animation-leash of insets_animation#233566 (161)
08-13 16:19:45.812  5596  5596 I InsetsSourceConsumer: applyRequestedVisibilityToControl: visible=true, type=navigationBars, host=com.example.cupcake/androidx.activity.ComponentActivity
08-13 16:19:45.813  5596  5596 I InsetsSourceConsumer: applyRequestedVisibilityToControl: visible=true, type=statusBars, host=com.example.cupcake/androidx.activity.ComponentActivity
08-13 16:19:45.817  2742  2108 I HoneySpace.HistoryViewModel@160600677@OneUI: Illegal access. Unknown type. skip load history items
08-13 16:19:45.817  1111  1111 I SurfaceFlinger: destroyed Surface(name=e0324bb StatusBar)/@0x8487ff0 - animation-leash of insets_animation#233567
08-13 16:19:45.817  1111  1111 I SurfaceFlinger: destroyed Surface(name=8a94d40 NavigationBar0)/@0x65d636d - animation-leash of insets_animation#233566
08-13 16:19:45.817  2127  2127 D NavigationBar: onSystemBarAttributesChanged() -  displayId:0, appearance:528, packageName: com.example.cupcake (APPEARANCE_LIGHT_NAVIGATION_BARS ), navbarColorManagedByIme:false
08-13 16:19:45.818  2127  2127 I LockscreenNotificationIconsOnlyController: onNotificationInfoUpdated 0
08-13 16:19:45.818  2127  2127 I AODNotificationManager: updateNotification()
08-13 16:19:45.819  1111  1111 I Layer   : id=233567 Destroyed Surface(name=e0324bb StatusBar)/@0x8487ff0 - animation-leash of insets_animation#233567
08-13 16:19:45.819  1111  1111 I Layer   : id=233566 Destroyed Surface(name=8a94d40 NavigationBar0)/@0x65d636d - animation-leash of insets_animation#233566
08-13 16:19:45.819  1282  1908 V WindowManager: Relayout Window{c2c214a u0 com.sec.android.app.launcher/com.sec.android.app.launcher.activities.LauncherActivity}: viewVisibility=0 req=1080x2340 ty=1 d0
08-13 16:19:45.820  1111  1223 I SurfaceFlinger: id=233570 createSurf, flag=44004, com.sec.android.app.launcher/com.sec.android.app.launcher.activities.LauncherActivity$_2742#233570
08-13 16:19:45.823 22781 22781 I bmex    : onStart
08-13 16:19:45.823 22781 22781 I bmex    : onResume
08-13 16:19:45.825  1111  1162 I SurfaceFlinger: id=233571 createSurf, flag=24000, Surface(name=8a94d40 NavigationBar0)/@0x65d636d - animation-leash of insets_animation#233571
08-13 16:19:45.830  1111  1162 I SurfaceFlinger: id=233572 createSurf, flag=24000, Surface(name=e0324bb StatusBar)/@0x8487ff0 - animation-leash of insets_animation#233572
08-13 16:19:45.832  1282  1908 I SystemKeyManager: requested systemKeyInfo size=2 focusedWindow=com.sec.android.app.launcher/com.sec.android.app.launcher.activities.LauncherActivity
08-13 16:19:45.833  1282  1908 V WindowManager: Relayout hash=c2c214a, pid=2742, syncId=-1: mAttrs={(0,0)(fillxfill) sim={adjust=nothing forwardNavigation} layoutInDisplayCutoutMode=always ty=BASE_APPLICATION fmt=TRANSPARENT wanim=0x1030301
08-13 16:19:45.833  1282  1908 V WindowManager:   fl=81910100
08-13 16:19:45.833  1282  1908 V WindowManager:   pfl=10008840
08-13 16:19:45.833  1282  1908 V WindowManager:   bhv=2
08-13 16:19:45.833  1282  1908 V WindowManager:   fitSides=0
08-13 16:19:45.833  1282  1908 V WindowManager:   frameRateBoostOnTouch=true
08-13 16:19:45.833  1282  1908 V WindowManager:   dvrrWindowFrameRateHint=true screenDimDuration=200000 naviIconColor=0}
08-13 16:19:45.834  1282  1444 D PkgPredictorService-SecIpmManagerServiceImpl: onForegroundActivitiesChanged pid:2742 uid:10132
08-13 16:19:45.835  1282  2840 V PkgPredictorService-SecIpmManagerServiceImpl: discard foreground app:com.sec.android.app.launcher 1|true
08-13 16:19:45.835  2742  2742 I BLASTBufferQueue_Java: new BLASTBufferQueue, mName= VRI[LauncherActivity]@3489192 mNativeObject= 0xb4000075191a0790 sc.mNativeObject= 0xb40000761915b390 caller= android.view.ViewRootImpl.updateBlastSurfaceIfNeeded:3397 android.view.ViewRootImpl.relayoutWindow:11361 android.view.ViewRootImpl.performTraversals:4544 android.view.ViewRootImpl.doTraversal:3708 android.view.ViewRootImpl$TraversalRunnable.run:12542 android.view.Choreographer$CallbackRecord.run:1751 android.view.Choreographer$CallbackRecord.run:1760 android.view.Choreographer.doCallbacks:1216 android.view.Choreographer.doFrame:1142 android.view.Choreographer$FrameDisplayEventReceiver.run:1707
08-13 16:19:45.835  2742  2742 I BLASTBufferQueue_Java: update, w= 1080 h= 2340 mName = VRI[LauncherActivity]@3489192 mNativeObject= 0xb4000075191a0790 sc.mNativeObject= 0xb40000761915b390 format= -2 caller= android.graphics.BLASTBufferQueue.<init>:88 android.view.ViewRootImpl.updateBlastSurfaceIfNeeded:3397 android.view.ViewRootImpl.relayoutWindow:11361 android.view.ViewRootImpl.performTraversals:4544 android.view.ViewRootImpl.doTraversal:3708 android.view.ViewRootImpl$TraversalRunnable.run:12542
08-13 16:19:45.836  2742  2742 I VRI[LauncherActivity]@3489192: Relayout returned: old=(0,0,1080,2340) new=(0,0,1080,2340) relayoutAsync=false req=(1080,2340)0 dur=27 res=0x3 s={true 0xb4000075e9165bc0} ch=true seqId=0
08-13 16:19:45.837  2742  2742 I VRI[LauncherActivity]@3489192: Creating new active sync group VRI[LauncherActivity]@3489192#63
08-13 16:19:45.837  1282  1444 D NetworkPolicy: already checked 10132
08-13 16:19:45.838  1244  6944 I CameraService: onUidStateChanged: uid=10222, procState is changed. (5 -> 3)
08-13 16:19:45.838  1244  6944 I CameraService: onUidStateChanged: uid=10219, procState is changed. (5 -> 3)
08-13 16:19:45.842  1111  1111 I SurfaceFlinger: [com.sec.android.app.launcher/com.sec.android.app.launcher.activities.LauncherActivity$_2742#233570] attach to parent LayerHierarchy{RequestedLayerState{c2c214a com.sec.android.app.launcher/com.sec.android.app.launcher.activities.LauncherActivity#124 parentId=123} 1 children}
08-13 16:19:45.842  1111  1111 I SurfaceFlinger: [Surface(name=8a94d40 NavigationBar0)/@0x65d636d - animation-leash of insets_animation#233571] attach to parent LayerHierarchy{RequestedLayerState{WindowToken{4aa5472 type=2019 android.os.BinderProxy@bd187d4}#87 parentId=31} 2 children}
08-13 16:19:45.842  1111  1111 I SurfaceFlinger: [Surface(name=e0324bb StatusBar)/@0x8487ff0 - animation-leash of insets_animation#233572] attach to parent LayerHierarchy{RequestedLayerState{WindowToken{b8fcd4a type=2000 android.os.BinderProxy@ecaaeec}#94 parentId=19} 2 children}
08-13 16:19:45.842  2127  2127 E {OngoingActivityController}: getTaskInfo find task 2220 fail. taskInfoList.size:2
08-13 16:19:45.842  2127  2127 I {OngoingActivityController}: onTaskFocusChanged focused:false, baseActivity:null
08-13 16:19:45.843  2127  2127 I {OngoingActivityController}: onTaskFocusChanged focused:true, baseActivity:ComponentInfo{com.sec.android.app.launcher/com.sec.android.app.launcher.Launcher}
08-13 16:19:45.847  2127  4202 I WallpaperService: dispatchAppVisibility: system, visible=true , mLidState = -1
08-13 16:19:45.847  2127  2436 I WallpaperService: updateSurface system forceRelayout=false forceReport=false redrawNeeded=false myWidth=-1 myHeight=-1 fixedSize=false x = 0 y = 0 mWidth=-1 mHeight=-1
08-13 16:19:45.847  2127  2436 I WallpaperService: reportVisibility: visibility changed. visible=true
08-13 16:19:45.847  2127  2436 I ImageWallpaper_5[Image]:  onVisibilityChanged: visible=true , displayId=0
08-13 16:19:45.852  2742  4755 I VRI[LauncherActivity]@3489192: mWNT: t=0xb4000076093970d0 mBlastBufferQueue=0xb4000075191a0790 fn= 1 HdrRenderState mRenderHdrSdrRatio=1.0 caller= android.view.ViewRootImpl$11.onFrameDraw:15016 android.view.ThreadedRenderer$1.onFrameDraw:761 <bottom of call stack>
08-13 16:19:45.852  2742  4755 I VRI[LauncherActivity]@3489192: Setting up sync and frameCommitCallback
08-13 16:19:45.853  1111  1111 I SurfaceFlinger: [LayerHierarchy{RequestedLayerState{8a94d40 NavigationBar0#88 parentId=233571} 1 children}] reparent to LayerHierarchy{RequestedLayerState{Surface(name=8a94d40 NavigationBar0)/@0x65d636d - animation-leash of insets_animation#233571 parentId=87} 1 children}
08-13 16:19:45.853  1111  1111 I SurfaceFlinger: [LayerHierarchy{RequestedLayerState{e0324bb StatusBar#95 parentId=233572} 1 children}] reparent to LayerHierarchy{RequestedLayerState{Surface(name=e0324bb StatusBar)/@0x8487ff0 - animation-leash of insets_animation#233572 parentId=94} 1 children}
08-13 16:19:45.853  1111  1111 I SurfaceFlinger: [LayerHierarchy{RequestedLayerState{Surface(name=e0324bb StatusBar)/@0x8487ff0 - animation-leash of insets_animation#233569} no children}] reparent to OffscreenRoot
08-13 16:19:45.853  1111  1111 I SurfaceFlinger: [LayerHierarchy{RequestedLayerState{Surface(name=e0324bb StatusBar)/@0x8487ff0 - animation-leash of insets_animation#233569} no children}] RelativeParent to null
08-13 16:19:45.853  1111  1111 I SurfaceFlinger: [LayerHierarchy{RequestedLayerState{Surface(name=8a94d40 NavigationBar0)/@0x65d636d - animation-leash of insets_animation#233568} no children}] reparent to OffscreenRoot
08-13 16:19:45.853  1111  1111 I SurfaceFlinger: [LayerHierarchy{RequestedLayerState{Surface(name=8a94d40 NavigationBar0)/@0x65d636d - animation-leash of insets_animation#233568} no children}] RelativeParent to null
08-13 16:19:45.854 21624 21938 I Rubin   : [92] U9.g.x(Unknown Source) : Notify com.samsung.android.rubin.inferenceengine.contextanalytics.engine.loggers.AppUsageLogger's database is updated.
08-13 16:19:45.854  2742  4573 I BLASTBufferQueue: [VRI[LauncherActivity]@3489192#6988](f:0,a:0,s:0) onFrameAvailable the first frame is available
08-13 16:19:45.855  2742  4573 I VRI[LauncherActivity]@3489192: Received frameCommittedCallback lastAttemptedDrawFrameNum=1 didProduceBuffer=true
08-13 16:19:45.856  2742  2887 I HoneySpace.TopTaskSource: onTaskMovedToFront : taskId = 6, displayId = 0
08-13 16:19:45.856  2127  2127 I {OngoingActivityDataHelper}: setBaseActivityComponentName:ComponentInfo{com.sec.android.app.launcher/com.sec.android.app.launcher.Launcher}
08-13 16:19:45.856  2127  2127 D NavigationBar: onSystemBarAttributesChanged() -  displayId:0, appearance:16, packageName: com.sec.android.app.launcher (APPEARANCE_LIGHT_NAVIGATION_BARS ), navbarColorManagedByIme:false
08-13 16:19:45.856  2127  2127 D SysUiState: SysUiState changed: old=0x10020000 new=0x10000000
08-13 16:19:45.856  2742  2742 I InsetsSourceConsumer: applyRequestedVisibilityToControl: visible=true, type=navigationBars, host=com.sec.android.app.launcher/com.sec.android.app.launcher.activities.LauncherActivity
08-13 16:19:45.857  2742  2742 I InsetsSourceConsumer: applyRequestedVisibilityToControl: visible=true, type=statusBars, host=com.sec.android.app.launcher/com.sec.android.app.launcher.activities.LauncherActivity
08-13 16:19:45.857  1111  1223 I SurfaceFlinger: [com.sec.android.app.launcher/com.sec.android.app.launcher.activities.LauncherActivity$_2742#233570] setTransactionState with the first frame. bufferData(ID: 11776800376909, frameNumber: 1)
08-13 16:19:45.858  1282  1908 D SyntheticPasswordManager.SDP: Inside fromBytes() - result.pinLength : -1
08-13 16:19:45.858  1282  1908 D SyntheticPasswordManager.SDP: 2. result.secureMode : 0
08-13 16:19:45.858  2742  1824 I HoneySpace.SystemUiRepository: systemUiFlags: awake
08-13 16:19:45.858  2742  2887 I HoneySpace.TopTaskSource: onTaskFocusChanged(): taskId = 6
08-13 16:19:45.858  2742  2887 I HoneySpace.TopTaskSource: onTaskMovedToFront : taskId = 6, displayId = 0
08-13 16:19:45.859  2742  2889 I HoneySpace.TopTaskUseCase: topTaskId 6, DisplayId : 0
08-13 16:19:45.859  1111  1732 I SurfaceFlinger: id=233573 createSurf, flag=84004, Transition Root: Task=1#233573
08-13 16:19:45.859  2742  2885 I HoneySpace.TaskbarEventTracker: invokeEvent() called with: event = SystemUiStateChanged(stateFlags=268435456)
08-13 16:19:45.860  1111  1111 I SurfaceFlinger: [Transition Root: Task=1#233573] attach to parent LayerHierarchy{RequestedLayerState{DefaultTaskDisplayArea_d0#11 parentId=10} 10 children}
08-13 16:19:45.861  1111  1209 D SurfaceFlinger: [input] setFocusedWindow: c2c214a com.sec.android.app.launcher/com.sec.android.app.launcher.activities.LauncherActivity
08-13 16:19:45.862  1282  1447 I SurfaceControlRegistry: show, t=StartTransaction_SyncId<20527> sc=ActivityRecord{b3168b5 u0 com.sec.android.app.launcher/.activities.LauncherActivity t6}, caller=android.view.SurfaceControl$Transaction.show:3232 com.android.server.wm.Transition.onTransactionReady:2273 com.android.server.wm.BLASTSyncEngine$SyncGroup.finishNow:195 com.android.server.wm.BLASTSyncEngine.onSurfacePlacement:269 com.android.server.wm.RootWindowContainer.performSurfacePlacementNoTrace:459 com.android.server.wm.RootWindowContainer.performSurfacePlacement:9
08-13 16:19:45.862  1282  1615 D InputDispatcher: Once focus requested (0): c2c214a com.sec.android.app.launcher/com.sec.android.app.launcher.activities.LauncherActivity
08-13 16:19:45.862  1282  1615 D InputDispatcher: Focus request (0): c2c214a com.sec.android.app.launcher/com.sec.android.app.launcher.activities.LauncherActivity but waiting because NOT_VISIBLE
08-13 16:19:45.862  1282  1447 I SurfaceControlRegistry: show, t=StartTransaction_SyncId<20527> sc=Task=6, caller=android.view.SurfaceControl$Transaction.show:3232 com.android.server.wm.Transition.onTransactionReady:2300 com.android.server.wm.BLASTSyncEngine$SyncGroup.finishNow:195 com.android.server.wm.BLASTSyncEngine.onSurfacePlacement:269 com.android.server.wm.RootWindowContainer.performSurfacePlacementNoTrace:459 com.android.server.wm.RootWindowContainer.performSurfacePlacement:9
08-13 16:19:45.867  1111  1162 I SurfaceFlinger: id=233568 Removed Surface(name=8a94d40 NavigationBar0)/@0x65d636d - animation-leash of insets_animation#233568 (163)
08-13 16:19:45.867  1111  1163 I SurfaceFlinger: id=233569 Removed Surface(name=e0324bb StatusBar)/@0x8487ff0 - animation-leash of insets_animation#233569 (163)
08-13 16:19:45.869  1111  1111 I SurfaceFlinger: destroyed Surface(name=e0324bb StatusBar)/@0x8487ff0 - animation-leash of insets_animation#233569
08-13 16:19:45.869  1111  1111 I SurfaceFlinger: destroyed Surface(name=8a94d40 NavigationBar0)/@0x65d636d - animation-leash of insets_animation#233568
08-13 16:19:45.869  1111  1111 I Layer   : id=233569 Destroyed Surface(name=e0324bb StatusBar)/@0x8487ff0 - animation-leash of insets_animation#233569
08-13 16:19:45.869  1111  1111 I Layer   : id=233568 Destroyed Surface(name=8a94d40 NavigationBar0)/@0x65d636d - animation-leash of insets_animation#233568
08-13 16:19:45.878  1282  1447 D ScreenCapture: [Capture_TEST] : setIsScreenShotBySystem false
08-13 16:19:45.880  2127  2303 I SurfaceControlRegistry: show, t=StartTransaction_SyncId<20527> sc=WallpaperWindowToken{b638ffb token=android.os.Binder@64ddd8a}, caller=android.view.SurfaceControl$Transaction.show:3232 com.android.wm.shell.transition.Transitions.dispatchReady:798 com.android.wm.shell.transition.Transitions.onTransitionReady:244 com.android.wm.shell.transition.Transitions$TransitionPlayerImpl$$ExternalSyntheticLambda0.run:13 android.os.Handler.handleCallback:959 android.os.Handler.dispatchMessage:100
08-13 16:19:45.881  2127  2303 I SurfaceControlRegistry: hide, t=FinishTransaction_SyncId<20527> sc=Task=2219, caller=android.view.SurfaceControl$Transaction.hide:3258 com.android.wm.shell.transition.Transitions.dispatchReady:929 com.android.wm.shell.transition.Transitions.onTransitionReady:244 com.android.wm.shell.transition.Transitions$TransitionPlayerImpl$$ExternalSyntheticLambda0.run:13 android.os.Handler.handleCallback:959 android.os.Handler.dispatchMessage:100
08-13 16:19:45.881  2127  2303 I SurfaceControlRegistry: show, t=StartTransaction_SyncId<20527> sc=Task=1, caller=android.view.SurfaceControl$Transaction.show:3232 com.android.wm.shell.transition.Transitions.dispatchReady:934 com.android.wm.shell.transition.Transitions.onTransitionReady:244 com.android.wm.shell.transition.Transitions$TransitionPlayerImpl$$ExternalSyntheticLambda0.run:13 android.os.Handler.handleCallback:959 android.os.Handler.dispatchMessage:100
