08-13 16:19:51.545  5596  5677 I TestRunner: started: cupcakeNavHost_clickBackOnPickupScreen_navigatesToFlavorScreen(com.example.cupcake.test.CupcakeScreenNavigationTest)
08-13 16:19:51.547  4917  6099 I HBD     : h Write selected lang for DE
08-13 16:19:51.548  4917  4917 I HBD     : h writeToFile complete
08-13 16:19:51.548  4917  6099 I HBD     : h writeToFile path : /data/user_de/0/com.samsung.android.honeyboard/files/selected.json
08-13 16:19:51.548  4917  6099 I HBD     : h writeToFile json : {"version":"4.1","currentLanguageOrder":0,"selected":[{"activeOptionList":["auto_replace","auto_spacing"],"bilingualId":-1,"engName":"Turkish","id":4325376,"inputType":"turkish_qwerty","isUsed":true,"isUsedBilingual":false}]}
08-13 16:19:51.549  4917  6100 I HBD     : h Write selected lang for DE
08-13 16:19:51.553  2742  4755 I VRI[LauncherActivity]@3489192: mWNT: t=0xb40000760932bf90 mBlastBufferQueue=0xb4000075190eebd0 fn= 18 HdrRenderState mRenderHdrSdrRatio=1.0 caller= com.android.systemui.shared.launcher.ViewRootImplCompat.mergeWithNextTransaction:4 com.honeyspace.transition.utils.SurfaceTransactionApplier.scheduleApply$lambda$1:26 com.honeyspace.transition.utils.SurfaceTransactionApplier.b:0
08-13 16:19:51.554  5596  5677 D IdlingRegistry: Registering idling resources: [androidx.compose.ui.test.EspressoLink@c75aa22]
08-13 16:19:51.555  1111  1111 I SurfaceFlinger: destroyed Surface(name=39a4c69 InputMethod)/@0x97414dd - animation-leash of insets_animation#233667
08-13 16:19:51.555  1111  1111 I SurfaceFlinger: destroyed Task=2225#233692
08-13 16:19:51.555  1111  1111 I SurfaceFlinger: destroyed db9cac ActivityRecordInputSink com.example.cupcake/androidx.activity.ComponentActivity#233665
08-13 16:19:51.555  1111  1111 I SurfaceFlinger: destroyed ActivityRecord{706d10a u0 com.example.cupcake/androidx.activity.ComponentActivity t2225}#233655
08-13 16:19:51.555  1111  1111 I SurfaceFlinger: destroyed com.example.cupcake/androidx.activity.ComponentActivity$_5596#233662
08-13 16:19:51.555  1111  1111 I SurfaceFlinger: destroyed 5d4994f com.example.cupcake/androidx.activity.ComponentActivity#233658
08-13 16:19:51.555  1111  1111 I SurfaceFlinger: destroyed Splash Screen com.example.cupcake.test$_2127#233671
08-13 16:19:51.556  2127  2436 I BLASTBufferQueue_Java: update, w= 1080 h= 2340 mName = Wallpaper mNativeObject= 0xb4000075190bd210 sc.mNativeObject= 0xb4000076190b77d0 format= 2 caller= android.service.wallpaper.WallpaperService$Engine.getOrCreateBLASTSurface:2887 android.service.wallpaper.WallpaperService$Engine.updateSurface:1643 android.service.wallpaper.WallpaperService$IWallpaperEngineWrapper.handleResized:3483 android.service.wallpaper.WallpaperService$IWallpaperEngineWrapper.executeMessage:3402 com.android.internal.os.HandlerCaller$MyHandler.handleMessage:44 android.os.Handler.dispatchMessage:107
08-13 16:19:51.556  2127  2436 I BLASTBufferQueue: [Wallpaper#1](f:0,a:1,s:0) update width=1080 height=2340 format=2 mTransformHint=0
08-13 16:19:51.557  1111  1111 I Layer   : id=233665 Destroyed db9cac ActivityRecordInputSink com.example.cupcake/androidx.activity.ComponentActivity#233665
08-13 16:19:51.557  1111  1111 I Layer   : id=233658 Destroyed 5d4994f com.example.cupcake/androidx.activity.ComponentActivity#233658
08-13 16:19:51.557  1282  3681 D SecContentProvider: query(), uri = 17 selection = isSettingsChangesAllowed
08-13 16:19:51.557  1111  1111 I Layer   : id=233662 Destroyed com.example.cupcake/androidx.activity.ComponentActivity$_5596#233662
08-13 16:19:51.557  1111  1111 I Layer   : id=233671 Destroyed Splash Screen com.example.cupcake.test$_2127#233671
08-13 16:19:51.550  4917  6100 I HBD     : h writeToFile path : /data/user_de/0/com.samsung.android.honeyboard/files/selected.json
08-13 16:19:51.557  1111  1111 I Layer   : id=233655 Destroyed ActivityRecord{706d10a u0 com.example.cupcake/androidx.activity.ComponentActivity t2225}#233655
08-13 16:19:51.557  1111  1111 I Layer   : id=233692 Destroyed Task=2225#233692
08-13 16:19:51.557  1111  1111 I Layer   : id=233667 Destroyed Surface(name=39a4c69 InputMethod)/@0x97414dd - animation-leash of insets_animation#233667
08-13 16:19:51.557  4917  6100 I HBD     : h writeToFile json : {"version":"4.1","currentLanguageOrder":0,"selected":[{"activeOptionList":["auto_replace","auto_spacing"],"bilingualId":-1,"engName":"Turkish","id":4325376,"inputType":"turkish_qwerty","isUsed":true,"isUsedBilingual":false}]}
08-13 16:19:51.558  1282  3681 D SecContentProvider: query(), uri = 17 selection = isSettingsChangesAllowed
08-13 16:19:51.558  4917  4917 I HBD     : g isCoverDisplay : false, cached selected json info : SelectedLanguageInfo(languageVersion=4.1, currentLanguageOrder=0, selectedLanguageList=[SelectedLanguage(id=4325376, isUsed=true, engName=Turkish, inputType=turkish_qwerty, activeOptionList=[auto_replace, auto_spacing], bilingualId=-1, isUsedBilingual=false)])
08-13 16:19:51.558  4917  4917 I HBD     : g updateSelectedLanguageCache is succeeded. Turkish
08-13 16:19:51.559  4917  4917 I HBD     : h writeToFile path : /data/user/0/com.samsung.android.honeyboard/files/selected.json
08-13 16:19:51.559  4917  4917 I HBD     : h writeToFile json : {"version":"4.1","currentLanguageOrder":0,"selected":[{"activeOptionList":["auto_replace","auto_spacing"],"bilingualId":-1,"engName":"Turkish","id":4325376,"inputType":"turkish_qwerty","isUsed":true,"isUsedBilingual":false}]}
08-13 16:19:51.560  2742  2742 I HoneySpace.TaskListViewModel: onTaskRemoved : 2225
08-13 16:19:51.560  2742  2742 I HoneySpace.TaskListViewModel: onTaskRemoved : 2225
08-13 16:19:51.560  2742  2742 I HoneySpace.TaskListPot: taskRemoveId, taskId = 2225
08-13 16:19:51.560  2742  2742 I HoneySpace.StackRecentsView: INVALID_TASK_POSITION 2225
08-13 16:19:51.560  2742  2742 I HoneySpace.TaskListViewModel: onTaskRemoved : 2225
08-13 16:19:51.560  2742  2742 I HoneySpace.TaskListViewModel: onTaskRemoved : 2225
08-13 16:19:51.560  2742  2742 I HoneySpace.TaskListPot: taskRemoveId, taskId = 2225
08-13 16:19:51.560  2742  2742 I HoneySpace.StackRecentsView: INVALID_TASK_POSITION 2225
08-13 16:19:51.560  2742  2887 I HoneySpace.TopTaskSource: onTaskRemoved: 2225
08-13 16:19:51.560  4917 27939 I HBD     : p updated Sub Types. Turkish
08-13 16:19:51.561  2742  2742 I HoneySpace.RectFAnimation: animateToFinalPosition RectF(344.1067, 1347.9462, 735.8933, 1971.2445)
08-13 16:19:51.561  2742  2742 I HoneySpace.RectFAnimation: animateToFinalPosition RectF(377.44855, 1411.1919, 702.55145, 1882.4668)
08-13 16:19:51.561  4917  4917 I HBD     : h writeToFile complete
08-13 16:19:51.561  2742  4754 I VRI[LauncherActivity]@3489192: mWNT: t=0xb4000076092b4350 mBlastBufferQueue=0xb4000075190eebd0 fn= 19 HdrRenderState mRenderHdrSdrRatio=1.0 caller= com.android.systemui.shared.launcher.ViewRootImplCompat.mergeWithNextTransaction:4 com.honeyspace.transition.utils.SurfaceTransactionApplier.scheduleApply$lambda$1:26 com.honeyspace.transition.utils.SurfaceTransactionApplier.b:0
08-13 16:19:51.562  4917  4917 I HBD     : a [UpdatePolicy] [post] a: 31 cl: 4325376 kit: [0/26] vt: 0 ir: 1
08-13 16:19:51.563  4917  6102 I HBD     : h Write selected lang for DE
08-13 16:19:51.563  4917  6102 I HBD     : h writeToFile path : /data/user_de/0/com.samsung.android.honeyboard/files/selected.json
08-13 16:19:51.563  4917  6102 I HBD     : h writeToFile json : {"version":"4.1","currentLanguageOrder":0,"selected":[{"activeOptionList":["auto_replace","auto_spacing"],"bilingualId":-1,"engName":"Turkish","id":4325376,"inputType":"turkish_qwerty","isUsed":true,"isUsedBilingual":false}]}
08-13 16:19:51.563  4917  4917 I HBD     : HoneyBoardService [PF_OP][onStartInput]  77 ms
08-13 16:19:51.563  1282  1908 D SecContentProvider: query(), uri = 17 selection = isSettingsChangesAllowed
08-13 16:19:51.564  4917  6099 I HBD     : h writeToFile complete
08-13 16:19:51.564  2742  2742 I InsetsSourceConsumer: applyRequestedVisibilityToControl: visible=false, type=ime, host=com.sec.android.app.launcher/com.sec.android.app.launcher.activities.LauncherActivity
08-13 16:19:51.564  5596  5677 W Settings: Setting always_finish_activities has moved from android.provider.Settings.System to android.provider.Settings.Global, returning read-only value.
08-13 16:19:51.565  1282  1908 D SecContentProvider: query(), uri = 17 selection = isSettingsChangesAllowed
08-13 16:19:51.565  2742  2742 I VRI[LauncherActivity]@3489192: handleResized, frames=ClientWindowFrames{frame=[0,0][1080,2340] display=[0,0][1080,2340] parentFrame=[0,0][0,0]} displayId=0 dragResizing=false compatScale=1.0 frameChanged=false attachedFrameChanged=false configChanged=false displayChanged=false compatScaleChanged=false dragResizingChanged=false
08-13 16:19:51.566  2742  2742 I HoneySpace.RectFAnimation: animateToFinalPosition RectF(377.44855, 1425.5896, 702.55145, 1896.8645)
08-13 16:19:51.566  2742  2742 I HoneySpace.RectFAnimation: animateToFinalPosition RectF(383.08182, 1435.9688, 696.9182, 1882.2952)
08-13 16:19:51.568  2742  2887 I HoneySpace.TopTaskSource: onTaskRemoved: 2225
08-13 16:19:51.568  2742  4755 I VRI[LauncherActivity]@3489192: mWNT: t=0xb4000076092bc310 mBlastBufferQueue=0xb4000075190eebd0 fn= 20 HdrRenderState mRenderHdrSdrRatio=1.0 caller= com.android.systemui.shared.launcher.ViewRootImplCompat.mergeWithNextTransaction:4 com.honeyspace.transition.utils.SurfaceTransactionApplier.scheduleApply$lambda$1:26 com.honeyspace.transition.utils.SurfaceTransactionApplier.b:0
08-13 16:19:51.570  2742  1824 I HoneySpace.HistoryViewModel@160600677@OneUI: Illegal access. Unknown type. skip load history items
08-13 16:19:51.571  4917  4917 I InputMethodService: scheduleImeSurfaceRemoval: removeImeSurface is posted.
08-13 16:19:51.573  4917   921 I HBD     : h [SKE_SPECIFIC] specific model[com.sec.android.app.launcher] loaded, 9396884 ns
08-13 16:19:51.574  1111  1111 E SurfaceFlinger: alpha changed 1.000 -> 0.000 - Surface(name=39a4c69 InputMethod)/@0x97414dd - animation-leash of insets_animation#233691
08-13 16:19:51.580  2742  2742 I HoneySpace.RectFAnimation: animateToFinalPosition RectF(383.08182, 1473.4297, 696.9182, 1919.7563)
08-13 16:19:51.580  2742  2742 I HoneySpace.RectFAnimation: animateToFinalPosition RectF(397.22192, 1499.0483, 682.7781, 1883.7954)
08-13 16:19:51.582  2742  4754 I VRI[LauncherActivity]@3489192: mWNT: t=0xb4000076092ebfd0 mBlastBufferQueue=0xb4000075190eebd0 fn= 21 HdrRenderState mRenderHdrSdrRatio=1.0 caller= com.android.systemui.shared.launcher.ViewRootImplCompat.mergeWithNextTransaction:4 com.honeyspace.transition.utils.SurfaceTransactionApplier.scheduleApply$lambda$1:26 com.honeyspace.transition.utils.SurfaceTransactionApplier.b:0
08-13 16:19:51.583  4917  6101 I HBD     : a InputMethodSubtype is set as local:tr
08-13 16:19:51.587  4917 27939 I HBD     : p updated Sub Types. Turkish
08-13 16:19:51.593  2742  4755 I VRI[LauncherActivity]@3489192: mWNT: t=0xb400007609350650 mBlastBufferQueue=0xb4000075190eebd0 fn= 22 HdrRenderState mRenderHdrSdrRatio=1.0 caller= com.android.systemui.shared.launcher.ViewRootImplCompat.mergeWithNextTransaction:4 com.honeyspace.transition.utils.SurfaceTransactionApplier.scheduleApply$lambda$1:26 com.honeyspace.transition.utils.SurfaceTransactionApplier.b:0
08-13 16:19:51.593  2742  2742 I HoneySpace.RectFAnimation: animateToFinalPosition RectF(397.22192, 1530.15, 682.7781, 1914.8971)
08-13 16:19:51.593  2742  2742 I HoneySpace.RectFAnimation: animateToFinalPosition RectF(408.392, 1549.8634, 671.60803, 1887.2256)
08-13 16:19:51.598  4917  6102 I HBD     : h writeToFile complete
08-13 16:19:51.603  4917  6104 I HBD     : a InputMethodSubtype is set as local:tr
08-13 16:19:51.604  4917  6100 E AtomicFile: Failed to rename /data/user_de/0/com.samsung.android.honeyboard/files/selected.json.new to /data/user_de/0/com.samsung.android.honeyboard/files/selected.json
08-13 16:19:51.604  4917  6100 I HBD     : h writeToFile complete
08-13 16:19:51.606 23813 23813 I NotifySyncService_23813_23813: onNotificationPosted Id:1332 key:0|com.samsung.android.app.smartcapture|1332|null|10190 PackageName:com.samsung.android.app.smartcapture IsOngoing:true PostTime:1755091191315 currentDeviceModel.connected: false
08-13 16:19:51.606  2127  2127 D NavigationBar: setImeWindowStatus displayId=0 vis=0 backDisposition=0 showImeSwitcher=false imeShown=false
08-13 16:19:51.606 23813 23813 I NotifySyncService_23813_23813: onNotificationPosted Id:1332 , appName : Samsung yakalama
08-13 16:19:51.606 23813 23813 I NotifySyncService_23813_23813:  isOngoing = true isIncomingCall = false
08-13 16:19:51.607  2127  2127 D InterruptionStateProvider:  no Heads up : edgelighting enabled app. 0|com.samsung.android.app.smartcapture|1332|null|10190
08-13 16:19:51.608 23813 22001 I AccountManagerService_23813_22001: log: getAccounts: accountType com.xiaomi, caller's uid 10349, pid 23813
08-13 16:19:51.609 23813 22001 I SecureDatabase_23813_22001: log: query: accounts, columns=[_id,type,name], selection=null, selectionArgs=null, groupBy=null, having=null, orderBy=null, limit=null
08-13 16:19:51.611  2742  2742 I HoneySpace.RectFAnimation: animateToFinalPosition RectF(408.392, 1587.3461, 671.60803, 1924.7083)
08-13 16:19:51.611  2742  2742 I HoneySpace.RectFAnimation: animateToFinalPosition RectF(421.16095, 1609.0701, 658.83905, 1894.2144)
08-13 16:19:51.611 23813 22001 I SecureDatabase_23813_22001: log: query: cursor count=1
08-13 16:19:51.612 23813 22001 I SecureDatabase_23813_22001: log: query: row=[1,com.xiaomi,6521150625]
08-13 16:19:51.612  2742  4754 I VRI[LauncherActivity]@3489192: mWNT: t=0xb4000076092c18d0 mBlastBufferQueue=0xb4000075190eebd0 fn= 23 HdrRenderState mRenderHdrSdrRatio=1.0 caller= com.android.systemui.shared.launcher.ViewRootImplCompat.mergeWithNextTransaction:4 com.honeyspace.transition.utils.SurfaceTransactionApplier.scheduleApply$lambda$1:26 com.honeyspace.transition.utils.SurfaceTransactionApplier.b:0
08-13 16:19:51.612 23813 22001 I AccountManagerService_23813_22001: log: validateAccountsAndPopulateCache>>>accountId=1 accountType=com.xiaomi accountName=6521150625
08-13 16:19:51.613 23813 21991 I NotifyLogUtils_23813_21991: isIgnoringBatteryOptimizations true
08-13 16:19:51.615  2127  2127 D SubscreenNotificationListCoordinator: onAfterRenderList() isSubScreen = false, pluginLockMode = 0, doNotShowOnCover = false
08-13 16:19:51.618  1282  4902 V GrammaticalInflectionUtils: AttributionSource: AttributionSource { uid = 10418, packageName = null, attributionTag = null, token = android.os.Binder@88f1d92, deviceId = 0, next = null } does not have READ_SYSTEM_GRAMMATICAL_GENDER permission.
08-13 16:19:51.620  1282  2936 I SemDvfsHyPerManager: acquire hyper - AMS_APP_SWITCH/1282@26, type = -999
08-13 16:19:51.620  1062  1149 I HYPER-HAL: [RequestManager.cpp]acquire(): Acquired ID : 856112  [1282 / 26]    HINT : AMS_APP_SWITCH    list :
08-13 16:19:51.622  1111  1732 I SurfaceFlinger: id=233693 createSurf, flag=24004, Task=2227#233693
08-13 16:19:51.622  2742  4755 I VRI[LauncherActivity]@3489192: mWNT: t=0xb4000076093820d0 mBlastBufferQueue=0xb4000075190eebd0 fn= 24 HdrRenderState mRenderHdrSdrRatio=1.0 caller= com.android.systemui.shared.launcher.ViewRootImplCompat.mergeWithNextTransaction:4 com.honeyspace.transition.utils.SurfaceTransactionApplier.scheduleApply$lambda$1:26 com.honeyspace.transition.utils.SurfaceTransactionApplier.b:0
08-13 16:19:51.622  2127  2127 I LockscreenNotificationIconsOnlyController: onNotificationInfoUpdated 0
08-13 16:19:51.622  2742  6184 I HoneySpace.NotificationListener: onNotificationPosted com.samsung.android.app.smartcapture: 0|com.samsung.android.app.smartcapture|1332|null|10190: 0
08-13 16:19:51.622  2742  6184 I HoneySpace.BadgeDataSourceImpl: Get notification count. PK(p='com.samsung.android.app.smartcapture', u=UserHandle{0}) - forceBadgeCount: false, notification listener: 1, badge provider: 0
08-13 16:19:51.622  2127  2127 I AODNotificationManager: updateNotification()
08-13 16:19:51.623  4368  4368 I SemDvfsHyPerManager: acquire hyper - APP_START_SHORT/4368@14, type = -999
08-13 16:19:51.623  1062  1149 I HYPER-HAL: [RequestManager.cpp]acquire(): Acquired ID : 9603167  [4368 / 14]    HINT : APP_START    list : [TIMEOUT / 1500]
08-13 16:19:51.626  2742  2742 I HoneySpace.RectFAnimation: animateToFinalPosition RectF(421.16095, 1635.678, 658.83905, 1920.8223)
08-13 16:19:51.626  2742  2742 I HoneySpace.RectFAnimation: animateToFinalPosition RectF(429.76108, 1649.6526, 650.2389, 1901.206)
08-13 16:19:51.628 23813 22001 I AccountManagerService_23813_22001: log: getAccounts: accountType com.xiaomi, caller's uid 10349, pid 23813
08-13 16:19:51.628 23813 22001 I SecureDatabase_23813_22001: log: query: accounts, columns=[_id,type,name], selection=null, selectionArgs=null, groupBy=null, having=null, orderBy=null, limit=null
08-13 16:19:51.629 23813 22001 I SecureDatabase_23813_22001: log: query: cursor count=1
08-13 16:19:51.629 23813 22001 I SecureDatabase_23813_22001: log: query: row=[1,com.xiaomi,6521150625]
08-13 16:19:51.629 23813 22001 I AccountManagerService_23813_22001: log: validateAccountsAndPopulateCache>>>accountId=1 accountType=com.xiaomi accountName=6521150625
08-13 16:19:51.630  1111  1111 I SurfaceFlinger: [Task=2227#233693] attach to parent LayerHierarchy{RequestedLayerState{DefaultTaskDisplayArea_d0#11 parentId=10} 8 children}
08-13 16:19:51.632  1111  1162 I SurfaceFlinger: id=233694 createSurf, flag=84004, ActivityRecord{f1dc00e u0 com.example.cupcake/androidx.activity.ComponentActivity t2227}#233694
08-13 16:19:51.636  2742  2742 I HoneySpace.RectFAnimation: animateToFinalPosition RectF(429.76108, 1665.2281, 650.2389, 1916.7816)
08-13 16:19:51.636  2742  2742 I HoneySpace.RectFAnimation: animateToFinalPosition RectF(434.61526, 1672.7435, 645.38477, 1906.2323)
08-13 16:19:51.636  2742  4754 I VRI[LauncherActivity]@3489192: mWNT: t=0xb400007609369550 mBlastBufferQueue=0xb4000075190eebd0 fn= 25 HdrRenderState mRenderHdrSdrRatio=1.0 caller= com.android.systemui.shared.launcher.ViewRootImplCompat.mergeWithNextTransaction:4 com.honeyspace.transition.utils.SurfaceTransactionApplier.scheduleApply$lambda$1:26 com.honeyspace.transition.utils.SurfaceTransactionApplier.b:0
08-13 16:19:51.642  1111  1111 I SurfaceFlinger: [ActivityRecord{f1dc00e u0 com.example.cupcake/androidx.activity.ComponentActivity t2227}#233694] attach to parent LayerHierarchy{RequestedLayerState{Task=2227#233693 parentId=11} 1 children}
08-13 16:19:51.649  1282  4902 I SemDvfsHyPerManager: acquire hyper - AMS_APP_LAUNCH/1282@21, type = -999
08-13 16:19:51.650  1062  1149 I HYPER-HAL: [RequestManager.cpp]acquire(): Acquired ID : 849577  [1282 / 21]    HINT : AMS_APP_LAUNCH    list :
08-13 16:19:51.650  3157  3157 E pageboostd: Received HALT command code 2
08-13 16:19:51.650  2742  2742 I HoneySpace.RectFAnimation: animateToFinalPosition RectF(434.61526, 1691.8694, 645.38477, 1925.3582)
08-13 16:19:51.650  2742  2742 I HoneySpace.RectFAnimation: animateToFinalPosition RectF(440.39447, 1700.5295, 639.6055, 1913.2019)
08-13 16:19:51.651  2127  2334 I ViewRootImpl: dVRR is disabled
08-13 16:19:51.652  2742  4755 I VRI[LauncherActivity]@3489192: mWNT: t=0xb400007609368e50 mBlastBufferQueue=0xb4000075190eebd0 fn= 26 HdrRenderState mRenderHdrSdrRatio=1.0 caller= com.android.systemui.shared.launcher.ViewRootImplCompat.mergeWithNextTransaction:4 com.honeyspace.transition.utils.SurfaceTransactionApplier.scheduleApply$lambda$1:26 com.honeyspace.transition.utils.SurfaceTransactionApplier.b:0
08-13 16:19:51.654  4368  4368 I SemDvfsHyPerManager: acquire hyper - APP_START/4368@16, type = -999
08-13 16:19:51.655 23813 30394 W FA      : Failed to retrieve Firebase Instance Id
08-13 16:19:51.656  1062  1149 I HYPER-HAL: [RequestManager.cpp]acquire(): Acquired ID : 9611936  [4368 / 16]    HINT : APP_START    list :
08-13 16:19:51.661  2127  2390 D NativeCustomFrequencyManager: [NativeCFMS] BpCustomFrequencyManager::BpCustomFrequencyManager()
08-13 16:19:51.662  1244  6944 I CameraService: onUidStateChanged: uid=10043, procState is changed. (0 -> 1)
08-13 16:19:51.670  1111  1111 I BpBinder: onLastStrongRef automatically unlinking death recipients:
08-13 16:19:51.673  2742  4754 I VRI[LauncherActivity]@3489192: mWNT: t=0xb40000760935f450 mBlastBufferQueue=0xb4000075190eebd0 fn= 27 HdrRenderState mRenderHdrSdrRatio=1.0 caller= com.android.systemui.shared.launcher.ViewRootImplCompat.mergeWithNextTransaction:4 com.honeyspace.transition.utils.SurfaceTransactionApplier.scheduleApply$lambda$1:26 com.honeyspace.transition.utils.SurfaceTransactionApplier.b:0
08-13 16:19:51.673 23813 30394 W FA      : Failed to retrieve Firebase Instance Id
08-13 16:19:51.681  2742  2742 I HoneySpace.CapturedBlurManager: capturedBlurView: pause(25347631)
08-13 16:19:51.681  2742  2742 I HoneySpace.Launcher: !@Boot_EBS_D: Launcher.onPause()
08-13 16:19:51.681  2742  2108 I HoneySpace.SPayHandler: updateSpayHandler launcher activity is paused false
08-13 16:19:51.682  1282  1615 D InputTransport: Input channel constructed: '7d362d4', fd=932
08-13 16:19:51.682  1282  1615 D InputTransport: Input channel constructed: '7d362d4', fd=1007
08-13 16:19:51.682  1282  1615 D InputTransport: Input channel constructed: '7d362d4', fd=1018
08-13 16:19:51.682  2742  2742 I HoneySpace.Launcher: updateLauncherShowing true -> false
08-13 16:19:51.685  1111  1223 I SurfaceFlinger: id=233695 createSurf, flag=84004, 7d362d4 Splash Screen com.example.cupcake#233695
08-13 16:19:51.691  1282  1615 D InputTransport: Input channel destroyed: '7d362d4', fd=1018
08-13 16:19:51.694  1111  1111 I SurfaceFlinger: [7d362d4 Splash Screen com.example.cupcake#233695] attach to parent LayerHierarchy{RequestedLayerState{ActivityRecord{f1dc00e u0 com.example.cupcake/androidx.activity.ComponentActivity t2227}#233694 parentId=233693} 1 children}
08-13 16:19:51.696  2127  2334 D InputTransport: Input channel constructed: '7d362d4', fd=526
08-13 16:19:51.696  2127  2334 I InsetsController: onStateChanged: host=Splash Screen com.example.cupcake, from=android.view.ViewRootImpl.setView:1999, state=InsetsState: {mDisplayFrame=Rect(0, 0 - 1080, 2340), mDisplayCutout=DisplayCutout{insets=Rect(0, 80 - 0, 0) waterfall=Insets{left=0, top=0, right=0, bottom=0} boundingRect={Bounds=[Rect(0, 0 - 0, 0), Rect(511, 0 - 569, 80), Rect(0, 0 - 0, 0), Rect(0, 0 - 0, 0)]} cutoutPathParserInfo={CutoutPathParserInfo{displayWidth=1080 displayHeight=2340 physicalDisplayWidth=1080 physicalDisplayHeight=2340 density={2.8125} cutoutSpec={M 0,0 M 0,7.822222222222222‬‬ a 10.31111111111111‬,10.31111111111111‬ 0 1,0 0,20.62222222222222‬ a 10.31111111111111‬,10.31111111111111‬ 0 1,0 0,-20.62222222222222‬ Z @dp} rotation={0} scale={1.0} physicalPixelDisplaySizeRatio={1.0}}} sideOverrides={}}, mRoundedCorners=RoundedCorners{[RoundedCorner{position=TopLeft, radius=113, center=Point(113, 113)}, RoundedCorner{position=TopRight, radius=113, center=Point(967, 113)}, RoundedCorner{position=BottomRight, radius=113, center=Point(967, 2227)}, RoundedCorner{position=BottomLeft, radius=113, center=Point(113, 2227)}]}  mRoundedCornerFrame=Rect(0, 0 - 1080, 2340), mPrivacyIndicatorBounds=PrivacyIndicatorBounds {static bounds=Rect(956, 0 - 1080, 80) rotation=0}, mDisplayShape=DisplayShape{ spec=-311912193 displayWidth=1080 displayHeight=2340 physicalPixelDisplaySizeRatio=1.0 rotation=0 offsetX=0 offsetY=0 scale=1.0}, mSources= { InsetsSource: {b9640000 mType=statusBars mFrame=[0,0][1080,80] mVisible=true mFlags= mSideHint=TOP mBoundingRects=null}, InsetsSource: {b9640005 mType=mandatorySystemGestures mFrame=[0,0][1080,114] mVisible=true mFlags= mSideHint=TOP mBoundingRects=null}, InsetsSource: {b9640006 mType=tappableElement mFrame=[0,0][1080,80] mVisible=true mFlags= mSideHint=TOP mBoundingRects=null}, InsetsSource: {d8440001 mType=navigationBars mFrame=[0,2298][1080,2340] mVisible=true mFlags=SUPPRESS_SCRIM mSideHint=BOTTOM mBoundingRects=null}, InsetsSource: {d8440004 mType=systemGestures mFrame=[0,0][63,2340] mVisible=true mFlags= mSideHint=LEFT mBoundingRects=null}, InsetsSource: {d8440005 mType=mandatorySystemGestures mFrame=[0,2250][1080,2340] mVisible=true mFlags= mSideHint=BOTTOM mBoundingRects=null}, InsetsSource: {d8440006 mType=tappableElement mFrame=[0,0][0,0] mVisible=true mFlags= mSideHint=NONE mBoundingRects=null}, InsetsSource: {d8440024 mType=systemGestures mFrame=[1017,0][1080,2340] mVisible=true mFlags= mSideHint=RIGHT mBoundingRects=null}, InsetsSource: {27 mType=displayCutout mFrame=[0,0][1080,80] mVisible=true mFlags= mSideHint=TOP mBoundingRects=null} }
08-13 16:19:51.697  2127  2334 I VRI[cupcake]@1da36f4: synced displayState. AttachInfo displayState=2
08-13 16:19:51.700 23813 30394 W FA      : Failed to retrieve Firebase Instance Id
08-13 16:19:51.714  1282  4902 D InputDispatcher: Focused application(0): ActivityRecord{f1dc00e u0 com.example.cupcake/androidx.activity.ComponentActivity t2227}
08-13 16:19:51.717 23813 30394 W FA      : Failed to retrieve Firebase Instance Id
08-13 16:19:51.721  1282  3681 D GraphicsStatsService: requestRenderEngineFor(com.example.cupcake)
08-13 16:19:51.722  2742  2742 I HoneySpace.RectFAnimation: animateToFinalPosition RectF(440.39447, 1759.8632, 639.6055, 1972.5355)
08-13 16:19:51.722  2742  2742 I HoneySpace.RectFAnimation: animateToFinalPosition RectF(457.19812, 1780.8956, 622.8019, 1943.0123)
08-13 16:19:51.724  2742  2742 I HoneySpace.RectFAnimation: animateToFinalPosition RectF(457.19812, 1781.8247, 622.8019, 1943.9414)
08-13 16:19:51.724  2742  2742 I HoneySpace.RectFAnimation: animateToFinalPosition RectF(457.4549, 1782.0869, 622.5451, 1943.5732)
08-13 16:19:51.724  2742  2742 I HoneySpace.WorkspaceViewModel: StartContentAnimation, type: AppClose, inProgress: false
08-13 16:19:51.724  2742  2742 I HoneySpace.HomescreenPot: playContentAnimator end, skip alpha: false, paramType = AppClose, state = com.honeyspace.sdk.HomeScreen$Normal@5a264ca -> com.honeyspace.sdk.HomeScreen$Normal@5a264ca
08-13 16:19:51.724  2742  2742 I StickerOperator: restoreOverlapStickers, 0, 171236902
08-13 16:19:51.725  2742  2742 I HoneySpace.SPayHandler: updateSpayHandler launcher activity is paused false
08-13 16:19:51.725  2742  2742 I HoneySpace.HoneyScreenManagerImpl: transitionAnimator is ended, onCancel: false
08-13 16:19:51.725  2742  2742 I HoneySpace.ContentsAnimator: ContentsAnimator end [238010055]
08-13 16:19:51.725  2742  4755 I VRI[LauncherActivity]@3489192: mWNT: t=0xb4000076092b1790 mBlastBufferQueue=0xb4000075190eebd0 fn= 28 HdrRenderState mRenderHdrSdrRatio=1.0 caller= com.android.systemui.shared.launcher.ViewRootImplCompat.mergeWithNextTransaction:4 com.honeyspace.transition.utils.SurfaceTransactionApplier.scheduleApply$lambda$1:26 com.honeyspace.transition.utils.SurfaceTransactionApplier.b:0
08-13 16:19:51.727  2742  4754 I VRI[LauncherActivity]@3489192: mWNT: t=0xb400007609360b10 mBlastBufferQueue=0xb4000075190eebd0 fn= 29 HdrRenderState mRenderHdrSdrRatio=1.0 caller= com.android.systemui.shared.launcher.ViewRootImplCompat.mergeWithNextTransaction:4 com.honeyspace.transition.utils.SurfaceTransactionApplier.scheduleApply$lambda$1:26 com.honeyspace.transition.utils.SurfaceTransactionApplier.b:0
08-13 16:19:51.727  3974  4027 E d       : (Berry)(1.16)handleAudioPathTask() : can't get dual play mode - Attempt to invoke virtual method 'boolean android.bluetooth.BluetoothA2dp.semIsDualPlayMode()' on a null object reference
08-13 16:19:51.728  1282  1967 D AS.MultiSoundManager: mForegroundUid = 10418
08-13 16:19:51.729  5596  5596 D LifecycleMonitor: Lifecycle status change: androidx.activity.ComponentActivity@8526d21 in: PRE_ON_CREATE
08-13 16:19:51.729  5596  5596 V ActivityScenario: Activity lifecycle changed event received but ignored because the reported transition was not ON_CREATE while the last known transition was PRE_ON_CREATE
08-13 16:19:51.732  2127  2334 I VRI[cupcake]@1da36f4: setView = android.widget.FrameLayout@dbb7bde IsHRR=false TM=true
08-13 16:19:51.733  2742  2742 I HoneySpace.RectFAnimation: animateToFinalPosition RectF(457.4549, 1785.9082, 622.5451, 1947.3945)
08-13 16:19:51.733  2742  2742 I HoneySpace.RectFAnimation: animateToFinalPosition RectF(458.51678, 1786.9927, 621.4832, 1945.8723)
08-13 16:19:51.734  5596  5596 I DecorView: setWindowBackground: isPopOver=false color=fffafafa d=android.graphics.drawable.ColorDrawable@4c0dfd2
08-13 16:19:51.735  2742  4755 I VRI[LauncherActivity]@3489192: mWNT: t=0xb40000760936f3d0 mBlastBufferQueue=0xb4000075190eebd0 fn= 30 HdrRenderState mRenderHdrSdrRatio=1.0 caller= com.android.systemui.shared.launcher.ViewRootImplCompat.mergeWithNextTransaction:4 com.honeyspace.transition.utils.SurfaceTransactionApplier.scheduleApply$lambda$1:26 com.honeyspace.transition.utils.SurfaceTransactionApplier.b:0
08-13 16:19:51.735  5596  5596 D LifecycleMonitor: Lifecycle status change: androidx.activity.ComponentActivity@8526d21 in: CREATED
08-13 16:19:51.735  5596  5596 V ActivityScenario: Update currentActivityStage to CREATED, currentActivity=androidx.activity.ComponentActivity@8526d21
08-13 16:19:51.736  5596  5596 D LifecycleMonitor: Lifecycle status change: androidx.activity.ComponentActivity@8526d21 in: STARTED
08-13 16:19:51.736  5596  5596 V ActivityScenario: Update currentActivityStage to STARTED, currentActivity=androidx.activity.ComponentActivity@8526d21
08-13 16:19:51.738 23813 30394 W FA      : Failed to retrieve Firebase Instance Id
08-13 16:19:51.738  5596  5596 D LifecycleMonitor: Lifecycle status change: androidx.activity.ComponentActivity@8526d21 in: RESUMED
08-13 16:19:51.738  5596  5596 V ActivityScenario: Update currentActivityStage to RESUMED, currentActivity=androidx.activity.ComponentActivity@8526d21
08-13 16:19:51.741  5596  5596 I ViewRootImpl: dVRR is disabled
08-13 16:19:51.741 21624 21938 I Rubin   : [92] U9.g.x(Unknown Source) : Notify com.samsung.android.rubin.inferenceengine.contextanalytics.engine.loggers.AppUsageLogger's database is updated.
08-13 16:19:51.742  2742  2742 I HoneySpace.RectFAnimation: animateToFinalPosition RectF(458.51678, 1790.2672, 621.4832, 1949.1469)
08-13 16:19:51.742  2742  2742 I HoneySpace.RectFAnimation: animateToFinalPosition RectF(459.4394, 1791.2094, 620.5606, 1947.8243)
08-13 16:19:51.743  5596  5687 D NativeCustomFrequencyManager: [NativeCFMS] BpCustomFrequencyManager::BpCustomFrequencyManager()
08-13 16:19:51.746  2742  4754 I VRI[LauncherActivity]@3489192: mWNT: t=0xb40000760937a490 mBlastBufferQueue=0xb4000075190eebd0 fn= 31 HdrRenderState mRenderHdrSdrRatio=1.0 caller= com.android.systemui.shared.launcher.ViewRootImplCompat.mergeWithNextTransaction:4 com.honeyspace.transition.utils.SurfaceTransactionApplier.scheduleApply$lambda$1:26 com.honeyspace.transition.utils.SurfaceTransactionApplier.b:0
08-13 16:19:51.747  1282  4902 D InputTransport: Input channel constructed: '1ae5d6e', fd=1018
08-13 16:19:51.747  1282  4902 D InputTransport: Input channel constructed: '1ae5d6e', fd=1020
08-13 16:19:51.747  1282  4902 D InputTransport: Input channel constructed: '1ae5d6e', fd=1025
08-13 16:19:51.750  1111  1732 I SurfaceFlinger: id=233696 createSurf, flag=84004, 1ae5d6e com.example.cupcake/androidx.activity.ComponentActivity#233696
08-13 16:19:51.752  1111  1111 I SurfaceFlinger: [1ae5d6e com.example.cupcake/androidx.activity.ComponentActivity#233696] attach to parent LayerHierarchy{RequestedLayerState{ActivityRecord{f1dc00e u0 com.example.cupcake/androidx.activity.ComponentActivity t2227}#233694 parentId=233693} 2 children}
08-13 16:19:51.753  1282  4902 D InputTransport: Input channel destroyed: '1ae5d6e', fd=1025
08-13 16:19:51.753  5596  5596 D InputTransport: Input channel constructed: '1ae5d6e', fd=132
08-13 16:19:51.754  5596  5596 I InsetsController: onStateChanged: host=com.example.cupcake/androidx.activity.ComponentActivity, from=android.view.ViewRootImpl.setView:1999, state=InsetsState: {mDisplayFrame=Rect(0, 0 - 1080, 2340), mDisplayCutout=DisplayCutout{insets=Rect(0, 80 - 0, 0) waterfall=Insets{left=0, top=0, right=0, bottom=0} boundingRect={Bounds=[Rect(0, 0 - 0, 0), Rect(511, 0 - 569, 80), Rect(0, 0 - 0, 0), Rect(0, 0 - 0, 0)]} cutoutPathParserInfo={CutoutPathParserInfo{displayWidth=1080 displayHeight=2340 physicalDisplayWidth=1080 physicalDisplayHeight=2340 density={2.8125} cutoutSpec={M 0,0 M 0,7.822222222222222‬‬ a 10.31111111111111‬,10.31111111111111‬ 0 1,0 0,20.62222222222222‬ a 10.31111111111111‬,10.31111111111111‬ 0 1,0 0,-20.62222222222222‬ Z @dp} rotation={0} scale={1.0} physicalPixelDisplaySizeRatio={1.0}}} sideOverrides={}}, mRoundedCorners=RoundedCorners{[RoundedCorner{position=TopLeft, radius=113, center=Point(113, 113)}, RoundedCorner{position=TopRight, radius=113, center=Point(967, 113)}, RoundedCorner{position=BottomRight, radius=113, center=Point(967, 2227)}, RoundedCorner{position=BottomLeft, radius=113, center=Point(113, 2227)}]}  mRoundedCornerFrame=Rect(0, 0 - 1080, 2340), mPrivacyIndicatorBounds=PrivacyIndicatorBounds {static bounds=Rect(956, 0 - 1080, 80) rotation=0}, mDisplayShape=DisplayShape{ spec=-311912193 displayWidth=1080 displayHeight=2340 physicalPixelDisplaySizeRatio=1.0 rotation=0 offsetX=0 offsetY=0 scale=1.0}, mSources= { InsetsSource: {b9640000 mType=statusBars mFrame=[0,0][1080,80] mVisible=true mFlags= mSideHint=TOP mBoundingRects=null}, InsetsSource: {b9640005 mType=mandatorySystemGestures mFrame=[0,0][1080,114] mVisible=true mFlags= mSideHint=TOP mBoundingRects=null}, InsetsSource: {b9640006 mType=tappableElement mFrame=[0,0][1080,80] mVisible=true mFlags= mSideHint=TOP mBoundingRects=null}, InsetsSource: {d8440001 mType=navigationBars mFrame=[0,2298][1080,2340] mVisible=true mFlags=SUPPRESS_SCRIM mSideHint=BOTTOM mBoundingRects=null}, InsetsSource: {d8440004 mType=systemGestures mFrame=[0,0][63,2340] mVisible=true mFlags= mSideHint=LEFT mBoundingRects=null}, InsetsSource: {d8440005 mType=mandatorySystemGestures mFrame=[0,2250][1080,2340] mVisible=true mFlags= mSideHint=BOTTOM mBoundingRects=null}, InsetsSource: {d8440006 mType=tappableElement mFrame=[0,0][0,0] mVisible=true mFlags= mSideHint=NONE mBoundingRects=null}, InsetsSource: {d8440024 mType=systemGestures mFrame=[1017,0][1080,2340] mVisible=true mFlags= mSideHint=RIGHT mBoundingRects=null}, InsetsSource: {3 mType=ime mFrame=[0,0][0,0] mVisible=false mFlags= mSideHint=NONE mBoundingRects=null}, InsetsSource: {27 mType=displayCutout mFrame=[0,0][1080,80] mVisible=true mFlags= mSideHint=TOP mBoundingRects=null} }
08-13 16:19:51.755  5596  5596 I VRI[ComponentActivity]@c412dcc: synced displayState. AttachInfo displayState=2
08-13 16:19:51.757  2127  2390 D HWUI    : HWUI - treat SMPTE_170M as sRGB
08-13 16:19:51.762  2742  2742 I HoneySpace.RectFAnimation: animateToFinalPosition RectF(459.4394, 1796.7933, 620.5606, 1953.4083)
08-13 16:19:51.762  2742  2742 I HoneySpace.RectFAnimation: animateToFinalPosition RectF(461.07352, 1797.6538, 618.9265, 1952.2007)
08-13 16:19:51.764  2742  2887 I HoneySpace.TopTaskSource: onTaskMovedToFront : taskId = 2227, displayId = 0
08-13 16:19:51.764  2742  4755 I VRI[LauncherActivity]@3489192: mWNT: t=0xb40000760935ba90 mBlastBufferQueue=0xb4000075190eebd0 fn= 32 HdrRenderState mRenderHdrSdrRatio=1.0 caller= com.android.systemui.shared.launcher.ViewRootImplCompat.mergeWithNextTransaction:4 com.honeyspace.transition.utils.SurfaceTransactionApplier.scheduleApply$lambda$1:26 com.honeyspace.transition.utils.SurfaceTransactionApplier.b:0
08-13 16:19:51.765  2742  2889 I HoneySpace.TopTaskUseCase: topTaskId 2227, DisplayId : 0
08-13 16:19:51.766  2742  2742 I HoneySpace.RectFAnimation: animateToFinalPosition RectF(461.07352, 1798.5255, 618.9265, 1953.0724)
08-13 16:19:51.766  1282  3681 V WindowManager: Relayout Window{7d362d4 u0 Splash Screen com.example.cupcake}: viewVisibility=0 req=1080x2340 ty=3 d0
08-13 16:19:51.766  2742  2108 I HoneySpace.RecentTasks: onRecentTasksChanged
08-13 16:19:51.766  2742  2742 I HoneySpace.RectFAnimation: animateToFinalPosition RectF(461.34177, 1798.6547, 618.6582, 1952.891)
08-13 16:19:51.767  1111  1162 I SurfaceFlinger: id=233697 createSurf, flag=44004, Splash Screen com.example.cupcake$_2127#233697
08-13 16:19:51.768  1111  1111 I SurfaceFlinger: [LayerHierarchy{RequestedLayerState{ImeContainer#16 parentId=123 relativeParentId=123 z=1} 1 children}] RelativeParent to null
08-13 16:19:51.768  1111  1111 I SurfaceFlinger: [Splash Screen com.example.cupcake$_2127#233697] attach to parent LayerHierarchy{RequestedLayerState{7d362d4 Splash Screen com.example.cupcake#233695 parentId=233694 z=2147483647} 1 children}
08-13 16:19:51.771  1282  3681 V WindowManager: Relayout hash=7d362d4, pid=2127, syncId=-1: mAttrs={(0,0)(fillxfill) sim={adjust=pan} layoutInDisplayCutoutMode=always ty=APPLICATION_STARTING fmt=TRANSLUCENT wanim=0x1030312
08-13 16:19:51.771  1282  3681 V WindowManager:   fl=81030118
08-13 16:19:51.771  1282  3681 V WindowManager:   pfl=10000810
08-13 16:19:51.771  1282  3681 V WindowManager:   apr=18
08-13 16:19:51.771  1282  3681 V WindowManager:   bhv=1
08-13 16:19:51.771  1282  3681 V WindowManager:   fitSides=0
08-13 16:19:51.771  1282  3681 V WindowManager:   frameRateBoostOnTouch=true
08-13 16:19:51.771  1282  3681 V WindowManager:   dvrrWindowFrameRateHint=true naviIconColor=0}
08-13 16:19:51.771  2742 28910 I HoneySpace.RecentTasks: onRecentTasksChanged
08-13 16:19:51.774  2127  2334 I InsetsController: onStateChanged: host=Splash Screen com.example.cupcake, from=android.view.ViewRootImpl.relayoutWindow:11304, state=InsetsState: {mDisplayFrame=Rect(0, 0 - 1080, 2340), mDisplayCutout=DisplayCutout{insets=Rect(0, 80 - 0, 0) waterfall=Insets{left=0, top=0, right=0, bottom=0} boundingRect={Bounds=[Rect(0, 0 - 0, 0), Rect(511, 0 - 569, 80), Rect(0, 0 - 0, 0), Rect(0, 0 - 0, 0)]} cutoutPathParserInfo={CutoutPathParserInfo{displayWidth=1080 displayHeight=2340 physicalDisplayWidth=1080 physicalDisplayHeight=2340 density={2.8125} cutoutSpec={M 0,0 M 0,7.822222222222222‬‬ a 10.31111111111111‬,10.31111111111111‬ 0 1,0 0,20.62222222222222‬ a 10.31111111111111‬,10.31111111111111‬ 0 1,0 0,-20.62222222222222‬ Z @dp} rotation={0} scale={1.0} physicalPixelDisplaySizeRatio={1.0}}} sideOverrides={}}, mRoundedCorners=RoundedCorners{[RoundedCorner{position=TopLeft, radius=113, center=Point(113, 113)}, RoundedCorner{position=TopRight, radius=113, center=Point(967, 113)}, RoundedCorner{position=BottomRight, radius=113, center=Point(967, 2227)}, RoundedCorner{position=BottomLeft, radius=113, center=Point(113, 2227)}]}  mRoundedCornerFrame=Rect(0, 0 - 1080, 2340), mPrivacyIndicatorBounds=PrivacyIndicatorBounds {static bounds=Rect(956, 0 - 1080, 80) rotation=0}, mDisplayShape=DisplayShape{ spec=-311912193 displayWidth=1080 displayHeight=2340 physicalPixelDisplaySizeRatio=1.0 rotation=0 offsetX=0 offsetY=0 scale=1.0}, mSources= { InsetsSource: {b9640000 mType=statusBars mFrame=[0,0][1080,80] mVisible=true mFlags= mSideHint=TOP mBoundingRects=null}, InsetsSource: {b9640005 mType=mandatorySystemGestures mFrame=[0,0][1080,114] mVisible=true mFlags= mSideHint=TOP mBoundingRects=null}, InsetsSource: {b9640006 mType=tappableElement mFrame=[0,0][1080,80] mVisible=true mFlags= mSideHint=TOP mBoundingRects=null}, InsetsSource: {d8440001 mType=navigationBars mFrame=[0,2298][1080,2340] mVisible=true mFlags=SUPPRESS_SCRIM mSideHint=BOTTOM mBoundingRects=null}, InsetsSource: {d8440004 mType=systemGestures mFrame=[0,0][63,2340] mVisible=true mFlags= mSideHint=LEFT mBoundingRects=null}, InsetsSource: {d8440005 mType=mandatorySystemGestures mFrame=[0,2250][1080,2340] mVisible=true mFlags= mSideHint=BOTTOM mBoundingRects=null}, InsetsSource: {d8440006 mType=tappableElement mFrame=[0,0][0,0] mVisible=true mFlags= mSideHint=NONE mBoundingRects=null}, InsetsSource: {d8440024 mType=systemGestures mFrame=[1017,0][1080,2340] mVisible=true mFlags= mSideHint=RIGHT mBoundingRects=null}, InsetsSource: {3 mType=ime mFrame=[0,0][0,0] mVisible=false mFlags= mSideHint=NONE mBoundingRects=null}, InsetsSource: {27 mType=displayCutout mFrame=[0,0][1080,80] mVisible=true mFlags= mSideHint=TOP mBoundingRects=null} }
08-13 16:19:51.774 21624 21938 I Rubin   : [92] com.samsung.android.rubin.inferenceengine.contextanalytics.engine.monitors.moment.exercise.ExercisingWithCmhMonitor.isSatisfiedByCmh(Unknown Source) : isSatisfiedByCmh is false
08-13 16:19:51.775  5596  5596 I VRI[ComponentActivity]@c412dcc: setView = com.android.internal.policy.DecorView@b57591b IsHRR=false TM=true
08-13 16:19:51.776  2742  2742 I HoneySpace.RectFAnimation: animateToFinalPosition RectF(461.34177, 1800.525, 618.6582, 1954.7614)
08-13 16:19:51.776  5596  5687 D HWUI    : HWUI - treat SMPTE_170M as sRGB
08-13 16:19:51.776  2742  2742 I HoneySpace.RectFAnimation: animateToFinalPosition RectF(461.9405, 1800.8135, 618.0595, 1954.3564)
08-13 16:19:51.780  2742  4754 I VRI[LauncherActivity]@3489192: mWNT: t=0xb40000760930e390 mBlastBufferQueue=0xb4000075190eebd0 fn= 33 HdrRenderState mRenderHdrSdrRatio=1.0 caller= com.android.systemui.shared.launcher.ViewRootImplCompat.mergeWithNextTransaction:4 com.honeyspace.transition.utils.SurfaceTransactionApplier.scheduleApply$lambda$1:26 com.honeyspace.transition.utils.SurfaceTransactionApplier.b:0
08-13 16:19:51.783  2742  1823 I HoneySpace.HistoryViewModel@160600677@OneUI: Illegal access. Unknown type. skip load history items
08-13 16:19:51.783 22781 22781 I bmex    : onPause
08-13 16:19:51.787  2127  2334 I BLASTBufferQueue_Java: new BLASTBufferQueue, mName= VRI[cupcake]@1da36f4 mNativeObject= 0xb4000075191062d0 sc.mNativeObject= 0xb40000761912b690 caller= android.view.ViewRootImpl.updateBlastSurfaceIfNeeded:3397 android.view.ViewRootImpl.relayoutWindow:11361 android.view.ViewRootImpl.performTraversals:4544 android.view.ViewRootImpl.doTraversal:3708 android.view.ViewRootImpl$TraversalRunnable.run:12542 android.view.Choreographer$CallbackRecord.run:1751 android.view.Choreographer$CallbackRecord.run:1760 android.view.Choreographer.doCallbacks:1216 android.view.Choreographer.doFrame:1142 android.view.Choreographer$FrameDisplayEventReceiver.run:1707
08-13 16:19:51.787  2127  2334 I BLASTBufferQueue_Java: update, w= 1080 h= 2340 mName = VRI[cupcake]@1da36f4 mNativeObject= 0xb4000075191062d0 sc.mNativeObject= 0xb40000761912b690 format= -3 caller= android.graphics.BLASTBufferQueue.<init>:88 android.view.ViewRootImpl.updateBlastSurfaceIfNeeded:3397 android.view.ViewRootImpl.relayoutWindow:11361 android.view.ViewRootImpl.performTraversals:4544 android.view.ViewRootImpl.doTraversal:3708 android.view.ViewRootImpl$TraversalRunnable.run:12542
08-13 16:19:51.788  2127  2334 I VRI[cupcake]@1da36f4: Relayout returned: old=(0,0,1080,2340) new=(0,0,1080,2340) relayoutAsync=false req=(1080,2340)0 dur=25 res=0x3 s={true 0xb4000075e967ca00} ch=true seqId=0
08-13 16:19:51.788  2127  2334 I VRI[cupcake]@1da36f4: performConfigurationChange setNightDimText nightDimLevel=0
08-13 16:19:51.789  2127  2334 D VRI[cupcake]@1da36f4: mThreadedRenderer.initialize() mSurface={isValid=true 0xb4000075e967ca00} hwInitialized=true
08-13 16:19:51.789  2127  2334 D VRI[cupcake]@1da36f4: reportNextDraw android.view.ViewRootImpl.performTraversals:5193 android.view.ViewRootImpl.doTraversal:3708 android.view.ViewRootImpl$TraversalRunnable.run:12542 android.view.Choreographer$CallbackRecord.run:1751 android.view.Choreographer$CallbackRecord.run:1760
08-13 16:19:51.790  2127  2334 D VRI[cupcake]@1da36f4: Setup new sync=wmsSync-VRI[cupcake]@1da36f4#92
08-13 16:19:51.790  2127  2334 I VRI[cupcake]@1da36f4: Creating new active sync group VRI[cupcake]@1da36f4#93
08-13 16:19:51.790  1282  1908 V WindowManager: Relayout Window{1ae5d6e u0 com.example.cupcake/androidx.activity.ComponentActivity}: viewVisibility=0 req=1080x2340 ty=1 d0
08-13 16:19:51.790  1111  1162 I SurfaceFlinger: id=233698 createSurf, flag=44004, com.example.cupcake/androidx.activity.ComponentActivity$_5596#233698
08-13 16:19:51.791  6225  4821 I NetworkScheduler: (REDACTED) Error inserting %s
08-13 16:19:51.791  2742  2742 I HoneySpace.RectFAnimation: animateToFinalPosition RectF(461.9405, 1803.0016, 618.0595, 1956.5446)
08-13 16:19:51.792  2742  2742 I HoneySpace.RectFAnimation: animateToFinalPosition RectF(462.71432, 1803.3744, 617.28564, 1956.0211)
08-13 16:19:51.795  2742  4755 I VRI[LauncherActivity]@3489192: mWNT: t=0xb400007609381650 mBlastBufferQueue=0xb4000075190eebd0 fn= 34 HdrRenderState mRenderHdrSdrRatio=1.0 caller= com.android.systemui.shared.launcher.ViewRootImplCompat.mergeWithNextTransaction:4 com.honeyspace.transition.utils.SurfaceTransactionApplier.scheduleApply$lambda$1:26 com.honeyspace.transition.utils.SurfaceTransactionApplier.b:0
08-13 16:19:51.796 23813 30394 W FA      : Failed to retrieve Firebase Instance Id
08-13 16:19:51.797  1111  1163 I SurfaceFlinger: id=233699 createSurf, flag=24000, Surface(name=8a94d40 NavigationBar0)/@0x65d636d - animation-leash of insets_animation#233699
08-13 16:19:51.800  1111  1111 I SurfaceFlinger: [com.example.cupcake/androidx.activity.ComponentActivity$_5596#233698] attach to parent LayerHierarchy{RequestedLayerState{1ae5d6e com.example.cupcake/androidx.activity.ComponentActivity#233696 parentId=233694} 1 children}
08-13 16:19:51.800  1111  1111 I SurfaceFlinger: [Surface(name=8a94d40 NavigationBar0)/@0x65d636d - animation-leash of insets_animation#233699] attach to parent LayerHierarchy{RequestedLayerState{WindowToken{4aa5472 type=2019 android.os.BinderProxy@bd187d4}#87 parentId=31} 2 children}
08-13 16:19:51.801  1111  1163 I SurfaceFlinger: id=233700 createSurf, flag=24000, Surface(name=e0324bb StatusBar)/@0x8487ff0 - animation-leash of insets_animation#233700
08-13 16:19:51.805  1282  1908 I SystemKeyManager: requested systemKeyInfo size=2 focusedWindow=com.example.cupcake/androidx.activity.ComponentActivity
08-13 16:19:51.805  1282  1908 V WindowManager: Relayout hash=1ae5d6e, pid=5596, syncId=-1: mAttrs={(0,0)(fillxfill) sim={adjust=pan forwardNavigation} layoutInDisplayCutoutMode=always ty=BASE_APPLICATION wanim=0x1030312
08-13 16:19:51.805  1282  1908 V WindowManager:   fl=81810100
08-13 16:19:51.805  1282  1908 V WindowManager:   pfl=100088c0
08-13 16:19:51.805  1282  1908 V WindowManager:   apr=210
08-13 16:19:51.805  1282  1908 V WindowManager:   bhv=1
08-13 16:19:51.805  1282  1908 V WindowManager:   fitSides=0
08-13 16:19:51.805  1282  1908 V WindowManager:   frameRateBoostOnTouch=true
08-13 16:19:51.805  1282  1908 V WindowManager:   dvrrWindowFrameRateHint=true naviIconColor=0}
08-13 16:19:51.806  2127  2334 D VRI[cupcake]@1da36f4: registerCallbacksForSync syncBuffer=false
08-13 16:19:51.808  2742  2742 I HoneySpace.RectFAnimation: animateToFinalPosition RectF(462.71432, 1804.7489, 617.28564, 1957.3956)
08-13 16:19:51.808  2742  2742 I HoneySpace.RectFAnimation: animateToFinalPosition RectF(463.30518, 1805.0336, 616.6948, 1956.9962)
08-13 16:19:51.808  5596  5596 I BLASTBufferQueue_Java: new BLASTBufferQueue, mName= VRI[ComponentActivity]@c412dcc mNativeObject= 0xb4000075190cded0 sc.mNativeObject= 0xb4000076190c2390 caller= android.view.ViewRootImpl.updateBlastSurfaceIfNeeded:3397 android.view.ViewRootImpl.relayoutWindow:11361 android.view.ViewRootImpl.performTraversals:4544 android.view.ViewRootImpl.doTraversal:3708 android.view.ViewRootImpl$TraversalRunnable.run:12542 android.view.Choreographer$CallbackRecord.run:1751 android.view.Choreographer$CallbackRecord.run:1760 android.view.Choreographer.doCallbacks:1216 android.view.Choreographer.doFrame:1142 android.view.Choreographer$FrameDisplayEventReceiver.run:1707
08-13 16:19:51.808  5596  5596 I BLASTBufferQueue_Java: update, w= 1080 h= 2340 mName = VRI[ComponentActivity]@c412dcc mNativeObject= 0xb4000075190cded0 sc.mNativeObject= 0xb4000076190c2390 format= -1 caller= android.graphics.BLASTBufferQueue.<init>:88 android.view.ViewRootImpl.updateBlastSurfaceIfNeeded:3397 android.view.ViewRootImpl.relayoutWindow:11361 android.view.ViewRootImpl.performTraversals:4544 android.view.ViewRootImpl.doTraversal:3708 android.view.ViewRootImpl$TraversalRunnable.run:12542
08-13 16:19:51.809  5596  5596 I VRI[ComponentActivity]@c412dcc: Relayout returned: old=(0,0,1080,2340) new=(0,0,1080,2340) relayoutAsync=false req=(1080,2340)0 dur=19 res=0x3 s={true 0xb4000075e91617a0} ch=true seqId=0
08-13 16:19:51.810  5596  5596 I VRI[ComponentActivity]@c412dcc: performConfigurationChange setNightDimText nightDimLevel=0
08-13 16:19:51.810  5596  5596 D VRI[ComponentActivity]@c412dcc: mThreadedRenderer.initialize() mSurface={isValid=true 0xb4000075e91617a0} hwInitialized=true
08-13 16:19:51.811  1111  1209 D SurfaceFlinger: [input] setFocusedWindow: <null>
08-13 16:19:51.811  1111  1111 I SurfaceFlinger: [Surface(name=e0324bb StatusBar)/@0x8487ff0 - animation-leash of insets_animation#233700] attach to parent LayerHierarchy{RequestedLayerState{WindowToken{b8fcd4a type=2000 android.os.BinderProxy@ecaaeec}#94 parentId=19} 2 children}
08-13 16:19:51.811  5596  5596 D VRI[ComponentActivity]@c412dcc: reportNextDraw android.view.ViewRootImpl.performTraversals:5193 android.view.ViewRootImpl.doTraversal:3708 android.view.ViewRootImpl$TraversalRunnable.run:12542 android.view.Choreographer$CallbackRecord.run:1751 android.view.Choreographer$CallbackRecord.run:1760
08-13 16:19:51.811  1282  1908 D InputDispatcher: Focus left window (0): c2c214a com.sec.android.app.launcher/com.sec.android.app.launcher.activities.LauncherActivity
08-13 16:19:51.811  5596  5596 D VRI[ComponentActivity]@c412dcc: Setup new sync=wmsSync-VRI[ComponentActivity]@c412dcc#10
08-13 16:19:51.811  5596  5596 I VRI[ComponentActivity]@c412dcc: Creating new active sync group VRI[ComponentActivity]@c412dcc#11
08-13 16:19:51.812  1282  4371 D InputDispatcher: Once focus requested (0): <null>
08-13 16:19:51.813  1282  1444 D PkgPredictorService-SecIpmManagerServiceImpl: onForegroundActivitiesChanged pid:5596 uid:10418
08-13 16:19:51.813  5596  5596 D VRI[ComponentActivity]@c412dcc: registerCallbacksForSync syncBuffer=false
