08-13 16:19:40.967  1111  1111 I SurfaceFlinger: Layer [Task=2217#233505] hidden!! flag(0)
08-13 16:19:40.967  1111  1111 E SurfaceFlinger: alpha changed 1.000 -> 0.000 - Task=2217#233505
08-13 16:19:40.967  1111  1111 E SurfaceFlinger: alpha changed 0.000 -> 0.000 - Task=2217#233505
08-13 16:19:40.967  1111  1111 I SurfaceFlinger: [LayerHierarchy{RequestedLayerState{Task=1#52 parentId=233510 z=3} 2 children}] reparent to LayerHierarchy{RequestedLayerState{Transition Root: Task=2217#233510 parentId=11 z=3} 1 children}
08-13 16:19:40.967  1111  1111 I SurfaceFlinger: [LayerHierarchy{RequestedLayerState{WallpaperWindowToken{b638ffb token=android.os.Binder@64ddd8a}#74 parentId=233510 z=1} 1 children}] reparent to LayerHierarchy{RequestedLayerState{Transition Root: Task=2217#233510 parentId=11 z=3} 2 children}
08-13 16:19:40.967  1111  1111 I SurfaceFlinger: [LayerHierarchy{RequestedLayerState{8a94d40 NavigationBar0#88 parentId=233511} 1 children}] reparent to LayerHierarchy{RequestedLayerState{Surface(name=8a94d40 NavigationBar0)/@0x65d636d - animation-leash of insets_animation#233511 parentId=87} 1 children}
08-13 16:19:40.967  1111  1111 I SurfaceFlinger: [LayerHierarchy{RequestedLayerState{e0324bb StatusBar#95 parentId=233512} 1 children}] reparent to LayerHierarchy{RequestedLayerState{Surface(name=e0324bb StatusBar)/@0x8487ff0 - animation-leash of insets_animation#233512 parentId=94} 1 children}
08-13 16:19:40.967  1111  1111 I SurfaceFlinger: [LayerHierarchy{RequestedLayerState{Surface(name=e0324bb StatusBar)/@0x8487ff0 - animation-leash of insets_animation#233486} no children}] reparent to OffscreenRoot
08-13 16:19:40.967  1111  1111 I SurfaceFlinger: [LayerHierarchy{RequestedLayerState{Surface(name=e0324bb StatusBar)/@0x8487ff0 - animation-leash of insets_animation#233486} no children}] RelativeParent to null
08-13 16:19:40.967  1111  1111 I SurfaceFlinger: [LayerHierarchy{RequestedLayerState{Surface(name=8a94d40 NavigationBar0)/@0x65d636d - animation-leash of insets_animation#233485} no children}] reparent to OffscreenRoot
08-13 16:19:40.967  1111  1111 I SurfaceFlinger: [LayerHierarchy{RequestedLayerState{Surface(name=8a94d40 NavigationBar0)/@0x65d636d - animation-leash of insets_animation#233485} no children}] RelativeParent to null
08-13 16:19:40.967  1111  1111 I SurfaceFlinger: [LayerHierarchy{RequestedLayerState{Task=2217#233505 parentId=233510 z=7} 1 children}] reparent to LayerHierarchy{RequestedLayerState{Transition Root: Task=2217#233510 parentId=11 z=3} 3 children}
08-13 16:19:40.967  1111  1111 I SurfaceFlinger: [Transition Root: Task=2217#233510] attach to parent LayerHierarchy{RequestedLayerState{DefaultTaskDisplayArea_d0#11 parentId=10} 7 children}
08-13 16:19:40.967  1111  1111 I SurfaceFlinger: [Surface(name=8a94d40 NavigationBar0)/@0x65d636d - animation-leash of insets_animation#233511] attach to parent LayerHierarchy{RequestedLayerState{WindowToken{4aa5472 type=2019 android.os.BinderProxy@bd187d4}#87 parentId=31} 1 children}
08-13 16:19:40.967  1111  1111 I SurfaceFlinger: [Surface(name=e0324bb StatusBar)/@0x8487ff0 - animation-leash of insets_animation#233512] attach to parent LayerHierarchy{RequestedLayerState{WindowToken{b8fcd4a type=2000 android.os.BinderProxy@ecaaeec}#94 parentId=19} 1 children}
08-13 16:19:40.967  1111  1111 I SurfaceFlinger: [7d6b903 ActivityRecordInputSink com.example.cupcake/androidx.activity.ComponentActivity#233513] attach to parent LayerHierarchy{RequestedLayerState{ActivityRecord{1fc6b9 u0 com.example.cupcake/androidx.activity.ComponentActivity t2217}#233506 parentId=233505} 3 children}
08-13 16:19:40.967  1111  1111 I SurfaceFlinger: [com.example.cupcake/androidx.activity.ComponentActivity$_5596#233514] attach to parent LayerHierarchy{RequestedLayerState{1018d3c com.example.cupcake/androidx.activity.ComponentActivity#233509 parentId=233506} 1 children}
08-13 16:19:40.967  1111  1111 I SurfaceFlinger: [Surface(name=8a94d40 NavigationBar0)/@0x65d636d - animation-leash of insets_animation#233515] attach to parent LayerHierarchy{RequestedLayerState{WindowToken{4aa5472 type=2019 android.os.BinderProxy@bd187d4}#87 parentId=31} 2 children}
08-13 16:19:40.967  1111  1111 I SurfaceFlinger: [Surface(name=e0324bb StatusBar)/@0x8487ff0 - animation-leash of insets_animation#233516] attach to parent LayerHierarchy{RequestedLayerState{WindowToken{b8fcd4a type=2000 android.os.BinderProxy@ecaaeec}#94 parentId=19} 2 children}
08-13 16:19:40.967  1282  4370 V WindowManager: Relayout hash=1018d3c, pid=5596, syncId=-1: mAttrs={(0,0)(fillxfill) sim={adjust=pan forwardNavigation} layoutInDisplayCutoutMode=always ty=BASE_APPLICATION wanim=0x1030312
08-13 16:19:40.967  1282  4370 V WindowManager:   fl=81810100
08-13 16:19:40.967  1282  4370 V WindowManager:   pfl=100088c0
08-13 16:19:40.967  1282  4370 V WindowManager:   apr=210
08-13 16:19:40.967  1282  4370 V WindowManager:   bhv=1
08-13 16:19:40.967  1282  4370 V WindowManager:   fitSides=0
08-13 16:19:40.967  1282  4370 V WindowManager:   frameRateBoostOnTouch=true
08-13 16:19:40.967  1282  4370 V WindowManager:   dvrrWindowFrameRateHint=true naviIconColor=0}
08-13 16:19:40.968  1111  1111 I SurfaceFlinger: id=233486 Removed Surface(name=e0324bb StatusBar)/@0x8487ff0 - animation-leash of insets_animation#233486 (171)
08-13 16:19:40.968  1111  1111 I SurfaceFlinger: id=233485 Removed Surface(name=8a94d40 NavigationBar0)/@0x65d636d - animation-leash of insets_animation#233485 (171)
08-13 16:19:40.970  5596  5596 I BLASTBufferQueue_Java: new BLASTBufferQueue, mName= VRI[ComponentActivity]@2461abf mNativeObject= 0xb4000075190b2950 sc.mNativeObject= 0xb4000076190b35d0 caller= android.view.ViewRootImpl.updateBlastSurfaceIfNeeded:3397 android.view.ViewRootImpl.relayoutWindow:11361 android.view.ViewRootImpl.performTraversals:4544 android.view.ViewRootImpl.doTraversal:3708 android.view.ViewRootImpl$TraversalRunnable.run:12542 android.view.Choreographer$CallbackRecord.run:1751 android.view.Choreographer$CallbackRecord.run:1760 android.view.Choreographer.doCallbacks:1216 android.view.Choreographer.doFrame:1142 android.view.Choreographer$FrameDisplayEventReceiver.run:1707
08-13 16:19:40.970  5596  5596 I BLASTBufferQueue_Java: update, w= 1080 h= 2340 mName = VRI[ComponentActivity]@2461abf mNativeObject= 0xb4000075190b2950 sc.mNativeObject= 0xb4000076190b35d0 format= -1 caller= android.graphics.BLASTBufferQueue.<init>:88 android.view.ViewRootImpl.updateBlastSurfaceIfNeeded:3397 android.view.ViewRootImpl.relayoutWindow:11361 android.view.ViewRootImpl.performTraversals:4544 android.view.ViewRootImpl.doTraversal:3708 android.view.ViewRootImpl$TraversalRunnable.run:12542
08-13 16:19:40.970  1111  1186 I VSyncReactor: Current= 60, Period= 120, hwcPeriod= 120
08-13 16:19:40.971  5596  5596 I VRI[ComponentActivity]@2461abf: Relayout returned: old=(0,0,1080,2340) new=(0,0,1080,2340) relayoutAsync=false req=(1080,2340)0 dur=10 res=0x3 s={true 0xb4000075e90ea420} ch=true seqId=0
08-13 16:19:40.972  1111  1162 W ServiceManagerCppClient: Permission failure: android.permission.ACCESS_SURFACE_FLINGER from uid=10418 pid=5596
08-13 16:19:40.972  1111  1162 D PermissionCache: checking android.permission.ACCESS_SURFACE_FLINGER for uid=10418 => denied (240 us)
08-13 16:19:40.972  1111  1162 W ServiceManagerCppClient: Permission failure: android.permission.ROTATE_SURFACE_FLINGER from uid=10418 pid=5596
08-13 16:19:40.972  1111  1162 D PermissionCache: checking android.permission.ROTATE_SURFACE_FLINGER for uid=10418 => denied (230 us)
08-13 16:19:40.972  1111  1162 W ServiceManagerCppClient: Permission failure: android.permission.INTERNAL_SYSTEM_WINDOW from uid=10418 pid=5596
08-13 16:19:40.972  1111  1162 D PermissionCache: checking android.permission.INTERNAL_SYSTEM_WINDOW for uid=10418 => denied (180 us)
08-13 16:19:40.973  5596  5596 I VRI[ComponentActivity]@2461abf: performConfigurationChange setNightDimText nightDimLevel=0
08-13 16:19:40.975  5596  5596 D VRI[ComponentActivity]@2461abf: mThreadedRenderer.initialize() mSurface={isValid=true 0xb4000075e90ea420} hwInitialized=true
08-13 16:19:40.976  1111  1111 I SurfaceFlinger: destroyed Surface(name=e0324bb StatusBar)/@0x8487ff0 - animation-leash of insets_animation#233486
08-13 16:19:40.977  1111  1111 I SurfaceFlinger: destroyed Surface(name=8a94d40 NavigationBar0)/@0x65d636d - animation-leash of insets_animation#233485
08-13 16:19:40.978  1111  1111 I Layer   : id=233486 Destroyed Surface(name=e0324bb StatusBar)/@0x8487ff0 - animation-leash of insets_animation#233486
08-13 16:19:40.978  1111  1111 I Layer   : id=233485 Destroyed Surface(name=8a94d40 NavigationBar0)/@0x65d636d - animation-leash of insets_animation#233485
08-13 16:19:40.979  2127  2334 I InsetsSourceConsumer: applyRequestedVisibilityToControl: visible=true, type=navigationBars, host=Splash Screen com.example.cupcake
08-13 16:19:40.979  2127  2127 D NavigationBar: onSystemBarAttributesChanged() -  displayId:0, appearance:528, packageName: com.example.cupcake (APPEARANCE_LIGHT_NAVIGATION_BARS ), navbarColorManagedByIme:false
08-13 16:19:40.980  5596  5596 D VRI[ComponentActivity]@2461abf: reportNextDraw android.view.ViewRootImpl.performTraversals:5193 android.view.ViewRootImpl.doTraversal:3708 android.view.ViewRootImpl$TraversalRunnable.run:12542 android.view.Choreographer$CallbackRecord.run:1751 android.view.Choreographer$CallbackRecord.run:1760
08-13 16:19:40.980  5596  5596 D VRI[ComponentActivity]@2461abf: Setup new sync=wmsSync-VRI[ComponentActivity]@2461abf#0
08-13 16:19:40.980  5596  5596 I VRI[ComponentActivity]@2461abf: Creating new active sync group VRI[ComponentActivity]@2461abf#1
08-13 16:19:40.981  2127  2334 I InsetsSourceConsumer: applyRequestedVisibilityToControl: visible=true, type=statusBars, host=Splash Screen com.example.cupcake
08-13 16:19:40.984  1111  1730 W ServiceManagerCppClient: Permission failure: android.permission.ACCESS_SURFACE_FLINGER from uid=10418 pid=0
08-13 16:19:40.984  1111  1730 D PermissionCache: checking android.permission.ACCESS_SURFACE_FLINGER for uid=10418 => denied (12366 us)
08-13 16:19:40.988  1111  1111 E SurfaceFlinger: alpha changed 0.000 -> 0.160 - Task=2217#233505
08-13 16:19:40.988  1111  1111 I SurfaceFlinger: [LayerHierarchy{RequestedLayerState{8a94d40 NavigationBar0#88 parentId=233515} 1 children}] reparent to LayerHierarchy{RequestedLayerState{Surface(name=8a94d40 NavigationBar0)/@0x65d636d - animation-leash of insets_animation#233515 parentId=87} 1 children}
08-13 16:19:40.988  1111  1111 I SurfaceFlinger: [LayerHierarchy{RequestedLayerState{e0324bb StatusBar#95 parentId=233516} 1 children}] reparent to LayerHierarchy{RequestedLayerState{Surface(name=e0324bb StatusBar)/@0x8487ff0 - animation-leash of insets_animation#233516 parentId=94} 1 children}
08-13 16:19:40.988  1111  1111 I SurfaceFlinger: [LayerHierarchy{RequestedLayerState{Surface(name=8a94d40 NavigationBar0)/@0x65d636d - animation-leash of insets_animation#233511} no children}] reparent to OffscreenRoot
08-13 16:19:40.988  1111  1111 I SurfaceFlinger: [LayerHierarchy{RequestedLayerState{Surface(name=8a94d40 NavigationBar0)/@0x65d636d - animation-leash of insets_animation#233511} no children}] RelativeParent to null
08-13 16:19:40.988  1111  1111 I SurfaceFlinger: [LayerHierarchy{RequestedLayerState{Surface(name=e0324bb StatusBar)/@0x8487ff0 - animation-leash of insets_animation#233512} no children}] reparent to OffscreenRoot
08-13 16:19:40.988  1111  1111 I SurfaceFlinger: [LayerHierarchy{RequestedLayerState{Surface(name=e0324bb StatusBar)/@0x8487ff0 - animation-leash of insets_animation#233512} no children}] RelativeParent to null
08-13 16:19:40.990  1111  1111 I SurfaceFlinger: id=233512 Removed Surface(name=e0324bb StatusBar)/@0x8487ff0 - animation-leash of insets_animation#233512 (169)
08-13 16:19:40.990  5596  5596 D VRI[ComponentActivity]@2461abf: registerCallbacksForSync syncBuffer=false
08-13 16:19:40.990  1111  1111 I SurfaceFlinger: id=233511 Removed Surface(name=8a94d40 NavigationBar0)/@0x65d636d - animation-leash of insets_animation#233511 (169)
08-13 16:19:40.995  5596  5711 D VRI[ComponentActivity]@2461abf: Received frameDrawingCallback syncResult=0 frameNum=1.
08-13 16:19:40.996  5596  5711 I VRI[ComponentActivity]@2461abf: mWNT: t=0xb4000076090d4610 mBlastBufferQueue=0xb4000075190b2950 fn= 1 HdrRenderState mRenderHdrSdrRatio=1.0 caller= android.view.ViewRootImpl$11.onFrameDraw:15016 android.view.ThreadedRenderer$1.onFrameDraw:761 <bottom of call stack>
08-13 16:19:40.996  5596  5711 I VRI[ComponentActivity]@2461abf: Setting up sync and frameCommitCallback
08-13 16:19:40.998  2494  2494 I Telephony: TelecomAccountRegistry$TelecomAccountTelephonyCallback: onServiceStateChanged: newState=0, mServiceState=0
08-13 16:19:40.999 32078 32168 I DWBn    : Retrieve CLEAR_CACHED_DATA
08-13 16:19:40.999 32078 32168 I DWBn    : No Request Data
08-13 16:19:41.001  1194  1194 D CellBroadcastReceiver: onReceive Intent { act=android.intent.action.SERVICE_STATE flg=0x1000010 cmp=com.google.android.cellbroadcastreceiver/com.android.cellbroadcastreceiver.CellBroadcastReceiver (has extras) }
08-13 16:19:41.002  2494  2494 I Telephony: TelecomAccountRegistry$AccountEntry: isRttCurrentlySupported -- regular acct,, hasVoiceAvailability: true, isRttSupported: false, alwaysAllowWhileRoaming: false, isRoaming: false, isOnWfc: false
08-13 16:19:41.002  2494  2494 V PhoneGlobals: handleServiceStateChanged
08-13 16:19:41.002  2494  2494 D NotificationMgr: updateNetworkSelection, Use Samsung codes instead of AOSP codes
08-13 16:19:41.002  2494  2494 V PhoneGlobals: subId=-1, mDefaultDataSubId=2, ss roaming=false
08-13 16:19:41.003  1194  1194 D CellBroadcastReceiver: onServiceStateChanged, ss: 0
08-13 16:19:41.003  1194  1194 D CellBroadcastReceiver: networkOperator: 28601
08-13 16:19:41.003  1194  1194 D CellBroadcastReceiver: update supported roaming operator as
08-13 16:19:41.005  1282  1282 D SemWifiService: received: android.intent.action.SERVICE_STATE
08-13 16:19:41.002  2494  2494 V PhoneGlobals: handleServiceStateChanged
08-13 16:19:41.007  2494  2494 D NotificationMgr: updateNetworkSelection, Use Samsung codes instead of AOSP codes
08-13 16:19:41.007  2494  2494 V PhoneGlobals: subId=2, mDefaultDataSubId=2, ss roaming=false
08-13 16:19:41.007  1111  1111 D SurfaceFlinger: Display 4633128672291735932 HWC layers:
08-13 16:19:41.007  1111  1111 D SurfaceFlinger:        DEVICE |   0xb4000079e28c6110 | 0000 | RGBA_8888    |    0.0    0.0 1080.0 2340.0 |    0    0 1080 2340 | Wallpaper BBQ wrapper 5_system#82 (19)
08-13 16:19:41.007  1111  1111 D SurfaceFlinger:        DEVICE |   0xb4000079e2957a50 | 0001 | RGBA_8888    |    0.0    0.0 1080.0 2340.0 |    0    0 1080 2340 | com.sec.android.app.launcher/com.sec[...]vities.LauncherActivity$_2742#233455 (1324)
08-13 16:19:41.007  1111  1111 D SurfaceFlinger:        CLIENT |   0xb4000079e2899c50 | 0001 | RGBA_8888    |    0.0    0.0 1080.0 2340.0 |   76  164 1004 2176 | Splash Screen com.example.cupcake$_2127#233508 (1)
08-13 16:19:41.007  1111  1111 D SurfaceFlinger:        DEVICE |   0xb4000079e28c9c90 | 0001 | RGBA_8888    |    0.0    0.0 1080.0   80.0 |    0    0 1080   80 | StatusBar$_2127#106 (79303)
08-13 16:19:41.007  1111  1111 D SurfaceFlinger:        DEVICE |   0xb4000079e293aa90 | 0001 | RGBA_8888    |    0.0    0.0 1080.0  135.0 |    0 2205 1080 2340 | NavigationBar0$_2127#101 (129681)
08-13 16:19:41.007  1111  1111 D SurfaceFlinger:        DEVICE |   0xb4000079e28c8410 | 0001 | RGBA_8888    |    0.0  249.0 1034.0  827.0 |   46    0 1080  578 | $_4855#233489 (375)
08-13 16:19:41.007  1111  1111 D SurfaceFlinger:
08-13 16:19:41.009  1111  1111 I SurfaceFlinger: destroyed Surface(name=8a94d40 NavigationBar0)/@0x65d636d - animation-leash of insets_animation#233511
08-13 16:19:41.009  1111  1111 I SurfaceFlinger: destroyed Surface(name=e0324bb StatusBar)/@0x8487ff0 - animation-leash of insets_animation#233512
08-13 16:19:41.010  1111  1111 I Layer   : id=233512 Destroyed Surface(name=e0324bb StatusBar)/@0x8487ff0 - animation-leash of insets_animation#233512
08-13 16:19:41.010  1111  1111 I Layer   : id=233511 Destroyed Surface(name=8a94d40 NavigationBar0)/@0x65d636d - animation-leash of insets_animation#233511
08-13 16:19:41.011 32078 32168 I DWBg    : onPackageRemoved Already Removed : com.example.cupcake.test
08-13 16:19:41.013  1282  3179 D PhoneRestrictionPolicy: isOperationAllowed >>> slotNum: 0 function: 1
08-13 16:19:41.019  2494  2494 V PhoneGlobals: updateDataRoamingStatus
08-13 16:19:41.020  2494  2494 V PhoneGlobals: updateDataRoamingStatus dataAllowed=true, disallowReasons=[], dataIsNowRoaming=false, RoamingNumeric=28601, CallingReason=3
08-13 16:19:41.028  1111  1209 D SurfaceFlinger: [input] setFocusedWindow: 1018d3c com.example.cupcake/androidx.activity.ComponentActivity
08-13 16:19:41.030  1282  4807 D InputDispatcher: Once focus requested (0): 1018d3c com.example.cupcake/androidx.activity.ComponentActivity
08-13 16:19:41.030  1282  4807 D InputDispatcher: Focus request (0): 1018d3c com.example.cupcake/androidx.activity.ComponentActivity but waiting because NO_WINDOW
08-13 16:19:41.053  5596  5687 I BLASTBufferQueue: [VRI[ComponentActivity]@2461abf#0](f:0,a:0,s:0) onFrameAvailable the first frame is available
08-13 16:19:41.055  5596  5687 I VRI[ComponentActivity]@2461abf: Received frameCommittedCallback lastAttemptedDrawFrameNum=1 didProduceBuffer=true
08-13 16:19:41.055  1111  1162 I SurfaceFlinger: [com.example.cupcake/androidx.activity.ComponentActivity$_5596#233514] setTransactionState with the first frame. bufferData(ID: 24034636988416, frameNumber: 1)
08-13 16:19:41.056  5596  5687 D HWUI    : CFMS:: SetUp Pid : 5596    Tid : 5687
08-13 16:19:41.057  5596  5596 D VRI[ComponentActivity]@2461abf: reportDrawFinished seqId=0
08-13 16:19:41.057  2127  2127 D MultiSIMController: onReceive() - action = android.intent.action.SERVICE_STATE
08-13 16:19:41.057  1282  4407 W ServiceManagerCppClient: Permission failure: android.permission.ACCESS_SURFACE_FLINGER from uid=10418 pid=0
08-13 16:19:41.057  1282  4407 D PermissionCache: checking android.permission.ACCESS_SURFACE_FLINGER for uid=10418 => denied (101 us)
08-13 16:19:41.057  1282  4407 W ServiceManagerCppClient: Permission failure: android.permission.ROTATE_SURFACE_FLINGER from uid=10418 pid=0
08-13 16:19:41.057  1282  4407 D PermissionCache: checking android.permission.ROTATE_SURFACE_FLINGER for uid=10418 => denied (44 us)
08-13 16:19:41.057  1282  4407 W ServiceManagerCppClient: Permission failure: android.permission.INTERNAL_SYSTEM_WINDOW from uid=10418 pid=0
08-13 16:19:41.057  1282  4407 D PermissionCache: checking android.permission.INTERNAL_SYSTEM_WINDOW for uid=10418 => denied (33 us)
08-13 16:19:41.058  5596  5596 I InsetsSourceConsumer: applyRequestedVisibilityToControl: visible=true, type=navigationBars, host=com.example.cupcake/androidx.activity.ComponentActivity
08-13 16:19:41.058  5596  5596 I InsetsSourceConsumer: applyRequestedVisibilityToControl: visible=true, type=statusBars, host=com.example.cupcake/androidx.activity.ComponentActivity
08-13 16:19:41.061  1111  1730 I SurfaceFlinger: id=233517 createSurf, flag=24000, Surface(name=1018d3c com.example.cupcake/androidx.activity.ComponentActivity)/@0xc73b1e - animation-leash of starting_reveal#233517
08-13 16:19:41.064  1282  1941 D ConnectivityService: Update of LinkProperties for [217 CELLULAR]; created=748383417; firstConnected=748383420
08-13 16:19:41.064  1282  1941 D ConnectivityService: Setting tx/rx TCP buffers to 2097152,6291456,16777216,512000,2097152,8388608
08-13 16:19:41.065  1111  1111 I SurfaceFlinger: [Surface(name=1018d3c com.example.cupcake/androidx.activity.ComponentActivity)/@0xc73b1e - animation-leash of starting_reveal#233517] attach to parent LayerHierarchy{RequestedLayerState{ActivityRecord{1fc6b9 u0 com.example.cupcake/androidx.activity.ComponentActivity t2217}#233506 parentId=233505} 4 children}
08-13 16:19:41.067  1282  1941 D ConnectivityService: notifyType CALLBACK_IP_CHANGED for [217 CELLULAR]
08-13 16:19:41.068  2127  2127 D MobileIconViewModel: [mobile] (0/2) connected=true dataConnected=true dataType=DefaultIcon(iconGroup=IconGroup(4.5G)) networkType=LTE/LTE_CA simCard=ETC
08-13 16:19:41.069  2127  2127 D CarrierTextController: carrierTextForSimState(2)-(order: 0) : Turkcell
08-13 16:19:41.069  2127  2127 D CarrierTextController: setCarrierText : Turkcell allSimsMissing : false anySimReady : true
08-13 16:19:41.069  2127  2127 D CarrierTextController: carrierTextForSimState(2)-(order: 0) : Turkcell
08-13 16:19:41.069  2127  2127 D CarrierTextController: setCarrierText : Turkcell allSimsMissing : false anySimReady : true
08-13 16:19:41.069  2127  2127 D CarrierTextController: carrierTextForSimState(2)-(order: 0) : Turkcell
08-13 16:19:41.069  2127  2127 D CarrierTextController: setCarrierText : Turkcell allSimsMissing : false anySimReady : true
08-13 16:19:41.069  2127  2127 D FaceWidgetPagesController: onRefreshCarrierInfo()
08-13 16:19:41.070  2494  3177 I LocationAccessPolicy: checkLocationPermission - callingUid: 10043, callingPid: 2127, result: DENIED_SOFT
08-13 16:19:41.070  2494  3177 I LocationAccessPolicy: checkLocationPermission - callingUid: 10043, callingPid: 2127, result: DENIED_SOFT
08-13 16:19:41.075  2127  2127 D FaceWidgetClockRoamManager: isNetworkRoamingState id=2
08-13 16:19:41.075  2127  2127 D FaceWidgetClockRoamManager: isNetworkRoamingState false
08-13 16:19:41.075  2127  2127 D FaceWidgetClockRoamManager: onRefreshCarrierInfo(pre, now): false, false
08-13 16:19:41.075  2127  2127 D FaceWidgetClockPage: onRefreshCarrierInfo : isChanged false mIsRoaming false
08-13 16:19:41.080  1291  1772 D GNSS    : lal_check_memory_size: tid=1772 tName=gpsd memSize=3380(KB) limit=131072(KB) tx=0 rx=1
08-13 16:19:41.082  1282  1941 D ConnectivityService: Update of LinkProperties for [218 CELLULAR]; created=748383625; firstConnected=748383625
08-13 16:19:41.083  1282  1941 D ConnectivityService: notifyType CALLBACK_IP_CHANGED for [218 CELLULAR]
08-13 16:19:41.083  2127  2127 D MultiSIMController: MESSAGE_UPDATE_SERVICE_STATE
08-13 16:19:41.084  2535  2776 I PdnController: handleMessage: what 111
08-13 16:19:41.084  2535  2776 I PdnController: onLinkPropertiesChanged: networkType=11
08-13 16:19:41.085  2535  2776 I RegiGvnBase: getCurrentPcscfIp: 2a02:4e0:300:6::6
08-13 16:19:41.089  1282  2006 I ChimeraAggressivePolicyHandler: executePolicy() - triggerSource: TRIGGER_SOURCE_LMKD
08-13 16:19:41.091  2127  2127 D ShadeCarrierGroup: handleUpdateCarrierInfo [Turkcell] isLatin=false
08-13 16:19:41.092  1282  2006 I ChimeraAggressivePolicyHandler: available memory: 2618660, free memory target: 2355200, quit chimera
08-13 16:19:41.095  2127  2303 D ShellTaskOrganizer: removeStartingWindow, removalInfo=StartingWindowRemovalInfo{taskId=2217 frame=Rect(0, 0 - 1080, 2340) playRevealAnimation=true roundedCornerRadius=0.0 deferRemoveMode=0 windowlessSurface=false removeImmediately=false}
08-13 16:19:41.096  1282  1443 I PkgPredictorService-SecIpmManagerServiceImpl: reportToNAP uid:10418 com.example.cupcake/androidx.activity.ComponentActivity thisTime:352
08-13 16:19:41.096  1282  1443 D PkgPredictorService-SecIpmManagerServiceImpl: reportToNAP: mHeavyLaunchCounter is false
08-13 16:19:41.098  1282  1443 I ActivityTaskManager: Displayed com.example.cupcake/androidx.activity.ComponentActivity for user 0: +352ms
08-13 16:19:41.099  3157  3157 E pageboostd: Received HALT command code 2
08-13 16:19:41.101  2127  2937 I VRI[cupcake]@f6d180: mWNT: t=0xb4000076093f8f10 mBlastBufferQueue=0xb40000751916b590 fn= 2 HdrRenderState mRenderHdrSdrRatio=1.0 caller= android.view.SyncRtSurfaceTransactionApplier.applyTransaction:96 android.view.SyncRtSurfaceTransactionApplier.lambda$scheduleApply$0:69 android.view.SyncRtSurfaceTransactionApplier.$r8$lambda$afI4fXg3U3-nBZQEDQMiNy-B06s:0
08-13 16:19:41.101  2127  2937 I VRI[cupcake]@f6d180: mWNT: t=0xb4000076093e1510 mBlastBufferQueue=0xb40000751916b590 fn= 2 HdrRenderState mRenderHdrSdrRatio=1.0 caller= android.view.SyncRtSurfaceTransactionApplier.applyTransaction:96 android.view.SyncRtSurfaceTransactionApplier.lambda$scheduleApply$0:69 android.view.SyncRtSurfaceTransactionApplier.$r8$lambda$afI4fXg3U3-nBZQEDQMiNy-B06s:0
08-13 16:19:41.104  2127  2127 D SecKeyguardClockPositionAlgorithm: getTopMargin scale = 1.2690217, clockContainerHeight = 389, scaleMarginY = -41
08-13 16:19:41.105  1282  1447 I SurfaceControl: apply, lowDebugName=CreateStartingRevealAnim, caller=android.view.SurfaceControl$Transaction.apply:3122 android.view.SurfaceControl$Transaction.apply:3078 com.android.server.wm.WindowAnimator.animate:380 com.android.server.wm.WindowAnimator$$ExternalSyntheticLambda1.doFrame:14 android.view.Choreographer$CallbackRecord.run:1749 android.view.Choreographer$CallbackRecord.run:1760
08-13 16:19:41.105  2127  2127 W View    : requestLayout() improperly called by com.android.systemui.qs.SecQSGradationDrawableView{8f69e8c V.E...... ......ID 0,0-1080,332 #7f0a0978 app:id/qs_gradation_view} during layout: running second layout pass
08-13 16:19:41.105  2127  2127 W View    : requestLayout() improperly called by android.widget.FrameLayout{19859d5 V.E...... ......ID 0,148-1080,2298 #7f0a0976 app:id/qs_frame} during layout: running second layout pass
08-13 16:19:41.105  1282  4807 I SemDvfsHyPerManager: acquire hyper - AMS_RESUME_TAIL/1282@22, type = -999
08-13 16:19:41.105  1282  4807 I SemDvfsHyPerManager: acquire hyper - AMS_ACT_LAZY/1282@23, type = -999
08-13 16:19:41.106  2127  2127 D SecKeyguardClockPositionAlgorithm: getTopMargin scale = 1.2690217, clockContainerHeight = 389, scaleMarginY = -41
08-13 16:19:41.106  1062  1149 I HYPER-HAL: [RequestManager.cpp]acquire(): Acquired ID : 850882  [1282 / 22]    HINT : AMS_RESUME_TAIL    list :
08-13 16:19:41.110  1111  1111 I SurfaceFlinger: Layer [com.example.cupcake/androidx.activity.ComponentActivity$_5596#233514] hidden!! flag(0)
08-13 16:19:41.110  1111  1111 I SurfaceFlinger: [LayerHierarchy{RequestedLayerState{1018d3c com.example.cupcake/androidx.activity.ComponentActivity#233509 parentId=233517} 1 children}] reparent to LayerHierarchy{RequestedLayerState{Surface(name=1018d3c com.example.cupcake/androidx.activity.ComponentActivity)/@0xc73b1e - animation-leash of starting_reveal#233517 parentId=233506} 1 children}
08-13 16:19:41.111  1062  1149 I HYPER-HAL: [RequestManager.cpp]releaseLocked(): Released ID : 856112
08-13 16:19:41.115  1282  1282 D AODManagerService: requestReCalToTSP IsSingleTouchMode = falserequestedReCalToTSP = false / previousDisplayState = ON
08-13 16:19:41.115  1282  3230 D LiftUpHandler: [LTW] Stopped already.
08-13 16:19:41.115  1091 20563 D AudioFlinger: setParameters: filtered dev setParameters keyvalue screen_state=on
08-13 16:19:41.117  1044  2148 D audio_hw_primary: device-adev_set_parameters: enter
08-13 16:19:41.117  1044  2148 I audio_hw_proxy2: proxy-proxy_set_parameters: set Screen-state 1
08-13 16:19:41.117  1044  2148 D audio_hw_primary: device-adev_set_parameters: param (screen_state=on)
08-13 16:19:41.123  4917  4917 I VRI[InputMethod]@5ce376c: onDisplayChanged oldDisplayState=2 newDisplayState=2
08-13 16:19:41.123  2127  2938 I VRI[cupcake]@f6d180: mWNT: t=0xb4000076090d6210 mBlastBufferQueue=0xb40000751916b590 fn= 3 HdrRenderState mRenderHdrSdrRatio=1.0 caller= android.view.SyncRtSurfaceTransactionApplier.applyTransaction:96 android.view.SyncRtSurfaceTransactionApplier.lambda$scheduleApply$0:69 android.view.SyncRtSurfaceTransactionApplier.$r8$lambda$afI4fXg3U3-nBZQEDQMiNy-B06s:0
08-13 16:19:41.125  5460  5509 I Finsky:background: [66] SCH: Scheduling phonesky job Id: 3-8129, CT: 1755091180601, Constraints: [{ L: 0, D: 86400000, C: CHARGING_NONE, I: IDLE_REQUIRED, N: NET_UNMETERED, B: BATTERY_ANY }]
08-13 16:19:41.125  4855  4855 I VRI[]@2d78463: onDisplayChanged oldDisplayState=2 newDisplayState=2
08-13 16:19:41.126  5596  5596 I VRI[ComponentActivity]@2461abf: onDisplayChanged oldDisplayState=2 newDisplayState=2
08-13 16:19:41.127  5460  5509 I Finsky:background: [66] SCH: Scheduling phonesky job Id: 3-8130, CT: 1755091180601, Constraints: [{ L: 0, D: 86400000, C: CHARGING_REQUIRED, I: IDLE_NONE, N: NET_UNMETERED, B: BATTERY_ANY }]
08-13 16:19:41.128  5460  5509 I Finsky:background: [66] SCH: Scheduling phonesky job Id: 3-8131, CT: 1755091180602, Constraints: [{ L: 0, D: 86400000, C: CHARGING_NONE, I: IDLE_REQUIRED, N: NET_UNMETERED, B: BATTERY_ANY }]
08-13 16:19:41.131  2127  2937 I VRI[cupcake]@f6d180: mWNT: t=0xb40000760949a0d0 mBlastBufferQueue=0xb40000751916b590 fn= 4 HdrRenderState mRenderHdrSdrRatio=1.0 caller= android.view.SyncRtSurfaceTransactionApplier.applyTransaction:96 android.view.SyncRtSurfaceTransactionApplier.lambda$scheduleApply$0:69 android.view.SyncRtSurfaceTransactionApplier.$r8$lambda$afI4fXg3U3-nBZQEDQMiNy-B06s:0
08-13 16:19:41.134  2127  2127 D SystemUIService: SYSUI_RAM_OPTIMIZATION onTrimMemory=20
08-13 16:19:41.134  2127  2127 D CentralSurfaces: SYSUI_RAM_OPTIMIZATION onTrimMemory=20
08-13 16:19:41.134  2127  2127 D DisplayLifecycle: updateDisplay id = 0
08-13 16:19:41.134  2127  2303 I VRI[ShellDropTarget]@f959c32: onDisplayChanged oldDisplayState=2 newDisplayState=2
08-13 16:19:41.136  2127  2390 D HWUI    : CacheManager::trimMemory(20)
08-13 16:19:41.137  5460  5506 I Finsky:background: [65] SCH: Scheduling 0 system job(s)
08-13 16:19:41.137  2742  2742 I VRI[LauncherActivity]@3489192: onDisplayChanged oldDisplayState=2 newDisplayState=2
08-13 16:19:41.138  2742  2742 I VRI[RecentsTransitionOverlay]@1fb6af3: onDisplayChanged oldDisplayState=2 newDisplayState=2
08-13 16:19:41.138  2742  2742 I VRI[RecentsActivity]@873ecf4: onDisplayChanged oldDisplayState=2 newDisplayState=2
08-13 16:19:41.138  2742  2101 I HoneySpace.Memory-Monitor: current state = 2, didTrim = false
08-13 16:19:41.138  2742  2101 I HoneySpace.RefreshRateSource: singleFrameMs 8
08-13 16:19:41.139  1244  6944 I CameraService: onUidStateChanged: uid=10043, procState is changed. (1 -> 0)
08-13 16:19:41.139  2127  2127 I VRI[LockscreenShortcutBlur]@f870311: onDisplayChanged oldDisplayState=2 newDisplayState=2
08-13 16:19:41.140  2127  2127 I VRI[NavigationBar0]@9ffebdc: onDisplayChanged oldDisplayState=2 newDisplayState=2
08-13 16:19:41.140  2127  2127 I VRI[EdgeBackGestureHandler0]@408f76a: onDisplayChanged oldDisplayState=2 newDisplayState=2
08-13 16:19:41.140  2127  2127 I VRI[NotificationShade]@a8b1b15: onDisplayChanged oldDisplayState=2 newDisplayState=2
08-13 16:19:41.140  2127  2127 I VRI[StatusBar]@1c497cd: onDisplayChanged oldDisplayState=2 newDisplayState=2
08-13 16:19:41.140  2127  2127 I VRI[SecondaryHomeHandle0]@9db73be: onDisplayChanged oldDisplayState=2 newDisplayState=2
08-13 16:19:41.140  2127  2127 I VRI[KeyguardBiometricToastView]@b26243d: onDisplayChanged oldDisplayState=2 newDisplayState=2
08-13 16:19:41.142  1222  1222 I [CE]_ContextEngineReceiver: onReceive - ContextEngineReceiver onReceive action : android.intent.action.SERVICE_STATE
08-13 16:19:41.142  1222  1222 I [CE]_ContextEngineReceiver: onReceive - Telephony intent : android.intent.action.SERVICE_STATE
08-13 16:19:41.142  2127  2374 D StackScroller: onDisplayChanged for predraw skip to 2
08-13 16:19:41.144  2127  2303 I SurfaceControlRegistry: apply, t=FinishTransaction_SyncId<20523>, caller=android.view.SurfaceControl$Transaction.apply:3135 android.view.SurfaceControl$Transaction.apply:3122 android.view.SurfaceControl$Transaction.apply:3078 com.android.wm.shell.transition.Transitions.onFinish:308 com.android.wm.shell.transition.Transitions$$ExternalSyntheticLambda8.onTransitionFinished:10 com.android.wm.shell.transition.DefaultTransitionHandler$$ExternalSyntheticLambda6.run:36
08-13 16:19:41.145  1111  1111 D SurfaceFlinger: Display 4633128672291735932 HWC layers:
08-13 16:19:41.145  1111  1111 D SurfaceFlinger:        DEVICE |   0xb4000079e28c6110 | 0000 | RGBA_8888    |    0.0    0.0 1080.0 2340.0 |    0    0 1080 2340 | Wallpaper BBQ wrapper 5_system#82 (19)
08-13 16:19:41.145  1111  1111 D SurfaceFlinger:        DEVICE |   0xb4000079e2957a50 | 0001 | RGBA_8888    |    0.0    0.0 1080.0 2340.0 |    0    0 1080 2340 | com.sec.android.app.launcher/com.sec[...]vities.LauncherActivity$_2742#233455 (1324)
08-13 16:19:41.145  1111  1111 D SurfaceFlinger:        CLIENT |   0xb4000079e28e9650 | 0001 | RGBA_8888    |    0.0    0.0 1080.0 2284.0 |    2   61 1078 2335 | com.example.cupcake/androidx.activity.ComponentActivity$_5596#233514 (1)
08-13 16:19:41.145  1111  1111 D SurfaceFlinger:        CLIENT |   0xb4000079e28ade50 | 0001 | RGBA_8888    |    0.0    0.0 1080.0 2340.0 |    2    5 1078 2335 | Splash Screen com.example.cupcake$_2127#233508 (2)
08-13 16:19:41.145  1111  1111 D SurfaceFlinger:        DEVICE |   0xb4000079e28be850 | 0001 | RGBA_8888    |    0.0    0.0 1080.0   80.0 |    0    0 1080   80 | StatusBar$_2127#106 (79309)
08-13 16:19:41.145  1111  1111 D SurfaceFlinger:        DEVICE |   0xb4000079e293aa90 | 0001 | RGBA_8888    |    0.0    0.0 1080.0  135.0 |    0 2205 1080 2340 | NavigationBar0$_2127#101 (129
08-13 16:19:41.145  1111  1111 D SurfaceFlinger: 681)
08-13 16:19:41.145  1111  1111 D SurfaceFlinger:        DEVICE |   0xb4000079e28c8410 | 0001 | RGBA_8888    |    0.0  249.0 1034.0  827.0 |   46    0 1080  578 | $_4855#233489 (375)
08-13 16:19:41.145  1111  1111 D SurfaceFlinger:
08-13 16:19:41.146  1111  1111 I SurfaceFlinger: Layer [Task=1#52] hidden!! flag(1)
08-13 16:19:41.146  1111  1111 I SurfaceFlinger: [LayerHierarchy{RequestedLayerState{Task=1#52 parentId=11} 2 children}] reparent to LayerHierarchy{RequestedLayerState{DefaultTaskDisplayArea_d0#11 parentId=10} 8 children}
08-13 16:19:41.146  1111  1111 I SurfaceFlinger: [LayerHierarchy{RequestedLayerState{WallpaperWindowToken{b638ffb token=android.os.Binder@64ddd8a}#74 parentId=9 z=1} 1 children}] reparent to LayerHierarchy{RequestedLayerState{Leaf:1:1#9 parentId=8} 2 children}
08-13 16:19:41.146  1111  1111 I SurfaceFlinger: [LayerHierarchy{RequestedLayerState{Task=2217#233505 parentId=11 z=3} 1 children}] reparent to LayerHierarchy{RequestedLayerState{DefaultTaskDisplayArea_d0#11 parentId=10} 9 children}
08-13 16:19:41.146  1111  1111 I SurfaceFlinger: [LayerHierarchy{RequestedLayerState{Transition Root: Task=2217#233510 z=3} no children}] reparent to OffscreenRoot
08-13 16:19:41.146  1111  1111 I SurfaceFlinger: [LayerHierarchy{RequestedLayerState{Transition Root: Task=2217#233510 z=3} no children}] RelativeParent to null
08-13 16:19:41.147  1282  3681 D InputDispatcher: Focus entered window (0): 1018d3c com.example.cupcake/androidx.activity.ComponentActivity
08-13 16:19:41.149  5596  5596 D VRI[ComponentActivity]@2461abf: mThreadedRenderer.initializeIfNeeded()#2 mSurface={isValid=true 0xb4000075e90ea420}
08-13 16:19:41.150  5596  5596 D InputMethodManagerUtils: startInputInner - Id : 0
08-13 16:19:41.150  5596  5596 I InputMethodManager: startInputInner - IInputMethodManagerGlobalInvoker.startInputOrWindowGainedFocus
08-13 16:19:41.150  2742  2742 I VRI[LauncherActivity]@3489192: handleAppVisibility mAppVisible = true visible = false
08-13 16:19:41.153  2127  2375 I WallpaperService: dispatchAppVisibility: system, visible=false , mLidState = -1
08-13 16:19:41.153  1282  1696 I ImeTracker: com.example.cupcake:c718c57f: onRequestHide at ORIGIN_SERVER reason HIDE_UNSPECIFIED_WINDOW fromUser false
08-13 16:19:41.155  1282  1696 I ImeTracker: com.example.cupcake:c718c57f: onCancelled at PHASE_SERVER_SHOULD_HIDE
08-13 16:19:41.155  1282  1696 D InputTransport: Input channel constructed: 'ClientS', fd=1106
08-13 16:19:41.155  1282  1696 D InputTransport: Input channel constructed: 'ClientS', fd=1113
08-13 16:19:41.156  1282  1696 D InputTransport: Input channel destroyed: 'ClientS', fd=1113
08-13 16:19:41.158  2742  1824 I HoneySpace.RecentTasks: onRecentTasksChanged
08-13 16:19:41.158  2127  2436 I WallpaperService: reportVisibility: visibility changed. visible=false
08-13 16:19:41.158  2127  2436 I ImageWallpaper_5[Image]:  onVisibilityChanged: visible=false , displayId=0
08-13 16:19:41.159  1282  2382 D SyntheticPasswordManager.SDP: Inside fromBytes() - result.pinLength : -1
08-13 16:19:41.159  1282  2382 D SyntheticPasswordManager.SDP: 2. result.secureMode : 0
08-13 16:19:41.160 18442 18442 I ImsTelephonyStateTracker: [C] onServiceStateChanged()
08-13 16:19:41.161 18442 18442 I ImsTelephonyStateTracker: [C] onServiceStateChanged()
08-13 16:19:41.161  1282  3681 V WindowManager: Relayout Window{dc39ee0 u0 Splash Screen com.example.cupcake}: viewVisibility=8 req=1080x2340 ty=3 d0
08-13 16:19:41.162 18442  4361 I ImsSim2Manager: [C] onServiceStateChanged state : 0, old : 0
08-13 16:19:41.162 18442  4360 I ImsSim1Manager: [C] onServiceStateChanged state : 0, old : 0
08-13 16:19:41.163  1282  3681 V WindowManager: Relayout hash=dc39ee0, pid=2127, syncId=-1: mAttrs={(0,0)(fillxfill) sim={adjust=pan} layoutInDisplayCutoutMode=always ty=APPLICATION_STARTING fmt=TRANSLUCENT wanim=0x1030312
08-13 16:19:41.163  1282  3681 V WindowManager:   fl=81030118
08-13 16:19:41.163  1282  3681 V WindowManager:   pfl=10000810
08-13 16:19:41.163  1282  3681 V WindowManager:   apr=18
08-13 16:19:41.163  1282  3681 V WindowManager:   bhv=1
08-13 16:19:41.163  1282  3681 V WindowManager:   fitSides=0
08-13 16:19:41.163  1282  3681 V WindowManager:   frameRateBoostOnTouch=true
08-13 16:19:41.163  1282  3681 V WindowManager:   dvrrWindowFrameRateHint=true naviIconColor=0}
08-13 16:19:41.164  2127  2334 I VRI[cupcake]@f6d180: Relayout returned: old=(0,0,1080,2340) new=(0,0,1080,2340) relayoutAsync=false req=(1080,2340)8 dur=8 res=0x2 s={false 0x0} ch=true seqId=0
08-13 16:19:41.164  2127  2334 D VRI[cupcake]@f6d180: Not drawing due to not visible. Reason=View.GONE
08-13 16:19:41.164  2127  2334 I VRI[cupcake]@f6d180: onDisplayChanged oldDisplayState=2 newDisplayState=2
08-13 16:19:41.164  2127  2334 W WindowOnBackDispatcher: sendCancelIfRunning: isInProgress=false callback=android.view.ViewRootImpl$$ExternalSyntheticLambda15@8219ab0
08-13 16:19:41.165 18442  4361 I ImsSim2Manager: [C] checkVoiceNetwork voice network : 13
08-13 16:19:41.165  1282  2382 D InputTransport: Input channel constructed: 'ClientS', fd=1032
08-13 16:19:41.166  1282  2382 D InputTransport: Input channel destroyed: 'ClientS', fd=1032
08-13 16:19:41.166 18442  4360 I ImsSim1Manager: [C] checkVoiceNetwork voice network : 13
08-13 16:19:41.167  1111  1111 D SurfaceFlinger: Display 4633128672291735932 HWC layers:
08-13 16:19:41.167  1111  1111 D SurfaceFlinger:        DEVICE |   0xb4000079e28c6110 | 0000 | RGBA_8888    |    0.0    0.0 1080.0 2340.0 |    0    0 1080 2340 | Wallpaper BBQ wrapper 5_system#82 (19)
08-13 16:19:41.167  1111  1111 D SurfaceFlinger:        DEVICE |   0xb4000079e28e9650 | 0001 | RGBA_8888    |    0.0    0.0 1080.0 2329.0 |    0   11 1080 2340 | com.example.cupcake/androidx.activity.ComponentActivity$_5596#233514 (1)
08-13 16:19:41.167  1111  1111 D SurfaceFlinger:        DEVICE |   0xb4000079e2924ad0 | 0001 | RGBA_8888    |    0.0    0.0 1080.0 2340.0 |    0    0 1080 2340 | Splash Screen com.example.cupcake$_2127#233508 (3)
08-13 16:19:41.167  1111  1111 D SurfaceFlinger:        DEVICE |   0xb4000079e28be850 | 0001 | RGBA_8888    |    0.0    0.0 1080.0   80.0 |    0    0 1080   80 | StatusBar$_2127#106 (79309)
08-13 16:19:41.167  1111  1111 D SurfaceFlinger:        DEVICE |   0xb4000079e293aa90 | 0001 | RGBA_8888    |    0.0    0.0 1080.0  135.0 |    0 2205 1080 2340 | NavigationBar0$_2127#101 (129681)
08-13 16:19:41.167  1111  1111 D SurfaceFlinger:        DEVICE |   0xb4000079e28c8410 | 0001 | RGBA_8888    |    0.0  249.0 1034.0  827.0 |   46    0 1080  578 | $_4855#233489 (375)
08-13 16:19:41.167  1111  1111 D SurfaceFlinger:
08-13 16:19:41.167  2127  2334 I VRI[cupcake]@f6d180: dispatchDetachedFromWindow
08-13 16:19:41.169  1111  1111 I SurfaceFlinger: Layer [ActivityRecord{b3168b5 u0 com.sec.an[...].activities.LauncherActivity t6}#123] hidden!! flag(1)
08-13 16:19:41.169  1111  1111 I SurfaceFlinger: Layer [com.android.systemui.wallpapers.ImageWallpaper$_2127#81] hidden!! flag(1)
08-13 16:19:41.169  1111  1111 I SurfaceFlinger: Layer [WallpaperWindowToken{b638ffb token=android.os.Binder@64ddd8a}#74] hidden!! flag(1)
08-13 16:19:41.169  1111  1111 I SurfaceFlinger: Layer [Task=6#122] hidden!! flag(1)
08-13 16:19:41.169  1111  1111 I SurfaceFlinger: Layer [com.sec.android.app.launcher/com.sec[...]vities.LauncherActivity$_2742#233455] hidden!! flag(1)
08-13 16:19:41.169  1111  1111 I SurfaceFlinger: [LayerHierarchy{RequestedLayerState{Transition Root: Task=2217#233510 z=3} no children}] reparent to OffscreenRoot
08-13 16:19:41.169  1111  1111 I SurfaceFlinger: [LayerHierarchy{RequestedLayerState{Transition Root: Task=2217#233510 z=3} no children}] RelativeParent to null
08-13 16:19:41.169  1282  4370 D InputTransport: Input channel destroyed: 'dc39ee0', fd=1244
08-13 16:19:41.169  1282  4370 W InputManager-JNI: Input channel object 'dc39ee0 Splash Screen com.example.cupcake (client)' was disposed without first being removed with the input manager!
08-13 16:19:41.170  1282  4370 D InputTransport: Input channel destroyed: 'dc39ee0', fd=1260
08-13 16:19:41.170  1111  1111 I SurfaceFlinger: id=233510 Removed Transition Root: Task=2217#233510 (168)
08-13 16:19:41.172  4917  4917 I HBD     : HoneyBoardService onFinishInput
08-13 16:19:41.173  4917  4917 I HBD     : a IC have been unbinding,  RemoteInputConnection{idHash=#b168389}
08-13 16:19:41.173  4917  4917 I HBD     : HoneyBoardService [PF_CL][onFinishInput]  1 ms
08-13 16:19:41.173  4917  4917 I HBD     : HoneyBoardService [IMI] onStartInput - caller pid : 5596 , caller uid : 10418
08-13 16:19:41.173  4917  4917 I HBD     : t updateConfigs
08-13 16:19:41.173  4917  4917 I HBD     : t isEnabledNightMode : true
08-13 16:19:41.173  4917  4917 I HBD     : a IC have been binding, RemoteInputConnection{idHash=#4f63795}
08-13 16:19:41.173  4917  4917 I HBD     : g [EditorInputType]setPrivateImeOptionsToTable privateImeOptions ( null )
08-13 16:19:41.173  4917  4917 I HBD     : b incognitoMode : false
08-13 16:19:41.173  4917  4917 I HBD     : b needOff = true , isForceOff = false, isNullInputClass : true
08-13 16:19:41.173  4917  4917 I HBD     : g getDefaultInputRange : UNKNOWN
08-13 16:19:41.173  4917  4917 I HBD     : g getDefaultInputRange : UNKNOWN
08-13 16:19:41.173  4917  4917 I HBD     : g getDefaultInputRange : UNKNOWN
08-13 16:19:41.174  4917  4917 I HBD     : b needOff = true , isForceOff = false, isNullInputClass : true
08-13 16:19:41.174  4917  4917 I HBD     : b update cached prediction status : false
08-13 16:19:41.174  4917  4917 I HBD     : g getDefaultInputRange : UNKNOWN
08-13 16:19:41.174  4917  4917 I HBD     : a currentState : 0
08-13 16:19:41.174  2742  2101 I HoneySpace.HistoryViewModel@160600677@OneUI: Illegal access. Unknown type. skip load history items
08-13 16:19:41.174  4917  4917 I HBD     : a [UpdatePolicy] [post] a: 0 cl: 4325376 kit: [0/26] vt: 0 ir: 1
08-13 16:19:41.176  4917  4917 I HBD     : a [NRIC] resetNoResponseState
08-13 16:19:41.176  5596  5618 D InputTransport: Input channel constructed: 'ClientS', fd=144
08-13 16:19:41.176  4917  4917 I HBD     : b needOff = true , isForceOff = false, isNullInputClass : true
08-13 16:19:41.176  4917  4917 I HBD     : b update cached prediction status : false
08-13 16:19:41.176  4917  4917 I HBD     : c [AiWriter] setContact : com.example.cupcake
08-13 16:19:41.176  4917  4917 I HBD     : a [AiWriter] setContact : com.example.cupcake
08-13 16:19:41.176  4917  4917 I HBD     : b needOff = true , isForceOff = false, isNullInputClass : true
08-13 16:19:41.176  4917  4917 I HBD     : b getTBC , flag: 1 , start: 0 , end: 0 , length: 0 , composingLength: 0 , isKCC: false
08-13 16:19:41.180  1111  1111 D SurfaceFlinger: Display 4633128672291735932 HWC layers:
08-13 16:19:41.180  1111  1111 D SurfaceFlinger:        DEVICE |   0xb4000079e28e9650 | 0001 | RGBA_8888    |    0.0    0.0 1080.0 2338.0 |    0    2 1080 2340 | com.example.cupcake/androidx.activity.ComponentActivity$_5596#233514 (1)
08-13 16:19:41.180  1111  1111 D SurfaceFlinger:        DEVICE |   0xb4000079e292cfd0 | 0001 | RGBA_8888    |    0.0    0.0 1080.0 2340.0 |    0    0 1080 2340 | Splash Screen com.example.cupcake$_2127#233508 (4)
08-13 16:19:41.180  1111  1111 D SurfaceFlinger:        DEVICE |   0xb4000079e28be850 | 0001 | RGBA_8888    |    0.0    0.0 1080.0   80.0 |    0    0 1080   80 | StatusBar$_2127#106 (79309)
08-13 16:19:41.180  1111  1111 D SurfaceFlinger:        DEVICE |   0xb4000079e293aa90 | 0001 | RGBA_8888    |    0.0    0.0 1080.0  135.0 |    0 2205 1080 2340 | NavigationBar0$_2127#101 (129681)
08-13 16:19:41.180  1111  1111 D SurfaceFlinger:        DEVICE |   0xb4000079e28c8410 | 0001 | RGBA_8888    |    0.0  249.0 1034.0  827.0 |   46    0 1080  578 | $_4855#233489 (375)
08-13 16:19:41.180  1111  1111 D SurfaceFlinger:
08-13 16:19:41.181  1111  1111 I SurfaceFlinger: destroyed Transition Root: Task=2217#233510
08-13 16:19:41.181  2127  2334 D InputTransport: Input channel destroyed: 'dc39ee0', fd=636
08-13 16:19:41.182  1111  1111 I Layer   : id=233510 Destroyed Transition Root: Task=2217#233510
08-13 16:19:41.183  1111  1732 I SurfaceFlinger: id=233518 createSurf, flag=24004, Surface(name=39a4c69 InputMethod)/@0x97414dd - animation-leash of insets_animation#233518
08-13 16:19:41.187  4917  4917 I HBD     : E EBD si S 0
08-13 16:19:41.187  2127  2127 D SamsungLightBarControlHelper: updateStatusBar (WHITE icon) numStacks:1, StatusBarMode:MODE_TRANSPARENT, lightBarBounds:[], StatusBarState:SHADE, packageName:, isWhiteKeyguardStatusBar:false
08-13 16:19:41.187  4917  4917 I HBD     : m updateContactDBLanguage : 0
08-13 16:19:41.187  2127  2127 D SamsungLightBarControlHelper: onStatusBarAppearanceChanged() -  sbModeChanged:false, statusBarMode:0, barState:MODE_TRANSPARENT, isKeyguardShowing:false, navbarColorManagedByIme:false, (AppearanceRegion{ bounds=[0,0][1080,2340]}, )
08-13 16:19:41.187  4917  4917 I HBD     : a [UpdatePolicy] [post] a: 31 cl: 4325376 kit: [0/26] vt: 0 ir: 1
08-13 16:19:41.188  4917  4917 I HBD     : HoneyBoardService [PF_OP][onStartInput]  15 ms
08-13 16:19:41.194  1282  1447 I SurfaceControl: apply, lowDebugName=RemoveStartingRevealAnim, caller=android.view.SurfaceControl$Transaction.apply:3122 android.view.SurfaceControl$Transaction.apply:3078 com.android.server.wm.WindowAnimator.animate:380 com.android.server.wm.WindowAnimator$$ExternalSyntheticLambda1.doFrame:14 android.view.Choreographer$CallbackRecord.run:1749 android.view.Choreographer$CallbackRecord.run:1760
08-13 16:19:41.205  2127  2127 D SystemUIService: SYSUI_RAM_OPTIMIZATION onTrimMemory=20
08-13 16:19:41.205  2127  2127 D CentralSurfaces: SYSUI_RAM_OPTIMIZATION onTrimMemory=20
08-13 16:19:41.208  1111  1111 I SurfaceFlinger: [LayerHierarchy{RequestedLayerState{ImeContainer#16 parentId=233506 relativeParentId=233509 z=1} 1 children}] reparent to LayerHierarchy{RequestedLayerState{ActivityRecord{1fc6b9 u0 com.example.cupcake/androidx.activity.ComponentActivity t2217}#233506 parentId=233505} 4 children}
08-13 16:19:41.208  1111  1111 I SurfaceFlinger: [LayerHierarchy{RequestedLayerState{ImeContainer#16 parentId=233506 relativeParentId=233509 z=1} 1 children}] RelativeParent to LayerHierarchy{RequestedLayerState{1018d3c com.example.cupcake/androidx.activity.ComponentActivity#233509 parentId=233506} 2 children}
08-13 16:19:41.208  1111  1111 I SurfaceFlinger: [LayerHierarchy{RequestedLayerState{39a4c69 InputMethod#135 parentId=233518} no children}] reparent to LayerHierarchy{RequestedLayerState{Surface(name=39a4c69 InputMethod)/@0x97414dd - animation-leash of insets_animation#233518 parentId=121} 1 children}
08-13 16:19:41.208  1111  1111 I SurfaceFlinger: [LayerHierarchy{RequestedLayerState{Surface(name=39a4c69 InputMethod)/@0x97414dd - animation-leash of insets_animation#233463} no children}] reparent to OffscreenRoot
08-13 16:19:41.208  1111  1111 I SurfaceFlinger: [LayerHierarchy{RequestedLayerState{Surface(name=39a4c69 InputMethod)/@0x97414dd - animation-leash of insets_animation#233463} no children}] RelativeParent to null
08-13 16:19:41.208  1111  1111 I SurfaceFlinger: [LayerHierarchy{RequestedLayerState{dc39ee0 Splash Screen com.example.cupcake#233507 z=2147483647} 1 children}] reparent to OffscreenRoot
08-13 16:19:41.208  1111  1111 I SurfaceFlinger: [LayerHierarchy{RequestedLayerState{dc39ee0 Splash Screen com.example.cupcake#233507 z=2147483647} 1 children}] RelativeParent to null
08-13 16:19:41.208  1111  1111 I SurfaceFlinger: [LayerHierarchy{RequestedLayerState{Splash Screen com.example.cupcake$_2127#233508} no children}] reparent to OffscreenRoot
08-13 16:19:41.208  1111  1111 I SurfaceFlinger: [LayerHierarchy{RequestedLayerState{Splash Screen com.example.cupcake$_2127#233508} no children}] RelativeParent to null
08-13 16:19:41.208  1111  1111 I SurfaceFlinger: [LayerHierarchy{RequestedLayerState{1018d3c com.example.cupcake/androidx.activity.ComponentActivity#233509 parentId=233506} 2 children}] reparent to LayerHierarchy{RequestedLayerState{ActivityRecord{1fc6b9 u0 com.example.cupcake/androidx.activity.ComponentActivity t2217}#233506 parentId=233505} 4 children}
08-13 16:19:41.208  1111  1111 I SurfaceFlinger: [LayerHierarchy{RequestedLayerState{Surface(name=1018d3c com.example.cupcake/androidx.activity.ComponentActivity)/@0xc73b1e - animation-leash of starting_reveal#233517} no children}] reparent to OffscreenRoot
08-13 16:19:41.208  1111  1111 I SurfaceFlinger: [LayerHierarchy{RequestedLayerState{Surface(name=1018d3c com.example.cupcake/androidx.activity.ComponentActivity)/@0xc73b1e - animation-leash of starting_reveal#233517} no children}] RelativeParent to null
