08-13 16:19:47.850  5736  5756 D HWUI    : HWUI - treat SMPTE_170M as sRGB
08-13 16:19:47.854  2127  2390 D HWUI    : CFMS:: SetUp Pid : 2127    Tid : 2390
08-13 16:19:47.854  1282  3179 V WindowManager: Relayout Window{41b9b0a u0 com.example.cupcake.test/androidx.test.core.app.InstrumentationActivityInvoker$EmptyActivity}: viewVisibility=0 req=1080x2340 ty=1 d0
08-13 16:19:47.854  1111  1223 I SurfaceFlinger: id=233598 createSurf, flag=44004, com.example.cupcake.test/androidx.test.core.app.InstrumentationActivityInvoker$EmptyActivity$_5736#233598
08-13 16:19:47.855  2127  2127 D SubscreenNotificationListCoordinator: onAfterRenderList() isSubScreen = false, pluginLockMode = 0, doNotShowOnCover = false
08-13 16:19:47.857  2127  2127 D SecKeyguardClockPositionAlgorithm: getTopMargin scale = 1.2690217, clockContainerHeight = 389, scaleMarginY = -41
08-13 16:19:47.858  2127  2334 D VRI[test]@ef49d23: reportDrawFinished seqId=0
08-13 16:19:47.859  1111  1732 I SurfaceFlinger: id=233599 createSurf, flag=24000, Surface(name=8a94d40 NavigationBar0)/@0x65d636d - animation-leash of insets_animation#233599
08-13 16:19:47.861  2742  2742 I HoneySpace.StackedWidgetFastRecyclerView: playHideIndicatorAnimation onAnimationEnd isTouchDownInStackedWidget : false
08-13 16:19:47.861  2742  2742 I HoneySpace.StackedWidgetAdapter: updateLabelVisibility true true
08-13 16:19:47.861  2742  2742 I HoneySpace.StackedWidgetFastRecyclerView: playHideIndicatorAnimation onAnimationEnd isTouchDownInStackedWidget : false
08-13 16:19:47.861  2742  2742 I HoneySpace.StackedWidgetAdapter: updateLabelVisibility true true
08-13 16:19:47.862  1111  1163 I SurfaceFlinger: id=233600 createSurf, flag=24000, Surface(name=e0324bb StatusBar)/@0x8487ff0 - animation-leash of insets_animation#233600
08-13 16:19:47.865  1282  3179 I SystemKeyManager: requested systemKeyInfo size=2 focusedWindow=com.example.cupcake.test/androidx.test.core.app.InstrumentationActivityInvoker$EmptyActivity
08-13 16:19:47.866  1282  3179 V WindowManager: Relayout hash=41b9b0a, pid=5736, syncId=-1: mAttrs={(0,0)(fillxfill) sim={adjust=pan forwardNavigation} layoutInDisplayCutoutMode=always ty=BASE_APPLICATION
08-13 16:19:47.866  1282  3179 V WindowManager:   fl=81810100
08-13 16:19:47.866  1282  3179 V WindowManager:   pfl=100088c0
08-13 16:19:47.866  1282  3179 V WindowManager:   bhv=1
08-13 16:19:47.866  1282  3179 V WindowManager:   fitSides=0
08-13 16:19:47.866  1282  3179 V WindowManager:   frameRateBoostOnTouch=true
08-13 16:19:47.866  1282  3179 V WindowManager:   dvrrWindowFrameRateHint=true naviIconColor=0}
08-13 16:19:47.867  2127  2127 I LockscreenNotificationIconsOnlyController: onNotificationInfoUpdated 0
08-13 16:19:47.868  5736  5736 I BLASTBufferQueue_Java: new BLASTBufferQueue, mName= VRI[InstrumentationActivityInvoker$EmptyActivity]@c997fe2 mNativeObject= 0xb4000075190b4250 sc.mNativeObject= 0xb4000076190b4290 caller= android.view.ViewRootImpl.updateBlastSurfaceIfNeeded:3397 android.view.ViewRootImpl.relayoutWindow:11361 android.view.ViewRootImpl.performTraversals:4544 android.view.ViewRootImpl.doTraversal:3708 android.view.ViewRootImpl$TraversalRunnable.run:12542 android.view.Choreographer$CallbackRecord.run:1751 android.view.Choreographer$CallbackRecord.run:1760 android.view.Choreographer.doCallbacks:1216 android.view.Choreographer.doFrame:1142 android.view.Choreographer$FrameDisplayEventReceiver.run:1707
08-13 16:19:47.868  2127  2127 I AODNotificationManager: updateNotification()
08-13 16:19:47.868  5736  5736 I BLASTBufferQueue_Java: update, w= 1080 h= 2340 mName = VRI[InstrumentationActivityInvoker$EmptyActivity]@c997fe2 mNativeObject= 0xb4000075190b4250 sc.mNativeObject= 0xb4000076190b4290 format= -1 caller= android.graphics.BLASTBufferQueue.<init>:88 android.view.ViewRootImpl.updateBlastSurfaceIfNeeded:3397 android.view.ViewRootImpl.relayoutWindow:11361 android.view.ViewRootImpl.performTraversals:4544 android.view.ViewRootImpl.doTraversal:3708 android.view.ViewRootImpl$TraversalRunnable.run:12542
08-13 16:19:47.868  5736  5736 I VRI[InstrumentationActivityInvoker$EmptyActivity]@c997fe2: Relayout returned: old=(0,0,1080,2340) new=(0,0,1080,2340) relayoutAsync=false req=(1080,2340)0 dur=14 res=0x3 s={true 0xb4000075e90ec630} ch=true seqId=0
08-13 16:19:47.869  2127  2127 D NavigationBar: onSystemBarAttributesChanged() -  displayId:0, appearance:16, packageName: com.example.cupcake.test (APPEARANCE_LIGHT_NAVIGATION_BARS ), navbarColorManagedByIme:false
08-13 16:19:47.870  5736  5736 I VRI[InstrumentationActivityInvoker$EmptyActivity]@c997fe2: performConfigurationChange setNightDimText nightDimLevel=0
08-13 16:19:47.870  5736  5736 D VRI[InstrumentationActivityInvoker$EmptyActivity]@c997fe2: mThreadedRenderer.initialize() mSurface={isValid=true 0xb4000075e90ec630} hwInitialized=true
08-13 16:19:47.871  5736  5736 D VRI[InstrumentationActivityInvoker$EmptyActivity]@c997fe2: reportNextDraw android.view.ViewRootImpl.performTraversals:5193 android.view.ViewRootImpl.doTraversal:3708 android.view.ViewRootImpl$TraversalRunnable.run:12542 android.view.Choreographer$CallbackRecord.run:1751 android.view.Choreographer$CallbackRecord.run:1760
08-13 16:19:47.871  5736  5736 D VRI[InstrumentationActivityInvoker$EmptyActivity]@c997fe2: Setup new sync=wmsSync-VRI[InstrumentationActivityInvoker$EmptyActivity]@c997fe2#4
08-13 16:19:47.871  5736  5736 I VRI[InstrumentationActivityInvoker$EmptyActivity]@c997fe2: Creating new active sync group VRI[InstrumentationActivityInvoker$EmptyActivity]@c997fe2#5
08-13 16:19:47.872  1111  1111 I SurfaceFlinger: [com.example.cupcake.test/androidx.test.core.app.InstrumentationActivityInvoker$EmptyActivity$_5736#233598] attach to parent LayerHierarchy{RequestedLayerState{41b9b0a com.example.cupcake.test/androidx.test.core.app.InstrumentationActivityInvoker$EmptyActivity#233596 parentId=233594} 1 children}
08-13 16:19:47.872  1111  1111 I SurfaceFlinger: [Surface(name=8a94d40 NavigationBar0)/@0x65d636d - animation-leash of insets_animation#233599] attach to parent LayerHierarchy{RequestedLayerState{WindowToken{4aa5472 type=2019 android.os.BinderProxy@bd187d4}#87 parentId=31} 2 children}
08-13 16:19:47.872  1111  1111 I SurfaceFlinger: [Surface(name=e0324bb StatusBar)/@0x8487ff0 - animation-leash of insets_animation#233600] attach to parent LayerHierarchy{RequestedLayerState{WindowToken{b8fcd4a type=2000 android.os.BinderProxy@ecaaeec}#94 parentId=19} 2 children}
08-13 16:19:47.873  1111  1162 I SurfaceFlinger: id=233601 createSurf, flag=84004, Transition Root: Task=2222#233601
08-13 16:19:47.875  5736  5736 D VRI[InstrumentationActivityInvoker$EmptyActivity]@c997fe2: registerCallbacksForSync syncBuffer=false
08-13 16:19:47.876  5736  5770 D VRI[InstrumentationActivityInvoker$EmptyActivity]@c997fe2: Received frameDrawingCallback syncResult=0 frameNum=1.
08-13 16:19:47.876  5736  5770 I VRI[InstrumentationActivityInvoker$EmptyActivity]@c997fe2: mWNT: t=0xb4000076090d39d0 mBlastBufferQueue=0xb4000075190b4250 fn= 1 HdrRenderState mRenderHdrSdrRatio=1.0 caller= android.view.ViewRootImpl$11.onFrameDraw:15016 android.view.ThreadedRenderer$1.onFrameDraw:761 <bottom of call stack>
08-13 16:19:47.876  5736  5770 I VRI[InstrumentationActivityInvoker$EmptyActivity]@c997fe2: Setting up sync and frameCommitCallback
08-13 16:19:47.878  1282  1447 I SurfaceControlRegistry: show, t=StartTransaction_SyncId<20529> sc=ActivityRecord{8fa723 u0 com.example.cupcake.test/androidx.test.core.app.InstrumentationActivityInvoker$EmptyActivity t2222}, caller=android.view.SurfaceControl$Transaction.show:3232 com.android.server.wm.Transition.onTransactionReady:2273 com.android.server.wm.BLASTSyncEngine$SyncGroup.finishNow:195 com.android.server.wm.BLASTSyncEngine.onSurfacePlacement:269 com.android.server.wm.RootWindowContainer.performSurfacePlacementNoTrace:459 com.android.server.wm.RootWindowContainer.performSurfacePlacement:9
08-13 16:19:47.878  5736  5756 I BLASTBufferQueue: [VRI[InstrumentationActivityInvoker$EmptyActivity]@c997fe2#2](f:0,a:0,s:0) onFrameAvailable the first frame is available
08-13 16:19:47.879  5736  5756 I VRI[InstrumentationActivityInvoker$EmptyActivity]@c997fe2: Received frameCommittedCallback lastAttemptedDrawFrameNum=1 didProduceBuffer=true
08-13 16:19:47.879  1111  1162 I SurfaceFlinger: [com.example.cupcake.test/androidx.test.core.app.InstrumentationActivityInvoker$EmptyActivity$_5736#233598] setTransactionState with the first frame. bufferData(ID: 24635932409864, frameNumber: 1)
08-13 16:19:47.879  5736  5756 D HWUI    : CFMS:: SetUp Pid : 5736    Tid : 5756
08-13 16:19:47.881  1111  1111 I SurfaceFlinger: [Transition Root: Task=2222#233601] attach to parent LayerHierarchy{RequestedLayerState{DefaultTaskDisplayArea_d0#11 parentId=10} 10 children}
08-13 16:19:47.882  5736  5736 D VRI[InstrumentationActivityInvoker$EmptyActivity]@c997fe2: reportDrawFinished seqId=0
08-13 16:19:47.895  1244  1244 I CameraService: onUidStateChanged: uid=10219, procState is changed. (3 -> 5)
08-13 16:19:47.910  1282  1447 D ScreenCapture: [Capture_TEST] : setIsScreenShotBySystem false
08-13 16:19:47.910  2127  2303 I SurfaceControlRegistry: hide, t=FinishTransaction_SyncId<20529> sc=Task=2221, caller=android.view.SurfaceControl$Transaction.hide:3258 com.android.wm.shell.transition.Transitions.dispatchReady:929 com.android.wm.shell.transition.Transitions.onTransitionReady:244 com.android.wm.shell.transition.Transitions$TransitionPlayerImpl$$ExternalSyntheticLambda0.run:13 android.os.Handler.handleCallback:959 android.os.Handler.dispatchMessage:100
08-13 16:19:47.911  2127  2303 I SurfaceControlRegistry: show, t=StartTransaction_SyncId<20529> sc=Task=2222, caller=android.view.SurfaceControl$Transaction.show:3232 com.android.wm.shell.transition.Transitions.dispatchReady:934 com.android.wm.shell.transition.Transitions.onTransitionReady:244 com.android.wm.shell.transition.Transitions$TransitionPlayerImpl$$ExternalSyntheticLambda0.run:13 android.os.Handler.handleCallback:959 android.os.Handler.dispatchMessage:100
08-13 16:19:47.911  2127  2303 I SurfaceControlRegistry: show, t=FinishTransaction_SyncId<20529> sc=Task=2222, caller=android.view.SurfaceControl$Transaction.show:3232 com.android.wm.shell.transition.Transitions.dispatchReady:988 com.android.wm.shell.transition.Transitions.onTransitionReady:244 com.android.wm.shell.transition.Transitions$TransitionPlayerImpl$$ExternalSyntheticLambda0.run:13 android.os.Handler.handleCallback:959 android.os.Handler.dispatchMessage:100
08-13 16:19:47.911  2127  2303 I SurfaceControlRegistry: show, t=StartTransaction_SyncId<20529> sc=Transition Root: Task=2222, caller=android.view.SurfaceControl$Transaction.show:3232 com.android.wm.shell.transition.Transitions.playTransition:81 com.android.wm.shell.transition.Transitions.processReadyQueue:250 com.android.wm.shell.transition.Transitions.dispatchReady:1007 com.android.wm.shell.transition.Transitions.onTransitionReady:244 com.android.wm.shell.transition.Transitions$TransitionPlayerImpl$$ExternalSyntheticLambda0.run:13
08-13 16:19:47.919  1111  1111 I SurfaceFlinger: [StatusBar$_2127#106] setDefaultFrameRateCompatibility: NoVote
08-13 16:19:47.937  2127  2127 D SamsungLightBarControlHelper: updateStatusBar (BLACK icon) numStacks:1, StatusBarMode:MODE_TRANSPARENT, lightBarBounds:[Rect(0, 0 - 1080, 2340)], StatusBarState:SHADE, packageName:, isWhiteKeyguardStatusBar:false
08-13 16:19:47.938  2127  2127 D SamsungLightBarControlHelper: onStatusBarAppearanceChanged() -  sbModeChanged:false, statusBarMode:0, barState:MODE_TRANSPARENT, isKeyguardShowing:false, navbarColorManagedByIme:false, (AppearanceRegion{LIGHT_STATUS_BARS bounds=[0,0][1080,2340]}, )
08-13 16:19:47.945  1111  1162 I SurfaceFlinger: id=233602 createSurf, flag=44404, Right Edge Extension#233602
08-13 16:19:47.953  1111  1111 I SurfaceFlinger: [StatusBar$_2127#106] setDefaultFrameRateCompatibility: NoVote
08-13 16:19:47.953 21624 21938 I Rubin   : [92] com.samsung.android.rubin.inferenceengine.contextanalytics.engine.monitors.moment.exercise.ExercisingWithCmhMonitor.isSatisfiedByCmh(Unknown Source) : isSatisfiedByCmh is false
08-13 16:19:47.954  1111  1111 I SurfaceFlinger: [LayerHierarchy{RequestedLayerState{8a94d40 NavigationBar0#88 parentId=233599} 1 children}] reparent to LayerHierarchy{RequestedLayerState{Surface(name=8a94d40 NavigationBar0)/@0x65d636d - animation-leash of insets_animation#233599 parentId=87} 1 children}
08-13 16:19:47.954  1111  1111 I SurfaceFlinger: [LayerHierarchy{RequestedLayerState{e0324bb StatusBar#95 parentId=233600} 1 children}] reparent to LayerHierarchy{RequestedLayerState{Surface(name=e0324bb StatusBar)/@0x8487ff0 - animation-leash of insets_animation#233600 parentId=94} 1 children}
08-13 16:19:47.954  1111  1111 I SurfaceFlinger: [LayerHierarchy{RequestedLayerState{Surface(name=e0324bb StatusBar)/@0x8487ff0 - animation-leash of insets_animation#233588} no children}] reparent to OffscreenRoot
08-13 16:19:47.954  1111  1111 I SurfaceFlinger: [LayerHierarchy{RequestedLayerState{Surface(name=e0324bb StatusBar)/@0x8487ff0 - animation-leash of insets_animation#233588} no children}] RelativeParent to null
08-13 16:19:47.954  1111  1111 I SurfaceFlinger: [LayerHierarchy{RequestedLayerState{Surface(name=8a94d40 NavigationBar0)/@0x65d636d - animation-leash of insets_animation#233587} no children}] reparent to OffscreenRoot
08-13 16:19:47.954  1111  1111 I SurfaceFlinger: [LayerHierarchy{RequestedLayerState{Surface(name=8a94d40 NavigationBar0)/@0x65d636d - animation-leash of insets_animation#233587} no children}] RelativeParent to null
08-13 16:19:47.954  1111  1111 I SurfaceFlinger: [Right Edge Extension#233602] attach to parent LayerHierarchy{RequestedLayerState{Task=2221#233581 parentId=11 z=3} 2 children}
08-13 16:19:47.955  1282  4902 I SemDvfsHyPerManager: acquire hyper - AMS_APP_HOME/1282@27, type = -999
08-13 16:19:47.955  1111  1111 I BpBinder: onLastStrongRef automatically unlinking death recipients:
08-13 16:19:47.955  1062  1149 I HYPER-HAL: [RequestManager.cpp]acquire(): Acquired ID : 857422  [1282 / 27]    HINT : AMS_APP_HOME    list :
08-13 16:19:47.956  1111  1732 I SurfaceFlinger: id=233587 Removed Surface(name=8a94d40 NavigationBar0)/@0x65d636d - animation-leash of insets_animation#233587 (167)
08-13 16:19:47.956  1111  1732 I SurfaceFlinger: id=233588 Removed Surface(name=e0324bb StatusBar)/@0x8487ff0 - animation-leash of insets_animation#233588 (167)
08-13 16:19:47.958  2742  2742 I VRI[LauncherActivity]@3489192: handleAppVisibility mAppVisible = false visible = true
08-13 16:19:47.957  4368  4368 I SemDvfsHyPerManager: acquire hyper - APP_START_HOME/4368@15, type = -999
08-13 16:19:47.958  1282  4902 D InputDispatcher: Focused application(0): ActivityRecord{b3168b5 u0 com.sec.android.app.launcher/.activities.LauncherActivity t6}
08-13 16:19:47.960  1111  1223 I SurfaceFlinger: id=233603 createSurf, flag=24000, Surface(name=8a94d40 NavigationBar0)/@0x65d636d - animation-leash of insets_animation#233603
08-13 16:19:47.960  1111  1732 I SurfaceFlinger: id=233604 createSurf, flag=4400, [BBQ] Right Edge Extension#233602#233604
08-13 16:19:47.961  1282  1967 D AS.MultiSoundManager: mForegroundUid = 10132
08-13 16:19:47.962  1111  1732 I SurfaceFlinger: id=233605 createSurf, flag=24000, Surface(name=e0324bb StatusBar)/@0x8487ff0 - animation-leash of insets_animation#233605
08-13 16:19:47.964  2127  2390 D NativeCustomFrequencyManager: [NativeCFMS] BpCustomFrequencyManager::BpCustomFrequencyManager()
08-13 16:19:47.968  5736  5736 I InsetsSourceConsumer: applyRequestedVisibilityToControl: visible=true, type=navigationBars, host=com.example.cupcake.test/androidx.test.core.app.InstrumentationActivityInvoker$EmptyActivity
08-13 16:19:47.969  2127  2390 I BLASTBufferQueue: [[BBQ]Right Edge Extension#233602#13522](f:0,a:0,s:0) onFrameAvailable the first frame is available
08-13 16:19:47.969  5736  5736 I InsetsSourceConsumer: applyRequestedVisibilityToControl: visible=true, type=statusBars, host=com.example.cupcake.test/androidx.test.core.app.InstrumentationActivityInvoker$EmptyActivity
08-13 16:19:47.969  2742  2742 I VRI[LauncherActivity]@3489192: stopped(false) old = true
08-13 16:19:47.969  2127  2390 D HWUI    : CFMS:: SetUp Pid : 2127    Tid : 2390
08-13 16:19:47.969  1111  1730 I SurfaceFlinger: [[BBQ] Right Edge Extension#233602#233604] setTransactionState with the first frame. bufferData(ID: 9135395538157, frameNumber: 1)
08-13 16:19:47.966  1062  1149 I HYPER-HAL: [RequestManager.cpp]acquire(): Acquired ID : 9607551  [4368 / 15]    HINT : APP_START    list : [KERNEL_APP_START_NOTIFY / 0] [TIMEOUT / 1500]
08-13 16:19:47.971  1111  1111 I SurfaceFlinger: destroyed Surface(name=e0324bb StatusBar)/@0x8487ff0 - animation-leash of insets_animation#233588
08-13 16:19:47.971  1111  1111 I SurfaceFlinger: destroyed Surface(name=8a94d40 NavigationBar0)/@0x65d636d - animation-leash of insets_animation#233587
08-13 16:19:47.971  1111  1111 I SurfaceFlinger: [Surface(name=e0324bb StatusBar)/@0x8487ff0 - animation-leash of insets_animation#233605] attach to parent LayerHierarchy{RequestedLayerState{WindowToken{b8fcd4a type=2000 android.os.BinderProxy@ecaaeec}#94 parentId=19} 2 children}
08-13 16:19:47.971  1111  1111 I SurfaceFlinger: [[BBQ] Right Edge Extension#233602#233604] attach to parent LayerHierarchy{RequestedLayerState{Right Edge Extension#233602 parentId=233581} 1 children}
08-13 16:19:47.971  1111  1111 I SurfaceFlinger: [Surface(name=8a94d40 NavigationBar0)/@0x65d636d - animation-leash of insets_animation#233603] attach to parent LayerHierarchy{RequestedLayerState{WindowToken{4aa5472 type=2019 android.os.BinderProxy@bd187d4}#87 parentId=31} 2 children}
08-13 16:19:47.972  1111  1111 I Layer   : id=233587 Destroyed Surface(name=8a94d40 NavigationBar0)/@0x65d636d - animation-leash of insets_animation#233587
08-13 16:19:47.972  1111  1111 I Layer   : id=233588 Destroyed Surface(name=e0324bb StatusBar)/@0x8487ff0 - animation-leash of insets_animation#233588
08-13 16:19:47.972  1111  1209 D SurfaceFlinger: [input] setFocusedWindow: 41b9b0a com.example.cupcake.test/androidx.test.core.app.InstrumentationActivityInvoker$EmptyActivity
08-13 16:19:47.973  1282  4902 D InputDispatcher: Once focus requested (0): 41b9b0a com.example.cupcake.test/androidx.test.core.app.InstrumentationActivityInvoker$EmptyActivity
08-13 16:19:47.973  1282  4902 D InputDispatcher: Focus request (0): 41b9b0a com.example.cupcake.test/androidx.test.core.app.InstrumentationActivityInvoker$EmptyActivity but waiting because NO_WINDOW
08-13 16:19:47.975  2742  2742 I HoneySpace.Launcher: !@Boot_EBS_D: Launcher.onStart()
08-13 16:19:47.977  2127  2127 D NavigationBar: onSystemBarAttributesChanged() -  displayId:0, appearance:24, packageName: com.example.cupcake.test (APPEARANCE_LIGHT_STATUS_BARS APPEARANCE_LIGHT_NAVIGATION_BARS ), navbarColorManagedByIme:false
08-13 16:19:47.980  2127  2303 I SurfaceControlRegistry: show, t=StartTransaction_SyncId<20529> sc=Right Edge Extension, caller=android.view.SurfaceControl$Transaction.show:3232 android.view.SurfaceControl$Transaction.setVisibility:3198 com.android.wm.shell.transition.TransitionAnimationHelper.createExtensionSurface:247 com.android.wm.shell.transition.TransitionAnimationHelper.edgeExtendWindow:193 com.android.wm.shell.transition.DefaultTransitionHandler.startAnimation:1877 com.android.wm.shell.transition.Transitions.dispatchTransition:93
08-13 16:19:47.981  1111  1223 I SurfaceFlinger: id=233606 createSurf, flag=20004, DimTransitionLayer for Surface(name=Task=2222)/@0x6ff6903#233606
08-13 16:19:47.981  2742  2742 I HoneySpace.Launcher: !@Boot_EBS_D: Launcher.onResume()
08-13 16:19:47.983  2742  2742 I HoneySpace.Launcher: updateLauncherShowing false -> true
08-13 16:19:47.984  2127  2303 I SurfaceControlRegistry: show, t=StartTransaction_SyncId<20529> sc=DimTransitionLayer for Surface(name=Task=2222)/@0x6ff6903, caller=android.view.SurfaceControl$Transaction.show:3232 com.android.wm.shell.transition.DefaultTransitionHandler.startAnimation:2540 com.android.wm.shell.transition.Transitions.dispatchTransition:93 com.android.wm.shell.transition.Transitions.playTransition:700 com.android.wm.shell.transition.Transitions.processReadyQueue:250 com.android.wm.shell.transition.Transitions.dispatchReady:1007
08-13 16:19:47.985  2127  2303 I SurfaceControlRegistry: apply, t=StartTransaction_SyncId<20529>, caller=android.view.SurfaceControl$Transaction.apply:3135 android.view.SurfaceControl$Transaction.apply:3122 android.view.SurfaceControl$Transaction.apply:3078 com.android.wm.shell.transition.DefaultTransitionHandler.startAnimation:2823 com.android.wm.shell.transition.Transitions.dispatchTransition:93 com.android.wm.shell.transition.Transitions.playTransition:700
08-13 16:19:47.984  2742  2101 I HoneySpace.Memory-Monitor: cancelTrimIfNeeded
08-13 16:19:47.987  1282  1447 I SemDvfsHyPerManager: acquire hyper - AMS_RESUME_TAIL/1282@22, type = -999
08-13 16:19:47.987  1282  1447 I SemDvfsHyPerManager: acquire hyper - AMS_ACT_LAZY/1282@23, type = -999
08-13 16:19:47.987  1062  1149 I HYPER-HAL: [RequestManager.cpp]acquire(): Acquired ID : 850882  [1282 / 22]    HINT : AMS_RESUME_TAIL    list :
08-13 16:19:47.990  1282  1443 I PkgPredictorService-SecIpmManagerServiceImpl: reportToNAP uid:10419 com.example.cupcake.test/androidx.test.core.app.InstrumentationActivityInvoker$EmptyActivity thisTime:272
08-13 16:19:47.990  1282  1443 D PkgPredictorService-SecIpmManagerServiceImpl: reportToNAP: mHeavyLaunchCounter is false
08-13 16:19:47.990  1282  2840 D PkgPredictorService-SecIpmManagerServiceImpl: ACTION_FOREGROUND_FINISH_EVENT sCurForegroundApp :com.example.cupcake.test
08-13 16:19:47.991  1282  1443 I ActivityTaskManager: Displayed com.example.cupcake.test/androidx.test.core.app.InstrumentationActivityInvoker$EmptyActivity for user 0: +272ms
08-13 16:19:47.992  1062  1149 I HYPER-HAL: [RequestManager.cpp]releaseLocked(): Released ID : 856112
08-13 16:19:47.992  3157  3157 E pageboostd: Received HALT command code 2
08-13 16:19:47.992  2742  2742 I HoneySpace.ShellTransitionManager: myHomeResumed
08-13 16:19:47.993  2742  2742 I HoneySpace.CapturedBlurManager: capturedBlurView: resume(25347631)
08-13 16:19:47.993  2742  2742 I HoneySpace.ResumeTimer: last resume updated : 308418578
08-13 16:19:47.993  2742  2742 I HoneySpace.StackedWidgetFastRecyclerView: playShowAndHideIndicatorAnimation
08-13 16:19:47.993  2742  2742 I HoneySpace.StackedWidgetFastRecyclerView: playShowIndicatorAnimation
08-13 16:19:47.993  2742  2742 I HoneySpace.StackedWidgetAdapter: updateLabelVisibility false true
08-13 16:19:47.993  2742  2742 I HoneySpace.StackedWidgetFastRecyclerView: playShowAndHideIndicatorAnimation
08-13 16:19:47.993  2742  2742 I HoneySpace.StackedWidgetFastRecyclerView: playShowIndicatorAnimation
08-13 16:19:47.993  2742  2742 I HoneySpace.StackedWidgetAdapter: updateLabelVisibility false true
08-13 16:19:47.993  2742  2742 I SearchHoneyPot: onViewCreated: onResume
08-13 16:19:47.995  2742  4826 I HoneySpace.HoneyAppWidgetHost: called startListening, host: @fcf5abe
08-13 16:19:47.995  2742  4826 I AppWidgetHost: semStartListening()
08-13 16:19:47.996  1282  1615 I AppWidgetServiceImpl: startListening callbacks : com.android.internal.appwidget.IAppWidgetHost$Stub$Proxy@be861ca intervalEnsure:760482119 intervalHostLock:760482119 LhostId:HostId{user:0, app:10132, hostId:1024, pkg:com.sec.android.app.launcher}
08-13 16:19:47.996  2742  1824 I HoneySpace.PredictionDataSourceImpl: requestPredictionUpdate 0 true
08-13 16:19:47.996  1111  1111 I SurfaceFlinger: Layer [DimTransitionLayer for Surface(name=Task=2222)/@0x6ff6903#233606] hidden!! flag(0)
08-13 16:19:47.996  1111  1111 E SurfaceFlinger: alpha changed 1.000 -> 0.000 - DimTransitionLayer for Surface(name=Task=2222)/@0x6ff6903#233606
08-13 16:19:47.996  1111  1111 I SurfaceFlinger: Layer [Right Edge Extension#233602] hidden!! flag(0)
08-13 16:19:47.996  1111  1111 I SurfaceFlinger: Layer [Transition Root: Task=2222#233601] hidden!! flag(0)
08-13 16:19:47.996  1111  1111 I SurfaceFlinger: Layer [5489f13 Splash Screen com.example.cupcake.test#233595] hidden!! flag(0)
08-13 16:19:47.996  1111  1111 I SurfaceFlinger: Layer [Splash Screen com.example.cupcake.test$_2127#233597] hidden!! flag(0)
08-13 16:19:47.996  1111  1111 I SurfaceFlinger: Layer [Task=2222#233593] hidden!! flag(0)
08-13 16:19:47.996  1111  1111 E SurfaceFlinger: alpha changed 1.000 -> 0.000 - Task=2222#233593
08-13 16:19:47.996  1111  1111 I SurfaceFlinger: Layer [ActivityRecord{8fa723 u0 com.example[...]yInvoker$EmptyActivity t2222}#233594] hidden!! flag(0)
08-13 16:19:47.996  1111  1111 I SurfaceFlinger: Layer [41b9b0a com.example.cupcake.test/and[...]ActivityInvoker$EmptyActivity#233596] hidden!! flag(0)
08-13 16:19:47.996  1111  1111 E SurfaceFlinger: alpha changed 0.000 -> 1.000 - Task=2222#233593
08-13 16:19:47.996  1111  1111 E SurfaceFlinger: alpha changed 0.000 -> 0.000 - DimTransitionLayer for Surface(name=Task=2222)/@0x6ff6903#233606
08-13 16:19:47.996  1111  1111 I SurfaceFlinger: [LayerHierarchy{RequestedLayerState{8a94d40 NavigationBar0#88 parentId=233603} 1 children}] reparent to LayerHierarchy{RequestedLayerState{Surface(name=8a94d40 NavigationBar0)/@0x65d636d - animation-leash of insets_animation#233603 parentId=87} 1 children}
08-13 16:19:47.996  1111  1111 I SurfaceFlinger: [LayerHierarchy{RequestedLayerState{e0324bb StatusBar#95 parentId=233605} 1 children}] reparent to LayerHierarchy{RequestedLayerState{Surface(name=e0324bb StatusBar)/@0x8487ff0 - animation-leash of insets_animation#233605 parentId=94} 1 children}
08-13 16:19:47.996  1111  1111 I SurfaceFlinger: [LayerHierarchy{RequestedLayerState{Task=2221#233581 parentId=233601 z=2} 2 children}] reparent to LayerHierarchy{RequestedLayerState{Transition Root: Task=2222#233601 parentId=11 z=4} 1 children}
08-13 16:19:47.996  1111  1111 I SurfaceFlinger: [LayerHierarchy{RequestedLayerState{Task=2222#233593 parentId=233601 z=5} 1 children}] reparent to LayerHierarchy{RequestedLayerState{Transition Root: Task=2222#233601 parentId=11 z=4} 2 children}
08-13 16:19:47.996  1111  1111 I SurfaceFlinger: [LayerHierarchy{RequestedLayerState{Surface(name=8a94d40 NavigationBar0)/@0x65d636d - animation-leash of insets_animation#233599} no children}] reparent to OffscreenRoot
08-13 16:19:47.996  1111  1111 I SurfaceFlinger: [LayerHierarchy{RequestedLayerState{Surface(name=8a94d40 NavigationBar0)/@0x65d636d - animation-leash of insets_animation#233599} no children}] RelativeParent to null
08-13 16:19:47.996  1111  1111 I SurfaceFlinger: [LayerHierarchy{RequestedLayerState{Surface(name=e0324bb StatusBar)/@0x8487ff0 - animation-leash of insets_animation#233600} no children}] reparent to OffscreenRoot
08-13 16:19:47.996  1111  1111 I SurfaceFlinger: [LayerHierarchy{RequestedLayerState{Surface(name=e0324bb StatusBar)/@0x8487ff0 - animation-leash of insets_animation#233600} no children}] RelativeParent to null
08-13 16:19:47.996  1111  1111 I SurfaceFlinger: [DimTransitionLayer for Surface(name=Task=2222)/@0x6ff6903#233606] attach to parent LayerHierarchy{RequestedLayerState{Transition Root: Task=2222#233601 parentId=11 z=4} 3 children}
08-13 16:19:47.996  2742  4826 I HoneySpace.HoneyAppWidgetHost: success hidden_semStartListening - result: true, host: @fcf5abe
08-13 16:19:47.997  2742  4789 I HoneySpace.SPayHandler: updateSpayHandler, show = true, defaultPage = true
08-13 16:19:47.997  2742  1824 I HoneySpace.PredictionDataSourceImpl: requestPredictionUpdate 1 true
08-13 16:19:48.000 21624 21938 I Rubin   : [92] U9.g.x(Unknown Source) : Notify com.samsung.android.rubin.inferenceengine.contextanalytics.engine.loggers.AppUsageLogger's database is updated.
08-13 16:19:48.003  1111  1163 I SurfaceFlinger: id=233599 Removed Surface(name=8a94d40 NavigationBar0)/@0x65d636d - animation-leash of insets_animation#233599 (169)
08-13 16:19:48.004  1111  1732 I SurfaceFlinger: id=233600 Removed Surface(name=e0324bb StatusBar)/@0x8487ff0 - animation-leash of insets_animation#233600 (169)
08-13 16:19:48.004 22781 22781 I bmex    : onStart
08-13 16:19:48.004 22781 22781 I bmex    : onResume
08-13 16:19:48.005  2127  2334 I InsetsSourceConsumer: applyRequestedVisibilityToControl: visible=true, type=navigationBars, host=Splash Screen com.example.cupcake.test
08-13 16:19:48.006  2127  2334 I InsetsSourceConsumer: applyRequestedVisibilityToControl: visible=true, type=statusBars, host=Splash Screen com.example.cupcake.test
08-13 16:19:48.008  1111  1111 E SurfaceFlinger: alpha changed 0.000 -> 0.019 - DimTransitionLayer for Surface(name=Task=2222)/@0x6ff6903#233606
08-13 16:19:48.008  1111  1111 I SurfaceFlinger: destroyed Surface(name=8a94d40 NavigationBar0)/@0x65d636d - animation-leash of insets_animation#233599
08-13 16:19:48.008  1111  1111 I SurfaceFlinger: destroyed Surface(name=e0324bb StatusBar)/@0x8487ff0 - animation-leash of insets_animation#233600
08-13 16:19:48.008  1282  4478 V WindowManager: Relayout Window{c2c214a u0 com.sec.android.app.launcher/com.sec.android.app.launcher.activities.LauncherActivity}: viewVisibility=0 req=1080x2340 ty=1 d0
08-13 16:19:48.010  1111  1111 I Layer   : id=233600 Destroyed Surface(name=e0324bb StatusBar)/@0x8487ff0 - animation-leash of insets_animation#233600
08-13 16:19:48.010  1111  1111 I Layer   : id=233599 Destroyed Surface(name=8a94d40 NavigationBar0)/@0x65d636d - animation-leash of insets_animation#233599
08-13 16:19:48.011  1111  1163 I SurfaceFlinger: id=233607 createSurf, flag=44004, com.sec.android.app.launcher/com.sec.android.app.launcher.activities.LauncherActivity$_2742#233607
08-13 16:19:48.012  1282  1444 D PkgPredictorService-SecIpmManagerServiceImpl: onForegroundActivitiesChanged pid:2742 uid:10132
08-13 16:19:48.015  1282  2840 V PkgPredictorService-SecIpmManagerServiceImpl: discard foreground app:com.sec.android.app.launcher 1|true
08-13 16:19:48.020  1111  1163 I SurfaceFlinger: id=233608 createSurf, flag=24000, Surface(name=8a94d40 NavigationBar0)/@0x65d636d - animation-leash of insets_animation#233608
08-13 16:19:48.023  1111  1223 I SurfaceFlinger: id=233609 createSurf, flag=24000, Surface(name=e0324bb StatusBar)/@0x8487ff0 - animation-leash of insets_animation#233609
08-13 16:19:48.024  1111  1111 D SurfaceFlinger: Display 4633128672291735932 HWC layers:
08-13 16:19:48.024  1111  1111 D SurfaceFlinger:        CLIENT |   0xb4000079e2926dd0 | 0002 | RGBA_8888    |    0.0    0.0   31.0 2340.0 | 1049    0 1080 2340 | [BBQ] Right Edge Extension#233602#233604 (1)
08-13 16:19:48.024  1111  1111 D SurfaceFlinger:        DEVICE |   0xb4000079e28fa050 | 0001 | RGBA_8888    |   31.0    0.0 1080.0 2340.0 |    0    0 1049 2340 | com.example.cupcake/androidx.activity.ComponentActivity$_5596#233586 (46)
08-13 16:19:48.024  1111  1111 D SurfaceFlinger:   SOLID_COLOR |                      | 0001 | Unknown      |    0.0    0.0    0.0    0.0 |    0    0 1080 2340 | DimTransitionLayer for Surface(name=Task=2222)/@0x6ff6903#233606
08-13 16:19:48.024  1111  1111 D SurfaceFlinger:        DEVICE |   0xb4000079e2941010 | 0001 | RGBA_8888    |    0.0    0.0   99.0 2340.0 |  981    0 1080 2340 | Splash Screen com.example.cupcake.test$_2127#233597 (1)
08-13 16:19:48.024  1111  1111 D SurfaceFlinger:        DEVICE |   0xb4000079e28be850 | 0001 | RGBA_8888    |    0.0    0.0 1080.0   80.0 |    0    0 1080   80 | StatusBar$_2127#106 (79385)
08-13 16:19:48.024  1111  1111 D SurfaceFlinger:        DEVICE |   0xb4000079e29075d0 | 0001 | RGBA_8888    |    0.0    0.0 1080.0  135.0 |    0 2205 1080 2340 | NavigationBar0$_2127#101 (129766)
08-13 16:19:48.024  1111  1111 D SurfaceFlinger:
08-13 16:19:48.024  1111  1111 D SurfaceFlinger:     DEVICE |   0xb4000079e2910550 | 0001 | RGBA_8888    |    0.0  249.0 1034.0  827.0 |   46    0 1080  578 | $_4855#233489 (382)
08-13 16:19:48.024  1111  1111 D SurfaceFlinger:
08-13 16:19:48.025  1111  1111 I SurfaceFlinger: [com.sec.android.app.launcher/com.sec.android.app.launcher.activities.LauncherActivity$_2742#233607] attach to parent LayerHierarchy{RequestedLayerState{c2c214a com.sec.android.app.launcher/com.sec.android.app.launcher.activities.LauncherActivity#124 parentId=123} 1 children}
08-13 16:19:48.025  1111  1111 I SurfaceFlinger: [Surface(name=8a94d40 NavigationBar0)/@0x65d636d - animation-leash of insets_animation#233608] attach to parent LayerHierarchy{RequestedLayerState{WindowToken{4aa5472 type=2019 android.os.BinderProxy@bd187d4}#87 parentId=31} 2 children}
08-13 16:19:48.025  1111  1111 I SurfaceFlinger: [Surface(name=e0324bb StatusBar)/@0x8487ff0 - animation-leash of insets_animation#233609] attach to parent LayerHierarchy{RequestedLayerState{WindowToken{b8fcd4a type=2000 android.os.BinderProxy@ecaaeec}#94 parentId=19} 2 children}
08-13 16:19:48.032  1282  4478 I SystemKeyManager: requested systemKeyInfo size=2 focusedWindow=com.sec.android.app.launcher/com.sec.android.app.launcher.activities.LauncherActivity
08-13 16:19:48.035  1282  4478 V WindowManager: Relayout hash=c2c214a, pid=2742, syncId=-1: mAttrs={(0,0)(fillxfill) sim={adjust=nothing forwardNavigation} layoutInDisplayCutoutMode=always ty=BASE_APPLICATION fmt=TRANSPARENT wanim=0x1030301
08-13 16:19:48.035  1282  4478 V WindowManager:   fl=81910100
08-13 16:19:48.035  1282  4478 V WindowManager:   pfl=10008840
08-13 16:19:48.035  1282  4478 V WindowManager:   bhv=2
08-13 16:19:48.035  1282  4478 V WindowManager:   fitSides=0
08-13 16:19:48.035  1282  4478 V WindowManager:   frameRateBoostOnTouch=true
08-13 16:19:48.035  1282  4478 V WindowManager:   dvrrWindowFrameRateHint=true screenDimDuration=200000 naviIconColor=0}
08-13 16:19:48.042  2742  2742 I BLASTBufferQueue_Java: new BLASTBufferQueue, mName= VRI[LauncherActivity]@3489192 mNativeObject= 0xb4000075190eebd0 sc.mNativeObject= 0xb4000076190f0a10 caller= android.view.ViewRootImpl.updateBlastSurfaceIfNeeded:3397 android.view.ViewRootImpl.relayoutWindow:11361 android.view.ViewRootImpl.performTraversals:4544 android.view.ViewRootImpl.doTraversal:3708 android.view.ViewRootImpl$TraversalRunnable.run:12542 android.view.Choreographer$CallbackRecord.run:1751 android.view.Choreographer$CallbackRecord.run:1760 android.view.Choreographer.doCallbacks:1216 android.view.Choreographer.doFrame:1142 android.view.Choreographer$FrameDisplayEventReceiver.run:1707
08-13 16:19:48.043  2742  2742 I BLASTBufferQueue_Java: update, w= 1080 h= 2340 mName = VRI[LauncherActivity]@3489192 mNativeObject= 0xb4000075190eebd0 sc.mNativeObject= 0xb4000076190f0a10 format= -2 caller= android.graphics.BLASTBufferQueue.<init>:88 android.view.ViewRootImpl.updateBlastSurfaceIfNeeded:3397 android.view.ViewRootImpl.relayoutWindow:11361 android.view.ViewRootImpl.performTraversals:4544 android.view.ViewRootImpl.doTraversal:3708 android.view.ViewRootImpl$TraversalRunnable.run:12542
08-13 16:19:48.043  2742  2742 I VRI[LauncherActivity]@3489192: Relayout returned: old=(0,0,1080,2340) new=(0,0,1080,2340) relayoutAsync=false req=(1080,2340)0 dur=44 res=0x3 s={true 0xb4000075e90b94b0} ch=true seqId=0
08-13 16:19:48.049  2742  2742 I VRI[LauncherActivity]@3489192: Creating new active sync group VRI[LauncherActivity]@3489192#65
08-13 16:19:48.054  1111  1111 I SurfaceFlinger: [LayerHierarchy{RequestedLayerState{8a94d40 NavigationBar0#88 parentId=233608} 1 children}] reparent to LayerHierarchy{RequestedLayerState{Surface(name=8a94d40 NavigationBar0)/@0x65d636d - animation-leash of insets_animation#233608 parentId=87} 1 children}
08-13 16:19:48.054  1111  1111 I SurfaceFlinger: [LayerHierarchy{RequestedLayerState{e0324bb StatusBar#95 parentId=233609} 1 children}] reparent to LayerHierarchy{RequestedLayerState{Surface(name=e0324bb StatusBar)/@0x8487ff0 - animation-leash of insets_animation#233609 parentId=94} 1 children}
08-13 16:19:48.054  1111  1111 I SurfaceFlinger: [LayerHierarchy{RequestedLayerState{Surface(name=e0324bb StatusBar)/@0x8487ff0 - animation-leash of insets_animation#233605} no children}] reparent to OffscreenRoot
08-13 16:19:48.054  1111  1111 I SurfaceFlinger: [LayerHierarchy{RequestedLayerState{Surface(name=e0324bb StatusBar)/@0x8487ff0 - animation-leash of insets_animation#233605} no children}] RelativeParent to null
08-13 16:19:48.054  1111  1111 I SurfaceFlinger: [LayerHierarchy{RequestedLayerState{Surface(name=8a94d40 NavigationBar0)/@0x65d636d - animation-leash of insets_animation#233603} no children}] reparent to OffscreenRoot
08-13 16:19:48.054  1111  1111 I SurfaceFlinger: [LayerHierarchy{RequestedLayerState{Surface(name=8a94d40 NavigationBar0)/@0x65d636d - animation-leash of insets_animation#233603} no children}] RelativeParent to null
08-13 16:19:48.058  1282  1444 D NetworkPolicy: already checked 10132
08-13 16:19:48.077  2127  2529 I WallpaperService: dispatchAppVisibility: system, visible=true , mLidState = -1
08-13 16:19:48.078  1111  1730 I SurfaceFlinger: id=233603 Removed Surface(name=8a94d40 NavigationBar0)/@0x65d636d - animation-leash of insets_animation#233603 (170)
08-13 16:19:48.078  1111  1730 I SurfaceFlinger: id=233605 Removed Surface(name=e0324bb StatusBar)/@0x8487ff0 - animation-leash of insets_animation#233605 (170)
08-13 16:19:48.078  2127  2436 I WallpaperService: updateSurface system forceRelayout=false forceReport=false redrawNeeded=false myWidth=-1 myHeight=-1 fixedSize=false x = 0 y = 0 mWidth=-1 mHeight=-1
08-13 16:19:48.078  2127  2436 I WallpaperService: reportVisibility: visibility changed. visible=true
08-13 16:19:48.078  2127  2436 I ImageWallpaper_5[Image]:  onVisibilityChanged: visible=true , displayId=0
08-13 16:19:48.082  1244  1244 I CameraService: onUidStateChanged: uid=10222, procState is changed. (5 -> 3)
08-13 16:19:48.082  1111  1111 I SurfaceFlinger: destroyed Surface(name=e0324bb StatusBar)/@0x8487ff0 - animation-leash of insets_animation#233605
08-13 16:19:48.083  1111  1111 I SurfaceFlinger: destroyed Surface(name=8a94d40 NavigationBar0)/@0x65d636d - animation-leash of insets_animation#233603
08-13 16:19:48.084  1111  1111 I Layer   : id=233603 Destroyed Surface(name=8a94d40 NavigationBar0)/@0x65d636d - animation-leash of insets_animation#233603
08-13 16:19:48.084  1111  1111 I Layer   : id=233605 Destroyed Surface(name=e0324bb StatusBar)/@0x8487ff0 - animation-leash of insets_animation#233605
08-13 16:19:48.084  2127  2127 D NavigationBar: onSystemBarAttributesChanged() -  displayId:0, appearance:16, packageName: com.sec.android.app.launcher (APPEARANCE_LIGHT_NAVIGATION_BARS ), navbarColorManagedByIme:false
08-13 16:19:48.085  1244  1244 I CameraService: onUidStateChanged: uid=10219, procState is changed. (5 -> 3)
08-13 16:19:48.085  2127  2127 D SysUiState: SysUiState changed: old=0x10020000 new=0x10000000
08-13 16:19:48.091  2742 28910 I HoneySpace.SystemUiRepository: systemUiFlags: awake
08-13 16:19:48.094  1111  1209 D SurfaceFlinger: [input] setFocusedWindow: c2c214a com.sec.android.app.launcher/com.sec.android.app.launcher.activities.LauncherActivity
08-13 16:19:48.095  2742  5283 I HoneySpace.PredictionDataSourceImpl: TYPE_SUGGESTED_APPS updated: 9
08-13 16:19:48.095  2742  2101 I HoneySpace.RecentTasks: onRecentTasksChanged
08-13 16:19:48.099  1282  4376 D InputDispatcher: Once focus requested (0): c2c214a com.sec.android.app.launcher/com.sec.android.app.launcher.activities.LauncherActivity
08-13 16:19:48.099  1282  4376 D InputDispatcher: Focus request (0): c2c214a com.sec.android.app.launcher/com.sec.android.app.launcher.activities.LauncherActivity but waiting because NOT_VISIBLE
08-13 16:19:48.103  1282  4376 D SyntheticPasswordManager.SDP: Inside fromBytes() - result.pinLength : -1
08-13 16:19:48.103  1282  4376 D SyntheticPasswordManager.SDP: 2. result.secureMode : 0
08-13 16:19:48.104  2742  2101 I HoneySpace.HistoryViewModel@160600677@OneUI: Illegal access. Unknown type. skip load history items
08-13 16:19:48.110 21624 21938 I Rubin   : [92] com.samsung.android.rubin.inferenceengine.contextanalytics.engine.monitors.moment.exercise.ExercisingWithCmhMonitor.isSatisfiedByCmh(Unknown Source) : isSatisfiedByCmh is false
08-13 16:19:48.111  2742  4754 I VRI[LauncherActivity]@3489192: mWNT: t=0xb400007609357110 mBlastBufferQueue=0xb4000075190eebd0 fn= 1 HdrRenderState mRenderHdrSdrRatio=1.0 caller= android.view.ViewRootImpl$11.onFrameDraw:15016 android.view.ThreadedRenderer$1.onFrameDraw:761 <bottom of call stack>
08-13 16:19:48.111  2127  2127 E {OngoingActivityController}: getTaskInfo find task 2222 fail. taskInfoList.size:2
08-13 16:19:48.111  2127  2127 I {OngoingActivityController}: onTaskFocusChanged focused:false, baseActivity:null
08-13 16:19:48.111  2742  4754 I VRI[LauncherActivity]@3489192: Setting up sync and frameCommitCallback
08-13 16:19:48.112  2127  2127 I {OngoingActivityController}: onTaskFocusChanged focused:true, baseActivity:ComponentInfo{com.sec.android.app.launcher/com.sec.android.app.launcher.Launcher}
08-13 16:19:48.114  2127  2127 I {OngoingActivityDataHelper}: setBaseActivityComponentName:ComponentInfo{com.sec.android.app.launcher/com.sec.android.app.launcher.Launcher}
08-13 16:19:48.115  2742  4573 I BLASTBufferQueue: [VRI[LauncherActivity]@3489192#6989](f:0,a:0,s:0) onFrameAvailable the first frame is available
08-13 16:19:48.116  2742  4573 I VRI[LauncherActivity]@3489192: Received frameCommittedCallback lastAttemptedDrawFrameNum=1 didProduceBuffer=true
08-13 16:19:48.118  1111  1730 I SurfaceFlinger: [com.sec.android.app.launcher/com.sec.android.app.launcher.activities.LauncherActivity$_2742#233607] setTransactionState with the first frame. bufferData(ID: 11776800376914, frameNumber: 1)
08-13 16:19:48.127  1282  1341 I AccessibilityManagerService: semIsAccessibilityServiceEnabled()
08-13 16:19:48.128  2742  5288 I HoneySpace.PredictionDataSourceImpl: TYPE_RECOMMENDED_WIDGETS updated: 14
08-13 16:19:48.129  1111  1730 I SurfaceFlinger: id=233610 createSurf, flag=84004, Transition Root: Task=1#233610
08-13 16:19:48.129  1282  1341 I AccessibilityManagerService: semIsAccessibilityServiceEnabled()
08-13 16:19:48.129  1282  1615 I AccessibilityManagerService: semIsAccessibilityServiceEnabled()
08-13 16:19:48.136  2742  2742 I InsetsSourceConsumer: applyRequestedVisibilityToControl: visible=true, type=navigationBars, host=com.sec.android.app.launcher/com.sec.android.app.launcher.activities.LauncherActivity
08-13 16:19:48.136  2742  2742 I InsetsSourceConsumer: applyRequestedVisibilityToControl: visible=true, type=statusBars, host=com.sec.android.app.launcher/com.sec.android.app.launcher.activities.LauncherActivity
08-13 16:19:48.137  1111  1111 I SurfaceFlinger: [Transition Root: Task=1#233610] attach to parent LayerHierarchy{RequestedLayerState{DefaultTaskDisplayArea_d0#11 parentId=10} 9 children}
08-13 16:19:48.137  1282  1447 I SurfaceControlRegistry: show, t=StartTransaction_SyncId<20530> sc=ActivityRecord{b3168b5 u0 com.sec.android.app.launcher/.activities.LauncherActivity t6}, caller=android.view.SurfaceControl$Transaction.show:3232 com.android.server.wm.Transition.onTransactionReady:2273 com.android.server.wm.BLASTSyncEngine$SyncGroup.finishNow:195 com.android.server.wm.BLASTSyncEngine.onSurfacePlacement:269 com.android.server.wm.RootWindowContainer.performSurfacePlacementNoTrace:459 com.android.server.wm.RootWindowContainer.performSurfacePlacement:9
08-13 16:19:48.138  1282  1447 I SurfaceControlRegistry: show, t=StartTransaction_SyncId<20530> sc=Task=6, caller=android.view.SurfaceControl$Transaction.show:3232 com.android.server.wm.Transition.onTransactionReady:2300 com.android.server.wm.BLASTSyncEngine$SyncGroup.finishNow:195 com.android.server.wm.BLASTSyncEngine.onSurfacePlacement:269 com.android.server.wm.RootWindowContainer.performSurfacePlacementNoTrace:459 com.android.server.wm.RootWindowContainer.performSurfacePlacement:9
08-13 16:19:48.138  2742  2887 I HoneySpace.TopTaskSource: onTaskMovedToFront : taskId = 6, displayId = 0
08-13 16:19:48.140  2742  2887 I HoneySpace.TopTaskSource: onTaskFocusChanged(): taskId = 6
08-13 16:19:48.141  2742  2885 I HoneySpace.TaskbarEventTracker: invokeEvent() called with: event = SystemUiStateChanged(stateFlags=268435456)
08-13 16:19:48.141  2742  2887 I HoneySpace.TopTaskSource: onTaskMovedToFront : taskId = 6, displayId = 0
08-13 16:19:48.142  2742  2889 I HoneySpace.TopTaskUseCase: topTaskId 6, DisplayId : 0
08-13 16:19:48.174  1282  1447 D ScreenCapture: [Capture_TEST] : setIsScreenShotBySystem false
08-13 16:19:48.176  2127  2303 I SurfaceControlRegistry: show, t=StartTransaction_SyncId<20530> sc=WallpaperWindowToken{b638ffb token=android.os.Binder@64ddd8a}, caller=android.view.SurfaceControl$Transaction.show:3232 com.android.wm.shell.transition.Transitions.dispatchReady:798 com.android.wm.shell.transition.Transitions.onTransitionReady:244 com.android.wm.shell.transition.Transitions$TransitionPlayerImpl$$ExternalSyntheticLambda0.run:13 android.os.Handler.handleCallback:959 android.os.Handler.dispatchMessage:100
08-13 16:19:48.176  2127  2303 I SurfaceControlRegistry: hide, t=FinishTransaction_SyncId<20530> sc=Task=2222, caller=android.view.SurfaceControl$Transaction.hide:3258 com.android.wm.shell.transition.Transitions.dispatchReady:929 com.android.wm.shell.transition.Transitions.onTransitionReady:244 com.android.wm.shell.transition.Transitions$TransitionPlayerImpl$$ExternalSyntheticLambda0.run:13 android.os.Handler.handleCallback:959 android.os.Handler.dispatchMessage:100
08-13 16:19:48.176  2127  2303 I SurfaceControlRegistry: show, t=StartTransaction_SyncId<20530> sc=Task=1, caller=android.view.SurfaceControl$Transaction.show:3232 com.android.wm.shell.transition.Transitions.dispatchReady:934 com.android.wm.shell.transition.Transitions.onTransitionReady:244 com.android.wm.shell.transition.Transitions$TransitionPlayerImpl$$ExternalSyntheticLambda0.run:13 android.os.Handler.handleCallback:959 android.os.Handler.dispatchMessage:100
08-13 16:19:48.176  2127  2303 I SurfaceControlRegistry: show, t=FinishTransaction_SyncId<20530> sc=Task=1, caller=android.view.SurfaceControl$Transaction.show:3232 com.android.wm.shell.transition.Transitions.dispatchReady:988 com.android.wm.shell.transition.Transitions.onTransitionReady:244 com.android.wm.shell.transition.Transitions$TransitionPlayerImpl$$ExternalSyntheticLambda0.run:13 android.os.Handler.handleCallback:959 android.os.Handler.dispatchMessage:100
08-13 16:19:48.181  2127  2303 I SurfaceControlRegistry: apply, t=FinishTransaction_SyncId<20529>, caller=android.view.SurfaceControl$Transaction.apply:3135 android.view.SurfaceControl$Transaction.apply:3122 android.view.SurfaceControl$Transaction.apply:3078 com.android.wm.shell.transition.Transitions.onFinish:308 com.android.wm.shell.transition.Transitions$$ExternalSyntheticLambda8.onTransitionFinished:10 com.android.wm.shell.transition.DefaultTransitionHandler$$ExternalSyntheticLambda6.run:36
08-13 16:19:48.186  1111  1111 I SurfaceFlinger: [StatusBar$_2127#106] setDefaultFrameRateCompatibility: NoVote
08-13 16:19:48.187  1111  1111 I SurfaceFlinger: Layer [Task=2221#233581] hidden!! flag(1)
08-13 16:19:48.187  1111  1111 I SurfaceFlinger: [LayerHierarchy{RequestedLayerState{Task=2221#233581 parentId=11 z=3} 2 children}] reparent to LayerHierarchy{RequestedLayerState{DefaultTaskDisplayArea_d0#11 parentId=10} 10 children}
08-13 16:19:48.187  1111  1111 I SurfaceFlinger: [LayerHierarchy{RequestedLayerState{Task=2222#233593 parentId=11 z=4} 2 children}] reparent to LayerHierarchy{RequestedLayerState{DefaultTaskDisplayArea_d0#11 parentId=10} 11 children}
08-13 16:19:48.187  1111  1111 I SurfaceFlinger: [LayerHierarchy{RequestedLayerState{DimTransitionLayer for Surface(name=Task=2222)/@0x6ff6903#233606 z=-1} no children}] reparent to OffscreenRoot
08-13 16:19:48.187  1111  1111 I SurfaceFlinger: [LayerHierarchy{RequestedLayerState{DimTransitionLayer for Surface(name=Task=2222)/@0x6ff6903#233606 z=-1} no children}] RelativeParent to null
08-13 16:19:48.187  1111  1111 I SurfaceFlinger: [LayerHierarchy{RequestedLayerState{Transition Root: Task=2222#233601 z=4} no children}] reparent to OffscreenRoot
08-13 16:19:48.187  1111  1111 I SurfaceFlinger: [LayerHierarchy{RequestedLayerState{Transition Root: Task=2222#233601 z=4} no children}] RelativeParent to null
08-13 16:19:48.187  1111  1111 I SurfaceFlinger: [LayerHierarchy{RequestedLayerState{Right Edge Extension#233602 z=-2147483648} 1 children}] reparent to OffscreenRoot
08-13 16:19:48.187  1111  1111 I SurfaceFlinger: [LayerHierarchy{RequestedLayerState{Right Edge Extension#233602 z=-2147483648} 1 children}] RelativeParent to null
08-13 16:19:48.188  1111  1111 I SurfaceFlinger: id=233604 Removed [BBQ] Right Edge Extension#233602#233604 (169)
08-13 16:19:48.188  1111  1111 I SurfaceFlinger: id=233602 Removed Right Edge Extension#233602 (169)
08-13 16:19:48.195  1111  1111 D SurfaceFlinger: Display 4633128672291735932 HWC layers:
08-13 16:19:48.195  1111  1111 D SurfaceFlinger:        DEVICE |   0xb4000079e2941010 | 0001 | RGBA_8888    |    0.0    0.0 1080.0 2340.0 |    0    0 1080 2340 | Splash Screen com.example.cupcake.test$_2127#233597 (1)
08-13 16:19:48.195  1111  1111 D SurfaceFlinger:        DEVICE |   0xb4000079e28ca710 | 0001 | RGBA_8888    |    0.0    0.0 1080.0   80.0 |    0    0 1080   80 | StatusBar$_2127#106 (79390)
08-13 16:19:48.195  1111  1111 D SurfaceFlinger:        DEVICE |   0xb4000079e29075d0 | 0001 | RGBA_8888    |    0.0    0.0 1080.0  135.0 |    0 2205 1080 2340 | NavigationBar0$_2127#101 (129766)
08-13 16:19:48.195  1111  1111 D SurfaceFlinger:        DEVICE |   0xb4000079e2910550 | 0001 | RGBA_8888    |    0.0  249.0 1034.0  827.0 |   46    0 1080  578 | $_4855#233489 (382)
08-13 16:19:48.195  1111  1111 D SurfaceFlinger:
08-13 16:19:48.196  1111  1111 I SurfaceFlinger: destroyed [BBQ] Right Edge Extension#233602#233604
08-13 16:19:48.196  1111  1111 I SurfaceFlinger: destroyed Right Edge Extension#233602
08-13 16:19:48.197  1111  1111 I Layer   : id=233602 Destroyed Right Edge Extension#233602
