08-13 16:19:50.073  2742  4754 I VRI[LauncherActivity]@3489192: mWNT: t=0xb4000076092c11d0 mBlastBufferQueue=0xb4000075190eebd0 fn= 39 HdrRenderState mRenderHdrSdrRatio=1.0 caller= com.android.systemui.shared.launcher.ViewRootImplCompat.mergeWithNextTransaction:4 com.honeyspace.transition.utils.SurfaceTransactionApplier.scheduleApply$lambda$1:26 com.honeyspace.transition.utils.SurfaceTransactionApplier.b:0
08-13 16:19:50.075  2742  2742 I HoneySpace.RectFAnimation: animateToFinalPosition RectF(464.01633, 1806.3528, 615.98364, 1957.492)
08-13 16:19:50.075  2742  2742 I HoneySpace.RectFAnimation: animateToFinalPosition RectF(464.1794, 1806.4314, 615.82056, 1957.3816)
08-13 16:19:50.079  5400  5440 W Finsky  : [71] PreloadClasses: Unable to load [kotlinx.coroutines.internal.ThreadContextKt$countAll$1, kotlinx.coroutines.internal.ThreadContextKt$findOne$1, kotlinx.coroutines.internal.ThreadContextKt$updateState$1, androidx.compose.runtime.snapshots.SnapshotKt$emptyLambda$1, androidx.compose.runtime.Recomposer$broadcastFrameClock$1, androidx.compose.runtime.Recomposer$recompositionRunner$2$unregisterApplyObserver$1, androidx.compose.runtime.ComposableSingletons$CompositionKt$lambda-1$1, androidx.compose.runtime.ComposableSingletons$CompositionKt$lambda-2$1, androidx.compose.ui.platform.ComposableSingletons$Wrapper_androidKt$lambda-1$1, androidx.compose.runtime.Recomposer$readObserverOf$1, androidx.compose.runtime.Recomposer$writeObserverOf$1, androidx.compose.ui.platform.AndroidCompositionLocals_androidKt$LocalSavedStateRegistryOwner$1, androidx.compose.runtime.saveable.SaveableStateRegistryKt$LocalSaveableStateRegistry$1, androidx.compose.material3.TypographyKt$LocalTypography$1, androidx.compose.material.ColorsKt$LocalColors$1, androidx.compose.material.ShapesKt$LocalShapes$1, androidx.compose.material.ContentAlphaKt$LocalContentAlpha$1, androidx.compose.foundation.IndicationKt$LocalIndication$1, androidx.compose.material.ripple.RippleThemeKt$LocalRippleTheme$1, androidx.compose.foundation.text.selection.TextSelectionColorsKt$LocalTextSelectionColors$1, androidx.compose.material.TextKt$LocalTextStyle$1, androidx.compose.animation.core.InfiniteTransition$run$2, androidx.compose.animation.core.VectorConvertersKt$FloatToVector$1, androidx.compose.animation.core.VectorConvertersKt$FloatToVector$2, androidx.compose.animation.core.VectorConvertersKt$IntToVector$2, androidx.compose.animation.core.VectorConvertersKt$DpToVector$1, androidx.compose.animation.core.VectorConvertersKt$DpToVector$2, androidx.compose.material.ProgressIndicatorKt$CircularProgressIndicator$endAngle$2, androidx.compose.material.ProgressIndicatorKt$CircularProgressIndicator$startAngle$2, androidx.compose.foundation.ProgressSemanticsKt$progressSemantics$2, androidx.compose.material.MaterialThemeKt$MaterialTheme$2, androidx.compose.runtime.BroadcastFrameClock$withFrameNanos$2$1, androidx.compose.foundation.text.selection.SelectionRegistrarKt$LocalSelectionRegistrar$1, androidx.compose.runtime.saveable.SaverKt$AutoSaver$1, androidx.compose.runtime.saveable.SaverKt$AutoSaver$2, androidx.compose.runtime.snapshots.SnapshotStateList$StateListStateRecord, androidx.compose.material.ElevationOverlayKt$LocalElevationOverlay$1, androidx.compose.material.ElevationOverlayKt$LocalAbsoluteElevation$1, androidx.compose.material.TextKt$Text$4, androidx.compose.material.TextKt$ProvideTextStyle$1, androidx.compose.material.SurfaceKt$Surface$2, androidx.compose.material.ButtonKt$Button$3, androidx.compose.foundation.gestures.ScrollableStateKt$rememberScrollableState$1$1, androidx.compose.material.TextKt$Text$3, androidx.compose.material3.TextKt$Text$3, androidx.compose.foundation.layout.BoxWithConstraintsKt$BoxWithConstraints$1$1, androidx.compose.runtime.Updater$init$1, androidx.compose.runtime.internal.ComposableLambdaImpl$invoke$2, androidx.compose.ui.text.MultiParagraphIntrinsics$minIntrinsicWidth$2, androidx.compose.ui.text.MultiParagraphIntrinsics$maxIntrinsicWidth$2, androidx.compose.ui.text.platform.extensions.SpannableExtensions_androidKt$setFontAttributes$1, androidx.compose.foundation.layout.PaddingValuesModifier$measure$2, androidx.compose.ui.layout.ComposableSingletons$SubcomposeLayoutKt$lambda-1$1, androidx.compose.runtime.snapshots.SnapshotKt$mergedReadObserver$1, androidx.compose.runtime.snapshots.SnapshotKt$mergedWriteObserver$1, androidx.compose.foundation.lazy.LazyListState$Companion$Saver$1, androidx.compose.foundation.lazy.LazyListState$Companion$Saver$2, androidx.compose.runtime.saveable.ListSaverKt$listSaver$1, androidx.compose.foundation.lazy.LazyListState$scrollableState$1, androidx.compose.runtime.saveable.SaveableStateHolderImpl$Companion$Saver$1, androidx.compose.runtime.saveable.SaveableStateHolderImpl$Companion$Saver
08-13 16:19:50.081  2742  4755 I VRI[LauncherActivity]@3489192: mWNT: t=0xb4000076093a2190 mBlastBufferQueue=0xb4000075190eebd0 fn= 40 HdrRenderState mRenderHdrSdrRatio=1.0 caller= com.android.systemui.shared.launcher.ViewRootImplCompat.mergeWithNextTransaction:4 com.honeyspace.transition.utils.SurfaceTransactionApplier.scheduleApply$lambda$1:26 com.honeyspace.transition.utils.SurfaceTransactionApplier.b:0
08-13 16:19:50.083  2742  2742 I HoneySpace.RectFAnimation: animateToFinalPosition RectF(464.1794, 1806.3589, 615.82056, 1957.3091)
08-13 16:19:50.083  2742  2742 I HoneySpace.RectFAnimation: animateToFinalPosition RectF(464.3036, 1806.4187, 615.6964, 1957.2251)
08-13 16:19:50.092  2742  2742 I HoneySpace.RectFAnimation: animateToFinalPosition RectF(464.3036, 1806.2535, 615.6964, 1957.0599)
08-13 16:19:50.092  2742  4754 I VRI[LauncherActivity]@3489192: mWNT: t=0xb40000760911aed0 mBlastBufferQueue=0xb4000075190eebd0 fn= 41 HdrRenderState mRenderHdrSdrRatio=1.0 caller= com.android.systemui.shared.launcher.ViewRootImplCompat.mergeWithNextTransaction:4 com.honeyspace.transition.utils.SurfaceTransactionApplier.scheduleApply$lambda$1:26 com.honeyspace.transition.utils.SurfaceTransactionApplier.b:0
08-13 16:19:50.092  2742  2742 I HoneySpace.RectFAnimation: animateToFinalPosition RectF(464.42313, 1806.3112, 615.5769, 1956.9791)
08-13 16:19:50.099  1282  3019 I NSLocationMonitor: getGPSUsingApps() called
08-13 16:19:50.099  2952 32690 I NSLocationManager_FLP: getGPSUsingApps, No change
08-13 16:19:50.100  2742  4755 I VRI[LauncherActivity]@3489192: mWNT: t=0xb400007609275190 mBlastBufferQueue=0xb4000075190eebd0 fn= 42 HdrRenderState mRenderHdrSdrRatio=1.0 caller= com.android.systemui.shared.launcher.ViewRootImplCompat.mergeWithNextTransaction:4 com.honeyspace.transition.utils.SurfaceTransactionApplier.scheduleApply$lambda$1:26 com.honeyspace.transition.utils.SurfaceTransactionApplier.b:0
08-13 16:19:50.101  2742  2742 I HoneySpace.RectFAnimation: animateToFinalPosition RectF(464.42313, 1806.0728, 615.5769, 1956.7407)
08-13 16:19:50.101  2742  2742 I HoneySpace.RectFAnimation: animateToFinalPosition RectF(464.52414, 1806.1215, 615.4758, 1956.6725)
08-13 16:19:50.106  5400  5490 I Finsky  : [84] Already at the latest configurations for experiment package com.google.android.finsky.stable.
08-13 16:19:50.107  5400  5490 I Finsky  : [84] Triggered update for experiment package com.google.android.finsky.regular.
08-13 16:19:50.113  2742  2742 I HoneySpace.RectFAnimation: animateToFinalPosition RectF(464.52414, 1805.714, 615.4758, 1956.265)
08-13 16:19:50.113  2742  4754 I VRI[LauncherActivity]@3489192: mWNT: t=0xb4000076091ca250 mBlastBufferQueue=0xb4000075190eebd0 fn= 43 HdrRenderState mRenderHdrSdrRatio=1.0 caller= com.android.systemui.shared.launcher.ViewRootImplCompat.mergeWithNextTransaction:4 com.honeyspace.transition.utils.SurfaceTransactionApplier.scheduleApply$lambda$1:26 com.honeyspace.transition.utils.SurfaceTransactionApplier.b:0
08-13 16:19:50.113  2742  2742 I HoneySpace.RectFAnimation: animateToFinalPosition RectF(464.6346, 1805.7672, 615.36536, 1956.1903)
08-13 16:19:50.121  2742  2742 I HoneySpace.RectFAnimation: animateToFinalPosition RectF(464.6346, 1805.4104, 615.36536, 1955.8335)
08-13 16:19:50.121  2742  4755 I VRI[LauncherActivity]@3489192: mWNT: t=0xb4000076092a8810 mBlastBufferQueue=0xb4000075190eebd0 fn= 44 HdrRenderState mRenderHdrSdrRatio=1.0 caller= com.android.systemui.shared.launcher.ViewRootImplCompat.mergeWithNextTransaction:4 com.honeyspace.transition.utils.SurfaceTransactionApplier.scheduleApply$lambda$1:26 com.honeyspace.transition.utils.SurfaceTransactionApplier.b:0
08-13 16:19:50.121  2742  2742 I HoneySpace.RectFAnimation: animateToFinalPosition RectF(464.70218, 1805.4429, 615.29785, 1955.7878)
08-13 16:19:50.130  2742  4754 I VRI[LauncherActivity]@3489192: mWNT: t=0xb40000760937fc10 mBlastBufferQueue=0xb4000075190eebd0 fn= 45 HdrRenderState mRenderHdrSdrRatio=1.0 caller= com.android.systemui.shared.launcher.ViewRootImplCompat.mergeWithNextTransaction:4 com.honeyspace.transition.utils.SurfaceTransactionApplier.scheduleApply$lambda$1:26 com.honeyspace.transition.utils.SurfaceTransactionApplier.b:0
08-13 16:19:50.130  2742  2742 I HoneySpace.RectFAnimation: animateToFinalPosition RectF(464.70218, 1805.0985, 615.29785, 1955.4435)
08-13 16:19:50.130  2742  2742 I HoneySpace.RectFAnimation: animateToFinalPosition RectF(464.753, 1805.123, 615.247, 1955.4089)
08-13 16:19:50.137  2742  2742 I HoneySpace.RectFAnimation: animateToFinalPosition RectF(464.753, 1804.7598, 615.247, 1955.0457)
08-13 16:19:50.137  2742  4755 I VRI[LauncherActivity]@3489192: mWNT: t=0xb4000076092c6cd0 mBlastBufferQueue=0xb4000075190eebd0 fn= 46 HdrRenderState mRenderHdrSdrRatio=1.0 caller= com.android.systemui.shared.launcher.ViewRootImplCompat.mergeWithNextTransaction:4 com.honeyspace.transition.utils.SurfaceTransactionApplier.scheduleApply$lambda$1:26 com.honeyspace.transition.utils.SurfaceTransactionApplier.b:0
08-13 16:19:50.137  2742  2742 I HoneySpace.RectFAnimation: animateToFinalPosition RectF(464.7963, 1804.7806, 615.20374, 1955.0165)
08-13 16:19:50.145  5400  5490 I Finsky  : [84] Already at the latest configurations for experiment package com.google.android.finsky.regular.
08-13 16:19:50.147  5400  5490 I Finsky  : [84] Triggered update for experiment package com.google.android.finsky.regular.
08-13 16:19:50.147  2742  2742 I HoneySpace.RectFAnimation: animateToFinalPosition RectF(464.7963, 1804.3566, 615.20374, 1954.5924)
08-13 16:19:50.147  2742  2742 I HoneySpace.RectFAnimation: animateToFinalPosition RectF(464.83728, 1804.3762, 615.1627, 1954.5647)
08-13 16:19:50.147  2742  4754 I VRI[LauncherActivity]@3489192: mWNT: t=0xb40000760935b1d0 mBlastBufferQueue=0xb4000075190eebd0 fn= 47 HdrRenderState mRenderHdrSdrRatio=1.0 caller= com.android.systemui.shared.launcher.ViewRootImplCompat.mergeWithNextTransaction:4 com.honeyspace.transition.utils.SurfaceTransactionApplier.scheduleApply$lambda$1:26 com.honeyspace.transition.utils.SurfaceTransactionApplier.b:0
08-13 16:19:50.154  1282  6068 D SemInputDeviceManager: setProperty: (0) CMD,GRIP_DATA,1,45,7,24,702
08-13 16:19:50.155  1282  1692 D SemInputDevice:TSP: SetPropertyTask: CMD,set_grip_data,1,45,7,24,702 [08-13 16:19:50.154]
08-13 16:19:50.156  2742  2742 I HoneySpace.RectFAnimation: animateToFinalPosition RectF(464.83728, 1803.9426, 615.1627, 1954.1311)
08-13 16:19:50.156  2742  2742 I HoneySpace.RectFAnimation: animateToFinalPosition RectF(465.0, 1804.0211, 615.0, 1954.0211)
08-13 16:19:50.156  2742  4755 I VRI[LauncherActivity]@3489192: mWNT: t=0xb400007609361590 mBlastBufferQueue=0xb4000075190eebd0 fn= 48 HdrRenderState mRenderHdrSdrRatio=1.0 caller= com.android.systemui.shared.launcher.ViewRootImplCompat.mergeWithNextTransaction:4 com.honeyspace.transition.utils.SurfaceTransactionApplier.scheduleApply$lambda$1:26 com.honeyspace.transition.utils.SurfaceTransactionApplier.b:0
08-13 16:19:50.164  1072  1072 I sysinput:Touch: writeInformation:249, OK
08-13 16:19:50.165  1282  1692 D SysinputHAL_V1_3(V1_2): runTspCmdNoRead(TSP(1)): set_grip_data,1,45,7,24,702 ret=0
08-13 16:19:50.166  2742  2742 I HoneySpace.RectFAnimation: animateToFinalPosition RectF(465.0, 1803.5355, 615.0, 1953.5355)
08-13 16:19:50.166  2742  4754 I VRI[LauncherActivity]@3489192: mWNT: t=0xb4000076093a2dd0 mBlastBufferQueue=0xb4000075190eebd0 fn= 49 HdrRenderState mRenderHdrSdrRatio=1.0 caller= com.android.systemui.shared.launcher.ViewRootImplCompat.mergeWithNextTransaction:4 com.honeyspace.transition.utils.SurfaceTransactionApplier.scheduleApply$lambda$1:26 com.honeyspace.transition.utils.SurfaceTransactionApplier.b:0
08-13 16:19:50.175  2742  4755 I VRI[LauncherActivity]@3489192: mWNT: t=0xb4000076092fcd50 mBlastBufferQueue=0xb4000075190eebd0 fn= 50 HdrRenderState mRenderHdrSdrRatio=1.0 caller= com.android.systemui.shared.launcher.ViewRootImplCompat.mergeWithNextTransaction:4 com.honeyspace.transition.utils.SurfaceTransactionApplier.scheduleApply$lambda$1:26 com.honeyspace.transition.utils.SurfaceTransactionApplier.b:0
08-13 16:19:50.175  2742  2742 I HoneySpace.RectFAnimation: animateToFinalPosition RectF(465.0, 1803.1005, 615.0, 1953.1005)
08-13 16:19:50.187  2742  2742 I HoneySpace.RectFAnimation: animateToFinalPosition RectF(465.0, 1802.4841, 615.0, 1952.4841)
08-13 16:19:50.187  2742  4754 I VRI[LauncherActivity]@3489192: mWNT: t=0xb40000760932ca10 mBlastBufferQueue=0xb4000075190eebd0 fn= 51 HdrRenderState mRenderHdrSdrRatio=1.0 caller= com.android.systemui.shared.launcher.ViewRootImplCompat.mergeWithNextTransaction:4 com.honeyspace.transition.utils.SurfaceTransactionApplier.scheduleApply$lambda$1:26 com.honeyspace.transition.utils.SurfaceTransactionApplier.b:0
08-13 16:19:50.192  1111  1111 E SurfaceFlinger: alpha changed 0.000 -> 0.000 - Surface(name=Task=2223)/@0x35bd516_transition-leash#233648
08-13 16:19:50.192  5400  5490 I Finsky  : [84] Already at the latest configurations for experiment package com.google.android.finsky.regular.
08-13 16:19:50.195  2742  2742 I HoneySpace.RectFAnimation: animateToFinalPosition RectF(465.0, 1802.1613, 615.0, 1952.1613)
08-13 16:19:50.195  2742  4755 I VRI[LauncherActivity]@3489192: mWNT: t=0xb4000076092c4490 mBlastBufferQueue=0xb4000075190eebd0 fn= 52 HdrRenderState mRenderHdrSdrRatio=1.0 caller= com.android.systemui.shared.launcher.ViewRootImplCompat.mergeWithNextTransaction:4 com.honeyspace.transition.utils.SurfaceTransactionApplier.scheduleApply$lambda$1:26 com.honeyspace.transition.utils.SurfaceTransactionApplier.b:0
08-13 16:19:50.200  1111  1111 D SurfaceFlinger: Display 4633128672291735932 HWC layers:
08-13 16:19:50.200  1111  1111 D SurfaceFlinger:        DEVICE |   0xb4000079e28c6110 | 0000 | RGBA_8888    |    2.0    5.0 1078.0 2335.0 |    0    0 1080 2340 | Wallpaper BBQ wrapper 5_system#82 (19)
08-13 16:19:50.200  1111  1111 D SurfaceFlinger:        DEVICE |   0xb4000079e292ef50 | 0001 | RGBA_8888    |    0.0    0.0 1080.0 2340.0 |    0    0 1080 2340 | com.sec.android.app.launcher/com.sec[...]vities.LauncherActivity$_2742#233643 (49)
08-13 16:19:50.200  1111  1111 D SurfaceFlinger:        DEVICE |   0xb4000079e28be850 | 0001 | RGBA_8888    |    0.0    0.0 1080.0   80.0 |    0    0 1080   80 | StatusBar$_2127#106 (79417)
08-13 16:19:50.200  1111  1111 D SurfaceFlinger:        DEVICE |   0xb4000079e29075d0 | 0001 | RGBA_8888    |    0.0    0.0 1080.0  135.0 |    0 2205 1080 2340 | NavigationBar0$_2127#101 (129814)
08-13 16:19:50.200  1111  1111 D SurfaceFlinger:        DEVICE |   0xb4000079e289e790 | 0001 | RGBA_8888    |    0.0  249.0 1034.0  827.0 |   46    0 1080  578 | $_4855#233489 (384)
08-13 16:19:50.200  1111  1111 D SurfaceFlinger:
08-13 16:19:50.206  2742  2742 I HoneySpace.RectFAnimation: animateToFinalPosition RectF(465.0, 1801.6703, 615.0, 1951.6703)
08-13 16:19:50.206  2742  4754 I VRI[LauncherActivity]@3489192: mWNT: t=0xb400007609351d10 mBlastBufferQueue=0xb4000075190eebd0 fn= 53 HdrRenderState mRenderHdrSdrRatio=1.0 caller= com.android.systemui.shared.launcher.ViewRootImplCompat.mergeWithNextTransaction:4 com.honeyspace.transition.utils.SurfaceTransactionApplier.scheduleApply$lambda$1:26 com.honeyspace.transition.utils.SurfaceTransactionApplier.b:0
08-13 16:19:50.221  2742  4755 I VRI[LauncherActivity]@3489192: mWNT: t=0xb400007609326650 mBlastBufferQueue=0xb4000075190eebd0 fn= 54 HdrRenderState mRenderHdrSdrRatio=1.0 caller= com.android.systemui.shared.launcher.ViewRootImplCompat.mergeWithNextTransaction:4 com.honeyspace.transition.utils.SurfaceTransactionApplier.scheduleApply$lambda$1:26 com.honeyspace.transition.utils.SurfaceTransactionApplier.b:0
08-13 16:19:50.221  2742  2742 I HoneySpace.RectFAnimation: animateToFinalPosition RectF(465.0, 1800.9983, 615.0, 1950.9983)
08-13 16:19:50.225  2742  2742 I HoneySpace.RectFAnimation: animateToFinalPosition RectF(465.0, 1800.839, 615.0, 1950.839)
08-13 16:19:50.226  2742  4754 I VRI[LauncherActivity]@3489192: mWNT: t=0xb400007609282e10 mBlastBufferQueue=0xb4000075190eebd0 fn= 55 HdrRenderState mRenderHdrSdrRatio=1.0 caller= com.android.systemui.shared.launcher.ViewRootImplCompat.mergeWithNextTransaction:4 com.honeyspace.transition.utils.SurfaceTransactionApplier.scheduleApply$lambda$1:26 com.honeyspace.transition.utils.SurfaceTransactionApplier.b:0
08-13 16:19:50.231  2742  4755 I VRI[LauncherActivity]@3489192: mWNT: t=0xb4000076092f4310 mBlastBufferQueue=0xb4000075190eebd0 fn= 56 HdrRenderState mRenderHdrSdrRatio=1.0 caller= com.android.systemui.shared.launcher.ViewRootImplCompat.mergeWithNextTransaction:4 com.honeyspace.transition.utils.SurfaceTransactionApplier.scheduleApply$lambda$1:26 com.honeyspace.transition.utils.SurfaceTransactionApplier.b:0
08-13 16:19:50.233  2742  2742 I HoneySpace.RectFAnimation: animateToFinalPosition RectF(465.0, 1800.5688, 615.0, 1950.5688)
08-13 16:19:50.241  4917  4917 I InputMethodService: removeImeSurface
08-13 16:19:50.241  4917  4917 I InputMethodService: cancelImeSurfaceRemoval: removeCallbacks
08-13 16:19:50.248  2742  2742 I HoneySpace.RectFAnimation: animateToFinalPosition RectF(465.0, 1800.0288, 615.0, 1950.0288)
08-13 16:19:50.248  2742  4754 I VRI[LauncherActivity]@3489192: mWNT: t=0xb400007609363890 mBlastBufferQueue=0xb4000075190eebd0 fn= 57 HdrRenderState mRenderHdrSdrRatio=1.0 caller= com.android.systemui.shared.launcher.ViewRootImplCompat.mergeWithNextTransaction:4 com.honeyspace.transition.utils.SurfaceTransactionApplier.scheduleApply$lambda$1:26 com.honeyspace.transition.utils.SurfaceTransactionApplier.b:0
08-13 16:19:50.253  2742  2742 I HoneySpace.RectFAnimation: animateToFinalPosition RectF(465.0, 1799.8279, 615.0, 1949.8279)
08-13 16:19:50.254  2742  4755 I VRI[LauncherActivity]@3489192: mWNT: t=0xb4000076092bbf90 mBlastBufferQueue=0xb4000075190eebd0 fn= 58 HdrRenderState mRenderHdrSdrRatio=1.0 caller= com.android.systemui.shared.launcher.ViewRootImplCompat.mergeWithNextTransaction:4 com.honeyspace.transition.utils.SurfaceTransactionApplier.scheduleApply$lambda$1:26 com.honeyspace.transition.utils.SurfaceTransactionApplier.b:0
08-13 16:19:50.258  2742  2742 I HoneySpace.RectFAnimation: animateToFinalPosition RectF(465.0, 1799.6987, 615.0, 1949.6987)
08-13 16:19:50.258  2742  4754 I VRI[LauncherActivity]@3489192: mWNT: t=0xb4000076092ff050 mBlastBufferQueue=0xb4000075190eebd0 fn= 59 HdrRenderState mRenderHdrSdrRatio=1.0 caller= com.android.systemui.shared.launcher.ViewRootImplCompat.mergeWithNextTransaction:4 com.honeyspace.transition.utils.SurfaceTransactionApplier.scheduleApply$lambda$1:26 com.honeyspace.transition.utils.SurfaceTransactionApplier.b:0
08-13 16:19:50.265  2742  4755 I VRI[LauncherActivity]@3489192: mWNT: t=0xb4000076092dcc90 mBlastBufferQueue=0xb4000075190eebd0 fn= 60 HdrRenderState mRenderHdrSdrRatio=1.0 caller= com.android.systemui.shared.launcher.ViewRootImplCompat.mergeWithNextTransaction:4 com.honeyspace.transition.utils.SurfaceTransactionApplier.scheduleApply$lambda$1:26 com.honeyspace.transition.utils.SurfaceTransactionApplier.b:0
08-13 16:19:50.266  2742  2742 I HoneySpace.RectFAnimation: animateToFinalPosition RectF(465.0, 1799.4519, 615.0, 1949.4519)
08-13 16:19:50.274  2742  4754 I VRI[LauncherActivity]@3489192: mWNT: t=0xb400007609362e10 mBlastBufferQueue=0xb4000075190eebd0 fn= 61 HdrRenderState mRenderHdrSdrRatio=1.0 caller= com.android.systemui.shared.launcher.ViewRootImplCompat.mergeWithNextTransaction:4 com.honeyspace.transition.utils.SurfaceTransactionApplier.scheduleApply$lambda$1:26 com.honeyspace.transition.utils.SurfaceTransactionApplier.b:0
08-13 16:19:50.275  2742  2742 I HoneySpace.RectFAnimation: animateToFinalPosition RectF(465.0, 1799.1923, 615.0, 1949.1923)
08-13 16:19:50.277  1282  1941 D InetDiagMessage: Destroyed 0 sockets, proto=IPPROTO_TCP, family=AF_INET, states=14
08-13 16:19:50.279  1282  1941 D InetDiagMessage: Destroyed 0 sockets, proto=IPPROTO_TCP, family=AF_INET6, states=14
08-13 16:19:50.279  1282  1941 D InetDiagMessage: Destroyed live tcp sockets for uids={10210} in 3ms
08-13 16:19:50.280  1282  1941 D InetDiagMessage: Destroyed 0 sockets, proto=IPPROTO_TCP, family=AF_INET, states=14
08-13 16:19:50.281  1282  1941 D InetDiagMessage: Destroyed 0 sockets, proto=IPPROTO_TCP, family=AF_INET6, states=14
08-13 16:19:50.281  1282  1941 D InetDiagMessage: Destroyed live tcp sockets for uids={20210} in 2ms
08-13 16:19:50.286  2742  2742 I HoneySpace.RectFAnimation: animateToFinalPosition RectF(465.0, 1798.9004, 615.0, 1948.9004)
08-13 16:19:50.286  2742  4755 I VRI[LauncherActivity]@3489192: mWNT: t=0xb400007609399ad0 mBlastBufferQueue=0xb4000075190eebd0 fn= 62 HdrRenderState mRenderHdrSdrRatio=1.0 caller= com.android.systemui.shared.launcher.ViewRootImplCompat.mergeWithNextTransaction:4 com.honeyspace.transition.utils.SurfaceTransactionApplier.scheduleApply$lambda$1:26 com.honeyspace.transition.utils.SurfaceTransactionApplier.b:0
08-13 16:19:50.292  2742  4754 I VRI[LauncherActivity]@3489192: mWNT: t=0xb4000076092f9550 mBlastBufferQueue=0xb4000075190eebd0 fn= 63 HdrRenderState mRenderHdrSdrRatio=1.0 caller= com.android.systemui.shared.launcher.ViewRootImplCompat.mergeWithNextTransaction:4 com.honeyspace.transition.utils.SurfaceTransactionApplier.scheduleApply$lambda$1:26 com.honeyspace.transition.utils.SurfaceTransactionApplier.b:0
08-13 16:19:50.292  2742  2742 I HoneySpace.RectFAnimation: animateToFinalPosition RectF(465.0, 1798.7289, 615.0, 1948.7289)
08-13 16:19:50.296  1062  6049 I HYPER-HAL: [RequestManager.cpp]releaseLocked(): Released ID : 857422
08-13 16:19:50.301  2742  2742 I HoneySpace.RectFAnimation: animateToFinalPosition RectF(465.0, 1798.524, 615.0, 1948.524)
08-13 16:19:50.301  2742  4755 I VRI[LauncherActivity]@3489192: mWNT: t=0xb4000076092b0990 mBlastBufferQueue=0xb4000075190eebd0 fn= 64 HdrRenderState mRenderHdrSdrRatio=1.0 caller= com.android.systemui.shared.launcher.ViewRootImplCompat.mergeWithNextTransaction:4 com.honeyspace.transition.utils.SurfaceTransactionApplier.scheduleApply$lambda$1:26 com.honeyspace.transition.utils.SurfaceTransactionApplier.b:0
08-13 16:19:50.309  2742  4754 I VRI[LauncherActivity]@3489192: mWNT: t=0xb40000760932c150 mBlastBufferQueue=0xb4000075190eebd0 fn= 65 HdrRenderState mRenderHdrSdrRatio=1.0 caller= com.android.systemui.shared.launcher.ViewRootImplCompat.mergeWithNextTransaction:4 com.honeyspace.transition.utils.SurfaceTransactionApplier.scheduleApply$lambda$1:26 com.honeyspace.transition.utils.SurfaceTransactionApplier.b:0
08-13 16:19:50.309  2742  2742 I HoneySpace.RectFAnimation: animateToFinalPosition RectF(465.0, 1798.3765, 615.0, 1948.3765)
08-13 16:19:50.310  2742  2742 I HoneySpace.FloatingAnimator: [Player:A(49.606)] spring set end called
08-13 16:19:50.310  2742  2742 I HoneySpace.FloatingAnimator: [Player:A(49.606)] reset
08-13 16:19:50.310  2742  2742 I HoneySpace.FloatingAnimator: playerCount : 0
08-13 16:19:50.310  2742  2742 I HoneySpace.FloatingFinishHelper: finishInProgress: true
08-13 16:19:50.310  2742  2742 I HoneySpace.AppCloseAnimationDelegate: animatorSet end
08-13 16:19:50.310  2742  2742 I HoneySpace.DeJankUtils: postAfterTraversal is called com.honeyspace.common.performance.JankWrapper$addCujInstrumentation$1$4$1@e9d6091, immediate : true detail : app transition end
08-13 16:19:50.310  2742  2742 I HoneySpace.AnimationResult: finish, false
08-13 16:19:50.310  4855  4855 I [SC_ScreenRecorder]_FloatingButtonView: 00:00:17
08-13 16:19:50.311  2742  2742 I HoneySpace.RunnableList: executeAllAndClear() called, size: 1
08-13 16:19:50.311  2742  2742 I HoneySpace.FloatingFinishHelper: isAppShow reset, immediate
08-13 16:19:50.311  2742  2742 I HoneySpace.WallpaperAnimator: destroyWallpaperSurface Surface(name=Surface(name=RemoteWallpaperAnim:1:1)/@0xcc52fc5 - animation-leash of remote_wallpaper)/@0xc4c3a57
08-13 16:19:50.311  2742  2742 I HoneySpace.WallpaperAnimator: wallpaper animation end [210078020]
08-13 16:19:50.312  2742 10793 I HoneySpace.AnimationResult: asyncFinishRunnable run
08-13 16:19:50.314  2127  2303 I SurfaceControlRegistry: apply, t=FinishTransaction_SyncId<20532>, caller=android.view.SurfaceControl$Transaction.apply:3135 android.view.SurfaceControl$Transaction.apply:3122 android.view.SurfaceControl$Transaction.apply:3078 com.android.wm.shell.transition.Transitions.onFinish:308 com.android.wm.shell.transition.Transitions$$ExternalSyntheticLambda8.onTransitionFinished:10 com.android.wm.shell.transition.RemoteTransitionHandler$1$$ExternalSyntheticLambda0.run:78
08-13 16:19:50.314  1111  1111 I SurfaceFlinger: Layer [Task=2223#233618] hidden!! flag(1)
08-13 16:19:50.314  1111  1111 I SurfaceFlinger: [LayerHierarchy{RequestedLayerState{Task=1#52 parentId=11} 2 children}] reparent to LayerHierarchy{RequestedLayerState{DefaultTaskDisplayArea_d0#11 parentId=10} 9 children}
08-13 16:19:50.314  1111  1111 I SurfaceFlinger: [LayerHierarchy{RequestedLayerState{WallpaperWindowToken{b638ffb token=android.os.Binder@64ddd8a}#74 parentId=9 z=1} 1 children}] reparent to LayerHierarchy{RequestedLayerState{Leaf:1:1#9 parentId=8} 2 children}
08-13 16:19:50.314  1111  1111 I SurfaceFlinger: [LayerHierarchy{RequestedLayerState{Task=2223#233618 parentId=11 z=3} 1 children}] reparent to LayerHierarchy{RequestedLayerState{DefaultTaskDisplayArea_d0#11 parentId=10} 10 children}
08-13 16:19:50.314  1111  1111 I SurfaceFlinger: [LayerHierarchy{RequestedLayerState{Transition Root: Task=1#233646} 2 children}] reparent to OffscreenRoot
08-13 16:19:50.314  1111  1111 I SurfaceFlinger: [LayerHierarchy{RequestedLayerState{Transition Root: Task=1#233646} 2 children}] RelativeParent to null
08-13 16:19:50.316  2742  5546 I HoneySpace.WallpaperAnimator: onAnimationCancelled
08-13 16:19:50.318  1111  1163 I SurfaceFlinger: id=233640 Removed Splash Screen com.example.cupcake.test$_2127#233640 (174)
08-13 16:19:50.318  1111  1163 I SurfaceFlinger: id=233635 Removed f658007 Splash Screen com.example.cupcake.test#233635 (174)
08-13 16:19:50.321  2742  2742 I HoneySpace.AnimationResult: completeCallback run
08-13 16:19:50.322  2742  2742 I HoneySpace.RectFAnimation: animateToFinalPosition RectF(465.0, 1798.1285, 615.0, 1948.1285)
08-13 16:19:50.322  2742  4755 I VRI[LauncherActivity]@3489192: mWNT: t=0xb400007609397ed0 mBlastBufferQueue=0xb4000075190eebd0 fn= 66 HdrRenderState mRenderHdrSdrRatio=1.0 caller= com.android.systemui.shared.launcher.ViewRootImplCompat.mergeWithNextTransaction:4 com.honeyspace.transition.utils.SurfaceTransactionApplier.scheduleApply$lambda$1:26 com.honeyspace.transition.utils.SurfaceTransactionApplier.b:0
08-13 16:19:50.322  2742  2742 I HoneySpace.DeJankUtils: traversals callback's received
08-13 16:19:50.322  2742  2742 I HoneySpace.DeJankUtils: doActionRunnable is called com.honeyspace.common.performance.JankWrapper$addCujInstrumentation$1$4$1@e9d6091, immediate = true, detail : app transition end
08-13 16:19:50.322  2742  2742 I HoneySpace.AppTransitionAnimationAwait: proceed 1
08-13 16:19:50.322  2742  2742 I HoneySpace.FloatingFinishHelper: finishInProgress: false
08-13 16:19:50.323  2742  2742 I HoneySpace.Launcher: onEnterAnimationComplete
08-13 16:19:50.324  5596  5596 I VRI[ComponentActivity]@964f64c: handleAppVisibility mAppVisible = true visible = false
08-13 16:19:50.324  5596  5596 D VRI[ComponentActivity]@964f64c: visibilityChanged oldVisibility=true newVisibility=false
08-13 16:19:50.325  2742  2742 I HoneySpace.RectFAnimation: animateToFinalPosition RectF(465.0, 1798.0759, 615.0, 1948.0759)
08-13 16:19:50.326  5736  5736 I VRI[InstrumentationActivityInvoker$EmptyActivity]@2b9c58c: stopped(true) old = false
08-13 16:19:50.326  2127  2127 D SystemUIService: SYSUI_RAM_OPTIMIZATION onTrimMemory=20
08-13 16:19:50.326  2127  2127 D CentralSurfaces: SYSUI_RAM_OPTIMIZATION onTrimMemory=20
08-13 16:19:50.326  5736  5736 D VRI[InstrumentationActivityInvoker$EmptyActivity]@2b9c58c: WindowStopped on com.example.cupcake.test/androidx.test.core.app.InstrumentationActivityInvoker$EmptyActivity set to true
08-13 16:19:50.327  1111  1111 I SurfaceFlinger: destroyed f658007 Splash Screen com.example.cupcake.test#233635
08-13 16:19:50.327  1111  1111 I SurfaceFlinger: destroyed Splash Screen com.example.cupcake.test$_2127#233640
08-13 16:19:50.327  1111  1111 I SurfaceFlinger: [LayerHierarchy{RequestedLayerState{Transition Root: Task=1#233646} 2 children}] reparent to OffscreenRoot
08-13 16:19:50.327  1111  1111 I SurfaceFlinger: [LayerHierarchy{RequestedLayerState{Transition Root: Task=1#233646} 2 children}] RelativeParent to null
08-13 16:19:50.328  5736  5756 D HWUI    : CacheManager::trimMemory(20)
08-13 16:19:50.328  1111  1111 I Layer   : id=233635 Destroyed f658007 Splash Screen com.example.cupcake.test#233635
08-13 16:19:50.328  1111  1111 I Layer   : id=233640 Destroyed Splash Screen com.example.cupcake.test$_2127#233640
08-13 16:19:50.328  1111  1111 I SurfaceFlinger: id=233646 Removed Transition Root: Task=1#233646 (172)
08-13 16:19:50.331  2127  2390 D HWUI    : CacheManager::trimMemory(20)
08-13 16:19:50.335  2742  2742 I HoneySpace.RectFAnimation: animateToFinalPosition RectF(465.0, 1797.897, 615.0, 1947.897)
08-13 16:19:50.340  5736  5736 W WindowOnBackDispatcher: sendCancelIfRunning: isInProgress=false callback=android.view.ViewRootImpl$$ExternalSyntheticLambda15@703ae78
08-13 16:19:50.341  1111  1111 I SurfaceFlinger: Layer [com.example.cupcake/androidx.activity.ComponentActivity$_5596#233626] hidden!! flag(1)
08-13 16:19:50.341  1111  1111 I SurfaceFlinger: Layer [com.example.cupcake.test/androidx.te[...]tyInvoker$EmptyActivity$_5736#233637] hidden!! flag(1)
08-13 16:19:50.341  1111  1111 I SurfaceFlinger: Layer [ActivityRecord{af9273 u0 com.example[...]vity.ComponentActivity t2223}#233619] hidden!! flag(1)
08-13 16:19:50.341  1111  1111 I SurfaceFlinger: destroyed Transition Root: Task=1#233646
08-13 16:19:50.341  1111  1111 I SurfaceFlinger: [LayerHierarchy{RequestedLayerState{RemoteWallpaperAnim:1:1#7 parentId=4 z=1} 1 children}] reparent to LayerHierarchy{RequestedLayerState{OneHanded:0:14#4 parentId=3} 5 children}
08-13 16:19:50.341  1111  1111 I SurfaceFlinger: [LayerHierarchy{RequestedLayerState{Surface(name=RemoteWallpaperAnim:1:1)/@0xcc52fc5 - animation-leash of remote_wallpaper#233649} no children}] reparent to OffscreenRoot
08-13 16:19:50.341  1111  1111 I SurfaceFlinger: [LayerHierarchy{RequestedLayerState{Surface(name=RemoteWallpaperAnim:1:1)/@0xcc52fc5 - animation-leash of remote_wallpaper#233649} no children}] RelativeParent to null
08-13 16:19:50.342  2742  2742 I HoneySpace.RectFAnimation: animateToFinalPosition RectF(465.0, 1797.8082, 615.0, 1947.8082)
08-13 16:19:50.344  5596  5687 D HWUI    : CacheManager::trimMemory(20)
08-13 16:19:50.344  1111  1111 I Layer   : id=233646 Destroyed Transition Root: Task=1#233646
08-13 16:19:50.345  1111  1111 I SurfaceFlinger: id=233649 Removed Surface(name=RemoteWallpaperAnim:1:1)/@0xcc52fc5 - animation-leash of remote_wallpaper#233649 (171)
08-13 16:19:50.347  1282  1444 D PkgPredictorService-SecIpmManagerServiceImpl: bg information pid:5596 uid:10418 pkgName:com.example.cupcake
08-13 16:19:50.347  1282  1444 D PkgPredictorService-SecIpmManagerServiceImpl: bg information pid:5736 uid:10419 pkgName:com.example.cupcake.test
08-13 16:19:50.349  1282  4371 V WindowManager: Relayout Window{f3ff9f9 u0 com.example.cupcake/androidx.activity.ComponentActivity}: viewVisibility=8 req=1080x2340 ty=1 d0
08-13 16:19:50.351  2742  2742 I HoneySpace.RectFAnimation: animateToFinalPosition RectF(465.0, 1797.0, 615.0, 1947.0)
08-13 16:19:50.352  2742  2742 I HoneySpace.SpringAnimPlayer: [Player:A(49.606)] spring onAnimationEnd
08-13 16:19:50.355  1282  4371 V WindowManager: Relayout hash=f3ff9f9, pid=5596, syncId=-1: mAttrs={(0,0)(fillxfill) sim={adjust=pan forwardNavigation} layoutInDisplayCutoutMode=always ty=BASE_APPLICATION wanim=0x1030312
08-13 16:19:50.355  1282  4371 V WindowManager:   fl=81810100
08-13 16:19:50.355  1282  4371 V WindowManager:   pfl=100088c0
08-13 16:19:50.355  1282  4371 V WindowManager:   apr=210
08-13 16:19:50.355  1282  4371 V WindowManager:   bhv=1
08-13 16:19:50.355  1282  4371 V WindowManager:   fitSides=0
08-13 16:19:50.355  1282  4371 V WindowManager:   frameRateBoostOnTouch=true
08-13 16:19:50.355  1282  4371 V WindowManager:   dvrrWindowFrameRateHint=true naviIconColor=0}
08-13 16:19:50.356  1111  1111 I SurfaceFlinger: destroyed Surface(name=RemoteWallpaperAnim:1:1)/@0xcc52fc5 - animation-leash of remote_wallpaper#233649
08-13 16:19:50.358  1111  1111 I Layer   : id=233649 Destroyed Surface(name=RemoteWallpaperAnim:1:1)/@0xcc52fc5 - animation-leash of remote_wallpaper#233649
08-13 16:19:50.364  2742 28910 I HoneySpace.RecentTasks: onRecentTasksChanged
08-13 16:19:50.370  1111  1732 I SurfaceFlinger: id=233648 Removed Surface(name=Task=2223)/@0x35bd516_transition-leash#233648 (170)
08-13 16:19:50.370  1111  1732 I SurfaceFlinger: id=233647 Removed Surface(name=Task=1)/@0x55706d8_transition-leash#233647 (170)
08-13 16:19:50.372  5596  5596 I VRI[ComponentActivity]@964f64c: Relayout returned: old=(0,0,1080,2340) new=(0,0,1080,2340) relayoutAsync=false req=(1080,2340)8 dur=11 res=0x2 s={false 0x0} ch=true seqId=0
08-13 16:19:50.372  5736  5756 D HWUI    : CacheManager::trimMemory(20)
08-13 16:19:50.373  5596  5596 D VRI[ComponentActivity]@964f64c: Not drawing due to not visible. Reason=!mAppVisible && !mForceDecorViewVisibility
08-13 16:19:50.377  5736  5736 I VRI[InstrumentationActivityInvoker$EmptyActivity]@2b9c58c: dispatchDetachedFromWindow
08-13 16:19:50.381  5596  5596 I VRI[ComponentActivity]@964f64c: stopped(true) old = false
08-13 16:19:50.381  5596  5596 D VRI[ComponentActivity]@964f64c: WindowStopped on com.example.cupcake/androidx.activity.ComponentActivity set to true
08-13 16:19:50.381  5596  5687 D HWUI    : CacheManager::trimMemory(20)
08-13 16:19:50.382  1111  1111 I SurfaceFlinger: destroyed Surface(name=Task=1)/@0x55706d8_transition-leash#233647
08-13 16:19:50.382  1111  1111 I SurfaceFlinger: destroyed Surface(name=Task=2223)/@0x35bd516_transition-leash#233648
08-13 16:19:50.383  1282  3179 D InputTransport: Input channel destroyed: '82f3c0b', fd=932
08-13 16:19:50.383  1282  3179 W InputManager-JNI: Input channel object '82f3c0b com.example.cupcake.test/androidx.test.core.app.InstrumentationActivityInvoker$EmptyActivity (client)' was disposed without first being removed with the input manager!
08-13 16:19:50.383  1282  3179 D InputTransport: Input channel destroyed: '82f3c0b', fd=1018
08-13 16:19:50.384  1111  1111 I Layer   : id=233648 Destroyed Surface(name=Task=2223)/@0x35bd516_transition-leash#233648
08-13 16:19:50.384  1111  1111 I Layer   : id=233647 Destroyed Surface(name=Task=1)/@0x55706d8_transition-leash#233647
08-13 16:19:50.385  2742  2742 I HoneySpace.RectFAnimation: animation ended
08-13 16:19:50.385  2742  2742 I HoneySpace.SpringAnimPlayer: [Player:A(49.606)] floating spring animator end
08-13 16:19:50.388  5736  5736 D InputTransport: Input channel destroyed: '82f3c0b', fd=125
08-13 16:19:50.392  1111  1111 I SurfaceFlinger: [LayerHierarchy{RequestedLayerState{82f3c0b com.example.cupcake.test/androidx.test.core.app.InstrumentationActivityInvoker$EmptyActivity#233636} 1 children}] reparent to OffscreenRoot
08-13 16:19:50.392  1111  1111 I SurfaceFlinger: [LayerHierarchy{RequestedLayerState{82f3c0b com.example.cupcake.test/androidx.test.core.app.InstrumentationActivityInvoker$EmptyActivity#233636} 1 children}] RelativeParent to null
08-13 16:19:50.392  1111  1111 I SurfaceFlinger: [LayerHierarchy{RequestedLayerState{com.example.cupcake.test/androidx.test.core.app.InstrumentationActivityInvoker$EmptyActivity$_5736#233637} no children}] reparent to OffscreenRoot
08-13 16:19:50.392  1111  1111 I SurfaceFlinger: [LayerHierarchy{RequestedLayerState{com.example.cupcake.test/androidx.test.core.app.InstrumentationActivityInvoker$EmptyActivity$_5736#233637} no children}] RelativeParent to null
08-13 16:19:50.394  1111  1111 I SurfaceFlinger: id=233636 Removed 82f3c0b com.example.cupcake.test/androidx.test.core.app.InstrumentationActivityInvoker$EmptyActivity#233636 (168)
08-13 16:19:50.394  1111  1111 I SurfaceFlinger: id=233637 Removed com.example.cupcake.test/androidx.test.core.app.InstrumentationActivityInvoker$EmptyActivity$_5736#233637 (168)
08-13 16:19:50.397  1111  1730 I SurfaceFlinger: id=233652 createSurf, flag=24004, Task=2224#233652
08-13 16:19:50.401  5736  5756 D HWUI    : CacheManager::trimMemory(40)
08-13 16:19:50.402  2742 28910 I HoneySpace.HistoryViewModel@160600677@OneUI: Illegal access. Unknown type. skip load history items
08-13 16:19:50.402  1111  1111 I SurfaceFlinger: destroyed 82f3c0b com.example.cupcake.test/androidx.test.core.app.InstrumentationActivityInvoker$EmptyActivity#233636
08-13 16:19:50.402  1111  1111 I SurfaceFlinger: destroyed com.example.cupcake.test/androidx.test.core.app.InstrumentationActivityInvoker$EmptyActivity$_5736#233637
08-13 16:19:50.402  1111  1111 I SurfaceFlinger: [Task=2224#233652] attach to parent Root
08-13 16:19:50.403  1111  1111 I Layer   : id=233637 Destroyed com.example.cupcake.test/androidx.test.core.app.InstrumentationActivityInvoker$EmptyActivity$_5736#233637
08-13 16:19:50.404  1111  1111 I Layer   : id=233636 Destroyed 82f3c0b com.example.cupcake.test/androidx.test.core.app.InstrumentationActivityInvoker$EmptyActivity#233636
08-13 16:19:50.405  5596  5596 D LifecycleMonitor: Lifecycle status change: androidx.activity.ComponentActivity@2693a1 in: STOPPED
08-13 16:19:50.405  5596  5596 V ActivityScenario: Update currentActivityStage to STOPPED, currentActivity=androidx.activity.ComponentActivity@2693a1
08-13 16:19:50.414  2742  1823 I HoneySpace.RecentTasks: onRecentTasksChanged
08-13 16:19:50.422  2742  2742 I HoneySpace.TaskListViewModel: onTaskRemoved : 2224
08-13 16:19:50.422  2742  2742 I HoneySpace.TaskListViewModel: onTaskRemoved : 2224
08-13 16:19:50.422  2742  2742 I HoneySpace.TaskListPot: taskRemoveId, taskId = 2224
08-13 16:19:50.422  2742  2742 I HoneySpace.StackRecentsView: INVALID_TASK_POSITION 2224
08-13 16:19:50.422  2742  2742 I HoneySpace.TaskListViewModel: onTaskRemoved : 2224
08-13 16:19:50.422  2742  2742 I HoneySpace.TaskListViewModel: onTaskRemoved : 2224
08-13 16:19:50.422  2742  2742 I HoneySpace.TaskListPot: taskRemoveId, taskId = 2224
08-13 16:19:50.422  2742  2742 I HoneySpace.StackRecentsView: INVALID_TASK_POSITION 2224
08-13 16:19:50.422  2742  2887 I HoneySpace.TopTaskSource: onTaskRemoved: 2224
08-13 16:19:50.425  1111  1111 I SurfaceFlinger: [LayerHierarchy{RequestedLayerState{Task=2224#233633 z=4} 1 children}] reparent to OffscreenRoot
08-13 16:19:50.425  1111  1111 I SurfaceFlinger: [LayerHierarchy{RequestedLayerState{Task=2224#233633 z=4} 1 children}] RelativeParent to null
08-13 16:19:50.425  1111  1111 I SurfaceFlinger: [LayerHierarchy{RequestedLayerState{ActivityRecord{a9de0f u0 com.example.cupcake.test/androidx.test.core.app.InstrumentationActivityInvoker$EmptyActivity t2224}#233634} no children}] reparent to OffscreenRoot
08-13 16:19:50.425  1111  1111 I SurfaceFlinger: [LayerHierarchy{RequestedLayerState{ActivityRecord{a9de0f u0 com.example.cupcake.test/androidx.test.core.app.InstrumentationActivityInvoker$EmptyActivity t2224}#233634} no children}] RelativeParent to null
08-13 16:19:50.425  1111  1111 I SurfaceFlinger: [LayerHierarchy{RequestedLayerState{Task=2224#233652 z=4} no children}] reparent to OffscreenRoot
08-13 16:19:50.425  1111  1111 I SurfaceFlinger: [LayerHierarchy{RequestedLayerState{Task=2224#233652 z=4} no children}] RelativeParent to null
08-13 16:19:50.426  1111  1111 I SurfaceFlinger: id=233652 Removed Task=2224#233652 (167)
08-13 16:19:50.426  1111  1111 I SurfaceFlinger: id=233634 Removed ActivityRecord{a9de0f u0 com.example.cupcake.test/androidx.test.core.app.InstrumentationActivityInvoker$EmptyActivity t2224}#233634 (167)
08-13 16:19:50.428  2742  2887 I HoneySpace.TopTaskSource: onTaskRemoved: 2224
08-13 16:19:50.428  2742  1823 I HoneySpace.HistoryViewModel@160600677@OneUI: Illegal access. Unknown type. skip load history items
08-13 16:19:50.435  1111  1111 I SurfaceFlinger: destroyed ActivityRecord{a9de0f u0 com.example.cupcake.test/androidx.test.core.app.InstrumentationActivityInvoker$EmptyActivity t2224}#233634
08-13 16:19:50.435  1111  1111 I SurfaceFlinger: destroyed Task=2224#233652
08-13 16:19:50.436  1111  1111 I Layer   : id=233634 Destroyed ActivityRecord{a9de0f u0 com.example.cupcake.test/androidx.test.core.app.InstrumentationActivityInvoker$EmptyActivity t2224}#233634
08-13 16:19:50.436  1111  1111 I Layer   : id=233652 Destroyed Task=2224#233652
08-13 16:19:50.436  5596  5610 W example.cupcake: Cleared Reference was only reachable from finalizer (only reported once)
08-13 16:19:50.456  5596  5596 D LifecycleMonitor: Lifecycle status change: androidx.activity.ComponentActivity@2693a1 in: DESTROYED
08-13 16:19:50.456  5596  5596 V ActivityScenario: Update currentActivityStage to DESTROYED, currentActivity=null
08-13 16:19:50.456  5596  5596 W WindowOnBackDispatcher: sendCancelIfRunning: isInProgress=false callback=android.view.ViewRootImpl$$ExternalSyntheticLambda15@a112b38
08-13 16:19:50.458  5596  5687 D HWUI    : CacheManager::trimMemory(20)
08-13 16:19:50.458  5596  5687 D HWUI    : CacheManager::trimMemory(20)
08-13 16:19:50.458  5596  5687 D HWUI    : CacheManager::trimMemory(20)
08-13 16:19:50.459  5596  5596 I VRI[ComponentActivity]@964f64c: dispatchDetachedFromWindow
08-13 16:19:50.459  1282  1908 D InputTransport: Input channel destroyed: 'f3ff9f9', fd=1035
08-13 16:19:50.459  1282  1908 W InputManager-JNI: Input channel object 'f3ff9f9 com.example.cupcake/androidx.activity.ComponentActivity (client)' was disposed without first being removed with the input manager!
08-13 16:19:50.459  1282  1908 D InputTransport: Input channel destroyed: 'f3ff9f9', fd=1061
08-13 16:19:50.459  5596  5687 D HWUI    : CacheManager::trimMemory(20)
08-13 16:19:50.459  5596  5687 D HWUI    : CacheManager::trimMemory(20)
08-13 16:19:50.461  5596  5596 D InputTransport: Input channel destroyed: 'f3ff9f9', fd=134
08-13 16:19:50.461  1111  1730 I SurfaceFlinger: id=233629 Removed dc5abad ActivityRecordInputSink com.example.cupcake/androidx.activity.ComponentActivity#233629 (165)
08-13 16:19:50.462  5596  5687 D HWUI    : CacheManager::trimMemory(20)
08-13 16:19:50.462  1111  1730 I SurfaceFlinger: id=233653 createSurf, flag=24004, Task=2223#233653
08-13 16:19:50.463  5596  5687 D HWUI    : CacheManager::trimMemory(20)
08-13 16:19:50.464  2742  1823 I HoneySpace.RecentTasks: onRecentTasksChanged
08-13 16:19:50.465  2742  2742 I HoneySpace.TaskListViewModel: onTaskRemoved : 2223
08-13 16:19:50.465  2742  2742 I HoneySpace.TaskListViewModel: onTaskRemoved : 2223
08-13 16:19:50.465  2742  2742 I HoneySpace.TaskListPot: taskRemoveId, taskId = 2223
08-13 16:19:50.465  2742  2742 I HoneySpace.StackRecentsView: INVALID_TASK_POSITION 2223
08-13 16:19:50.465  5596  5677 D IdlingRegistry: Unregistering idling resources: [androidx.compose.ui.test.EspressoLink@fbab6a2]
08-13 16:19:50.465  2742  2742 I HoneySpace.TaskListViewModel: onTaskRemoved : 2223
08-13 16:19:50.465  2742  2742 I HoneySpace.TaskListViewModel: onTaskRemoved : 2223
08-13 16:19:50.465  2742  2742 I HoneySpace.TaskListPot: taskRemoveId, taskId = 2223
08-13 16:19:50.465  2742  2742 I HoneySpace.StackRecentsView: INVALID_TASK_POSITION 2223
08-13 16:19:50.465  2742  2887 I HoneySpace.TopTaskSource: onTaskRemoved: 2223
08-13 16:19:50.466  1111  1111 I SurfaceFlinger: [Task=2223#233653] attach to parent Root
08-13 16:19:50.467  5596  5677 I TestRunner: finished: cupcakeNavHost_clickOneCupcake_navigatesToSelectFlavorScreen(com.example.cupcake.test.CupcakeScreenNavigationTest)
