08-13 16:19:58.616  2742  2742 I HoneySpace.StackedWidgetAdapter: updateLabelVisibility false true
08-13 16:19:58.616  2742  2742 I SearchHoneyPot: onViewCreated: onResume
08-13 16:19:58.616  2127  2127 D SecKeyguardClockPositionAlgorithm: getTopMargin scale = 1.2690217, clockContainerHeight = 389, scaleMarginY = -41
08-13 16:19:58.616  2742  1823 I HoneySpace.PredictionDataSourceImpl: requestPredictionUpdate 1 true
08-13 16:19:58.618  2742  4826 I HoneySpace.HoneyAppWidgetHost: called startListening, host: @fcf5abe
08-13 16:19:58.618  2742  4826 I AppWidgetHost: semStartListening()
08-13 16:19:58.618  1222  1222 I [CE]_ContextEngineReceiver: onReceive - ContextEngineReceiver onReceive action : android.intent.action.SERVICE_STATE
08-13 16:19:58.618  1222  1222 I [CE]_ContextEngineReceiver: onReceive - Telephony intent : android.intent.action.SERVICE_STATE
08-13 16:19:58.618  1282  3084 I AppWidgetServiceImpl: startListening callbacks : com.android.internal.appwidget.IAppWidgetHost$Stub$Proxy@22630ea intervalEnsure:760492741 intervalHostLock:760492741 LhostId:HostId{user:0, app:10132, hostId:1024, pkg:com.sec.android.app.launcher}
08-13 16:19:58.619  2742  4826 I HoneySpace.HoneyAppWidgetHost: success hidden_semStartListening - result: true, host: @fcf5abe
08-13 16:19:58.619  1111  1111 I SurfaceFlinger: [LayerHierarchy{RequestedLayerState{8a94d40 NavigationBar0#88 parentId=233833} 1 children}] reparent to LayerHierarchy{RequestedLayerState{Surface(name=8a94d40 NavigationBar0)/@0x65d636d - animation-leash of insets_animation#233833 parentId=87} 1 children}
08-13 16:19:58.619  1111  1111 I SurfaceFlinger: [LayerHierarchy{RequestedLayerState{e0324bb StatusBar#95 parentId=233834} 1 children}] reparent to LayerHierarchy{RequestedLayerState{Surface(name=e0324bb StatusBar)/@0x8487ff0 - animation-leash of insets_animation#233834 parentId=94} 1 children}
08-13 16:19:58.619  1111  1111 I SurfaceFlinger: [LayerHierarchy{RequestedLayerState{Surface(name=e0324bb StatusBar)/@0x8487ff0 - animation-leash of insets_animation#233827} no children}] reparent to OffscreenRoot
08-13 16:19:58.619  1111  1111 I SurfaceFlinger: [LayerHierarchy{RequestedLayerState{Surface(name=e0324bb StatusBar)/@0x8487ff0 - animation-leash of insets_animation#233827} no children}] RelativeParent to null
08-13 16:19:58.619  1111  1111 I SurfaceFlinger: [LayerHierarchy{RequestedLayerState{Surface(name=8a94d40 NavigationBar0)/@0x65d636d - animation-leash of insets_animation#233826} no children}] reparent to OffscreenRoot
08-13 16:19:58.619  1111  1111 I SurfaceFlinger: [LayerHierarchy{RequestedLayerState{Surface(name=8a94d40 NavigationBar0)/@0x65d636d - animation-leash of insets_animation#233826} no children}] RelativeParent to null
08-13 16:19:58.621  1111  1732 I SurfaceFlinger: id=233826 Removed Surface(name=8a94d40 NavigationBar0)/@0x65d636d - animation-leash of insets_animation#233826 (198)
08-13 16:19:58.621  1111  1732 I SurfaceFlinger: id=233827 Removed Surface(name=e0324bb StatusBar)/@0x8487ff0 - animation-leash of insets_animation#233827 (198)
08-13 16:19:58.624  2742  4789 I HoneySpace.SPayHandler: updateSpayHandler, show = true, defaultPage = true
08-13 16:19:58.625  2127  2127 D InterruptionStateProvider:  no Heads up : edgelighting enabled app. 0|com.samsung.android.app.smartcapture|1332|null|10190
08-13 16:19:58.626 22781 22781 I bmex    : onStart
08-13 16:19:58.627  2127  2127 D SubscreenNotificationListCoordinator: onAfterRenderList() isSubScreen = false, pluginLockMode = 0, doNotShowOnCover = false
08-13 16:19:58.629  2127  2127 D NavigationBar: onSystemBarAttributesChanged() -  displayId:0, appearance:24, packageName: com.example.cupcake.test (APPEARANCE_LIGHT_STATUS_BARS APPEARANCE_LIGHT_NAVIGATION_BARS ), navbarColorManagedByIme:false
08-13 16:19:58.629  1282  2477 V WindowManager: Relayout Window{c2c214a u0 com.sec.android.app.launcher/com.sec.android.app.launcher.activities.LauncherActivity}: viewVisibility=0 req=1080x2340 ty=1 d0
08-13 16:19:58.630  1111  1111 E SurfaceFlinger: alpha changed 0.000 -> 0.019 - DimTransitionLayer for Surface(name=Task=2234)/@0x75c40e1#233832
08-13 16:19:58.630  1111  1209 D SurfaceFlinger: [input] setFocusedWindow: <null>
08-13 16:19:58.630  1111  1111 I SurfaceFlinger: destroyed Surface(name=e0324bb StatusBar)/@0x8487ff0 - animation-leash of insets_animation#233827
08-13 16:19:58.630  1111  1111 I SurfaceFlinger: destroyed Surface(name=8a94d40 NavigationBar0)/@0x65d636d - animation-leash of insets_animation#233826
08-13 16:19:58.630  1111  1730 I SurfaceFlinger: id=233835 createSurf, flag=44004, com.sec.android.app.launcher/com.sec.android.app.launcher.activities.LauncherActivity$_2742#233835
08-13 16:19:58.630  1282  3179 D InputDispatcher: Once focus requested (0): <null>
08-13 16:19:58.630  2127  2127 I LockscreenNotificationIconsOnlyController: onNotificationInfoUpdated 0
08-13 16:19:58.631  2127  2127 I AODNotificationManager: updateNotification()
08-13 16:19:58.631 22781 22781 I bmex    : onResume
08-13 16:19:58.631  1111  1111 I Layer   : id=233827 Destroyed Surface(name=e0324bb StatusBar)/@0x8487ff0 - animation-leash of insets_animation#233827
08-13 16:19:58.631  1111  1111 I Layer   : id=233826 Destroyed Surface(name=8a94d40 NavigationBar0)/@0x65d636d - animation-leash of insets_animation#233826
08-13 16:19:58.632  2127  2334 I InsetsSourceConsumer: applyRequestedVisibilityToControl: visible=true, type=navigationBars, host=Splash Screen com.example.cupcake.test
08-13 16:19:58.632  2127  2334 I InsetsSourceConsumer: applyRequestedVisibilityToControl: visible=true, type=statusBars, host=Splash Screen com.example.cupcake.test
08-13 16:19:58.635  1111  1732 I SurfaceFlinger: id=233836 createSurf, flag=24000, Surface(name=8a94d40 NavigationBar0)/@0x65d636d - animation-leash of insets_animation#233836
08-13 16:19:58.639  1111  1732 I SurfaceFlinger: id=233837 createSurf, flag=24000, Surface(name=e0324bb StatusBar)/@0x8487ff0 - animation-leash of insets_animation#233837
08-13 16:19:58.641  1111  1111 D SurfaceFlinger: Display 4633128672291735932 HWC layers:
08-13 16:19:58.641  1111  1111 D SurfaceFlinger:        CLIENT |   0xb4000079e2956a90 | 0002 | RGBA_8888    |    0.0    0.0   31.0 2340.0 | 1049    0 1080 2340 | [BBQ] Right Edge Extension#233829#233831 (1)
08-13 16:19:58.641  1111  1111 D SurfaceFlinger:        DEVICE |   0xb4000079e289e410 | 0001 | RGBA_8888    |   31.0    0.0 1080.0 2340.0 |    0    0 1049 2340 | com.example.cupcake/androidx.activity.ComponentActivity$_5596#233813 (66)
08-13 16:19:58.641  1111  1111 D SurfaceFlinger:   SOLID_COLOR |                      | 0001 | Unknown      |    0.0    0.0    0.0    0.0 |    0    0 1080 2340 | DimTransitionLayer for Surface(name=Task=2234)/@0x75c40e1#233832
08-13 16:19:58.641  1111  1111 D SurfaceFlinger:        DEVICE |   0xb4000079e28c2210 | 0001 | RGBA_8888    |    0.0    0.0   99.0 2340.0 |  981    0 1080 2340 | Splash Screen com.example.cupcake.test$_2127#233823 (1)
08-13 16:19:58.641  1111  1111 D SurfaceFlinger:        DEVICE |   0xb4000079e28c9c90 | 0001 | RGBA_8888    |    0.0    0.0 1080.0   80.0 |    0    0 1080   80 | StatusBar$_2127#106 (79551)
08-13 16:19:58.641  1111  1111 D SurfaceFlinger:        DEVICE |   0xb4000079e2935310 | 0001 | RGBA_8888    |    0.0    0.0 1080.0  135.0 |    0 2205 1080 2340 | NavigationBar0$_2127#101 (129964)
08-13 16:19:58.641  1111  1111 D SurfaceFlinger:
08-13 16:19:58.641  1111  1111 D SurfaceFlinger:     DEVICE |   0xb4000079e28ad3d0 | 0001 | RGBA_8888    |    0.0  249.0 1034.0  827.0 |   46    0 1080  578 | $_4855#233489 (393)
08-13 16:19:58.641  1111  1111 D SurfaceFlinger:
08-13 16:19:58.641  1111  1111 I SurfaceFlinger: [com.sec.android.app.launcher/com.sec.android.app.launcher.activities.LauncherActivity$_2742#233835] attach to parent LayerHierarchy{RequestedLayerState{c2c214a com.sec.android.app.launcher/com.sec.android.app.launcher.activities.LauncherActivity#124 parentId=123} 1 children}
08-13 16:19:58.641  1111  1111 I SurfaceFlinger: [Surface(name=8a94d40 NavigationBar0)/@0x65d636d - animation-leash of insets_animation#233836] attach to parent LayerHierarchy{RequestedLayerState{WindowToken{4aa5472 type=2019 android.os.BinderProxy@bd187d4}#87 parentId=31} 2 children}
08-13 16:19:58.641  1111  1111 I SurfaceFlinger: [Surface(name=e0324bb StatusBar)/@0x8487ff0 - animation-leash of insets_animation#233837] attach to parent LayerHierarchy{RequestedLayerState{WindowToken{b8fcd4a type=2000 android.os.BinderProxy@ecaaeec}#94 parentId=19} 2 children}
08-13 16:19:58.643  1282  2477 I SystemKeyManager: requested systemKeyInfo size=2 focusedWindow=com.sec.android.app.launcher/com.sec.android.app.launcher.activities.LauncherActivity
08-13 16:19:58.643  1282  2477 V WindowManager: Relayout hash=c2c214a, pid=2742, syncId=-1: mAttrs={(0,0)(fillxfill) sim={adjust=nothing forwardNavigation} layoutInDisplayCutoutMode=always ty=BASE_APPLICATION fmt=TRANSPARENT wanim=0x1030301
08-13 16:19:58.643  1282  2477 V WindowManager:   fl=81910100
08-13 16:19:58.643  1282  2477 V WindowManager:   pfl=10008840
08-13 16:19:58.643  1282  2477 V WindowManager:   bhv=2
08-13 16:19:58.643  1282  2477 V WindowManager:   fitSides=0
08-13 16:19:58.643  1282  2477 V WindowManager:   frameRateBoostOnTouch=true
08-13 16:19:58.643  1282  2477 V WindowManager:   dvrrWindowFrameRateHint=true screenDimDuration=200000 naviIconColor=0}
08-13 16:19:58.644  2742  2742 I BLASTBufferQueue_Java: new BLASTBufferQueue, mName= VRI[LauncherActivity]@3489192 mNativeObject= 0xb4000075191609b0 sc.mNativeObject= 0xb4000076190dbb90 caller= android.view.ViewRootImpl.updateBlastSurfaceIfNeeded:3397 android.view.ViewRootImpl.relayoutWindow:11361 android.view.ViewRootImpl.performTraversals:4544 android.view.ViewRootImpl.doTraversal:3708 android.view.ViewRootImpl$TraversalRunnable.run:12542 android.view.Choreographer$CallbackRecord.run:1751 android.view.Choreographer$CallbackRecord.run:1760 android.view.Choreographer.doCallbacks:1216 android.view.Choreographer.doFrame:1142 android.view.Choreographer$FrameDisplayEventReceiver.run:1707
08-13 16:19:58.644  2742  2742 I BLASTBufferQueue_Java: update, w= 1080 h= 2340 mName = VRI[LauncherActivity]@3489192 mNativeObject= 0xb4000075191609b0 sc.mNativeObject= 0xb4000076190dbb90 format= -2 caller= android.graphics.BLASTBufferQueue.<init>:88 android.view.ViewRootImpl.updateBlastSurfaceIfNeeded:3397 android.view.ViewRootImpl.relayoutWindow:11361 android.view.ViewRootImpl.performTraversals:4544 android.view.ViewRootImpl.doTraversal:3708 android.view.ViewRootImpl$TraversalRunnable.run:12542
08-13 16:19:58.644 21624 21938 I Rubin   : [92] U9.g.x(Unknown Source) : Notify com.samsung.android.rubin.inferenceengine.contextanalytics.engine.loggers.AppUsageLogger's database is updated.
08-13 16:19:58.645  2742  2742 I VRI[LauncherActivity]@3489192: Relayout returned: old=(0,0,1080,2340) new=(0,0,1080,2340) relayoutAsync=false req=(1080,2340)0 dur=24 res=0x3 s={true 0xb4000075e987b900} ch=true seqId=0
08-13 16:19:58.645  2127  2529 I WallpaperService: dispatchAppVisibility: system, visible=true , mLidState = -1
08-13 16:19:58.646  2742  2742 I VRI[LauncherActivity]@3489192: Creating new active sync group VRI[LauncherActivity]@3489192#77
08-13 16:19:58.647  2127  2436 I WallpaperService: updateSurface system forceRelayout=false forceReport=false redrawNeeded=false myWidth=-1 myHeight=-1 fixedSize=false x = 0 y = 0 mWidth=-1 mHeight=-1
08-13 16:19:58.647  2127  2436 I WallpaperService: reportVisibility: visibility changed. visible=true
08-13 16:19:58.647  2127  2436 I ImageWallpaper_5[Image]:  onVisibilityChanged: visible=true , displayId=0
08-13 16:19:58.652  1111  1111 I SurfaceFlinger: [LayerHierarchy{RequestedLayerState{8a94d40 NavigationBar0#88 parentId=233836} 1 children}] reparent to LayerHierarchy{RequestedLayerState{Surface(name=8a94d40 NavigationBar0)/@0x65d636d - animation-leash of insets_animation#233836 parentId=87} 1 children}
08-13 16:19:58.652  1111  1111 I SurfaceFlinger: [LayerHierarchy{RequestedLayerState{e0324bb StatusBar#95 parentId=233837} 1 children}] reparent to LayerHierarchy{RequestedLayerState{Surface(name=e0324bb StatusBar)/@0x8487ff0 - animation-leash of insets_animation#233837 parentId=94} 1 children}
08-13 16:19:58.652  1111  1111 I SurfaceFlinger: [LayerHierarchy{RequestedLayerState{Surface(name=e0324bb StatusBar)/@0x8487ff0 - animation-leash of insets_animation#233834} no children}] reparent to OffscreenRoot
08-13 16:19:58.652  1111  1111 I SurfaceFlinger: [LayerHierarchy{RequestedLayerState{Surface(name=e0324bb StatusBar)/@0x8487ff0 - animation-leash of insets_animation#233834} no children}] RelativeParent to null
08-13 16:19:58.652  1111  1111 I SurfaceFlinger: [LayerHierarchy{RequestedLayerState{Surface(name=8a94d40 NavigationBar0)/@0x65d636d - animation-leash of insets_animation#233833} no children}] reparent to OffscreenRoot
08-13 16:19:58.652  1111  1111 I SurfaceFlinger: [LayerHierarchy{RequestedLayerState{Surface(name=8a94d40 NavigationBar0)/@0x65d636d - animation-leash of insets_animation#233833} no children}] RelativeParent to null
08-13 16:19:58.656  1282  2477 D SyntheticPasswordManager.SDP: Inside fromBytes() - result.pinLength : -1
08-13 16:19:58.656  1282  2477 D SyntheticPasswordManager.SDP: 2. result.secureMode : 0
08-13 16:19:58.659  1282  1444 D PkgPredictorService-SecIpmManagerServiceImpl: onForegroundActivitiesChanged pid:2742 uid:10132
08-13 16:19:58.660  1111  1223 I SurfaceFlinger: id=233833 Removed Surface(name=8a94d40 NavigationBar0)/@0x65d636d - animation-leash of insets_animation#233833 (199)
08-13 16:19:58.660  1111  1223 I SurfaceFlinger: id=233834 Removed Surface(name=e0324bb StatusBar)/@0x8487ff0 - animation-leash of insets_animation#233834 (199)
08-13 16:19:58.660  1282  1444 D NetworkPolicy: already checked 10132
08-13 16:19:58.662  1282  2840 V PkgPredictorService-SecIpmManagerServiceImpl: discard foreground app:com.sec.android.app.launcher 1|true
08-13 16:19:58.666  1111  1111 I SurfaceFlinger: destroyed Surface(name=e0324bb StatusBar)/@0x8487ff0 - animation-leash of insets_animation#233834
08-13 16:19:58.666  1111  1111 I SurfaceFlinger: destroyed Surface(name=8a94d40 NavigationBar0)/@0x65d636d - animation-leash of insets_animation#233833
08-13 16:19:58.668  1111  1111 I Layer   : id=233834 Destroyed Surface(name=e0324bb StatusBar)/@0x8487ff0 - animation-leash of insets_animation#233834
08-13 16:19:58.668  1111  1111 I Layer   : id=233833 Destroyed Surface(name=8a94d40 NavigationBar0)/@0x65d636d - animation-leash of insets_animation#233833
08-13 16:19:58.673  1244  6944 I CameraService: onUidStateChanged: uid=10222, procState is changed. (5 -> 3)
08-13 16:19:58.674  1244  6944 I CameraService: onUidStateChanged: uid=10219, procState is changed. (5 -> 3)
08-13 16:19:58.677  1111  1111 I BpBinder: onLastStrongRef automatically unlinking death recipients:
08-13 16:19:58.678  2127  2127 D NavigationBar: onSystemBarAttributesChanged() -  displayId:0, appearance:16, packageName: com.sec.android.app.launcher (APPEARANCE_LIGHT_NAVIGATION_BARS ), navbarColorManagedByIme:false
08-13 16:19:58.678  2127  2127 D SysUiState: SysUiState changed: old=0x10020000 new=0x10000000
08-13 16:19:58.678  1111  1209 D SurfaceFlinger: [input] setFocusedWindow: c2c214a com.sec.android.app.launcher/com.sec.android.app.launcher.activities.LauncherActivity
08-13 16:19:58.678  2742  2108 I HoneySpace.RecentTasks: onRecentTasksChanged
08-13 16:19:58.679  2742 31133 I HoneySpace.SystemUiRepository: systemUiFlags: awake
08-13 16:19:58.679 21624 21938 I Rubin   : [92] com.samsung.android.rubin.inferenceengine.contextanalytics.engine.monitors.moment.exercise.ExercisingWithCmhMonitor.isSatisfiedByCmh(Unknown Source) : isSatisfiedByCmh is false
08-13 16:19:58.680  1282  2477 D InputDispatcher: Once focus requested (0): c2c214a com.sec.android.app.launcher/com.sec.android.app.launcher.activities.LauncherActivity
08-13 16:19:58.680  1282  2477 D InputDispatcher: Focus request (0): c2c214a com.sec.android.app.launcher/com.sec.android.app.launcher.activities.LauncherActivity but waiting because NO_WINDOW
08-13 16:19:58.684  2742  2108 I HoneySpace.HistoryViewModel@160600677@OneUI: Illegal access. Unknown type. skip load history items
08-13 16:19:58.686  2742  4755 I VRI[LauncherActivity]@3489192: mWNT: t=0xb400007609234910 mBlastBufferQueue=0xb4000075191609b0 fn= 1 HdrRenderState mRenderHdrSdrRatio=1.0 caller= android.view.ViewRootImpl$11.onFrameDraw:15016 android.view.ThreadedRenderer$1.onFrameDraw:761 <bottom of call stack>
08-13 16:19:58.686  2742  4755 I VRI[LauncherActivity]@3489192: Setting up sync and frameCommitCallback
08-13 16:19:58.688  2127  2127 E {OngoingActivityController}: getTaskInfo find task 2234 fail. taskInfoList.size:2
08-13 16:19:58.688  2127  2127 I {OngoingActivityController}: onTaskFocusChanged focused:false, baseActivity:null
08-13 16:19:58.689  2127  2127 I {OngoingActivityController}: onTaskFocusChanged focused:true, baseActivity:ComponentInfo{com.sec.android.app.launcher/com.sec.android.app.launcher.Launcher}
08-13 16:19:58.689  2742  4573 I BLASTBufferQueue: [VRI[LauncherActivity]@3489192#6995](f:0,a:0,s:0) onFrameAvailable the first frame is available
08-13 16:19:58.690  2742  4573 I VRI[LauncherActivity]@3489192: Received frameCommittedCallback lastAttemptedDrawFrameNum=1 didProduceBuffer=true
08-13 16:19:58.690  2127  2127 I {OngoingActivityDataHelper}: setBaseActivityComponentName:ComponentInfo{com.sec.android.app.launcher/com.sec.android.app.launcher.Launcher}
08-13 16:19:58.690  1111  1732 I SurfaceFlinger: [com.sec.android.app.launcher/com.sec.android.app.launcher.activities.LauncherActivity$_2742#233835] setTransactionState with the first frame. bufferData(ID: 11776800376949, frameNumber: 1)
08-13 16:19:58.693  2742  2742 I InsetsSourceConsumer: applyRequestedVisibilityToControl: visible=true, type=navigationBars, host=com.sec.android.app.launcher/com.sec.android.app.launcher.activities.LauncherActivity
08-13 16:19:58.693  2742  2742 I InsetsSourceConsumer: applyRequestedVisibilityToControl: visible=true, type=statusBars, host=com.sec.android.app.launcher/com.sec.android.app.launcher.activities.LauncherActivity
08-13 16:19:58.693  1066  4972 D BufferPoolAccessor2.0: bufferpool2 0xb400006fd4d55218 : 7(26537392 size) total buffers - 4(15164224 size) used buffers - 1335/1342 (recycle/alloc) - 15/1338 (fetch/transfer)
08-13 16:19:58.696  2742  2887 I HoneySpace.TopTaskSource: onTaskMovedToFront : taskId = 6, displayId = 0
08-13 16:19:58.699  2742  2885 I HoneySpace.TaskbarEventTracker: invokeEvent() called with: event = SystemUiStateChanged(stateFlags=268435456)
08-13 16:19:58.701 23813 23813 I NotifySyncService_23813_23813: onNotificationPosted Id:1332 key:0|com.samsung.android.app.smartcapture|1332|null|10190 PackageName:com.samsung.android.app.smartcapture IsOngoing:true PostTime:1755091198313 currentDeviceModel.connected: false
08-13 16:19:58.702  2742  2887 I HoneySpace.TopTaskSource: onTaskFocusChanged(): taskId = 6
08-13 16:19:58.702  1111  1163 I SurfaceFlinger: id=233838 createSurf, flag=84004, Transition Root: Task=1#233838
08-13 16:19:58.702  2742  2887 I HoneySpace.TopTaskSource: onTaskMovedToFront : taskId = 6, displayId = 0
08-13 16:19:58.703 23813 23813 I NotifySyncService_23813_23813: onNotificationPosted Id:1332 , appName : Samsung yakalama
08-13 16:19:58.704  2742  2889 I HoneySpace.TopTaskUseCase: topTaskId 6, DisplayId : 0
08-13 16:19:58.704  1282  1447 I SurfaceControlRegistry: show, t=StartTransaction_SyncId<20546> sc=ActivityRecord{b3168b5 u0 com.sec.android.app.launcher/.activities.LauncherActivity t6}, caller=android.view.SurfaceControl$Transaction.show:3232 com.android.server.wm.Transition.onTransactionReady:2273 com.android.server.wm.BLASTSyncEngine$SyncGroup.finishNow:195 com.android.server.wm.BLASTSyncEngine.onSurfacePlacement:269 com.android.server.wm.RootWindowContainer.performSurfacePlacementNoTrace:459 com.android.server.wm.RootWindowContainer.performSurfacePlacement:9
08-13 16:19:58.704  1111  1111 I SurfaceFlinger: [Transition Root: Task=1#233838] attach to parent LayerHierarchy{RequestedLayerState{DefaultTaskDisplayArea_d0#11 parentId=10} 9 children}
08-13 16:19:58.704  1282  1447 I SurfaceControlRegistry: show, t=StartTransaction_SyncId<20546> sc=Task=6, caller=android.view.SurfaceControl$Transaction.show:3232 com.android.server.wm.Transition.onTransactionReady:2300 com.android.server.wm.BLASTSyncEngine$SyncGroup.finishNow:195 com.android.server.wm.BLASTSyncEngine.onSurfacePlacement:269 com.android.server.wm.RootWindowContainer.performSurfacePlacementNoTrace:459 com.android.server.wm.RootWindowContainer.performSurfacePlacement:9
08-13 16:19:58.705 23813 23813 I NotifySyncService_23813_23813:  isOngoing = true isIncomingCall = false
08-13 16:19:58.709 23813 21995 I AccountManagerService_23813_21995: log: getAccounts: accountType com.xiaomi, caller's uid 10349, pid 23813
08-13 16:19:58.709 23813 21995 I SecureDatabase_23813_21995: log: query: accounts, columns=[_id,type,name], selection=null, selectionArgs=null, groupBy=null, having=null, orderBy=null, limit=null
08-13 16:19:58.709 23813 21995 I SecureDatabase_23813_21995: log: query: cursor count=1
08-13 16:19:58.710 23813 21995 I SecureDatabase_23813_21995: log: query: row=[1,com.xiaomi,6521150625]
08-13 16:19:58.710 23813 21995 I AccountManagerService_23813_21995: log: validateAccountsAndPopulateCache>>>accountId=1 accountType=com.xiaomi accountName=6521150625
08-13 16:19:58.710 23813 21995 I AccountManagerService_23813_21995: log: getAccounts: accountType com.xiaomi, caller's uid 10349, pid 23813
08-13 16:19:58.710 23813 21995 I SecureDatabase_23813_21995: log: query: accounts, columns=[_id,type,name], selection=null, selectionArgs=null, groupBy=null, having=null, orderBy=null, limit=null
08-13 16:19:58.710 23813 21995 I SecureDatabase_23813_21995: log: query: cursor count=1
08-13 16:19:58.710 23813 21995 I SecureDatabase_23813_21995: log: query: row=[1,com.xiaomi,6521150625]
08-13 16:19:58.710 23813 21995 I AccountManagerService_23813_21995: log: validateAccountsAndPopulateCache>>>accountId=1 accountType=com.xiaomi accountName=6521150625
08-13 16:19:58.717 23813 21991 I NotifyLogUtils_23813_21991: isIgnoringBatteryOptimizations true
08-13 16:19:58.728  1282  4478 I AccessibilityManagerService: semIsAccessibilityServiceEnabled()
08-13 16:19:58.728  1282  1447 D ScreenCapture: [Capture_TEST] : setIsScreenShotBySystem false
08-13 16:19:58.728  1282  4902 I AccessibilityManagerService: semIsAccessibilityServiceEnabled()
08-13 16:19:58.729  1282  4376 I AccessibilityManagerService: semIsAccessibilityServiceEnabled()
08-13 16:19:58.734  1111  1111 I SurfaceFlinger: [StatusBar$_2127#106] setDefaultFrameRateCompatibility: NoVote
08-13 16:19:58.737 23813 30394 W FA      : Failed to retrieve Firebase Instance Id
08-13 16:19:58.737  2742  5288 I HoneySpace.PredictionDataSourceImpl: TYPE_RECOMMENDED_WIDGETS updated: 14
08-13 16:19:58.739  2742  5283 I HoneySpace.PredictionDataSourceImpl: TYPE_SUGGESTED_APPS updated: 9
08-13 16:19:58.740  2127  2303 I SurfaceControlRegistry: show, t=StartTransaction_SyncId<20546> sc=WallpaperWindowToken{b638ffb token=android.os.Binder@64ddd8a}, caller=android.view.SurfaceControl$Transaction.show:3232 com.android.wm.shell.transition.Transitions.dispatchReady:798 com.android.wm.shell.transition.Transitions.onTransitionReady:244 com.android.wm.shell.transition.Transitions$TransitionPlayerImpl$$ExternalSyntheticLambda0.run:13 android.os.Handler.handleCallback:959 android.os.Handler.dispatchMessage:100
08-13 16:19:58.740  2127  2303 I SurfaceControlRegistry: hide, t=FinishTransaction_SyncId<20546> sc=Task=2234, caller=android.view.SurfaceControl$Transaction.hide:3258 com.android.wm.shell.transition.Transitions.dispatchReady:929 com.android.wm.shell.transition.Transitions.onTransitionReady:244 com.android.wm.shell.transition.Transitions$TransitionPlayerImpl$$ExternalSyntheticLambda0.run:13 android.os.Handler.handleCallback:959 android.os.Handler.dispatchMessage:100
08-13 16:19:58.740  2127  2303 I SurfaceControlRegistry: show, t=StartTransaction_SyncId<20546> sc=Task=1, caller=android.view.SurfaceControl$Transaction.show:3232 com.android.wm.shell.transition.Transitions.dispatchReady:934 com.android.wm.shell.transition.Transitions.onTransitionReady:244 com.android.wm.shell.transition.Transitions$TransitionPlayerImpl$$ExternalSyntheticLambda0.run:13 android.os.Handler.handleCallback:959 android.os.Handler.dispatchMessage:100
08-13 16:19:58.740  2127  2303 I SurfaceControlRegistry: show, t=FinishTransaction_SyncId<20546> sc=Task=1, caller=android.view.SurfaceControl$Transaction.show:3232 com.android.wm.shell.transition.Transitions.dispatchReady:988 com.android.wm.shell.transition.Transitions.onTransitionReady:244 com.android.wm.shell.transition.Transitions$TransitionPlayerImpl$$ExternalSyntheticLambda0.run:13 android.os.Handler.handleCallback:959 android.os.Handler.dispatchMessage:100
08-13 16:19:58.750  2127  2303 I SurfaceControlRegistry: apply, t=FinishTransaction_SyncId<20545>, caller=android.view.SurfaceControl$Transaction.apply:3135 android.view.SurfaceControl$Transaction.apply:3122 android.view.SurfaceControl$Transaction.apply:3078 com.android.wm.shell.transition.Transitions.onFinish:308 com.android.wm.shell.transition.Transitions$$ExternalSyntheticLambda8.onTransitionFinished:10 com.android.wm.shell.transition.DefaultTransitionHandler$$ExternalSyntheticLambda6.run:36
08-13 16:19:58.753  3974  4027 E d       : (Berry)(1.16)handleAudioPathTask() : can't get dual play mode - Attempt to invoke virtual method 'boolean android.bluetooth.BluetoothA2dp.semIsDualPlayMode()' on a null object reference
08-13 16:19:58.758  1111  1111 I SurfaceFlinger: Layer [Task=2233#233808] hidden!! flag(1)
08-13 16:19:58.758  1111  1111 I SurfaceFlinger: [LayerHierarchy{RequestedLayerState{Task=2233#233808 parentId=11 z=3} 2 children}] reparent to LayerHierarchy{RequestedLayerState{DefaultTaskDisplayArea_d0#11 parentId=10} 10 children}
08-13 16:19:58.758  1111  1111 I SurfaceFlinger: [LayerHierarchy{RequestedLayerState{Task=2234#233820 parentId=11 z=4} 2 children}] reparent to LayerHierarchy{RequestedLayerState{DefaultTaskDisplayArea_d0#11 parentId=10} 11 children}
08-13 16:19:58.758  1111  1111 I SurfaceFlinger: [LayerHierarchy{RequestedLayerState{Transition Root: Task=2234#233828 z=4} 1 children}] reparent to OffscreenRoot
08-13 16:19:58.758  1111  1111 I SurfaceFlinger: [LayerHierarchy{RequestedLayerState{Transition Root: Task=2234#233828 z=4} 1 children}] RelativeParent to null
08-13 16:19:58.758  1111  1111 I SurfaceFlinger: [LayerHierarchy{RequestedLayerState{Right Edge Extension#233829 z=-2147483648} 1 children}] reparent to OffscreenRoot
08-13 16:19:58.758  1111  1111 I SurfaceFlinger: [LayerHierarchy{RequestedLayerState{Right Edge Extension#233829 z=-2147483648} 1 children}] RelativeParent to null
08-13 16:19:58.758  1111  1111 I SurfaceFlinger: [LayerHierarchy{RequestedLayerState{DimTransitionLayer for Surface(name=Task=2234)/@0x75c40e1#233832 z=-1} no children}] reparent to OffscreenRoot
08-13 16:19:58.758  1111  1111 I SurfaceFlinger: [LayerHierarchy{RequestedLayerState{DimTransitionLayer for Surface(name=Task=2234)/@0x75c40e1#233832 z=-1} no children}] RelativeParent to null
08-13 16:19:58.760  1111  1111 I SurfaceFlinger: id=233831 Removed [BBQ] Right Edge Extension#233829#233831 (198)
08-13 16:19:58.761  1111  1111 I SurfaceFlinger: id=233829 Removed Right Edge Extension#233829 (198)
08-13 16:19:58.765 23813 30394 W FA      : Failed to retrieve Firebase Instance Id
08-13 16:19:58.770  5596  5596 I VRI[ComponentActivity]@f2e05ac: handleAppVisibility mAppVisible = true visible = false
08-13 16:19:58.770  5596  5596 D VRI[ComponentActivity]@f2e05ac: visibilityChanged oldVisibility=true newVisibility=false
08-13 16:19:58.771  1111  1111 D SurfaceFlinger: Display 4633128672291735932 HWC layers:
08-13 16:19:58.771  1111  1111 D SurfaceFlinger:        DEVICE |   0xb4000079e28c2210 | 0001 | RGBA_8888    |    0.0    0.0 1080.0 2340.0 |    0    0 1080 2340 | Splash Screen com.example.cupcake.test$_2127#233823 (1)
08-13 16:19:58.771  1111  1111 D SurfaceFlinger:        DEVICE |   0xb4000079e28c9c90 | 0001 | RGBA_8888    |    0.0    0.0 1080.0   80.0 |    0    0 1080   80 | StatusBar$_2127#106 (79555)
08-13 16:19:58.771  1111  1111 D SurfaceFlinger:        DEVICE |   0xb4000079e2935310 | 0001 | RGBA_8888    |    0.0    0.0 1080.0  135.0 |    0 2205 1080 2340 | NavigationBar0$_2127#101 (129964)
08-13 16:19:58.771  1111  1111 D SurfaceFlinger:        DEVICE |   0xb4000079e28ad3d0 | 0001 | RGBA_8888    |    0.0  249.0 1034.0  827.0 |   46    0 1080  578 | $_4855#233489 (393)
08-13 16:19:58.771  1111  1111 D SurfaceFlinger:
08-13 16:19:58.771  1111  1111 I SurfaceFlinger: Layer [Task=6#122] hidden!! flag(0)
08-13 16:19:58.771  1111  1111 I SurfaceFlinger: Layer [Task=1#52] hidden!! flag(0)
08-13 16:19:58.771  1111  1111 I SurfaceFlinger: destroyed Right Edge Extension#233829
08-13 16:19:58.771  1111  1111 I SurfaceFlinger: destroyed [BBQ] Right Edge Extension#233829#233831
08-13 16:19:58.771  1111  1111 I SurfaceFlinger: [LayerHierarchy{RequestedLayerState{Transition Root: Task=2234#233828 z=4} no children}] reparent to OffscreenRoot
08-13 16:19:58.771  1111  1111 I SurfaceFlinger: [LayerHierarchy{RequestedLayerState{Transition Root: Task=2234#233828 z=4} no children}] RelativeParent to null
08-13 16:19:58.771  2127  2303 I SurfaceControlRegistry: show, t=StartTransaction_SyncId<20546> sc=Transition Root: Task=1, caller=android.view.SurfaceControl$Transaction.show:3232 com.android.wm.shell.transition.Transitions.playTransition:81 com.android.wm.shell.transition.Transitions.processReadyQueue:250 com.android.wm.shell.transition.Transitions.onFinish:521 com.android.wm.shell.transition.Transitions$$ExternalSyntheticLambda8.onTransitionFinished:10 com.android.wm.shell.transition.DefaultTransitionHandler$$ExternalSyntheticLambda6.run:36
08-13 16:19:58.773  1111  1111 I Layer   : id=233829 Destroyed Right Edge Extension#233829
08-13 16:19:58.773  1111  1111 I Layer   : id=233831 Destroyed [BBQ] Right Edge Extension#233829#233831
08-13 16:19:58.773  1111  1111 I SurfaceFlinger: id=233828 Removed Transition Root: Task=2234#233828 (196)
08-13 16:19:58.775  1111  1163 I SurfaceFlinger: id=233839 createSurf, flag=84000, Surface(name=Task=1)/@0x29d0958_transition-leash#233839
08-13 16:19:58.776  2127  2127 D SamsungLightBarControlHelper: updateStatusBar (WHITE icon) numStacks:1, StatusBarMode:MODE_TRANSPARENT, lightBarBounds:[], StatusBarState:SHADE, packageName:, isWhiteKeyguardStatusBar:false
08-13 16:19:58.776  2742  5546 I SurfaceControlRegistry: show, t=StartTransaction_SyncId<20546> sc=Task=1, caller=android.view.SurfaceControl$Transaction.show:3232 P.g.a:125 P.g.o:0 P.g.n:0 com.android.systemui.animation.RemoteAnimationTargetCompat.wrap:48 com.android.systemui.animation.RemoteAnimationTargetCompat.wrapApps:10
08-13 16:19:58.776  2127  2127 D SamsungLightBarControlHelper: onStatusBarAppearanceChanged() -  sbModeChanged:false, statusBarMode:0, barState:MODE_TRANSPARENT, isKeyguardShowing:false, navbarColorManagedByIme:false, (AppearanceRegion{ bounds=[0,0][1080,2340]}, )
08-13 16:19:58.776  1111  1732 I SurfaceFlinger: id=233840 createSurf, flag=84000, Surface(name=Task=2234)/@0x793db96_transition-leash#233840
08-13 16:19:58.776  2127  2127 D NavigationBar: onSystemBarAttributesChanged() -  displayId:0, appearance:0, packageName: com.sec.android.app.launcher, navbarColorManagedByIme:false
08-13 16:19:58.776  2742  5546 I SurfaceControlRegistry: show, t=StartTransaction_SyncId<20546> sc=Task=2234, caller=android.view.SurfaceControl$Transaction.show:3232 P.g.a:125 P.g.o:0 P.g.n:0 com.android.systemui.animation.RemoteAnimationTargetCompat.wrap:48 com.android.systemui.animation.RemoteAnimationTargetCompat.wrapApps:10
08-13 16:19:58.777  2742  5546 I SurfaceControlRegistry: apply, t=StartTransaction_SyncId<20546>, caller=android.view.SurfaceControl$Transaction.apply:3135 android.view.SurfaceControl$Transaction.apply:3122 android.view.SurfaceControl$Transaction.apply:3078 com.android.systemui.animation.RemoteAnimationRunnerCompat$1.startAnimation:634 android.window.IRemoteTransition$Stub.onTransact:158 android.os.Binder.execTransactInternal:1541
08-13 16:19:58.777  2742  5546 I HoneySpace.ShellAnimationRunner: [onAnimationStart] appTarget(0) : taskId-1, mode-0
08-13 16:19:58.777  2742  5546 I HoneySpace.ShellAnimationRunner: cookie: -2147483648
08-13 16:19:58.777  2742  5546 I HoneySpace.ShellAnimationRunner: [onAnimationStart] appTarget(1) : taskId-2234, mode-1
08-13 16:19:58.778  2742  2742 I HoneySpace.ShellAnimationRunner: this , com.honeyspace.transition.ShellAnimationRunner@f416450
08-13 16:19:58.778  2742  2742 I HoneySpace.ShellAnimationRunner: finishExistingAnimation, null
08-13 16:19:58.778  2742  2742 I HoneySpace.AppCloseAnimationDelegate: onAnimationStart
08-13 16:19:58.778  2742  2742 I HoneySpace.AppCloseAnimationDelegate: findTargetView() called with: targets = com.honeyspace.transition.remote.RemoteAnimationTargets@e90ed, centerMostInfo = null
08-13 16:19:58.778  2742  2742 I HoneySpace.AppCloseAnimationDelegate: findTargetValue [cookie--2147483648, pkgName-com.example.cupcake.test]
08-13 16:19:58.779  2742  2742 I HoneySpace.AppCloseAnimationDelegate: findTargetView found:null, null
08-13 16:19:58.779  2742  2742 I HoneySpace.AppCloseAnimationDelegate: getCloseAnimator : isGestureClosing-true, target-null
08-13 16:19:58.779  2742  2742 I HoneySpace.FloatingAnimator: playerCount : 1
08-13 16:19:58.779  2742  2742 I HoneySpace.FloatingAnimator: [Player:A(58.779)] create
08-13 16:19:58.779  2742  2742 I HoneySpace.AppCloseAnimationDelegate: playFloatingIconAnim, appPlayer: A(58.779)
08-13 16:19:58.779  2742  2742 I HoneySpace.TransitionUtils: [getRotationChange] home-0, app-0
08-13 16:19:58.779  2742  2742 I HoneySpace.TransitionUtils: getWindowTargetBounds: Rect(0, 0 - 1080, 2340)
08-13 16:19:58.779  2742  2742 I HoneySpace.FloatingAnimator: setup no target anim
08-13 16:19:58.779  2742  2742 I HoneySpace.SpringAnimPlayer: [Player:A(58.779)] spring onAnimationStart
08-13 16:19:58.780  2742  2742 I HoneySpace.ContentsAnimator: from : 0.0
08-13 16:19:58.780  2742  2742 I HoneySpace.HoneyScreenManagerImpl: Close floating task bar
08-13 16:19:58.780  2742  2742 I HoneySpace.WorkspaceViewModel: StartContentAnimation, type: AppClose, inProgress: true
08-13 16:19:58.780  2742  2742 I HoneySpace.ContentsAnimator: ContentsAnimator start [26310792]
08-13 16:19:58.780  2742  2742 I HoneySpace.AnimationResult: setAnimation, animation: false
08-13 16:19:58.781  2742  2742 I HoneySpace.AppTransitionAnimationAwait: proceed 0
08-13 16:19:58.781  2742  2742 I HoneySpace.AppTransitionAnimationAwait: prepare refCnt:1 timeout:800
08-13 16:19:58.781  2742  2100 I HoneySpace.RecentTasks: onRecentTasksChanged
08-13 16:19:58.782  2742  2742 I HoneySpace.RectFAnimation: animateToFinalPosition RectF(0.0, 0.0, 1080.0, 2340.0)
08-13 16:19:58.782  2742  2742 I HoneySpace.RectFAnimation: animateToFinalPosition RectF(0.0, 0.0, 1080.0, 2340.0)
08-13 16:19:58.782  2742  2742 I HoneySpace.RectFAnimation: animateToFinalPosition RectF(0.0, 0.0, 1080.0, 2340.0)
08-13 16:19:58.783  1111  1111 I SurfaceFlinger: Layer [WallpaperWindowToken{b638ffb token=android.os.Binder@64ddd8a}#74] hidden!! flag(0)
08-13 16:19:58.783  1111  1111 I SurfaceFlinger: Layer [Transition Root: Task=1#233838] hidden!! flag(0)
08-13 16:19:58.783  1111  1111 I SurfaceFlinger: Layer [com.example.cupcake.test/androidx.te[...]tyInvoker$EmptyActivity$_5736#233825] hidden!! flag(0)
08-13 16:19:58.783  1111  1111 I SurfaceFlinger: Layer [com.sec.android.app.launcher/com.sec[...]vities.LauncherActivity$_2742#233835] hidden!! flag(0)
08-13 16:19:58.783  1111  1111 I SurfaceFlinger: Layer [com.android.systemui.wallpapers.ImageWallpaper$_2127#81] hidden!! flag(0)
08-13 16:19:58.783  1111  1111 I SurfaceFlinger: Layer [ActivityRecord{b3168b5 u0 com.sec.an[...].activities.LauncherActivity t6}#123] hidden!! flag(0)
08-13 16:19:58.783  1111  1111 E SurfaceFlinger: alpha changed 1.000 -> 0.000 - Surface(name=Task=1)/@0x29d0958_transition-leash#233839
08-13 16:19:58.783  1111  1111 I SurfaceFlinger: destroyed Transition Root: Task=2234#233828
08-13 16:19:58.784  1111  1111 I SurfaceFlinger: [LayerHierarchy{RequestedLayerState{Task=1#52 parentId=233839} 2 children}] reparent to LayerHierarchy{RequestedLayerState{Surface(name=Task=1)/@0x29d0958_transition-leash#233839 parentId=233838 z=2} 1 children}
08-13 16:19:58.784  1111  1111 I SurfaceFlinger: [LayerHierarchy{RequestedLayerState{Task=2234#233820 parentId=233840} 1 children}] reparent to LayerHierarchy{RequestedLayerState{Surface(name=Task=2234)/@0x793db96_transition-leash#233840 parentId=233838 z=5} 1 children}
08-13 16:19:58.784  1111  1111 I SurfaceFlinger: [Surface(name=Task=2234)/@0x793db96_transition-leash#233840] attach to parent LayerHierarchy{RequestedLayerState{Transition Root: Task=1#233838 parentId=11} 1 children}
08-13 16:19:58.784  1111  1111 I SurfaceFlinger: [Surface(name=Task=1)/@0x29d0958_transition-leash#233839] attach to parent LayerHierarchy{RequestedLayerState{Transition Root: Task=1#233838 parentId=11} 2 children}
08-13 16:19:58.784  2742  2742 I HoneySpace.RectFAnimation: animateToFinalPosition RectF(0.0, 0.0, 1080.0, 2340.0)
08-13 16:19:58.784  2742  2742 I HoneySpace.RectFAnimation: animateToFinalPosition RectF(0.0, 0.24291992, 1080.0, 2340.243)
08-13 16:19:58.784  2742  2742 I HoneySpace.RectFAnimation: animateToFinalPosition RectF(0.23468018, 0.7532959, 1079.7654, 2339.5264)
08-13 16:19:58.784  2742  2742 I HoneySpace.RectFAnimation: animateToFinalPosition RectF(0.23468018, 0.7532959, 1079.7654, 2339.5264)
08-13 16:19:58.785  1111  1111 I Layer   : id=233828 Destroyed Transition Root: Task=2234#233828
08-13 16:19:58.785  2742  4754 I VRI[LauncherActivity]@3489192: mWNT: t=0xb4000076091cb3d0 mBlastBufferQueue=0xb4000075191609b0 fn= 7 HdrRenderState mRenderHdrSdrRatio=1.0 caller= com.android.systemui.shared.launcher.ViewRootImplCompat.mergeWithNextTransaction:4 com.honeyspace.transition.utils.SurfaceTransactionApplier.scheduleApply$lambda$1:26 com.honeyspace.transition.utils.SurfaceTransactionApplier.b:0
08-13 16:19:58.786  2742 10793 I HoneySpace.WallpaperAnimator: createWallpaperSurface
08-13 16:19:58.788  1111  1223 I SurfaceFlinger: id=233841 createSurf, flag=24000, Surface(name=RemoteWallpaperAnim:1:1)/@0xcc52fc5 - animation-leash of remote_wallpaper#233841
08-13 16:19:58.790  2742  4755 I VRI[LauncherActivity]@3489192: mWNT: t=0xb4000076092772d0 mBlastBufferQueue=0xb4000075191609b0 fn= 8 HdrRenderState mRenderHdrSdrRatio=1.0 caller= com.android.systemui.shared.launcher.ViewRootImplCompat.mergeWithNextTransaction:4 com.honeyspace.transition.utils.SurfaceTransactionApplier.scheduleApply$lambda$1:26 com.honeyspace.transition.utils.SurfaceTransactionApplier.b:0
08-13 16:19:58.792  2742  2742 I HoneySpace.RectFAnimation: animateToFinalPosition RectF(0.23468018, 6.3135376, 1079.7654, 2345.0867)
08-13 16:19:58.792  2742  2742 I HoneySpace.RectFAnimation: animateToFinalPosition RectF(5.4454346, 17.625854, 1074.5546, 2329.2078)
08-13 16:19:58.792  2742  2742 I HoneySpace.RectFAnimation: animateToFinalPosition RectF(5.4454346, 17.625854, 1074.5546, 2329.2078)
08-13 16:19:58.792 23813 30394 W FA      : Failed to retrieve Firebase Instance Id
08-13 16:19:58.794  1282  1447 I SurfaceControl: apply, lowDebugName=startRemoteWallpaperAnimation_195625750, caller=android.view.SurfaceControl$Transaction.apply:3122 android.view.SurfaceControl$Transaction.apply:3078 com.android.server.wm.WindowAnimator.animate:380 com.android.server.wm.WindowAnimator$$ExternalSyntheticLambda1.doFrame:14 android.view.Choreographer$CallbackRecord.run:1749 android.view.Choreographer$CallbackRecord.run:1760
08-13 16:19:58.795  1111  1111 D SurfaceFlinger: Display 4633128672291735932 HWC layers:
08-13 16:19:58.795  1111  1111 D SurfaceFlinger:        DEVICE |   0xb4000079e295cad0 | 0001 | RGBA_8888    |    0.0    0.0 1080.0 2340.0 |    0    0 1080 2340 | com.example.cupcake.test/androidx.te[...]tyInvoker$EmptyActivity$_5736#233825 (1)
08-13 16:19:58.795  1111  1111 D SurfaceFlinger:        DEVICE |   0xb4000079e28c2210 | 0001 | RGBA_8888    |    0.0    0.0 1080.0 2340.0 |    0    0 1080 2340 | Splash Screen com.example.cupcake.test$_2127#233823 (1)
08-13 16:19:58.795  1111  1111 D SurfaceFlinger:        DEVICE |   0xb4000079e28be850 | 0001 | RGBA_8888    |    0.0    0.0 1080.0   80.0 |    0    0 1080   80 | StatusBar$_2127#106 (79557)
08-13 16:19:58.795  1111  1111 D SurfaceFlinger:        DEVICE |   0xb4000079e2935310 | 0001 | RGBA_8888    |    0.0    0.0 1080.0  135.0 |    0 2205 1080 2340 | NavigationBar0$_2127#101 (129964)
08-13 16:19:58.795  1111  1111 D SurfaceFlinger:        DEVICE |   0xb4000079e28ad3d0 | 0001 | RGBA_8888    |    0.0  249.0 1034.0  827.0 |   46    0 1080  578 | $_4855#233489 (393)
08-13 16:19:58.795  1111  1111 D SurfaceFlinger:
08-13 16:19:58.796  1111  1111 I SurfaceFlinger: Layer [ActivityRecord{ca13702 u0 com.exampl[...]vity.ComponentActivity t2233}#233809] hidden!! flag(1)
08-13 16:19:58.796  1111  1111 I SurfaceFlinger: Layer [com.example.cupcake/androidx.activity.ComponentActivity$_5596#233813] hidden!! flag(1)
08-13 16:19:58.796  1111  1111 I SurfaceFlinger: [LayerHierarchy{RequestedLayerState{RemoteWallpaperAnim:1:1#7 parentId=233841 z=1} 1 children}] reparent to LayerHierarchy{RequestedLayerState{Surface(name=RemoteWallpaperAnim:1:1)/@0xcc52fc5 - animation-leash of remote_wallpaper#233841 parentId=4} 1 children}
08-13 16:19:58.796  1111  1223 I SurfaceFlinger: id=233842 createSurf, flag=24000, Surface(name=33a6f91 com.example.cupcake.test/androidx.test.core.app.InstrumentationActivityInvoker$EmptyActivity)/@0xeeb3497 - animation-leash of starting_reveal#233842
08-13 16:19:58.796  1111  1111 I SurfaceFlinger: [Surface(name=RemoteWallpaperAnim:1:1)/@0xcc52fc5 - animation-leash of remote_wallpaper#233841] attach to parent LayerHierarchy{RequestedLayerState{OneHanded:0:14#4 parentId=3} 4 children}
08-13 16:19:58.799  5596  5687 D HWUI    : CacheManager::trimMemory(20)
08-13 16:19:58.800  2742  2742 I HoneySpace.RectFAnimation: animateToFinalPosition RectF(5.4454346, 29.685303, 1074.5546, 2341.267)
08-13 16:19:58.800  2742  2742 I HoneySpace.RectFAnimation: animateToFinalPosition RectF(16.277283, 53.12799, 1063.7227, 2308.3606)
08-13 16:19:58.801  2742  4754 I VRI[LauncherActivity]@3489192: mWNT: t=0xb4000076090c8750 mBlastBufferQueue=0xb4000075191609b0 fn= 9 HdrRenderState mRenderHdrSdrRatio=1.0 caller= com.android.systemui.shared.launcher.ViewRootImplCompat.mergeWithNextTransaction:4 com.honeyspace.transition.utils.SurfaceTransactionApplier.scheduleApply$lambda$1:26 com.honeyspace.transition.utils.SurfaceTransactionApplier.b:0
08-13 16:19:58.805  1111  1111 E SurfaceFlinger: alpha changed 0.000 -> 1.000 - Surface(name=Task=1)/@0x29d0958_transition-leash#233839
08-13 16:19:58.805  1111  1111 I SurfaceFlinger: [Surface(name=33a6f91 com.example.cupcake.test/androidx.test.core.app.InstrumentationActivityInvoker$EmptyActivity)/@0xeeb3497 - animation-leash of starting_reveal#233842] attach to parent LayerHierarchy{RequestedLayerState{ActivityRecord{e7f583b u0 com.example.cupcake.test/androidx.test.core.app.InstrumentationActivityInvoker$EmptyActivity t2234}#233821 parentId=233820} 4 children}
08-13 16:19:58.810  2127  2303 D ShellTaskOrganizer: removeStartingWindow, removalInfo=StartingWindowRemovalInfo{taskId=2234 frame=Rect(0, 0 - 1080, 2340) playRevealAnimation=true roundedCornerRadius=0.0 deferRemoveMode=0 windowlessSurface=false removeImmediately=false}
08-13 16:19:58.812  2742  1824 I HoneySpace.RecentTasks: onRecentTasksChanged
08-13 16:19:58.813  1282  1745 V WindowManager: Relayout Window{43eac26 u0 com.example.cupcake/androidx.activity.ComponentActivity}: viewVisibility=8 req=1080x2340 ty=1 d0
08-13 16:19:58.814  1282  1745 V WindowManager: Relayout hash=43eac26, pid=5596, syncId=-1: mAttrs={(0,0)(fillxfill) sim={adjust=pan forwardNavigation} layoutInDisplayCutoutMode=always ty=BASE_APPLICATION wanim=0x1030312
08-13 16:19:58.814  1282  1745 V WindowManager:   fl=81810100
08-13 16:19:58.814  1282  1745 V WindowManager:   pfl=100088c0
08-13 16:19:58.814  1282  1745 V WindowManager:   apr=210
08-13 16:19:58.814  1282  1745 V WindowManager:   bhv=1
08-13 16:19:58.814  1282  1745 V WindowManager:   fitSides=0
08-13 16:19:58.814  1282  1745 V WindowManager:   frameRateBoostOnTouch=true
08-13 16:19:58.814  1282  1745 V WindowManager:   dvrrWindowFrameRateHint=true naviIconColor=0}
08-13 16:19:58.815  2742  4755 I VRI[LauncherActivity]@3489192: mWNT: t=0xb400007609285810 mBlastBufferQueue=0xb4000075191609b0 fn= 10 HdrRenderState mRenderHdrSdrRatio=1.0 caller= com.android.systemui.shared.launcher.ViewRootImplCompat.mergeWithNextTransaction:4 com.honeyspace.transition.utils.SurfaceTransactionApplier.scheduleApply$lambda$1:26 com.honeyspace.transition.utils.SurfaceTransactionApplier.b:0
08-13 16:19:58.816  2742  2742 I HoneySpace.RectFAnimation: animateToFinalPosition RectF(16.277283, 92.70972, 1063.7227, 2347.9424)
08-13 16:19:58.816  2742  2742 I HoneySpace.RectFAnimation: animateToFinalPosition RectF(49.476868, 164.16931, 1030.5232, 2247.6348)
08-13 16:19:58.818  5596  5596 I VRI[ComponentActivity]@f2e05ac: Relayout returned: old=(0,0,1080,2340) new=(0,0,1080,2340) relayoutAsync=false req=(1080,2340)8 dur=4 res=0x2 s={false 0x0} ch=true seqId=0
08-13 16:19:58.818  5596  5596 D VRI[ComponentActivity]@f2e05ac: Not drawing due to not visible. Reason=!mAppVisible && !mForceDecorViewVisibility
08-13 16:19:58.819  5596  5596 I VRI[ComponentActivity]@f2e05ac: stopped(true) old = false
08-13 16:19:58.819  5596  5596 D VRI[ComponentActivity]@f2e05ac: WindowStopped on com.example.cupcake/androidx.activity.ComponentActivity set to true
08-13 16:19:58.819  1282  1447 I SurfaceControl: apply, lowDebugName=CreateStartingRevealAnim, caller=android.view.SurfaceControl$Transaction.apply:3122 android.view.SurfaceControl$Transaction.apply:3078 com.android.server.wm.WindowAnimator.animate:380 com.android.server.wm.WindowAnimator$$ExternalSyntheticLambda1.doFrame:14 android.view.Choreographer$CallbackRecord.run:1749 android.view.Choreographer$CallbackRecord.run:1760
08-13 16:19:58.822  5596  5687 D HWUI    : CacheManager::trimMemory(20)
08-13 16:19:58.824  1111  1111 D SurfaceFlinger: Display 4633128672291735932 HWC layers:
08-13 16:19:58.824  1111  1111 D SurfaceFlinger:        DEVICE |   0xb4000079e28c6110 | 0000 | RGBA_8888    |    0.0    0.0 1080.0 2340.0 |    0    0 1080 2340 | Wallpaper BBQ wrapper 5_system#82 (19)
08-13 16:19:58.824  1111  1111 D SurfaceFlinger:        DEVICE |   0xb4000079e293dd50 | 0001 | RGBA_8888    |    0.0    0.0 1080.0 2340.0 |    0    0 1080 2340 | com.sec.android.app.launcher/com.sec[...]vities.LauncherActivity$_2742#233835 (7)
08-13 16:19:58.824  1111  1111 D SurfaceFlinger:        CLIENT |   0xb4000079e295cad0 | 0001 | RGBA_8888    |    0.0    0.0 1080.0 2340.0 |    0    0 1080 2340 | com.example.cupcake.test/androidx.te[...]tyInvoker$EmptyActivity$_5736#233825 (1)
08-13 16:19:58.824  1111  1111 D SurfaceFlinger:        CLIENT |   0xb4000079e28c2210 | 0001 | RGBA_8888    |    0.0    0.0 1080.0 2340.0 |    0    0 1080 2340 | Splash Screen com.example.cupcake.test$_2127#233823 (1)
08-13 16:19:58.824  1111  1111 D SurfaceFlinger:        DEVICE |   0xb4000079e28c9c90 | 0001 | RGBA_8888    |    0.0    0.0 1080.0   80.0 |    0    0 1080   80 | StatusBar$_2127#106 (79559)
08-13 16:19:58.824  1111  1111 D SurfaceFlinger:        DEVICE |   0xb4000079e2935310 | 0001 | RGBA_8888    |    0.0    0.0 1080.0  135.0 |    0 2205 1080 2340 | NavigationBar0$_21
08-13 16:19:58.824  1111  1111 D SurfaceFlinger: 27#101 (129964)
08-13 16:19:58.824  1111  1111 D SurfaceFlinger:        DEVICE |   0xb4000079e28ad3d0 | 0001 | RGBA_8888    |    0.0  249.0 1034.0  827.0 |   46    0 1080  578 | $_4855#233489 (393)
08-13 16:19:58.824  1111  1111 D SurfaceFlinger:
08-13 16:19:58.824 23813 30394 W FA      : Failed to retrieve Firebase Instance Id
08-13 16:19:58.825  1111  1111 I SurfaceFlinger: [LayerHierarchy{RequestedLayerState{33a6f91 com.example.cupcake.test/androidx.test.core.app.InstrumentationActivityInvoker$EmptyActivity#233824 parentId=233842} 1 children}] reparent to LayerHierarchy{RequestedLayerState{Surface(name=33a6f91 com.example.cupcake.test/androidx.test.core.app.InstrumentationActivityInvoker$EmptyActivity)/@0xeeb3497 - animation-leash of starting_reveal#233842 parentId=233821} 1 children}
08-13 16:19:58.828  2742  1824 I HoneySpace.HistoryViewModel@160600677@OneUI: Illegal access. Unknown type. skip load history items
08-13 16:19:58.830  1282  1444 D PkgPredictorService-SecIpmManagerServiceImpl: bg information pid:5596 uid:10418 pkgName:com.example.cupcake
08-13 16:19:58.835  5596  5596 D LifecycleMonitor: Lifecycle status change: androidx.activity.ComponentActivity@4920581 in: STOPPED
08-13 16:19:58.835  5596  5596 V ActivityScenario: Update currentActivityStage to STOPPED, currentActivity=androidx.activity.ComponentActivity@4920581
08-13 16:19:58.835  2127  2938 I VRI[test]@5517fd7: mWNT: t=0xb4000076091cfb90 mBlastBufferQueue=0xb40000751915a8d0 fn= 2 HdrRenderState mRenderHdrSdrRatio=1.0 caller= android.view.SyncRtSurfaceTransactionApplier.applyTransaction:96 android.view.SyncRtSurfaceTransactionApplier.lambda$scheduleApply$0:69 android.view.SyncRtSurfaceTransactionApplier.$r8$lambda$afI4fXg3U3-nBZQEDQMiNy-B06s:0
