08-13 16:19:57.207  5736  5736 D VRI[InstrumentationActivityInvoker$EmptyActivity]@1672ac: WindowStopped on com.example.cupcake.test/androidx.test.core.app.InstrumentationActivityInvoker$EmptyActivity set to true
08-13 16:19:57.208  5736  5756 D HWUI    : CacheManager::trimMemory(20)
08-13 16:19:57.208  1111  1111 I SurfaceFlinger: Layer [com.example.cupcake.test/androidx.te[...]tyInvoker$EmptyActivity$_5736#233792] hidden!! flag(1)
08-13 16:19:57.208  1111  1111 I SurfaceFlinger: Layer [ActivityRecord{cba1084 u0 com.exampl[...]vity.ComponentActivity t2231}#233775] hidden!! flag(1)
08-13 16:19:57.208  1111  1111 I SurfaceFlinger: Layer [com.example.cupcake/androidx.activity.ComponentActivity$_5596#233779] hidden!! flag(1)
08-13 16:19:57.208  1111  1111 I SurfaceFlinger: destroyed 5da4732 Splash Screen com.example.cupcake.test#233789
08-13 16:19:57.208  1111  1111 I SurfaceFlinger: destroyed Splash Screen com.example.cupcake.test$_2127#233790
08-13 16:19:57.208  1111  1111 I SurfaceFlinger: [LayerHierarchy{RequestedLayerState{RemoteWallpaperAnim:1:1#7 parentId=4 z=1} 1 children}] reparent to LayerHierarchy{RequestedLayerState{OneHanded:0:14#4 parentId=3} 5 children}
08-13 16:19:57.208  1111  1111 I SurfaceFlinger: [LayerHierarchy{RequestedLayerState{Transition Root: Task=1#233800} 2 children}] reparent to OffscreenRoot
08-13 16:19:57.208  1111  1111 I SurfaceFlinger: [LayerHierarchy{RequestedLayerState{Transition Root: Task=1#233800} 2 children}] RelativeParent to null
08-13 16:19:57.208  1111  1111 I SurfaceFlinger: [LayerHierarchy{RequestedLayerState{Surface(name=RemoteWallpaperAnim:1:1)/@0xcc52fc5 - animation-leash of remote_wallpaper#233803} no children}] reparent to OffscreenRoot
08-13 16:19:57.208  1111  1111 I SurfaceFlinger: [LayerHierarchy{RequestedLayerState{Surface(name=RemoteWallpaperAnim:1:1)/@0xcc52fc5 - animation-leash of remote_wallpaper#233803} no children}] RelativeParent to null
08-13 16:19:57.208  2742  2742 I HoneySpace.RectFAnimation: animateToFinalPosition RectF(465.0, 1798.0586, 615.0, 1948.0586)
08-13 16:19:57.209  2127  2127 D SystemUIService: SYSUI_RAM_OPTIMIZATION onTrimMemory=20
08-13 16:19:57.209  2127  2127 D CentralSurfaces: SYSUI_RAM_OPTIMIZATION onTrimMemory=20
08-13 16:19:57.209  2127  2390 D HWUI    : CacheManager::trimMemory(20)
08-13 16:19:57.210  1111  1111 I Layer   : id=233789 Destroyed 5da4732 Splash Screen com.example.cupcake.test#233789
08-13 16:19:57.210  5596  5596 I VRI[ComponentActivity]@4a63735: stopped(true) old = false
08-13 16:19:57.211  1111  1111 I Layer   : id=233790 Destroyed Splash Screen com.example.cupcake.test$_2127#233790
08-13 16:19:57.211  5596  5596 D VRI[ComponentActivity]@4a63735: WindowStopped on com.example.cupcake/androidx.activity.ComponentActivity set to true
08-13 16:19:57.211  5596  5687 D HWUI    : CacheManager::trimMemory(20)
08-13 16:19:57.211  1111  1111 I SurfaceFlinger: id=233803 Removed Surface(name=RemoteWallpaperAnim:1:1)/@0xcc52fc5 - animation-leash of remote_wallpaper#233803 (191)
08-13 16:19:57.211  1111  1111 I SurfaceFlinger: id=233800 Removed Transition Root: Task=1#233800 (191)
08-13 16:19:57.212  2742  1823 I HoneySpace.RecentTasks: onRecentTasksChanged
08-13 16:19:57.213  1282  1444 D PkgPredictorService-SecIpmManagerServiceImpl: bg information pid:5596 uid:10418 pkgName:com.example.cupcake
08-13 16:19:57.213  1282  1444 D PkgPredictorService-SecIpmManagerServiceImpl: bg information pid:5736 uid:10419 pkgName:com.example.cupcake.test
08-13 16:19:57.215  5736  5736 W WindowOnBackDispatcher: sendCancelIfRunning: isInProgress=false callback=android.view.ViewRootImpl$$ExternalSyntheticLambda15@2ce0d98
08-13 16:19:57.217  2742  2742 I HoneySpace.RectFAnimation: animateToFinalPosition RectF(465.0, 1797.9277, 615.0, 1947.9277)
08-13 16:19:57.217  5596  5596 D LifecycleMonitor: Lifecycle status change: androidx.activity.ComponentActivity@89577e6 in: STOPPED
08-13 16:19:57.218  5596  5596 V ActivityScenario: Update currentActivityStage to STOPPED, currentActivity=androidx.activity.ComponentActivity@89577e6
08-13 16:19:57.223  2742  1823 I HoneySpace.HistoryViewModel@160600677@OneUI: Illegal access. Unknown type. skip load history items
08-13 16:19:57.224  2742  2742 I HoneySpace.RectFAnimation: animateToFinalPosition RectF(465.0, 1797.808, 615.0, 1947.808)
08-13 16:19:57.226  1111  1111 I SurfaceFlinger: destroyed Transition Root: Task=1#233800
08-13 16:19:57.226  1111  1111 I SurfaceFlinger: destroyed Surface(name=RemoteWallpaperAnim:1:1)/@0xcc52fc5 - animation-leash of remote_wallpaper#233803
08-13 16:19:57.228  5736  5756 D HWUI    : CacheManager::trimMemory(20)
08-13 16:19:57.229  1111  1111 I Layer   : id=233803 Destroyed Surface(name=RemoteWallpaperAnim:1:1)/@0xcc52fc5 - animation-leash of remote_wallpaper#233803
08-13 16:19:57.229  1111  1111 I Layer   : id=233800 Destroyed Transition Root: Task=1#233800
08-13 16:19:57.231  5736  5736 I VRI[InstrumentationActivityInvoker$EmptyActivity]@1672ac: dispatchDetachedFromWindow
08-13 16:19:57.233  1282  3084 D InputTransport: Input channel destroyed: '9eb0d65', fd=1025
08-13 16:19:57.233  1282  3084 W InputManager-JNI: Input channel object '9eb0d65 com.example.cupcake.test/androidx.test.core.app.InstrumentationActivityInvoker$EmptyActivity (client)' was disposed without first being removed with the input manager!
08-13 16:19:57.233  1282  3084 D InputTransport: Input channel destroyed: '9eb0d65', fd=1026
08-13 16:19:57.234  2742  2742 I HoneySpace.RectFAnimation: animateToFinalPosition RectF(465.0, 1797.0, 615.0, 1947.0)
08-13 16:19:57.234  2742  2742 I HoneySpace.SpringAnimPlayer: [Player:A(56.485)] spring onAnimationEnd
08-13 16:19:57.235  5736  5736 D InputTransport: Input channel destroyed: '9eb0d65', fd=121
08-13 16:19:57.239  5596  5596 D LifecycleMonitor: Lifecycle status change: androidx.activity.ComponentActivity@89577e6 in: DESTROYED
08-13 16:19:57.240  5596  5596 V ActivityScenario: Update currentActivityStage to DESTROYED, currentActivity=null
08-13 16:19:57.240  5596  5596 W WindowOnBackDispatcher: sendCancelIfRunning: isInProgress=false callback=android.view.ViewRootImpl$$ExternalSyntheticLambda15@c1011b1
08-13 16:19:57.241  1111  1732 I SurfaceFlinger: id=233806 createSurf, flag=24004, Task=2232#233806
08-13 16:19:57.244  5736  5756 D HWUI    : CacheManager::trimMemory(40)
08-13 16:19:57.249  1111  1163 I SurfaceFlinger: id=233802 Removed Surface(name=Task=2231)/@0x2a41ee7_transition-leash#233802 (190)
08-13 16:19:57.249  1111  1163 I SurfaceFlinger: id=233801 Removed Surface(name=Task=1)/@0xcc03e01_transition-leash#233801 (190)
08-13 16:19:57.250  1111  1111 I SurfaceFlinger: destroyed Surface(name=Task=2231)/@0x2a41ee7_transition-leash#233802
08-13 16:19:57.250  1111  1111 I SurfaceFlinger: destroyed Surface(name=Task=1)/@0xcc03e01_transition-leash#233801
08-13 16:19:57.250  1111  1111 I SurfaceFlinger: [Task=2232#233806] attach to parent OffscreenRoot
08-13 16:19:57.250  1111  1111 I SurfaceFlinger: [LayerHierarchy{RequestedLayerState{Task=2232#233787 z=4} 1 children}] reparent to OffscreenRoot
08-13 16:19:57.250  1111  1111 I SurfaceFlinger: [LayerHierarchy{RequestedLayerState{Task=2232#233787 z=4} 1 children}] RelativeParent to null
08-13 16:19:57.250  1111  1111 I SurfaceFlinger: [LayerHierarchy{RequestedLayerState{ActivityRecord{acbb6da u0 com.example.cupcake.test/androidx.test.core.app.InstrumentationActivityInvoker$EmptyActivity t2232}#233788} 1 children}] reparent to OffscreenRoot
08-13 16:19:57.250  1111  1111 I SurfaceFlinger: [LayerHierarchy{RequestedLayerState{ActivityRecord{acbb6da u0 com.example.cupcake.test/androidx.test.core.app.InstrumentationActivityInvoker$EmptyActivity t2232}#233788} 1 children}] RelativeParent to null
08-13 16:19:57.250  1111  1111 I SurfaceFlinger: [LayerHierarchy{RequestedLayerState{com.example.cupcake.test/androidx.test.core.app.InstrumentationActivityInvoker$EmptyActivity$_5736#233792} no children}] reparent to OffscreenRoot
08-13 16:19:57.250  1111  1111 I SurfaceFlinger: [LayerHierarchy{RequestedLayerState{com.example.cupcake.test/androidx.test.core.app.InstrumentationActivityInvoker$EmptyActivity$_5736#233792} no children}] RelativeParent to null
08-13 16:19:57.250  1111  1111 I SurfaceFlinger: [LayerHierarchy{RequestedLayerState{9eb0d65 com.example.cupcake.test/androidx.test.core.app.InstrumentationActivityInvoker$EmptyActivity#233791} no children}] reparent to OffscreenRoot
08-13 16:19:57.250  1111  1111 I SurfaceFlinger: [LayerHierarchy{RequestedLayerState{9eb0d65 com.example.cupcake.test/androidx.test.core.app.InstrumentationActivityInvoker$EmptyActivity#233791} no children}] RelativeParent to null
08-13 16:19:57.252  2742  2100 I HoneySpace.RecentTasks: onRecentTasksChanged
08-13 16:19:57.252  1111  1111 I Layer   : id=233802 Destroyed Surface(name=Task=2231)/@0x2a41ee7_transition-leash#233802
08-13 16:19:57.252  1111  1111 I Layer   : id=233801 Destroyed Surface(name=Task=1)/@0xcc03e01_transition-leash#233801
08-13 16:19:57.253  1111  1111 I SurfaceFlinger: id=233806 Removed Task=2232#233806 (188)
08-13 16:19:57.253  1111  1111 I SurfaceFlinger: id=233788 Removed ActivityRecord{acbb6da u0 com.example.cupcake.test/androidx.test.core.app.InstrumentationActivityInvoker$EmptyActivity t2232}#233788 (188)
08-13 16:19:57.253  1111  1111 I SurfaceFlinger: id=233791 Removed 9eb0d65 com.example.cupcake.test/androidx.test.core.app.InstrumentationActivityInvoker$EmptyActivity#233791 (188)
08-13 16:19:57.253  1111  1111 I SurfaceFlinger: id=233792 Removed com.example.cupcake.test/androidx.test.core.app.InstrumentationActivityInvoker$EmptyActivity$_5736#233792 (188)
08-13 16:19:57.255  5596  5687 D HWUI    : CacheManager::trimMemory(20)
08-13 16:19:57.256  2742  2742 I HoneySpace.TaskListViewModel: onTaskRemoved : 2232
08-13 16:19:57.256  2742  2742 I HoneySpace.TaskListViewModel: onTaskRemoved : 2232
08-13 16:19:57.256  2742  2742 I HoneySpace.TaskListPot: taskRemoveId, taskId = 2232
08-13 16:19:57.256  5596  5596 I VRI[ComponentActivity]@4a63735: dispatchDetachedFromWindow
08-13 16:19:57.256  2742  2742 I HoneySpace.StackRecentsView: INVALID_TASK_POSITION 2232
08-13 16:19:57.256  2742  2742 I HoneySpace.TaskListViewModel: onTaskRemoved : 2232
08-13 16:19:57.256  2742  2742 I HoneySpace.TaskListViewModel: onTaskRemoved : 2232
08-13 16:19:57.256  2742  2742 I HoneySpace.TaskListPot: taskRemoveId, taskId = 2232
08-13 16:19:57.256  2742  2742 I HoneySpace.StackRecentsView: INVALID_TASK_POSITION 2232
08-13 16:19:57.256  1282  1745 D InputTransport: Input channel destroyed: 'b8e167 ', fd=932
08-13 16:19:57.256  1282  1745 W InputManager-JNI: Input channel object 'b8e167 com.example.cupcake/androidx.activity.ComponentActivity (client)' was disposed without first being removed with the input manager!
08-13 16:19:57.256  1282  1745 D InputTransport: Input channel destroyed: 'b8e167 ', fd=1018
08-13 16:19:57.259  2742  2887 I HoneySpace.TopTaskSource: onTaskRemoved: 2232
08-13 16:19:57.260  1111  1111 I SurfaceFlinger: destroyed Task=2232#233806
08-13 16:19:57.260  1111  1111 I SurfaceFlinger: destroyed 9eb0d65 com.example.cupcake.test/androidx.test.core.app.InstrumentationActivityInvoker$EmptyActivity#233791
08-13 16:19:57.260  1111  1111 I SurfaceFlinger: destroyed com.example.cupcake.test/androidx.test.core.app.InstrumentationActivityInvoker$EmptyActivity$_5736#233792
08-13 16:19:57.260  1111  1111 I SurfaceFlinger: destroyed ActivityRecord{acbb6da u0 com.example.cupcake.test/androidx.test.core.app.InstrumentationActivityInvoker$EmptyActivity t2232}#233788
08-13 16:19:57.262  1111  1111 I Layer   : id=233791 Destroyed 9eb0d65 com.example.cupcake.test/androidx.test.core.app.InstrumentationActivityInvoker$EmptyActivity#233791
08-13 16:19:57.262  1111  1111 I Layer   : id=233806 Destroyed Task=2232#233806
08-13 16:19:57.262  1111  1111 I Layer   : id=233792 Destroyed com.example.cupcake.test/androidx.test.core.app.InstrumentationActivityInvoker$EmptyActivity$_5736#233792
08-13 16:19:57.263  1111  1111 I Layer   : id=233788 Destroyed ActivityRecord{acbb6da u0 com.example.cupcake.test/androidx.test.core.app.InstrumentationActivityInvoker$EmptyActivity t2232}#233788
08-13 16:19:57.263  5596  5596 D InputTransport: Input channel destroyed: 'b8e167 ', fd=98
08-13 16:19:57.264  2742  2100 I HoneySpace.HistoryViewModel@160600677@OneUI: Illegal access. Unknown type. skip load history items
08-13 16:19:57.268  2742  2742 I HoneySpace.RectFAnimation: animation ended
08-13 16:19:57.268  2742  2742 I HoneySpace.SpringAnimPlayer: [Player:A(56.485)] floating spring animator end
08-13 16:19:57.269  1111  1163 I SurfaceFlinger: id=233783 Removed 9366d16 ActivityRecordInputSink com.example.cupcake/androidx.activity.ComponentActivity#233783 (184)
08-13 16:19:57.271  1111  1162 I SurfaceFlinger: id=233807 createSurf, flag=24004, Task=2231#233807
08-13 16:19:57.273  2742  2887 I HoneySpace.TopTaskSource: onTaskRemoved: 2232
08-13 16:19:57.275  1111  1111 I SurfaceFlinger: [Task=2231#233807] attach to parent Root
08-13 16:19:57.284  5596  5677 D IdlingRegistry: Unregistering idling resources: [androidx.compose.ui.test.EspressoLink@a9f14d3]
08-13 16:19:57.285  2742  1823 I HoneySpace.RecentTasks: onRecentTasksChanged
08-13 16:19:57.286  5596  5677 I TestRunner: finished: cupcakeNavHost_clickNextOnPickupScreen_navigatesToSummaryScreen(com.example.cupcake.test.CupcakeScreenNavigationTest)
