08-13 16:19:48.197  1111  1111 I Layer   : id=233604 Destroyed [BBQ] Right Edge Extension#233602#233604
08-13 16:19:48.208  2127  2127 D SamsungLightBarControlHelper: updateStatusBar (WHITE icon) numStacks:1, StatusBarMode:MODE_TRANSPARENT, lightBarBounds:[], StatusBarState:SHADE, packageName:, isWhiteKeyguardStatusBar:false
08-13 16:19:48.208  2127  2127 D SamsungLightBarControlHelper: onStatusBarAppearanceChanged() -  sbModeChanged:false, statusBarMode:0, barState:MODE_TRANSPARENT, isKeyguardShowing:false, navbarColorManagedByIme:false, (AppearanceRegion{ bounds=[0,0][1080,2340]}, )
08-13 16:19:48.208  2127  2127 D NavigationBar: onSystemBarAttributesChanged() -  displayId:0, appearance:0, packageName: com.sec.android.app.launcher, navbarColorManagedByIme:false
08-13 16:19:48.213  1111  1223 I SurfaceFlinger: id=233611 createSurf, flag=84000, 901a4dd ActivityRecordInputSink com.example.cupcake.test/androidx.test.core.app.InstrumentationActivityInvoker$EmptyActivity#233611
08-13 16:19:48.214  5596  5596 I VRI[ComponentActivity]@1bd881c: handleAppVisibility mAppVisible = true visible = false
08-13 16:19:48.214  5596  5596 D VRI[ComponentActivity]@1bd881c: visibilityChanged oldVisibility=true newVisibility=false
08-13 16:19:48.216  2127  2303 I SurfaceControlRegistry: show, t=StartTransaction_SyncId<20530> sc=Transition Root: Task=1, caller=android.view.SurfaceControl$Transaction.show:3232 com.android.wm.shell.transition.Transitions.playTransition:81 com.android.wm.shell.transition.Transitions.processReadyQueue:250 com.android.wm.shell.transition.Transitions.onFinish:521 com.android.wm.shell.transition.Transitions$$ExternalSyntheticLambda8.onTransitionFinished:10 com.android.wm.shell.transition.DefaultTransitionHandler$$ExternalSyntheticLambda6.run:36
08-13 16:19:48.217  1111  1111 I SurfaceFlinger: [LayerHierarchy{RequestedLayerState{Transition Root: Task=2222#233601 z=4} no children}] reparent to OffscreenRoot
08-13 16:19:48.217  1111  1111 I SurfaceFlinger: [LayerHierarchy{RequestedLayerState{Transition Root: Task=2222#233601 z=4} no children}] RelativeParent to null
08-13 16:19:48.217  1111  1111 I SurfaceFlinger: [901a4dd ActivityRecordInputSink com.example.cupcake.test/androidx.test.core.app.InstrumentationActivityInvoker$EmptyActivity#233611] attach to parent LayerHierarchy{RequestedLayerState{ActivityRecord{8fa723 u0 com.example.cupcake.test/androidx.test.core.app.InstrumentationActivityInvoker$EmptyActivity t2222}#233594 parentId=233593} 3 children}
08-13 16:19:48.218  1111  1111 I SurfaceFlinger: id=233601 Removed Transition Root: Task=2222#233601 (168)
08-13 16:19:48.219  1111  1163 I SurfaceFlinger: id=233612 createSurf, flag=84000, Surface(name=Task=1)/@0xc53b9d3_transition-leash#233612
08-13 16:19:48.219  2742  3854 I SurfaceControlRegistry: show, t=StartTransaction_SyncId<20530> sc=Task=1, caller=android.view.SurfaceControl$Transaction.show:3232 P.g.a:125 P.g.o:0 P.g.n:0 com.android.systemui.animation.RemoteAnimationTargetCompat.wrap:48 com.android.systemui.animation.RemoteAnimationTargetCompat.wrapApps:10
08-13 16:19:48.219  1111  1162 I SurfaceFlinger: id=233613 createSurf, flag=84000, Surface(name=Task=2222)/@0xd823c09_transition-leash#233613
08-13 16:19:48.220  2742  3854 I SurfaceControlRegistry: show, t=StartTransaction_SyncId<20530> sc=Task=2222, caller=android.view.SurfaceControl$Transaction.show:3232 P.g.a:125 P.g.o:0 P.g.n:0 com.android.systemui.animation.RemoteAnimationTargetCompat.wrap:48 com.android.systemui.animation.RemoteAnimationTargetCompat.wrapApps:10
08-13 16:19:48.220  2742  2101 I HoneySpace.RecentTasks: onRecentTasksChanged
08-13 16:19:48.221  2742  3854 I SurfaceControlRegistry: apply, t=StartTransaction_SyncId<20530>, caller=android.view.SurfaceControl$Transaction.apply:3135 android.view.SurfaceControl$Transaction.apply:3122 android.view.SurfaceControl$Transaction.apply:3078 com.android.systemui.animation.RemoteAnimationRunnerCompat$1.startAnimation:634 android.window.IRemoteTransition$Stub.onTransact:158 android.os.Binder.execTransactInternal:1541
08-13 16:19:48.221  2742  3854 I HoneySpace.ShellAnimationRunner: [onAnimationStart] appTarget(0) : taskId-1, mode-0
08-13 16:19:48.221  2742  3854 I HoneySpace.ShellAnimationRunner: cookie: -2147483648
08-13 16:19:48.221  2742  3854 I HoneySpace.ShellAnimationRunner: [onAnimationStart] appTarget(1) : taskId-2222, mode-1
08-13 16:19:48.221  2742  2742 I HoneySpace.ShellAnimationRunner: this , com.honeyspace.transition.ShellAnimationRunner@f416450
08-13 16:19:48.221  2742  2742 I HoneySpace.ShellAnimationRunner: finishExistingAnimation, null
08-13 16:19:48.221  2742  2742 I HoneySpace.AppCloseAnimationDelegate: onAnimationStart
08-13 16:19:48.222  2742  2742 I HoneySpace.AppCloseAnimationDelegate: findTargetView() called with: targets = com.honeyspace.transition.remote.RemoteAnimationTargets@894363c, centerMostInfo = null
08-13 16:19:48.222  2742  2742 I HoneySpace.AppCloseAnimationDelegate: findTargetValue [cookie--2147483648, pkgName-com.example.cupcake.test]
08-13 16:19:48.222  2742  2742 I HoneySpace.AppCloseAnimationDelegate: findTargetView found:null, null
08-13 16:19:48.222  2742  2742 I HoneySpace.AppCloseAnimationDelegate: getCloseAnimator : isGestureClosing-true, target-null
08-13 16:19:48.222  2742  2742 I HoneySpace.FloatingAnimator: playerCount : 1
08-13 16:19:48.222  2742  2742 I HoneySpace.FloatingAnimator: [Player:A(48.222)] create
08-13 16:19:48.222  2742  2742 I HoneySpace.AppCloseAnimationDelegate: playFloatingIconAnim, appPlayer: A(48.222)
08-13 16:19:48.222  2742  2742 I HoneySpace.TransitionUtils: [getRotationChange] home-0, app-0
08-13 16:19:48.222  2742  2742 I HoneySpace.TransitionUtils: getWindowTargetBounds: Rect(0, 0 - 1080, 2340)
08-13 16:19:48.222  2742  2742 I HoneySpace.FloatingAnimator: setup no target anim
08-13 16:19:48.223  2742  2742 I HoneySpace.SpringAnimPlayer: [Player:A(48.222)] spring onAnimationStart
08-13 16:19:48.223  2742  2742 I HoneySpace.ContentsAnimator: from : 0.0
08-13 16:19:48.223  2742  2742 I HoneySpace.HoneyScreenManagerImpl: Close floating task bar
08-13 16:19:48.223  2742  2742 I HoneySpace.WorkspaceViewModel: StartContentAnimation, type: AppClose, inProgress: true
08-13 16:19:48.223  2742  2742 I HoneySpace.ContentsAnimator: ContentsAnimator start [189709763]
08-13 16:19:48.223  2742  2742 I HoneySpace.AnimationResult: setAnimation, animation: false
08-13 16:19:48.224  2742  2742 I HoneySpace.AppTransitionAnimationAwait: proceed 0
08-13 16:19:48.224  2742  2742 I HoneySpace.AppTransitionAnimationAwait: prepare refCnt:1 timeout:800
08-13 16:19:48.225  2742  2742 I HoneySpace.RectFAnimation: animateToFinalPosition RectF(0.0, 0.0, 1080.0, 2340.0)
08-13 16:19:48.225  2742  2742 I HoneySpace.RectFAnimation: animateToFinalPosition RectF(0.0, 0.0, 1080.0, 2340.0)
08-13 16:19:48.225  2742  2742 I HoneySpace.RectFAnimation: animateToFinalPosition RectF(0.0, 0.0, 1080.0, 2340.0)
08-13 16:19:48.227  2742  4755 I VRI[LauncherActivity]@3489192: mWNT: t=0xb4000076097632d0 mBlastBufferQueue=0xb4000075190eebd0 fn= 9 HdrRenderState mRenderHdrSdrRatio=1.0 caller= com.android.systemui.shared.launcher.ViewRootImplCompat.mergeWithNextTransaction:4 com.honeyspace.transition.utils.SurfaceTransactionApplier.scheduleApply$lambda$1:26 com.honeyspace.transition.utils.SurfaceTransactionApplier.b:0
08-13 16:19:48.230  2742  2101 I HoneySpace.HistoryViewModel@160600677@OneUI: Illegal access. Unknown type. skip load history items
08-13 16:19:48.231  2742 28910 I HoneySpace.RecentTasks: onRecentTasksChanged
08-13 16:19:48.233  2742  2742 I HoneySpace.RectFAnimation: animateToFinalPosition RectF(0.0, 0.0, 1080.0, 2340.0)
08-13 16:19:48.233  2742  2742 I HoneySpace.RectFAnimation: animateToFinalPosition RectF(0.0, 3.7610474, 1080.0, 2343.761)
08-13 16:19:48.233  2742  2742 I HoneySpace.RectFAnimation: animateToFinalPosition RectF(3.555481, 11.483948, 1076.4446, 2332.9204)
08-13 16:19:48.233  2742  2742 I HoneySpace.RectFAnimation: animateToFinalPosition RectF(3.555481, 11.483948, 1076.4446, 2332.9204)
08-13 16:19:48.235  2742  4754 I VRI[LauncherActivity]@3489192: mWNT: t=0xb4000076092a7690 mBlastBufferQueue=0xb4000075190eebd0 fn= 10 HdrRenderState mRenderHdrSdrRatio=1.0 caller= com.android.systemui.shared.launcher.ViewRootImplCompat.mergeWithNextTransaction:4 com.honeyspace.transition.utils.SurfaceTransactionApplier.scheduleApply$lambda$1:26 com.honeyspace.transition.utils.SurfaceTransactionApplier.b:0
08-13 16:19:48.236  2742 10793 I HoneySpace.WallpaperAnimator: createWallpaperSurface
08-13 16:19:48.239  1111  1111 E SurfaceFlinger: alpha changed 1.000 -> 0.000 - Surface(name=Task=1)/@0xc53b9d3_transition-leash#233612
08-13 16:19:48.239  1111  1111 I SurfaceFlinger: Layer [Task=1#52] hidden!! flag(0)
08-13 16:19:48.239  1111  1111 I SurfaceFlinger: Layer [WallpaperWindowToken{b638ffb token=android.os.Binder@64ddd8a}#74] hidden!! flag(0)
08-13 16:19:48.239  1111  1111 I SurfaceFlinger: Layer [Task=6#122] hidden!! flag(0)
08-13 16:19:48.239  1111  1111 I SurfaceFlinger: Layer [Transition Root: Task=1#233610] hidden!! flag(0)
08-13 16:19:48.239  1111  1111 I SurfaceFlinger: Layer [com.sec.android.app.launcher/com.sec[...]vities.LauncherActivity$_2742#233607] hidden!! flag(0)
08-13 16:19:48.239  1111  1111 I SurfaceFlinger: Layer [com.android.systemui.wallpapers.ImageWallpaper$_2127#81] hidden!! flag(0)
08-13 16:19:48.239  1111  1111 I SurfaceFlinger: Layer [com.example.cupcake.test/androidx.te[...]tyInvoker$EmptyActivity$_5736#233598] hidden!! flag(0)
08-13 16:19:48.239  1111  1111 I SurfaceFlinger: Layer [ActivityRecord{b3168b5 u0 com.sec.an[...].activities.LauncherActivity t6}#123] hidden!! flag(0)
08-13 16:19:48.239  1111  1111 I SurfaceFlinger: Layer [com.example.cupcake/androidx.activity.ComponentActivity$_5596#233586] hidden!! flag(1)
08-13 16:19:48.239  1111  1111 I SurfaceFlinger: Layer [ActivityRecord{38bc2ed u0 com.exampl[...]vity.ComponentActivity t2221}#233582] hidden!! flag(1)
08-13 16:19:48.239  1111  1111 E SurfaceFlinger: alpha changed 0.000 -> 1.000 - Surface(name=Task=1)/@0xc53b9d3_transition-leash#233612
08-13 16:19:48.239  1111  1111 I SurfaceFlinger: destroyed Transition Root: Task=2222#233601
08-13 16:19:48.239  1111  1111 I SurfaceFlinger: [LayerHierarchy{RequestedLayerState{Task=1#52 parentId=233612} 2 children}] reparent to LayerHierarchy{RequestedLayerState{Surface(name=Task=1)/@0xc53b9d3_transition-leash#233612 parentId=233610 z=2} 1 children}
08-13 16:19:48.239  1111  1111 I SurfaceFlinger: [LayerHierarchy{RequestedLayerState{Task=2222#233593 parentId=233613} 1 children}] reparent to LayerHierarchy{RequestedLayerState{Surface(name=Task=2222)/@0xd823c09_transition-leash#233613 parentId=233610 z=5} 1 children}
08-13 16:19:48.239  1111  1111 I SurfaceFlinger: [Surface(name=Task=2222)/@0xd823c09_transition-leash#233613] attach to parent LayerHierarchy{RequestedLayerState{Transition Root: Task=1#233610 parentId=11} 1 children}
08-13 16:19:48.239  1111  1111 I SurfaceFlinger: [Surface(name=Task=1)/@0xc53b9d3_transition-leash#233612] attach to parent LayerHierarchy{RequestedLayerState{Transition Root: Task=1#233610 parentId=11} 2 children}
08-13 16:19:48.240  2742 28910 I HoneySpace.HistoryViewModel@160600677@OneUI: Illegal access. Unknown type. skip load history items
08-13 16:19:48.240  1111  1111 I Layer   : id=233601 Destroyed Transition Root: Task=2222#233601
08-13 16:19:48.241  2742  2742 I HoneySpace.RectFAnimation: animateToFinalPosition RectF(3.555481, 22.019775, 1076.4446, 2343.4563)
08-13 16:19:48.241  2742  2742 I HoneySpace.RectFAnimation: animateToFinalPosition RectF(13.122986, 42.742126, 1066.877, 2314.3682)
08-13 16:19:48.242  1111  1162 I SurfaceFlinger: id=233614 createSurf, flag=24000, Surface(name=RemoteWallpaperAnim:1:1)/@0xcc52fc5 - animation-leash of remote_wallpaper#233614
08-13 16:19:48.243  5596  5687 D HWUI    : CacheManager::trimMemory(20)
08-13 16:19:48.244  2742  2742 I HoneySpace.RectFAnimation: animateToFinalPosition RectF(13.122986, 42.742126, 1066.877, 2314.3682)
08-13 16:19:48.245  2742  4755 I VRI[LauncherActivity]@3489192: mWNT: t=0xb400007609259c10 mBlastBufferQueue=0xb4000075190eebd0 fn= 11 HdrRenderState mRenderHdrSdrRatio=1.0 caller= com.android.systemui.shared.launcher.ViewRootImplCompat.mergeWithNextTransaction:4 com.honeyspace.transition.utils.SurfaceTransactionApplier.scheduleApply$lambda$1:26 com.honeyspace.transition.utils.SurfaceTransactionApplier.b:0
08-13 16:19:48.248  1111  1162 I SurfaceFlinger: id=233615 createSurf, flag=24000, Surface(name=41b9b0a com.example.cupcake.test/androidx.test.core.app.InstrumentationActivityInvoker$EmptyActivity)/@0x991a9ce - animation-leash of starting_reveal#233615
08-13 16:19:48.251  2742  2742 I HoneySpace.RectFAnimation: animateToFinalPosition RectF(13.122986, 66.35925, 1066.877, 2337.9854)
08-13 16:19:48.251  2742  2742 I HoneySpace.RectFAnimation: animateToFinalPosition RectF(33.457733, 110.22211, 1046.5422, 2276.4153)
08-13 16:19:48.254  2742  4754 I VRI[LauncherActivity]@3489192: mWNT: t=0xb400007609146750 mBlastBufferQueue=0xb4000075190eebd0 fn= 12 HdrRenderState mRenderHdrSdrRatio=1.0 caller= com.android.systemui.shared.launcher.ViewRootImplCompat.mergeWithNextTransaction:4 com.honeyspace.transition.utils.SurfaceTransactionApplier.scheduleApply$lambda$1:26 com.honeyspace.transition.utils.SurfaceTransactionApplier.b:0
08-13 16:19:48.256  2127  2303 D ShellTaskOrganizer: removeStartingWindow, removalInfo=StartingWindowRemovalInfo{taskId=2222 frame=Rect(0, 0 - 1080, 2340) playRevealAnimation=true roundedCornerRadius=0.0 deferRemoveMode=0 windowlessSurface=false removeImmediately=false}
08-13 16:19:48.258  1282  4807 V WindowManager: Relayout Window{b76cf34 u0 com.example.cupcake/androidx.activity.ComponentActivity}: viewVisibility=8 req=1080x2340 ty=1 d0
08-13 16:19:48.258  2742  2742 I HoneySpace.RectFAnimation: animateToFinalPosition RectF(33.457733, 126.77673, 1046.5422, 2292.9697)
08-13 16:19:48.258  2742  2742 I HoneySpace.RectFAnimation: animateToFinalPosition RectF(47.075073, 156.0379, 1032.9249, 2251.896)
08-13 16:19:48.259  2742  1824 I HoneySpace.RecentTasks: onRecentTasksChanged
08-13 16:19:48.260  1282  4807 V WindowManager: Relayout hash=b76cf34, pid=5596, syncId=-1: mAttrs={(0,0)(fillxfill) sim={adjust=pan forwardNavigation} layoutInDisplayCutoutMode=always ty=BASE_APPLICATION wanim=0x1030312
08-13 16:19:48.260  1282  4807 V WindowManager:   fl=81810100
08-13 16:19:48.260  1282  4807 V WindowManager:   pfl=100088c0
08-13 16:19:48.260  1282  4807 V WindowManager:   apr=210
08-13 16:19:48.260  1282  4807 V WindowManager:   bhv=1
08-13 16:19:48.260  1282  4807 V WindowManager:   fitSides=0
08-13 16:19:48.260  1282  4807 V WindowManager:   frameRateBoostOnTouch=true
08-13 16:19:48.260  1282  4807 V WindowManager:   dvrrWindowFrameRateHint=true naviIconColor=0}
08-13 16:19:48.260  1111  1111 D SurfaceFlinger: Display 4633128672291735932 HWC layers:
08-13 16:19:48.260  1111  1111 D SurfaceFlinger:        DEVICE |   0xb4000079e28c6110 | 0000 | RGBA_8888    |    0.0    0.0 1080.0 2340.0 |    0    0 1080 2340 | Wallpaper BBQ wrapper 5_system#82 (19)
08-13 16:19:48.260  1111  1111 D SurfaceFlinger:        DEVICE |   0xb4000079e2920f50 | 0001 | RGBA_8888    |    0.0    0.0 1080.0 2340.0 |    0    0 1080 2340 | com.sec.android.app.launcher/com.sec[...]vities.LauncherActivity$_2742#233607 (9)
08-13 16:19:48.260  1111  1111 D SurfaceFlinger:        CLIENT |   0xb4000079e28a0710 | 0001 | RGBA_8888    |    0.0    0.0 1080.0 2340.0 |    0    0 1080 2340 | com.example.cupcake.test/androidx.te[...]tyInvoker$EmptyActivity$_5736#233598 (1)
08-13 16:19:48.260  1111  1111 D SurfaceFlinger:        CLIENT |   0xb4000079e2941010 | 0001 | RGBA_8888    |    0.0    0.0 1080.0 2340.0 |    0    0 1080 2340 | Splash Screen com.example.cupcake.test$_2127#233597 (1)
08-13 16:19:48.260  1111  1111 D SurfaceFlinger:        DEVICE |   0xb4000079e28c9c90 | 0001 | RGBA_8888    |    0.0    0.0 1080.0   80.0 |    0    0 1080   80 | StatusBar$_2127#106 (79391)
08-13 16:19:48.260  1111  1111 D SurfaceFlinger:        DEVICE |   0xb4000079e29075d0 | 0001 | RGBA_8888    |    0.0    0.0 1080.0  135.0 |    0 2205 1080 2340 | NavigationBar0$_21
08-13 16:19:48.260  1111  1111 D SurfaceFlinger: 27#101 (129766)
08-13 16:19:48.260  1111  1111 D SurfaceFlinger:        DEVICE |   0xb4000079e2910550 | 0001 | RGBA_8888    |    0.0  249.0 1034.0  827.0 |   46    0 1080  578 | $_4855#233489 (382)
08-13 16:19:48.260  1111  1111 D SurfaceFlinger:
08-13 16:19:48.262  1111  1111 I SurfaceFlinger: [Surface(name=RemoteWallpaperAnim:1:1)/@0xcc52fc5 - animation-leash of remote_wallpaper#233614] attach to parent LayerHierarchy{RequestedLayerState{OneHanded:0:14#4 parentId=3} 5 children}
08-13 16:19:48.262  1111  1111 I SurfaceFlinger: [Surface(name=41b9b0a com.example.cupcake.test/androidx.test.core.app.InstrumentationActivityInvoker$EmptyActivity)/@0x991a9ce - animation-leash of starting_reveal#233615] attach to parent LayerHierarchy{RequestedLayerState{ActivityRecord{8fa723 u0 com.example.cupcake.test/androidx.test.core.app.InstrumentationActivityInvoker$EmptyActivity t2222}#233594 parentId=233593} 4 children}
08-13 16:19:48.265  1282  1447 I SurfaceControl: apply, lowDebugName=startRemoteWallpaperAnimation_61718217 CreateStartingRevealAnim, caller=android.view.SurfaceControl$Transaction.apply:3122 android.view.SurfaceControl$Transaction.apply:3078 com.android.server.wm.WindowAnimator.animate:380 com.android.server.wm.WindowAnimator$$ExternalSyntheticLambda1.doFrame:14 android.view.Choreographer$CallbackRecord.run:1749 android.view.Choreographer$CallbackRecord.run:1760
08-13 16:19:48.267  1282  1341 D InputDispatcher: Focus entered window (0): c2c214a com.sec.android.app.launcher/com.sec.android.app.launcher.activities.LauncherActivity
08-13 16:19:48.272  2742  1824 I HoneySpace.HistoryViewModel@160600677@OneUI: Illegal access. Unknown type. skip load history items
08-13 16:19:48.276  1111  1111 I SurfaceFlinger: [LayerHierarchy{RequestedLayerState{RemoteWallpaperAnim:1:1#7 parentId=233614 z=1} 1 children}] reparent to LayerHierarchy{RequestedLayerState{Surface(name=RemoteWallpaperAnim:1:1)/@0xcc52fc5 - animation-leash of remote_wallpaper#233614 parentId=4} 1 children}
08-13 16:19:48.276  1111  1111 I SurfaceFlinger: [LayerHierarchy{RequestedLayerState{41b9b0a com.example.cupcake.test/androidx.test.core.app.InstrumentationActivityInvoker$EmptyActivity#233596 parentId=233615} 1 children}] reparent to LayerHierarchy{RequestedLayerState{Surface(name=41b9b0a com.example.cupcake.test/androidx.test.core.app.InstrumentationActivityInvoker$EmptyActivity)/@0x991a9ce - animation-leash of starting_reveal#233615 parentId=233594} 1 children}
08-13 16:19:48.280  2742  2742 I HoneySpace.RectFAnimation: animateToFinalPosition RectF(47.075073, 232.6253, 1032.9249, 2328.4834)
08-13 16:19:48.280  2742  4755 I VRI[LauncherActivity]@3489192: mWNT: t=0xb40000760926c590 mBlastBufferQueue=0xb4000075190eebd0 fn= 13 HdrRenderState mRenderHdrSdrRatio=1.0 caller= com.android.systemui.shared.launcher.ViewRootImplCompat.mergeWithNextTransaction:4 com.honeyspace.transition.utils.SurfaceTransactionApplier.scheduleApply$lambda$1:26 com.honeyspace.transition.utils.SurfaceTransactionApplier.b:0
08-13 16:19:48.280  2742  2742 I HoneySpace.RectFAnimation: animateToFinalPosition RectF(105.34152, 356.8767, 974.65845, 2154.072)
08-13 16:19:48.284  2742  3854 I HoneySpace.WallpaperAnimator: onAnimationStart, wallpapers: Surface(name=Surface(name=RemoteWallpaperAnim:1:1)/@0xcc52fc5 - animation-leash of remote_wallpaper)/@0xdd6cacc
08-13 16:19:48.284  5596  5596 I VRI[ComponentActivity]@1bd881c: Relayout returned: old=(0,0,1080,2340) new=(0,0,1080,2340) relayoutAsync=false req=(1080,2340)8 dur=28 res=0x2 s={false 0x0} ch=true seqId=0
08-13 16:19:48.284  5596  5596 D VRI[ComponentActivity]@1bd881c: Not drawing due to not visible. Reason=!mAppVisible && !mForceDecorViewVisibility
08-13 16:19:48.285  5596  5596 I VRI[ComponentActivity]@1bd881c: stopped(true) old = false
08-13 16:19:48.285  5596  5596 D VRI[ComponentActivity]@1bd881c: WindowStopped on com.example.cupcake/androidx.activity.ComponentActivity set to true
08-13 16:19:48.285  5596  5687 D HWUI    : CacheManager::trimMemory(20)
08-13 16:19:48.286  5596  5596 D LifecycleMonitor: Lifecycle status change: androidx.activity.ComponentActivity@c380e31 in: STOPPED
08-13 16:19:48.286  5596  5596 V ActivityScenario: Update currentActivityStage to STOPPED, currentActivity=androidx.activity.ComponentActivity@c380e31
08-13 16:19:48.293  1062  6021 I HYPER-HAL: [RequestManager.cpp]releaseLocked(): Released ID : 850882
08-13 16:19:48.295  1282  1444 D PkgPredictorService-SecIpmManagerServiceImpl: bg information pid:5596 uid:10418 pkgName:com.example.cupcake
08-13 16:19:48.311  2742  2742 I InputMethodManager: startInputInner - IInputMethodManagerGlobalInvoker.startInputOrWindowGainedFocus
08-13 16:19:48.311  2127  2937 I VRI[test]@ef49d23: mWNT: t=0xb40000760911f150 mBlastBufferQueue=0xb4000075190c7ad0 fn= 2 HdrRenderState mRenderHdrSdrRatio=1.0 caller= android.view.SyncRtSurfaceTransactionApplier.applyTransaction:96 android.view.SyncRtSurfaceTransactionApplier.lambda$scheduleApply$0:69 android.view.SyncRtSurfaceTransactionApplier.$r8$lambda$afI4fXg3U3-nBZQEDQMiNy-B06s:0
08-13 16:19:48.311  2127  2937 I VRI[test]@ef49d23: mWNT: t=0xb400007609161950 mBlastBufferQueue=0xb4000075190c7ad0 fn= 2 HdrRenderState mRenderHdrSdrRatio=1.0 caller= android.view.SyncRtSurfaceTransactionApplier.applyTransaction:96 android.view.SyncRtSurfaceTransactionApplier.lambda$scheduleApply$0:69 android.view.SyncRtSurfaceTransactionApplier.$r8$lambda$afI4fXg3U3-nBZQEDQMiNy-B06s:0
08-13 16:19:48.312  2742  4754 I VRI[LauncherActivity]@3489192: mWNT: t=0xb4000076091d4f90 mBlastBufferQueue=0xb4000075190eebd0 fn= 14 HdrRenderState mRenderHdrSdrRatio=1.0 caller= com.android.systemui.shared.launcher.ViewRootImplCompat.mergeWithNextTransaction:4 com.honeyspace.transition.utils.SurfaceTransactionApplier.scheduleApply$lambda$1:26 com.honeyspace.transition.utils.SurfaceTransactionApplier.b:0
08-13 16:19:48.314  4855  4855 I [SC_ScreenRecorder]_FloatingButtonView: 00:00:15
08-13 16:19:48.314  1282  1696 I ImeTracker: com.sec.android.app.launcher:3a589bb3: onRequestHide at ORIGIN_SERVER reason HIDE_UNSPECIFIED_WINDOW fromUser false
08-13 16:19:48.315  1282  1696 I ImeTracker: com.sec.android.app.launcher:3a589bb3: onCancelled at PHASE_SERVER_SHOULD_HIDE
08-13 16:19:48.317  1282  1696 D InputTransport: Input channel constructed: 'ClientS', fd=1020
08-13 16:19:48.318  1282  1696 D InputTransport: Input channel destroyed: 'ClientS', fd=1020
08-13 16:19:48.319  4917  4917 I HBD     : HoneyBoardService onFinishInput
08-13 16:19:48.319  4917  4917 I HBD     : a IC have been unbinding,  RemoteInputConnection{idHash=#3e85dfe}
08-13 16:19:48.319  4917  4917 I HBD     : HoneyBoardService [PF_CL][onFinishInput]  0 ms
08-13 16:19:48.319  4917  4917 I HBD     : HoneyBoardService [IMI] onStartInput - caller pid : 2742 , caller uid : 10132
08-13 16:19:48.319  4917  4917 I HBD     : t updateConfigs
08-13 16:19:48.319  4917  4917 I HBD     : t isEnabledNightMode : true
08-13 16:19:48.319  4917  4917 I HBD     : a IC have been binding, RemoteInputConnection{idHash=#707995f}
08-13 16:19:48.319  4917  4917 I HBD     : g [EditorInputType]setPrivateImeOptionsToTable privateImeOptions ( null )
08-13 16:19:48.319  4917  4917 I HBD     : b incognitoMode : false
08-13 16:19:48.319  4917  4917 I HBD     : b needOff = true , isForceOff = false, isNullInputClass : true
08-13 16:19:48.319  4917  4917 I HBD     : g getDefaultInputRange : UNKNOWN
08-13 16:19:48.319  4917  4917 I HBD     : g getDefaultInputRange : UNKNOWN
08-13 16:19:48.319  4917  4917 I HBD     : g getDefaultInputRange : UNKNOWN
08-13 16:19:48.320  4917  4917 I HBD     : b needOff = true , isForceOff = false, isNullInputClass : true
08-13 16:19:48.320  4917  4917 I HBD     : b update cached prediction status : false
08-13 16:19:48.320  4917  4917 I HBD     : g getDefaultInputRange : UNKNOWN
08-13 16:19:48.320  4917  4917 I HBD     : a currentState : 0
08-13 16:19:48.321  4917  4917 I HBD     : a [UpdatePolicy] [post] a: 0 cl: 4325376 kit: [0/26] vt: 0 ir: 1
08-13 16:19:48.323  2742  2742 I HoneySpace.RectFAnimation: animateToFinalPosition RectF(105.34152, 539.90283, 974.65845, 2337.0981)
08-13 16:19:48.323  2742  2742 I HoneySpace.RectFAnimation: animateToFinalPosition RectF(223.04816, 785.8461, 856.95184, 1991.8679)
08-13 16:19:48.328  5596  5596 D LifecycleMonitor: Lifecycle status change: androidx.activity.ComponentActivity@c380e31 in: DESTROYED
08-13 16:19:48.328  5596  5596 V ActivityScenario: Update currentActivityStage to DESTROYED, currentActivity=null
08-13 16:19:48.328  2742  4755 I VRI[LauncherActivity]@3489192: mWNT: t=0xb400007609372d90 mBlastBufferQueue=0xb4000075190eebd0 fn= 15 HdrRenderState mRenderHdrSdrRatio=1.0 caller= com.android.systemui.shared.launcher.ViewRootImplCompat.mergeWithNextTransaction:4 com.honeyspace.transition.utils.SurfaceTransactionApplier.scheduleApply$lambda$1:26 com.honeyspace.transition.utils.SurfaceTransactionApplier.b:0
08-13 16:19:48.329  5596  5596 W WindowOnBackDispatcher: sendCancelIfRunning: isInProgress=false callback=android.view.ViewRootImpl$$ExternalSyntheticLambda15@3290a08
08-13 16:19:48.330  2742  2742 I HoneySpace.WallpaperAnimator: startWallpaperAnimation, isOpen-false, from:1.3, to:1.0, duration:1200
08-13 16:19:48.331  2742  2742 I HoneySpace.WallpaperAnimator: wallpaper animation start [131824887]
08-13 16:19:48.331  4917  4917 I HBD     : a [NRIC] resetNoResponseState
08-13 16:19:48.331  2742  2742 I HoneySpace.RectFAnimation: animateToFinalPosition RectF(223.04816, 824.83734, 856.95184, 2030.8591)
08-13 16:19:48.331  4917  4917 I HBD     : b needOff = true , isForceOff = false, isNullInputClass : true
08-13 16:19:48.331  2742  2742 I HoneySpace.RectFAnimation: animateToFinalPosition RectF(245.0592, 869.5338, 834.9408, 1968.1189)
08-13 16:19:48.331  4917  4917 I HBD     : b update cached prediction status : false
08-13 16:19:48.331  4917  4917 I HBD     : c [AiWriter] setContact : com.sec.android.app.launcher
08-13 16:19:48.331  4917  4917 I HBD     : a [AiWriter] setContact : com.sec.android.app.launcher
08-13 16:19:48.332  4917  4917 I HBD     : b needOff = true , isForceOff = false, isNullInputClass : true
08-13 16:19:48.332  4917  4917 I HBD     : b getTBC , flag: 1 , start: 0 , end: 0 , length: 0 , composingLength: 0 , isKCC: false
08-13 16:19:48.336  2742  4754 I VRI[LauncherActivity]@3489192: mWNT: t=0xb4000076091ac810 mBlastBufferQueue=0xb4000075190eebd0 fn= 16 HdrRenderState mRenderHdrSdrRatio=1.0 caller= com.android.systemui.shared.launcher.ViewRootImplCompat.mergeWithNextTransaction:4 com.honeyspace.transition.utils.SurfaceTransactionApplier.scheduleApply$lambda$1:26 com.honeyspace.transition.utils.SurfaceTransactionApplier.b:0
08-13 16:19:48.336  2742  2742 I HoneySpace.RectFAnimation: animateToFinalPosition RectF(245.0592, 890.9087, 834.9408, 1989.4938)
08-13 16:19:48.337  2742  2742 I HoneySpace.RectFAnimation: animateToFinalPosition RectF(256.7233, 914.5941, 823.27673, 1956.2466)
08-13 16:19:48.347  2742  4755 I VRI[LauncherActivity]@3489192: mWNT: t=0xb400007609215f10 mBlastBufferQueue=0xb4000075190eebd0 fn= 17 HdrRenderState mRenderHdrSdrRatio=1.0 caller= com.android.systemui.shared.launcher.ViewRootImplCompat.mergeWithNextTransaction:4 com.honeyspace.transition.utils.SurfaceTransactionApplier.scheduleApply$lambda$1:26 com.honeyspace.transition.utils.SurfaceTransactionApplier.b:0
08-13 16:19:48.347  2742  2742 I HoneySpace.RectFAnimation: animateToFinalPosition RectF(256.7233, 960.6018, 823.27673, 2002.2542)
08-13 16:19:48.348  4917  4917 I HBD     : E EBD si S 0
08-13 16:19:48.348  2742  2742 I HoneySpace.RectFAnimation: animateToFinalPosition RectF(280.8983, 1009.6925, 799.1017, 1933.3457)
08-13 16:19:48.348  4917  4917 I HBD     : m updateContactDBLanguage : 4325376
08-13 16:19:48.348  1244  6944 I CameraService: onUidStateChanged: uid=10043, procState is changed. (1 -> 0)
08-13 16:19:48.348  4917  4917 I HBD     : g isCoverDisplay : false, cached selected json info : SelectedLanguageInfo(languageVersion=4.1, currentLanguageOrder=0, selectedLanguageList=[SelectedLanguage(id=4325376, isUsed=true, engName=Turkish, inputType=turkish_qwerty, activeOptionList=[auto_replace, auto_spacing], bilingualId=-1, isUsedBilingual=false)])
08-13 16:19:48.348  4917  4917 I HBD     : g updateSelectedLanguageCache is succeeded. Turkish
08-13 16:19:48.349  4917  4917 I HBD     : h writeToFile path : /data/user/0/com.samsung.android.honeyboard/files/selected.json
08-13 16:19:48.349  4917  4917 I HBD     : h writeToFile json : {"version":"4.1","currentLanguageOrder":0,"selected":[{"activeOptionList":["auto_replace","auto_spacing"],"bilingualId":-1,"engName":"Turkish","id":4325376,"inputType":"turkish_qwerty","isUsed":true,"isUsedBilingual":false}]}
08-13 16:19:48.352  1066  4972 I ExynosC2H264EncComponent: [onUpdateC2Work] got SYNC FRAME
08-13 16:19:48.353  4917  4917 I HBD     : h writeToFile complete
08-13 16:19:48.355  4917  6023 I HBD     : h Write selected lang for DE
08-13 16:19:48.355  4917  4917 I HBD     : g isCoverDisplay : false, cached selected json info : SelectedLanguageInfo(languageVersion=4.1, currentLanguageOrder=0, selectedLanguageList=[SelectedLanguage(id=4325376, isUsed=true, engName=Turkish, inputType=turkish_qwerty, activeOptionList=[auto_replace, auto_spacing], bilingualId=-1, isUsedBilingual=false)])
08-13 16:19:48.355  4917  4917 I HBD     : p updateActionOptionFromPreference
08-13 16:19:48.355  4917  4917 I HBD     : p before lang.activeOptionList =  [Ljava.lang.String;@39d7026
08-13 16:19:48.355  4917  4917 I HBD     : p after lang.activeOptionList = [Ljava.lang.String;@45b2475
08-13 16:19:48.355  4917  6023 I HBD     : h writeToFile path : /data/user_de/0/com.samsung.android.honeyboard/files/selected.json
08-13 16:19:48.356  4917  6023 I HBD     : h writeToFile json : {"version":"4.1","currentLanguageOrder":0,"selected":[{"activeOptionList":["auto_replace","auto_spacing"],"bilingualId":-1,"engName":"Turkish","id":4325376,"inputType":"turkish_qwerty","isUsed":true,"isUsedBilingual":false}]}
08-13 16:19:48.356  4917  4917 I HBD     : h writeToFile path : /data/user/0/com.samsung.android.honeyboard/files/selected.json
08-13 16:19:48.356  4917  4917 I HBD     : h writeToFile json : {"version":"4.1","currentLanguageOrder":0,"selected":[{"activeOptionList":["auto_replace","auto_spacing"],"bilingualId":-1,"engName":"Turkish","id":4325376,"inputType":"turkish_qwerty","isUsed":true,"isUsedBilingual":false}]}
08-13 16:19:48.356  2127  2127 D SystemUIService: SYSUI_RAM_OPTIMIZATION onTrimMemory=20
08-13 16:19:48.356  2127  2127 D CentralSurfaces: SYSUI_RAM_OPTIMIZATION onTrimMemory=20
08-13 16:19:48.357  1111  1162 I SurfaceFlinger: id=233616 createSurf, flag=24004, Surface(name=39a4c69 InputMethod)/@0x97414dd - animation-leash of insets_animation#233616
08-13 16:19:48.359  2742  4754 I VRI[LauncherActivity]@3489192: mWNT: t=0xb4000076092faf90 mBlastBufferQueue=0xb4000075190eebd0 fn= 18 HdrRenderState mRenderHdrSdrRatio=1.0 caller= com.android.systemui.shared.launcher.ViewRootImplCompat.mergeWithNextTransaction:4 com.honeyspace.transition.utils.SurfaceTransactionApplier.scheduleApply$lambda$1:26 com.honeyspace.transition.utils.SurfaceTransactionApplier.b:0
08-13 16:19:48.360  2742  2742 I HoneySpace.RectFAnimation: animateToFinalPosition RectF(280.8983, 1057.8707, 799.1017, 1981.5239)
08-13 16:19:48.360  2742  2742 I HoneySpace.RectFAnimation: animateToFinalPosition RectF(304.897, 1106.1351, 775.103, 1913.7754)
08-13 16:19:48.362  4917  4917 I HBD     : h writeToFile complete
08-13 16:19:48.363  4917  4917 I HBD     : n normal : updateLanguage : Turkish
08-13 16:19:48.363  4917  6024 I HBD     : h Write selected lang for DE
08-13 16:19:48.363  4917  4917 I HBD     : g isCoverDisplay : false, cached selected json info : SelectedLanguageInfo(languageVersion=4.1, currentLanguageOrder=0, selectedLanguageList=[SelectedLanguage(id=4325376, isUsed=true, engName=Turkish, inputType=turkish_qwerty, activeOptionList=[auto_replace, auto_spacing], bilingualId=-1, isUsedBilingual=false)])
08-13 16:19:48.363  4917  6024 I HBD     : h writeToFile path : /data/user_de/0/com.samsung.android.honeyboard/files/selected.json
08-13 16:19:48.363  4917  4917 I HBD     : g isCoverDisplay : false, cached selected json info : SelectedLanguageInfo(languageVersion=4.1, currentLanguageOrder=0, selectedLanguageList=[SelectedLanguage(id=4325376, isUsed=true, engName=Turkish, inputType=turkish_qwerty, activeOptionList=[auto_replace, auto_spacing], bilingualId=-1, isUsedBilingual=false)])
08-13 16:19:48.363  4917  6024 I HBD     : h writeToFile json : {"version":"4.1","currentLanguageOrder":0,"selected":[{"activeOptionList":["auto_replace","auto_spacing"],"bilingualId":-1,"engName":"Turkish","id":4325376,"inputType":"turkish_qwerty","isUsed":true,"isUsedBilingual":false}]}
08-13 16:19:48.363  4917  4917 I HBD     : p updateActionOptionFromPreference
08-13 16:19:48.363  4917  4917 I HBD     : p before lang.activeOptionList =  [Ljava.lang.String;@45b2475
08-13 16:19:48.363  4917  4917 I HBD     : p after lang.activeOptionList = [Ljava.lang.String;@75bda98
08-13 16:19:48.363  4917  6023 I HBD     : h writeToFile complete
08-13 16:19:48.364  4917  4917 I HBD     : h writeToFile path : /data/user/0/com.samsung.android.honeyboard/files/selected.json
08-13 16:19:48.364  4917  4917 I HBD     : h writeToFile json : {"version":"4.1","currentLanguageOrder":0,"selected":[{"activeOptionList":["auto_replace","auto_spacing"],"bilingualId":-1,"engName":"Turkish","id":4325376,"inputType":"turkish_qwerty","isUsed":true,"isUsedBilingual":false}]}
08-13 16:19:48.365  4917  4917 I HBD     : h writeToFile complete
08-13 16:19:48.366  2127  2390 D HWUI    : CacheManager::trimMemory(20)
08-13 16:19:48.366  4917  6025 I HBD     : h Write selected lang for DE
08-13 16:19:48.366  4917  6025 I HBD     : h writeToFile path : /data/user_de/0/com.samsung.android.honeyboard/files/selected.json
08-13 16:19:48.367  4917  6025 I HBD     : h writeToFile json : {"version":"4.1","currentLanguageOrder":0,"selected":[{"activeOptionList":["auto_replace","auto_spacing"],"bilingualId":-1,"engName":"Turkish","id":4325376,"inputType":"turkish_qwerty","isUsed":true,"isUsedBilingual":false}]}
08-13 16:19:48.368  4917  6024 I HBD     : h writeToFile complete
08-13 16:19:48.376  1111  1111 I SurfaceFlinger: [Surface(name=39a4c69 InputMethod)/@0x97414dd - animation-leash of insets_animation#233616] attach to parent LayerHierarchy{RequestedLayerState{WindowToken{72c0868 type=2011 android.os.Binder@fb66f8b}#121 parentId=16} 2 children}
08-13 16:19:48.378  2742  4755 I VRI[LauncherActivity]@3489192: mWNT: t=0xb4000076092cb650 mBlastBufferQueue=0xb4000075190eebd0 fn= 19 HdrRenderState mRenderHdrSdrRatio=1.0 caller= com.android.systemui.shared.launcher.ViewRootImplCompat.mergeWithNextTransaction:4 com.honeyspace.transition.utils.SurfaceTransactionApplier.scheduleApply$lambda$1:26 com.honeyspace.transition.utils.SurfaceTransactionApplier.b:0
08-13 16:19:48.378  2742  2742 I HoneySpace.RectFAnimation: animateToFinalPosition RectF(304.897, 1177.1482, 775.103, 1984.7885)
08-13 16:19:48.378  2742  2742 I HoneySpace.RectFAnimation: animateToFinalPosition RectF(337.9064, 1242.0222, 742.0936, 1893.7247)
08-13 16:19:48.378  4917  6025 I HBD     : h writeToFile complete
08-13 16:19:48.395  2742  2742 I HoneySpace.RectFAnimation: animateToFinalPosition RectF(337.9064, 1296.1665, 742.0936, 1947.869)
08-13 16:19:48.395  2742  2742 I HoneySpace.RectFAnimation: animateToFinalPosition RectF(361.23492, 1340.6274, 718.7651, 1885.4595)
08-13 16:19:48.398  2742  4754 I VRI[LauncherActivity]@3489192: mWNT: t=0xb4000076092efd10 mBlastBufferQueue=0xb4000075190eebd0 fn= 20 HdrRenderState mRenderHdrSdrRatio=1.0 caller= com.android.systemui.shared.launcher.ViewRootImplCompat.mergeWithNextTransaction:4 com.honeyspace.transition.utils.SurfaceTransactionApplier.scheduleApply$lambda$1:26 com.honeyspace.transition.utils.SurfaceTransactionApplier.b:0
08-13 16:19:48.401  4917  4917 I HBD     : n normal : updateLanguage : Turkish
08-13 16:19:48.402  4917  4917 I HBD     : g isCoverDisplay : false, cached selected json info : SelectedLanguageInfo(languageVersion=4.1, currentLanguageOrder=0, selectedLanguageList=[SelectedLanguage(id=4325376, isUsed=true, engName=Turkish, inputType=turkish_qwerty, activeOptionList=[auto_replace, auto_spacing], bilingualId=-1, isUsedBilingual=false)])
08-13 16:19:48.402  4917  4917 I HBD     : g isCoverDisplay : false, cached selected json info : SelectedLanguageInfo(languageVersion=4.1, currentLanguageOrder=0, selectedLanguageList=[SelectedLanguage(id=4325376, isUsed=true, engName=Turkish, inputType=turkish_qwerty, activeOptionList=[auto_replace, auto_spacing], bilingualId=-1, isUsedBilingual=false)])
08-13 16:19:48.402  4917  4917 I HBD     : g updateSelectedLanguageCache is succeeded. Turkish
08-13 16:19:48.404  4917  4917 I HBD     : h writeToFile path : /data/user/0/com.samsung.android.honeyboard/files/selected.json
08-13 16:19:48.404  4917  4917 I HBD     : h writeToFile json : {"version":"4.1","currentLanguageOrder":0,"selected":[{"activeOptionList":["auto_replace","auto_spacing"],"bilingualId":-1,"engName":"Turkish","id":4325376,"inputType":"turkish_qwerty","isUsed":true,"isUsedBilingual":false}]}
08-13 16:19:48.406  4917  4917 I HBD     : h writeToFile complete
08-13 16:19:48.407  4917  6026 I HBD     : h Write selected lang for DE
08-13 16:19:48.409  2742  2742 I HoneySpace.RectFAnimation: animateToFinalPosition RectF(361.23492, 1383.5131, 718.7651, 1928.3451)
08-13 16:19:48.409  2742  2742 I HoneySpace.RectFAnimation: animateToFinalPosition RectF(378.60104, 1416.2382, 701.3989, 1882.4089)
08-13 16:19:48.410  2742  4755 I VRI[LauncherActivity]@3489192: mWNT: t=0xb40000760933d950 mBlastBufferQueue=0xb4000075190eebd0 fn= 21 HdrRenderState mRenderHdrSdrRatio=1.0 caller= com.android.systemui.shared.launcher.ViewRootImplCompat.mergeWithNextTransaction:4 com.honeyspace.transition.utils.SurfaceTransactionApplier.scheduleApply$lambda$1:26 com.honeyspace.transition.utils.SurfaceTransactionApplier.b:0
08-13 16:19:48.412  4917  6026 I HBD     : h writeToFile path : /data/user_de/0/com.samsung.android.honeyboard/files/selected.json
08-13 16:19:48.412  4917  6026 I HBD     : h writeToFile json : {"version":"4.1","currentLanguageOrder":0,"selected":[{"activeOptionList":["auto_replace","auto_spacing"],"bilingualId":-1,"engName":"Turkish","id":4325376,"inputType":"turkish_qwerty","isUsed":true,"isUsedBilingual":false}]}
08-13 16:19:48.413  4917  4917 I HBD     : g isCoverDisplay : false, cached selected json info : SelectedLanguageInfo(languageVersion=4.1, currentLanguageOrder=0, selectedLanguageList=[SelectedLanguage(id=4325376, isUsed=true, engName=Turkish, inputType=turkish_qwerty, activeOptionList=[auto_replace, auto_spacing], bilingualId=-1, isUsedBilingual=false)])
08-13 16:19:48.413  4917  4917 I HBD     : g updateSelectedLanguageCache is succeeded. Turkish
08-13 16:19:48.414  4917  4917 I HBD     : h writeToFile path : /data/user/0/com.samsung.android.honeyboard/files/selected.json
08-13 16:19:48.414  4917  4917 I HBD     : h writeToFile json : {"version":"4.1","currentLanguageOrder":0,"selected":[{"activeOptionList":["auto_replace","auto_spacing"],"bilingualId":-1,"engName":"Turkish","id":4325376,"inputType":"turkish_qwerty","isUsed":true,"isUsedBilingual":false}]}
08-13 16:19:48.418  4917  6026 I HBD     : h writeToFile complete
08-13 16:19:48.419  4917  4917 I HBD     : h writeToFile complete
08-13 16:19:48.420  4917  6029 I HBD     : h Write selected lang for DE
08-13 16:19:48.420  4917  6029 I HBD     : h writeToFile path : /data/user_de/0/com.samsung.android.honeyboard/files/selected.json
08-13 16:19:48.420  4917  6029 I HBD     : h writeToFile json : {"version":"4.1","currentLanguageOrder":0,"selected":[{"activeOptionList":["auto_replace","auto_spacing"],"bilingualId":-1,"engName":"Turkish","id":4325376,"inputType":"turkish_qwerty","isUsed":true,"isUsedBilingual":false}]}
08-13 16:19:48.426  1282  1615 D SecContentProvider: query(), uri = 17 selection = isSettingsChangesAllowed
08-13 16:19:48.427  4917  6029 I HBD     : h writeToFile complete
08-13 16:19:48.428  1282  3179 V WindowManager: Relayout Window{5489f13 u0 Splash Screen com.example.cupcake.test}: viewVisibility=8 req=1080x2340 ty=3 d0
08-13 16:19:48.428  2742  2742 I HoneySpace.RectFAnimation: animateToFinalPosition RectF(378.60104, 1470.1868, 701.3989, 1936.3575)
08-13 16:19:48.428  4917  4917 I HBD     : a [UpdatePolicy] [post] a: 31 cl: 4325376 kit: [0/26] vt: 0 ir: 1
08-13 16:19:48.429  2742  2742 I HoneySpace.RectFAnimation: animateToFinalPosition RectF(399.05725, 1507.3413, 680.94275, 1884.2037)
08-13 16:19:48.429  4917  4917 I HBD     : HoneyBoardService [PF_OP][onStartInput]  110 ms
08-13 16:19:48.430  1282  1615 D SecContentProvider: query(), uri = 17 selection = isSettingsChangesAllowed
08-13 16:19:48.431  4917 31142 I HBD     : p updated Sub Types. Turkish
08-13 16:19:48.433  1282  3179 V WindowManager: Relayout hash=5489f13, pid=2127, syncId=-1: mAttrs={(0,0)(fillxfill) sim={adjust=pan} layoutInDisplayCutoutMode=always ty=APPLICATION_STARTING fmt=TRANSLUCENT
08-13 16:19:48.433  1282  3179 V WindowManager:   fl=81030118
08-13 16:19:48.433  1282  3179 V WindowManager:   pfl=10000810
08-13 16:19:48.433  1282  3179 V WindowManager:   apr=18
08-13 16:19:48.433  1282  3179 V WindowManager:   bhv=1
08-13 16:19:48.433  1282  3179 V WindowManager:   fitSides=0
08-13 16:19:48.433  1282  3179 V WindowManager:   frameRateBoostOnTouch=true
08-13 16:19:48.433  1282  3179 V WindowManager:   dvrrWindowFrameRateHint=true naviIconColor=0}
08-13 16:19:48.434  2127  2334 I VRI[test]@ef49d23: Relayout returned: old=(0,0,1080,2340) new=(0,0,1080,2340) relayoutAsync=false req=(1080,2340)8 dur=62 res=0x2 s={false 0x0} ch=true seqId=0
08-13 16:19:48.434  4917 31142 I HBD     : h [SKE_SPECIFIC] specific model[com.sec.android.app.launcher] loaded, 2471961 ns
08-13 16:19:48.434  2127  2334 D VRI[test]@ef49d23: Not drawing due to not visible. Reason=View.GONE
08-13 16:19:48.435  2127  2334 W WindowOnBackDispatcher: sendCancelIfRunning: isInProgress=false callback=android.view.ViewRootImpl$$ExternalSyntheticLambda15@bc72949
08-13 16:19:48.436  2742  4754 I VRI[LauncherActivity]@3489192: mWNT: t=0xb40000760933c450 mBlastBufferQueue=0xb4000075190eebd0 fn= 22 HdrRenderState mRenderHdrSdrRatio=1.0 caller= com.android.systemui.shared.launcher.ViewRootImplCompat.mergeWithNextTransaction:4 com.honeyspace.transition.utils.SurfaceTransactionApplier.scheduleApply$lambda$1:26 com.honeyspace.transition.utils.SurfaceTransactionApplier.b:0
08-13 16:19:48.446  1111  1111 I SurfaceFlinger: Layer [Splash Screen com.example.cupcake.test$_2127#233597] hidden!! flag(1)
08-13 16:19:48.446  1111  1111 I SurfaceFlinger: [LayerHierarchy{RequestedLayerState{ImeContainer#16 parentId=123 relativeParentId=124 z=1} 1 children}] reparent to LayerHierarchy{RequestedLayerState{ActivityRecord{b3168b5 u0 com.sec.android.app.launcher/.activities.LauncherActivity t6}#123 parentId=122} 3 children}
08-13 16:19:48.446  1111  1111 I SurfaceFlinger: [LayerHierarchy{RequestedLayerState{ImeContainer#16 parentId=123 relativeParentId=124 z=1} 1 children}] RelativeParent to LayerHierarchy{RequestedLayerState{c2c214a com.sec.android.app.launcher/com.sec.android.app.launcher.activities.LauncherActivity#124 parentId=123} 2 children}
08-13 16:19:48.446  1111  1111 I SurfaceFlinger: [LayerHierarchy{RequestedLayerState{39a4c69 InputMethod#135 parentId=233616} no children}] reparent to LayerHierarchy{RequestedLayerState{Surface(name=39a4c69 InputMethod)/@0x97414dd - animation-leash of insets_animation#233616 parentId=121} 1 children}
08-13 16:19:48.446  1111  1111 I SurfaceFlinger: [LayerHierarchy{RequestedLayerState{Surface(name=39a4c69 InputMethod)/@0x97414dd - animation-leash of insets_animation#233592} no children}] reparent to OffscreenRoot
08-13 16:19:48.446  1111  1111 I SurfaceFlinger: [LayerHierarchy{RequestedLayerState{Surface(name=39a4c69 InputMethod)/@0x97414dd - animation-leash of insets_animation#233592} no children}] RelativeParent to null
08-13 16:19:48.447  4917  6031 I HBD     : a InputMethodSubtype is set as local:tr
08-13 16:19:48.449  1282  1615 D SecContentProvider: query(), uri = 17 selection = isSettingsChangesAllowed
08-13 16:19:48.454  2742  4755 I VRI[LauncherActivity]@3489192: mWNT: t=0xb400007609353050 mBlastBufferQueue=0xb4000075190eebd0 fn= 23 HdrRenderState mRenderHdrSdrRatio=1.0 caller= com.android.systemui.shared.launcher.ViewRootImplCompat.mergeWithNextTransaction:4 com.honeyspace.transition.utils.SurfaceTransactionApplier.scheduleApply$lambda$1:26 com.honeyspace.transition.utils.SurfaceTransactionApplier.b:0
08-13 16:19:48.455  2742  2742 I HoneySpace.RectFAnimation: animateToFinalPosition RectF(399.05725, 1565.0991, 680.94275, 1941.9615)
08-13 16:19:48.455  2742  2742 I HoneySpace.RectFAnimation: animateToFinalPosition RectF(419.23035, 1600.119, 660.76965, 1892.8041)
08-13 16:19:48.456  5596  5687 D HWUI    : CacheManager::trimMemory(20)
08-13 16:19:48.456  5596  5596 I VRI[ComponentActivity]@1bd881c: dispatchDetachedFromWindow
08-13 16:19:48.457  1282  1615 D SecContentProvider: query(), uri = 17 selection = isSettingsChangesAllowed
08-13 16:19:48.458  4917 27871 I HBD     : p updated Sub Types. Turkish
08-13 16:19:48.460  2127  2334 I VRI[test]@ef49d23: dispatchDetachedFromWindow
08-13 16:19:48.461  1282  3084 D InputTransport: Input channel destroyed: 'b76cf34', fd=1026
08-13 16:19:48.461  1282  3084 W InputManager-JNI: Input channel object 'b76cf34 com.example.cupcake/androidx.activity.ComponentActivity (client)' was disposed without first being removed with the input manager!
08-13 16:19:48.461  1282  3084 D InputTransport: Input channel destroyed: 'b76cf34', fd=1032
08-13 16:19:48.466  5596  5596 D InputTransport: Input channel destroyed: 'b76cf34', fd=134
08-13 16:19:48.466  1111  1162 I SurfaceFlinger: id=233592 Removed Surface(name=39a4c69 InputMethod)/@0x97414dd - animation-leash of insets_animation#233592 (172)
08-13 16:19:48.467  5596  5596 D InputTransport: Input channel destroyed: 'ClientS', fd=149
08-13 16:19:48.474  5596  5677 D IdlingRegistry: Unregistering idling resources: [androidx.compose.ui.test.EspressoLink@404b6f2]
08-13 16:19:48.475  1282  2477 D InputTransport: Input channel destroyed: '5489f13', fd=1025
08-13 16:19:48.475  1282  2477 W InputManager-JNI: Input channel object '5489f13 Splash Screen com.example.cupcake.test (client)' was disposed without first being removed with the input manager!
08-13 16:19:48.475  1282  2477 D InputTransport: Input channel destroyed: '5489f13', fd=1035
08-13 16:19:48.476  4855  4855 I VRI[]@2d78463: handleResized, frames=ClientWindowFrames{frame=[46,-249][1359,578] display=[-100000,-100000][100000,100000] parentFrame=[0,0][0,0]} displayId=0 dragResizing=false compatScale=1.0 frameChanged=false attachedFrameChanged=false configChanged=false displayChanged=false compatScaleChanged=false dragResizingChanged=false
08-13 16:19:48.477  1111  1111 D SurfaceFlinger: Display 4633128672291735932 HWC layers:
08-13 16:19:48.477  1111  1111 D SurfaceFlinger:        DEVICE |   0xb4000079e28c6110 | 0000 | RGBA_8888    |   52.0  113.0 1028.0 2227.0 |    0    0 1080 2340 | Wallpaper BBQ wrapper 5_system#82 (19)
08-13 16:19:48.477  1111  1111 D SurfaceFlinger:        DEVICE |   0xb4000079e290f750 | 0001 | RGBA_8888    |    0.0    0.0 1080.0 2340.0 |    0    0 1080 2340 | com.sec.android.app.launcher/com.sec[...]vities.LauncherActivity$_2742#233607 (20)
08-13 16:19:48.477  1111  1111 D SurfaceFlinger:        CLIENT |   0xb4000079e28a0710 | 0001 | RGBA_8888    |    0.0    2.0 1080.0 2031.0 |  240  861  840 1986 | com.example.cupcake.test/androidx.te[...]tyInvoker$EmptyActivity$_5736#233598 (1)
08-13 16:19:48.477  1111  1111 D SurfaceFlinger:        DEVICE |   0xb4000079e28be850 | 0001 | RGBA_8888    |    0.0    0.0 1080.0   80.0 |    0    0 1080   80 | StatusBar$_2127#106 (79397)
08-13 16:19:48.477  1111  1111 D SurfaceFlinger:        DEVICE |   0xb4000079e29075d0 | 0001 | RGBA_8888    |    0.0    0.0 1080.0  135.0 |    0 2205 1080 2340 | NavigationBar0$_2127#101 (129766)
08-13 16:19:48.477  1111  1111 D SurfaceFlinger:        DEVICE |   0xb4000079e2910550 | 0001 | RGBA_8888    |    0.0  249.0 1034.0  827.0 |   46    0 1080  578 | $_4855#233489 (382)
08-13 16:19:48.477  1111  1111 D SurfaceFlinger:
08-13 16:19:48.477  2127  2127 I WallpaperService: resized: system, reportDraw=false, forceLayout=false, displayId=0
08-13 16:19:48.478  2127  2127 I VRI[StatusBar]@1c497cd: handleResized, frames=ClientWindowFrames{frame=[0,0][1080,80] display=[0,0][1080,2340] parentFrame=[0,0][0,0]} displayId=0 dragResizing=false compatScale=1.0 frameChanged=false attachedFrameChanged=false configChanged=false displayChanged=false compatScaleChanged=false dragResizingChanged=false
08-13 16:19:48.478  2127  2127 I VRI[NavigationBar0]@9ffebdc: handleResized, frames=ClientWindowFrames{frame=[0,2205][1080,2340] display=[0,0][1080,2340] parentFrame=[0,0][0,0]} displayId=0 dragResizing=false compatScale=1.0 frameChanged=false attachedFrameChanged=false configChanged=false displayChanged=false compatScaleChanged=false dragResizingChanged=false
08-13 16:19:48.478  1111  1111 I SurfaceFlinger: destroyed Surface(name=39a4c69 InputMethod)/@0x97414dd - animation-leash of insets_animation#233592
08-13 16:19:48.478  2127  2436 I WallpaperService: handleResized: which=5, reportDraw=false
