08-13 16:19:43.063  5596  5677 I TestRunner: started: cupcakeNavHost_clickCancelOnSummaryScreen_navigatesToStartOrderScreen(com.example.cupcake.test.CupcakeScreenNavigationTest)
08-13 16:19:43.066  1111  1111 I SurfaceFlinger: [Transition Root: Task=1#233541] attach to parent LayerHierarchy{RequestedLayerState{DefaultTaskDisplayArea_d0#11 parentId=10} 10 children}
08-13 16:19:43.071  2127  2127 D SamsungLightBarControlHelper: updateStatusBar (WHITE icon) numStacks:1, StatusBarMode:MODE_TRANSPARENT, lightBarBounds:[], StatusBarState:SHADE, packageName:, isWhiteKeyguardStatusBar:false
08-13 16:19:43.071  2127  2127 D SamsungLightBarControlHelper: onStatusBarAppearanceChanged() -  sbModeChanged:false, statusBarMode:0, barState:MODE_TRANSPARENT, isKeyguardShowing:false, navbarColorManagedByIme:false, (AppearanceRegion{ bounds=[0,0][1080,2340]}, )
08-13 16:19:43.071  2127  2127 D NavigationBar: onSystemBarAttributesChanged() -  displayId:0, appearance:0, packageName: com.sec.android.app.launcher, navbarColorManagedByIme:false
08-13 16:19:43.077  2127  2303 I SurfaceControlRegistry: show, t=StartTransaction_SyncId<20525> sc=WallpaperWindowToken{b638ffb token=android.os.Binder@64ddd8a}, caller=android.view.SurfaceControl$Transaction.show:3232 com.android.wm.shell.transition.Transitions.dispatchReady:798 com.android.wm.shell.transition.Transitions.onTransitionReady:244 com.android.wm.shell.transition.Transitions$TransitionPlayerImpl$$ExternalSyntheticLambda0.run:13 android.os.Handler.handleCallback:959 android.os.Handler.dispatchMessage:100
08-13 16:19:43.077  2127  2303 I SurfaceControlRegistry: hide, t=FinishTransaction_SyncId<20525> sc=Task=2218, caller=android.view.SurfaceControl$Transaction.hide:3258 com.android.wm.shell.transition.Transitions.dispatchReady:929 com.android.wm.shell.transition.Transitions.onTransitionReady:244 com.android.wm.shell.transition.Transitions$TransitionPlayerImpl$$ExternalSyntheticLambda0.run:13 android.os.Handler.handleCallback:959 android.os.Handler.dispatchMessage:100
08-13 16:19:43.077  2127  2303 I SurfaceControlRegistry: show, t=StartTransaction_SyncId<20525> sc=Task=1, caller=android.view.SurfaceControl$Transaction.show:3232 com.android.wm.shell.transition.Transitions.dispatchReady:934 com.android.wm.shell.transition.Transitions.onTransitionReady:244 com.android.wm.shell.transition.Transitions$TransitionPlayerImpl$$ExternalSyntheticLambda0.run:13 android.os.Handler.handleCallback:959 android.os.Handler.dispatchMessage:100
08-13 16:19:43.077  2127  2303 I SurfaceControlRegistry: show, t=FinishTransaction_SyncId<20525> sc=Task=1, caller=android.view.SurfaceControl$Transaction.show:3232 com.android.wm.shell.transition.Transitions.dispatchReady:988 com.android.wm.shell.transition.Transitions.onTransitionReady:244 com.android.wm.shell.transition.Transitions$TransitionPlayerImpl$$ExternalSyntheticLambda0.run:13 android.os.Handler.handleCallback:959 android.os.Handler.dispatchMessage:100
08-13 16:19:43.078  2127  2303 I SurfaceControlRegistry: show, t=StartTransaction_SyncId<20525> sc=Transition Root: Task=1, caller=android.view.SurfaceControl$Transaction.show:3232 com.android.wm.shell.transition.Transitions.playTransition:81 com.android.wm.shell.transition.Transitions.processReadyQueue:250 com.android.wm.shell.transition.Transitions.dispatchReady:1007 com.android.wm.shell.transition.Transitions.onTransitionReady:244 com.android.wm.shell.transition.Transitions$TransitionPlayerImpl$$ExternalSyntheticLambda0.run:13
08-13 16:19:43.078  2742  2101 I HoneySpace.HistoryViewModel@160600677@OneUI: Illegal access. Unknown type. skip load history items
08-13 16:19:43.080  2742  2101 I HoneySpace.RecentTasks: onRecentTasksChanged
08-13 16:19:43.080  2742  1823 I HoneySpace.RecentTasks: onRecentTasksChanged
08-13 16:19:43.081  1111  1162 I SurfaceFlinger: id=233542 createSurf, flag=84000, Surface(name=Task=1)/@0xf18fa25_transition-leash#233542
08-13 16:19:43.082  1111  1111 I SurfaceFlinger: Layer [Task=6#122] hidden!! flag(0)
08-13 16:19:43.082  1111  1111 I SurfaceFlinger: Layer [Task=1#52] hidden!! flag(0)
08-13 16:19:43.082  1111  1111 I SurfaceFlinger: [LayerHierarchy{RequestedLayerState{39a4c69 InputMethod#135 parentId=233539} no children}] reparent to LayerHierarchy{RequestedLayerState{Surface(name=39a4c69 InputMethod)/@0x97414dd - animation-leash of insets_animation#233539 parentId=121} 1 children}
08-13 16:19:43.082  1111  1111 I SurfaceFlinger: [LayerHierarchy{RequestedLayerState{com.example.cupcake/androidx.activity.ComponentActivity$_5596#233514} no children}] reparent to OffscreenRoot
08-13 16:19:43.082  1111  1111 I SurfaceFlinger: [LayerHierarchy{RequestedLayerState{com.example.cupcake/androidx.activity.ComponentActivity$_5596#233514} no children}] RelativeParent to null
08-13 16:19:43.082  1111  1111 I SurfaceFlinger: [LayerHierarchy{RequestedLayerState{Task=2217#233505 z=3} 1 children}] reparent to OffscreenRoot
08-13 16:19:43.082  1111  1111 I SurfaceFlinger: [LayerHierarchy{RequestedLayerState{Task=2217#233505 z=3} 1 children}] RelativeParent to null
08-13 16:19:43.082  1111  1111 I SurfaceFlinger: [LayerHierarchy{RequestedLayerState{Surface(name=39a4c69 InputMethod)/@0x97414dd - animation-leash of insets_animation#233518} no children}] reparent to OffscreenRoot
08-13 16:19:43.082  1111  1111 I SurfaceFlinger: [LayerHierarchy{RequestedLayerState{Surface(name=39a4c69 InputMethod)/@0x97414dd - animation-leash of insets_animation#233518} no children}] RelativeParent to null
08-13 16:19:43.082  1111  1111 I SurfaceFlinger: [LayerHierarchy{RequestedLayerState{1018d3c com.example.cupcake/androidx.activity.ComponentActivity#233509} no children}] reparent to OffscreenRoot
08-13 16:19:43.082  1111  1111 I SurfaceFlinger: [LayerHierarchy{RequestedLayerState{1018d3c com.example.cupcake/androidx.activity.ComponentActivity#233509} no children}] RelativeParent to null
08-13 16:19:43.082  1111  1111 I SurfaceFlinger: [LayerHierarchy{RequestedLayerState{Task=2217#233540 z=3} no children}] reparent to OffscreenRoot
08-13 16:19:43.082  1111  1111 I SurfaceFlinger: [LayerHierarchy{RequestedLayerState{Task=2217#233540 z=3} no children}] RelativeParent to null
08-13 16:19:43.082  1111  1111 I SurfaceFlinger: [Surface(name=Task=1)/@0xf18fa25_transition-leash#233542] attach to parent LayerHierarchy{RequestedLayerState{Transition Root: Task=1#233541 parentId=11} 1 children}
08-13 16:19:43.082  1111  1747 D NativeSemDvfsManager: acquire:: timeout = 2000 mIsAcquired = 1  mTagName : SurfaceFlinger
08-13 16:19:43.083  1111  1111 I SurfaceFlinger: id=233540 Removed Task=2217#233540 (177)
08-13 16:19:43.083  1111  1111 I SurfaceFlinger: id=233509 Removed 1018d3c com.example.cupcake/androidx.activity.ComponentActivity#233509 (177)
08-13 16:19:43.083  1111  1111 I SurfaceFlinger: id=233518 Removed Surface(name=39a4c69 InputMethod)/@0x97414dd - animation-leash of insets_animation#233518 (177)
08-13 16:19:43.083  1111  1111 I SurfaceFlinger: id=233514 Removed com.example.cupcake/androidx.activity.ComponentActivity$_5596#233514 (177)
08-13 16:19:43.083  1111  1747 E NativeCustomFrequencyManager: [NativeCFMS] BpCustomFrequencyManager::acquire()
08-13 16:19:43.085  1062  1149 I HYPER-HAL: [RequestManager.cpp]acquire(): Acquired ID : 2230216  [1111 / 1000]    HINT : SF_GPU_MINLOCK    list : [TIMEOUT / 2000]
08-13 16:19:43.086  2742  2887 I HoneySpace.TopTaskSource: onTaskMovedToFront : taskId = 6, displayId = 0
08-13 16:19:43.088  2742  2889 I HoneySpace.TopTaskUseCase: topTaskId 6, DisplayId : 0
08-13 16:19:43.088  1111  1111 I SurfaceFlinger: destroyed com.example.cupcake/androidx.activity.ComponentActivity$_5596#233514
08-13 16:19:43.088  2742 31227 I HoneySpace.HistoryViewModel@160600677@OneUI: Illegal access. Unknown type. skip load history items
08-13 16:19:43.088  1111  1111 I SurfaceFlinger: destroyed Surface(name=39a4c69 InputMethod)/@0x97414dd - animation-leash of insets_animation#233518
08-13 16:19:43.088  1111  1111 I SurfaceFlinger: destroyed 1018d3c com.example.cupcake/androidx.activity.ComponentActivity#233509
08-13 16:19:43.088  1111  1111 I SurfaceFlinger: destroyed Task=2217#233540
08-13 16:19:43.089  1111  1111 I Layer   : id=233509 Destroyed 1018d3c com.example.cupcake/androidx.activity.ComponentActivity#233509
08-13 16:19:43.089  1111  1111 I Layer   : id=233518 Destroyed Surface(name=39a4c69 InputMethod)/@0x97414dd - animation-leash of insets_animation#233518
08-13 16:19:43.089  1111  1111 I Layer   : id=233514 Destroyed com.example.cupcake/androidx.activity.ComponentActivity$_5596#233514
08-13 16:19:43.089  1111  1111 I Layer   : id=233540 Destroyed Task=2217#233540
08-13 16:19:43.096  2742  3178 I SurfaceControlRegistry: show, t=StartTransaction_SyncId<20525> sc=Task=1, caller=android.view.SurfaceControl$Transaction.show:3232 P.g.a:125 P.g.o:0 P.g.n:0 com.android.systemui.animation.RemoteAnimationTargetCompat.wrap:48 com.android.systemui.animation.RemoteAnimationTargetCompat.wrapApps:10
08-13 16:19:43.096  1111  1732 I SurfaceFlinger: id=233543 createSurf, flag=84000, Surface(name=Task=2218)/@0xfef1ab_transition-leash#233543
08-13 16:19:43.098  2742  3178 I SurfaceControlRegistry: show, t=StartTransaction_SyncId<20525> sc=Task=2218, caller=android.view.SurfaceControl$Transaction.show:3232 P.g.a:125 P.g.o:0 P.g.n:0 com.android.systemui.animation.RemoteAnimationTargetCompat.wrap:48 com.android.systemui.animation.RemoteAnimationTargetCompat.wrapApps:10
08-13 16:19:43.100  1111  1111 I SurfaceFlinger: Layer [WallpaperWindowToken{b638ffb token=android.os.Binder@64ddd8a}#74] hidden!! flag(0)
08-13 16:19:43.100  1111  1111 I SurfaceFlinger: Layer [com.android.systemui.wallpapers.ImageWallpaper$_2127#81] hidden!! flag(0)
08-13 16:19:43.100  1111  1111 I SurfaceFlinger: Layer [ActivityRecord{b3168b5 u0 com.sec.an[...].activities.LauncherActivity t6}#123] hidden!! flag(0)
08-13 16:19:43.100  1111  1111 I SurfaceFlinger: Layer [com.sec.android.app.launcher/com.sec[...]vities.LauncherActivity$_2742#233536] hidden!! flag(0)
08-13 16:19:43.100  1111  1111 I SurfaceFlinger: Layer [Transition Root: Task=1#233541] hidden!! flag(0)
08-13 16:19:43.100  1111  1111 E SurfaceFlinger: alpha changed 1.000 -> 0.000 - Surface(name=Task=1)/@0xf18fa25_transition-leash#233542
08-13 16:19:43.100  1111  1111 I SurfaceFlinger: Layer [com.example.cupcake.test/androidx.te[...]tyInvoker$EmptyActivity$_5736#233531] hidden!! flag(0)
08-13 16:19:43.100  1111  1111 I SurfaceFlinger: [LayerHierarchy{RequestedLayerState{Task=1#52 parentId=233542} 2 children}] reparent to LayerHierarchy{RequestedLayerState{Surface(name=Task=1)/@0xf18fa25_transition-leash#233542 parentId=233541 z=2} 1 children}
08-13 16:19:43.100  1111  1111 I SurfaceFlinger: [LayerHierarchy{RequestedLayerState{Surface(name=Task=1)/@0xf18fa25_transition-leash#233542 parentId=233541 z=2} 1 children}] reparent to LayerHierarchy{RequestedLayerState{Transition Root: Task=1#233541 parentId=11} 1 children}
08-13 16:19:43.100  1111  1111 I SurfaceFlinger: [LayerHierarchy{RequestedLayerState{ActivityRecord{1fc6b9 u0 com.example.cupcake/androidx.activity.ComponentActivity t2217}#233506} 2 children}] reparent to OffscreenRoot
08-13 16:19:43.100  1111  1111 I SurfaceFlinger: [LayerHierarchy{RequestedLayerState{ActivityRecord{1fc6b9 u0 com.example.cupcake/androidx.activity.ComponentActivity t2217}#233506} 2 children}] RelativeParent to null
08-13 16:19:43.100  1111  1111 I SurfaceFlinger: [LayerHierarchy{RequestedLayerState{Task=2218#233519 parentId=233543} 1 children}] reparent to LayerHierarchy{RequestedLayerState{Surface(name=Task=2218)/@0xfef1ab_transition-leash#233543 parentId=233541 z=5} 1 children}
08-13 16:19:43.100  1111  1111 I SurfaceFlinger: [Surface(name=Task=2218)/@0xfef1ab_transition-leash#233543] attach to parent LayerHierarchy{RequestedLayerState{Transition Root: Task=1#233541 parentId=11} 2 children}
08-13 16:19:43.101  2742  3178 I SurfaceControlRegistry: apply, t=StartTransaction_SyncId<20525>, caller=android.view.SurfaceControl$Transaction.apply:3135 android.view.SurfaceControl$Transaction.apply:3122 android.view.SurfaceControl$Transaction.apply:3078 com.android.systemui.animation.RemoteAnimationRunnerCompat$1.startAnimation:634 android.window.IRemoteTransition$Stub.onTransact:158 android.os.Binder.execTransactInternal:1541
08-13 16:19:43.102  2742  3178 I HoneySpace.ShellAnimationRunner: [onAnimationStart] appTarget(0) : taskId-1, mode-0
08-13 16:19:43.102  2742  3178 I HoneySpace.ShellAnimationRunner: cookie: -2147483648
08-13 16:19:43.102  2742  3178 I HoneySpace.ShellAnimationRunner: [onAnimationStart] appTarget(1) : taskId-2218, mode-1
08-13 16:19:43.103  2742  2742 I HoneySpace.ShellAnimationRunner: this , com.honeyspace.transition.ShellAnimationRunner@f416450
08-13 16:19:43.103  2742  2742 I HoneySpace.ShellAnimationRunner: finishExistingAnimation, null
08-13 16:19:43.103  2742  2742 I HoneySpace.AppCloseAnimationDelegate: onAnimationStart
08-13 16:19:43.103  2742  2742 I HoneySpace.AppCloseAnimationDelegate: findTargetView() called with: targets = com.honeyspace.transition.remote.RemoteAnimationTargets@53d99c6, centerMostInfo = null
08-13 16:19:43.104  2742  2742 I HoneySpace.AppCloseAnimationDelegate: findTargetValue [cookie--2147483648, pkgName-com.example.cupcake.test]
08-13 16:19:43.104  2742  2742 I HoneySpace.AppCloseAnimationDelegate: findTargetView found:null, null
08-13 16:19:43.104  2742  2742 I HoneySpace.AppCloseAnimationDelegate: getCloseAnimator : isGestureClosing-true, target-null
08-13 16:19:43.104  2742  2742 I HoneySpace.FloatingAnimator: playerCount : 1
08-13 16:19:43.104  2742  2742 I HoneySpace.FloatingAnimator: [Player:A(43.104)] create
08-13 16:19:43.104  2742  2742 I HoneySpace.AppCloseAnimationDelegate: playFloatingIconAnim, appPlayer: A(43.104)
08-13 16:19:43.104  2742  2742 I HoneySpace.TransitionUtils: [getRotationChange] home-0, app-0
08-13 16:19:43.104  2742  2742 I HoneySpace.TransitionUtils: getWindowTargetBounds: Rect(0, 0 - 1080, 2340)
08-13 16:19:43.104  2742  2742 I HoneySpace.FloatingAnimator: setup no target anim
08-13 16:19:43.104  2742  2101 I HoneySpace.HistoryViewModel@160600677@OneUI: Illegal access. Unknown type. skip load history items
08-13 16:19:43.104  2742  2742 I HoneySpace.SpringAnimPlayer: [Player:A(43.104)] spring onAnimationStart
08-13 16:19:43.104  2742  2742 I HoneySpace.ContentsAnimator: from : 0.0
08-13 16:19:43.104  2742  2742 I HoneySpace.HoneyScreenManagerImpl: Close floating task bar
08-13 16:19:43.104  2742  2742 I HoneySpace.WorkspaceViewModel: StartContentAnimation, type: AppClose, inProgress: true
08-13 16:19:43.104  2742  2742 I HoneySpace.ContentsAnimator: ContentsAnimator start [221623957]
08-13 16:19:43.105  2742  2742 I HoneySpace.AnimationResult: setAnimation, animation: false
08-13 16:19:43.105  2742  2742 I HoneySpace.AppTransitionAnimationAwait: proceed 0
08-13 16:19:43.105  2742  2742 I HoneySpace.AppTransitionAnimationAwait: prepare refCnt:1 timeout:800
08-13 16:19:43.105  2742  2742 I HoneySpace.RectFAnimation: animateToFinalPosition RectF(0.0, 0.0, 1080.0, 2340.0)
08-13 16:19:43.105  2742  2742 I HoneySpace.RectFAnimation: animateToFinalPosition RectF(0.0, 0.0, 1080.0, 2340.0)
08-13 16:19:43.105  2742  2742 I HoneySpace.RectFAnimation: animateToFinalPosition RectF(0.0, 0.0, 1080.0, 2340.0)
08-13 16:19:43.107  5777  5777 D nativeloader: Load libframework-connectivity-tiramisu-jni.so using APEX ns com_android_tethering for caller /apex/com.android.tethering/javalib/framework-connectivity-t.jar: ok
08-13 16:19:43.110  5777  5777 D ActivityThread: setConscryptValidator
08-13 16:19:43.110  5777  5777 D ActivityThread: setConscryptValidator - put
08-13 16:19:43.113  1111  1111 D SurfaceFlinger: Display 4633128672291735932 HWC layers:
08-13 16:19:43.113  1111  1111 D SurfaceFlinger:        DEVICE |   0xb4000079e28f3750 | 0001 | RGBA_8888    |    0.0    0.0 1080.0 2340.0 |    0    0 1080 2340 | com.example.cupcake.test/androidx.te[...]tyInvoker$EmptyActivity$_5736#233531 (1)
08-13 16:19:43.113  1111  1111 D SurfaceFlinger:        DEVICE |   0xb4000079e29530d0 | 0001 | RGBA_8888    |    0.0    0.0 1080.0 2340.0 |    0    0 1080 2340 | Splash Screen com.example.cupcake.test$_2127#233522 (1)
08-13 16:19:43.113  1111  1111 D SurfaceFlinger:        DEVICE |   0xb4000079e28be850 | 0001 | RGBA_8888    |    0.0    0.0 1080.0   80.0 |    0    0 1080   80 | StatusBar$_2127#106 (79337)
08-13 16:19:43.113  1111  1111 D SurfaceFlinger:        DEVICE |   0xb4000079e2935310 | 0001 | RGBA_8888    |    0.0    0.0 1080.0  135.0 |    0 2205 1080 2340 | NavigationBar0$_2127#101 (129696)
08-13 16:19:43.113  1111  1111 D SurfaceFlinger:        DEVICE |   0xb4000079e28ad3d0 | 0001 | RGBA_8888    |    0.0  249.0 1034.0  827.0 |   46    0 1080  578 | $_4855#233489 (377)
08-13 16:19:43.113  1111  1111 D SurfaceFlinger:
08-13 16:19:43.120  2742  2742 I HoneySpace.RectFAnimation: animateToFinalPosition RectF(0.0, 0.0, 1080.0, 2340.0)
08-13 16:19:43.120  2742  2742 I HoneySpace.RectFAnimation: animateToFinalPosition RectF(0.0, 11.0876465, 1080.0, 2351.0876)
08-13 16:19:43.120  2742  2742 I HoneySpace.RectFAnimation: animateToFinalPosition RectF(10.251953, 33.324585, 1069.748, 2319.8735)
08-13 16:19:43.120  2742  2742 I HoneySpace.RectFAnimation: animateToFinalPosition RectF(10.251953, 33.324585, 1069.748, 2319.8735)
08-13 16:19:43.126  2742 10793 I HoneySpace.WallpaperAnimator: createWallpaperSurface
08-13 16:19:43.140  2782  3390 I EPDG -- SIM0 [SMARTWIFI]: isProfiling, hash=209119329, started=false
08-13 16:19:43.140  2742  4755 I VRI[LauncherActivity]@3489192: mWNT: t=0xb4000076091a91d0 mBlastBufferQueue=0xb4000075191a0790 fn= 6 HdrRenderState mRenderHdrSdrRatio=1.0 caller= com.android.systemui.shared.launcher.ViewRootImplCompat.mergeWithNextTransaction:4 com.honeyspace.transition.utils.SurfaceTransactionApplier.scheduleApply$lambda$1:26 com.honeyspace.transition.utils.SurfaceTransactionApplier.b:0
08-13 16:19:43.144  2742  2742 I HoneySpace.RectFAnimation: animateToFinalPosition RectF(10.251953, 92.14563, 1069.748, 2378.6948)
08-13 16:19:43.144  2742  2742 I HoneySpace.RectFAnimation: animateToFinalPosition RectF(59.399506, 197.88776, 1020.60046, 2230.2646)
08-13 16:19:43.144  2742  2742 I HoneySpace.RectFAnimation: animateToFinalPosition RectF(59.399506, 197.88776, 1020.60046, 2230.2646)
08-13 16:19:43.145  2742  4754 I VRI[LauncherActivity]@3489192: mWNT: t=0xb400007609299bd0 mBlastBufferQueue=0xb4000075191a0790 fn= 7 HdrRenderState mRenderHdrSdrRatio=1.0 caller= com.android.systemui.shared.launcher.ViewRootImplCompat.mergeWithNextTransaction:4 com.honeyspace.transition.utils.SurfaceTransactionApplier.scheduleApply$lambda$1:26 com.honeyspace.transition.utils.SurfaceTransactionApplier.b:0
08-13 16:19:43.149  2742  4755 I VRI[LauncherActivity]@3489192: mWNT: t=0xb40000760919ba90 mBlastBufferQueue=0xb4000075191a0790 fn= 8 HdrRenderState mRenderHdrSdrRatio=1.0 caller= com.android.systemui.shared.launcher.ViewRootImplCompat.mergeWithNextTransaction:4 com.honeyspace.transition.utils.SurfaceTransactionApplier.scheduleApply$lambda$1:26 com.honeyspace.transition.utils.SurfaceTransactionApplier.b:0
08-13 16:19:43.150  2742  2742 I HoneySpace.RectFAnimation: animateToFinalPosition RectF(59.399506, 218.10748, 1020.60046, 2250.4844)
08-13 16:19:43.150  2742  2742 I HoneySpace.RectFAnimation: animateToFinalPosition RectF(75.06232, 251.54456, 1004.9377, 2203.5488)
08-13 16:19:43.152  1111  1111 E SurfaceFlinger: alpha changed 0.000 -> 1.000 - Surface(name=Task=1)/@0xf18fa25_transition-leash#233542
08-13 16:19:43.157  1111  1163 I SurfaceFlinger: id=233544 createSurf, flag=24000, Surface(name=RemoteWallpaperAnim:1:1)/@0xcc52fc5 - animation-leash of remote_wallpaper#233544
08-13 16:19:43.158  2742  4754 I VRI[LauncherActivity]@3489192: mWNT: t=0xb400007609278450 mBlastBufferQueue=0xb4000075191a0790 fn= 9 HdrRenderState mRenderHdrSdrRatio=1.0 caller= com.android.systemui.shared.launcher.ViewRootImplCompat.mergeWithNextTransaction:4 com.honeyspace.transition.utils.SurfaceTransactionApplier.scheduleApply$lambda$1:26 com.honeyspace.transition.utils.SurfaceTransactionApplier.b:0
08-13 16:19:43.158  2742  2742 I HoneySpace.RectFAnimation: animateToFinalPosition RectF(75.06232, 280.886, 1004.9377, 2232.8904)
08-13 16:19:43.158  2742  2742 I HoneySpace.RectFAnimation: animateToFinalPosition RectF(96.94812, 327.51306, 983.0519, 2167.44)
08-13 16:19:43.160 23813 23813 I NotifySyncService_23813_23813: onNotificationPosted Id:1332 key:0|com.samsung.android.app.smartcapture|1332|null|10190 PackageName:com.samsung.android.app.smartcapture IsOngoing:true PostTime:1755091182316 currentDeviceModel.connected: false
08-13 16:19:43.162 23813 23813 I NotifySyncService_23813_23813: onNotificationPosted Id:1332 , appName : Samsung yakalama
08-13 16:19:43.162 23813 23813 I NotifySyncService_23813_23813:  isOngoing = true isIncomingCall = false
08-13 16:19:43.163  1111  1163 I SurfaceFlinger: id=233545 createSurf, flag=24000, Surface(name=409fe38 com.example.cupcake.test/androidx.test.core.app.InstrumentationActivityInvoker$EmptyActivity)/@0x2bc3435 - animation-leash of starting_reveal#233545
08-13 16:19:43.164 23813 21995 I NotifyLogUtils_23813_21995: isIgnoringBatteryOptimizations true
08-13 16:19:43.165  5596  5677 D IdlingRegistry: Registering idling resources: [androidx.compose.ui.test.EspressoLink@7a90982]
08-13 16:19:43.166 23813 21995 I AccountManagerService_23813_21995: log: getAccounts: accountType com.xiaomi, caller's uid 10349, pid 23813
08-13 16:19:43.167 23813 21995 I SecureDatabase_23813_21995: log: query: accounts, columns=[_id,type,name], selection=null, selectionArgs=null, groupBy=null, having=null, orderBy=null, limit=null
08-13 16:19:43.167 23813 21995 I SecureDatabase_23813_21995: log: query: cursor count=1
08-13 16:19:43.167 23813 21995 I SecureDatabase_23813_21995: log: query: row=[1,com.xiaomi,6521150625]
08-13 16:19:43.167 23813 21995 I AccountManagerService_23813_21995: log: validateAccountsAndPopulateCache>>>accountId=1 accountType=com.xiaomi accountName=6521150625
08-13 16:19:43.167 21624 21938 I Rubin   : [92] com.samsung.android.rubin.inferenceengine.contextanalytics.engine.monitors.moment.exercise.ExercisingWithCmhMonitor.isSatisfiedByCmh(Unknown Source) : isSatisfiedByCmh is false
08-13 16:19:43.167 23813 21995 I AccountManagerService_23813_21995: log: getAccounts: accountType com.xiaomi, caller's uid 10349, pid 23813
08-13 16:19:43.167 23813 21995 I SecureDatabase_23813_21995: log: query: accounts, columns=[_id,type,name], selection=null, selectionArgs=null, groupBy=null, having=null, orderBy=null, limit=null
08-13 16:19:43.167 23813 21995 I SecureDatabase_23813_21995: log: query: cursor count=1
08-13 16:19:43.168 23813 21995 I SecureDatabase_23813_21995: log: query: row=[1,com.xiaomi,6521150625]
08-13 16:19:43.168 23813 21995 I AccountManagerService_23813_21995: log: validateAccountsAndPopulateCache>>>accountId=1 accountType=com.xiaomi accountName=6521150625
08-13 16:19:43.168  2127  2303 D ShellTaskOrganizer: removeStartingWindow, removalInfo=StartingWindowRemovalInfo{taskId=2218 frame=Rect(0, 0 - 1080, 2340) playRevealAnimation=true roundedCornerRadius=0.0 deferRemoveMode=0 windowlessSurface=false removeImmediately=false}
08-13 16:19:43.178  1111  1111 D SurfaceFlinger: Display 4633128672291735932 HWC layers:
08-13 16:19:43.178  1111  1111 D SurfaceFlinger:        DEVICE |   0xb4000079e28c6110 | 0000 | RGBA_8888    |    0.0    0.0 1080.0 2340.0 |    0    0 1080 2340 | Wallpaper BBQ wrapper 5_system#82 (19)
08-13 16:19:43.178  1111  1111 D SurfaceFlinger:        DEVICE |   0xb4000079e2928490 | 0001 | RGBA_8888    |    0.0    0.0 1080.0 2340.0 |    0    0 1080 2340 | com.sec.android.app.launcher/com.sec[...]vities.LauncherActivity$_2742#233536 (6)
08-13 16:19:43.178  1111  1111 D SurfaceFlinger:        CLIENT |   0xb4000079e28f3750 | 0001 | RGBA_8888    |    0.0    0.0 1080.0 2340.0 |    0    0 1080 2340 | com.example.cupcake.test/androidx.te[...]tyInvoker$EmptyActivity$_5736#233531 (1)
08-13 16:19:43.178  1111  1111 D SurfaceFlinger:        CLIENT |   0xb4000079e29530d0 | 0001 | RGBA_8888    |    0.0    0.0 1080.0 2340.0 |    0    0 1080 2340 | Splash Screen com.example.cupcake.test$_2127#233522 (1)
08-13 16:19:43.178  1111  1111 D SurfaceFlinger:        DEVICE |   0xb4000079e28be850 | 0001 | RGBA_8888    |    0.0    0.0 1080.0   80.0 |    0    0 1080   80 | StatusBar$_2127#106 (79341)
08-13 16:19:43.178  1111  1111 D SurfaceFlinger:        DEVICE |   0xb4000079e2935310 | 0001 | RGBA_8888    |    0.0    0.0 1080.0  135.0 |    0 2205 1080 2340 | NavigationBar0$_21
08-13 16:19:43.178  1111  1111 D SurfaceFlinger: 27#101 (129696)
08-13 16:19:43.178  1111  1111 D SurfaceFlinger:        DEVICE |   0xb4000079e28ad3d0 | 0001 | RGBA_8888    |    0.0  249.0 1034.0  827.0 |   46    0 1080  578 | $_4855#233489 (377)
08-13 16:19:43.178  1111  1111 D SurfaceFlinger:
08-13 16:19:43.179  1111  1111 I SurfaceFlinger: [Surface(name=RemoteWallpaperAnim:1:1)/@0xcc52fc5 - animation-leash of remote_wallpaper#233544] attach to parent LayerHierarchy{RequestedLayerState{OneHanded:0:14#4 parentId=3} 5 children}
08-13 16:19:43.179  1111  1111 I SurfaceFlinger: [Surface(name=409fe38 com.example.cupcake.test/androidx.test.core.app.InstrumentationActivityInvoker$EmptyActivity)/@0x2bc3435 - animation-leash of starting_reveal#233545] attach to parent LayerHierarchy{RequestedLayerState{ActivityRecord{d04e285 u0 com.example.cupcake.test/androidx.test.core.app.InstrumentationActivityInvoker$EmptyActivity t2218}#233520 parentId=233519} 4 children}
08-13 16:19:43.181  2742  5288 I HoneySpace.PredictionDataSourceImpl: TYPE_RECOMMENDED_WIDGETS updated: 14
08-13 16:19:43.182  2742  5283 I HoneySpace.PredictionDataSourceImpl: TYPE_SUGGESTED_APPS updated: 9
08-13 16:19:43.184  2127  2127 E {OngoingActivityController}: getTaskInfo find task 2218 fail. taskInfoList.size:2
08-13 16:19:43.184  2127  2127 I {OngoingActivityController}: onTaskFocusChanged focused:false, baseActivity:null
08-13 16:19:43.185  2742  4755 I VRI[LauncherActivity]@3489192: mWNT: t=0xb40000760924c150 mBlastBufferQueue=0xb4000075191a0790 fn= 10 HdrRenderState mRenderHdrSdrRatio=1.0 caller= com.android.systemui.shared.launcher.ViewRootImplCompat.mergeWithNextTransaction:4 com.honeyspace.transition.utils.SurfaceTransactionApplier.scheduleApply$lambda$1:26 com.honeyspace.transition.utils.SurfaceTransactionApplier.b:0
08-13 16:19:43.185  2742  2742 I HoneySpace.RectFAnimation: animateToFinalPosition RectF(96.94812, 439.13318, 983.0519, 2279.06)
08-13 16:19:43.185  2742  2742 I HoneySpace.RectFAnimation: animateToFinalPosition RectF(172.83319, 598.982, 907.1668, 2054.6807)
08-13 16:19:43.185  2127  2127 I {OngoingActivityController}: onTaskFocusChanged focused:true, baseActivity:ComponentInfo{com.sec.android.app.launcher/com.sec.android.app.launcher.Launcher}
08-13 16:19:43.186  2127  2127 I {OngoingActivityDataHelper}: setBaseActivityComponentName:ComponentInfo{com.sec.android.app.launcher/com.sec.android.app.launcher.Launcher}
08-13 16:19:43.187  1282  3179 D InputDispatcher: Focus entered window (0): c2c214a com.sec.android.app.launcher/com.sec.android.app.launcher.activities.LauncherActivity
08-13 16:19:43.188  2127  2937 I VRI[test]@ddf85fa: mWNT: t=0xb400007609457fd0 mBlastBufferQueue=0xb40000751911ec90 fn= 2 HdrRenderState mRenderHdrSdrRatio=1.0 caller= android.view.SyncRtSurfaceTransactionApplier.applyTransaction:96 android.view.SyncRtSurfaceTransactionApplier.lambda$scheduleApply$0:69 android.view.SyncRtSurfaceTransactionApplier.$r8$lambda$afI4fXg3U3-nBZQEDQMiNy-B06s:0
08-13 16:19:43.188  2127  2937 I VRI[test]@ddf85fa: mWNT: t=0xb400007609406d50 mBlastBufferQueue=0xb40000751911ec90 fn= 2 HdrRenderState mRenderHdrSdrRatio=1.0 caller= android.view.SyncRtSurfaceTransactionApplier.applyTransaction:96 android.view.SyncRtSurfaceTransactionApplier.lambda$scheduleApply$0:69 android.view.SyncRtSurfaceTransactionApplier.$r8$lambda$afI4fXg3U3-nBZQEDQMiNy-B06s:0
08-13 16:19:43.190  2127  2938 I VRI[test]@ddf85fa: mWNT: t=0xb40000760942e6d0 mBlastBufferQueue=0xb40000751911ec90 fn= 3 HdrRenderState mRenderHdrSdrRatio=1.0 caller= android.view.SyncRtSurfaceTransactionApplier.applyTransaction:96 android.view.SyncRtSurfaceTransactionApplier.lambda$scheduleApply$0:69 android.view.SyncRtSurfaceTransactionApplier.$r8$lambda$afI4fXg3U3-nBZQEDQMiNy-B06s:0
08-13 16:19:43.192  5777  5777 D ApplicationLoaders: Returning zygote-cached class loader: /system/framework/org.apache.http.legacy.jar
08-13 16:19:43.192  5777  5777 D ApplicationLoaders: Returning zygote-cached class loader: /system_ext/framework/androidx.window.extensions.jar
08-13 16:19:43.192  5777  5777 D ApplicationLoaders: Returning zygote-cached class loader: /system_ext/framework/androidx.window.sidecar.jar
08-13 16:19:43.192  1282  1447 I SurfaceControl: apply, lowDebugName=startRemoteWallpaperAnimation_175682335 CreateStartingRevealAnim, caller=android.view.SurfaceControl$Transaction.apply:3122 android.view.SurfaceControl$Transaction.apply:3078 com.android.server.wm.WindowAnimator.animate:380 com.android.server.wm.WindowAnimator$$ExternalSyntheticLambda1.doFrame:14 android.view.Choreographer$CallbackRecord.run:1749 android.view.Choreographer$CallbackRecord.run:1760
08-13 16:19:43.196  1111  1111 I SurfaceFlinger: [LayerHierarchy{RequestedLayerState{RemoteWallpaperAnim:1:1#7 parentId=233544 z=1} 1 children}] reparent to LayerHierarchy{RequestedLayerState{Surface(name=RemoteWallpaperAnim:1:1)/@0xcc52fc5 - animation-leash of remote_wallpaper#233544 parentId=4} 1 children}
08-13 16:19:43.197  1111  1111 I SurfaceFlinger: [LayerHierarchy{RequestedLayerState{409fe38 com.example.cupcake.test/androidx.test.core.app.InstrumentationActivityInvoker$EmptyActivity#233530 parentId=233545} 1 children}] reparent to LayerHierarchy{RequestedLayerState{Surface(name=409fe38 com.example.cupcake.test/androidx.test.core.app.InstrumentationActivityInvoker$EmptyActivity)/@0x2bc3435 - animation-leash of starting_reveal#233545 parentId=233520} 1 children}
08-13 16:19:43.201  5596  5677 W Settings: Setting always_finish_activities has moved from android.provider.Settings.System to android.provider.Settings.Global, returning read-only value.
08-13 16:19:43.209  2742  1823 I HoneySpace.RecentTasks: onRecentTasksChanged
08-13 16:19:43.212  2127  2937 I VRI[test]@ddf85fa: mWNT: t=0xb400007609469290 mBlastBufferQueue=0xb40000751911ec90 fn= 4 HdrRenderState mRenderHdrSdrRatio=1.0 caller= android.view.SyncRtSurfaceTransactionApplier.applyTransaction:96 android.view.SyncRtSurfaceTransactionApplier.lambda$scheduleApply$0:69 android.view.SyncRtSurfaceTransactionApplier.$r8$lambda$afI4fXg3U3-nBZQEDQMiNy-B06s:0
08-13 16:19:43.214  2742  1823 I HoneySpace.HistoryViewModel@160600677@OneUI: Illegal access. Unknown type. skip load history items
08-13 16:19:43.227  1244 15899 I CameraService: onUidStateChanged: uid=10043, procState is changed. (1 -> 0)
08-13 16:19:43.228  4917  4917 I InputMethodService: scheduleImeSurfaceRemoval: removeImeSurface is posted.
08-13 16:19:43.228  4855  4855 I VRI[]@2d78463: handleResized, frames=ClientWindowFrames{frame=[46,-249][1359,578] display=[-100000,-100000][100000,100000] parentFrame=[0,0][0,0]} displayId=0 dragResizing=false compatScale=1.0 frameChanged=false attachedFrameChanged=false configChanged=false displayChanged=false compatScaleChanged=false dragResizingChanged=false
08-13 16:19:43.229  1282  4370 V GrammaticalInflectionUtils: AttributionSource: AttributionSource { uid = 10418, packageName = null, attributionTag = null, token = android.os.Binder@88f1d92, deviceId = 0, next = null } does not have READ_SYSTEM_GRAMMATICAL_GENDER permission.
08-13 16:19:43.235  1282  1628 V GrammaticalInflectionUtils: AttributionSource: AttributionSource { uid = 10270, packageName = null, attributionTag = null, token = android.os.Binder@88f1d92, deviceId = 0, next = null } does not have READ_SYSTEM_GRAMMATICAL_GENDER permission.
08-13 16:19:43.240  2742  4754 I VRI[LauncherActivity]@3489192: mWNT: t=0xb400007609374b50 mBlastBufferQueue=0xb4000075191a0790 fn= 11 HdrRenderState mRenderHdrSdrRatio=1.0 caller= com.android.systemui.shared.launcher.ViewRootImplCompat.mergeWithNextTransaction:4 com.honeyspace.transition.utils.SurfaceTransactionApplier.scheduleApply$lambda$1:26 com.honeyspace.transition.utils.SurfaceTransactionApplier.b:0
08-13 16:19:43.248  2742  2742 I HoneySpace.RectFAnimation: animateToFinalPosition RectF(172.83319, 863.4899, 907.1668, 2319.1887)
08-13 16:19:43.248  2742  2742 I HoneySpace.RectFAnimation: animateToFinalPosition RectF(317.75763, 1158.407, 762.2424, 1905.2142)
08-13 16:19:43.252  2742  2742 I HoneySpace.TaskListViewModel: onTaskRemoved : 2217
08-13 16:19:43.252  2742  2742 I HoneySpace.TaskListViewModel: onTaskRemoved : 2217
08-13 16:19:43.252  2742  2887 I HoneySpace.TopTaskSource: onTaskFocusChanged(): taskId = 6
08-13 16:19:43.252  2742  2887 I HoneySpace.TopTaskSource: onTaskMovedToFront : taskId = 6, displayId = 0
08-13 16:19:43.252  2742  2742 I HoneySpace.TaskListPot: taskRemoveId, taskId = 2217
08-13 16:19:43.252  2742  2742 I HoneySpace.StackRecentsView: INVALID_TASK_POSITION 2217
08-13 16:19:43.252  2742  2742 I HoneySpace.TaskListViewModel: onTaskRemoved : 2217
08-13 16:19:43.252  2742  2742 I HoneySpace.TaskListViewModel: onTaskRemoved : 2217
08-13 16:19:43.252  2742  2742 I HoneySpace.TaskListPot: taskRemoveId, taskId = 2217
08-13 16:19:43.252  2742  2742 I HoneySpace.StackRecentsView: INVALID_TASK_POSITION 2217
08-13 16:19:43.252  2742  2887 I HoneySpace.TopTaskSource: onTaskRemoved: 2217
08-13 16:19:43.253  2742  2742 I InsetsController: onStateChanged: host=com.sec.android.app.launcher/com.sec.android.app.launcher.activities.LauncherActivity, from=android.view.ViewRootImpl.handleResized:2789, state=InsetsState: {mDisplayFrame=Rect(0, 0 - 1080, 2340), mDisplayCutout=DisplayCutout{insets=Rect(0, 80 - 0, 0) waterfall=Insets{left=0, top=0, right=0, bottom=0} boundingRect={Bounds=[Rect(0, 0 - 0, 0), Rect(511, 0 - 569, 80), Rect(0, 0 - 0, 0), Rect(0, 0 - 0, 0)]} cutoutPathParserInfo={CutoutPathParserInfo{displayWidth=1080 displayHeight=2340 physicalDisplayWidth=1080 physicalDisplayHeight=2340 density={2.8125} cutoutSpec={M 0,0 M 0,7.822222222222222‬‬ a 10.31111111111111‬,10.31111111111111‬ 0 1,0 0,20.62222222222222‬ a 10.31111111111111‬,10.31111111111111‬ 0 1,0 0,-20.62222222222222‬ Z @dp} rotation={0} scale={1.0} physicalPixelDisplaySizeRatio={1.0}}} sideOverrides={}}, mRoundedCorners=RoundedCorners{[RoundedCorner{position=TopLeft, radius=113, center=Point(113, 113)}, RoundedCorner{position=TopRight, radius=113, center=Point(967, 113)}, RoundedCorner{position=BottomRight, radius=113, center=Point(967, 2227)}, RoundedCorner{position=BottomLeft, radius=113, center=Point(113, 2227)}]}  mRoundedCornerFrame=Rect(0, 0 - 1080, 2340), mPrivacyIndicatorBounds=PrivacyIndicatorBounds {static bounds=Rect(956, 0 - 1080, 80) rotation=0}, mDisplayShape=DisplayShape{ spec=-311912193 displayWidth=1080 displayHeight=2340 physicalPixelDisplaySizeRatio=1.0 rotation=0 offsetX=0 offsetY=0 scale=1.0}, mSources= { InsetsSource: {b9640000 mType=statusBars mFrame=[0,0][1080,80] mVisible=true mFlags= mSideHint=TOP mBoundingRects=null}, InsetsSource: {b9640005 mType=mandatorySystemGestures mFrame=[0,0][1080,114] mVisible=true mFlags= mSideHint=TOP mBoundingRects=null}, InsetsSource: {b9640006 mType=tappableElement mFrame=[0,0][1080,80] mVisible=true mFlags= mSideHint=TOP mBoundingRects=null}, InsetsSource: {d8440001 mType=navigationBars mFrame=[0,2298][1080,2340] mVisible=true mFlags=SUPPRESS_SCRIM mSideHint=BOTTOM mBoundingRects=null}, InsetsSource: {d8440004 mType=systemGestures mFrame=[0,0][63,2340] mVisible=true mFlags= mSideHint=LEFT mBoundingRects=null}, InsetsSource: {d8440005 mType=mandatorySystemGestures mFrame=[0,2250][1080,2340] mVisible=true mFlags= mSideHint=BOTTOM mBoundingRects=null}, InsetsSource: {d8440006 mType=tappableElement mFrame=[0,0][0,0] mVisible=true mFlags= mSideHint=NONE mBoundingRects=null}, InsetsSource: {d8440024 mType=systemGestures mFrame=[1017,0][1080,2340] mVisible=true mFlags= mSideHint=RIGHT mBoundingRects=null}, InsetsSource: {3 mType=ime mFrame=[0,0][0,0] mVisible=false mFlags= mSideHint=NONE mBoundingRects=null}, InsetsSource: {27 mType=displayCutout mFrame=[0,0][1080,80] mVisible=true mFlags= mSideHint=TOP mBoundingRects=null} }
08-13 16:19:43.254  2742  2742 I VRI[LauncherActivity]@3489192: handleResized, frames=ClientWindowFrames{frame=[0,0][1080,2340] display=[0,0][1080,2340] parentFrame=[0,0][0,0]} displayId=0 dragResizing=false compatScale=1.0 frameChanged=false attachedFrameChanged=false configChanged=false displayChanged=false compatScaleChanged=false dragResizingChanged=false
08-13 16:19:43.255  2742  2742 I InputMethodManager: startInputInner - IInputMethodManagerGlobalInvoker.startInputOrWindowGainedFocus
08-13 16:19:43.256  2127  2127 I WallpaperService: resized: system, reportDraw=false, forceLayout=false, displayId=0
08-13 16:19:43.256  2127  2127 I VRI[StatusBar]@1c497cd: handleResized, frames=ClientWindowFrames{frame=[0,0][1080,80] display=[0,0][1080,2340] parentFrame=[0,0][0,0]} displayId=0 dragResizing=false compatScale=1.0 frameChanged=false attachedFrameChanged=false configChanged=false displayChanged=false compatScaleChanged=false dragResizingChanged=false
08-13 16:19:43.256  2127  2127 I VRI[NavigationBar0]@9ffebdc: handleResized, frames=ClientWindowFrames{frame=[0,2205][1080,2340] display=[0,0][1080,2340] parentFrame=[0,0][0,0]} displayId=0 dragResizing=false compatScale=1.0 frameChanged=false attachedFrameChanged=false configChanged=false displayChanged=false compatScaleChanged=false dragResizingChanged=false
08-13 16:19:43.256  2127  2436 I WallpaperService: handleResized: which=5, reportDraw=false
08-13 16:19:43.256  2127  2436 I WallpaperService: updateSurface system forceRelayout=true forceReport=false redrawNeeded=false myWidth=-1 myHeight=-1 fixedSize=false x = 0 y = 0 mWidth=-1 mHeight=-1
08-13 16:19:43.256  2127  2436 I WallpaperService: maxBounds : Rect(0, 0 - 1080, 2340) , mDeviceHeight : 2340, mDeviceWidth : 1080,mDeviceRotation  : 0
08-13 16:19:43.256  2127  2436 I WallpaperService: updateSurface: invoke Session.relayout
08-13 16:19:43.256  1111  1223 I SurfaceFlinger: id=233546 createSurf, flag=24004, Task=2219#233546
08-13 16:19:43.259  2742  2742 I HoneySpace.RectFAnimation: animateToFinalPosition RectF(317.75763, 1198.8951, 762.2424, 1945.7024)
08-13 16:19:43.259  2742  2742 I HoneySpace.RectFAnimation: animateToFinalPosition RectF(336.3167, 1235.4172, 743.6833, 1894.4364)
08-13 16:19:43.261  2127  2127 D SystemUIService: SYSUI_RAM_OPTIMIZATION onTrimMemory=20
08-13 16:19:43.261  2127  2127 D CentralSurfaces: SYSUI_RAM_OPTIMIZATION onTrimMemory=20
08-13 16:19:43.263  2742  4755 I VRI[LauncherActivity]@3489192: mWNT: t=0xb4000076093851d0 mBlastBufferQueue=0xb4000075191a0790 fn= 12 HdrRenderState mRenderHdrSdrRatio=1.0 caller= com.android.systemui.shared.launcher.ViewRootImplCompat.mergeWithNextTransaction:4 com.honeyspace.transition.utils.SurfaceTransactionApplier.scheduleApply$lambda$1:26 com.honeyspace.transition.utils.SurfaceTransactionApplier.b:0
08-13 16:19:43.265  1282  2936 I SemDvfsHyPerManager: acquire hyper - AMS_APP_SWITCH/1282@26, type = -999
08-13 16:19:43.266  1062  1149 I HYPER-HAL: [RequestManager.cpp]acquire(): Acquired ID : 856112  [1282 / 26]    HINT : AMS_APP_SWITCH    list :
08-13 16:19:43.266  1062  5776 I HYPER-HAL: [RequestManager.cpp]releaseLocked(): Released ID : 850882
08-13 16:19:43.266  2742  4754 I VRI[LauncherActivity]@3489192: mWNT: t=0xb4000076093533d0 mBlastBufferQueue=0xb4000075191a0790 fn= 13 HdrRenderState mRenderHdrSdrRatio=1.0 caller= com.android.systemui.shared.launcher.ViewRootImplCompat.mergeWithNextTransaction:4 com.honeyspace.transition.utils.SurfaceTransactionApplier.scheduleApply$lambda$1:26 com.honeyspace.transition.utils.SurfaceTransactionApplier.b:0
08-13 16:19:43.266  2742  2742 I HoneySpace.RectFAnimation: animateToFinalPosition RectF(336.3167, 1263.3293, 743.6833, 1922.3485)
08-13 16:19:43.267  2742  2742 I HoneySpace.RectFAnimation: animateToFinalPosition RectF(348.59293, 1286.7402, 731.4071, 1889.4866)
08-13 16:19:43.267  1111  1730 I SurfaceFlinger: id=233547 createSurf, flag=84004, ActivityRecord{80bb2e9 u0 com.example.cupcake/androidx.activity.ComponentActivity t2219}#233547
08-13 16:19:43.268  5777  5777 W droid.apps.maps: Failed to find entry 'classes.dex': Entry not found
08-13 16:19:43.271  5777  5777 W droid.apps.maps: Failed to find entry 'classes.dex': Entry not found
08-13 16:19:43.273  1111  1111 I SurfaceFlinger: [Task=2219#233546] attach to parent LayerHierarchy{RequestedLayerState{DefaultTaskDisplayArea_d0#11 parentId=10} 8 children}
08-13 16:19:43.273  1111  1111 I SurfaceFlinger: [ActivityRecord{80bb2e9 u0 com.example.cupcake/androidx.activity.ComponentActivity t2219}#233547] attach to parent LayerHierarchy{RequestedLayerState{Task=2219#233546 parentId=11} 1 children}
08-13 16:19:43.274  4368  4368 I SemDvfsHyPerManager: acquire hyper - APP_START_SHORT/4368@14, type = -999
08-13 16:19:43.275  5777  5777 W droid.apps.maps: Failed to find entry 'classes.dex': Entry not found
08-13 16:19:43.278  1066  4972 I ExynosC2H264EncComponent: [onUpdateC2Work] got SYNC FRAME
08-13 16:19:43.281  1062  1149 I HYPER-HAL: [RequestManager.cpp]acquire(): Acquired ID : 9603167  [4368 / 14]    HINT : APP_START    list : [TIMEOUT / 1500]
08-13 16:19:43.281  2742  2742 I HoneySpace.RectFAnimation: animateToFinalPosition RectF(348.59293, 1332.3359, 731.4071, 1935.0823)
08-13 16:19:43.281  2742  2742 I HoneySpace.RectFAnimation: animateToFinalPosition RectF(367.7478, 1368.8424, 712.2522, 1883.8381)
08-13 16:19:43.281  2742  4755 I VRI[LauncherActivity]@3489192: mWNT: t=0xb400007609206150 mBlastBufferQueue=0xb4000075191a0790 fn= 14 HdrRenderState mRenderHdrSdrRatio=1.0 caller= com.android.systemui.shared.launcher.ViewRootImplCompat.mergeWithNextTransaction:4 com.honeyspace.transition.utils.SurfaceTransactionApplier.scheduleApply$lambda$1:26 com.honeyspace.transition.utils.SurfaceTransactionApplier.b:0
08-13 16:19:43.281  5777  5777 D nativeloader: Configuring clns-7 for other apk /data/app/~~DtrMh1smNIoFi2BeB1Qqng==/com.google.android.apps.maps-eCM3IQSqWI-MIZ5msIcQxw==/base.apk:/data/app/~~DtrMh1smNIoFi2BeB1Qqng==/com.google.android.apps.maps-eCM3IQSqWI-MIZ5msIcQxw==/split_config.arm64_v8a.apk:/data/app/~~DtrMh1smNIoFi2BeB1Qqng==/com.google.android.apps.maps-eCM3IQSqWI-MIZ5msIcQxw==/split_config.tr.apk:/data/app/~~DtrMh1smNIoFi2BeB1Qqng==/com.google.android.apps.maps-eCM3IQSqWI-MIZ5msIcQxw==/split_config.xxhdpi.apk. target_sdk_version=36, uses_libraries=libOpenCL.so, library_path=/data/app/~~DtrMh1smNIoFi2BeB1Qqng==/com.google.android.apps.maps-eCM3IQSqWI-MIZ5msIcQxw==/lib/arm64:/data/app/~~DtrMh1smNIoFi2BeB1Qqng==/com.google.android.apps.maps-eCM3IQSqWI-MIZ5msIcQxw==/base.apk!/lib/arm64-v8a:/data/app/~~DtrMh1smNIoFi2BeB1Qqng==/com.google.android.apps.maps-eCM3IQSqWI-MIZ5msIcQxw==/split_config.arm64_v8a.apk!/lib/arm64-v8a:/data/app/~~DtrMh1smNIoFi2BeB1Qqng==/com.google.android.apps.maps-eCM3IQSqWI-MIZ5msIcQxw==/split_config.tr.apk!/lib/arm64-v8a:/data
08-13 16:19:43.286  1282  4370 I SemDvfsHyPerManager: acquire hyper - AMS_APP_LAUNCH/1282@21, type = -999
08-13 16:19:43.287  1062  1149 I HYPER-HAL: [RequestManager.cpp]acquire(): Acquired ID : 849577  [1282 / 21]    HINT : AMS_APP_LAUNCH    list :
08-13 16:19:43.286 23813 30394 W FA      : Failed to retrieve Firebase Instance Id
08-13 16:19:43.287  3157  3157 E pageboostd: Received HALT command code 2
08-13 16:19:43.289  4368  4368 I SemDvfsHyPerManager: acquire hyper - APP_START/4368@16, type = -999
08-13 16:19:43.289  1062  1149 I HYPER-HAL: [RequestManager.cpp]acquire(): Acquired ID : 9611936  [4368 / 16]    HINT : APP_START    list :
08-13 16:19:43.294  2742  4754 I VRI[LauncherActivity]@3489192: mWNT: t=0xb400007609260dd0 mBlastBufferQueue=0xb4000075191a0790 fn= 15 HdrRenderState mRenderHdrSdrRatio=1.0 caller= com.android.systemui.shared.launcher.ViewRootImplCompat.mergeWithNextTransaction:4 com.honeyspace.transition.utils.SurfaceTransactionApplier.scheduleApply$lambda$1:26 com.honeyspace.transition.utils.SurfaceTransactionApplier.b:0
08-13 16:19:43.294  2742  2742 I HoneySpace.RectFAnimation: animateToFinalPosition RectF(367.7478, 1407.4006, 712.2522, 1922.3964)
08-13 16:19:43.294  2742  2742 I HoneySpace.RectFAnimation: animateToFinalPosition RectF(383.0818, 1435.9688, 696.9182, 1882.2954)
08-13 16:19:43.294  1282  1696 I ImeTracker: com.sec.android.app.launcher:a3575f37: onRequestHide at ORIGIN_SERVER reason HIDE_UNSPECIFIED_WINDOW fromUser false
08-13 16:19:43.294  1282  1696 I ImeTracker: com.sec.android.app.launcher:a3575f37: onCancelled at PHASE_SERVER_SHOULD_HIDE
08-13 16:19:43.295  2127  2390 D HWUI    : CacheManager::trimMemory(20)
08-13 16:19:43.297  1282  1696 D InputTransport: Input channel constructed: 'ClientS', fd=1060
08-13 16:19:43.298  1282  1696 D InputTransport: Input channel destroyed: 'ClientS', fd=1060
08-13 16:19:43.309  1111  1111 I BpBinder: onLastStrongRef automatically unlinking death recipients:
08-13 16:19:43.309  1111  1223 I SurfaceFlinger: id=233548 createSurf, flag=24004, Surface(name=39a4c69 InputMethod)/@0x97414dd - animation-leash of insets_animation#233548
08-13 16:19:43.309  4917  4917 I HBD     : HoneyBoardService onFinishInput
08-13 16:19:43.309  4917  4917 I HBD     : a IC have been unbinding,  RemoteInputConnection{idHash=#4f63795}
08-13 16:19:43.309  4917  4917 I HBD     : HoneyBoardService [PF_CL][onFinishInput]  0 ms
08-13 16:19:43.310  4917  4917 I HBD     : HoneyBoardService [IMI] onStartInput - caller pid : 2742 , caller uid : 10132
08-13 16:19:43.310  4917  4917 I HBD     : t updateConfigs
08-13 16:19:43.310  4917  4917 I HBD     : t isEnabledNightMode : true
08-13 16:19:43.310  4917  4917 I HBD     : a IC have been binding, RemoteInputConnection{idHash=#40340aa}
08-13 16:19:43.310  4917  4917 I HBD     : g [EditorInputType]setPrivateImeOptionsToTable privateImeOptions ( null )
08-13 16:19:43.310  4917  4917 I HBD     : b incognitoMode : false
08-13 16:19:43.310  4917  4917 I HBD     : b needOff = true , isForceOff = false, isNullInputClass : true
08-13 16:19:43.310  4917  4917 I HBD     : g getDefaultInputRange : UNKNOWN
08-13 16:19:43.310  4917  4917 I HBD     : g getDefaultInputRange : UNKNOWN
08-13 16:19:43.310  4917  4917 I HBD     : g getDefaultInputRange : UNKNOWN
08-13 16:19:43.312  5777  5777 V GraphicsEnvironment: Currently set values for:
08-13 16:19:43.312  5777  5777 V GraphicsEnvironment:   angle_gl_driver_selection_pkgs=[]
08-13 16:19:43.312  5777  5777 V GraphicsEnvironment:   angle_gl_driver_selection_values=[]
08-13 16:19:43.312  5777  5777 V GraphicsEnvironment: Global.Settings values are invalid: number of packages: 0, number of values: 0
08-13 16:19:43.312  5777  5777 V GraphicsEnvironment: Neither updatable production driver nor prerelease driver is supported.
08-13 16:19:43.314  4917  4917 I HBD     : b needOff = true , isForceOff = false, isNullInputClass : true
08-13 16:19:43.314  4917  4917 I HBD     : b update cached prediction status : false
08-13 16:19:43.314  4855  4855 I [SC_ScreenRecorder]_FloatingButtonView: 00:00:10
08-13 16:19:43.314  4917  4917 I HBD     : g getDefaultInputRange : UNKNOWN
08-13 16:19:43.314  4917  4917 I HBD     : a currentState : 0
08-13 16:19:43.315  4917  4917 I HBD     : a [UpdatePolicy] [post] a: 0 cl: 4325376 kit: [0/26] vt: 0 ir: 1
08-13 16:19:43.319  2742  2742 I HoneySpace.CapturedBlurManager: capturedBlurView: pause(25347631)
08-13 16:19:43.319  2742  2742 I HoneySpace.Launcher: !@Boot_EBS_D: Launcher.onPause()
08-13 16:19:43.319  2742  4755 I VRI[LauncherActivity]@3489192: mWNT: t=0xb4000076092d7c10 mBlastBufferQueue=0xb4000075191a0790 fn= 16 HdrRenderState mRenderHdrSdrRatio=1.0 caller= com.android.systemui.shared.launcher.ViewRootImplCompat.mergeWithNextTransaction:4 com.honeyspace.transition.utils.SurfaceTransactionApplier.scheduleApply$lambda$1:26 com.honeyspace.transition.utils.SurfaceTransactionApplier.b:0
08-13 16:19:43.320  2742  2742 I HoneySpace.Launcher: updateLauncherShowing true -> false
08-13 16:19:43.321  2742  1824 I HoneySpace.SPayHandler: updateSpayHandler launcher activity is paused false
08-13 16:19:43.326  2742  2887 I HoneySpace.TopTaskSource: onTaskRemoved: 2217
08-13 16:19:43.328  1111  1111 I SurfaceFlinger: [Surface(name=39a4c69 InputMethod)/@0x97414dd - animation-leash of insets_animation#233548] attach to parent LayerHierarchy{RequestedLayerState{WindowToken{72c0868 type=2011 android.os.Binder@fb66f8b}#121 parentId=16} 2 children}
08-13 16:19:43.331  1282  2477 D InputDispatcher: Focused application(0): ActivityRecord{80bb2e9 u0 com.example.cupcake/androidx.activity.ComponentActivity t2219}
08-13 16:19:43.344  5596  5596 D InputTransport: Input channel destroyed: 'ClientS', fd=144
08-13 16:19:43.345  1282  2823 D GraphicsStatsService: requestRenderEngineFor(com.example.cupcake)
08-13 16:19:43.351 23813 30394 W FA      : Failed to retrieve Firebase Instance Id
08-13 16:19:43.367 23813 30394 W FA      : Failed to retrieve Firebase Instance Id
08-13 16:19:43.371  2742 10793 I HoneySpace.WallpaperAnimator: No callback received
08-13 16:19:43.371  2742 10793 I HoneySpace.WallpaperAnimator: destroyWallpaperSurface null
08-13 16:19:43.378  1282  4371 V WindowManager: Relayout Window{54813d7 u0 Splash Screen com.example.cupcake.test}: viewVisibility=8 req=1080x2340 ty=3 d0
08-13 16:19:43.379  2742  2742 I HoneySpace.RectFAnimation: animateToFinalPosition RectF(383.0818, 1604.5768, 696.9182, 2050.9036)
08-13 16:19:43.379  2742  2742 I HoneySpace.RectFAnimation: animateToFinalPosition RectF(440.7662, 1702.34, 639.23376, 1913.6735)
